2026-09-28T00:29:14.487930357Z des_container: node 1 of 5, LOCAL MODULAR, data supervisor_data_fms.h, transport UDP/IP multicast (RFC 1112)
2026-09-28T00:29:14.487980564Z des_container: EMULATING the ESP32 — every decryption takes at least 69.0 ms (DES_EMU_SCALARMUL_MS)
2026-09-28T00:29:14.487985064Z 
2026-09-28T00:29:14.487987264Z ============================================================
2026-09-28T00:29:14.487989665Z   Distributed Homomorphic DES — generic engine
2026-09-28T00:29:14.487991865Z   node 1/5   family LOCAL MODULAR   7 supervisors   31 events
2026-09-28T00:29:14.487994265Z   data: supervisor_data_fms.h
2026-09-28T00:29:14.487996566Z ============================================================
2026-09-28T00:29:14.488859074Z --- event routing (DERIVED from the header, not hardcoded) ---
2026-09-28T00:29:14.488871275Z   event  ctrl  nodes      owner  class
2026-09-28T00:29:14.488874576Z   11     yes   1          1      local — no network
2026-09-28T00:29:14.488877276Z   12     no    1          1      local — no network
2026-09-28T00:29:14.488879476Z   21     yes   1          1      local — no network
2026-09-28T00:29:14.488882077Z   22     no    1          1      local — no network
2026-09-28T00:29:14.488884077Z   30     no    1 2 3 4 5  1      SHARED — needs network
2026-09-28T00:29:14.488886277Z   31     yes   1 2 3 4 5  1      SHARED — needs network
2026-09-28T00:29:14.488888478Z   32     no    1 2 3 4 5  1      SHARED — needs network
2026-09-28T00:29:14.488890378Z   33     yes   1 2 3 4 5  1      SHARED — needs network
2026-09-28T00:29:14.488892578Z   34     no    1 2 3 4 5  1      SHARED — needs network
2026-09-28T00:29:14.488894778Z   35     yes   1 2 3 4 5  1      SHARED — needs network
2026-09-28T00:29:14.488897279Z   36     no    1 2 3 4 5  1      SHARED — needs network
2026-09-28T00:29:14.488899179Z   37     yes   1 2 3 4 5  1      SHARED — needs network
2026-09-28T00:29:14.488901279Z   38     no    1 2 3 4 5  1      SHARED — needs network
2026-09-28T00:29:14.488903379Z   39     yes   1 2 3 4 5  1      SHARED — needs network
2026-09-28T00:29:14.488905280Z   41     yes   2          2      local — no network
2026-09-28T00:29:14.488907080Z   42     no    2          2      local — no network
2026-09-28T00:29:14.488908980Z   51     yes   3          3      local — no network
2026-09-28T00:29:14.488911180Z   52     no    3          3      local — no network
2026-09-28T00:29:14.488913081Z   53     yes   3          3      local — no network
2026-09-28T00:29:14.488915281Z   54     no    3          3      local — no network
2026-09-28T00:29:14.488917381Z   61     yes   3 4 5      3      SHARED — needs network
2026-09-28T00:29:14.488919881Z   63     yes   3 4 5      3      SHARED — needs network
2026-09-28T00:29:14.488921982Z   64     no    3 4 5      3      SHARED — needs network
2026-09-28T00:29:14.488937084Z   65     yes   3 4 5      3      SHARED — needs network
2026-09-28T00:29:14.488939184Z   66     no    3 4 5      3      SHARED — needs network
2026-09-28T00:29:14.488940484Z   71     yes   5          5      local — no network
2026-09-28T00:29:14.488942284Z   72     no    5          5      local — no network
2026-09-28T00:29:14.488944285Z   73     yes   5          5      local — no network
2026-09-28T00:29:14.488946285Z   74     no    5          5      local — no network
2026-09-28T00:29:14.488948385Z   81     yes   5          5      local — no network
2026-09-28T00:29:14.488950585Z   82     no    5          5      local — no network
2026-09-28T00:29:14.488952786Z   => 15/31 events shared; 16/31 need ZERO network traffic; 14 concern this node
2026-09-28T00:29:14.488955186Z   NOTE controllability was INFERRED from event labels (the header
2026-09-28T00:29:14.488958186Z        does not carry it). Check the 'ctrl' column above; if it is
2026-09-28T00:29:14.488960187Z        wrong, set DES_CONTROLLABLE_MASK explicitly.
2026-09-28T00:29:14.488962187Z 
2026-09-28T00:29:14.488964187Z [init] config fingerprint 6f43d6b9 — every node must print the same
2026-09-28T00:29:14.488966187Z 
2026-09-28T00:29:14.489009793Z [net] UDP multicast 239.192.7.1:5077  ttl=1  frame=44 B
2026-09-28T00:29:14.489018194Z --- crypto self-test ---
2026-09-28T00:29:14.494155339Z   Enc(0)->0 Enc(1)->1                PASS
2026-09-28T00:29:14.494290356Z   Enc(1)+Enc(1)->1 homomorphic OR   PASS
2026-09-28T00:29:14.495130061Z   Enc(0)+Enc(0)->0                  PASS
2026-09-28T00:29:14.495145763Z   curve secp192r1, ciphertext 50 B    PASS
2026-09-28T00:29:14.495329486Z   frame tag HMAC-SHA256/128: 2.2 us, 1-bit tamper caught  PASS
2026-09-28T00:29:14.495341788Z 
2026-09-28T00:29:14.495344688Z --- encrypting my supervisors' initial states ---
2026-09-28T00:29:14.495348589Z [load] S0         idx 0   18 states  12 constraining ev     900 B ciphertext
2026-09-28T00:29:14.495351489Z [load] S1         idx 1   18 states  12 constraining ev     900 B ciphertext
2026-09-28T00:29:16.200215286Z [init] my keypair is mine alone; no ciphertext ever leaves this node
2026-09-28T00:29:16.200273293Z [init] my enablement: 11=1 12=0 21=1 22=0 30=0 31=0 32=0 33=0 34=0 35=1 36=0 37=1 38=0 39=1 41=1 42=1 51=1 52=1 53=1 54=1 61=1 63=1 64=1 65=1 66=1 71=1 72=1 73=1 74=1 81=1 82=1
2026-09-28T00:29:16.200282894Z 
2026-09-28T00:29:16.603755362Z [net] waiting for 4 peer(s).. all present.
2026-09-28T00:29:18.083284806Z 
2026-09-28T00:29:18.083358716Z --- transport round-trip probe (UDP/IP multicast (RFC 1112)) ---
2026-09-28T00:29:18.584456843Z   20 probes: avg 4.69 ms  min 3.61 ms  max 5.30 ms
2026-09-28T00:29:18.584550255Z 
2026-09-28T00:29:18.584560656Z ============================================================
2026-09-28T00:29:18.584565057Z   RUN — SIM_SEQ driver — 5 cycles x 44 steps — LOCAL MODULAR
2026-09-28T00:29:18.584570458Z   columns: cN sNN = cycle/step of MY walk; · = a peer caused this
2026-09-28T00:29:18.584574458Z   'done at': run clock, common to all nodes; a cycle is over at the
2026-09-28T00:29:18.584578659Z   LATEST node's print, machine time (DES_WORK_MS 0) included
2026-09-28T00:29:18.584582359Z ============================================================
2026-09-28T00:29:18.584586260Z 
2026-09-28T00:29:18.584589960Z -- cycle 1/5 --
2026-09-28T00:29:18.726463777Z c1  s0   local  21       141.4 ms HE    2 dec  0 frames
2026-09-28T00:29:18.868235680Z c1  s1   local  11       141.6 ms HE    2 dec  0 frames
2026-09-28T00:29:18.938191365Z c1  s2   local  12        69.9 ms HE    1 dec  0 frames
2026-09-28T00:29:19.084536443Z c1  s3   2pc    31       139.7 ms HE    2 dec  10 frames  + 6.0 ms peer-wait  (seq 1)
2026-09-28T00:29:19.246599495Z c1  s4   notify 32       140.1 ms HE    2 dec  5 frames  + 1.6 ms peer-wait  (seq 2)
2026-09-28T00:29:19.316962131Z c1  s6   local  22        70.0 ms HE    1 dec  0 frames
2026-09-28T00:29:19.681727238Z c1  s8   2pc    33       140.2 ms HE    2 dec  10 frames  + 6.5 ms peer-wait  (seq 3)
2026-09-28T00:29:19.840471573Z c1  s9   notify 34       140.2 ms HE    2 dec  5 frames  + 2.3 ms peer-wait  (seq 4)
2026-09-28T00:29:20.070801398Z c1  s10  2pc    35       140.0 ms HE    2 dec  10 frames  + 6.2 ms peer-wait  (seq 5)
2026-09-28T00:29:20.354174384Z c1  s13  notify 36       139.7 ms HE    2 dec  5 frames  + 1.3 ms peer-wait  (seq 6)
2026-09-28T00:29:20.586454054Z c1  s14  2pc    39       139.7 ms HE    2 dec  10 frames  + 6.6 ms peer-wait  (seq 7)
2026-09-28T00:29:20.951943352Z c1  s16  notify 30       139.7 ms HE    2 dec  5 frames  + 1.5 ms peer-wait  (seq 8)
2026-09-28T00:29:21.022866358Z c1  s25  local  11        70.1 ms HE    1 dec  0 frames
2026-09-28T00:29:21.092020543Z c1  s26  local  21        69.5 ms HE    1 dec  0 frames
2026-09-28T00:29:21.162293968Z c1  s27  local  12        70.0 ms HE    1 dec  0 frames
2026-09-28T00:29:21.754240304Z c1  s28  2pc    31       139.7 ms HE    2 dec  10 frames  + 7.5 ms peer-wait  (seq 9)
2026-09-28T00:29:21.899225811Z c1  s29  notify 32       139.1 ms HE    2 dec  5 frames  + 1.4 ms peer-wait  (seq 10)
2026-09-28T00:29:22.118608661Z c1  s32  2pc    35       139.4 ms HE    2 dec  10 frames  + 6.1 ms peer-wait  (seq 11)
2026-09-28T00:29:33.935487737Z c1  s33  notify 36       139.3 ms HE    2 dec  5 frames  + 1.7 ms peer-wait  (seq 12)
2026-09-28T00:29:34.005620745Z c1  s34  local  22        70.0 ms HE    1 dec  0 frames
2026-09-28T00:29:22.636414388Z c1  s36  2pc    33       139.9 ms HE    2 dec  10 frames  + 4.8 ms peer-wait  (seq 13)
2026-09-28T00:29:22.780793019Z c1  s37  notify 34       139.9 ms HE    2 dec  5 frames  + 1.5 ms peer-wait  (seq 14)
2026-09-28T00:29:23.070457895Z c1  s40  2pc    37       139.9 ms HE    2 dec  10 frames  + 5.8 ms peer-wait  (seq 15)
2026-09-28T00:29:23.214263254Z c1  s41  notify 38       139.9 ms HE    2 dec  5 frames  + 1.5 ms peer-wait  (seq 16)
2026-09-28T00:29:23.214406972Z -- cycle 1/5 done at 4625.1 ms --
2026-09-28T00:29:23.214436076Z 
2026-09-28T00:29:23.214448077Z -- cycle 2/5 --
2026-09-28T00:29:23.284663995Z c2  s0   local  21        69.9 ms HE    1 dec  0 frames
2026-09-28T00:29:23.354676687Z c2  s1   local  11        69.8 ms HE    1 dec  0 frames
2026-09-28T00:29:23.424415245Z c2  s2   local  12        69.6 ms HE    1 dec  0 frames
2026-09-28T00:29:23.570495490Z c2  s3   2pc    31       139.5 ms HE    2 dec  10 frames  + 6.5 ms peer-wait  (seq 17)
2026-09-28T00:29:23.717423441Z c2  s4   notify 32       140.0 ms HE    2 dec  5 frames  + 1.7 ms peer-wait  (seq 18)
2026-09-28T00:29:23.787133495Z c2  s6   local  22        69.8 ms HE    1 dec  0 frames
2026-09-28T00:29:23.934889550Z c2  s8   2pc    33       140.2 ms HE    2 dec  10 frames  + 5.2 ms peer-wait  (seq 19)
2026-09-28T00:29:24.078207048Z c2  s9   notify 34       139.1 ms HE    2 dec  5 frames  + 1.6 ms peer-wait  (seq 20)
2026-09-28T00:29:24.227801834Z c2  s10  2pc    35       139.8 ms HE    2 dec  10 frames  + 5.1 ms peer-wait  (seq 21)
2026-09-28T00:29:24.513218577Z c2  s13  notify 36       139.6 ms HE    2 dec  5 frames  + 1.8 ms peer-wait  (seq 22)
2026-09-28T00:29:24.664480772Z c2  s14  2pc    39       139.8 ms HE    2 dec  10 frames  + 6.5 ms peer-wait  (seq 23)
2026-09-28T00:29:24.888775339Z c2  s16  notify 30       139.9 ms HE    2 dec  5 frames  + 1.5 ms peer-wait  (seq 24)
2026-09-28T00:29:24.959313397Z c2  s25  local  11        70.4 ms HE    1 dec  0 frames
2026-09-28T00:29:25.029424002Z c2  s26  local  21        69.9 ms HE    1 dec  0 frames
2026-09-28T00:29:25.099503702Z c2  s27  local  12        69.7 ms HE    1 dec  0 frames
2026-09-28T00:29:25.538652950Z c2  s28  2pc    31       139.3 ms HE    2 dec  10 frames  + 5.6 ms peer-wait  (seq 25)
2026-09-28T00:29:25.683027881Z c2  s29  notify 32       139.8 ms HE    2 dec  5 frames  + 1.7 ms peer-wait  (seq 26)
2026-09-28T00:29:25.901473713Z c2  s32  2pc    35       140.0 ms HE    2 dec  10 frames  + 6.1 ms peer-wait  (seq 27)
2026-09-28T00:29:26.047506252Z c2  s33  notify 36       140.1 ms HE    2 dec  5 frames  + 2.8 ms peer-wait  (seq 28)
2026-09-28T00:29:26.117736172Z c2  s34  local  22        69.8 ms HE    1 dec  0 frames
2026-09-28T00:29:26.274938913Z c2  s36  2pc    33       139.9 ms HE    2 dec  10 frames  + 5.5 ms peer-wait  (seq 29)
2026-09-28T00:29:26.418965200Z c2  s37  notify 34       139.8 ms HE    2 dec  5 frames  + 1.7 ms peer-wait  (seq 30)
2026-09-28T00:29:26.709085233Z c2  s40  2pc    37       139.7 ms HE    2 dec  10 frames  + 6.3 ms peer-wait  (seq 31)
2026-09-28T00:29:26.855015959Z c2  s41  notify 38       139.7 ms HE    2 dec  5 frames  + 1.5 ms peer-wait  (seq 32)
2026-09-28T00:29:26.855390006Z -- cycle 2/5 done at 8265.6 ms --
2026-09-28T00:29:26.855429411Z 
2026-09-28T00:29:26.855444713Z -- cycle 3/5 --
2026-09-28T00:29:26.924506786Z c3  s0   local  21        69.7 ms HE    1 dec  0 frames
2026-09-28T00:29:26.994922329Z c3  s1   local  11        69.8 ms HE    1 dec  0 frames
2026-09-28T00:29:27.064987727Z c3  s2   local  12        70.0 ms HE    1 dec  0 frames
2026-09-28T00:29:38.878459766Z c3  s3   2pc    31       139.5 ms HE    2 dec  10 frames  + 6.3 ms peer-wait  (seq 33)
2026-09-28T00:29:39.024286479Z c3  s4   notify 32       139.3 ms HE    2 dec  5 frames  + 1.6 ms peer-wait  (seq 34)
2026-09-28T00:29:27.419812110Z c3  s6   local  22        69.7 ms HE    1 dec  0 frames
2026-09-28T00:29:27.567269528Z c3  s8   2pc    33       138.7 ms HE    2 dec  10 frames  + 4.9 ms peer-wait  (seq 35)
2026-09-28T00:29:27.711355622Z c3  s9   notify 34       139.7 ms HE    2 dec  5 frames  + 1.4 ms peer-wait  (seq 36)
2026-09-28T00:29:27.860782687Z c3  s10  2pc    35       139.5 ms HE    2 dec  10 frames  + 4.8 ms peer-wait  (seq 37)
2026-09-28T00:29:28.144451110Z c3  s13  notify 36       139.7 ms HE    2 dec  5 frames  + 1.5 ms peer-wait  (seq 38)
2026-09-28T00:29:28.294770587Z c3  s14  2pc    39       139.6 ms HE    2 dec  10 frames  + 6.0 ms peer-wait  (seq 39)
2026-09-28T00:29:28.517405145Z c3  s16  notify 30       139.7 ms HE    2 dec  5 frames  + 1.7 ms peer-wait  (seq 40)
2026-09-28T00:29:28.587649867Z c3  s25  local  11        69.7 ms HE    1 dec  0 frames
2026-09-28T00:29:28.657701364Z c3  s26  local  21        70.1 ms HE    1 dec  0 frames
2026-09-28T00:29:28.727298004Z c3  s27  local  12        69.3 ms HE    1 dec  0 frames
2026-09-28T00:29:29.171240254Z c3  s28  2pc    31       139.1 ms HE    2 dec  10 frames  + 5.6 ms peer-wait  (seq 41)
2026-09-28T00:29:29.315818210Z c3  s29  notify 32       140.2 ms HE    2 dec  5 frames  + 1.5 ms peer-wait  (seq 42)
2026-09-28T00:29:29.537473745Z c3  s32  2pc    35       140.1 ms HE    2 dec  10 frames  + 6.6 ms peer-wait  (seq 43)
2026-09-28T00:29:29.681830274Z c3  s33  notify 36       139.7 ms HE    2 dec  5 frames  + 1.7 ms peer-wait  (seq 44)
2026-09-28T00:29:29.751568231Z c3  s34  local  22        69.9 ms HE    1 dec  0 frames
2026-09-28T00:29:29.909935919Z c3  s36  2pc    33       139.9 ms HE    2 dec  10 frames  + 6.1 ms peer-wait  (seq 45)
2026-09-28T00:29:30.055089148Z c3  s37  notify 34       139.3 ms HE    2 dec  5 frames  + 1.5 ms peer-wait  (seq 46)
2026-09-28T00:29:30.345853262Z c3  s40  2pc    37       139.7 ms HE    2 dec  10 frames  + 6.1 ms peer-wait  (seq 47)
2026-09-28T00:29:30.491877699Z c3  s41  notify 38       139.7 ms HE    2 dec  5 frames  + 1.4 ms peer-wait  (seq 48)
2026-09-28T00:29:30.492020417Z -- cycle 3/5 done at 11909.7 ms --
2026-09-28T00:29:30.492043720Z 
2026-09-28T00:29:30.492056222Z -- cycle 4/5 --
2026-09-28T00:29:30.562276440Z c4  s0   local  21        70.1 ms HE    1 dec  0 frames
2026-09-28T00:29:30.632313435Z c4  s1   local  11        69.8 ms HE    1 dec  0 frames
2026-09-28T00:29:30.702293923Z c4  s2   local  12        69.8 ms HE    1 dec  0 frames
2026-09-28T00:29:30.848014323Z c4  s3   2pc    31       139.8 ms HE    2 dec  10 frames  + 5.5 ms peer-wait  (seq 49)
2026-09-28T00:29:30.992148423Z c4  s4   notify 32       138.6 ms HE    2 dec  5 frames  + 1.4 ms peer-wait  (seq 50)
2026-09-28T00:29:31.062843801Z c4  s6   local  22        69.8 ms HE    1 dec  0 frames
2026-09-28T00:29:31.209882166Z c4  s8   2pc    33       139.8 ms HE    2 dec  10 frames  + 4.6 ms peer-wait  (seq 51)
2026-09-28T00:29:31.355749584Z c4  s9   notify 34       139.1 ms HE    2 dec  5 frames  + 2.3 ms peer-wait  (seq 52)
2026-09-28T00:29:31.506916768Z c4  s10  2pc    35       139.9 ms HE    2 dec  10 frames  + 5.7 ms peer-wait  (seq 53)
2026-09-28T00:29:31.789866601Z c4  s13  notify 36       139.5 ms HE    2 dec  5 frames  + 1.6 ms peer-wait  (seq 54)
2026-09-28T00:29:31.938089214Z c4  s14  2pc    39       139.6 ms HE    2 dec  10 frames  + 6.6 ms peer-wait  (seq 55)
2026-09-28T00:29:32.160266115Z c4  s16  notify 30       139.6 ms HE    2 dec  5 frames  + 1.5 ms peer-wait  (seq 56)
2026-09-28T00:29:43.904807205Z c4  s25  local  11        69.6 ms HE    1 dec  0 frames
2026-09-28T00:29:43.974322635Z c4  s26  local  21        69.4 ms HE    1 dec  0 frames
2026-09-28T00:29:44.043933477Z c4  s27  local  12        69.5 ms HE    1 dec  0 frames
2026-09-28T00:29:32.811603996Z c4  s28  2pc    31       139.5 ms HE    2 dec  10 frames  + 5.5 ms peer-wait  (seq 57)
2026-09-28T00:29:32.954589452Z c4  s29  notify 32       139.2 ms HE    2 dec  5 frames  + 1.7 ms peer-wait  (seq 58)
2026-09-28T00:29:33.174199130Z c4  s32  2pc    35       140.0 ms HE    2 dec  10 frames  + 6.3 ms peer-wait  (seq 59)
2026-09-28T00:29:33.318806390Z c4  s33  notify 36       139.9 ms HE    2 dec  5 frames  + 1.6 ms peer-wait  (seq 60)
2026-09-28T00:29:33.388541247Z c4  s34  local  22        69.7 ms HE    1 dec  0 frames
2026-09-28T00:29:33.548215199Z c4  s36  2pc    33       140.1 ms HE    2 dec  10 frames  + 7.4 ms peer-wait  (seq 61)
2026-09-28T00:29:33.695335875Z c4  s37  notify 34       139.9 ms HE    2 dec  5 frames  + 1.7 ms peer-wait  (seq 62)
2026-09-28T00:29:33.983025203Z c4  s40  2pc    37       139.5 ms HE    2 dec  10 frames  + 6.2 ms peer-wait  (seq 63)
2026-09-28T00:29:34.127596258Z c4  s41  notify 38       139.8 ms HE    2 dec  5 frames  + 1.7 ms peer-wait  (seq 64)
2026-09-28T00:29:34.127746077Z -- cycle 4/5 done at 15544.3 ms --
2026-09-28T00:29:34.127777181Z 
2026-09-28T00:29:34.127789282Z -- cycle 5/5 --
2026-09-28T00:29:34.197496436Z c5  s0   local  21        69.7 ms HE    1 dec  0 frames
2026-09-28T00:29:34.266992263Z c5  s1   local  11        69.8 ms HE    1 dec  0 frames
2026-09-28T00:29:34.336820432Z c5  s2   local  12        69.6 ms HE    1 dec  0 frames
2026-09-28T00:29:34.481339981Z c5  s3   2pc    31       139.7 ms HE    2 dec  10 frames  + 4.3 ms peer-wait  (seq 65)
2026-09-28T00:29:34.627834078Z c5  s4   notify 32       139.9 ms HE    2 dec  5 frames  + 1.5 ms peer-wait  (seq 66)
2026-09-28T00:29:34.698153708Z c5  s6   local  22        69.8 ms HE    1 dec  0 frames
2026-09-28T00:29:34.849244382Z c5  s8   2pc    33       140.0 ms HE    2 dec  10 frames  + 5.7 ms peer-wait  (seq 67)
2026-09-28T00:29:34.995677071Z c5  s9   notify 34       139.9 ms HE    2 dec  5 frames  + 1.7 ms peer-wait  (seq 68)
2026-09-28T00:29:35.146888760Z c5  s10  2pc    35       140.2 ms HE    2 dec  10 frames  + 5.8 ms peer-wait  (seq 69)
2026-09-28T00:29:35.433238420Z c5  s13  notify 36       139.9 ms HE    2 dec  5 frames  + 2.1 ms peer-wait  (seq 70)
2026-09-28T00:29:35.584023356Z c5  s14  2pc    39       140.0 ms HE    2 dec  10 frames  + 6.3 ms peer-wait  (seq 71)
2026-09-28T00:29:35.806556001Z c5  s16  notify 30       140.0 ms HE    2 dec  5 frames  + 1.7 ms peer-wait  (seq 72)
2026-09-28T00:29:35.876860430Z c5  s25  local  11        70.2 ms HE    1 dec  0 frames
2026-09-28T00:29:35.946870022Z c5  s26  local  21        69.7 ms HE    1 dec  0 frames
2026-09-28T00:29:36.016996128Z c5  s27  local  12        69.9 ms HE    1 dec  0 frames
2026-09-28T00:29:36.460616338Z c5  s28  2pc    31       139.6 ms HE    2 dec  10 frames  + 6.0 ms peer-wait  (seq 73)
2026-09-28T00:29:36.606947614Z c5  s29  notify 32       139.6 ms HE    2 dec  5 frames  + 1.7 ms peer-wait  (seq 74)
2026-09-28T00:29:36.827812351Z c5  s32  2pc    35       139.5 ms HE    2 dec  10 frames  + 6.2 ms peer-wait  (seq 75)
2026-09-28T00:29:36.970870416Z c5  s33  notify 36       139.4 ms HE    2 dec  5 frames  + 1.5 ms peer-wait  (seq 76)
2026-09-28T00:29:37.041558793Z c5  s34  local  22        70.0 ms HE    1 dec  0 frames
2026-09-28T00:29:37.196984311Z c5  s36  2pc    33       139.7 ms HE    2 dec  10 frames  + 6.2 ms peer-wait  (seq 77)
2026-09-28T00:29:49.015521895Z c5  s37  notify 34       139.4 ms HE    2 dec  5 frames  + 1.7 ms peer-wait  (seq 78)
2026-09-28T00:29:37.634298600Z c5  s40  2pc    37       139.4 ms HE    2 dec  10 frames  + 4.9 ms peer-wait  (seq 79)
2026-09-28T00:29:37.778660229Z c5  s41  notify 38       139.7 ms HE    2 dec  5 frames  + 1.8 ms peer-wait  (seq 80)
2026-09-28T00:29:37.778790045Z -- cycle 5/5 done at 19191.8 ms --
2026-09-28T00:29:37.778812248Z 
2026-09-28T00:29:37.778825250Z ============================================================
2026-09-28T00:29:37.778836951Z   SUMMARY — node 1/5 — LOCAL MODULAR — UDP/IP multicast (RFC 1112)
2026-09-28T00:29:37.778850853Z ============================================================
2026-09-28T00:29:37.778864254Z   events this node FIRED:
2026-09-28T00:29:37.778876556Z   local (no network)     n=40   avg    73.61 ms  (HE   73.40 + net    0.00)  min   69.49  max   141.79   20.4%
2026-09-28T00:29:37.779279707Z   shared controllable    n=40   avg   145.79 ms  (HE  139.73 + net    5.90)  min  143.65  max   147.71   40.4%
2026-09-28T00:29:37.779334914Z   shared uncontroll.     n=40   avg   141.49 ms  (HE  139.66 + net    1.66)  min  140.01  max   143.36   39.2%
2026-09-28T00:29:37.779353716Z   events this node APPLIED for a peer (participant side):
2026-09-28T00:29:37.779365817Z   shared, applied              (none on this node)
2026-09-28T00:29:37.779376619Z   sync-wait (peers reaching a shared step): n=80 avg 59.43 ms, 4.8 s total
2026-09-28T00:29:37.779388420Z      not protocol cost — the plant catching up; kept out of the rows above
2026-09-28T00:29:37.779400022Z   run clock, end of cycles 1..5 (ms): 4625.1 8265.6 11909.7 15544.3 19191.8
2026-09-28T00:29:37.779410423Z      a cycle is over at the LATEST node's value; DES_WORK_MS 0 included
2026-09-28T00:29:37.779417524Z   ----------------------------------------------------------
2026-09-28T00:29:37.779424425Z   all events            n=120  avg   120.30 ms  (HE  117.60 + net    2.52)
2026-09-28T00:29:37.779431126Z   PEER-WAIT + WIRE      2.1 % of total step time
2026-09-28T00:29:37.779437526Z      (compare against the round-trip probe above: the excess is
2026-09-28T00:29:37.779444027Z       the peer's own HE work, not the link.)
2026-09-28T00:29:37.779450428Z   frames: tx=155 rx=1165 retransmits=0
2026-09-28T00:29:37.779457129Z   authentication: HMAC-SHA256/128, 2.2 us per frame; 0 rejected (bad tag), 0 stale/replayed dropped, 4 epoch challenges
2026-09-28T00:29:37.779464330Z   rx queue: peak 7/64 frames
2026-09-28T00:29:37.779471031Z   plant check: 0 event reports rejected as physically impossible
2026-09-28T00:29:37.779477732Z      (these supervisors carry the plant: an impossible uncontrollable event is caught)
2026-09-28T00:29:37.779484632Z   ----------------------------------------------------------
2026-09-28T00:29:37.779491133Z   homomorphic vs cleartext oracle : PASS — every encrypted bit matched
2026-09-28T00:29:37.779497734Z      (PASS certifies the cryptography: each node's encrypted bits
2026-09-28T00:29:37.779504235Z       match its own clear model for the events it applied. It does
2026-09-28T00:29:37.779519237Z       not certify the distributed run — read the skips for that.)
2026-09-28T00:29:37.779526838Z   distributed vs MONOLITHIC sup.  : off — this header has no monolithic supervisor
2026-09-28T00:29:37.779533939Z   safe halt                       : no — ran to completion
2026-09-28T00:29:37.779540939Z ============================================================
2026-09-28T00:29:47.792775433Z @@RESULT {"node":1,"nodes":5,"family":"LOCAL MODULAR","data":"supervisor_data_fms.h","transport":"UDP/IP multicast (RFC 1112)","fingerprint":"6f43d6b9","supervisors":["S0","S1"],"fired":{"local":40,"ctrl":40,"unctrl":40},"applied_for_peers":0,"skips":0,"impossible":0,"tx":155,"rx":1176,"retx":0,"auth_bad":0,"replays":0,"challenges":4,"mac_us":2.17,"rxq_peak":7,"rxq_drops":0,"sync_wait_ms":4754.7,"oracle":"PASS","safe_halt":false,"halt_reason":"","cycle_end_ms":[4625.1,8265.6,11909.7,15544.3,19191.8],"rounds":5,"work_ms":0,"emu_scalarmul_ms":69.0,"exit":0}
