2026-09-28T00:29:14.629231002Z des_container: node 2 of 5, LOCAL MODULAR, data supervisor_data_fms.h, transport UDP/IP multicast (RFC 1112)
2026-09-28T00:29:14.629282708Z des_container: EMULATING the ESP32 — every decryption takes at least 69.0 ms (DES_EMU_SCALARMUL_MS)
2026-09-28T00:29:14.629286709Z 
2026-09-28T00:29:14.629289009Z ============================================================
2026-09-28T00:29:14.629291209Z   Distributed Homomorphic DES — generic engine
2026-09-28T00:29:14.629293510Z   node 2/5   family LOCAL MODULAR   7 supervisors   31 events
2026-09-28T00:29:14.629295910Z   data: supervisor_data_fms.h
2026-09-28T00:29:14.629299710Z ============================================================
2026-09-28T00:29:14.630161719Z --- event routing (DERIVED from the header, not hardcoded) ---
2026-09-28T00:29:14.630177521Z   event  ctrl  nodes      owner  class
2026-09-28T00:29:14.630180521Z   11     yes   1          1      local — no network
2026-09-28T00:29:14.630183121Z   12     no    1          1      local — no network
2026-09-28T00:29:14.630185322Z   21     yes   1          1      local — no network
2026-09-28T00:29:14.630187322Z   22     no    1          1      local — no network
2026-09-28T00:29:14.630189622Z   30     no    1 2 3 4 5  1      SHARED — needs network
2026-09-28T00:29:14.630191822Z   31     yes   1 2 3 4 5  1      SHARED — needs network
2026-09-28T00:29:14.630193723Z   32     no    1 2 3 4 5  1      SHARED — needs network
2026-09-28T00:29:14.630195023Z   33     yes   1 2 3 4 5  1      SHARED — needs network
2026-09-28T00:29:14.630196223Z   34     no    1 2 3 4 5  1      SHARED — needs network
2026-09-28T00:29:14.630197423Z   35     yes   1 2 3 4 5  1      SHARED — needs network
2026-09-28T00:29:14.630198623Z   36     no    1 2 3 4 5  1      SHARED — needs network
2026-09-28T00:29:14.630199923Z   37     yes   1 2 3 4 5  1      SHARED — needs network
2026-09-28T00:29:14.630201224Z   38     no    1 2 3 4 5  1      SHARED — needs network
2026-09-28T00:29:14.630202524Z   39     yes   1 2 3 4 5  1      SHARED — needs network
2026-09-28T00:29:14.630203724Z   41     yes   2          2      local — no network
2026-09-28T00:29:14.630205424Z   42     no    2          2      local — no network
2026-09-28T00:29:14.630206624Z   51     yes   3          3      local — no network
2026-09-28T00:29:14.630207924Z   52     no    3          3      local — no network
2026-09-28T00:29:14.630209125Z   53     yes   3          3      local — no network
2026-09-28T00:29:14.630210725Z   54     no    3          3      local — no network
2026-09-28T00:29:14.630212025Z   61     yes   3 4 5      3      SHARED — needs network
2026-09-28T00:29:14.630213325Z   63     yes   3 4 5      3      SHARED — needs network
2026-09-28T00:29:14.630214525Z   64     no    3 4 5      3      SHARED — needs network
2026-09-28T00:29:14.630232027Z   65     yes   3 4 5      3      SHARED — needs network
2026-09-28T00:29:14.630235028Z   66     no    3 4 5      3      SHARED — needs network
2026-09-28T00:29:14.630237228Z   71     yes   5          5      local — no network
2026-09-28T00:29:14.630239328Z   72     no    5          5      local — no network
2026-09-28T00:29:14.630241529Z   73     yes   5          5      local — no network
2026-09-28T00:29:14.630243829Z   74     no    5          5      local — no network
2026-09-28T00:29:14.630245929Z   81     yes   5          5      local — no network
2026-09-28T00:29:14.630247729Z   82     no    5          5      local — no network
2026-09-28T00:29:14.630249130Z   => 15/31 events shared; 16/31 need ZERO network traffic; 12 concern this node
2026-09-28T00:29:14.630251130Z   NOTE controllability was INFERRED from event labels (the header
2026-09-28T00:29:14.630253730Z        does not carry it). Check the 'ctrl' column above; if it is
2026-09-28T00:29:14.630255130Z        wrong, set DES_CONTROLLABLE_MASK explicitly.
2026-09-28T00:29:14.630256331Z 
2026-09-28T00:29:14.630257631Z [init] config fingerprint 6f43d6b9 — every node must print the same
2026-09-28T00:29:14.630258931Z 
2026-09-28T00:29:14.630397948Z [net] UDP multicast 239.192.7.1:5077  ttl=1  frame=44 B
2026-09-28T00:29:14.630408450Z --- crypto self-test ---
2026-09-28T00:29:14.633539943Z   Enc(0)->0 Enc(1)->1                PASS
2026-09-28T00:29:14.634951920Z   Enc(1)+Enc(1)->1 homomorphic OR   PASS
2026-09-28T00:29:14.635839332Z   Enc(0)+Enc(0)->0                  PASS
2026-09-28T00:29:14.635862134Z   curve secp192r1, ciphertext 50 B    PASS
2026-09-28T00:29:14.636398002Z   frame tag HMAC-SHA256/128: 4.6 us, 1-bit tamper caught  PASS
2026-09-28T00:29:14.636411804Z 
2026-09-28T00:29:14.636414504Z --- encrypting my supervisors' initial states ---
2026-09-28T00:29:14.636416804Z [load] S2         idx 2   18 states  12 constraining ev     900 B ciphertext
2026-09-28T00:29:15.488356491Z [init] my keypair is mine alone; no ciphertext ever leaves this node
2026-09-28T00:29:15.488424499Z [init] my enablement: 11=1 12=1 21=1 22=1 30=0 31=1 32=0 33=1 34=0 35=0 36=0 37=1 38=0 39=1 41=0 42=0 51=1 52=1 53=1 54=1 61=1 63=1 64=1 65=1 66=1 71=1 72=1 73=1 74=1 81=1 82=1
2026-09-28T00:29:15.488433500Z 
2026-09-28T00:29:16.493206079Z [net] waiting for 4 peer(s)..... all present.
2026-09-28T00:29:17.975171329Z 
2026-09-28T00:29:17.975251139Z ============================================================
2026-09-28T00:29:17.975261941Z   RUN — SIM_SEQ driver — 5 cycles x 44 steps — LOCAL MODULAR
2026-09-28T00:29:17.975270342Z   columns: cN sNN = cycle/step of MY walk; · = a peer caused this
2026-09-28T00:29:17.975489369Z   'done at': run clock, common to all nodes; a cycle is over at the
2026-09-28T00:29:17.975508772Z   LATEST node's print, machine time (DES_WORK_MS 0) included
2026-09-28T00:29:17.975515173Z ============================================================
2026-09-28T00:29:17.975521473Z 
2026-09-28T00:29:17.975526974Z -- cycle 1/5 --
2026-09-28T00:29:18.940665676Z     ·     vote   31    YES to node 1          (seq 1)
2026-09-28T00:29:19.015379759Z     ·     apply  31        69.7 ms HE    1 dec  from node 1  (seq 1)
2026-09-28T00:29:19.177018257Z     ·     apply  32        69.6 ms HE    1 dec  from node 1  (seq 2)
2026-09-28T00:29:19.248890683Z c1  s5   local  41        69.7 ms HE    1 dec  0 frames
2026-09-28T00:29:19.319119302Z c1  s7   local  42        69.6 ms HE    1 dec  0 frames
2026-09-28T00:29:19.537525430Z     ·     vote   33    YES to node 1          (seq 3)
2026-09-28T00:29:19.609211332Z     ·     apply  33        69.6 ms HE    1 dec  from node 1  (seq 3)
2026-09-28T00:29:19.768821976Z     ·     apply  34        69.6 ms HE    1 dec  from node 1  (seq 4)
2026-09-28T00:29:19.926969136Z     ·     vote   35    YES to node 1          (seq 5)
2026-09-28T00:29:19.999125397Z     ·     apply  35        69.6 ms HE    1 dec  from node 1  (seq 5)
2026-09-28T00:29:20.286170944Z     ·     apply  36        69.6 ms HE    1 dec  from node 1  (seq 6)
2026-09-28T00:29:20.440538530Z     ·     vote   39    YES to node 1          (seq 7)
2026-09-28T00:29:20.515584054Z     ·     apply  39        69.8 ms HE    1 dec  from node 1  (seq 7)
2026-09-28T00:29:20.884084430Z     ·     apply  30        69.8 ms HE    1 dec  from node 1  (seq 8)
2026-09-28T00:29:21.609560235Z     ·     vote   31    YES to node 1          (seq 9)
2026-09-28T00:29:21.684625662Z     ·     apply  31        69.7 ms HE    1 dec  from node 1  (seq 9)
2026-09-28T00:29:21.831391693Z     ·     apply  32        69.6 ms HE    1 dec  from node 1  (seq 10)
2026-09-28T00:29:21.902765256Z c1  s30  local  41        69.4 ms HE    1 dec  0 frames
2026-09-28T00:29:21.973480236Z c1  s31  local  42        69.7 ms HE    1 dec  0 frames
2026-09-28T00:29:21.976151572Z     ·     vote   35    YES to node 1          (seq 11)
2026-09-28T00:29:22.049249851Z     ·     apply  35        69.7 ms HE    1 dec  from node 1  (seq 11)
2026-09-28T00:29:33.865894298Z     ·     apply  36        69.5 ms HE    1 dec  from node 1  (seq 12)
2026-09-28T00:29:22.493221506Z     ·     vote   33    YES to node 1          (seq 13)
2026-09-28T00:29:22.565784218Z     ·     apply  33        69.5 ms HE    1 dec  from node 1  (seq 13)
2026-09-28T00:29:22.710796929Z     ·     apply  34        69.8 ms HE    1 dec  from node 1  (seq 14)
2026-09-28T00:29:22.926570426Z     ·     vote   37    YES to node 1          (seq 15)
2026-09-28T00:29:22.999567993Z     ·     apply  37        69.7 ms HE    1 dec  from node 1  (seq 15)
2026-09-28T00:29:23.143529971Z     ·     apply  38        69.7 ms HE    1 dec  from node 1  (seq 16)
2026-09-28T00:29:23.145974278Z -- cycle 1/5 done at 4579.7 ms --
2026-09-28T00:29:23.146046787Z 
2026-09-28T00:29:23.146059689Z -- cycle 2/5 --
2026-09-28T00:29:23.426219972Z     ·     vote   31    YES to node 1          (seq 17)
2026-09-28T00:29:23.501810364Z     ·     apply  31        69.7 ms HE    1 dec  from node 1  (seq 17)
2026-09-28T00:29:23.646395421Z     ·     apply  32        69.9 ms HE    1 dec  from node 1  (seq 18)
2026-09-28T00:29:23.718760309Z c2  s5   local  41        69.8 ms HE    1 dec  0 frames
2026-09-28T00:29:23.788309143Z c2  s7   local  42        69.5 ms HE    1 dec  0 frames
2026-09-28T00:29:23.791330922Z     ·     vote   33    YES to node 1          (seq 19)
2026-09-28T00:29:23.864245479Z     ·     apply  33        69.7 ms HE    1 dec  from node 1  (seq 19)
2026-09-28T00:29:24.007676391Z     ·     apply  34        69.4 ms HE    1 dec  from node 1  (seq 20)
2026-09-28T00:29:24.085111615Z     ·     vote   35    YES to node 1          (seq 21)
2026-09-28T00:29:24.158027172Z     ·     apply  35        69.7 ms HE    1 dec  from node 1  (seq 21)
2026-09-28T00:29:24.444859692Z     ·     apply  36        70.1 ms HE    1 dec  from node 1  (seq 22)
2026-09-28T00:29:24.521528220Z     ·     vote   39    YES to node 1          (seq 23)
2026-09-28T00:29:24.594367067Z     ·     apply  39        70.0 ms HE    1 dec  from node 1  (seq 23)
2026-09-28T00:29:24.819504940Z     ·     apply  30        69.7 ms HE    1 dec  from node 1  (seq 24)
2026-09-28T00:29:25.396523602Z     ·     vote   31    YES to node 1          (seq 25)
2026-09-28T00:29:25.469238033Z     ·     apply  31        69.6 ms HE    1 dec  from node 1  (seq 25)
2026-09-28T00:29:25.612058869Z     ·     apply  32        69.8 ms HE    1 dec  from node 1  (seq 26)
2026-09-28T00:29:25.684348947Z c2  s30  local  41        69.7 ms HE    1 dec  0 frames
2026-09-28T00:29:25.754259626Z c2  s31  local  42        69.8 ms HE    1 dec  0 frames
2026-09-28T00:29:25.757354315Z     ·     vote   35    YES to node 1          (seq 27)
2026-09-28T00:29:25.832517654Z     ·     apply  35        69.8 ms HE    1 dec  from node 1  (seq 27)
2026-09-28T00:29:25.975290683Z     ·     apply  36        70.1 ms HE    1 dec  from node 1  (seq 28)
2026-09-28T00:29:26.131174459Z     ·     vote   33    YES to node 1          (seq 29)
2026-09-28T00:29:26.204192929Z     ·     apply  33        69.9 ms HE    1 dec  from node 1  (seq 29)
2026-09-28T00:29:26.349381462Z     ·     apply  34        69.7 ms HE    1 dec  from node 1  (seq 30)
2026-09-28T00:29:26.566030968Z     ·     vote   37    YES to node 1          (seq 31)
2026-09-28T00:29:26.638416159Z     ·     apply  37        69.6 ms HE    1 dec  from node 1  (seq 31)
2026-09-28T00:29:26.784810743Z     ·     apply  38        69.6 ms HE    1 dec  from node 1  (seq 32)
2026-09-28T00:29:26.787258550Z -- cycle 2/5 done at 8221.2 ms --
2026-09-28T00:29:26.787320458Z 
2026-09-28T00:29:26.787331759Z -- cycle 3/5 --
2026-09-28T00:29:27.067381328Z     ·     vote   31    YES to node 1          (seq 33)
2026-09-28T00:29:27.142380946Z     ·     apply  31        69.9 ms HE    1 dec  from node 1  (seq 33)
2026-09-28T00:29:38.955466437Z     ·     apply  32        69.5 ms HE    1 dec  from node 1  (seq 34)
2026-09-28T00:29:39.028009247Z c3  s5   local  41        69.6 ms HE    1 dec  0 frames
2026-09-28T00:29:27.423332152Z c3  s7   local  42        69.7 ms HE    1 dec  0 frames
2026-09-28T00:29:27.426219014Z     ·     vote   33    YES to node 1          (seq 35)
2026-09-28T00:29:27.497678888Z     ·     apply  33        69.2 ms HE    1 dec  from node 1  (seq 35)
2026-09-28T00:29:27.642133429Z     ·     apply  34        69.8 ms HE    1 dec  from node 1  (seq 36)
2026-09-28T00:29:27.717556801Z     ·     vote   35    YES to node 1          (seq 37)
2026-09-28T00:29:27.789587146Z     ·     apply  35        69.5 ms HE    1 dec  from node 1  (seq 37)
2026-09-28T00:29:28.075895501Z     ·     apply  36        69.7 ms HE    1 dec  from node 1  (seq 38)
2026-09-28T00:29:28.151308371Z     ·     vote   39    YES to node 1          (seq 39)
2026-09-28T00:29:28.226324492Z     ·     apply  39        69.7 ms HE    1 dec  from node 1  (seq 39)
2026-09-28T00:29:28.448974552Z     ·     apply  30        69.9 ms HE    1 dec  from node 1  (seq 40)
2026-09-28T00:29:29.028317206Z     ·     vote   31    YES to node 1          (seq 41)
2026-09-28T00:29:29.100661791Z     ·     apply  31        69.3 ms HE    1 dec  from node 1  (seq 41)
2026-09-28T00:29:29.245613494Z     ·     apply  32        69.9 ms HE    1 dec  from node 1  (seq 42)
2026-09-28T00:29:29.317583432Z c3  s30  local  41        69.6 ms HE    1 dec  0 frames
2026-09-28T00:29:29.388167296Z c3  s31  local  42        70.2 ms HE    1 dec  0 frames
2026-09-28T00:29:29.393734295Z     ·     vote   35    YES to node 1          (seq 43)
2026-09-28T00:29:29.468477181Z     ·     apply  35        69.7 ms HE    1 dec  from node 1  (seq 43)
2026-09-28T00:29:29.612140722Z     ·     apply  36        69.5 ms HE    1 dec  from node 1  (seq 44)
2026-09-28T00:29:29.766201669Z     ·     vote   33    YES to node 1          (seq 45)
2026-09-28T00:29:29.839196336Z     ·     apply  33        69.9 ms HE    1 dec  from node 1  (seq 45)
2026-09-28T00:29:29.988472482Z     ·     apply  34        69.6 ms HE    1 dec  from node 1  (seq 46)
2026-09-28T00:29:30.202336039Z     ·     vote   37    YES to node 1          (seq 47)
2026-09-28T00:29:30.275321204Z     ·     apply  37        69.8 ms HE    1 dec  from node 1  (seq 47)
2026-09-28T00:29:30.423732042Z     ·     apply  38        69.6 ms HE    1 dec  from node 1  (seq 48)
2026-09-28T00:29:30.425431155Z -- cycle 3/5 done at 11866.6 ms --
2026-09-28T00:29:30.425486462Z 
2026-09-28T00:29:30.425503764Z -- cycle 4/5 --
2026-09-28T00:29:30.703630091Z     ·     vote   31    YES to node 1          (seq 49)
2026-09-28T00:29:30.779084367Z     ·     apply  31        70.0 ms HE    1 dec  from node 1  (seq 49)
2026-09-28T00:29:30.922442470Z     ·     apply  32        69.2 ms HE    1 dec  from node 1  (seq 50)
2026-09-28T00:29:30.994196180Z c4  s5   local  41        69.3 ms HE    1 dec  0 frames
2026-09-28T00:29:31.063926237Z c4  s7   local  42        69.4 ms HE    1 dec  0 frames
2026-09-28T00:29:31.066727589Z     ·     vote   33    YES to node 1          (seq 51)
2026-09-28T00:29:31.138696627Z     ·     apply  33        69.6 ms HE    1 dec  from node 1  (seq 51)
2026-09-28T00:29:31.286611902Z     ·     apply  34        69.6 ms HE    1 dec  from node 1  (seq 52)
2026-09-28T00:29:31.363360640Z     ·     vote   35    YES to node 1          (seq 53)
2026-09-28T00:29:31.436344705Z     ·     apply  35        69.9 ms HE    1 dec  from node 1  (seq 53)
2026-09-28T00:29:31.721178575Z     ·     apply  36        69.6 ms HE    1 dec  from node 1  (seq 54)
2026-09-28T00:29:31.794432474Z     ·     vote   39    YES to node 1          (seq 55)
2026-09-28T00:29:31.869850245Z     ·     apply  39        69.8 ms HE    1 dec  from node 1  (seq 55)
2026-09-28T00:29:32.091693104Z     ·     apply  30        69.7 ms HE    1 dec  from node 1  (seq 56)
2026-09-28T00:29:32.667579109Z     ·     vote   31    YES to node 1          (seq 57)
2026-09-28T00:29:32.742809757Z     ·     apply  31        69.9 ms HE    1 dec  from node 1  (seq 57)
2026-09-28T00:29:32.885187136Z     ·     apply  32        70.0 ms HE    1 dec  from node 1  (seq 58)
2026-09-28T00:29:32.956486890Z c4  s30  local  41        69.5 ms HE    1 dec  0 frames
2026-09-28T00:29:33.026826023Z c4  s31  local  42        69.7 ms HE    1 dec  0 frames
2026-09-28T00:29:33.029976019Z     ·     vote   35    YES to node 1          (seq 59)
2026-09-28T00:29:33.105095052Z     ·     apply  35        69.7 ms HE    1 dec  from node 1  (seq 59)
2026-09-28T00:29:33.249215751Z     ·     apply  36        69.9 ms HE    1 dec  from node 1  (seq 60)
2026-09-28T00:29:33.402281973Z     ·     vote   33    YES to node 1          (seq 61)
2026-09-28T00:29:33.477389805Z     ·     apply  33        69.8 ms HE    1 dec  from node 1  (seq 61)
2026-09-28T00:29:33.626019070Z     ·     apply  34        69.6 ms HE    1 dec  from node 1  (seq 62)
2026-09-28T00:29:33.840682427Z     ·     vote   37    YES to node 1          (seq 63)
2026-09-28T00:29:33.912920199Z     ·     apply  37        69.8 ms HE    1 dec  from node 1  (seq 63)
2026-09-28T00:29:34.057635472Z     ·     apply  38        69.8 ms HE    1 dec  from node 1  (seq 64)
2026-09-28T00:29:34.059875153Z -- cycle 4/5 done at 15500.1 ms --
2026-09-28T00:29:34.059927060Z 
2026-09-28T00:29:34.059937361Z -- cycle 5/5 --
2026-09-28T00:29:34.337442410Z     ·     vote   31    YES to node 1          (seq 65)
2026-09-28T00:29:34.410261555Z     ·     apply  31        69.7 ms HE    1 dec  from node 1  (seq 65)
2026-09-28T00:29:34.558939526Z     ·     apply  32        69.8 ms HE    1 dec  from node 1  (seq 66)
2026-09-28T00:29:34.631249607Z c5  s5   local  41        69.7 ms HE    1 dec  0 frames
2026-09-28T00:29:34.701324807Z c5  s7   local  42        69.7 ms HE    1 dec  0 frames
2026-09-28T00:29:34.704331784Z     ·     vote   33    YES to node 1          (seq 67)
2026-09-28T00:29:34.779810163Z     ·     apply  33        69.7 ms HE    1 dec  from node 1  (seq 67)
2026-09-28T00:29:34.925340638Z     ·     apply  34        69.9 ms HE    1 dec  from node 1  (seq 68)
2026-09-28T00:29:35.003289527Z     ·     vote   35    YES to node 1          (seq 69)
2026-09-28T00:29:35.075827937Z     ·     apply  35        69.7 ms HE    1 dec  from node 1  (seq 69)
2026-09-28T00:29:35.363167621Z     ·     apply  36        69.7 ms HE    1 dec  from node 1  (seq 70)
2026-09-28T00:29:35.440555739Z     ·     vote   39    YES to node 1          (seq 71)
2026-09-28T00:29:35.512610688Z     ·     apply  39        69.8 ms HE    1 dec  from node 1  (seq 71)
2026-09-28T00:29:35.736670225Z     ·     apply  30        69.8 ms HE    1 dec  from node 1  (seq 72)
2026-09-28T00:29:36.317465261Z     ·     vote   31    YES to node 1          (seq 73)
2026-09-28T00:29:36.390449227Z     ·     apply  31        69.7 ms HE    1 dec  from node 1  (seq 73)
2026-09-28T00:29:36.538448312Z     ·     apply  32        70.2 ms HE    1 dec  from node 1  (seq 74)
2026-09-28T00:29:36.610648579Z c5  s30  local  41        69.7 ms HE    1 dec  0 frames
2026-09-28T00:29:36.681383462Z c5  s31  local  42        70.1 ms HE    1 dec  0 frames
2026-09-28T00:29:36.684613868Z     ·     vote   35    YES to node 1          (seq 75)
2026-09-28T00:29:36.757387107Z     ·     apply  35        69.8 ms HE    1 dec  from node 1  (seq 75)
2026-09-28T00:29:36.901729033Z     ·     apply  36        69.7 ms HE    1 dec  from node 1  (seq 76)
2026-09-28T00:29:37.053757025Z     ·     vote   33    YES to node 1          (seq 77)
2026-09-28T00:29:37.126131413Z     ·     apply  33        69.6 ms HE    1 dec  from node 1  (seq 77)
2026-09-28T00:29:48.946623943Z     ·     apply  34        69.7 ms HE    1 dec  from node 1  (seq 78)
2026-09-28T00:29:37.491449061Z     ·     vote   37    YES to node 1          (seq 79)
2026-09-28T00:29:37.563715436Z     ·     apply  37        69.6 ms HE    1 dec  from node 1  (seq 79)
2026-09-28T00:29:37.708171077Z     ·     apply  38        69.7 ms HE    1 dec  from node 1  (seq 80)
2026-09-28T00:29:37.710647688Z -- cycle 5/5 done at 19146.8 ms --
2026-09-28T00:29:37.710754701Z 
2026-09-28T00:29:37.710773804Z ============================================================
2026-09-28T00:29:37.710786805Z   SUMMARY — node 2/5 — LOCAL MODULAR — UDP/IP multicast (RFC 1112)
2026-09-28T00:29:37.710800007Z ============================================================
2026-09-28T00:29:37.710810308Z   events this node FIRED:
2026-09-28T00:29:37.710822010Z   local (no network)     n=20   avg    69.84 ms  (HE   69.68 + net    0.00)  min   69.36  max    70.43  100.0%
2026-09-28T00:29:37.710833711Z   shared controllable          (none on this node)
2026-09-28T00:29:37.710844413Z   shared uncontroll.           (none on this node)
2026-09-28T00:29:37.710858114Z   events this node APPLIED for a peer (participant side):
2026-09-28T00:29:37.710865715Z   shared, applied        n=80   avg    69.72 ms  (HE   69.72 + net    0.00)  min   69.23  max    70.17
2026-09-28T00:29:37.710873016Z   run clock, end of cycles 1..5 (ms): 4579.7 8221.2 11866.6 15500.1 19146.8
2026-09-28T00:29:37.710879817Z      a cycle is over at the LATEST node's value; DES_WORK_MS 0 included
2026-09-28T00:29:37.710886318Z   ----------------------------------------------------------
2026-09-28T00:29:37.710893319Z   all events            n=20   avg    69.84 ms  (HE   69.68 + net    0.00)
2026-09-28T00:29:37.710900120Z   PEER-WAIT + WIRE      0.0 % of total step time
2026-09-28T00:29:37.710908521Z      (compare against the round-trip probe above: the excess is
2026-09-28T00:29:37.710915121Z       the peer's own HE work, not the link.)
2026-09-28T00:29:37.710921622Z   frames: tx=247 rx=1071 retransmits=0
2026-09-28T00:29:37.710928123Z   authentication: HMAC-SHA256/128, 4.6 us per frame; 0 rejected (bad tag), 0 stale/replayed dropped, 4 epoch challenges
2026-09-28T00:29:37.710935124Z   rx queue: peak 5/64 frames
2026-09-28T00:29:37.710941725Z   plant check: 0 event reports rejected as physically impossible
2026-09-28T00:29:37.710948726Z      (these supervisors carry the plant: an impossible uncontrollable event is caught)
2026-09-28T00:29:37.710955527Z   ----------------------------------------------------------
2026-09-28T00:29:37.710962327Z   homomorphic vs cleartext oracle : PASS — every encrypted bit matched
2026-09-28T00:29:37.710969228Z      (PASS certifies the cryptography: each node's encrypted bits
2026-09-28T00:29:37.710975829Z       match its own clear model for the events it applied. It does
2026-09-28T00:29:37.710982330Z       not certify the distributed run — read the skips for that.)
2026-09-28T00:29:37.710989331Z   distributed vs MONOLITHIC sup.  : off — this header has no monolithic supervisor
2026-09-28T00:29:37.710996132Z   safe halt                       : no — ran to completion
2026-09-28T00:29:37.711003233Z ============================================================
2026-09-28T00:29:47.712665173Z @@RESULT {"node":2,"nodes":5,"family":"LOCAL MODULAR","data":"supervisor_data_fms.h","transport":"UDP/IP multicast (RFC 1112)","fingerprint":"6f43d6b9","supervisors":["S2"],"fired":{"local":20,"ctrl":0,"unctrl":0},"applied_for_peers":80,"skips":0,"impossible":0,"tx":247,"rx":1084,"retx":0,"auth_bad":0,"replays":0,"challenges":4,"mac_us":4.60,"rxq_peak":6,"rxq_drops":0,"sync_wait_ms":0.0,"oracle":"PASS","safe_halt":false,"halt_reason":"","cycle_end_ms":[4579.7,8221.2,11866.6,15500.1,19146.8],"rounds":5,"work_ms":0,"emu_scalarmul_ms":69.0,"exit":0}
