2026-09-28T03:48:55.917243488Z des_container: node 2 of 4, LOCAL MODULAR, data supervisor_data_fms.h, transport UDP/IP multicast (RFC 1112)
2026-09-28T03:48:55.917292094Z des_container: EMULATING the ESP32 — every decryption takes at least 69.0 ms (DES_EMU_SCALARMUL_MS)
2026-09-28T03:48:55.917295895Z 
2026-09-28T03:48:55.917297295Z ============================================================
2026-09-28T03:48:55.917298695Z   Distributed Homomorphic DES — generic engine
2026-09-28T03:48:55.917299895Z   node 2/4   family LOCAL MODULAR   7 supervisors   31 events
2026-09-28T03:48:55.917301196Z   data: supervisor_data_fms.h
2026-09-28T03:48:55.917302496Z ============================================================
2026-09-28T03:48:55.918195708Z --- event routing (DERIVED from the header, not hardcoded) ---
2026-09-28T03:48:55.918207809Z   event  ctrl  nodes      owner  class
2026-09-28T03:48:55.918210710Z   11     yes   1          1      local — no network
2026-09-28T03:48:55.918213310Z   12     no    1          1      local — no network
2026-09-28T03:48:55.918215610Z   21     yes   1          1      local — no network
2026-09-28T03:48:55.918217811Z   22     no    1          1      local — no network
2026-09-28T03:48:55.918219911Z   30     no    1 2 3 4    1      SHARED — needs network
2026-09-28T03:48:55.918222111Z   31     yes   1 2 3 4    1      SHARED — needs network
2026-09-28T03:48:55.918224212Z   32     no    1 2 3 4    1      SHARED — needs network
2026-09-28T03:48:55.918226412Z   33     yes   1 2 3 4    1      SHARED — needs network
2026-09-28T03:48:55.918228412Z   34     no    1 2 3 4    1      SHARED — needs network
2026-09-28T03:48:55.918230612Z   35     yes   1 2 3 4    1      SHARED — needs network
2026-09-28T03:48:55.918232413Z   36     no    1 2 3 4    1      SHARED — needs network
2026-09-28T03:48:55.918234413Z   37     yes   1 2 3 4    1      SHARED — needs network
2026-09-28T03:48:55.918236813Z   38     no    1 2 3 4    1      SHARED — needs network
2026-09-28T03:48:55.918238713Z   39     yes   1 2 3 4    1      SHARED — needs network
2026-09-28T03:48:55.918240614Z   41     yes   2          2      local — no network
2026-09-28T03:48:55.918242614Z   42     no    2          2      local — no network
2026-09-28T03:48:55.918244614Z   51     yes   2          2      local — no network
2026-09-28T03:48:55.918246614Z   52     no    2          2      local — no network
2026-09-28T03:48:55.918251615Z   53     yes   2          2      local — no network
2026-09-28T03:48:55.918253615Z   54     no    2          2      local — no network
2026-09-28T03:48:55.918255816Z   61     yes   3 4        3      SHARED — needs network
2026-09-28T03:48:55.918257916Z   63     yes   3 4        3      SHARED — needs network
2026-09-28T03:48:55.918259916Z   64     no    3 4        3      SHARED — needs network
2026-09-28T03:48:55.918272718Z   65     yes   3 4        3      SHARED — needs network
2026-09-28T03:48:55.918275318Z   66     no    3 4        3      SHARED — needs network
2026-09-28T03:48:55.918277318Z   71     yes   4          4      local — no network
2026-09-28T03:48:55.918279318Z   72     no    4          4      local — no network
2026-09-28T03:48:55.918281319Z   73     yes   4          4      local — no network
2026-09-28T03:48:55.918283319Z   74     no    4          4      local — no network
2026-09-28T03:48:55.918285419Z   81     yes   4          4      local — no network
2026-09-28T03:48:55.918287419Z   82     no    4          4      local — no network
2026-09-28T03:48:55.918289620Z   => 15/31 events shared; 16/31 need ZERO network traffic; 16 concern this node
2026-09-28T03:48:55.918292020Z   NOTE controllability was INFERRED from event labels (the header
2026-09-28T03:48:55.918294820Z        does not carry it). Check the 'ctrl' column above; if it is
2026-09-28T03:48:55.918297221Z        wrong, set DES_CONTROLLABLE_MASK explicitly.
2026-09-28T03:48:55.918298621Z 
2026-09-28T03:48:55.918299921Z [init] config fingerprint 457cc268 — every node must print the same
2026-09-28T03:48:55.918301321Z 
2026-09-28T03:48:55.918374430Z [net] UDP multicast 239.192.7.1:5077  ttl=1  frame=44 B
2026-09-28T03:48:55.918380931Z --- crypto self-test ---
2026-09-28T03:48:55.922608762Z   Enc(0)->0 Enc(1)->1                PASS
2026-09-28T03:48:55.923384460Z   Enc(1)+Enc(1)->1 homomorphic OR   PASS
2026-09-28T03:48:55.923781509Z   Enc(0)+Enc(0)->0                  PASS
2026-09-28T03:48:55.923792111Z   curve secp192r1, ciphertext 50 B    PASS
2026-09-28T03:48:55.924051043Z   frame tag HMAC-SHA256/128: 2.1 us, 1-bit tamper caught  PASS
2026-09-28T03:48:55.924060444Z 
2026-09-28T03:48:55.924063245Z --- encrypting my supervisors' initial states ---
2026-09-28T03:48:55.924065345Z [load] S2         idx 2   18 states  12 constraining ev     900 B ciphertext
2026-09-28T03:48:55.924067645Z [load] S3         idx 3   21 states  14 constraining ev    1050 B ciphertext
2026-09-28T03:48:57.776509175Z [init] my keypair is mine alone; no ciphertext ever leaves this node
2026-09-28T03:48:57.776550780Z [init] my enablement: 11=1 12=1 21=1 22=1 30=0 31=1 32=0 33=1 34=0 35=0 36=0 37=0 38=0 39=0 41=0 42=0 51=0 52=0 53=0 54=0 61=1 63=1 64=1 65=1 66=1 71=1 72=1 73=1 74=1 81=1 82=1
2026-09-28T03:48:57.776555480Z 
2026-09-28T03:48:58.377586958Z [net] waiting for 3 peer(s)... all present.
2026-09-28T03:48:59.874165399Z 
2026-09-28T03:48:59.874197803Z ============================================================
2026-09-28T03:48:59.874201804Z   RUN — SIM_SEQ driver — 5 cycles x 44 steps — LOCAL MODULAR
2026-09-28T03:48:59.874224407Z   columns: cN sNN = cycle/step of MY walk; · = a peer caused this
2026-09-28T03:48:59.874226807Z   'done at': run clock, common to all nodes; a cycle is over at the
2026-09-28T03:48:59.874228807Z   LATEST node's print, machine time (DES_WORK_MS 0) included
2026-09-28T03:48:59.874230407Z ============================================================
2026-09-28T03:48:59.874231908Z 
2026-09-28T03:48:59.874233508Z -- cycle 1/5 --
2026-09-28T03:49:00.845822820Z     ·     vote   31    YES to node 1          (seq 1)
2026-09-28T03:49:00.989336142Z     ·     apply  31       141.1 ms HE    2 dec  from node 1  (seq 1)
2026-09-28T03:49:01.419814802Z     ·     apply  32       349.5 ms HE    5 dec  from node 1  (seq 2)
2026-09-28T03:49:01.491475001Z c1  s5   local  41        69.5 ms HE    1 dec  0 frames
2026-09-28T03:49:01.560786905Z c1  s7   local  42        69.5 ms HE    1 dec  0 frames
2026-09-28T03:49:01.565634014Z     ·     vote   33    YES to node 1          (seq 3)
2026-09-28T03:49:01.708266525Z     ·     apply  33       139.2 ms HE    2 dec  from node 1  (seq 3)
2026-09-28T03:49:01.930690057Z     ·     apply  34       140.0 ms HE    2 dec  from node 1  (seq 4)
2026-09-28T03:49:02.154285636Z     ·     vote   35    YES to node 1          (seq 5)
2026-09-28T03:49:02.298510448Z     ·     apply  35       139.4 ms HE    2 dec  from node 1  (seq 5)
2026-09-28T03:49:02.370845432Z c1  s11  local  53        69.7 ms HE    1 dec  0 frames
2026-09-28T03:49:02.440850623Z c1  s12  local  54        69.9 ms HE    1 dec  0 frames
2026-09-28T03:49:02.585575598Z     ·     apply  36       139.3 ms HE    2 dec  from node 1  (seq 6)
2026-09-28T03:49:02.806622457Z     ·     vote   39    YES to node 1          (seq 7)
2026-09-28T03:49:02.949356581Z     ·     apply  39       139.3 ms HE    2 dec  from node 1  (seq 7)
2026-09-28T03:49:03.457714321Z     ·     apply  30       139.6 ms HE    2 dec  from node 1  (seq 8)
2026-09-28T03:49:04.239741127Z     ·     vote   31    YES to node 1          (seq 9)
2026-09-28T03:49:04.385263702Z     ·     apply  31       140.2 ms HE    2 dec  from node 1  (seq 9)
2026-09-28T03:49:04.530250310Z     ·     apply  32       139.6 ms HE    2 dec  from node 1  (seq 10)
2026-09-28T03:49:16.100212535Z c1  s30  local  41        69.5 ms HE    1 dec  0 frames
2026-09-28T03:49:16.170739092Z c1  s31  local  42        69.8 ms HE    1 dec  0 frames
2026-09-28T03:49:16.174393951Z     ·     vote   35    YES to node 1          (seq 11)
2026-09-28T03:49:04.816411207Z     ·     apply  35       139.5 ms HE    2 dec  from node 1  (seq 11)
2026-09-28T03:49:04.960598614Z     ·     apply  36       138.8 ms HE    2 dec  from node 1  (seq 12)
2026-09-28T03:49:05.324001050Z     ·     vote   33    YES to node 1          (seq 13)
2026-09-28T03:49:05.468617811Z     ·     apply  33       139.6 ms HE    2 dec  from node 1  (seq 13)
2026-09-28T03:49:05.614079678Z     ·     apply  34       139.5 ms HE    2 dec  from node 1  (seq 14)
2026-09-28T03:49:05.686126426Z c1  s38  local  51        69.6 ms HE    1 dec  0 frames
2026-09-28T03:49:05.756253033Z c1  s39  local  52        70.0 ms HE    1 dec  0 frames
2026-09-28T03:49:05.759667661Z     ·     vote   37    YES to node 1          (seq 15)
2026-09-28T03:49:05.905078722Z     ·     apply  37       139.9 ms HE    2 dec  from node 1  (seq 15)
2026-09-28T03:49:06.052774770Z     ·     apply  38       139.7 ms HE    2 dec  from node 1  (seq 16)
2026-09-28T03:49:06.055611926Z -- cycle 1/5 done at 5594.7 ms --
2026-09-28T03:49:06.055698337Z 
2026-09-28T03:49:06.055718339Z -- cycle 2/5 --
2026-09-28T03:49:06.347333760Z     ·     vote   31    YES to node 1          (seq 17)
2026-09-28T03:49:06.490403527Z     ·     apply  31       139.4 ms HE    2 dec  from node 1  (seq 17)
2026-09-28T03:49:06.634108473Z     ·     apply  32       139.0 ms HE    2 dec  from node 1  (seq 18)
2026-09-28T03:49:06.706238332Z c2  s5   local  41        69.6 ms HE    1 dec  0 frames
2026-09-28T03:49:06.775759262Z c2  s7   local  42        69.6 ms HE    1 dec  0 frames
2026-09-28T03:49:06.778859151Z     ·     vote   33    YES to node 1          (seq 19)
2026-09-28T03:49:06.924057685Z     ·     apply  33       139.3 ms HE    2 dec  from node 1  (seq 19)
2026-09-28T03:49:07.069062795Z     ·     apply  34       139.5 ms HE    2 dec  from node 1  (seq 20)
2026-09-28T03:49:07.074860723Z     ·     vote   35    YES to node 1          (seq 21)
2026-09-28T03:49:07.218672883Z     ·     apply  35       139.6 ms HE    2 dec  from node 1  (seq 21)
2026-09-28T03:49:07.291809267Z c2  s11  local  53        69.9 ms HE    1 dec  0 frames
2026-09-28T03:49:07.361777254Z c2  s12  local  54        69.8 ms HE    1 dec  0 frames
2026-09-28T03:49:07.504471774Z     ·     apply  36       139.3 ms HE    2 dec  from node 1  (seq 22)
2026-09-28T03:49:07.511758889Z     ·     vote   39    YES to node 1          (seq 23)
2026-09-28T03:49:07.656669086Z     ·     apply  39       139.2 ms HE    2 dec  from node 1  (seq 23)
2026-09-28T03:49:07.945608471Z     ·     apply  30       139.3 ms HE    2 dec  from node 1  (seq 24)
2026-09-28T03:49:08.588422496Z     ·     vote   31    YES to node 1          (seq 25)
2026-09-28T03:49:08.731331342Z     ·     apply  31       139.4 ms HE    2 dec  from node 1  (seq 25)
2026-09-28T03:49:08.876012311Z     ·     apply  32       139.7 ms HE    2 dec  from node 1  (seq 26)
2026-09-28T03:49:08.947894138Z c2  s30  local  41        69.7 ms HE    1 dec  0 frames
2026-09-28T03:49:09.018778940Z c2  s31  local  42        70.2 ms HE    1 dec  0 frames
2026-09-28T03:49:09.024541364Z     ·     vote   35    YES to node 1          (seq 27)
2026-09-28T03:49:09.172620459Z     ·     apply  35       139.4 ms HE    2 dec  from node 1  (seq 27)
2026-09-28T03:49:09.318079926Z     ·     apply  36       139.5 ms HE    2 dec  from node 1  (seq 28)
2026-09-28T03:49:09.470779602Z     ·     vote   33    YES to node 1          (seq 29)
2026-09-28T03:49:21.114557349Z     ·     apply  33       139.6 ms HE    2 dec  from node 1  (seq 29)
2026-09-28T03:49:21.261903153Z     ·     apply  34       139.5 ms HE    2 dec  from node 1  (seq 30)
2026-09-28T03:49:09.843616366Z c2  s38  local  51        69.3 ms HE    1 dec  0 frames
2026-09-28T03:49:09.912608530Z c2  s39  local  52        69.2 ms HE    1 dec  0 frames
2026-09-28T03:49:09.914853712Z     ·     vote   37    YES to node 1          (seq 31)
2026-09-28T03:49:10.060183462Z     ·     apply  37       139.3 ms HE    2 dec  from node 1  (seq 31)
2026-09-28T03:49:10.204550292Z     ·     apply  38       139.6 ms HE    2 dec  from node 1  (seq 32)
2026-09-28T03:49:10.207032703Z -- cycle 2/5 done at 9734.5 ms --
2026-09-28T03:49:10.207080409Z 
2026-09-28T03:49:10.207090111Z -- cycle 3/5 --
2026-09-28T03:49:10.497180140Z     ·     vote   31    YES to node 1          (seq 33)
2026-09-28T03:49:10.639845056Z     ·     apply  31       139.4 ms HE    2 dec  from node 1  (seq 33)
2026-09-28T03:49:10.787695023Z     ·     apply  32       139.6 ms HE    2 dec  from node 1  (seq 34)
2026-09-28T03:49:10.859794377Z c3  s5   local  41        69.6 ms HE    1 dec  0 frames
2026-09-28T03:49:10.929747262Z c3  s7   local  42        69.7 ms HE    1 dec  0 frames
2026-09-28T03:49:10.933087981Z     ·     vote   33    YES to node 1          (seq 35)
2026-09-28T03:49:11.077379001Z     ·     apply  33       139.2 ms HE    2 dec  from node 1  (seq 35)
2026-09-28T03:49:11.224479174Z     ·     apply  34       139.8 ms HE    2 dec  from node 1  (seq 36)
2026-09-28T03:49:11.232575791Z     ·     vote   35    YES to node 1          (seq 37)
2026-09-28T03:49:11.377187251Z     ·     apply  35       139.2 ms HE    2 dec  from node 1  (seq 37)
2026-09-28T03:49:11.448840249Z c3  s11  local  53        69.4 ms HE    1 dec  0 frames
2026-09-28T03:49:11.518887146Z c3  s12  local  54        69.5 ms HE    1 dec  0 frames
2026-09-28T03:49:11.660971589Z     ·     apply  36       138.9 ms HE    2 dec  from node 1  (seq 38)
2026-09-28T03:49:11.668527438Z     ·     vote   39    YES to node 1          (seq 39)
2026-09-28T03:49:11.811531096Z     ·     apply  39       139.5 ms HE    2 dec  from node 1  (seq 39)
2026-09-28T03:49:12.103644080Z     ·     apply  30       139.3 ms HE    2 dec  from node 1  (seq 40)
2026-09-28T03:49:12.750928365Z     ·     vote   31    YES to node 1          (seq 41)
2026-09-28T03:49:12.893826210Z     ·     apply  31       138.5 ms HE    2 dec  from node 1  (seq 41)
2026-09-28T03:49:13.039324082Z     ·     apply  32       138.6 ms HE    2 dec  from node 1  (seq 42)
2026-09-28T03:49:13.110583831Z c3  s30  local  41        69.2 ms HE    1 dec  0 frames
2026-09-28T03:49:13.179814825Z c3  s31  local  42        69.2 ms HE    1 dec  0 frames
2026-09-28T03:49:13.182076009Z     ·     vote   35    YES to node 1          (seq 43)
2026-09-28T03:49:13.323016108Z     ·     apply  35       138.6 ms HE    2 dec  from node 1  (seq 43)
2026-09-28T03:49:13.468557385Z     ·     apply  36       138.7 ms HE    2 dec  from node 1  (seq 44)
2026-09-28T03:49:13.617180749Z     ·     vote   33    YES to node 1          (seq 45)
2026-09-28T03:49:13.759418711Z     ·     apply  33       139.1 ms HE    2 dec  from node 1  (seq 45)
2026-09-28T03:49:13.906336161Z     ·     apply  34       139.4 ms HE    2 dec  from node 1  (seq 46)
2026-09-28T03:49:13.978810463Z c3  s38  local  51        69.8 ms HE    1 dec  0 frames
2026-09-28T03:49:14.048677837Z c3  s39  local  52        69.7 ms HE    1 dec  0 frames
2026-09-28T03:49:14.051598003Z     ·     vote   37    YES to node 1          (seq 47)
2026-09-28T03:49:14.195605188Z     ·     apply  37       139.1 ms HE    2 dec  from node 1  (seq 47)
2026-09-28T03:49:14.340053127Z     ·     apply  38       139.1 ms HE    2 dec  from node 1  (seq 48)
2026-09-28T03:49:14.342447928Z -- cycle 3/5 done at 13870.0 ms --
2026-09-28T03:49:14.342491534Z 
2026-09-28T03:49:14.342501335Z -- cycle 4/5 --
2026-09-28T03:49:26.119110296Z     ·     vote   31    YES to node 1          (seq 49)
2026-09-28T03:49:26.261882926Z     ·     apply  31       139.5 ms HE    2 dec  from node 1  (seq 49)
2026-09-28T03:49:14.904712915Z     ·     apply  32       138.8 ms HE    2 dec  from node 1  (seq 50)
2026-09-28T03:49:14.976813770Z c4  s5   local  41        69.4 ms HE    1 dec  0 frames
2026-09-28T03:49:15.047238414Z c4  s7   local  42        69.8 ms HE    1 dec  0 frames
2026-09-28T03:49:15.053298975Z     ·     vote   33    YES to node 1          (seq 51)
2026-09-28T03:49:15.195743563Z     ·     apply  33       139.3 ms HE    2 dec  from node 1  (seq 51)
2026-09-28T03:49:15.340091690Z     ·     apply  34       139.6 ms HE    2 dec  from node 1  (seq 52)
2026-09-28T03:49:15.345841212Z     ·     vote   35    YES to node 1          (seq 53)
2026-09-28T03:49:15.488001565Z     ·     apply  35       139.4 ms HE    2 dec  from node 1  (seq 53)
2026-09-28T03:49:15.559612958Z c4  s11  local  53        69.6 ms HE    1 dec  0 frames
2026-09-28T03:49:15.628923462Z c4  s12  local  54        69.5 ms HE    1 dec  0 frames
2026-09-28T03:49:15.771369750Z     ·     apply  36       139.4 ms HE    2 dec  from node 1  (seq 54)
2026-09-28T03:49:15.779816211Z     ·     vote   39    YES to node 1          (seq 55)
2026-09-28T03:49:15.922056473Z     ·     apply  39       139.4 ms HE    2 dec  from node 1  (seq 55)
2026-09-28T03:49:16.215364207Z     ·     apply  30       139.5 ms HE    2 dec  from node 1  (seq 56)
2026-09-28T03:49:16.855142250Z     ·     vote   31    YES to node 1          (seq 57)
2026-09-28T03:49:16.997697752Z     ·     apply  31       139.6 ms HE    2 dec  from node 1  (seq 57)
2026-09-28T03:49:17.142783872Z     ·     apply  32       139.6 ms HE    2 dec  from node 1  (seq 58)
2026-09-28T03:49:17.215649322Z c4  s30  local  41        69.7 ms HE    1 dec  0 frames
2026-09-28T03:49:17.285274166Z c4  s31  local  42        69.7 ms HE    1 dec  0 frames
2026-09-28T03:49:17.288462266Z     ·     vote   35    YES to node 1          (seq 59)
2026-09-28T03:49:17.433036522Z     ·     apply  35       139.3 ms HE    2 dec  from node 1  (seq 59)
2026-09-28T03:49:17.580394327Z     ·     apply  36       139.5 ms HE    2 dec  from node 1  (seq 60)
2026-09-28T03:49:17.731578913Z     ·     vote   33    YES to node 1          (seq 61)
2026-09-28T03:49:17.874232327Z     ·     apply  33       139.5 ms HE    2 dec  from node 1  (seq 61)
2026-09-28T03:49:18.019478867Z     ·     apply  34       139.5 ms HE    2 dec  from node 1  (seq 62)
2026-09-28T03:49:18.091682434Z c4  s38  local  51        69.6 ms HE    1 dec  0 frames
2026-09-28T03:49:18.161629318Z c4  s39  local  52        69.5 ms HE    1 dec  0 frames
2026-09-28T03:49:18.164206642Z     ·     vote   37    YES to node 1          (seq 63)
2026-09-28T03:49:18.309052332Z     ·     apply  37       139.3 ms HE    2 dec  from node 1  (seq 63)
2026-09-28T03:49:18.454027438Z     ·     apply  38       139.6 ms HE    2 dec  from node 1  (seq 64)
2026-09-28T03:49:18.456375132Z -- cycle 4/5 done at 17996.7 ms --
2026-09-28T03:49:18.456436340Z 
2026-09-28T03:49:18.456447341Z -- cycle 5/5 --
2026-09-28T03:49:18.747974251Z     ·     vote   31    YES to node 1          (seq 65)
2026-09-28T03:49:18.890557957Z     ·     apply  31       139.4 ms HE    2 dec  from node 1  (seq 65)
2026-09-28T03:49:19.035950915Z     ·     apply  32       140.0 ms HE    2 dec  from node 1  (seq 66)
2026-09-28T03:49:19.107963559Z c5  s5   local  41        69.5 ms HE    1 dec  0 frames
2026-09-28T03:49:19.177597203Z c5  s7   local  42        69.5 ms HE    1 dec  0 frames
2026-09-28T03:49:19.181032635Z     ·     vote   33    YES to node 1          (seq 67)
2026-09-28T03:49:19.325258947Z     ·     apply  33       139.3 ms HE    2 dec  from node 1  (seq 67)
2026-09-28T03:49:19.470375570Z     ·     apply  34       139.5 ms HE    2 dec  from node 1  (seq 68)
2026-09-28T03:49:19.476761572Z     ·     vote   35    YES to node 1          (seq 69)
2026-09-28T03:49:31.119896322Z     ·     apply  35       139.4 ms HE    2 dec  from node 1  (seq 69)
2026-09-28T03:49:31.191957371Z c5  s11  local  53        69.6 ms HE    1 dec  0 frames
2026-09-28T03:49:31.262002968Z c5  s12  local  54        69.6 ms HE    1 dec  0 frames
2026-09-28T03:49:19.907239016Z     ·     apply  36       138.8 ms HE    2 dec  from node 1  (seq 70)
2026-09-28T03:49:19.912051620Z     ·     vote   39    YES to node 1          (seq 71)
2026-09-28T03:49:20.054809848Z     ·     apply  39       139.4 ms HE    2 dec  from node 1  (seq 71)
2026-09-28T03:49:20.345042695Z     ·     apply  30       139.1 ms HE    2 dec  from node 1  (seq 72)
2026-09-28T03:49:20.989814465Z     ·     vote   31    YES to node 1          (seq 73)
2026-09-28T03:49:21.132281256Z     ·     apply  31       139.3 ms HE    2 dec  from node 1  (seq 73)
2026-09-28T03:49:21.278826760Z     ·     apply  32       139.0 ms HE    2 dec  from node 1  (seq 74)
2026-09-28T03:49:21.351340166Z c5  s30  local  41        69.7 ms HE    1 dec  0 frames
2026-09-28T03:49:21.421621592Z c5  s31  local  42        69.9 ms HE    1 dec  0 frames
2026-09-28T03:49:21.425110730Z     ·     vote   35    YES to node 1          (seq 75)
2026-09-28T03:49:21.569375847Z     ·     apply  35       139.7 ms HE    2 dec  from node 1  (seq 75)
2026-09-28T03:49:21.713597758Z     ·     apply  36       138.7 ms HE    2 dec  from node 1  (seq 76)
2026-09-28T03:49:21.865489833Z     ·     vote   33    YES to node 1          (seq 77)
2026-09-28T03:49:22.008320469Z     ·     apply  33       139.8 ms HE    2 dec  from node 1  (seq 77)
2026-09-28T03:49:22.154465722Z     ·     apply  34       139.9 ms HE    2 dec  from node 1  (seq 78)
2026-09-28T03:49:22.225652862Z c5  s38  local  51        69.5 ms HE    1 dec  0 frames
2026-09-28T03:49:22.295390019Z c5  s39  local  52        69.6 ms HE    1 dec  0 frames
2026-09-28T03:49:22.298799448Z     ·     vote   37    YES to node 1          (seq 79)
2026-09-28T03:49:22.444152001Z     ·     apply  37       139.5 ms HE    2 dec  from node 1  (seq 79)
2026-09-28T03:49:22.591211169Z     ·     apply  38       139.5 ms HE    2 dec  from node 1  (seq 80)
2026-09-28T03:49:22.594117233Z -- cycle 5/5 done at 22128.8 ms --
2026-09-28T03:49:22.594207145Z 
2026-09-28T03:49:22.594229048Z ============================================================
2026-09-28T03:49:22.594244149Z   SUMMARY — node 2/4 — LOCAL MODULAR — UDP/IP multicast (RFC 1112)
2026-09-28T03:49:22.594260851Z ============================================================
2026-09-28T03:49:22.594274053Z   events this node FIRED:
2026-09-28T03:49:22.594287655Z   local (no network)     n=40   avg    69.80 ms  (HE   69.62 + net    0.00)  min   69.24  max    70.52  100.0%
2026-09-28T03:49:22.594300556Z   shared controllable          (none on this node)
2026-09-28T03:49:22.594312158Z   shared uncontroll.           (none on this node)
2026-09-28T03:49:22.594323459Z   events this node APPLIED for a peer (participant side):
2026-09-28T03:49:22.594335661Z   shared, applied        n=80   avg   142.02 ms  (HE  142.02 + net    0.00)  min  138.45  max   349.53
2026-09-28T03:49:22.594347762Z   run clock, end of cycles 1..5 (ms): 5594.7 9734.5 13870.0 17996.7 22128.8
2026-09-28T03:49:22.594412070Z      a cycle is over at the LATEST node's value; DES_WORK_MS 0 included
2026-09-28T03:49:22.594429273Z   ----------------------------------------------------------
2026-09-28T03:49:22.594442874Z   all events            n=40   avg    69.80 ms  (HE   69.62 + net    0.00)
2026-09-28T03:49:22.594455776Z   PEER-WAIT + WIRE      0.0 % of total step time
2026-09-28T03:49:22.594469078Z      (compare against the round-trip probe above: the excess is
2026-09-28T03:49:22.594482079Z       the peer's own HE work, not the link.)
2026-09-28T03:49:22.594495681Z   frames: tx=249 rx=752 retransmits=0
2026-09-28T03:49:22.594507883Z   authentication: HMAC-SHA256/128, 2.1 us per frame; 0 rejected (bad tag), 0 stale/replayed dropped, 3 epoch challenges
2026-09-28T03:49:22.594520584Z   rx queue: peak 3/64 frames
2026-09-28T03:49:22.594532886Z   plant check: 0 event reports rejected as physically impossible
2026-09-28T03:49:22.594547287Z      (these supervisors carry the plant: an impossible uncontrollable event is caught)
2026-09-28T03:49:22.594561789Z   ----------------------------------------------------------
2026-09-28T03:49:22.594575291Z   homomorphic vs cleartext oracle : PASS — every encrypted bit matched
2026-09-28T03:49:22.594590193Z      (PASS certifies the cryptography: each node's encrypted bits
2026-09-28T03:49:22.594602994Z       match its own clear model for the events it applied. It does
2026-09-28T03:49:22.594617896Z       not certify the distributed run — read the skips for that.)
2026-09-28T03:49:22.594627298Z   distributed vs MONOLITHIC sup.  : off — this header has no monolithic supervisor
2026-09-28T03:49:22.594635299Z   safe halt                       : no — ran to completion
2026-09-28T03:49:22.594643500Z ============================================================
2026-09-28T03:49:32.606439420Z @@RESULT {"node":2,"nodes":4,"family":"LOCAL MODULAR","data":"supervisor_data_fms.h","transport":"UDP/IP multicast (RFC 1112)","fingerprint":"457cc268","supervisors":["S2","S3"],"fired":{"local":40,"ctrl":0,"unctrl":0},"applied_for_peers":80,"skips":0,"impossible":0,"tx":249,"rx":759,"retx":0,"auth_bad":0,"replays":0,"challenges":3,"mac_us":2.10,"rxq_peak":3,"rxq_drops":0,"sync_wait_ms":0.0,"oracle":"PASS","safe_halt":false,"halt_reason":"","cycle_end_ms":[5594.7,9734.5,13870.0,17996.7,22128.8],"rounds":5,"work_ms":0,"emu_scalarmul_ms":69.0,"exit":0}
