2026-09-28T12:33:05.683207682Z des_container: node 2 of 2, LOCAL MODULAR, data supervisor_data_fms.h, transport UDP/IP multicast (RFC 1112)
2026-09-28T12:33:05.683343947Z des_container: EMULATING the ESP32 — every decryption takes at least 69.0 ms (DES_EMU_SCALARMUL_MS)
2026-09-28T12:33:05.683353051Z des_container: dropping 30 % of received frames, seed 4242077140 (DES_LOSS_SEED to replay)
2026-09-28T12:33:05.683356953Z 
2026-09-28T12:33:05.683360555Z ============================================================
2026-09-28T12:33:05.683363856Z   Distributed Homomorphic DES — generic engine
2026-09-28T12:33:05.683367458Z   node 2/2   family LOCAL MODULAR   7 supervisors   31 events
2026-09-28T12:33:05.683370960Z   data: supervisor_data_fms.h
2026-09-28T12:33:05.683374561Z ============================================================
2026-09-28T12:33:05.692978949Z --- event routing (DERIVED from the header, not hardcoded) ---
2026-09-28T12:33:05.693143928Z   event  ctrl  nodes      owner  class
2026-09-28T12:33:05.693196753Z   11     yes   1          1      local — no network
2026-09-28T12:33:05.693212161Z   12     no    1          1      local — no network
2026-09-28T12:33:05.693216963Z   21     yes   1          1      local — no network
2026-09-28T12:33:05.693220765Z   22     no    1          1      local — no network
2026-09-28T12:33:05.693224266Z   30     no    1 2        1      SHARED — needs network
2026-09-28T12:33:05.693229169Z   31     yes   1 2        1      SHARED — needs network
2026-09-28T12:33:05.693232770Z   32     no    1 2        1      SHARED — needs network
2026-09-28T12:33:05.693236072Z   33     yes   1 2        1      SHARED — needs network
2026-09-28T12:33:05.693239774Z   34     no    1 2        1      SHARED — needs network
2026-09-28T12:33:05.693243476Z   35     yes   1 2        1      SHARED — needs network
2026-09-28T12:33:05.693246877Z   36     no    1 2        1      SHARED — needs network
2026-09-28T12:33:05.693249879Z   37     yes   1 2        1      SHARED — needs network
2026-09-28T12:33:05.693253680Z   38     no    1 2        1      SHARED — needs network
2026-09-28T12:33:05.693257282Z   39     yes   1 2        1      SHARED — needs network
2026-09-28T12:33:05.693263185Z   41     yes   1          1      local — no network
2026-09-28T12:33:05.693271689Z   42     no    1          1      local — no network
2026-09-28T12:33:05.693282494Z   51     yes   1          1      local — no network
2026-09-28T12:33:05.693288497Z   52     no    1          1      local — no network
2026-09-28T12:33:05.693293700Z   53     yes   1          1      local — no network
2026-09-28T12:33:05.693298602Z   54     no    1          1      local — no network
2026-09-28T12:33:05.693301903Z   61     yes   2          2      local — no network
2026-09-28T12:33:05.693305505Z   63     yes   2          2      local — no network
2026-09-28T12:33:05.693350026Z   64     no    2          2      local — no network
2026-09-28T12:33:05.693355129Z   65     yes   2          2      local — no network
2026-09-28T12:33:05.693358430Z   66     no    2          2      local — no network
2026-09-28T12:33:05.693399850Z   71     yes   2          2      local — no network
2026-09-28T12:33:05.693408154Z   72     no    2          2      local — no network
2026-09-28T12:33:05.693412656Z   73     yes   2          2      local — no network
2026-09-28T12:33:05.693416158Z   74     no    2          2      local — no network
2026-09-28T12:33:05.693419460Z   81     yes   2          2      local — no network
2026-09-28T12:33:05.693423061Z   82     no    2          2      local — no network
2026-09-28T12:33:05.693426663Z   => 10/31 events shared; 21/31 need ZERO network traffic; 21 concern this node
2026-09-28T12:33:05.693430465Z   NOTE controllability was INFERRED from event labels (the header
2026-09-28T12:33:05.693433566Z        does not carry it). Check the 'ctrl' column above; if it is
2026-09-28T12:33:05.693444071Z        wrong, set DES_CONTROLLABLE_MASK explicitly.
2026-09-28T12:33:05.693447773Z 
2026-09-28T12:33:05.693451375Z [init] config fingerprint edbd7971 — every node must print the same
2026-09-28T12:33:05.693455477Z 
2026-09-28T12:33:05.696090235Z [net] UDP multicast 239.192.7.1:5077  ttl=1  frame=44 B
2026-09-28T12:33:05.696221898Z --- crypto self-test ---
2026-09-28T12:33:05.705984762Z   Enc(0)->0 Enc(1)->1                PASS
2026-09-28T12:33:05.707590029Z   Enc(1)+Enc(1)->1 homomorphic OR   PASS
2026-09-28T12:33:05.709372780Z   Enc(0)+Enc(0)->0                  PASS
2026-09-28T12:33:05.709407897Z   curve secp192r1, ciphertext 50 B    PASS
2026-09-28T12:33:05.710182467Z   frame tag HMAC-SHA256/128: 7.7 us, 1-bit tamper caught  PASS
2026-09-28T12:33:05.710237393Z 
2026-09-28T12:33:05.710243796Z --- encrypting my supervisors' initial states ---
2026-09-28T12:33:05.712207935Z [load] S4         idx 4   44 states  15 constraining ev    2200 B ciphertext
2026-09-28T12:33:05.712231846Z [load] S5         idx 5   44 states  15 constraining ev    2200 B ciphertext
2026-09-28T12:33:05.712237649Z [load] S6         idx 6  164 states  21 constraining ev    8200 B ciphertext
2026-09-28T12:33:09.877498261Z [init] my keypair is mine alone; no ciphertext ever leaves this node
2026-09-28T12:33:09.877533278Z [init] my enablement: 11=1 12=1 21=1 22=1 30=0 31=1 32=0 33=1 34=0 35=1 36=0 37=1 38=0 39=1 41=1 42=1 51=1 52=1 53=1 54=1 61=0 63=0 64=0 65=0 66=0 71=0 72=0 73=0 74=0 81=0 82=0
2026-09-28T12:33:09.877536879Z 
2026-09-28T12:33:10.078837338Z [net] waiting for 1 peer(s). all present.
2026-09-28T12:33:11.585073947Z 
2026-09-28T12:33:11.585216115Z ============================================================
2026-09-28T12:33:11.585230022Z   RUN — SIM_SEQ driver — 5 cycles x 44 steps — LOCAL MODULAR
2026-09-28T12:33:11.585237825Z   columns: cN sNN = cycle/step of MY walk; · = a peer caused this
2026-09-28T12:33:11.585259836Z   'done at': run clock, common to all nodes; a cycle is over at the
2026-09-28T12:33:11.585263938Z   LATEST node's print, machine time (DES_WORK_MS 0) included
2026-09-28T12:33:11.585268040Z ============================================================
2026-09-28T12:33:11.585272442Z 
2026-09-28T12:33:11.585276544Z -- cycle 1/5 --
2026-09-28T12:33:15.563661119Z     ·     vote   31    YES to node 1          (seq 1)
2026-09-28T12:33:15.924222654Z     ·     apply  31       355.5 ms HE    5 dec  from node 1  (seq 1)
2026-09-28T12:33:19.977729097Z     ·     apply  32       563.6 ms HE    8 dec  from node 1  (seq 2)
2026-09-28T12:33:19.981887283Z     ·     vote   33    YES to node 1          (seq 3)
2026-09-28T12:33:22.117520347Z     ·     apply  33       354.5 ms HE    5 dec  from node 1  (seq 3)
2026-09-28T12:33:26.840764185Z     ·     apply  34       567.3 ms HE    8 dec  from node 1  (seq 4)
2026-09-28T12:33:32.540868387Z     ·     vote   35    YES to node 1          (seq 5)
2026-09-28T12:33:32.900005842Z     ·     apply  35       354.2 ms HE    5 dec  from node 1  (seq 5)
2026-09-28T12:33:33.528778198Z     ·     apply  36       564.8 ms HE    8 dec  from node 1  (seq 6)
2026-09-28T12:33:33.533917053Z     ·     vote   39    YES to node 1          (seq 7)
2026-09-28T12:33:33.958431938Z     ·     apply  39       420.1 ms HE    6 dec  from node 1  (seq 7)
2026-09-28T12:33:45.286644096Z c1  s15  local  61       277.8 ms HE    4 dec  0 frames
2026-09-28T12:33:36.303489970Z     ·     apply  30       277.8 ms HE    4 dec  from node 1  (seq 8)
2026-09-28T12:33:36.375355500Z c1  s17  local  71        69.3 ms HE    1 dec  0 frames
2026-09-28T12:33:36.445174651Z c1  s18  local  72        69.6 ms HE    1 dec  0 frames
2026-09-28T12:33:36.514377509Z c1  s19  local  81        69.3 ms HE    1 dec  0 frames
2026-09-28T12:33:36.584008871Z c1  s20  local  82        69.3 ms HE    1 dec  0 frames
2026-09-28T12:33:36.653762791Z c1  s21  local  73        69.6 ms HE    1 dec  0 frames
2026-09-28T12:33:36.723835464Z c1  s22  local  74        69.5 ms HE    1 dec  0 frames
2026-09-28T12:33:37.002206638Z c1  s23  local  65       278.1 ms HE    4 dec  0 frames
2026-09-28T12:33:37.280241952Z c1  s24  local  66       278.3 ms HE    4 dec  0 frames
2026-09-28T12:33:50.276448722Z     ·     vote   31    YES to node 1          (seq 9)
2026-09-28T12:33:40.740310146Z     ·     vote   31    YES to node 1          (seq 9)
2026-09-28T12:33:40.952106618Z     ·     apply  31       208.7 ms HE    3 dec  from node 1  (seq 9)
2026-09-28T12:33:41.302519206Z     ·     apply  32       278.3 ms HE    4 dec  from node 1  (seq 10)
2026-09-28T12:33:41.611174746Z     ·     vote   35    YES to node 1          (seq 11)
2026-09-28T12:33:46.592950880Z     ·     apply  35       208.9 ms HE    3 dec  from node 1  (seq 11)
2026-09-28T12:34:00.427043627Z [!!] node 1 reported SAFE HALT
2026-09-28T12:34:00.427095852Z 
2026-09-28T12:34:00.427098953Z ############################################################
2026-09-28T12:34:00.427101154Z   SAFE HALT on node 2: a peer halted
2026-09-28T12:34:00.427103255Z   tx=157 rx=43 retx=0
2026-09-28T12:34:00.427105056Z   This node cannot prove its peers are in the same state, so it
2026-09-28T12:34:00.427107157Z   refuses to act further. Safety preserved, liveness is not —
2026-09-28T12:34:00.427109758Z   the Two Generals trade, made explicit.
2026-09-28T12:34:00.427111659Z ############################################################
2026-09-28T12:34:00.427113660Z 
2026-09-28T12:34:00.427115561Z [!!] node 1 reported SAFE HALT
2026-09-28T12:34:00.429711201Z 
2026-09-28T12:34:00.429876480Z ============================================================
2026-09-28T12:34:00.429886985Z   SUMMARY — node 2/2 — LOCAL MODULAR — UDP/IP multicast (RFC 1112)
2026-09-28T12:34:00.429895989Z ============================================================
2026-09-28T12:34:00.429898891Z   events this node FIRED:
2026-09-28T12:34:00.429901992Z   local (no network)     n=9    avg   139.12 ms  (HE  138.98 + net    0.00)  min   69.35  max   278.32  100.0%
2026-09-28T12:34:00.429905494Z   shared controllable          (none on this node)
2026-09-28T12:34:00.429908595Z   shared uncontroll.           (none on this node)
2026-09-28T12:34:00.429912397Z   events this node APPLIED for a peer (participant side):
2026-09-28T12:34:00.429915699Z   shared, applied        n=11   avg   377.60 ms  (HE  377.60 + net    0.00)  min  208.68  max   567.33
2026-09-28T12:34:00.429919701Z   ----------------------------------------------------------
2026-09-28T12:34:00.429923803Z   all events            n=9    avg   139.12 ms  (HE  138.98 + net    0.00)
2026-09-28T12:34:00.429927304Z   PEER-WAIT + WIRE      0.0 % of total step time
2026-09-28T12:34:00.429930706Z      (compare against the round-trip probe above: the excess is
2026-09-28T12:34:00.429934808Z       the peer's own HE work, not the link.)
2026-09-28T12:34:00.429938309Z   frames: tx=157 rx=43 retransmits=0
2026-09-28T12:34:00.429942111Z   authentication: HMAC-SHA256/128, 7.7 us per frame; 0 rejected (bad tag), 0 stale/replayed dropped, 1 epoch challenges
2026-09-28T12:34:00.429945813Z   rx queue: peak 2/64 frames
2026-09-28T12:34:00.429949215Z   plant check: 0 event reports rejected as physically impossible
2026-09-28T12:34:00.429983431Z      (these supervisors carry the plant: an impossible uncontrollable event is caught)
2026-09-28T12:34:00.429988533Z   injected frame loss: 30 %
2026-09-28T12:34:00.429991835Z   ----------------------------------------------------------
2026-09-28T12:34:00.429995137Z   homomorphic vs cleartext oracle : PASS — every encrypted bit matched
2026-09-28T12:34:00.429998338Z      (PASS certifies the cryptography: each node's encrypted bits
2026-09-28T12:34:00.430001740Z       match its own clear model for the events it applied. It does
2026-09-28T12:34:00.430005141Z       not certify the distributed run — read the skips for that.)
2026-09-28T12:34:00.430008743Z   distributed vs MONOLITHIC sup.  : off — this header has no monolithic supervisor
2026-09-28T12:34:00.430012145Z   safe halt                       : a peer halted
2026-09-28T12:34:00.430015446Z ============================================================
2026-09-28T12:34:10.438953457Z @@RESULT {"node":2,"nodes":2,"family":"LOCAL MODULAR","data":"supervisor_data_fms.h","transport":"UDP/IP multicast (RFC 1112)","fingerprint":"edbd7971","supervisors":["S4","S5","S6"],"fired":{"local":9,"ctrl":0,"unctrl":0},"applied_for_peers":11,"skips":0,"impossible":0,"tx":157,"rx":43,"retx":0,"auth_bad":0,"replays":0,"challenges":1,"mac_us":7.65,"rxq_peak":2,"rxq_drops":0,"sync_wait_ms":0.0,"oracle":"PASS","safe_halt":true,"halt_reason":"a peer halted","cycle_end_ms":[],"rounds":5,"work_ms":0,"emu_scalarmul_ms":69.0,"loss_pct":30,"loss_seed":4242077140,"exit":2}
