2026-09-28T12:33:06.100968540Z des_container: node 1 of 2, LOCAL MODULAR, data supervisor_data_fms.h, transport UDP/IP multicast (RFC 1112)
2026-09-28T12:33:06.101109908Z des_container: EMULATING the ESP32 — every decryption takes at least 69.0 ms (DES_EMU_SCALARMUL_MS)
2026-09-28T12:33:06.101116611Z des_container: dropping 30 % of received frames, seed 1944769127 (DES_LOSS_SEED to replay)
2026-09-28T12:33:06.101119512Z 
2026-09-28T12:33:06.101121714Z ============================================================
2026-09-28T12:33:06.101124115Z   Distributed Homomorphic DES — generic engine
2026-09-28T12:33:06.101126616Z   node 1/2   family LOCAL MODULAR   7 supervisors   31 events
2026-09-28T12:33:06.101128917Z   data: supervisor_data_fms.h
2026-09-28T12:33:06.101131218Z ============================================================
2026-09-28T12:33:06.107548484Z --- event routing (DERIVED from the header, not hardcoded) ---
2026-09-28T12:33:06.107656935Z   event  ctrl  nodes      owner  class
2026-09-28T12:33:06.107670442Z   11     yes   1          1      local — no network
2026-09-28T12:33:06.107677645Z   12     no    1          1      local — no network
2026-09-28T12:33:06.107683048Z   21     yes   1          1      local — no network
2026-09-28T12:33:06.107687050Z   22     no    1          1      local — no network
2026-09-28T12:33:06.107690952Z   30     no    1 2        1      SHARED — needs network
2026-09-28T12:33:06.107694253Z   31     yes   1 2        1      SHARED — needs network
2026-09-28T12:33:06.107699756Z   32     no    1 2        1      SHARED — needs network
2026-09-28T12:33:06.107705759Z   33     yes   1 2        1      SHARED — needs network
2026-09-28T12:33:06.107710161Z   34     no    1 2        1      SHARED — needs network
2026-09-28T12:33:06.107714863Z   35     yes   1 2        1      SHARED — needs network
2026-09-28T12:33:06.107721366Z   36     no    1 2        1      SHARED — needs network
2026-09-28T12:33:06.107737374Z   37     yes   1 2        1      SHARED — needs network
2026-09-28T12:33:06.107740675Z   38     no    1 2        1      SHARED — needs network
2026-09-28T12:33:06.107743877Z   39     yes   1 2        1      SHARED — needs network
2026-09-28T12:33:06.107747278Z   41     yes   1          1      local — no network
2026-09-28T12:33:06.107750680Z   42     no    1          1      local — no network
2026-09-28T12:33:06.107754182Z   51     yes   1          1      local — no network
2026-09-28T12:33:06.107757884Z   52     no    1          1      local — no network
2026-09-28T12:33:06.107761785Z   53     yes   1          1      local — no network
2026-09-28T12:33:06.107765387Z   54     no    1          1      local — no network
2026-09-28T12:33:06.107768689Z   61     yes   2          2      local — no network
2026-09-28T12:33:06.107772891Z   63     yes   2          2      local — no network
2026-09-28T12:33:06.107817712Z   64     no    2          2      local — no network
2026-09-28T12:33:06.107823015Z   65     yes   2          2      local — no network
2026-09-28T12:33:06.107827017Z   66     no    2          2      local — no network
2026-09-28T12:33:06.107830218Z   71     yes   2          2      local — no network
2026-09-28T12:33:06.107833520Z   72     no    2          2      local — no network
2026-09-28T12:33:06.107837121Z   73     yes   2          2      local — no network
2026-09-28T12:33:06.107840623Z   74     no    2          2      local — no network
2026-09-28T12:33:06.107844725Z   81     yes   2          2      local — no network
2026-09-28T12:33:06.107848527Z   82     no    2          2      local — no network
2026-09-28T12:33:06.107852029Z   => 10/31 events shared; 21/31 need ZERO network traffic; 20 concern this node
2026-09-28T12:33:06.107856331Z   NOTE controllability was INFERRED from event labels (the header
2026-09-28T12:33:06.107859532Z        does not carry it). Check the 'ctrl' column above; if it is
2026-09-28T12:33:06.107868236Z        wrong, set DES_CONTROLLABLE_MASK explicitly.
2026-09-28T12:33:06.107872038Z 
2026-09-28T12:33:06.107875340Z [init] config fingerprint edbd7971 — every node must print the same
2026-09-28T12:33:06.107879842Z 
2026-09-28T12:33:06.108707737Z [net] UDP multicast 239.192.7.1:5077  ttl=1  frame=44 B
2026-09-28T12:33:06.108754159Z --- crypto self-test ---
2026-09-28T12:33:06.117328455Z   Enc(0)->0 Enc(1)->1                PASS
2026-09-28T12:33:06.119877873Z   Enc(1)+Enc(1)->1 homomorphic OR   PASS
2026-09-28T12:33:06.132167644Z   Enc(0)+Enc(0)->0                  PASS
2026-09-28T12:33:06.132218568Z   curve secp192r1, ciphertext 50 B    PASS
2026-09-28T12:33:06.132225571Z   frame tag HMAC-SHA256/128: 10.2 us, 1-bit tamper caught  PASS
2026-09-28T12:33:06.132229773Z 
2026-09-28T12:33:06.132233375Z --- encrypting my supervisors' initial states ---
2026-09-28T12:33:06.133625740Z [load] S0         idx 0   18 states  12 constraining ev     900 B ciphertext
2026-09-28T12:33:06.133657656Z [load] S1         idx 1   18 states  12 constraining ev     900 B ciphertext
2026-09-28T12:33:06.133670362Z [load] S2         idx 2   18 states  12 constraining ev     900 B ciphertext
2026-09-28T12:33:06.133675164Z [load] S3         idx 3   21 states  14 constraining ev    1050 B ciphertext
2026-09-28T12:33:09.761143780Z [init] my keypair is mine alone; no ciphertext ever leaves this node
2026-09-28T12:33:09.761440922Z [init] my enablement: 11=1 12=0 21=1 22=0 30=0 31=0 32=0 33=0 34=0 35=0 36=0 37=0 38=0 39=0 41=0 42=0 51=0 52=0 53=0 54=0 61=1 63=1 64=1 65=1 66=1 71=1 72=1 73=1 74=1 81=1 82=1
2026-09-28T12:33:09.761463033Z 
2026-09-28T12:33:09.963620100Z [net] waiting for 1 peer(s). all present.
2026-09-28T12:33:11.468740776Z 
2026-09-28T12:33:11.469002701Z --- transport round-trip probe (UDP/IP multicast (RFC 1112)) ---
2026-09-28T12:33:15.212708773Z   9 probes: avg 3.64 ms  min 2.62 ms  max 4.96 ms
2026-09-28T12:33:15.212747492Z 
2026-09-28T12:33:15.212750994Z ============================================================
2026-09-28T12:33:15.212753195Z   RUN — SIM_SEQ driver — 5 cycles x 44 steps — LOCAL MODULAR
2026-09-28T12:33:15.212756196Z   columns: cN sNN = cycle/step of MY walk; · = a peer caused this
2026-09-28T12:33:15.212758097Z   'done at': run clock, common to all nodes; a cycle is over at the
2026-09-28T12:33:15.212760098Z   LATEST node's print, machine time (DES_WORK_MS 0) included
2026-09-28T12:33:15.212761899Z ============================================================
2026-09-28T12:33:15.212763800Z 
2026-09-28T12:33:15.212765701Z -- cycle 1/5 --
2026-09-28T12:33:15.352460031Z c1  s0   local  21       139.5 ms HE    2 dec  0 frames
2026-09-28T12:33:15.492894915Z c1  s1   local  11       140.4 ms HE    2 dec  0 frames
2026-09-28T12:33:15.562271555Z c1  s2   local  12        69.3 ms HE    1 dec  0 frames
2026-09-28T12:33:15.846472914Z c1  s3   2pc    31       278.9 ms HE    4 dec  4 frames  + 5.0 ms peer-wait  (seq 1)
2026-09-28T12:33:19.415110142Z c1  s4   notify 32       486.8 ms HE    7 dec  2 frames  + 3003.2 ms peer-wait  (seq 2)
2026-09-28T12:33:19.484362022Z c1  s5   local  41        69.3 ms HE    1 dec  0 frames
2026-09-28T12:33:19.554312137Z c1  s6   local  22        69.4 ms HE    1 dec  0 frames
2026-09-28T12:33:19.623729996Z c1  s7   local  42        69.4 ms HE    1 dec  0 frames
2026-09-28T12:33:26.271817607Z c1  s8   2pc    33       277.2 ms HE    4 dec  4 frames  + 6009.5 ms peer-wait  (seq 3)
2026-09-28T12:33:29.539983604Z c1  s9   notify 34       278.1 ms HE    4 dec  2 frames  + 3003.8 ms peer-wait  (seq 4)
2026-09-28T12:33:32.823498595Z c1  s10  2pc    35       278.8 ms HE    4 dec  4 frames  + 3004.6 ms peer-wait  (seq 5)
2026-09-28T12:33:32.892619614Z c1  s11  local  53        69.3 ms HE    1 dec  0 frames
2026-09-28T12:33:32.962576131Z c1  s12  local  54        69.5 ms HE    1 dec  0 frames
2026-09-28T12:33:33.243400177Z c1  s13  notify 36       278.3 ms HE    4 dec  2 frames  + 1.6 ms peer-wait  (seq 6)
2026-09-28T12:33:33.815476650Z c1  s14  2pc    39       277.8 ms HE    4 dec  4 frames  + 5.5 ms peer-wait  (seq 7)
2026-09-28T12:33:39.026601664Z c1  s16  notify 30       277.9 ms HE    4 dec  2 frames  + 4503.0 ms peer-wait  (seq 8)
2026-09-28T12:33:39.097319045Z c1  s25  local  11        69.7 ms HE    1 dec  0 frames
2026-09-28T12:33:50.206627569Z c1  s26  local  21        69.4 ms HE    1 dec  0 frames
2026-09-28T12:33:50.276343972Z c1  s27  local  12        69.3 ms HE    1 dec  0 frames
2026-09-28T12:33:41.021512873Z c1  s28  2pc    31       278.1 ms HE    4 dec  4 frames  + 1504.5 ms peer-wait  (seq 9)
2026-09-28T12:33:41.302684184Z c1  s29  notify 32       278.3 ms HE    4 dec  2 frames  + 2.2 ms peer-wait  (seq 10)
2026-09-28T12:33:41.371822811Z c1  s30  local  41        69.3 ms HE    1 dec  0 frames
2026-09-28T12:33:41.441012162Z c1  s31  local  42        69.3 ms HE    1 dec  0 frames
2026-09-28T12:34:00.425697384Z 
2026-09-28T12:34:00.425769818Z ############################################################
2026-09-28T12:34:00.425774821Z   SAFE HALT on node 1: COMMIT unacknowledged — a participant may not have applied a shared event
2026-09-28T12:34:00.425778823Z   tx=66 rx=114 retx=18
2026-09-28T12:34:00.425781524Z   This node cannot prove its peers are in the same state, so it
2026-09-28T12:34:00.425784225Z   refuses to act further. Safety preserved, liveness is not —
2026-09-28T12:34:00.425786926Z   the Two Generals trade, made explicit.
2026-09-28T12:34:00.425789528Z ############################################################
2026-09-28T12:34:00.425792229Z 
2026-09-28T12:34:00.425794830Z 
2026-09-28T12:34:00.425797531Z ============================================================
2026-09-28T12:34:00.425800333Z   SUMMARY — node 1/2 — LOCAL MODULAR — UDP/IP multicast (RFC 1112)
2026-09-28T12:34:00.425803134Z ============================================================
2026-09-28T12:34:00.425805935Z   events this node FIRED:
2026-09-28T12:34:00.425808537Z   local (no network)     n=13   avg    80.39 ms  (HE   80.25 + net    0.00)  min   69.34  max   140.62    4.2%
2026-09-28T12:34:00.425811438Z   shared controllable    n=5    avg  2384.09 ms  (HE  278.16 + net 2105.83)  min  283.43  max  6286.81   47.5%
2026-09-28T12:34:00.425814339Z   shared uncontroll.     n=5    avg  2422.82 ms  (HE  319.86 + net 2102.76)  min  280.30  max  4780.96   48.3%
2026-09-28T12:34:00.425817241Z   events this node APPLIED for a peer (participant side):
2026-09-28T12:34:00.425820042Z   shared, applied              (none on this node)
2026-09-28T12:34:00.425822643Z   sync-wait (peers reaching a shared step): n=11 avg 119.83 ms, 1.3 s total
2026-09-28T12:34:00.425825845Z      not protocol cost — the plant catching up; kept out of the rows above
2026-09-28T12:34:00.425828546Z   ----------------------------------------------------------
2026-09-28T12:34:00.425831448Z   all events            n=23   avg  1090.42 ms  (HE  175.36 + net  914.91)
2026-09-28T12:34:00.425834349Z   PEER-WAIT + WIRE      83.9 % of total step time
2026-09-28T12:34:00.425837451Z      (compare against the round-trip probe above: the excess is
2026-09-28T12:34:00.425840252Z       the peer's own HE work, not the link.)
2026-09-28T12:34:00.425842853Z   frames: tx=66 rx=114 retransmits=18
2026-09-28T12:34:00.425845554Z   authentication: HMAC-SHA256/128, 10.2 us per frame; 0 rejected (bad tag), 0 stale/replayed dropped, 1 epoch challenges
2026-09-28T12:34:00.425882672Z   rx queue: peak 2/64 frames
2026-09-28T12:34:00.425885273Z   plant check: 0 event reports rejected as physically impossible
2026-09-28T12:34:00.425887274Z      (these supervisors carry the plant: an impossible uncontrollable event is caught)
2026-09-28T12:34:00.425889375Z   injected frame loss: 30 %
2026-09-28T12:34:00.425891276Z   ----------------------------------------------------------
2026-09-28T12:34:00.425893277Z   homomorphic vs cleartext oracle : PASS — every encrypted bit matched
2026-09-28T12:34:00.425896779Z      (PASS certifies the cryptography: each node's encrypted bits
2026-09-28T12:34:00.425898880Z       match its own clear model for the events it applied. It does
2026-09-28T12:34:00.425900781Z       not certify the distributed run — read the skips for that.)
2026-09-28T12:34:00.425902782Z   distributed vs MONOLITHIC sup.  : off — this header has no monolithic supervisor
2026-09-28T12:34:00.425904783Z   safe halt                       : COMMIT unacknowledged — a participant may not have applied a shared event
2026-09-28T12:34:00.425906984Z ============================================================
2026-09-28T12:33:49.402201316Z [!!] node 2 reported SAFE HALT
2026-09-28T12:33:49.402249539Z [!!] node 2 reported SAFE HALT
2026-09-28T12:33:49.402254541Z [!!] node 2 reported SAFE HALT
2026-09-28T12:34:10.437893651Z @@RESULT {"node":1,"nodes":2,"family":"LOCAL MODULAR","data":"supervisor_data_fms.h","transport":"UDP/IP multicast (RFC 1112)","fingerprint":"edbd7971","supervisors":["S0","S1","S2","S3"],"fired":{"local":13,"ctrl":5,"unctrl":5},"applied_for_peers":0,"skips":0,"impossible":0,"tx":66,"rx":117,"retx":18,"auth_bad":0,"replays":0,"challenges":1,"mac_us":10.24,"rxq_peak":3,"rxq_drops":0,"sync_wait_ms":1318.2,"oracle":"PASS","safe_halt":true,"halt_reason":"COMMIT unacknowledged — a participant may not have applied a shared event","cycle_end_ms":[],"rounds":5,"work_ms":0,"emu_scalarmul_ms":69.0,"loss_pct":30,"loss_seed":1944769127,"exit":2}
