2026-09-28T13:22:56.333980162Z des_container: node 2 of 7, LOCAL MODULAR, data supervisor_data_fms.h, transport UDP/IP multicast (RFC 1112)
2026-09-28T13:22:56.334051996Z des_container: EMULATING the ESP32 — every decryption takes at least 69.0 ms (DES_EMU_SCALARMUL_MS)
2026-09-28T13:22:56.334083711Z des_container: dropping 1 % of received frames, seed 2357937027 (DES_LOSS_SEED to replay)
2026-09-28T13:22:56.334088313Z 
2026-09-28T13:22:56.334091515Z ============================================================
2026-09-28T13:22:56.334093716Z   Distributed Homomorphic DES — generic engine
2026-09-28T13:22:56.334095617Z   node 2/7   family LOCAL MODULAR   7 supervisors   31 events
2026-09-28T13:22:56.334097418Z   data: supervisor_data_fms.h
2026-09-28T13:22:56.334098718Z ============================================================
2026-09-28T13:22:56.335058477Z --- event routing (DERIVED from the header, not hardcoded) ---
2026-09-28T13:22:56.335069582Z   event  ctrl  nodes      owner  class
2026-09-28T13:22:56.335071483Z   11     yes   1          1      local — no network
2026-09-28T13:22:56.335073184Z   12     no    1          1      local — no network
2026-09-28T13:22:56.335074484Z   21     yes   2          2      local — no network
2026-09-28T13:22:56.335075685Z   22     no    2          2      local — no network
2026-09-28T13:22:56.335076986Z   30     no    1 2 3 4 5 6 7  1      SHARED — needs network
2026-09-28T13:22:56.335078787Z   31     yes   1 2 3 4 5 6 7  1      SHARED — needs network
2026-09-28T13:22:56.335080087Z   32     no    1 2 3 4 5 6 7  1      SHARED — needs network
2026-09-28T13:22:56.335081388Z   33     yes   1 2 3 4 5 6 7  1      SHARED — needs network
2026-09-28T13:22:56.335082588Z   34     no    1 2 3 4 5 6 7  1      SHARED — needs network
2026-09-28T13:22:56.335083889Z   35     yes   1 2 3 4 5 6 7  1      SHARED — needs network
2026-09-28T13:22:56.335085090Z   36     no    1 2 3 4 5 6 7  1      SHARED — needs network
2026-09-28T13:22:56.335086390Z   37     yes   1 2 3 4 5 6 7  1      SHARED — needs network
2026-09-28T13:22:56.335087691Z   38     no    1 2 3 4 5 6 7  1      SHARED — needs network
2026-09-28T13:22:56.335088991Z   39     yes   1 2 3 4 5 6 7  1      SHARED — needs network
2026-09-28T13:22:56.335090292Z   41     yes   3          3      local — no network
2026-09-28T13:22:56.335091593Z   42     no    3          3      local — no network
2026-09-28T13:22:56.335092793Z   51     yes   4          4      local — no network
2026-09-28T13:22:56.335094094Z   52     no    4          4      local — no network
2026-09-28T13:22:56.335095394Z   53     yes   4          4      local — no network
2026-09-28T13:22:56.335133413Z   54     no    4          4      local — no network
2026-09-28T13:22:56.335137214Z   61     yes   5 6 7      5      SHARED — needs network
2026-09-28T13:22:56.335151921Z   63     yes   5 6 7      5      SHARED — needs network
2026-09-28T13:22:56.335154723Z   64     no    5 6 7      5      SHARED — needs network
2026-09-28T13:22:56.335156624Z   65     yes   5 6 7      5      SHARED — needs network
2026-09-28T13:22:56.335158325Z   66     no    5 6 7      5      SHARED — needs network
2026-09-28T13:22:56.335160325Z   71     yes   7          7      local — no network
2026-09-28T13:22:56.335162226Z   72     no    7          7      local — no network
2026-09-28T13:22:56.335164227Z   73     yes   7          7      local — no network
2026-09-28T13:22:56.335166328Z   74     no    7          7      local — no network
2026-09-28T13:22:56.335168529Z   81     yes   7          7      local — no network
2026-09-28T13:22:56.335170530Z   82     no    7          7      local — no network
2026-09-28T13:22:56.335172631Z   => 15/31 events shared; 16/31 need ZERO network traffic; 12 concern this node
2026-09-28T13:22:56.335175133Z   NOTE controllability was INFERRED from event labels (the header
2026-09-28T13:22:56.335178434Z        does not carry it). Check the 'ctrl' column above; if it is
2026-09-28T13:22:56.335180935Z        wrong, set DES_CONTROLLABLE_MASK explicitly.
2026-09-28T13:22:56.335182936Z 
2026-09-28T13:22:56.335184937Z [init] config fingerprint 04511541 — every node must print the same
2026-09-28T13:22:56.335187038Z 
2026-09-28T13:22:56.335309097Z [net] UDP multicast 239.192.7.1:5077  ttl=1  frame=44 B
2026-09-28T13:22:56.335319501Z --- crypto self-test ---
2026-09-28T13:22:56.338209482Z   Enc(0)->0 Enc(1)->1                PASS
2026-09-28T13:22:56.339220965Z   Enc(1)+Enc(1)->1 homomorphic OR   PASS
2026-09-28T13:22:56.340503478Z   Enc(0)+Enc(0)->0                  PASS
2026-09-28T13:22:56.341570688Z   curve secp192r1, ciphertext 50 B    PASS
2026-09-28T13:22:56.341580692Z   frame tag HMAC-SHA256/128: 1.6 us, 1-bit tamper caught  PASS
2026-09-28T13:22:56.341583394Z 
2026-09-28T13:22:56.341585595Z --- encrypting my supervisors' initial states ---
2026-09-28T13:22:56.341587996Z [load] S1         idx 1   18 states  12 constraining ev     900 B ciphertext
2026-09-28T13:22:57.188045437Z [init] my keypair is mine alone; no ciphertext ever leaves this node
2026-09-28T13:22:57.188103765Z [init] my enablement: 11=1 12=1 21=1 22=0 30=0 31=1 32=0 33=0 34=0 35=1 36=0 37=1 38=0 39=1 41=1 42=1 51=1 52=1 53=1 54=1 61=1 63=1 64=1 65=1 66=1 71=1 72=1 73=1 74=1 81=1 82=1
2026-09-28T13:22:57.188109768Z 
2026-09-28T13:22:58.393666146Z [net] waiting for 6 peer(s)...... all present.
2026-09-28T13:22:59.898748104Z 
2026-09-28T13:22:59.898834445Z ============================================================
2026-09-28T13:22:59.898948700Z   RUN — SIM_SEQ driver — 5 cycles x 44 steps — LOCAL MODULAR
2026-09-28T13:22:59.899022035Z   columns: cN sNN = cycle/step of MY walk; · = a peer caused this
2026-09-28T13:22:59.899037842Z   'done at': run clock, common to all nodes; a cycle is over at the
2026-09-28T13:22:59.899049448Z   LATEST node's print, machine time (DES_WORK_MS 0) included
2026-09-28T13:22:59.899060353Z ============================================================
2026-09-28T13:22:59.899072059Z 
2026-09-28T13:22:59.899081963Z -- cycle 1/5 --
2026-09-28T13:23:00.041891782Z c1  s0   local  21       142.7 ms HE    2 dec  0 frames
2026-09-28T13:23:01.280795369Z     ·     vote   31    YES to node 1          (seq 1)
2026-09-28T13:23:01.357266498Z     ·     apply  31        70.1 ms HE    1 dec  from node 1  (seq 1)
2026-09-28T13:23:01.515657859Z     ·     apply  32        69.7 ms HE    1 dec  from node 1  (seq 2)
2026-09-28T13:23:01.588590698Z c1  s6   local  22        69.6 ms HE    1 dec  0 frames
2026-09-28T13:23:01.733179166Z     ·     vote   33    YES to node 1          (seq 3)
2026-09-28T13:23:01.805715616Z     ·     apply  33        69.6 ms HE    1 dec  from node 1  (seq 3)
2026-09-28T13:23:01.967098607Z     ·     apply  34        69.7 ms HE    1 dec  from node 1  (seq 4)
2026-09-28T13:23:02.132647087Z     ·     vote   35    YES to node 1          (seq 5)
2026-09-28T13:23:02.208031697Z     ·     apply  35        70.1 ms HE    1 dec  from node 1  (seq 5)
2026-09-28T13:23:02.424975128Z     ·     apply  36        70.2 ms HE    1 dec  from node 1  (seq 6)
2026-09-28T13:23:02.584735744Z     ·     vote   39    YES to node 1          (seq 7)
2026-09-28T13:23:04.084438832Z     ·     vote   39    YES to node 1          (seq 7)
2026-09-28T13:23:04.160403219Z     ·     apply  39        70.0 ms HE    1 dec  from node 1  (seq 7)
2026-09-28T13:23:05.879352451Z     ·     apply  30        69.4 ms HE    1 dec  from node 1  (seq 8)
2026-09-28T13:23:05.951490510Z c1  s26  local  21        69.3 ms HE    1 dec  0 frames
2026-09-28T13:23:08.030252607Z     ·     vote   31    YES to node 1          (seq 9)
2026-09-28T13:23:08.103253679Z     ·     apply  31        70.0 ms HE    1 dec  from node 1  (seq 9)
2026-09-28T13:23:08.182015802Z     ·     apply  32        69.9 ms HE    1 dec  from node 1  (seq 10)
2026-09-28T13:23:08.328513282Z     ·     vote   35    YES to node 1          (seq 11)
2026-09-28T13:23:08.403896692Z     ·     apply  35        69.7 ms HE    1 dec  from node 1  (seq 11)
2026-09-28T13:23:08.478794169Z     ·     apply  36        69.8 ms HE    1 dec  from node 1  (seq 12)
2026-09-28T13:23:08.551013368Z c1  s34  local  22        69.5 ms HE    1 dec  0 frames
2026-09-28T13:23:08.776861352Z     ·     vote   33    YES to node 1          (seq 13)
2026-09-28T13:23:08.851743722Z     ·     apply  33        69.9 ms HE    1 dec  from node 1  (seq 13)
2026-09-28T13:23:08.928257072Z     ·     apply  34        69.7 ms HE    1 dec  from node 1  (seq 14)
2026-09-28T13:23:21.502720737Z     ·     vote   37    YES to node 1          (seq 15)
2026-09-28T13:23:21.575615758Z     ·     apply  37        69.8 ms HE    1 dec  from node 1  (seq 15)
2026-09-28T13:23:21.654289239Z     ·     apply  38        70.1 ms HE    1 dec  from node 1  (seq 16)
2026-09-28T13:23:21.657004336Z -- cycle 1/5 done at 9616.6 ms --
2026-09-28T13:23:21.657094879Z 
2026-09-28T13:23:21.657113688Z -- cycle 2/5 --
2026-09-28T13:23:10.736736144Z c2  s0   local  21        69.4 ms HE    1 dec  0 frames
2026-09-28T13:23:10.975689688Z     ·     vote   31    YES to node 1          (seq 17)
2026-09-28T13:23:12.475564559Z     ·     vote   31    YES to node 1          (seq 17)
2026-09-28T13:23:12.551521242Z     ·     apply  31        69.9 ms HE    1 dec  from node 1  (seq 17)
2026-09-28T13:23:12.626072554Z     ·     apply  32        70.1 ms HE    1 dec  from node 1  (seq 18)
2026-09-28T13:23:12.699385975Z c2  s6   local  22        70.0 ms HE    1 dec  0 frames
2026-09-28T13:23:12.773411236Z     ·     vote   33    YES to node 1          (seq 19)
2026-09-28T13:23:12.848207765Z     ·     apply  33        70.0 ms HE    1 dec  from node 1  (seq 19)
2026-09-28T13:23:12.926056853Z     ·     apply  34        69.8 ms HE    1 dec  from node 1  (seq 20)
2026-09-28T13:23:12.932677115Z     ·     vote   35    YES to node 1          (seq 21)
2026-09-28T13:23:13.005998740Z     ·     apply  35        69.8 ms HE    1 dec  from node 1  (seq 21)
2026-09-28T13:23:13.222406415Z     ·     apply  36        69.7 ms HE    1 dec  from node 1  (seq 22)
2026-09-28T13:23:13.227819801Z     ·     vote   39    YES to node 1          (seq 23)
2026-09-28T13:23:13.302971300Z     ·     apply  39        69.9 ms HE    1 dec  from node 1  (seq 23)
2026-09-28T13:23:16.363522419Z     ·     apply  30        70.1 ms HE    1 dec  from node 1  (seq 24)
2026-09-28T13:23:16.435694395Z c2  s26  local  21        69.7 ms HE    1 dec  0 frames
2026-09-28T13:23:18.447998345Z     ·     vote   31    YES to node 1          (seq 25)
2026-09-28T13:23:20.094233030Z     ·     apply  31        70.0 ms HE    1 dec  from node 1  (seq 25)
2026-09-28T13:23:21.585239050Z     ·     apply  32        69.3 ms HE    1 dec  from node 1  (seq 26)
2026-09-28T13:23:21.729277956Z     ·     vote   35    YES to node 1          (seq 27)
2026-09-28T13:23:21.803867386Z     ·     apply  35        69.9 ms HE    1 dec  from node 1  (seq 27)
2026-09-28T13:23:21.878812987Z     ·     apply  36        69.9 ms HE    1 dec  from node 1  (seq 28)
2026-09-28T13:23:21.950739045Z c2  s34  local  22        70.0 ms HE    1 dec  0 frames
2026-09-28T13:23:23.384902826Z     ·     vote   33    YES to node 1          (seq 29)
2026-09-28T13:23:23.457248684Z     ·     apply  33        69.8 ms HE    1 dec  from node 1  (seq 29)
2026-09-28T13:23:25.034242293Z     ·     apply  34        70.0 ms HE    1 dec  from node 1  (seq 30)
2026-09-28T13:23:25.182162553Z     ·     vote   37    YES to node 1          (seq 31)
2026-09-28T13:23:25.255940195Z     ·     apply  37        70.1 ms HE    1 dec  from node 1  (seq 31)
2026-09-28T13:23:25.336398329Z     ·     apply  38        70.0 ms HE    1 dec  from node 1  (seq 32)
2026-09-28T13:23:25.338832492Z -- cycle 2/5 done at 24307.4 ms --
2026-09-28T13:23:25.338890720Z 
2026-09-28T13:23:25.338905827Z -- cycle 3/5 --
2026-09-28T13:23:25.409545671Z c3  s0   local  21        69.7 ms HE    1 dec  0 frames
2026-09-28T13:23:36.506779670Z     ·     vote   31    YES to node 1          (seq 33)
2026-09-28T13:23:36.581609815Z     ·     apply  31        69.8 ms HE    1 dec  from node 1  (seq 33)
2026-09-28T13:23:36.658630207Z     ·     apply  32        69.9 ms HE    1 dec  from node 1  (seq 34)
2026-09-28T13:23:36.731274708Z c3  s6   local  22        69.8 ms HE    1 dec  0 frames
2026-09-28T13:23:25.779759807Z     ·     vote   33    YES to node 1          (seq 35)
2026-09-28T13:23:25.851842740Z     ·     apply  33        69.5 ms HE    1 dec  from node 1  (seq 35)
2026-09-28T13:23:27.429446040Z     ·     apply  34        70.3 ms HE    1 dec  from node 1  (seq 36)
2026-09-28T13:23:27.436100019Z     ·     vote   35    YES to node 1          (seq 37)
2026-09-28T13:23:27.510969283Z     ·     apply  35        70.2 ms HE    1 dec  from node 1  (seq 37)
2026-09-28T13:23:27.728908989Z     ·     apply  36        70.3 ms HE    1 dec  from node 1  (seq 38)
2026-09-28T13:23:29.304313739Z     ·     vote   39    YES to node 1          (seq 39)
2026-09-28T13:23:29.380584373Z     ·     apply  39        70.3 ms HE    1 dec  from node 1  (seq 39)
2026-09-28T13:23:29.538486501Z     ·     apply  30        69.8 ms HE    1 dec  from node 1  (seq 40)
2026-09-28T13:23:29.611073174Z c3  s26  local  21        69.7 ms HE    1 dec  0 frames
2026-09-28T13:23:30.120621379Z     ·     vote   31    YES to node 1          (seq 41)
2026-09-28T13:23:30.193582131Z     ·     apply  31        70.0 ms HE    1 dec  from node 1  (seq 41)
2026-09-28T13:23:30.270775605Z     ·     apply  32        69.6 ms HE    1 dec  from node 1  (seq 42)
2026-09-28T13:23:30.417661571Z     ·     vote   35    YES to node 1          (seq 43)
2026-09-28T13:23:41.515080535Z     ·     apply  35        69.9 ms HE    1 dec  from node 1  (seq 43)
2026-09-28T13:23:41.593629356Z     ·     apply  36        69.8 ms HE    1 dec  from node 1  (seq 44)
2026-09-28T13:23:41.666031042Z c3  s34  local  22        69.8 ms HE    1 dec  0 frames
2026-09-28T13:23:41.681369269Z     ·     vote   33    YES to node 1          (seq 45)
2026-09-28T13:23:41.757146967Z     ·     apply  33        69.8 ms HE    1 dec  from node 1  (seq 45)
2026-09-28T13:23:30.830790233Z     ·     apply  34        69.9 ms HE    1 dec  from node 1  (seq 46)
2026-09-28T13:23:30.976329955Z     ·     vote   37    YES to node 1          (seq 47)
2026-09-28T13:23:31.047997990Z     ·     apply  37        69.3 ms HE    1 dec  from node 1  (seq 47)
2026-09-28T13:23:31.126087792Z     ·     apply  38        69.7 ms HE    1 dec  from node 1  (seq 48)
2026-09-28T13:23:31.128328063Z -- cycle 3/5 done at 30102.8 ms --
2026-09-28T13:23:31.128397596Z 
2026-09-28T13:23:31.128412903Z -- cycle 4/5 --
2026-09-28T13:23:31.198479473Z c4  s0   local  21        69.8 ms HE    1 dec  0 frames
2026-09-28T13:23:31.290052116Z     ·     vote   31    YES to node 1          (seq 49)
2026-09-28T13:23:31.364292980Z     ·     apply  31        69.4 ms HE    1 dec  from node 1  (seq 49)
2026-09-28T13:23:31.440985315Z     ·     apply  32        69.7 ms HE    1 dec  from node 1  (seq 50)
2026-09-28T13:23:31.513442227Z c4  s6   local  22        69.8 ms HE    1 dec  0 frames
2026-09-28T13:23:31.587608255Z     ·     vote   33    YES to node 1          (seq 51)
2026-09-28T13:23:31.662696123Z     ·     apply  33        69.8 ms HE    1 dec  from node 1  (seq 51)
2026-09-28T13:23:31.738112649Z     ·     apply  34        69.7 ms HE    1 dec  from node 1  (seq 52)
2026-09-28T13:23:31.747170475Z     ·     vote   35    YES to node 1          (seq 53)
2026-09-28T13:23:31.820943216Z     ·     apply  35        69.3 ms HE    1 dec  from node 1  (seq 53)
2026-09-28T13:23:32.039879599Z     ·     apply  36        69.7 ms HE    1 dec  from node 1  (seq 54)
2026-09-28T13:23:32.045468468Z     ·     vote   39    YES to node 1          (seq 55)
2026-09-28T13:23:32.121353918Z     ·     apply  39        70.0 ms HE    1 dec  from node 1  (seq 55)
2026-09-28T13:23:33.696857815Z     ·     apply  30        70.3 ms HE    1 dec  from node 1  (seq 56)
2026-09-28T13:23:33.770190245Z c4  s26  local  21        70.1 ms HE    1 dec  0 frames
2026-09-28T13:23:34.579794882Z     ·     vote   31    YES to node 1          (seq 57)
2026-09-28T13:23:34.654083669Z     ·     apply  31        70.1 ms HE    1 dec  from node 1  (seq 57)
2026-09-28T13:23:36.241310938Z     ·     apply  32        70.0 ms HE    1 dec  from node 1  (seq 58)
2026-09-28T13:23:36.387806417Z     ·     vote   35    YES to node 1          (seq 59)
2026-09-28T13:23:36.463954091Z     ·     apply  35        69.9 ms HE    1 dec  from node 1  (seq 59)
2026-09-28T13:23:36.539200536Z     ·     apply  36        69.9 ms HE    1 dec  from node 1  (seq 60)
2026-09-28T13:23:36.612180797Z c4  s34  local  22        70.0 ms HE    1 dec  0 frames
2026-09-28T13:23:36.627574251Z     ·     vote   33    YES to node 1          (seq 61)
2026-09-28T13:23:36.700144416Z     ·     apply  33        69.9 ms HE    1 dec  from node 1  (seq 61)
2026-09-28T13:23:36.778351875Z     ·     apply  34        69.9 ms HE    1 dec  from node 1  (seq 62)
2026-09-28T13:23:36.924296491Z     ·     vote   37    YES to node 1          (seq 63)
2026-09-28T13:23:38.425029071Z     ·     vote   37    YES to node 1          (seq 63)
2026-09-28T13:23:38.498380010Z     ·     apply  37        70.4 ms HE    1 dec  from node 1  (seq 63)
2026-09-28T13:23:38.576318840Z     ·     apply  38        70.1 ms HE    1 dec  from node 1  (seq 64)
2026-09-28T13:23:38.579299364Z -- cycle 4/5 done at 37541.1 ms --
2026-09-28T13:23:38.579356991Z 
2026-09-28T13:23:38.579367996Z -- cycle 5/5 --
2026-09-28T13:23:38.649746815Z c5  s0   local  21        69.9 ms HE    1 dec  0 frames
2026-09-28T13:23:38.741347072Z     ·     vote   31    YES to node 1          (seq 65)
2026-09-28T13:23:38.813609290Z     ·     apply  31        70.0 ms HE    1 dec  from node 1  (seq 65)
2026-09-28T13:23:38.891406053Z     ·     apply  32        69.8 ms HE    1 dec  from node 1  (seq 66)
2026-09-28T13:23:38.964472356Z c5  s6   local  22        69.8 ms HE    1 dec  0 frames
2026-09-28T13:23:39.037252322Z     ·     vote   33    YES to node 1          (seq 67)
2026-09-28T13:23:39.112264754Z     ·     apply  33        69.5 ms HE    1 dec  from node 1  (seq 67)
2026-09-28T13:23:39.189876128Z     ·     apply  34        69.8 ms HE    1 dec  from node 1  (seq 68)
2026-09-28T13:23:39.195926118Z     ·     vote   35    YES to node 1          (seq 69)
2026-09-28T13:23:39.269605013Z     ·     apply  35        69.3 ms HE    1 dec  from node 1  (seq 69)
2026-09-28T13:23:39.486520331Z     ·     apply  36        70.0 ms HE    1 dec  from node 1  (seq 70)
2026-09-28T13:23:39.492390635Z     ·     vote   39    YES to node 1          (seq 71)
2026-09-28T13:23:39.565582798Z     ·     apply  39        70.0 ms HE    1 dec  from node 1  (seq 71)
2026-09-28T13:23:39.723992168Z     ·     apply  30        69.9 ms HE    1 dec  from node 1  (seq 72)
2026-09-28T13:23:39.797014650Z c5  s26  local  21        69.7 ms HE    1 dec  0 frames
2026-09-28T13:23:40.308067773Z     ·     vote   31    YES to node 1          (seq 73)
2026-09-28T13:23:40.382698123Z     ·     apply  31        69.9 ms HE    1 dec  from node 1  (seq 73)
2026-09-28T13:23:42.018518542Z     ·     apply  32        69.9 ms HE    1 dec  from node 1  (seq 74)
2026-09-28T13:23:45.021408682Z     ·     vote   35    YES to node 1          (seq 75)
2026-09-28T13:23:45.094900188Z     ·     apply  35        70.2 ms HE    1 dec  from node 1  (seq 75)
2026-09-28T13:23:46.670636695Z     ·     apply  36        69.8 ms HE    1 dec  from node 1  (seq 76)
2026-09-28T13:23:46.743561130Z c5  s34  local  22        69.8 ms HE    1 dec  0 frames
2026-09-28T13:23:46.761170142Z     ·     vote   33    YES to node 1          (seq 77)
2026-09-28T13:23:46.836904219Z     ·     apply  33        69.8 ms HE    1 dec  from node 1  (seq 77)
2026-09-28T13:23:48.485526144Z     ·     apply  34        69.9 ms HE    1 dec  from node 1  (seq 78)
2026-09-28T13:23:48.794176082Z     ·     vote   37    YES to node 1          (seq 79)
2026-09-28T13:23:48.869922065Z     ·     apply  37        70.0 ms HE    1 dec  from node 1  (seq 79)
2026-09-28T13:23:48.945540186Z     ·     apply  38        70.1 ms HE    1 dec  from node 1  (seq 80)
2026-09-28T13:23:48.947383967Z -- cycle 5/5 done at 47922.6 ms --
2026-09-28T13:23:48.947438593Z 
2026-09-28T13:23:48.947456802Z ============================================================
2026-09-28T13:23:48.947471509Z   SUMMARY — node 2/7 — LOCAL MODULAR — UDP/IP multicast (RFC 1112)
2026-09-28T13:23:48.947486416Z ============================================================
2026-09-28T13:23:48.947499922Z   events this node FIRED:
2026-09-28T13:23:48.947512528Z   local (no network)     n=20   avg    73.63 ms  (HE   73.41 + net    0.00)  min   69.42  max   142.93  100.0%
2026-09-28T13:23:48.947526535Z   shared controllable          (none on this node)
2026-09-28T13:23:48.947539341Z   shared uncontroll.           (none on this node)
2026-09-28T13:23:48.947551547Z   events this node APPLIED for a peer (participant side):
2026-09-28T13:23:48.947564553Z   shared, applied        n=80   avg    69.88 ms  (HE   69.88 + net    0.00)  min   69.30  max    70.37
2026-09-28T13:23:48.947577059Z   run clock, end of cycles 1..5 (ms): 9616.6 24307.4 30102.8 37541.1 47922.6
2026-09-28T13:23:48.947589465Z      a cycle is over at the LATEST node's value; DES_WORK_MS 0 included
2026-09-28T13:23:48.947601871Z   ----------------------------------------------------------
2026-09-28T13:23:48.947613977Z   all events            n=20   avg    73.63 ms  (HE   73.41 + net    0.00)
2026-09-28T13:23:48.947627183Z   PEER-WAIT + WIRE      0.0 % of total step time
2026-09-28T13:23:48.947639489Z      (compare against the round-trip probe above: the excess is
2026-09-28T13:23:48.947670404Z       the peer's own HE work, not the link.)
2026-09-28T13:23:48.947683110Z   frames: tx=369 rx=2172 retransmits=0
2026-09-28T13:23:48.947696616Z   authentication: HMAC-SHA256/128, 1.6 us per frame; 0 rejected (bad tag), 0 stale/replayed dropped, 6 epoch challenges
2026-09-28T13:23:48.947709422Z   rx queue: peak 14/64 frames
2026-09-28T13:23:48.947722729Z   plant check: 0 event reports rejected as physically impossible
2026-09-28T13:23:48.947735535Z      (these supervisors carry the plant: an impossible uncontrollable event is caught)
2026-09-28T13:23:48.947748441Z   injected frame loss: 1 %
2026-09-28T13:23:48.947761247Z   ----------------------------------------------------------
2026-09-28T13:23:48.947773853Z   homomorphic vs cleartext oracle : PASS — every encrypted bit matched
2026-09-28T13:23:48.947786459Z      (PASS certifies the cryptography: each node's encrypted bits
2026-09-28T13:23:48.947799265Z       match its own clear model for the events it applied. It does
2026-09-28T13:23:48.948071095Z       not certify the distributed run — read the skips for that.)
2026-09-28T13:23:48.948105512Z   distributed vs MONOLITHIC sup.  : off — this header has no monolithic supervisor
2026-09-28T13:23:48.948122320Z   safe halt                       : no — ran to completion
2026-09-28T13:23:48.948136326Z ============================================================
2026-09-28T13:23:58.947924670Z @@RESULT {"node":2,"nodes":7,"family":"LOCAL MODULAR","data":"supervisor_data_fms.h","transport":"UDP/IP multicast (RFC 1112)","fingerprint":"04511541","supervisors":["S1"],"fired":{"local":20,"ctrl":0,"unctrl":0},"applied_for_peers":80,"skips":0,"impossible":0,"tx":369,"rx":2185,"retx":0,"auth_bad":0,"replays":0,"challenges":6,"mac_us":1.65,"rxq_peak":14,"rxq_drops":0,"sync_wait_ms":0.0,"oracle":"PASS","safe_halt":false,"halt_reason":"","cycle_end_ms":[9616.6,24307.4,30102.8,37541.1,47922.6],"rounds":5,"work_ms":0,"emu_scalarmul_ms":69.0,"loss_pct":1,"loss_seed":2357937027,"exit":0}
