2026-09-28T13:22:57.090025514Z des_container: node 5 of 7, LOCAL MODULAR, data supervisor_data_fms.h, transport UDP/IP multicast (RFC 1112)
2026-09-28T13:22:57.090068735Z des_container: EMULATING the ESP32 — every decryption takes at least 69.0 ms (DES_EMU_SCALARMUL_MS)
2026-09-28T13:22:57.090071937Z des_container: dropping 1 % of received frames, seed 2975826914 (DES_LOSS_SEED to replay)
2026-09-28T13:22:57.090073437Z 
2026-09-28T13:22:57.090074738Z ============================================================
2026-09-28T13:22:57.090076039Z   Distributed Homomorphic DES — generic engine
2026-09-28T13:22:57.090077439Z   node 5/7   family LOCAL MODULAR   7 supervisors   31 events
2026-09-28T13:22:57.090078640Z   data: supervisor_data_fms.h
2026-09-28T13:22:57.090079940Z ============================================================
2026-09-28T13:22:57.091023691Z --- event routing (DERIVED from the header, not hardcoded) ---
2026-09-28T13:22:57.091031995Z   event  ctrl  nodes      owner  class
2026-09-28T13:22:57.091033896Z   11     yes   1          1      local — no network
2026-09-28T13:22:57.091035397Z   12     no    1          1      local — no network
2026-09-28T13:22:57.091036698Z   21     yes   2          2      local — no network
2026-09-28T13:22:57.091037898Z   22     no    2          2      local — no network
2026-09-28T13:22:57.091039299Z   30     no    1 2 3 4 5 6 7  1      SHARED — needs network
2026-09-28T13:22:57.091040499Z   31     yes   1 2 3 4 5 6 7  1      SHARED — needs network
2026-09-28T13:22:57.091041700Z   32     no    1 2 3 4 5 6 7  1      SHARED — needs network
2026-09-28T13:22:57.091043301Z   33     yes   1 2 3 4 5 6 7  1      SHARED — needs network
2026-09-28T13:22:57.091044601Z   34     no    1 2 3 4 5 6 7  1      SHARED — needs network
2026-09-28T13:22:57.091045802Z   35     yes   1 2 3 4 5 6 7  1      SHARED — needs network
2026-09-28T13:22:57.091047102Z   36     no    1 2 3 4 5 6 7  1      SHARED — needs network
2026-09-28T13:22:57.091048303Z   37     yes   1 2 3 4 5 6 7  1      SHARED — needs network
2026-09-28T13:22:57.091049704Z   38     no    1 2 3 4 5 6 7  1      SHARED — needs network
2026-09-28T13:22:57.091050904Z   39     yes   1 2 3 4 5 6 7  1      SHARED — needs network
2026-09-28T13:22:57.091052205Z   41     yes   3          3      local — no network
2026-09-28T13:22:57.091053506Z   42     no    3          3      local — no network
2026-09-28T13:22:57.091054706Z   51     yes   4          4      local — no network
2026-09-28T13:22:57.091055907Z   52     no    4          4      local — no network
2026-09-28T13:22:57.091057107Z   53     yes   4          4      local — no network
2026-09-28T13:22:57.091058408Z   54     no    4          4      local — no network
2026-09-28T13:22:57.091059608Z   61     yes   5 6 7      5      SHARED — needs network
2026-09-28T13:22:57.091069213Z   63     yes   5 6 7      5      SHARED — needs network
2026-09-28T13:22:57.091070814Z   64     no    5 6 7      5      SHARED — needs network
2026-09-28T13:22:57.091072114Z   65     yes   5 6 7      5      SHARED — needs network
2026-09-28T13:22:57.091073315Z   66     no    5 6 7      5      SHARED — needs network
2026-09-28T13:22:57.091074616Z   71     yes   7          7      local — no network
2026-09-28T13:22:57.091075816Z   72     no    7          7      local — no network
2026-09-28T13:22:57.091090823Z   73     yes   7          7      local — no network
2026-09-28T13:22:57.091092624Z   74     no    7          7      local — no network
2026-09-28T13:22:57.091093825Z   81     yes   7          7      local — no network
2026-09-28T13:22:57.091095125Z   82     no    7          7      local — no network
2026-09-28T13:22:57.091096426Z   => 15/31 events shared; 16/31 need ZERO network traffic; 15 concern this node
2026-09-28T13:22:57.091097927Z   NOTE controllability was INFERRED from event labels (the header
2026-09-28T13:22:57.091099628Z        does not carry it). Check the 'ctrl' column above; if it is
2026-09-28T13:22:57.091100928Z        wrong, set DES_CONTROLLABLE_MASK explicitly.
2026-09-28T13:22:57.091102329Z 
2026-09-28T13:22:57.091103529Z [init] config fingerprint 04511541 — every node must print the same
2026-09-28T13:22:57.091104830Z 
2026-09-28T13:22:57.091195573Z [net] UDP multicast 239.192.7.1:5077  ttl=1  frame=44 B
2026-09-28T13:22:57.091201976Z --- crypto self-test ---
2026-09-28T13:22:57.093658450Z   Enc(0)->0 Enc(1)->1                PASS
2026-09-28T13:22:57.094583992Z   Enc(1)+Enc(1)->1 homomorphic OR   PASS
2026-09-28T13:22:57.095298133Z   Enc(0)+Enc(0)->0                  PASS
2026-09-28T13:22:57.095316142Z   curve secp192r1, ciphertext 50 B    PASS
2026-09-28T13:22:57.095397080Z   frame tag HMAC-SHA256/128: 1.6 us, 1-bit tamper caught  PASS
2026-09-28T13:22:57.095406785Z 
2026-09-28T13:22:57.095408686Z --- encrypting my supervisors' initial states ---
2026-09-28T13:22:57.095410187Z [load] S4         idx 4   44 states  15 constraining ev    2200 B ciphertext
2026-09-28T13:22:58.187723870Z [init] my keypair is mine alone; no ciphertext ever leaves this node
2026-09-28T13:22:58.187795304Z [init] my enablement: 11=1 12=1 21=1 22=1 30=0 31=1 32=0 33=1 34=0 35=1 36=0 37=1 38=0 39=1 41=1 42=1 51=1 52=1 53=1 54=1 61=0 63=0 64=0 65=0 66=0 71=1 72=1 73=1 74=1 81=1 82=1
2026-09-28T13:22:58.187807810Z 
2026-09-28T13:22:58.390537752Z [net] waiting for 6 peer(s). all present.
2026-09-28T13:22:59.898658161Z 
2026-09-28T13:22:59.898770715Z ============================================================
2026-09-28T13:22:59.898867761Z   RUN — SIM_SEQ driver — 5 cycles x 44 steps — LOCAL MODULAR
2026-09-28T13:22:59.902773727Z   columns: cN sNN = cycle/step of MY walk; · = a peer caused this
2026-09-28T13:22:59.902848763Z   'done at': run clock, common to all nodes; a cycle is over at the
2026-09-28T13:22:59.902866171Z   LATEST node's print, machine time (DES_WORK_MS 0) included
2026-09-28T13:22:59.902877877Z ============================================================
2026-09-28T13:22:59.902888482Z 
2026-09-28T13:22:59.902971821Z -- cycle 1/5 --
2026-09-28T13:23:01.280913025Z     ·     vote   31    YES to node 1          (seq 1)
2026-09-28T13:23:01.360672725Z     ·     apply  31        74.0 ms HE    1 dec  from node 1  (seq 1)
2026-09-28T13:23:01.590097718Z     ·     apply  32       144.0 ms HE    2 dec  from node 1  (seq 2)
2026-09-28T13:23:01.732968666Z     ·     vote   33    YES to node 1          (seq 3)
2026-09-28T13:23:01.811503981Z     ·     apply  33        74.8 ms HE    1 dec  from node 1  (seq 3)
2026-09-28T13:23:02.042999663Z     ·     apply  34       145.8 ms HE    2 dec  from node 1  (seq 4)
2026-09-28T13:23:02.133539313Z     ·     vote   35    YES to node 1          (seq 5)
2026-09-28T13:23:02.209538917Z     ·     apply  35        71.1 ms HE    1 dec  from node 1  (seq 5)
2026-09-28T13:23:02.496569628Z     ·     apply  36       141.4 ms HE    2 dec  from node 1  (seq 6)
2026-09-28T13:23:02.584567963Z     ·     vote   39    YES to node 1          (seq 7)
2026-09-28T13:23:04.084577798Z     ·     vote   39    YES to node 1          (seq 7)
2026-09-28T13:23:04.232309167Z     ·     apply  39       141.7 ms HE    2 dec  from node 1  (seq 7)
2026-09-28T13:23:05.807618284Z c1  s15  2pc    61        69.7 ms HE    1 dec  6 frames  + 1506.6 ms peer-wait  (seq 1)
2026-09-28T13:23:05.879252603Z     ·     apply  30        69.5 ms HE    1 dec  from node 1  (seq 8)
2026-09-28T13:23:07.880164712Z c1  s23  2pc    65        69.6 ms HE    1 dec  6 frames  + 1509.1 ms peer-wait  (seq 2)
2026-09-28T13:23:07.952205325Z c1  s24  notify 66        69.7 ms HE    1 dec  3 frames  + 1.9 ms peer-wait  (seq 3)
2026-09-28T13:23:08.028365406Z     ·     vote   31    YES to node 1          (seq 9)
2026-09-28T13:23:08.103621755Z     ·     apply  31        69.8 ms HE    1 dec  from node 1  (seq 9)
2026-09-28T13:23:08.180897768Z     ·     apply  32        69.7 ms HE    1 dec  from node 1  (seq 10)
2026-09-28T13:23:08.328402930Z     ·     vote   35    YES to node 1          (seq 11)
2026-09-28T13:23:08.404706479Z     ·     apply  35        69.6 ms HE    1 dec  from node 1  (seq 11)
2026-09-28T13:23:08.478784865Z     ·     apply  36        69.9 ms HE    1 dec  from node 1  (seq 12)
2026-09-28T13:23:08.630918437Z c1  s35  2pc    61        69.9 ms HE    1 dec  6 frames  + 6.7 ms peer-wait  (seq 4)
2026-09-28T13:23:08.776918680Z     ·     vote   33    YES to node 1          (seq 13)
2026-09-28T13:23:08.850765055Z     ·     apply  33        69.9 ms HE    1 dec  from node 1  (seq 13)
2026-09-28T13:23:08.927974137Z     ·     apply  34        69.8 ms HE    1 dec  from node 1  (seq 14)
2026-09-28T13:23:21.502291331Z     ·     vote   37    YES to node 1          (seq 15)
2026-09-28T13:23:21.578054723Z     ·     apply  37        70.0 ms HE    1 dec  from node 1  (seq 15)
2026-09-28T13:23:21.652831142Z     ·     apply  38        69.7 ms HE    1 dec  from node 1  (seq 16)
2026-09-28T13:23:10.743853143Z c1  s42  2pc    63        69.3 ms HE    1 dec  6 frames  + 6.1 ms peer-wait  (seq 5)
2026-09-28T13:23:10.819190231Z c1  s43  notify 64        69.3 ms HE    1 dec  3 frames  + 1.5 ms peer-wait  (seq 6)
2026-09-28T13:23:10.819214842Z -- cycle 1/5 done at 9769.1 ms --
2026-09-28T13:23:10.819217344Z 
2026-09-28T13:23:10.819218944Z -- cycle 2/5 --
2026-09-28T13:23:10.975646868Z     ·     vote   31    YES to node 1          (seq 17)
2026-09-28T13:23:12.475826584Z     ·     vote   31    YES to node 1          (seq 17)
2026-09-28T13:23:12.549102987Z     ·     apply  31        69.8 ms HE    1 dec  from node 1  (seq 17)
2026-09-28T13:23:12.625866656Z     ·     apply  32        69.8 ms HE    1 dec  from node 1  (seq 18)
2026-09-28T13:23:12.774846822Z     ·     vote   33    YES to node 1          (seq 19)
2026-09-28T13:23:12.848774736Z     ·     apply  33        70.1 ms HE    1 dec  from node 1  (seq 19)
2026-09-28T13:23:12.924311719Z     ·     apply  34        69.9 ms HE    1 dec  from node 1  (seq 20)
2026-09-28T13:23:12.932631593Z     ·     vote   35    YES to node 1          (seq 21)
2026-09-28T13:23:13.011927372Z     ·     apply  35        69.7 ms HE    1 dec  from node 1  (seq 21)
2026-09-28T13:23:13.222636425Z     ·     apply  36        69.7 ms HE    1 dec  from node 1  (seq 22)
2026-09-28T13:23:13.227584789Z     ·     vote   39    YES to node 1          (seq 23)
2026-09-28T13:23:13.302877355Z     ·     apply  39        69.9 ms HE    1 dec  from node 1  (seq 23)
2026-09-28T13:23:14.955119309Z c2  s15  2pc    61        69.9 ms HE    1 dec  6 frames  + 6.8 ms peer-wait  (seq 7)
2026-09-28T13:23:16.363910704Z     ·     apply  30        69.7 ms HE    1 dec  from node 1  (seq 24)
2026-09-28T13:23:16.863340676Z c2  s23  2pc    65        69.8 ms HE    1 dec  6 frames  + 5.5 ms peer-wait  (seq 8)
2026-09-28T13:23:18.443000258Z c2  s24  notify 66        69.8 ms HE    1 dec  3 frames  + 1505.0 ms peer-wait  (seq 9)
2026-09-28T13:23:18.446042211Z     ·     vote   31    YES to node 1          (seq 25)
2026-09-28T13:23:18.521445830Z     ·     apply  31        70.0 ms HE    1 dec  from node 1  (seq 25)
2026-09-28T13:23:21.585161713Z     ·     apply  32        69.4 ms HE    1 dec  from node 1  (seq 26)
2026-09-28T13:23:21.729545283Z     ·     vote   35    YES to node 1          (seq 27)
2026-09-28T13:23:21.803968234Z     ·     apply  35        69.8 ms HE    1 dec  from node 1  (seq 27)
2026-09-28T13:23:21.879089919Z     ·     apply  36        69.9 ms HE    1 dec  from node 1  (seq 28)
2026-09-28T13:23:21.957092180Z c2  s35  2pc    61        69.7 ms HE    1 dec  6 frames  + 5.0 ms peer-wait  (seq 10)
2026-09-28T13:23:23.384554059Z     ·     vote   33    YES to node 1          (seq 29)
2026-09-28T13:23:23.459004323Z     ·     apply  33        70.0 ms HE    1 dec  from node 1  (seq 29)
2026-09-28T13:23:25.033195893Z     ·     apply  34        69.9 ms HE    1 dec  from node 1  (seq 30)
2026-09-28T13:23:25.182191266Z     ·     vote   37    YES to node 1          (seq 31)
2026-09-28T13:23:25.255964107Z     ·     apply  37        69.9 ms HE    1 dec  from node 1  (seq 31)
2026-09-28T13:23:25.336514484Z     ·     apply  38        70.0 ms HE    1 dec  from node 1  (seq 32)
2026-09-28T13:23:25.417673253Z c2  s42  2pc    63        70.0 ms HE    1 dec  6 frames  + 6.2 ms peer-wait  (seq 11)
2026-09-28T13:23:36.496147991Z c2  s43  notify 64        70.1 ms HE    1 dec  3 frames  + 2.1 ms peer-wait  (seq 12)
2026-09-28T13:23:36.496231631Z -- cycle 2/5 done at 24463.3 ms --
2026-09-28T13:23:36.496252241Z 
2026-09-28T13:23:36.496265848Z -- cycle 3/5 --
2026-09-28T13:23:36.506669517Z     ·     vote   31    YES to node 1          (seq 33)
2026-09-28T13:23:36.581708463Z     ·     apply  31        70.1 ms HE    1 dec  from node 1  (seq 33)
2026-09-28T13:23:36.658003107Z     ·     apply  32        69.9 ms HE    1 dec  from node 1  (seq 34)
2026-09-28T13:23:25.779809831Z     ·     vote   33    YES to node 1          (seq 35)
2026-09-28T13:23:25.851963298Z     ·     apply  33        69.6 ms HE    1 dec  from node 1  (seq 35)
2026-09-28T13:23:27.428117505Z     ·     apply  34        69.9 ms HE    1 dec  from node 1  (seq 36)
2026-09-28T13:23:27.435293733Z     ·     vote   35    YES to node 1          (seq 37)
2026-09-28T13:23:27.512075911Z     ·     apply  35        69.8 ms HE    1 dec  from node 1  (seq 37)
2026-09-28T13:23:27.730107362Z     ·     apply  36        70.2 ms HE    1 dec  from node 1  (seq 38)
2026-09-28T13:23:29.304222296Z     ·     vote   39    YES to node 1          (seq 39)
2026-09-28T13:23:29.380716136Z     ·     apply  39        70.2 ms HE    1 dec  from node 1  (seq 39)
2026-09-28T13:23:29.461130949Z c3  s15  2pc    61        69.5 ms HE    1 dec  6 frames  + 6.5 ms peer-wait  (seq 13)
2026-09-28T13:23:29.537197185Z     ·     apply  30        69.8 ms HE    1 dec  from node 1  (seq 40)
2026-09-28T13:23:30.036523506Z c3  s23  2pc    65        69.8 ms HE    1 dec  6 frames  + 6.6 ms peer-wait  (seq 14)
2026-09-28T13:23:30.113030953Z c3  s24  notify 66        69.6 ms HE    1 dec  3 frames  + 1.8 ms peer-wait  (seq 15)
2026-09-28T13:23:30.118768293Z     ·     vote   31    YES to node 1          (seq 41)
2026-09-28T13:23:30.194398421Z     ·     apply  31        70.0 ms HE    1 dec  from node 1  (seq 41)
2026-09-28T13:23:30.272246708Z     ·     apply  32        69.9 ms HE    1 dec  from node 1  (seq 42)
2026-09-28T13:23:30.419706247Z     ·     vote   35    YES to node 1          (seq 43)
2026-09-28T13:23:41.514239633Z     ·     apply  35        70.0 ms HE    1 dec  from node 1  (seq 43)
2026-09-28T13:23:41.592892905Z     ·     apply  36        70.1 ms HE    1 dec  from node 1  (seq 44)
2026-09-28T13:23:41.674782722Z c3  s35  2pc    61        70.2 ms HE    1 dec  6 frames  + 6.5 ms peer-wait  (seq 16)
2026-09-28T13:23:41.683281282Z     ·     vote   33    YES to node 1          (seq 45)
2026-09-28T13:23:41.757772365Z     ·     apply  33        69.8 ms HE    1 dec  from node 1  (seq 45)
2026-09-28T13:23:30.830602543Z     ·     apply  34        69.7 ms HE    1 dec  from node 1  (seq 46)
2026-09-28T13:23:30.976240913Z     ·     vote   37    YES to node 1          (seq 47)
2026-09-28T13:23:31.048237905Z     ·     apply  37        69.4 ms HE    1 dec  from node 1  (seq 47)
2026-09-28T13:23:31.126233962Z     ·     apply  38        70.0 ms HE    1 dec  from node 1  (seq 48)
2026-09-28T13:23:31.206962625Z c3  s42  2pc    63        69.8 ms HE    1 dec  6 frames  + 6.3 ms peer-wait  (seq 17)
2026-09-28T13:23:31.284031240Z c3  s43  notify 64        69.7 ms HE    1 dec  3 frames  + 1.8 ms peer-wait  (seq 18)
2026-09-28T13:23:31.284381407Z -- cycle 3/5 done at 30258.6 ms --
2026-09-28T13:23:31.284428330Z 
2026-09-28T13:23:31.284443537Z -- cycle 4/5 --
2026-09-28T13:23:31.291956526Z     ·     vote   31    YES to node 1          (seq 49)
2026-09-28T13:23:31.363853770Z     ·     apply  31        69.5 ms HE    1 dec  from node 1  (seq 49)
2026-09-28T13:23:31.440654757Z     ·     apply  32        69.6 ms HE    1 dec  from node 1  (seq 50)
2026-09-28T13:23:31.587537321Z     ·     vote   33    YES to node 1          (seq 51)
2026-09-28T13:23:31.662834489Z     ·     apply  33        70.5 ms HE    1 dec  from node 1  (seq 51)
2026-09-28T13:23:31.741467851Z     ·     apply  34        69.5 ms HE    1 dec  from node 1  (seq 52)
2026-09-28T13:23:31.746301060Z     ·     vote   35    YES to node 1          (seq 53)
2026-09-28T13:23:31.820237178Z     ·     apply  35        69.4 ms HE    1 dec  from node 1  (seq 53)
2026-09-28T13:23:32.037083563Z     ·     apply  36        69.9 ms HE    1 dec  from node 1  (seq 54)
2026-09-28T13:23:32.045338806Z     ·     vote   39    YES to node 1          (seq 55)
2026-09-28T13:23:32.121317701Z     ·     apply  39        69.8 ms HE    1 dec  from node 1  (seq 55)
2026-09-28T13:23:32.202698875Z c4  s15  2pc    61        69.8 ms HE    1 dec  6 frames  + 7.1 ms peer-wait  (seq 19)
2026-09-28T13:23:33.696604694Z     ·     apply  30        69.5 ms HE    1 dec  from node 1  (seq 56)
2026-09-28T13:23:34.198004806Z c4  s23  2pc    65        70.2 ms HE    1 dec  6 frames  + 6.0 ms peer-wait  (seq 20)
2026-09-28T13:23:34.272355623Z c4  s24  notify 66        69.6 ms HE    1 dec  3 frames  + 1.9 ms peer-wait  (seq 21)
2026-09-28T13:23:34.578407419Z     ·     vote   31    YES to node 1          (seq 57)
2026-09-28T13:23:34.653060981Z     ·     apply  31        70.0 ms HE    1 dec  from node 1  (seq 57)
2026-09-28T13:23:36.239656447Z     ·     apply  32        69.7 ms HE    1 dec  from node 1  (seq 58)
2026-09-28T13:23:36.388891435Z     ·     vote   35    YES to node 1          (seq 59)
2026-09-28T13:23:36.461658395Z     ·     apply  35        69.7 ms HE    1 dec  from node 1  (seq 59)
2026-09-28T13:23:36.539236953Z     ·     apply  36        69.8 ms HE    1 dec  from node 1  (seq 60)
2026-09-28T13:23:36.619396144Z c4  s35  2pc    61        70.2 ms HE    1 dec  6 frames  + 5.1 ms peer-wait  (seq 22)
2026-09-28T13:23:36.627129838Z     ·     vote   33    YES to node 1          (seq 61)
2026-09-28T13:23:36.699987742Z     ·     apply  33        69.8 ms HE    1 dec  from node 1  (seq 61)
2026-09-28T13:23:36.779747342Z     ·     apply  34        70.5 ms HE    1 dec  from node 1  (seq 62)
2026-09-28T13:23:38.424875898Z     ·     vote   37    YES to node 1          (seq 63)
2026-09-28T13:23:38.498542687Z     ·     apply  37        71.2 ms HE    1 dec  from node 1  (seq 63)
2026-09-28T13:23:38.575198105Z     ·     apply  38        70.0 ms HE    1 dec  from node 1  (seq 64)
2026-09-28T13:23:38.655915462Z c4  s42  2pc    63        69.9 ms HE    1 dec  6 frames  + 6.4 ms peer-wait  (seq 23)
2026-09-28T13:23:38.733483415Z c4  s43  notify 64        69.6 ms HE    1 dec  3 frames  + 1.8 ms peer-wait  (seq 24)
2026-09-28T13:23:38.733564954Z -- cycle 4/5 done at 37694.9 ms --
2026-09-28T13:23:38.733583963Z 
2026-09-28T13:23:38.733596069Z -- cycle 5/5 --
2026-09-28T13:23:38.741415304Z     ·     vote   31    YES to node 1          (seq 65)
2026-09-28T13:23:38.813886423Z     ·     apply  31        69.8 ms HE    1 dec  from node 1  (seq 65)
2026-09-28T13:23:38.891789536Z     ·     apply  32        70.1 ms HE    1 dec  from node 1  (seq 66)
2026-09-28T13:23:39.037107452Z     ·     vote   33    YES to node 1          (seq 67)
2026-09-28T13:23:39.112344692Z     ·     apply  33        69.9 ms HE    1 dec  from node 1  (seq 67)
2026-09-28T13:23:39.188258555Z     ·     apply  34        69.8 ms HE    1 dec  from node 1  (seq 68)
2026-09-28T13:23:39.196072788Z     ·     vote   35    YES to node 1          (seq 69)
2026-09-28T13:23:39.270101150Z     ·     apply  35        69.4 ms HE    1 dec  from node 1  (seq 69)
2026-09-28T13:23:39.486669602Z     ·     apply  36        70.1 ms HE    1 dec  from node 1  (seq 70)
2026-09-28T13:23:39.491095316Z     ·     vote   39    YES to node 1          (seq 71)
2026-09-28T13:23:39.566058125Z     ·     apply  39        69.9 ms HE    1 dec  from node 1  (seq 71)
2026-09-28T13:23:39.647908024Z c5  s15  2pc    61        70.3 ms HE    1 dec  6 frames  + 6.1 ms peer-wait  (seq 25)
2026-09-28T13:23:39.723562563Z     ·     apply  30        69.9 ms HE    1 dec  from node 1  (seq 72)
2026-09-28T13:23:40.224194808Z c5  s23  2pc    65        70.0 ms HE    1 dec  6 frames  + 6.8 ms peer-wait  (seq 26)
2026-09-28T13:23:40.300308967Z c5  s24  notify 66        69.7 ms HE    1 dec  3 frames  + 1.8 ms peer-wait  (seq 27)
2026-09-28T13:23:40.306685013Z     ·     vote   31    YES to node 1          (seq 73)
2026-09-28T13:23:40.381913448Z     ·     apply  31        69.7 ms HE    1 dec  from node 1  (seq 73)
2026-09-28T13:23:42.018373472Z     ·     apply  32        69.8 ms HE    1 dec  from node 1  (seq 74)
2026-09-28T13:23:43.520767946Z     ·     vote   35    YES to node 1          (seq 75)
2026-09-28T13:23:45.022289303Z     ·     vote   35    YES to node 1          (seq 75)
2026-09-28T13:23:45.095067568Z     ·     apply  35        70.0 ms HE    1 dec  from node 1  (seq 75)
2026-09-28T13:23:46.672465469Z     ·     apply  36        70.2 ms HE    1 dec  from node 1  (seq 76)
2026-09-28T13:23:46.753699473Z c5  s35  2pc    61        70.1 ms HE    1 dec  6 frames  + 6.8 ms peer-wait  (seq 28)
2026-09-28T13:23:46.762496976Z     ·     vote   33    YES to node 1          (seq 77)
2026-09-28T13:23:46.837570637Z     ·     apply  33        69.7 ms HE    1 dec  from node 1  (seq 77)
2026-09-28T13:23:48.485190884Z     ·     apply  34        70.2 ms HE    1 dec  from node 1  (seq 78)
2026-09-28T13:23:48.792592325Z     ·     vote   37    YES to node 1          (seq 79)
2026-09-28T13:23:48.869903155Z     ·     apply  37        69.9 ms HE    1 dec  from node 1  (seq 79)
2026-09-28T13:23:48.946094951Z     ·     apply  38        69.7 ms HE    1 dec  from node 1  (seq 80)
2026-09-28T13:23:49.028089019Z c5  s42  2pc    63        70.1 ms HE    1 dec  6 frames  + 5.9 ms peer-wait  (seq 29)
2026-09-28T13:23:49.102473351Z c5  s43  notify 64        69.4 ms HE    1 dec  3 frames  + 1.7 ms peer-wait  (seq 30)
2026-09-28T13:23:49.102540583Z -- cycle 5/5 done at 48078.0 ms --
2026-09-28T13:23:49.102549588Z 
2026-09-28T13:23:49.102553890Z ============================================================
2026-09-28T13:23:49.102558292Z   SUMMARY — node 5/7 — LOCAL MODULAR — UDP/IP multicast (RFC 1112)
2026-09-28T13:23:49.102563894Z ============================================================
2026-09-28T13:23:49.102567996Z   events this node FIRED:
2026-09-28T13:23:49.102571698Z   local (no network)           (none on this node)
2026-09-28T13:23:49.102575700Z   shared controllable    n=20   avg   226.46 ms  (HE   69.88 + net  156.42)  min   74.88  max  1578.86   67.1%
2026-09-28T13:23:49.102580202Z   shared uncontroll.     n=10   avg   221.95 ms  (HE   69.66 + net  152.12)  min   70.88  max  1575.15   32.9%
2026-09-28T13:23:49.102584604Z   events this node APPLIED for a peer (participant side):
2026-09-28T13:23:49.102588606Z   shared, applied        n=80   avg    73.66 ms  (HE   73.66 + net    0.00)  min   69.36  max   145.82
2026-09-28T13:23:49.102615119Z   sync-wait (peers reaching a shared step): n=30 avg 127.42 ms, 3.8 s total
2026-09-28T13:23:49.102621022Z      not protocol cost — the plant catching up; kept out of the rows above
2026-09-28T13:23:49.102625724Z   run clock, end of cycles 1..5 (ms): 9769.1 24463.3 30258.6 37694.9 48078.0
2026-09-28T13:23:49.102629926Z      a cycle is over at the LATEST node's value; DES_WORK_MS 0 included
2026-09-28T13:23:49.102633928Z   ----------------------------------------------------------
2026-09-28T13:23:49.102637930Z   all events            n=30   avg   224.96 ms  (HE   69.81 + net  154.98)
2026-09-28T13:23:49.102641832Z   PEER-WAIT + WIRE      68.9 % of total step time
2026-09-28T13:23:49.102645734Z      (compare against the round-trip probe above: the excess is
2026-09-28T13:23:49.102649835Z       the peer's own HE work, not the link.)
2026-09-28T13:23:49.102653737Z   frames: tx=394 rx=2154 retransmits=3
2026-09-28T13:23:49.102657739Z   authentication: HMAC-SHA256/128, 1.6 us per frame; 0 rejected (bad tag), 0 stale/replayed dropped, 6 epoch challenges
2026-09-28T13:23:49.102662141Z   rx queue: peak 10/64 frames
2026-09-28T13:23:49.102665743Z   plant check: 0 event reports rejected as physically impossible
2026-09-28T13:23:49.102669145Z      (these supervisors carry the plant: an impossible uncontrollable event is caught)
2026-09-28T13:23:49.102673247Z   injected frame loss: 1 %
2026-09-28T13:23:49.102677149Z   ----------------------------------------------------------
2026-09-28T13:23:49.102681250Z   homomorphic vs cleartext oracle : PASS — every encrypted bit matched
2026-09-28T13:23:49.102685452Z      (PASS certifies the cryptography: each node's encrypted bits
2026-09-28T13:23:49.102689855Z       match its own clear model for the events it applied. It does
2026-09-28T13:23:49.102696658Z       not certify the distributed run — read the skips for that.)
2026-09-28T13:23:49.102782399Z   distributed vs MONOLITHIC sup.  : off — this header has no monolithic supervisor
2026-09-28T13:23:49.102790002Z   safe halt                       : no — ran to completion
2026-09-28T13:23:49.102794805Z ============================================================
2026-09-28T13:23:59.109085355Z @@RESULT {"node":5,"nodes":7,"family":"LOCAL MODULAR","data":"supervisor_data_fms.h","transport":"UDP/IP multicast (RFC 1112)","fingerprint":"04511541","supervisors":["S4"],"fired":{"local":0,"ctrl":20,"unctrl":10},"applied_for_peers":80,"skips":0,"impossible":0,"tx":394,"rx":2154,"retx":3,"auth_bad":0,"replays":0,"challenges":6,"mac_us":1.56,"rxq_peak":10,"rxq_drops":0,"sync_wait_ms":3822.6,"oracle":"PASS","safe_halt":false,"halt_reason":"","cycle_end_ms":[9769.1,24463.3,30258.6,37694.9,48078.0],"rounds":5,"work_ms":0,"emu_scalarmul_ms":69.0,"loss_pct":1,"loss_seed":2975826914,"exit":0}
