2026-09-28T13:22:20.762958528Z des_container: node 2 of 2, LOCAL MODULAR, data supervisor_data_fms.h, transport UDP/IP multicast (RFC 1112)
2026-09-28T13:22:20.763062277Z des_container: EMULATING the ESP32 — every decryption takes at least 69.0 ms (DES_EMU_SCALARMUL_MS)
2026-09-28T13:22:20.763068880Z des_container: dropping 30 % of received frames, seed 2983937589 (DES_LOSS_SEED to replay)
2026-09-28T13:22:20.763070681Z 
2026-09-28T13:22:20.763071982Z ============================================================
2026-09-28T13:22:20.763073282Z   Distributed Homomorphic DES — generic engine
2026-09-28T13:22:20.763074583Z   node 2/2   family LOCAL MODULAR   7 supervisors   31 events
2026-09-28T13:22:20.763075784Z   data: supervisor_data_fms.h
2026-09-28T13:22:20.763077184Z ============================================================
2026-09-28T13:22:20.764167605Z --- event routing (DERIVED from the header, not hardcoded) ---
2026-09-28T13:22:20.764196119Z   event  ctrl  nodes      owner  class
2026-09-28T13:22:20.764199420Z   11     yes   1          1      local — no network
2026-09-28T13:22:20.764202122Z   12     no    1          1      local — no network
2026-09-28T13:22:20.764204323Z   21     yes   1          1      local — no network
2026-09-28T13:22:20.764210526Z   22     no    1          1      local — no network
2026-09-28T13:22:20.764212827Z   30     no    1 2        1      SHARED — needs network
2026-09-28T13:22:20.764214227Z   31     yes   1 2        1      SHARED — needs network
2026-09-28T13:22:20.764215528Z   32     no    1 2        1      SHARED — needs network
2026-09-28T13:22:20.764216729Z   33     yes   1 2        1      SHARED — needs network
2026-09-28T13:22:20.764218029Z   34     no    1 2        1      SHARED — needs network
2026-09-28T13:22:20.764219230Z   35     yes   1 2        1      SHARED — needs network
2026-09-28T13:22:20.764220631Z   36     no    1 2        1      SHARED — needs network
2026-09-28T13:22:20.764221931Z   37     yes   1 2        1      SHARED — needs network
2026-09-28T13:22:20.764223232Z   38     no    1 2        1      SHARED — needs network
2026-09-28T13:22:20.764224432Z   39     yes   1 2        1      SHARED — needs network
2026-09-28T13:22:20.764225733Z   41     yes   1          1      local — no network
2026-09-28T13:22:20.764227034Z   42     no    1          1      local — no network
2026-09-28T13:22:20.764228234Z   51     yes   1          1      local — no network
2026-09-28T13:22:20.764229535Z   52     no    1          1      local — no network
2026-09-28T13:22:20.764230735Z   53     yes   1          1      local — no network
2026-09-28T13:22:20.764231936Z   54     no    1          1      local — no network
2026-09-28T13:22:20.764233237Z   61     yes   2          2      local — no network
2026-09-28T13:22:20.764234537Z   63     yes   2          2      local — no network
2026-09-28T13:22:20.764265052Z   64     no    2          2      local — no network
2026-09-28T13:22:20.764267653Z   65     yes   2          2      local — no network
2026-09-28T13:22:20.764269854Z   66     no    2          2      local — no network
2026-09-28T13:22:20.764271955Z   71     yes   2          2      local — no network
2026-09-28T13:22:20.764274756Z   72     no    2          2      local — no network
2026-09-28T13:22:20.764277158Z   73     yes   2          2      local — no network
2026-09-28T13:22:20.764278658Z   74     no    2          2      local — no network
2026-09-28T13:22:20.764279959Z   81     yes   2          2      local — no network
2026-09-28T13:22:20.764281259Z   82     no    2          2      local — no network
2026-09-28T13:22:20.764282560Z   => 10/31 events shared; 21/31 need ZERO network traffic; 21 concern this node
2026-09-28T13:22:20.764284261Z   NOTE controllability was INFERRED from event labels (the header
2026-09-28T13:22:20.764285562Z        does not carry it). Check the 'ctrl' column above; if it is
2026-09-28T13:22:20.764287763Z        wrong, set DES_CONTROLLABLE_MASK explicitly.
2026-09-28T13:22:20.764289063Z 
2026-09-28T13:22:20.764290364Z [init] config fingerprint edbd7971 — every node must print the same
2026-09-28T13:22:20.764291765Z 
2026-09-28T13:22:20.764292865Z [net] UDP multicast 239.192.7.1:5077  ttl=1  frame=44 B
2026-09-28T13:22:20.764294166Z --- crypto self-test ---
2026-09-28T13:22:20.766858591Z   Enc(0)->0 Enc(1)->1                PASS
2026-09-28T13:22:20.767459378Z   Enc(1)+Enc(1)->1 homomorphic OR   PASS
2026-09-28T13:22:20.768027349Z   Enc(0)+Enc(0)->0                  PASS
2026-09-28T13:22:20.768039855Z   curve secp192r1, ciphertext 50 B    PASS
2026-09-28T13:22:20.768221041Z   frame tag HMAC-SHA256/128: 1.7 us, 1-bit tamper caught  PASS
2026-09-28T13:22:20.768229145Z 
2026-09-28T13:22:20.768230646Z --- encrypting my supervisors' initial states ---
2026-09-28T13:22:20.768231947Z [load] S4         idx 4   44 states  15 constraining ev    2200 B ciphertext
2026-09-28T13:22:20.768233247Z [load] S5         idx 5   44 states  15 constraining ev    2200 B ciphertext
2026-09-28T13:22:20.768335896Z [load] S6         idx 6  164 states  21 constraining ev    8200 B ciphertext
2026-09-28T13:22:24.734007345Z [init] my keypair is mine alone; no ciphertext ever leaves this node
2026-09-28T13:22:24.734115596Z [init] my enablement: 11=1 12=1 21=1 22=1 30=0 31=1 32=0 33=1 34=0 35=1 36=0 37=1 38=0 39=1 41=1 42=1 51=1 52=1 53=1 54=1 61=0 63=0 64=0 65=0 66=0 71=0 72=0 73=0 74=0 81=0 82=0
2026-09-28T13:22:24.734135806Z 
2026-09-28T13:22:24.937685839Z [net] waiting for 1 peer(s). all present.
2026-09-28T13:22:26.443745495Z 
2026-09-28T13:22:26.444028731Z ============================================================
2026-09-28T13:22:26.444165396Z   RUN — SIM_SEQ driver — 5 cycles x 44 steps — LOCAL MODULAR
2026-09-28T13:22:26.444181604Z   columns: cN sNN = cycle/step of MY walk; · = a peer caused this
2026-09-28T13:22:26.444188907Z   'done at': run clock, common to all nodes; a cycle is over at the
2026-09-28T13:22:26.444195911Z   LATEST node's print, machine time (DES_WORK_MS 0) included
2026-09-28T13:22:26.444202614Z ============================================================
2026-09-28T13:22:26.444209717Z 
2026-09-28T13:22:26.444216220Z -- cycle 1/5 --
2026-09-28T13:22:31.910597800Z     ·     vote   31    YES to node 1          (seq 1)
2026-09-28T13:22:32.273297257Z     ·     apply  31       359.3 ms HE    5 dec  from node 1  (seq 1)
2026-09-28T13:22:33.466645504Z     ·     apply  32       582.7 ms HE    8 dec  from node 1  (seq 2)
2026-09-28T13:22:33.587104445Z     ·     vote   33    YES to node 1          (seq 3)
2026-09-28T13:22:37.222148675Z     ·     apply  33       364.1 ms HE    5 dec  from node 1  (seq 3)
2026-09-28T13:22:41.341603088Z [!!] node 1 reported SAFE HALT
2026-09-28T13:22:41.341635204Z 
2026-09-28T13:22:41.341640806Z ############################################################
2026-09-28T13:22:41.341644308Z   SAFE HALT on node 2: a peer halted
2026-09-28T13:22:41.341647609Z   tx=77 rx=27 retx=0
2026-09-28T13:22:41.341650511Z   This node cannot prove its peers are in the same state, so it
2026-09-28T13:22:41.341653912Z   refuses to act further. Safety preserved, liveness is not —
2026-09-28T13:22:41.341657714Z   the Two Generals trade, made explicit.
2026-09-28T13:22:41.341660916Z ############################################################
2026-09-28T13:22:41.341664117Z 
2026-09-28T13:22:41.344504774Z 
2026-09-28T13:22:41.344557499Z ============================================================
2026-09-28T13:22:41.344563402Z   SUMMARY — node 2/2 — LOCAL MODULAR — UDP/IP multicast (RFC 1112)
2026-09-28T13:22:41.344568205Z ============================================================
2026-09-28T13:22:41.344571506Z   events this node FIRED:
2026-09-28T13:22:41.344574508Z   local (no network)           (none on this node)
2026-09-28T13:22:41.344578009Z   shared controllable          (none on this node)
2026-09-28T13:22:41.344581411Z   shared uncontroll.           (none on this node)
2026-09-28T13:22:41.344585113Z   events this node APPLIED for a peer (participant side):
2026-09-28T13:22:41.344588514Z   shared, applied        n=3    avg   435.37 ms  (HE  435.37 + net    0.00)  min  359.30  max   582.73
2026-09-28T13:22:41.344591816Z   ----------------------------------------------------------
2026-09-28T13:22:41.344628533Z   frames: tx=77 rx=27 retransmits=0
2026-09-28T13:22:41.344633436Z   authentication: HMAC-SHA256/128, 1.7 us per frame; 0 rejected (bad tag), 0 stale/replayed dropped, 1 epoch challenges
2026-09-28T13:22:41.344636837Z   rx queue: peak 1/64 frames
2026-09-28T13:22:41.344640339Z   plant check: 0 event reports rejected as physically impossible
2026-09-28T13:22:41.344643841Z      (these supervisors carry the plant: an impossible uncontrollable event is caught)
2026-09-28T13:22:41.344647142Z   injected frame loss: 30 %
2026-09-28T13:22:41.344650744Z   ----------------------------------------------------------
2026-09-28T13:22:41.344653946Z   homomorphic vs cleartext oracle : PASS — every encrypted bit matched
2026-09-28T13:22:41.344658448Z      (PASS certifies the cryptography: each node's encrypted bits
2026-09-28T13:22:41.344661749Z       match its own clear model for the events it applied. It does
2026-09-28T13:22:41.344664851Z       not certify the distributed run — read the skips for that.)
2026-09-28T13:22:41.344668653Z   distributed vs MONOLITHIC sup.  : off — this header has no monolithic supervisor
2026-09-28T13:22:41.344671954Z   safe halt                       : a peer halted
2026-09-28T13:22:41.344675356Z ============================================================
2026-09-28T13:22:51.353802689Z @@RESULT {"node":2,"nodes":2,"family":"LOCAL MODULAR","data":"supervisor_data_fms.h","transport":"UDP/IP multicast (RFC 1112)","fingerprint":"edbd7971","supervisors":["S4","S5","S6"],"fired":{"local":0,"ctrl":0,"unctrl":0},"applied_for_peers":3,"skips":0,"impossible":0,"tx":77,"rx":27,"retx":0,"auth_bad":0,"replays":0,"challenges":1,"mac_us":1.67,"rxq_peak":1,"rxq_drops":0,"sync_wait_ms":0.0,"oracle":"PASS","safe_halt":true,"halt_reason":"a peer halted","cycle_end_ms":[],"rounds":5,"work_ms":0,"emu_scalarmul_ms":69.0,"loss_pct":30,"loss_seed":2983937589,"exit":2}
