2026-09-28T13:27:29.041116160Z des_container: node 7 of 7, LOCAL MODULAR, data supervisor_data_fms.h, transport UDP/IP multicast (RFC 1112)
2026-09-28T13:27:29.041166584Z des_container: EMULATING the ESP32 — every decryption takes at least 69.0 ms (DES_EMU_SCALARMUL_MS)
2026-09-28T13:27:29.041171787Z des_container: dropping 10 % of received frames, seed 3856945805 (DES_LOSS_SEED to replay)
2026-09-28T13:27:29.041173688Z 
2026-09-28T13:27:29.041174988Z ============================================================
2026-09-28T13:27:29.041176289Z   Distributed Homomorphic DES — generic engine
2026-09-28T13:27:29.041177689Z   node 7/7   family LOCAL MODULAR   7 supervisors   31 events
2026-09-28T13:27:29.041179090Z   data: supervisor_data_fms.h
2026-09-28T13:27:29.041180391Z ============================================================
2026-09-28T13:27:29.042371160Z --- event routing (DERIVED from the header, not hardcoded) ---
2026-09-28T13:27:29.042390569Z   event  ctrl  nodes      owner  class
2026-09-28T13:27:29.042394070Z   11     yes   1          1      local — no network
2026-09-28T13:27:29.042396872Z   12     no    1          1      local — no network
2026-09-28T13:27:29.042399173Z   21     yes   2          2      local — no network
2026-09-28T13:27:29.042401374Z   22     no    2          2      local — no network
2026-09-28T13:27:29.042403475Z   30     no    1 2 3 4 5 6 7  1      SHARED — needs network
2026-09-28T13:27:29.042404876Z   31     yes   1 2 3 4 5 6 7  1      SHARED — needs network
2026-09-28T13:27:29.042406176Z   32     no    1 2 3 4 5 6 7  1      SHARED — needs network
2026-09-28T13:27:29.042407577Z   33     yes   1 2 3 4 5 6 7  1      SHARED — needs network
2026-09-28T13:27:29.042408878Z   34     no    1 2 3 4 5 6 7  1      SHARED — needs network
2026-09-28T13:27:29.042410078Z   35     yes   1 2 3 4 5 6 7  1      SHARED — needs network
2026-09-28T13:27:29.042411379Z   36     no    1 2 3 4 5 6 7  1      SHARED — needs network
2026-09-28T13:27:29.042416881Z   37     yes   1 2 3 4 5 6 7  1      SHARED — needs network
2026-09-28T13:27:29.042418382Z   38     no    1 2 3 4 5 6 7  1      SHARED — needs network
2026-09-28T13:27:29.042420283Z   39     yes   1 2 3 4 5 6 7  1      SHARED — needs network
2026-09-28T13:27:29.042422284Z   41     yes   3          3      local — no network
2026-09-28T13:27:29.042424485Z   42     no    3          3      local — no network
2026-09-28T13:27:29.042426686Z   51     yes   4          4      local — no network
2026-09-28T13:27:29.042428687Z   52     no    4          4      local — no network
2026-09-28T13:27:29.042430888Z   53     yes   4          4      local — no network
2026-09-28T13:27:29.042432889Z   54     no    4          4      local — no network
2026-09-28T13:27:29.042434890Z   61     yes   5 6 7      5      SHARED — needs network
2026-09-28T13:27:29.042482213Z   63     yes   5 6 7      5      SHARED — needs network
2026-09-28T13:27:29.042546043Z   64     no    5 6 7      5      SHARED — needs network
2026-09-28T13:27:29.042614176Z   65     yes   5 6 7      5      SHARED — needs network
2026-09-28T13:27:29.042620178Z   66     no    5 6 7      5      SHARED — needs network
2026-09-28T13:27:29.042623480Z   71     yes   7          7      local — no network
2026-09-28T13:27:29.042625681Z   72     no    7          7      local — no network
2026-09-28T13:27:29.042627782Z   73     yes   7          7      local — no network
2026-09-28T13:27:29.042629983Z   74     no    7          7      local — no network
2026-09-28T13:27:29.042632384Z   81     yes   7          7      local — no network
2026-09-28T13:27:29.042634485Z   82     no    7          7      local — no network
2026-09-28T13:27:29.042636886Z   => 15/31 events shared; 16/31 need ZERO network traffic; 21 concern this node
2026-09-28T13:27:29.042639488Z   NOTE controllability was INFERRED from event labels (the header
2026-09-28T13:27:29.042644190Z        does not carry it). Check the 'ctrl' column above; if it is
2026-09-28T13:27:29.042646291Z        wrong, set DES_CONTROLLABLE_MASK explicitly.
2026-09-28T13:27:29.042647592Z 
2026-09-28T13:27:29.042648892Z [init] config fingerprint 04511541 — every node must print the same
2026-09-28T13:27:29.042650193Z 
2026-09-28T13:27:29.042651393Z [net] UDP multicast 239.192.7.1:5077  ttl=1  frame=44 B
2026-09-28T13:27:29.042652794Z --- crypto self-test ---
2026-09-28T13:27:29.045971279Z   Enc(0)->0 Enc(1)->1                PASS
2026-09-28T13:27:29.047048794Z   Enc(1)+Enc(1)->1 homomorphic OR   PASS
2026-09-28T13:27:29.048155523Z   Enc(0)+Enc(0)->0                  PASS
2026-09-28T13:27:29.048169829Z   curve secp192r1, ciphertext 50 B    PASS
2026-09-28T13:27:29.048372926Z   frame tag HMAC-SHA256/128: 2.5 us, 1-bit tamper caught  PASS
2026-09-28T13:27:29.048380830Z 
2026-09-28T13:27:29.048383331Z --- encrypting my supervisors' initial states ---
2026-09-28T13:27:29.048547110Z [load] S6         idx 6  164 states  21 constraining ev    8200 B ciphertext
2026-09-28T13:27:30.658215427Z [init] my keypair is mine alone; no ciphertext ever leaves this node
2026-09-28T13:27:30.658277356Z [init] my enablement: 11=1 12=1 21=1 22=1 30=0 31=1 32=0 33=1 34=0 35=1 36=0 37=1 38=0 39=1 41=1 42=1 51=1 52=1 53=1 54=1 61=1 63=0 64=0 65=0 66=0 71=0 72=0 73=0 74=0 81=0 82=0
2026-09-28T13:27:30.658287561Z 
2026-09-28T13:27:31.667690905Z [net] waiting for 6 peer(s)..... all present.
2026-09-28T13:27:33.171402708Z 
2026-09-28T13:27:33.171500155Z ============================================================
2026-09-28T13:27:33.171512261Z   RUN — SIM_SEQ driver — 5 cycles x 44 steps — LOCAL MODULAR
2026-09-28T13:27:33.171561184Z   columns: cN sNN = cycle/step of MY walk; · = a peer caused this
2026-09-28T13:27:33.171569188Z   'done at': run clock, common to all nodes; a cycle is over at the
2026-09-28T13:27:33.171576091Z   LATEST node's print, machine time (DES_WORK_MS 0) included
2026-09-28T13:27:33.171583194Z ============================================================
2026-09-28T13:27:33.171589998Z 
2026-09-28T13:27:33.171596401Z -- cycle 1/5 --
2026-09-28T13:27:37.297097180Z     ·     vote   31    YES to node 1          (seq 1)
2026-09-28T13:27:38.796828581Z     ·     vote   31    YES to node 1          (seq 1)
2026-09-28T13:27:40.300141994Z     ·     vote   31    YES to node 1          (seq 1)
2026-09-28T13:27:43.360365340Z     ·     vote   31    YES to node 1          (seq 1)
2026-09-28T13:27:44.861830269Z     ·     vote   31    YES to node 1          (seq 1)
2026-09-28T13:27:45.022261905Z     ·     apply  31       157.4 ms HE    2 dec  from node 1  (seq 1)
2026-09-28T13:27:45.256108411Z     ·     apply  32       225.3 ms HE    3 dec  from node 1  (seq 2)
2026-09-28T13:27:49.587093138Z     ·     vote   33    YES to node 1          (seq 3)
2026-09-28T13:28:02.310975630Z     ·     apply  33       154.6 ms HE    2 dec  from node 1  (seq 3)
2026-09-28T13:27:52.884650479Z     ·     apply  34       223.8 ms HE    3 dec  from node 1  (seq 4)
2026-09-28T13:27:54.234255668Z     ·     vote   35    YES to node 1          (seq 5)
2026-09-28T13:27:55.736255853Z     ·     vote   35    YES to node 1          (seq 5)
2026-09-28T13:27:55.894799687Z     ·     apply  35       155.8 ms HE    2 dec  from node 1  (seq 5)
2026-09-28T13:27:59.034491136Z     ·     apply  36       223.6 ms HE    3 dec  from node 1  (seq 6)
2026-09-28T13:28:00.456737424Z     ·     vote   39    YES to node 1          (seq 7)
2026-09-28T13:28:01.964255517Z     ·     vote   39    YES to node 1          (seq 7)
2026-09-28T13:28:04.965336894Z     ·     vote   39    YES to node 1          (seq 7)
2026-09-28T13:28:06.503176129Z     ·     vote   39    YES to node 1          (seq 7)
2026-09-28T13:28:09.503507847Z     ·     vote   39    YES to node 1          (seq 7)
2026-09-28T13:28:11.004620209Z     ·     vote   39    YES to node 1          (seq 7)
2026-09-28T13:28:12.566505260Z     ·     skip   39    node 1 gave up on it — moving on too  (occ 1)
2026-09-28T13:28:12.573382745Z     ·     vote   61    YES to node 5          (seq 1)
2026-09-28T13:28:12.785726679Z     ·     apply  61       209.2 ms HE    3 dec  from node 5  (seq 1)
2026-09-28T13:28:15.651153355Z     ·     skip   30    node 1 gave up on it — moving on too  (occ 1)
2026-09-28T13:28:25.638252442Z c1  s17  SKIP   71    my own supervisor disables it here
2026-09-28T13:28:25.638354190Z c1  s18  [!!]   72    IMPOSSIBLE — uncontrollable, but no machine could produce it from here; rejected (sensor fault or attack?)
2026-09-28T13:28:25.638447735Z c1  s18  SKIP   72    physically impossible here — rejected
2026-09-28T13:28:35.638209935Z c1  s19  SKIP   81    my own supervisor disables it here
2026-09-28T13:28:35.638297777Z c1  s20  [!!]   82    IMPOSSIBLE — uncontrollable, but no machine could produce it from here; rejected (sensor fault or attack?)
2026-09-28T13:28:35.638312484Z c1  s20  SKIP   82    physically impossible here — rejected
2026-09-28T13:28:45.646802190Z c1  s21  SKIP   73    my own supervisor disables it here
2026-09-28T13:28:45.646877226Z c1  s22  [!!]   74    IMPOSSIBLE — uncontrollable, but no machine could produce it from here; rejected (sensor fault or attack?)
2026-09-28T13:28:45.646893534Z c1  s22  SKIP   74    physically impossible here — rejected
2026-09-28T13:28:45.650541576Z     ·     vote   65    NO  to node 5          (seq 2)
2026-09-28T13:28:45.707121704Z     ·     vote   65    NO  to node 5          (seq 2)
2026-09-28T13:28:45.810276079Z     ·     vote   65    NO  to node 5          (seq 2)
2026-09-28T13:28:46.016782825Z     ·     vote   65    NO  to node 5          (seq 2)
2026-09-28T13:28:57.404822716Z     ·     vote   65    NO  to node 5          (seq 2)
2026-09-28T13:28:47.215696118Z     ·     vote   65    NO  to node 5          (seq 2)
2026-09-28T13:28:48.221774008Z     ·     vote   65    NO  to node 5          (seq 2)
2026-09-28T13:28:49.225822728Z     ·     vote   65    NO  to node 5          (seq 2)
2026-09-28T13:28:50.726303488Z     ·     vote   65    NO  to node 5          (seq 2)
2026-09-28T13:28:51.736897273Z     ·     vote   65    NO  to node 5          (seq 2)
2026-09-28T13:28:52.743530829Z     ·     vote   65    NO  to node 5          (seq 2)
2026-09-28T13:28:53.749211529Z     ·     vote   65    NO  to node 5          (seq 2)
2026-09-28T13:28:54.754038221Z     ·     vote   65    NO  to node 5          (seq 2)
2026-09-28T13:28:55.758018209Z     ·     skip   65    node 5 gave up on it — moving on too  (occ 1)
2026-09-28T13:28:55.766990395Z     ·     skip   66    node 5 gave up on it — moving on too  (occ 1)
2026-09-28T13:28:56.075638832Z     ·     vote   31    YES to node 1          (seq 7)
2026-09-28T13:28:56.149432482Z     ·     apply  31        71.7 ms HE    1 dec  from node 1  (seq 7)
2026-09-28T13:28:56.603485205Z     ·     apply  32       144.6 ms HE    2 dec  from node 1  (seq 8)
2026-09-28T13:28:58.173640547Z     ·     vote   35    YES to node 1          (seq 9)
2026-09-28T13:28:59.671500355Z     ·     vote   35    YES to node 1          (seq 9)
2026-09-28T13:29:01.172263550Z     ·     vote   35    YES to node 1          (seq 9)
2026-09-28T13:29:02.664295268Z     ·     vote   35    YES to node 1          (seq 9)
2026-09-28T13:29:04.215410114Z     ·     vote   35    YES to node 1          (seq 9)
2026-09-28T13:29:04.293331336Z     ·     apply  35        75.0 ms HE    1 dec  from node 1  (seq 9)
2026-09-28T13:29:04.743766403Z     ·     apply  36       144.9 ms HE    2 dec  from node 1  (seq 10)
2026-09-28T13:29:14.745346893Z     ·     skip   61    node 5 gave up on it — moving on too  (occ 2)
2026-09-28T13:29:14.753875166Z     ·     vote   33    YES to node 1          (seq 11)
2026-09-28T13:29:16.253950632Z     ·     vote   33    YES to node 1          (seq 11)
2026-09-28T13:29:17.759965255Z     ·     vote   33    YES to node 1          (seq 11)
2026-09-28T13:29:19.259934870Z     ·     vote   33    YES to node 1          (seq 11)
2026-09-28T13:29:20.812128332Z     ·     vote   33    YES to node 1          (seq 11)
2026-09-28T13:29:22.302520807Z     ·     vote   33    YES to node 1          (seq 11)
2026-09-28T13:29:23.804945295Z     ·     vote   33    YES to node 1          (seq 11)
2026-09-28T13:29:26.905572906Z     ·     skip   33    node 1 gave up on it — moving on too  (occ 2)
2026-09-28T13:29:26.910249540Z     ·     skip   34    node 1 gave up on it — moving on too  (occ 2)
2026-09-28T13:29:36.873659522Z     ·     vote   37    YES to node 1          (seq 11)
2026-09-28T13:29:38.374831312Z     ·     vote   37    YES to node 1          (seq 11)
2026-09-28T13:29:39.931263699Z     ·     vote   37    YES to node 1          (seq 11)
2026-09-28T13:29:52.518399685Z     ·     vote   37    YES to node 1          (seq 11)
2026-09-28T13:29:43.020728939Z     ·     vote   37    YES to node 1          (seq 11)
2026-09-28T13:29:43.225653829Z     ·     vote   37    YES to node 1          (seq 11)
2026-09-28T13:29:44.727517950Z     ·     vote   37    YES to node 1          (seq 11)
2026-09-28T13:29:46.228596595Z     ·     vote   37    YES to node 1          (seq 11)
2026-09-28T13:29:47.732091021Z     ·     vote   37    YES to node 1          (seq 11)
2026-09-28T13:29:49.281734665Z     ·     skip   37    node 1 gave up on it — moving on too  (occ 1)
2026-09-28T13:29:49.286706140Z     ·     skip   38    node 1 gave up on it — moving on too  (occ 1)
2026-09-28T13:29:52.289324761Z     ·     vote   63    YES to node 5          (seq 2)
2026-09-28T13:29:52.344982849Z     ·     vote   63    YES to node 5          (seq 2)
2026-09-28T13:29:52.451614085Z     ·     vote   63    YES to node 5          (seq 2)
2026-09-28T13:29:52.656057945Z     ·     vote   63    YES to node 5          (seq 2)
2026-09-28T13:29:54.158202099Z     ·     vote   63    YES to node 5          (seq 2)
2026-09-28T13:29:56.064471799Z     ·     vote   63    YES to node 5          (seq 2)
2026-09-28T13:29:56.866691322Z     ·     vote   63    YES to node 5          (seq 2)
2026-09-28T13:29:59.370908853Z     ·     vote   63    YES to node 5          (seq 2)
2026-09-28T13:30:00.374673138Z     ·     skip   63    node 5 gave up on it — moving on too  (occ 1)
2026-09-28T13:30:00.379209405Z     ·     skip   64    node 5 gave up on it — moving on too  (occ 1)
2026-09-28T13:30:00.381459279Z -- cycle 1/5 done at 143681.0 ms --
2026-09-28T13:30:00.381497397Z 
2026-09-28T13:30:00.381502600Z -- cycle 2/5 --
2026-09-28T13:30:00.384223300Z     ·     vote   31    YES to node 1          (seq 11)
2026-09-28T13:30:01.879793153Z     ·     vote   31    YES to node 1          (seq 11)
2026-09-28T13:30:03.530224542Z     ·     apply  31        73.3 ms HE    1 dec  from node 1  (seq 11)
2026-09-28T13:30:03.679760173Z     ·     apply  32       142.6 ms HE    2 dec  from node 1  (seq 12)
2026-09-28T13:30:17.601437859Z     ·     vote   33    YES to node 1          (seq 13)
2026-09-28T13:30:08.107754846Z     ·     vote   33    YES to node 1          (seq 13)
2026-09-28T13:30:09.607125776Z     ·     vote   33    YES to node 1          (seq 13)
2026-09-28T13:30:12.660830833Z     ·     vote   33    YES to node 1          (seq 13)
2026-09-28T13:30:15.661060402Z     ·     vote   33    YES to node 1          (seq 13)
2026-09-28T13:30:15.715337030Z     ·     vote   33    YES to node 1          (seq 13)
2026-09-28T13:30:17.210922435Z     ·     vote   33    YES to node 1          (seq 13)
2026-09-28T13:30:18.711619798Z     ·     vote   33    YES to node 1          (seq 13)
2026-09-28T13:30:18.814878523Z     ·     skip   33    node 1 gave up on it — moving on too  (occ 3)
2026-09-28T13:30:19.127027632Z     ·     skip   34    node 1 gave up on it — moving on too  (occ 3)
2026-09-28T13:30:19.134026576Z     ·     vote   35    YES to node 1          (seq 13)
2026-09-28T13:30:19.189901767Z     ·     vote   35    YES to node 1          (seq 13)
2026-09-28T13:30:19.295279304Z     ·     vote   35    YES to node 1          (seq 13)
2026-09-28T13:30:22.299994737Z     ·     vote   35    YES to node 1          (seq 13)
2026-09-28T13:30:22.503874428Z     ·     vote   35    YES to node 1          (seq 13)
2026-09-28T13:30:22.907858806Z     ·     vote   35    YES to node 1          (seq 13)
2026-09-28T13:30:23.712262559Z     ·     vote   35    YES to node 1          (seq 13)
2026-09-28T13:30:25.213622839Z     ·     vote   35    YES to node 1          (seq 13)
2026-09-28T13:30:26.220128433Z     ·     vote   35    YES to node 1          (seq 13)
2026-09-28T13:30:27.218698685Z     ·     vote   35    YES to node 1          (seq 13)
2026-09-28T13:30:28.720843640Z     ·     vote   35    YES to node 1          (seq 13)
2026-09-28T13:30:30.220464889Z     ·     vote   35    YES to node 1          (seq 13)
2026-09-28T13:30:42.710305100Z     ·     vote   35    YES to node 1          (seq 13)
2026-09-28T13:30:32.718655597Z     ·     skip   35    node 1 gave up on it — moving on too  (occ 3)
2026-09-28T13:30:42.732182860Z     ·     skip   36    node 1 gave up on it — moving on too  (occ 3)
2026-09-28T13:30:42.736723729Z     ·     vote   39    YES to node 1          (seq 13)
2026-09-28T13:30:42.810292272Z     ·     apply  39        70.0 ms HE    1 dec  from node 1  (seq 13)
2026-09-28T13:30:54.387606143Z     ·     skip   61    node 5 gave up on it — moving on too  (occ 3)
2026-09-28T13:30:54.766200792Z     ·     apply  30        69.9 ms HE    1 dec  from node 1  (seq 14)
2026-09-28T13:30:54.838348156Z c2  s17  local  71        69.5 ms HE    1 dec  0 frames
2026-09-28T13:30:54.908436636Z c2  s18  local  72        69.7 ms HE    1 dec  0 frames
2026-09-28T13:30:54.978684593Z c2  s19  local  81        69.9 ms HE    1 dec  0 frames
2026-09-28T13:30:55.049018691Z c2  s20  local  82        69.8 ms HE    1 dec  0 frames
2026-09-28T13:30:55.118426946Z c2  s21  local  73        69.5 ms HE    1 dec  0 frames
2026-09-28T13:30:55.188529933Z c2  s22  local  74        69.7 ms HE    1 dec  0 frames
2026-09-28T13:30:55.191419013Z     ·     vote   65    YES to node 5          (seq 2)
2026-09-28T13:31:07.683313202Z     ·     vote   65    YES to node 5          (seq 2)
2026-09-28T13:31:07.755691377Z     ·     apply  65        69.7 ms HE    1 dec  from node 5  (seq 2)
2026-09-28T13:30:58.345085170Z     ·     apply  66        69.6 ms HE    1 dec  from node 5  (seq 3)
2026-09-28T13:31:04.794743692Z     ·     vote   31    YES to node 1          (seq 15)
2026-09-28T13:31:06.293541548Z     ·     vote   31    YES to node 1          (seq 15)
2026-09-28T13:31:07.828495368Z     ·     vote   31    YES to node 1          (seq 15)
2026-09-28T13:31:09.328854770Z     ·     vote   31    YES to node 1          (seq 15)
2026-09-28T13:31:10.828220297Z     ·     vote   31    YES to node 1          (seq 15)
2026-09-28T13:31:12.378849730Z     ·     vote   31    YES to node 1          (seq 15)
2026-09-28T13:31:13.876541657Z     ·     vote   31    YES to node 1          (seq 15)
2026-09-28T13:31:13.981722300Z     ·     vote   31    YES to node 1          (seq 15)
2026-09-28T13:31:15.483099088Z     ·     vote   31    YES to node 1          (seq 15)
2026-09-28T13:31:16.979245844Z     ·     vote   31    YES to node 1          (seq 15)
2026-09-28T13:31:18.479941806Z     ·     vote   31    YES to node 1          (seq 15)
2026-09-28T13:31:18.685790738Z     ·     skip   31    node 1 gave up on it — moving on too  (occ 4)
2026-09-28T13:31:18.994913802Z     ·     skip   32    node 1 gave up on it — moving on too  (occ 4)
2026-09-28T13:31:30.512348105Z     ·     vote   35    YES to node 1          (seq 15)
2026-09-28T13:31:31.996534876Z     ·     vote   35    YES to node 1          (seq 15)
2026-09-28T13:31:33.498713947Z     ·     vote   35    YES to node 1          (seq 15)
2026-09-28T13:31:35.050278008Z     ·     vote   35    YES to node 1          (seq 15)
2026-09-28T13:31:36.550993280Z     ·     vote   35    YES to node 1          (seq 15)
2026-09-28T13:31:38.055939568Z     ·     vote   35    YES to node 1          (seq 15)
2026-09-28T13:31:38.110094337Z     ·     vote   35    YES to node 1          (seq 15)
2026-09-28T13:31:39.612158653Z     ·     vote   35    YES to node 1          (seq 15)
2026-09-28T13:31:39.717423536Z     ·     skip   35    node 1 gave up on it — moving on too  (occ 4)
2026-09-28T13:31:40.025881983Z     ·     skip   36    node 1 gave up on it — moving on too  (occ 4)
2026-09-28T13:31:40.336097469Z     ·     vote   61    YES to node 5          (seq 4)
2026-09-28T13:31:40.408965477Z     ·     apply  61        69.8 ms HE    1 dec  from node 5  (seq 4)
2026-09-28T13:31:40.859819644Z     ·     vote   33    YES to node 1          (seq 15)
2026-09-28T13:31:42.354227967Z     ·     vote   33    YES to node 1          (seq 15)
2026-09-28T13:31:45.356912409Z     ·     vote   33    YES to node 1          (seq 15)
2026-09-28T13:31:57.894221228Z     ·     vote   33    YES to node 1          (seq 15)
2026-09-28T13:31:57.968332330Z     ·     apply  33        69.8 ms HE    1 dec  from node 1  (seq 15)
2026-09-28T13:31:47.060326633Z     ·     apply  34        69.4 ms HE    1 dec  from node 1  (seq 16)
2026-09-28T13:31:47.203764252Z     ·     vote   37    YES to node 1          (seq 17)
2026-09-28T13:31:50.208809021Z     ·     vote   37    YES to node 1          (seq 17)
2026-09-28T13:31:50.280800811Z     ·     apply  37        69.9 ms HE    1 dec  from node 1  (seq 17)
2026-09-28T13:32:02.912122221Z     ·     apply  38        69.9 ms HE    1 dec  from node 1  (seq 18)
2026-09-28T13:32:02.917562320Z     ·     vote   63    YES to node 5          (seq 5)
2026-09-28T13:32:02.993710895Z     ·     apply  63        70.1 ms HE    1 dec  from node 5  (seq 5)
2026-09-28T13:31:52.074881132Z     ·     apply  64        69.5 ms HE    1 dec  from node 5  (seq 6)
2026-09-28T13:31:52.077303689Z -- cycle 2/5 done at 255430.8 ms --
2026-09-28T13:31:52.077322598Z 
2026-09-28T13:31:52.077326500Z -- cycle 3/5 --
2026-09-28T13:32:12.908357889Z     ·     vote   31    YES to node 1          (seq 19)
2026-09-28T13:32:04.916352843Z     ·     vote   31    YES to node 1          (seq 19)
2026-09-28T13:32:06.415243443Z     ·     vote   31    YES to node 1          (seq 19)
2026-09-28T13:32:09.479001848Z     ·     vote   31    YES to node 1          (seq 19)
2026-09-28T13:32:10.976482074Z     ·     vote   31    YES to node 1          (seq 19)
2026-09-28T13:32:12.465100450Z     ·     vote   31    YES to node 1          (seq 19)
2026-09-28T13:32:12.521297494Z     ·     skip   31    node 1 gave up on it — moving on too  (occ 5)
2026-09-28T13:32:13.135101700Z     ·     skip   32    node 1 gave up on it — moving on too  (occ 5)
2026-09-28T13:32:23.135030037Z     ·     vote   33    YES to node 1          (seq 19)
2026-09-28T13:32:23.210714891Z     ·     apply  33        69.8 ms HE    1 dec  from node 1  (seq 19)
2026-09-28T13:32:23.586947012Z     ·     apply  34        69.8 ms HE    1 dec  from node 1  (seq 20)
2026-09-28T13:32:26.667058540Z     ·     vote   35    YES to node 1          (seq 21)
2026-09-28T13:32:28.167516826Z     ·     vote   35    YES to node 1          (seq 21)
2026-09-28T13:32:29.669572939Z     ·     vote   35    YES to node 1          (seq 21)
2026-09-28T13:32:31.168135582Z     ·     vote   35    YES to node 1          (seq 21)
2026-09-28T13:32:31.242401658Z     ·     apply  35        70.0 ms HE    1 dec  from node 1  (seq 21)
2026-09-28T13:32:34.320379630Z     ·     apply  36        70.1 ms HE    1 dec  from node 1  (seq 22)
2026-09-28T13:32:34.326984085Z     ·     vote   39    YES to node 1          (seq 23)
2026-09-28T13:32:35.826325000Z     ·     vote   39    YES to node 1          (seq 23)
2026-09-28T13:32:37.322913503Z     ·     vote   39    YES to node 1          (seq 23)
2026-09-28T13:32:37.398526122Z     ·     apply  39        69.6 ms HE    1 dec  from node 1  (seq 23)
2026-09-28T13:32:37.404926480Z     ·     vote   61    YES to node 5          (seq 7)
2026-09-28T13:32:39.049171614Z     ·     apply  61        69.7 ms HE    1 dec  from node 5  (seq 7)
2026-09-28T13:32:40.475436421Z     ·     apply  30        69.8 ms HE    1 dec  from node 1  (seq 24)
2026-09-28T13:32:40.547930151Z c3  s17  local  71        69.9 ms HE    1 dec  0 frames
2026-09-28T13:32:40.618320175Z c3  s18  local  72        70.0 ms HE    1 dec  0 frames
2026-09-28T13:32:40.688729809Z c3  s19  local  81        69.8 ms HE    1 dec  0 frames
2026-09-28T13:32:40.758011404Z c3  s20  local  82        69.6 ms HE    1 dec  0 frames
2026-09-28T13:32:40.827995034Z c3  s21  local  73        69.7 ms HE    1 dec  0 frames
2026-09-28T13:32:40.897642403Z c3  s22  local  74        69.8 ms HE    1 dec  0 frames
2026-09-28T13:32:40.900892456Z     ·     vote   65    YES to node 5          (seq 8)
2026-09-28T13:32:40.974505120Z     ·     apply  65        69.3 ms HE    1 dec  from node 5  (seq 8)
2026-09-28T13:32:41.353689551Z     ·     apply  66        69.7 ms HE    1 dec  from node 5  (seq 9)
2026-09-28T13:32:56.464052471Z     ·     vote   31    YES to node 1          (seq 25)
2026-09-28T13:32:57.962428301Z     ·     vote   31    YES to node 1          (seq 25)
2026-09-28T13:32:59.464572455Z     ·     vote   31    YES to node 1          (seq 25)
2026-09-28T13:32:59.537683279Z     ·     apply  31        69.7 ms HE    1 dec  from node 1  (seq 25)
2026-09-28T13:33:02.611195298Z     ·     apply  32        69.8 ms HE    1 dec  from node 1  (seq 26)
2026-09-28T13:33:03.827589053Z     ·     vote   35    YES to node 1          (seq 27)
2026-09-28T13:33:03.903255698Z     ·     apply  35        70.0 ms HE    1 dec  from node 1  (seq 27)
2026-09-28T13:33:05.549047071Z     ·     apply  36        69.9 ms HE    1 dec  from node 1  (seq 28)
2026-09-28T13:33:18.107075598Z     ·     vote   61    YES to node 5          (seq 10)
2026-09-28T13:33:08.621119195Z     ·     vote   61    YES to node 5          (seq 10)
2026-09-28T13:33:08.695791365Z     ·     apply  61        69.7 ms HE    1 dec  from node 5  (seq 10)
2026-09-28T13:33:10.196581373Z     ·     vote   33    YES to node 1          (seq 29)
2026-09-28T13:33:11.700370313Z     ·     vote   33    YES to node 1          (seq 29)
2026-09-28T13:33:13.233480450Z     ·     vote   33    YES to node 1          (seq 29)
2026-09-28T13:33:14.732383656Z     ·     vote   33    YES to node 1          (seq 29)
2026-09-28T13:33:16.281989882Z     ·     vote   33    YES to node 1          (seq 29)
2026-09-28T13:33:17.747826610Z     ·     vote   33    YES to node 1          (seq 29)
2026-09-28T13:33:19.247772014Z     ·     vote   33    YES to node 1          (seq 29)
2026-09-28T13:33:19.321488827Z     ·     apply  33        70.7 ms HE    1 dec  from node 1  (seq 29)
2026-09-28T13:33:20.971134741Z     ·     apply  34        70.1 ms HE    1 dec  from node 1  (seq 30)
2026-09-28T13:33:23.963152987Z     ·     vote   37    YES to node 1          (seq 31)
2026-09-28T13:33:24.038582219Z     ·     apply  37        70.1 ms HE    1 dec  from node 1  (seq 31)
2026-09-28T13:33:24.115348889Z     ·     apply  38        70.2 ms HE    1 dec  from node 1  (seq 32)
2026-09-28T13:33:24.422609964Z     ·     vote   63    YES to node 5          (seq 11)
2026-09-28T13:33:24.495784018Z     ·     apply  63        69.7 ms HE    1 dec  from node 5  (seq 11)
2026-09-28T13:33:29.069652045Z     ·     apply  64        70.1 ms HE    1 dec  from node 5  (seq 12)
2026-09-28T13:33:29.072052492Z -- cycle 3/5 done at 352470.1 ms --
2026-09-28T13:33:29.072095312Z 
2026-09-28T13:33:29.072113221Z -- cycle 4/5 --
2026-09-28T13:33:29.075690430Z     ·     vote   31    YES to node 1          (seq 33)
2026-09-28T13:33:30.578475390Z     ·     vote   31    YES to node 1          (seq 33)
2026-09-28T13:33:43.066675713Z     ·     vote   31    YES to node 1          (seq 33)
2026-09-28T13:33:33.567758739Z     ·     vote   31    YES to node 1          (seq 33)
2026-09-28T13:33:36.620063584Z     ·     vote   31    YES to node 1          (seq 33)
2026-09-28T13:33:38.138577300Z     ·     vote   31    YES to node 1          (seq 33)
2026-09-28T13:33:38.213875969Z     ·     apply  31        69.7 ms HE    1 dec  from node 1  (seq 33)
2026-09-28T13:33:41.285029918Z     ·     apply  32        70.2 ms HE    1 dec  from node 1  (seq 34)
2026-09-28T13:33:41.595442298Z     ·     vote   33    YES to node 1          (seq 35)
2026-09-28T13:33:43.090622619Z     ·     vote   33    YES to node 1          (seq 35)
2026-09-28T13:33:44.589689803Z     ·     vote   33    YES to node 1          (seq 35)
2026-09-28T13:33:46.090483913Z     ·     vote   33    YES to node 1          (seq 35)
2026-09-28T13:33:47.635180877Z     ·     vote   33    YES to node 1          (seq 35)
2026-09-28T13:33:47.708374741Z     ·     apply  33        69.7 ms HE    1 dec  from node 1  (seq 35)
2026-09-28T13:33:53.855811406Z     ·     apply  34        69.8 ms HE    1 dec  from node 1  (seq 36)
2026-09-28T13:33:55.287002567Z     ·     vote   35    YES to node 1          (seq 37)
2026-09-28T13:33:56.787828291Z     ·     vote   35    YES to node 1          (seq 37)
2026-09-28T13:33:58.282547624Z     ·     vote   35    YES to node 1          (seq 37)
2026-09-28T13:33:59.782974157Z     ·     vote   35    YES to node 1          (seq 37)
2026-09-28T13:34:01.335254961Z     ·     vote   35    YES to node 1          (seq 37)
2026-09-28T13:34:02.822797349Z     ·     vote   35    YES to node 1          (seq 37)
2026-09-28T13:34:04.324773222Z     ·     vote   35    YES to node 1          (seq 37)
2026-09-28T13:34:05.825416360Z     ·     vote   35    YES to node 1          (seq 37)
2026-09-28T13:34:07.399270428Z     ·     skip   35    node 1 gave up on it — moving on too  (occ 7)
2026-09-28T13:34:07.709740936Z     ·     skip   36    node 1 gave up on it — moving on too  (occ 7)
2026-09-28T13:34:07.716908560Z     ·     vote   39    YES to node 1          (seq 37)
2026-09-28T13:34:09.217408328Z     ·     vote   39    YES to node 1          (seq 37)
2026-09-28T13:34:10.721256196Z     ·     vote   39    YES to node 1          (seq 37)
2026-09-28T13:34:10.796240916Z     ·     apply  39        69.8 ms HE    1 dec  from node 1  (seq 37)
2026-09-28T13:34:20.796599818Z     ·     skip   61    node 5 gave up on it — moving on too  (occ 7)
2026-09-28T13:34:20.872637941Z     ·     apply  30        70.1 ms HE    1 dec  from node 1  (seq 38)
2026-09-28T13:34:20.944823523Z c4  s17  local  71        69.8 ms HE    1 dec  0 frames
2026-09-28T13:34:21.013674512Z c4  s18  local  72        69.4 ms HE    1 dec  0 frames
2026-09-28T13:34:21.083024539Z c4  s19  local  81        69.3 ms HE    1 dec  0 frames
2026-09-28T13:34:21.152525539Z c4  s20  local  82        69.4 ms HE    1 dec  0 frames
2026-09-28T13:34:21.222219631Z c4  s21  local  73        69.4 ms HE    1 dec  0 frames
2026-09-28T13:34:21.292626464Z c4  s22  local  74        69.8 ms HE    1 dec  0 frames
2026-09-28T13:34:32.436702151Z     ·     skip   65    node 5 gave up on it — moving on too  (occ 4)
2026-09-28T13:34:32.441344569Z     ·     skip   66    node 5 gave up on it — moving on too  (occ 4)
2026-09-28T13:34:32.445716257Z     ·     vote   31    YES to node 1          (seq 39)
2026-09-28T13:34:32.498734383Z     ·     vote   31    YES to node 1          (seq 39)
2026-09-28T13:34:32.602627612Z     ·     vote   31    YES to node 1          (seq 39)
2026-09-28T13:34:34.104624095Z     ·     vote   31    YES to node 1          (seq 39)
2026-09-28T13:34:34.310531254Z     ·     vote   31    YES to node 1          (seq 39)
2026-09-28T13:34:35.808544135Z     ·     vote   31    YES to node 1          (seq 39)
2026-09-28T13:34:48.286988895Z     ·     vote   31    YES to node 1          (seq 39)
2026-09-28T13:34:37.701619784Z     ·     vote   31    YES to node 1          (seq 39)
2026-09-28T13:34:39.203380956Z     ·     vote   31    YES to node 1          (seq 39)
2026-09-28T13:34:40.011406739Z     ·     vote   31    YES to node 1          (seq 39)
2026-09-28T13:34:41.510843100Z     ·     vote   31    YES to node 1          (seq 39)
2026-09-28T13:34:44.517531426Z     ·     vote   31    YES to node 1          (seq 39)
2026-09-28T13:34:45.521908804Z     ·     skip   31    node 1 gave up on it — moving on too  (occ 8)
2026-09-28T13:34:45.832679655Z     ·     skip   32    node 1 gave up on it — moving on too  (occ 8)
2026-09-28T13:34:55.828889729Z     ·     vote   35    YES to node 1          (seq 39)
2026-09-28T13:35:08.317026513Z     ·     vote   35    YES to node 1          (seq 39)
2026-09-28T13:34:58.840251975Z     ·     vote   35    YES to node 1          (seq 39)
2026-09-28T13:35:00.341221268Z     ·     vote   35    YES to node 1          (seq 39)
2026-09-28T13:35:01.893573906Z     ·     vote   35    YES to node 1          (seq 39)
2026-09-28T13:35:03.378938964Z     ·     vote   35    YES to node 1          (seq 39)
2026-09-28T13:35:04.877707105Z     ·     vote   35    YES to node 1          (seq 39)
2026-09-28T13:35:06.377702433Z     ·     vote   35    YES to node 1          (seq 39)
2026-09-28T13:35:06.449502031Z     ·     apply  35        69.4 ms HE    1 dec  from node 1  (seq 39)
2026-09-28T13:35:09.530946887Z     ·     apply  36        69.4 ms HE    1 dec  from node 1  (seq 40)
2026-09-28T13:35:11.106288807Z     ·     vote   61    YES to node 5          (seq 13)
2026-09-28T13:35:11.183873268Z     ·     apply  61        69.9 ms HE    1 dec  from node 5  (seq 13)
2026-09-28T13:35:15.517401199Z     ·     vote   33    YES to node 1          (seq 41)
2026-09-28T13:35:15.591430061Z     ·     apply  33        69.9 ms HE    1 dec  from node 1  (seq 41)
2026-09-28T13:35:15.667707098Z     ·     apply  34        69.9 ms HE    1 dec  from node 1  (seq 42)
2026-09-28T13:35:18.680717573Z     ·     vote   37    YES to node 1          (seq 43)
2026-09-28T13:35:18.753818493Z     ·     apply  37        70.1 ms HE    1 dec  from node 1  (seq 43)
2026-09-28T13:35:21.825734906Z     ·     apply  38        70.1 ms HE    1 dec  from node 1  (seq 44)
2026-09-28T13:35:23.323166322Z     ·     vote   63    YES to node 5          (seq 14)
2026-09-28T13:35:23.398217873Z     ·     apply  63        69.6 ms HE    1 dec  from node 5  (seq 14)
2026-09-28T13:35:26.466489045Z     ·     apply  64        69.3 ms HE    1 dec  from node 5  (seq 15)
2026-09-28T13:35:26.468817057Z -- cycle 4/5 done at 469919.6 ms --
2026-09-28T13:35:26.468848672Z 
2026-09-28T13:35:26.468852574Z -- cycle 5/5 --
2026-09-28T13:35:34.817439408Z     ·     vote   31    YES to node 1          (seq 45)
2026-09-28T13:35:34.890287207Z     ·     apply  31        70.0 ms HE    1 dec  from node 1  (seq 45)
2026-09-28T13:35:36.536710281Z     ·     apply  32        69.6 ms HE    1 dec  from node 1  (seq 46)
2026-09-28T13:35:39.535327804Z     ·     vote   33    YES to node 1          (seq 47)
2026-09-28T13:35:41.037363006Z     ·     vote   33    YES to node 1          (seq 47)
2026-09-28T13:35:42.531345991Z     ·     vote   33    YES to node 1          (seq 47)
2026-09-28T13:35:42.605227283Z     ·     apply  33        69.3 ms HE    1 dec  from node 1  (seq 47)
2026-09-28T13:35:47.177999436Z     ·     apply  34        70.4 ms HE    1 dec  from node 1  (seq 48)
2026-09-28T13:35:50.175875555Z     ·     vote   35    YES to node 1          (seq 49)
2026-09-28T13:35:51.677706560Z     ·     vote   35    YES to node 1          (seq 49)
2026-09-28T13:35:53.175680804Z     ·     vote   35    YES to node 1          (seq 49)
2026-09-28T13:35:54.678196436Z     ·     vote   35    YES to node 1          (seq 49)
2026-09-28T13:35:56.228501496Z     ·     vote   35    YES to node 1          (seq 49)
2026-09-28T13:35:57.731009552Z     ·     vote   35    YES to node 1          (seq 49)
2026-09-28T13:35:59.234573484Z     ·     vote   35    YES to node 1          (seq 49)
2026-09-28T13:35:59.307600868Z     ·     apply  35        69.8 ms HE    1 dec  from node 1  (seq 49)
2026-09-28T13:36:13.503219777Z     ·     apply  36        70.2 ms HE    1 dec  from node 1  (seq 50)
2026-09-28T13:36:03.947378834Z     ·     vote   39    NO  to node 1          (seq 51)
2026-09-28T13:36:05.448873878Z     ·     vote   39    NO  to node 1          (seq 51)
2026-09-28T13:36:06.948306837Z     ·     vote   39    NO  to node 1          (seq 51)
2026-09-28T13:36:08.449144220Z     ·     vote   39    NO  to node 1          (seq 51)
2026-09-28T13:36:08.500737666Z     ·     vote   39    NO  to node 1          (seq 51)
2026-09-28T13:36:10.004129416Z     ·     vote   39    NO  to node 1          (seq 51)
2026-09-28T13:36:11.505249581Z     ·     vote   39    NO  to node 1          (seq 51)
2026-09-28T13:36:13.013981627Z     ·     vote   39    NO  to node 1          (seq 51)
2026-09-28T13:36:14.566357576Z     ·     skip   39    node 1 gave up on it — moving on too  (occ 5)
2026-09-28T13:36:16.074935804Z     ·     vote   61    YES to node 5          (seq 16)
2026-09-28T13:36:16.149547445Z     ·     apply  61        69.8 ms HE    1 dec  from node 5  (seq 16)
2026-09-28T13:36:16.761300772Z     ·     skip   30    node 1 gave up on it — moving on too  (occ 5)
2026-09-28T13:36:26.749515566Z c5  s17  SKIP   71    my own supervisor disables it here
2026-09-28T13:36:26.749673342Z c5  s18  [!!]   72    IMPOSSIBLE — uncontrollable, but no machine could produce it from here; rejected (sensor fault or attack?)
2026-09-28T13:36:26.749705357Z c5  s18  SKIP   72    physically impossible here — rejected
2026-09-28T13:36:36.752580183Z c5  s19  SKIP   81    my own supervisor disables it here
2026-09-28T13:36:36.752735457Z c5  s20  [!!]   82    IMPOSSIBLE — uncontrollable, but no machine could produce it from here; rejected (sensor fault or attack?)
2026-09-28T13:36:36.752760970Z c5  s20  SKIP   82    physically impossible here — rejected
2026-09-28T13:36:46.737571321Z c5  s21  SKIP   73    my own supervisor disables it here
2026-09-28T13:36:46.737681173Z c5  s22  [!!]   74    IMPOSSIBLE — uncontrollable, but no machine could produce it from here; rejected (sensor fault or attack?)
2026-09-28T13:36:46.737710187Z c5  s22  SKIP   74    physically impossible here — rejected
2026-09-28T13:36:46.741661975Z     ·     vote   65    YES to node 5          (seq 17)
2026-09-28T13:36:46.816693516Z     ·     apply  65        69.8 ms HE    1 dec  from node 5  (seq 17)
2026-09-28T13:36:46.892494926Z     ·     apply  66        69.7 ms HE    1 dec  from node 5  (seq 18)
2026-09-28T13:36:49.912991866Z     ·     vote   31    YES to node 1          (seq 51)
2026-09-28T13:36:51.414409573Z     ·     vote   31    YES to node 1          (seq 51)
2026-09-28T13:36:52.895147190Z     ·     vote   31    YES to node 1          (seq 51)
2026-09-28T13:36:54.395552614Z     ·     vote   31    YES to node 1          (seq 51)
2026-09-28T13:36:54.469564268Z     ·     apply  31        70.1 ms HE    1 dec  from node 1  (seq 51)
2026-09-28T13:36:59.050526220Z     ·     apply  32        70.0 ms HE    1 dec  from node 1  (seq 52)
2026-09-28T13:37:02.050673350Z     ·     vote   35    YES to node 1          (seq 53)
2026-09-28T13:37:03.536760802Z     ·     vote   35    YES to node 1          (seq 53)
2026-09-28T13:37:05.037184635Z     ·     vote   35    YES to node 1          (seq 53)
2026-09-28T13:37:06.537316628Z     ·     vote   35    YES to node 1          (seq 53)
2026-09-28T13:37:06.612895631Z     ·     apply  35        70.1 ms HE    1 dec  from node 1  (seq 53)
2026-09-28T13:37:06.992358195Z     ·     apply  36        70.1 ms HE    1 dec  from node 1  (seq 54)
2026-09-28T13:37:07.000467569Z     ·     vote   61    YES to node 5          (seq 19)
2026-09-28T13:37:07.073077854Z     ·     apply  61        70.2 ms HE    1 dec  from node 5  (seq 19)
2026-09-28T13:37:08.500193962Z     ·     vote   33    YES to node 1          (seq 55)
2026-09-28T13:37:09.999291360Z     ·     vote   33    YES to node 1          (seq 55)
2026-09-28T13:37:10.053743972Z     ·     vote   33    YES to node 1          (seq 55)
2026-09-28T13:37:11.555113656Z     ·     vote   33    YES to node 1          (seq 55)
2026-09-28T13:37:13.058925394Z     ·     vote   33    YES to node 1          (seq 55)
2026-09-28T13:37:13.166251063Z     ·     vote   33    YES to node 1          (seq 55)
2026-09-28T13:37:13.369931958Z     ·     vote   33    YES to node 1          (seq 55)
2026-09-28T13:37:13.774746433Z     ·     vote   33    YES to node 1          (seq 55)
2026-09-28T13:37:16.081998676Z     ·     vote   33    YES to node 1          (seq 55)
2026-09-28T13:37:17.085929641Z     ·     vote   33    YES to node 1          (seq 55)
2026-09-28T13:37:20.070820616Z     ·     vote   33    YES to node 1          (seq 55)
2026-09-28T13:37:21.571723677Z     ·     vote   33    YES to node 1          (seq 55)
2026-09-28T13:37:23.124669573Z     ·     skip   33    node 1 gave up on it — moving on too  (occ 10)
2026-09-28T13:37:23.434026348Z     ·     skip   34    node 1 gave up on it — moving on too  (occ 10)
2026-09-28T13:37:33.438245463Z     ·     vote   37    YES to node 1          (seq 55)
2026-09-28T13:37:34.939055279Z     ·     vote   37    YES to node 1          (seq 55)
2026-09-28T13:37:37.938997348Z     ·     vote   37    YES to node 1          (seq 55)
2026-09-28T13:37:39.491122177Z     ·     vote   37    YES to node 1          (seq 55)
2026-09-28T13:37:40.991850555Z     ·     vote   37    YES to node 1          (seq 55)
2026-09-28T13:37:42.492771825Z     ·     vote   37    YES to node 1          (seq 55)
2026-09-28T13:37:43.990972031Z     ·     vote   37    YES to node 1          (seq 55)
2026-09-28T13:37:44.045200677Z     ·     skip   37    node 1 gave up on it — moving on too  (occ 5)
2026-09-28T13:37:44.054202819Z     ·     skip   38    node 1 gave up on it — moving on too  (occ 5)
2026-09-28T13:37:45.561826116Z     ·     vote   63    YES to node 5          (seq 20)
2026-09-28T13:37:45.618203821Z     ·     vote   63    YES to node 5          (seq 20)
2026-09-28T13:37:45.725009324Z     ·     vote   63    YES to node 5          (seq 20)
2026-09-28T13:37:45.931969603Z     ·     vote   63    YES to node 5          (seq 20)
2026-09-28T13:37:46.337813303Z     ·     vote   63    YES to node 5          (seq 20)
2026-09-28T13:37:47.837133324Z     ·     vote   63    YES to node 5          (seq 20)
2026-09-28T13:37:48.932406151Z     ·     vote   63    YES to node 5          (seq 20)
2026-09-28T13:37:49.737996455Z     ·     vote   63    YES to node 5          (seq 20)
2026-09-28T13:37:52.243986752Z     ·     vote   63    YES to node 5          (seq 20)
2026-09-28T13:37:53.237107780Z     ·     vote   63    YES to node 5          (seq 20)
2026-09-28T13:37:54.737975036Z     ·     vote   63    YES to node 5          (seq 20)
2026-09-28T13:37:55.743252850Z     ·     skip   63    node 5 gave up on it — moving on too  (occ 5)
2026-09-28T13:37:55.748727263Z     ·     skip   64    node 5 gave up on it — moving on too  (occ 5)
2026-09-28T13:37:55.750917909Z -- cycle 5/5 done at 619680.5 ms --
2026-09-28T13:37:55.750978038Z 
2026-09-28T13:37:55.750989243Z ============================================================
2026-09-28T13:37:55.750996947Z   SUMMARY — node 7/7 — LOCAL MODULAR — UDP/IP multicast (RFC 1112)
2026-09-28T13:37:55.751005151Z ============================================================
2026-09-28T13:37:55.751012354Z   events this node FIRED:
2026-09-28T13:37:55.751018957Z   local (no network)     n=18   avg    69.86 ms  (HE   69.66 + net    0.00)  min   69.37  max    70.21  100.0%
2026-09-28T13:37:55.751026161Z   shared controllable          (none on this node)
2026-09-28T13:37:55.751033064Z   shared uncontroll.           (none on this node)
2026-09-28T13:37:55.751039567Z   events this node APPLIED for a peer (participant side):
2026-09-28T13:37:55.751046170Z   shared, applied        n=73   avg    84.84 ms  (HE   84.84 + net    0.00)  min   69.30  max   225.34
2026-09-28T13:37:55.751053374Z   run clock, end of cycles 1..5 (ms): 143681.0 255430.8 352470.1 469919.6 619680.5
2026-09-28T13:37:55.751060177Z      a cycle is over at the LATEST node's value; DES_WORK_MS 0 included
2026-09-28T13:37:55.751067480Z   ----------------------------------------------------------
2026-09-28T13:37:55.751074284Z   all events            n=18   avg    69.86 ms  (HE   69.66 + net    0.00)
2026-09-28T13:37:55.751081387Z   PEER-WAIT + WIRE      0.0 % of total step time
2026-09-28T13:37:55.751087990Z      (compare against the round-trip probe above: the excess is
2026-09-28T13:37:55.751094693Z       the peer's own HE work, not the link.)
2026-09-28T13:37:55.751101196Z   frames: tx=2325 rx=10729 retransmits=0
2026-09-28T13:37:55.751107800Z   authentication: HMAC-SHA256/128, 2.5 us per frame; 0 rejected (bad tag), 0 stale/replayed dropped, 8 epoch challenges
2026-09-28T13:37:55.751115403Z   rx queue: peak 10/64 frames
2026-09-28T13:37:55.751122507Z   plant check: 6 event reports rejected as physically impossible
2026-09-28T13:37:55.751129210Z      (these supervisors carry the plant: an impossible uncontrollable event is caught)
2026-09-28T13:37:55.751138014Z   !! 12 STEPS SKIPPED — each SKIP line above says why. Firing a
2026-09-28T13:37:55.751145017Z      step anyway would corrupt every supervisor downstream.
2026-09-28T13:37:55.751151720Z   injected frame loss: 10 %
2026-09-28T13:37:55.751158324Z   ----------------------------------------------------------
2026-09-28T13:37:55.751165127Z   homomorphic vs cleartext oracle : PASS — every encrypted bit matched
2026-09-28T13:37:55.751171930Z      (PASS certifies the cryptography: each node's encrypted bits
2026-09-28T13:37:55.751179234Z       match its own clear model for the events it applied. It does
2026-09-28T13:37:55.751219353Z       not certify the distributed run — read the skips for that.)
2026-09-28T13:37:55.751227757Z   distributed vs MONOLITHIC sup.  : off — this header has no monolithic supervisor
2026-09-28T13:37:55.751237261Z   safe halt                       : no — ran to completion
2026-09-28T13:37:55.751244865Z ============================================================
2026-09-28T13:38:05.774912442Z @@RESULT {"node":7,"nodes":7,"family":"LOCAL MODULAR","data":"supervisor_data_fms.h","transport":"UDP/IP multicast (RFC 1112)","fingerprint":"04511541","supervisors":["S6"],"fired":{"local":18,"ctrl":0,"unctrl":0},"applied_for_peers":73,"skips":12,"impossible":6,"tx":2325,"rx":10729,"retx":0,"auth_bad":0,"replays":0,"challenges":8,"mac_us":2.46,"rxq_peak":10,"rxq_drops":0,"sync_wait_ms":0.0,"oracle":"PASS","safe_halt":false,"halt_reason":"","cycle_end_ms":[143681.0,255430.8,352470.1,469919.6,619680.5],"rounds":5,"work_ms":0,"emu_scalarmul_ms":69.0,"loss_pct":10,"loss_seed":3856945805,"exit":1}
