2026-09-28T12:07:08.088652617Z des_container: node 1 of 7, LOCAL MODULAR, data supervisor_data_fms.h, transport UDP/IP multicast (RFC 1112)
2026-09-28T12:07:08.088746261Z des_container: EMULATING the ESP32 — every decryption takes at least 69.0 ms (DES_EMU_SCALARMUL_MS)
2026-09-28T12:07:08.088756566Z des_container: dropping 1 % of received frames, seed 498258524 (DES_LOSS_SEED to replay)
2026-09-28T12:07:08.088793684Z 
2026-09-28T12:07:08.088799787Z ============================================================
2026-09-28T12:07:08.088802188Z   Distributed Homomorphic DES — generic engine
2026-09-28T12:07:08.088804089Z   node 1/7   family LOCAL MODULAR   7 supervisors   31 events
2026-09-28T12:07:08.088805990Z   data: supervisor_data_fms.h
2026-09-28T12:07:08.088807791Z ============================================================
2026-09-28T12:07:08.089840084Z --- event routing (DERIVED from the header, not hardcoded) ---
2026-09-28T12:07:08.089860694Z   event  ctrl  nodes      owner  class
2026-09-28T12:07:08.089863295Z   11     yes   1          1      local — no network
2026-09-28T12:07:08.089865596Z   12     no    1          1      local — no network
2026-09-28T12:07:08.089867797Z   21     yes   2          2      local — no network
2026-09-28T12:07:08.089869798Z   22     no    2          2      local — no network
2026-09-28T12:07:08.089872499Z   30     no    1 2 3 4 5 6 7  1      SHARED — needs network
2026-09-28T12:07:08.089874300Z   31     yes   1 2 3 4 5 6 7  1      SHARED — needs network
2026-09-28T12:07:08.089876301Z   32     no    1 2 3 4 5 6 7  1      SHARED — needs network
2026-09-28T12:07:08.089878202Z   33     yes   1 2 3 4 5 6 7  1      SHARED — needs network
2026-09-28T12:07:08.089880103Z   34     no    1 2 3 4 5 6 7  1      SHARED — needs network
2026-09-28T12:07:08.089881804Z   35     yes   1 2 3 4 5 6 7  1      SHARED — needs network
2026-09-28T12:07:08.089883705Z   36     no    1 2 3 4 5 6 7  1      SHARED — needs network
2026-09-28T12:07:08.089886106Z   37     yes   1 2 3 4 5 6 7  1      SHARED — needs network
2026-09-28T12:07:08.089888307Z   38     no    1 2 3 4 5 6 7  1      SHARED — needs network
2026-09-28T12:07:08.089890408Z   39     yes   1 2 3 4 5 6 7  1      SHARED — needs network
2026-09-28T12:07:08.089892109Z   41     yes   3          3      local — no network
2026-09-28T12:07:08.089893810Z   42     no    3          3      local — no network
2026-09-28T12:07:08.089895510Z   51     yes   4          4      local — no network
2026-09-28T12:07:08.089897311Z   52     no    4          4      local — no network
2026-09-28T12:07:08.089899212Z   53     yes   4          4      local — no network
2026-09-28T12:07:08.089922823Z   54     no    4          4      local — no network
2026-09-28T12:07:08.089925725Z   61     yes   5 6 7      5      SHARED — needs network
2026-09-28T12:07:08.089945534Z   63     yes   5 6 7      5      SHARED — needs network
2026-09-28T12:07:08.089948236Z   64     no    5 6 7      5      SHARED — needs network
2026-09-28T12:07:08.089950337Z   65     yes   5 6 7      5      SHARED — needs network
2026-09-28T12:07:08.089952538Z   66     no    5 6 7      5      SHARED — needs network
2026-09-28T12:07:08.089954739Z   71     yes   7          7      local — no network
2026-09-28T12:07:08.089957040Z   72     no    7          7      local — no network
2026-09-28T12:07:08.089959241Z   73     yes   7          7      local — no network
2026-09-28T12:07:08.089961242Z   74     no    7          7      local — no network
2026-09-28T12:07:08.089963443Z   81     yes   7          7      local — no network
2026-09-28T12:07:08.089965544Z   82     no    7          7      local — no network
2026-09-28T12:07:08.089967745Z   => 15/31 events shared; 16/31 need ZERO network traffic; 12 concern this node
2026-09-28T12:07:08.089970046Z   NOTE controllability was INFERRED from event labels (the header
2026-09-28T12:07:08.089973548Z        does not carry it). Check the 'ctrl' column above; if it is
2026-09-28T12:07:08.089975749Z        wrong, set DES_CONTROLLABLE_MASK explicitly.
2026-09-28T12:07:08.089977650Z 
2026-09-28T12:07:08.089979450Z [init] config fingerprint 04511541 — every node must print the same
2026-09-28T12:07:08.089981651Z 
2026-09-28T12:07:08.089994658Z [net] UDP multicast 239.192.7.1:5077  ttl=1  frame=44 B
2026-09-28T12:07:08.090005963Z --- crypto self-test ---
2026-09-28T12:07:08.095208648Z   Enc(0)->0 Enc(1)->1                PASS
2026-09-28T12:07:08.095911284Z   Enc(1)+Enc(1)->1 homomorphic OR   PASS
2026-09-28T12:07:08.097070838Z   Enc(0)+Enc(0)->0                  PASS
2026-09-28T12:07:08.097092548Z   curve secp192r1, ciphertext 50 B    PASS
2026-09-28T12:07:08.097242120Z   frame tag HMAC-SHA256/128: 1.8 us, 1-bit tamper caught  PASS
2026-09-28T12:07:08.097250023Z 
2026-09-28T12:07:08.097252525Z --- encrypting my supervisors' initial states ---
2026-09-28T12:07:08.097254626Z [load] S0         idx 0   18 states  12 constraining ev     900 B ciphertext
2026-09-28T12:07:08.948497153Z [init] my keypair is mine alone; no ciphertext ever leaves this node
2026-09-28T12:07:08.948540874Z [init] my enablement: 11=1 12=0 21=1 22=1 30=0 31=0 32=0 33=1 34=0 35=1 36=0 37=1 38=0 39=1 41=1 42=1 51=1 52=1 53=1 54=1 61=1 63=1 64=1 65=1 66=1 71=1 72=1 73=1 74=1 81=1 82=1
2026-09-28T12:07:08.948544075Z 
2026-09-28T12:07:10.154178191Z [net] waiting for 6 peer(s)...... all present.
2026-09-28T12:07:11.645459294Z 
2026-09-28T12:07:11.645531128Z --- transport round-trip probe (UDP/IP multicast (RFC 1112)) ---
2026-09-28T12:07:12.441141180Z   19 probes: avg 4.59 ms  min 2.83 ms  max 5.91 ms
2026-09-28T12:07:12.441296554Z 
2026-09-28T12:07:12.441316864Z ============================================================
2026-09-28T12:07:12.441329170Z   RUN — SIM_SEQ driver — 5 cycles x 44 steps — LOCAL MODULAR
2026-09-28T12:07:12.441341876Z   columns: cN sNN = cycle/step of MY walk; · = a peer caused this
2026-09-28T12:07:12.441356883Z   'done at': run clock, common to all nodes; a cycle is over at the
2026-09-28T12:07:12.441363186Z   LATEST node's print, machine time (DES_WORK_MS 0) included
2026-09-28T12:07:12.441369189Z ============================================================
2026-09-28T12:07:12.441375092Z 
2026-09-28T12:07:12.441380595Z -- cycle 1/5 --
2026-09-28T12:07:12.582251187Z c1  s1   local  11       141.3 ms HE    2 dec  0 frames
2026-09-28T12:07:12.652410301Z c1  s2   local  12        69.8 ms HE    1 dec  0 frames
2026-09-28T12:07:12.801097727Z c1  s3   2pc    31        70.1 ms HE    1 dec  14 frames  + 6.2 ms peer-wait  (seq 1)
2026-09-28T12:07:15.963232394Z c1  s4   notify 32        70.1 ms HE    1 dec  7 frames  + 3000.6 ms peer-wait  (seq 2)
2026-09-28T12:07:16.038688739Z c1  s8   2pc    33        69.8 ms HE    1 dec  14 frames  + 5.0 ms peer-wait  (seq 3)
2026-09-28T12:07:16.192654886Z c1  s9   notify 34        69.9 ms HE    1 dec  7 frames  + 2.2 ms peer-wait  (seq 4)
2026-09-28T12:07:16.731467670Z c1  s10  2pc    35        70.3 ms HE    1 dec  14 frames  + 6.8 ms peer-wait  (seq 5)
2026-09-28T12:07:18.449126473Z c1  s13  notify 36        70.0 ms HE    1 dec  7 frames  + 1505.3 ms peer-wait  (seq 6)
2026-09-28T12:07:18.526198989Z c1  s14  2pc    39        69.9 ms HE    1 dec  14 frames  + 6.6 ms peer-wait  (seq 7)
2026-09-28T12:07:18.826032416Z c1  s16  notify 30        69.6 ms HE    1 dec  7 frames  + 1.5 ms peer-wait  (seq 8)
2026-09-28T12:07:18.896023349Z c1  s25  local  11        69.6 ms HE    1 dec  0 frames
2026-09-28T12:07:18.966222483Z c1  s27  local  12        69.9 ms HE    1 dec  0 frames
2026-09-28T12:07:22.624658445Z c1  s28  2pc    31        70.3 ms HE    1 dec  14 frames  + 3008.6 ms peer-wait  (seq 9)
2026-09-28T12:07:22.700026347Z c1  s29  notify 32        70.0 ms HE    1 dec  7 frames  + 1.8 ms peer-wait  (seq 10)
2026-09-28T12:07:23.082268139Z c1  s32  2pc    35        70.2 ms HE    1 dec  14 frames  + 5.6 ms peer-wait  (seq 11)
2026-09-28T12:07:23.157144506Z c1  s33  notify 36        69.7 ms HE    1 dec  7 frames  + 2.0 ms peer-wait  (seq 12)
2026-09-28T12:07:23.531487725Z c1  s36  2pc    33        69.8 ms HE    1 dec  14 frames  + 7.1 ms peer-wait  (seq 13)
2026-09-28T12:07:23.608108626Z c1  s37  notify 34        70.0 ms HE    1 dec  7 frames  + 1.6 ms peer-wait  (seq 14)
2026-09-28T12:07:23.827652299Z c1  s40  2pc    37        69.9 ms HE    1 dec  14 frames  + 6.1 ms peer-wait  (seq 15)
2026-09-28T12:07:23.904561438Z c1  s41  notify 38        70.1 ms HE    1 dec  7 frames  + 1.9 ms peer-wait  (seq 16)
2026-09-28T12:07:23.905036965Z -- cycle 1/5 done at 11461.0 ms --
2026-09-28T12:07:23.905071481Z 
2026-09-28T12:07:23.905084888Z -- cycle 2/5 --
2026-09-28T12:07:23.974946059Z c2  s1   local  11        70.2 ms HE    1 dec  0 frames
2026-09-28T12:07:24.045320576Z c2  s2   local  12        70.1 ms HE    1 dec  0 frames
2026-09-28T12:07:36.707570297Z c2  s3   2pc    31        70.4 ms HE    1 dec  14 frames  + 6.9 ms peer-wait  (seq 17)
2026-09-28T12:07:27.216136128Z c2  s4   notify 32        69.4 ms HE    1 dec  7 frames  + 1504.7 ms peer-wait  (seq 18)
2026-09-28T12:07:27.363612375Z c2  s8   2pc    33        70.0 ms HE    1 dec  14 frames  + 6.6 ms peer-wait  (seq 19)
2026-09-28T12:07:27.437875950Z c2  s9   notify 34        69.7 ms HE    1 dec  7 frames  + 1.9 ms peer-wait  (seq 20)
2026-09-28T12:07:27.519946954Z c2  s10  2pc    35        69.8 ms HE    1 dec  14 frames  + 6.6 ms peer-wait  (seq 21)
2026-09-28T12:07:30.728225142Z c2  s13  notify 36        70.2 ms HE    1 dec  7 frames  + 3000.7 ms peer-wait  (seq 22)
2026-09-28T12:07:30.802601771Z c2  s14  2pc    39        69.5 ms HE    1 dec  14 frames  + 5.2 ms peer-wait  (seq 23)
2026-09-28T12:07:30.959984350Z c2  s16  notify 30        69.8 ms HE    1 dec  7 frames  + 1.9 ms peer-wait  (seq 24)
2026-09-28T12:07:31.028520989Z c2  s25  local  11        70.4 ms HE    1 dec  0 frames
2026-09-28T12:07:31.098264605Z c2  s27  local  12        69.5 ms HE    1 dec  0 frames
2026-09-28T12:07:36.116708616Z c2  s28  2pc    31        70.3 ms HE    1 dec  14 frames  + 4506.3 ms peer-wait  (seq 25)
2026-09-28T12:07:36.192242497Z c2  s29  notify 32        70.0 ms HE    1 dec  7 frames  + 2.0 ms peer-wait  (seq 26)
2026-09-28T12:07:36.413307797Z c2  s32  2pc    35        70.1 ms HE    1 dec  14 frames  + 6.4 ms peer-wait  (seq 27)
2026-09-28T12:07:36.488831274Z c2  s33  notify 36        69.9 ms HE    1 dec  7 frames  + 1.9 ms peer-wait  (seq 28)
2026-09-28T12:07:36.645831671Z c2  s36  2pc    33        69.8 ms HE    1 dec  14 frames  + 6.2 ms peer-wait  (seq 29)
2026-09-28T12:07:36.723098480Z c2  s37  notify 34        70.0 ms HE    1 dec  7 frames  + 1.6 ms peer-wait  (seq 30)
2026-09-28T12:07:36.945321533Z c2  s40  2pc    37        69.9 ms HE    1 dec  14 frames  + 8.1 ms peer-wait  (seq 31)
2026-09-28T12:07:37.022049185Z c2  s41  notify 38        69.9 ms HE    1 dec  7 frames  + 1.8 ms peer-wait  (seq 32)
2026-09-28T12:07:37.022118818Z -- cycle 2/5 done at 24586.8 ms --
2026-09-28T12:07:37.022136727Z 
2026-09-28T12:07:37.022148532Z -- cycle 3/5 --
2026-09-28T12:07:37.091691352Z c3  s1   local  11        69.9 ms HE    1 dec  0 frames
2026-09-28T12:07:37.161706997Z c3  s2   local  12        69.7 ms HE    1 dec  0 frames
2026-09-28T12:07:37.259217677Z c3  s3   2pc    31        69.8 ms HE    1 dec  14 frames  + 6.2 ms peer-wait  (seq 33)
2026-09-28T12:07:37.335792056Z c3  s4   notify 32        69.8 ms HE    1 dec  7 frames  + 1.8 ms peer-wait  (seq 34)
2026-09-28T12:07:37.560955713Z c3  s8   2pc    33        70.1 ms HE    1 dec  14 frames  + 8.2 ms peer-wait  (seq 35)
2026-09-28T12:07:37.635895511Z c3  s9   notify 34        69.9 ms HE    1 dec  7 frames  + 2.1 ms peer-wait  (seq 36)
2026-09-28T12:07:37.715868813Z c3  s10  2pc    35        70.3 ms HE    1 dec  14 frames  + 4.9 ms peer-wait  (seq 37)
2026-09-28T12:07:38.093873181Z c3  s13  notify 36        70.1 ms HE    1 dec  7 frames  + 1.8 ms peer-wait  (seq 38)
2026-09-28T12:07:38.175745690Z c3  s14  2pc    39        70.0 ms HE    1 dec  14 frames  + 7.0 ms peer-wait  (seq 39)
2026-09-28T12:07:38.635476397Z c3  s16  notify 30        69.4 ms HE    1 dec  7 frames  + 1.5 ms peer-wait  (seq 40)
2026-09-28T12:07:38.705474535Z c3  s25  local  11        69.6 ms HE    1 dec  0 frames
2026-09-28T12:07:38.775721891Z c3  s27  local  12        69.7 ms HE    1 dec  0 frames
2026-09-28T12:07:40.857272015Z c3  s28  2pc    31        69.5 ms HE    1 dec  14 frames  + 6.1 ms peer-wait  (seq 41)
2026-09-28T12:07:41.237720850Z c3  s29  notify 32        70.0 ms HE    1 dec  7 frames  + 2.4 ms peer-wait  (seq 42)
2026-09-28T12:07:41.459682579Z c3  s32  2pc    35        69.9 ms HE    1 dec  14 frames  + 7.0 ms peer-wait  (seq 43)
2026-09-28T12:07:41.534575554Z c3  s33  notify 36        69.3 ms HE    1 dec  7 frames  + 1.4 ms peer-wait  (seq 44)
2026-09-28T12:07:41.690406692Z c3  s36  2pc    33        69.3 ms HE    1 dec  14 frames  + 4.7 ms peer-wait  (seq 45)
2026-09-28T12:07:41.765099972Z c3  s37  notify 34        69.3 ms HE    1 dec  7 frames  + 1.2 ms peer-wait  (seq 46)
2026-09-28T12:07:41.982823076Z c3  s40  2pc    37        69.4 ms HE    1 dec  14 frames  + 4.8 ms peer-wait  (seq 47)
2026-09-28T12:07:42.058322341Z c3  s41  notify 38        69.4 ms HE    1 dec  7 frames  + 1.4 ms peer-wait  (seq 48)
2026-09-28T12:07:42.058358958Z -- cycle 3/5 done at 29628.5 ms --
2026-09-28T12:07:42.058371764Z 
2026-09-28T12:07:42.058380869Z -- cycle 4/5 --
2026-09-28T12:07:42.127625746Z c4  s1   local  11        69.3 ms HE    1 dec  0 frames
2026-09-28T12:07:42.196916946Z c4  s2   local  12        69.3 ms HE    1 dec  0 frames
2026-09-28T12:07:43.787272837Z c4  s3   2pc    31        69.8 ms HE    1 dec  14 frames  + 1504.9 ms peer-wait  (seq 49)
2026-09-28T12:07:43.863426515Z c4  s4   notify 32        69.8 ms HE    1 dec  7 frames  + 1.6 ms peer-wait  (seq 50)
2026-09-28T12:07:44.079520640Z c4  s8   2pc    33        69.4 ms HE    1 dec  14 frames  + 4.7 ms peer-wait  (seq 51)
2026-09-28T12:07:44.154797499Z c4  s9   notify 34        69.4 ms HE    1 dec  7 frames  + 1.5 ms peer-wait  (seq 52)
2026-09-28T12:07:44.232417377Z c4  s10  2pc    35        69.4 ms HE    1 dec  14 frames  + 3.8 ms peer-wait  (seq 53)
2026-09-28T12:07:44.445143393Z c4  s13  notify 36        69.4 ms HE    1 dec  7 frames  + 1.6 ms peer-wait  (seq 54)
2026-09-28T12:07:44.525187930Z c4  s14  2pc    39        69.9 ms HE    1 dec  14 frames  + 4.9 ms peer-wait  (seq 55)
2026-09-28T12:07:44.680781154Z c4  s16  notify 30        69.4 ms HE    1 dec  7 frames  + 1.4 ms peer-wait  (seq 56)
2026-09-28T12:07:44.750036037Z c4  s25  local  11        69.3 ms HE    1 dec  0 frames
2026-09-28T12:07:44.819263506Z c4  s27  local  12        69.2 ms HE    1 dec  0 frames
2026-09-28T12:07:56.695192103Z c4  s28  2pc    31        69.9 ms HE    1 dec  14 frames  + 5.2 ms peer-wait  (seq 57)
2026-09-28T12:07:56.771213918Z c4  s29  notify 32        69.5 ms HE    1 dec  7 frames  + 1.7 ms peer-wait  (seq 58)
2026-09-28T12:07:45.916972782Z c4  s32  2pc    35        69.6 ms HE    1 dec  14 frames  + 5.3 ms peer-wait  (seq 59)
2026-09-28T12:07:45.992213724Z c4  s33  notify 36        69.7 ms HE    1 dec  7 frames  + 1.3 ms peer-wait  (seq 60)
2026-09-28T12:07:47.653128620Z c4  s36  2pc    33        69.6 ms HE    1 dec  14 frames  + 1507.5 ms peer-wait  (seq 61)
2026-09-28T12:07:47.728857695Z c4  s37  notify 34        69.8 ms HE    1 dec  7 frames  + 1.7 ms peer-wait  (seq 62)
2026-09-28T12:07:50.949246789Z c4  s40  2pc    37        70.3 ms HE    1 dec  14 frames  + 3007.7 ms peer-wait  (seq 63)
2026-09-28T12:07:51.020591570Z c4  s41  notify 38        69.7 ms HE    1 dec  7 frames  + 1.6 ms peer-wait  (seq 64)
2026-09-28T12:07:51.020636791Z -- cycle 4/5 done at 38595.7 ms --
2026-09-28T12:07:51.020653599Z 
2026-09-28T12:07:51.020664404Z -- cycle 5/5 --
2026-09-28T12:07:51.091623701Z c5  s1   local  11        70.1 ms HE    1 dec  0 frames
2026-09-28T12:07:51.161878561Z c5  s2   local  12        69.9 ms HE    1 dec  0 frames
2026-09-28T12:07:52.762347883Z c5  s3   2pc    31        70.4 ms HE    1 dec  14 frames  + 1507.8 ms peer-wait  (seq 65)
2026-09-28T12:07:52.841512299Z c5  s4   notify 32        69.6 ms HE    1 dec  7 frames  + 2.0 ms peer-wait  (seq 66)
2026-09-28T12:07:53.061256268Z c5  s8   2pc    33        69.7 ms HE    1 dec  14 frames  + 5.8 ms peer-wait  (seq 67)
2026-09-28T12:07:53.442074780Z c5  s9   notify 34        70.4 ms HE    1 dec  7 frames  + 1.8 ms peer-wait  (seq 68)
2026-09-28T12:07:53.522599445Z c5  s10  2pc    35        70.8 ms HE    1 dec  14 frames  + 4.9 ms peer-wait  (seq 69)
2026-09-28T12:07:53.902018989Z c5  s13  notify 36        70.1 ms HE    1 dec  7 frames  + 2.2 ms peer-wait  (seq 70)
2026-09-28T12:07:53.981995993Z c5  s14  2pc    39        69.7 ms HE    1 dec  14 frames  + 6.3 ms peer-wait  (seq 71)
2026-09-28T12:07:54.140152042Z c5  s16  notify 30        70.0 ms HE    1 dec  7 frames  + 1.7 ms peer-wait  (seq 72)
2026-09-28T12:07:54.210557774Z c5  s25  local  11        69.9 ms HE    1 dec  0 frames
2026-09-28T12:07:54.280216849Z c5  s27  local  12        69.5 ms HE    1 dec  0 frames
2026-09-28T12:07:54.797265536Z c5  s28  2pc    31        69.7 ms HE    1 dec  14 frames  + 5.8 ms peer-wait  (seq 73)
2026-09-28T12:07:56.381201531Z c5  s29  notify 32        70.3 ms HE    1 dec  7 frames  + 1503.6 ms peer-wait  (seq 74)
2026-09-28T12:07:56.526299542Z c5  s32  2pc    35        69.3 ms HE    1 dec  14 frames  + 4.7 ms peer-wait  (seq 75)
2026-09-28T12:07:56.601279259Z c5  s33  notify 36        69.3 ms HE    1 dec  7 frames  + 1.3 ms peer-wait  (seq 76)
2026-09-28T12:07:57.059861218Z c5  s36  2pc    33        69.2 ms HE    1 dec  14 frames  + 4.6 ms peer-wait  (seq 77)
2026-09-28T12:07:57.132621374Z c5  s37  notify 34        69.3 ms HE    1 dec  7 frames  + 1.2 ms peer-wait  (seq 78)
2026-09-28T12:07:57.351685118Z c5  s40  2pc    37        69.7 ms HE    1 dec  14 frames  + 5.5 ms peer-wait  (seq 79)
2026-09-28T12:07:58.936207023Z c5  s41  notify 38        69.7 ms HE    1 dec  7 frames  + 1509.9 ms peer-wait  (seq 80)
2026-09-28T12:07:58.936273155Z -- cycle 5/5 done at 46505.0 ms --
2026-09-28T12:07:58.936285360Z 
2026-09-28T12:07:58.936293264Z ============================================================
2026-09-28T12:07:58.936300368Z   SUMMARY — node 1/7 — LOCAL MODULAR — UDP/IP multicast (RFC 1112)
2026-09-28T12:07:58.936309572Z ============================================================
2026-09-28T12:07:58.936317176Z   events this node FIRED:
2026-09-28T12:07:58.936324379Z   local (no network)     n=20   avg    73.49 ms  (HE   73.30 + net    0.00)  min   69.24  max   141.41    4.3%
2026-09-28T12:07:58.936331582Z   shared controllable    n=40   avg   451.07 ms  (HE   69.87 + net  381.07)  min   73.27  max  4576.73   52.5%
2026-09-28T12:07:58.936338186Z   shared uncontroll.     n=40   avg   371.98 ms  (HE   69.76 + net  302.08)  min   70.56  max  3071.05   43.3%
2026-09-28T12:07:58.936344188Z   events this node APPLIED for a peer (participant side):
2026-09-28T12:07:58.936349991Z   shared, applied              (none on this node)
2026-09-28T12:07:58.936355894Z   sync-wait (peers reaching a shared step): n=80 avg 151.40 ms, 12.1 s total
2026-09-28T12:07:58.936363298Z      not protocol cost — the plant catching up; kept out of the rows above
2026-09-28T12:07:58.936370801Z   run clock, end of cycles 1..5 (ms): 11461.0 24586.8 29628.5 38595.7 46505.0
2026-09-28T12:07:58.936378005Z      a cycle is over at the LATEST node's value; DES_WORK_MS 0 included
2026-09-28T12:07:58.936385308Z   ----------------------------------------------------------
2026-09-28T12:07:58.936393112Z   all events            n=100  avg   343.92 ms  (HE   70.51 + net  273.26)
2026-09-28T12:07:58.936398114Z   PEER-WAIT + WIRE      79.5 % of total step time
2026-09-28T12:07:58.936402216Z      (compare against the round-trip probe above: the excess is
2026-09-28T12:07:58.936406418Z       the peer's own HE work, not the link.)
2026-09-28T12:07:58.936410520Z   frames: tx=179 rx=2330 retransmits=16
2026-09-28T12:07:58.936415022Z   authentication: HMAC-SHA256/128, 1.8 us per frame; 0 rejected (bad tag), 0 stale/replayed dropped, 6 epoch challenges
2026-09-28T12:07:58.936419725Z   rx queue: peak 10/64 frames
2026-09-28T12:07:58.936423927Z   plant check: 0 event reports rejected as physically impossible
2026-09-28T12:07:58.936428129Z      (these supervisors carry the plant: an impossible uncontrollable event is caught)
2026-09-28T12:07:58.936460844Z   injected frame loss: 1 %
2026-09-28T12:07:58.936465446Z   ----------------------------------------------------------
2026-09-28T12:07:58.936469748Z   homomorphic vs cleartext oracle : PASS — every encrypted bit matched
2026-09-28T12:07:58.936475751Z      (PASS certifies the cryptography: each node's encrypted bits
2026-09-28T12:07:58.936483355Z       match its own clear model for the events it applied. It does
2026-09-28T12:07:58.936493660Z       not certify the distributed run — read the skips for that.)
2026-09-28T12:07:58.936501864Z   distributed vs MONOLITHIC sup.  : off — this header has no monolithic supervisor
2026-09-28T12:07:58.936509167Z   safe halt                       : no — ran to completion
2026-09-28T12:07:58.936515370Z ============================================================
2026-09-28T12:08:08.940223224Z @@RESULT {"node":1,"nodes":7,"family":"LOCAL MODULAR","data":"supervisor_data_fms.h","transport":"UDP/IP multicast (RFC 1112)","fingerprint":"04511541","supervisors":["S0"],"fired":{"local":20,"ctrl":40,"unctrl":40},"applied_for_peers":0,"skips":0,"impossible":0,"tx":179,"rx":2343,"retx":16,"auth_bad":0,"replays":0,"challenges":6,"mac_us":1.81,"rxq_peak":10,"rxq_drops":0,"sync_wait_ms":12111.9,"oracle":"PASS","safe_halt":false,"halt_reason":"","cycle_end_ms":[11461.0,24586.8,29628.5,38595.7,46505.0],"rounds":5,"work_ms":0,"emu_scalarmul_ms":69.0,"loss_pct":1,"loss_seed":498258524,"exit":0}
