2026-09-28T12:07:09.138841378Z des_container: node 4 of 7, LOCAL MODULAR, data supervisor_data_fms.h, transport UDP/IP multicast (RFC 1112)
2026-09-28T12:07:09.138890001Z des_container: EMULATING the ESP32 — every decryption takes at least 69.0 ms (DES_EMU_SCALARMUL_MS)
2026-09-28T12:07:09.138893603Z des_container: dropping 1 % of received frames, seed 4132320480 (DES_LOSS_SEED to replay)
2026-09-28T12:07:09.138895203Z 
2026-09-28T12:07:09.138896504Z ============================================================
2026-09-28T12:07:09.138897905Z   Distributed Homomorphic DES — generic engine
2026-09-28T12:07:09.138899305Z   node 4/7   family LOCAL MODULAR   7 supervisors   31 events
2026-09-28T12:07:09.138900606Z   data: supervisor_data_fms.h
2026-09-28T12:07:09.138902007Z ============================================================
2026-09-28T12:07:09.139696486Z --- event routing (DERIVED from the header, not hardcoded) ---
2026-09-28T12:07:09.139706291Z   event  ctrl  nodes      owner  class
2026-09-28T12:07:09.139709192Z   11     yes   1          1      local — no network
2026-09-28T12:07:09.139711994Z   12     no    1          1      local — no network
2026-09-28T12:07:09.139714095Z   21     yes   2          2      local — no network
2026-09-28T12:07:09.139716296Z   22     no    2          2      local — no network
2026-09-28T12:07:09.139718697Z   30     no    1 2 3 4 5 6 7  1      SHARED — needs network
2026-09-28T12:07:09.139720898Z   31     yes   1 2 3 4 5 6 7  1      SHARED — needs network
2026-09-28T12:07:09.139722999Z   32     no    1 2 3 4 5 6 7  1      SHARED — needs network
2026-09-28T12:07:09.139725300Z   33     yes   1 2 3 4 5 6 7  1      SHARED — needs network
2026-09-28T12:07:09.139727501Z   34     no    1 2 3 4 5 6 7  1      SHARED — needs network
2026-09-28T12:07:09.139729602Z   35     yes   1 2 3 4 5 6 7  1      SHARED — needs network
2026-09-28T12:07:09.139732704Z   36     no    1 2 3 4 5 6 7  1      SHARED — needs network
2026-09-28T12:07:09.139734204Z   37     yes   1 2 3 4 5 6 7  1      SHARED — needs network
2026-09-28T12:07:09.139735505Z   38     no    1 2 3 4 5 6 7  1      SHARED — needs network
2026-09-28T12:07:09.139736906Z   39     yes   1 2 3 4 5 6 7  1      SHARED — needs network
2026-09-28T12:07:09.139738206Z   41     yes   3          3      local — no network
2026-09-28T12:07:09.139739507Z   42     no    3          3      local — no network
2026-09-28T12:07:09.139740807Z   51     yes   4          4      local — no network
2026-09-28T12:07:09.139742108Z   52     no    4          4      local — no network
2026-09-28T12:07:09.139743409Z   53     yes   4          4      local — no network
2026-09-28T12:07:09.139744709Z   54     no    4          4      local — no network
2026-09-28T12:07:09.139746110Z   61     yes   5 6 7      5      SHARED — needs network
2026-09-28T12:07:09.139754814Z   63     yes   5 6 7      5      SHARED — needs network
2026-09-28T12:07:09.139756415Z   64     no    5 6 7      5      SHARED — needs network
2026-09-28T12:07:09.139757816Z   65     yes   5 6 7      5      SHARED — needs network
2026-09-28T12:07:09.139759116Z   66     no    5 6 7      5      SHARED — needs network
2026-09-28T12:07:09.139760517Z   71     yes   7          7      local — no network
2026-09-28T12:07:09.139761817Z   72     no    7          7      local — no network
2026-09-28T12:07:09.139763118Z   73     yes   7          7      local — no network
2026-09-28T12:07:09.139764519Z   74     no    7          7      local — no network
2026-09-28T12:07:09.139765819Z   81     yes   7          7      local — no network
2026-09-28T12:07:09.139767120Z   82     no    7          7      local — no network
2026-09-28T12:07:09.139768621Z   => 15/31 events shared; 16/31 need ZERO network traffic; 14 concern this node
2026-09-28T12:07:09.139770321Z   NOTE controllability was INFERRED from event labels (the header
2026-09-28T12:07:09.139772222Z        does not carry it). Check the 'ctrl' column above; if it is
2026-09-28T12:07:09.139773623Z        wrong, set DES_CONTROLLABLE_MASK explicitly.
2026-09-28T12:07:09.139774924Z 
2026-09-28T12:07:09.139776324Z [init] config fingerprint 04511541 — every node must print the same
2026-09-28T12:07:09.139777725Z 
2026-09-28T12:07:09.139778926Z [net] UDP multicast 239.192.7.1:5077  ttl=1  frame=44 B
2026-09-28T12:07:09.139780426Z --- crypto self-test ---
2026-09-28T12:07:09.142242102Z   Enc(0)->0 Enc(1)->1                PASS
2026-09-28T12:07:09.142902318Z   Enc(1)+Enc(1)->1 homomorphic OR   PASS
2026-09-28T12:07:09.143664182Z   Enc(0)+Enc(0)->0                  PASS
2026-09-28T12:07:09.143672285Z   curve secp192r1, ciphertext 50 B    PASS
2026-09-28T12:07:09.143774634Z   frame tag HMAC-SHA256/128: 1.5 us, 1-bit tamper caught  PASS
2026-09-28T12:07:09.143796545Z 
2026-09-28T12:07:09.143799846Z --- encrypting my supervisors' initial states ---
2026-09-28T12:07:09.143801347Z [load] S3         idx 3   21 states  14 constraining ev    1050 B ciphertext
2026-09-28T12:07:10.133390361Z [init] my keypair is mine alone; no ciphertext ever leaves this node
2026-09-28T12:07:10.133464996Z [init] my enablement: 11=1 12=1 21=1 22=1 30=0 31=1 32=0 33=1 34=0 35=1 36=0 37=0 38=0 39=0 41=1 42=1 51=0 52=0 53=0 54=0 61=1 63=1 64=1 65=1 66=1 71=1 72=1 73=1 74=1 81=1 82=1
2026-09-28T12:07:10.133476402Z 
2026-09-28T12:07:21.595241502Z [net] waiting for 6 peer(s).. all present.
2026-09-28T12:07:12.023828235Z 
2026-09-28T12:07:12.023855148Z ============================================================
2026-09-28T12:07:12.023857549Z   RUN — SIM_SEQ driver — 5 cycles x 44 steps — LOCAL MODULAR
2026-09-28T12:07:12.023872857Z   columns: cN sNN = cycle/step of MY walk; · = a peer caused this
2026-09-28T12:07:12.023874458Z   'done at': run clock, common to all nodes; a cycle is over at the
2026-09-28T12:07:12.023875658Z   LATEST node's print, machine time (DES_WORK_MS 0) included
2026-09-28T12:07:12.023877059Z ============================================================
2026-09-28T12:07:12.023878359Z 
2026-09-28T12:07:12.023879560Z -- cycle 1/5 --
2026-09-28T12:07:12.727722576Z     ·     vote   31    YES to node 1          (seq 1)
2026-09-28T12:07:12.803373614Z     ·     apply  31        73.0 ms HE    1 dec  from node 1  (seq 1)
2026-09-28T12:07:13.175115990Z     ·     apply  32       281.7 ms HE    4 dec  from node 1  (seq 2)
2026-09-28T12:07:15.964405455Z     ·     vote   33    YES to node 1          (seq 3)
2026-09-28T12:07:16.039005490Z     ·     apply  33        69.5 ms HE    1 dec  from node 1  (seq 3)
2026-09-28T12:07:16.192869089Z     ·     apply  34        69.8 ms HE    1 dec  from node 1  (seq 4)
2026-09-28T12:07:16.658093120Z     ·     vote   35    YES to node 1          (seq 5)
2026-09-28T12:07:16.731168027Z     ·     apply  35        69.8 ms HE    1 dec  from node 1  (seq 5)
2026-09-28T12:07:16.802581940Z c1  s11  local  53        69.7 ms HE    1 dec  0 frames
2026-09-28T12:07:16.872224808Z c1  s12  local  54        69.4 ms HE    1 dec  0 frames
2026-09-28T12:07:16.944943545Z     ·     apply  36        70.1 ms HE    1 dec  from node 1  (seq 6)
2026-09-28T12:07:18.451763032Z     ·     vote   39    YES to node 1          (seq 7)
2026-09-28T12:07:18.526480424Z     ·     apply  39        69.7 ms HE    1 dec  from node 1  (seq 7)
2026-09-28T12:07:18.826637505Z     ·     apply  30        69.8 ms HE    1 dec  from node 1  (seq 8)
2026-09-28T12:07:19.549319420Z     ·     vote   31    YES to node 1          (seq 9)
2026-09-28T12:07:22.551020769Z     ·     vote   31    YES to node 1          (seq 9)
2026-09-28T12:07:22.624560998Z     ·     apply  31        69.9 ms HE    1 dec  from node 1  (seq 9)
2026-09-28T12:07:22.699987929Z     ·     apply  32        70.0 ms HE    1 dec  from node 1  (seq 10)
2026-09-28T12:07:23.009413537Z     ·     vote   35    YES to node 1          (seq 11)
2026-09-28T12:07:23.081655746Z     ·     apply  35        69.6 ms HE    1 dec  from node 1  (seq 11)
2026-09-28T12:07:23.157490572Z     ·     apply  36        70.0 ms HE    1 dec  from node 1  (seq 12)
2026-09-28T12:07:23.456915503Z     ·     vote   33    YES to node 1          (seq 13)
2026-09-28T12:07:23.533096494Z     ·     apply  33        69.8 ms HE    1 dec  from node 1  (seq 13)
2026-09-28T12:07:23.607970260Z     ·     apply  34        69.7 ms HE    1 dec  from node 1  (seq 14)
2026-09-28T12:07:23.680489301Z c1  s38  local  51        69.9 ms HE    1 dec  0 frames
2026-09-28T12:07:23.750770073Z c1  s39  local  52        70.0 ms HE    1 dec  0 frames
2026-09-28T12:07:23.753873156Z     ·     vote   37    YES to node 1          (seq 15)
2026-09-28T12:07:23.827716430Z     ·     apply  37        70.2 ms HE    1 dec  from node 1  (seq 15)
2026-09-28T12:07:23.904559136Z     ·     apply  38        69.6 ms HE    1 dec  from node 1  (seq 16)
2026-09-28T12:07:23.906398115Z -- cycle 1/5 done at 11484.7 ms --
2026-09-28T12:07:23.906445938Z 
2026-09-28T12:07:23.906461745Z -- cycle 2/5 --
2026-09-28T12:07:36.632857908Z     ·     vote   31    YES to node 1          (seq 17)
2026-09-28T12:07:36.707772494Z     ·     apply  31        69.7 ms HE    1 dec  from node 1  (seq 17)
2026-09-28T12:07:27.282722335Z     ·     apply  32        70.2 ms HE    1 dec  from node 1  (seq 18)
2026-09-28T12:07:27.288354225Z     ·     vote   33    YES to node 1          (seq 19)
2026-09-28T12:07:27.363526534Z     ·     apply  33        69.6 ms HE    1 dec  from node 1  (seq 19)
2026-09-28T12:07:27.439184075Z     ·     apply  34        70.1 ms HE    1 dec  from node 1  (seq 20)
2026-09-28T12:07:27.444106326Z     ·     vote   35    YES to node 1          (seq 21)
2026-09-28T12:07:27.519820294Z     ·     apply  35        69.8 ms HE    1 dec  from node 1  (seq 21)
2026-09-28T12:07:27.591481425Z c2  s11  local  53        69.5 ms HE    1 dec  0 frames
2026-09-28T12:07:27.661923174Z c2  s12  local  54        69.9 ms HE    1 dec  0 frames
2026-09-28T12:07:27.735175266Z     ·     apply  36        70.0 ms HE    1 dec  from node 1  (seq 22)
2026-09-28T12:07:30.730616885Z     ·     vote   39    YES to node 1          (seq 23)
2026-09-28T12:07:30.802460903Z     ·     apply  39        69.4 ms HE    1 dec  from node 1  (seq 23)
2026-09-28T12:07:30.960161635Z     ·     apply  30        70.2 ms HE    1 dec  from node 1  (seq 24)
2026-09-28T12:07:31.540062646Z     ·     vote   31    YES to node 1          (seq 25)
2026-09-28T12:07:34.541609445Z     ·     vote   31    YES to node 1          (seq 25)
2026-09-28T12:07:36.044006987Z     ·     vote   31    YES to node 1          (seq 25)
2026-09-28T12:07:36.116236890Z     ·     apply  31        69.8 ms HE    1 dec  from node 1  (seq 25)
2026-09-28T12:07:36.192140749Z     ·     apply  32        69.8 ms HE    1 dec  from node 1  (seq 26)
2026-09-28T12:07:36.339625700Z     ·     vote   35    YES to node 1          (seq 27)
2026-09-28T12:07:36.412739926Z     ·     apply  35        69.9 ms HE    1 dec  from node 1  (seq 27)
2026-09-28T12:07:36.488775747Z     ·     apply  36        70.1 ms HE    1 dec  from node 1  (seq 28)
2026-09-28T12:07:36.572257926Z     ·     vote   33    YES to node 1          (seq 29)
2026-09-28T12:07:36.646746208Z     ·     apply  33        69.5 ms HE    1 dec  from node 1  (seq 29)
2026-09-28T12:07:36.723254054Z     ·     apply  34        69.8 ms HE    1 dec  from node 1  (seq 30)
2026-09-28T12:07:36.794678173Z c2  s38  local  51        69.7 ms HE    1 dec  0 frames
2026-09-28T12:07:36.864574161Z c2  s39  local  52        69.6 ms HE    1 dec  0 frames
2026-09-28T12:07:36.867794199Z     ·     vote   37    YES to node 1          (seq 31)
2026-09-28T12:07:36.944165481Z     ·     apply  37        69.8 ms HE    1 dec  from node 1  (seq 31)
2026-09-28T12:07:37.022155336Z     ·     apply  38        69.7 ms HE    1 dec  from node 1  (seq 32)
2026-09-28T12:07:37.025021405Z -- cycle 2/5 done at 24612.1 ms --
2026-09-28T12:07:37.025087636Z 
2026-09-28T12:07:37.025105345Z -- cycle 3/5 --
2026-09-28T12:07:37.185180811Z     ·     vote   31    YES to node 1          (seq 33)
2026-09-28T12:07:37.257795398Z     ·     apply  31        69.6 ms HE    1 dec  from node 1  (seq 33)
2026-09-28T12:07:37.335901308Z     ·     apply  32        70.1 ms HE    1 dec  from node 1  (seq 34)
2026-09-28T12:07:37.485014537Z     ·     vote   33    YES to node 1          (seq 35)
2026-09-28T12:07:37.560090000Z     ·     apply  33        70.0 ms HE    1 dec  from node 1  (seq 35)
2026-09-28T12:07:37.635690413Z     ·     apply  34        70.1 ms HE    1 dec  from node 1  (seq 36)
2026-09-28T12:07:37.643007608Z     ·     vote   35    YES to node 1          (seq 37)
2026-09-28T12:07:37.717818244Z     ·     apply  35        69.8 ms HE    1 dec  from node 1  (seq 37)
2026-09-28T12:07:37.789766513Z c3  s11  local  53        69.7 ms HE    1 dec  0 frames
2026-09-28T12:07:37.859596170Z c3  s12  local  54        69.8 ms HE    1 dec  0 frames
2026-09-28T12:07:38.094957799Z     ·     apply  36        69.8 ms HE    1 dec  from node 1  (seq 38)
2026-09-28T12:07:38.100301952Z     ·     vote   39    YES to node 1          (seq 39)
2026-09-28T12:07:38.175549697Z     ·     apply  39        69.8 ms HE    1 dec  from node 1  (seq 39)
2026-09-28T12:07:38.636463269Z     ·     apply  30        69.5 ms HE    1 dec  from node 1  (seq 40)
2026-09-28T12:07:40.784317166Z     ·     vote   31    YES to node 1          (seq 41)
2026-09-28T12:07:40.858081902Z     ·     apply  31        69.3 ms HE    1 dec  from node 1  (seq 41)
2026-09-28T12:07:41.237676029Z     ·     apply  32        69.9 ms HE    1 dec  from node 1  (seq 42)
2026-09-28T12:07:41.384854534Z     ·     vote   35    YES to node 1          (seq 43)
2026-09-28T12:07:41.461114963Z     ·     apply  35        69.8 ms HE    1 dec  from node 1  (seq 43)
2026-09-28T12:07:41.535060085Z     ·     apply  36        69.4 ms HE    1 dec  from node 1  (seq 44)
2026-09-28T12:07:41.616637154Z     ·     vote   33    YES to node 1          (seq 45)
2026-09-28T12:07:41.690332557Z     ·     apply  33        69.2 ms HE    1 dec  from node 1  (seq 45)
2026-09-28T12:07:41.766397192Z     ·     apply  34        69.3 ms HE    1 dec  from node 1  (seq 46)
2026-09-28T12:07:41.837908052Z c3  s38  local  51        69.2 ms HE    1 dec  0 frames
2026-09-28T12:07:41.907205754Z c3  s39  local  52        69.3 ms HE    1 dec  0 frames
2026-09-28T12:07:41.909587092Z     ·     vote   37    YES to node 1          (seq 47)
2026-09-28T12:07:41.983436769Z     ·     apply  37        69.4 ms HE    1 dec  from node 1  (seq 47)
2026-09-28T12:07:42.058131350Z     ·     apply  38        69.5 ms HE    1 dec  from node 1  (seq 48)
2026-09-28T12:07:42.060132506Z -- cycle 3/5 done at 29652.1 ms --
2026-09-28T12:07:42.060165521Z 
2026-09-28T12:07:42.060174626Z -- cycle 4/5 --
2026-09-28T12:07:42.214276838Z     ·     vote   31    YES to node 1          (seq 49)
2026-09-28T12:07:43.713269487Z     ·     vote   31    YES to node 1          (seq 49)
2026-09-28T12:07:43.788772054Z     ·     apply  31        69.7 ms HE    1 dec  from node 1  (seq 49)
2026-09-28T12:07:43.863728059Z     ·     apply  32        69.8 ms HE    1 dec  from node 1  (seq 50)
2026-09-28T12:07:44.007283434Z     ·     vote   33    YES to node 1          (seq 51)
2026-09-28T12:07:44.079236304Z     ·     apply  33        69.6 ms HE    1 dec  from node 1  (seq 51)
2026-09-28T12:07:44.155606886Z     ·     apply  34        69.3 ms HE    1 dec  from node 1  (seq 52)
2026-09-28T12:07:44.160712325Z     ·     vote   35    YES to node 1          (seq 53)
2026-09-28T12:07:44.232793357Z     ·     apply  35        69.8 ms HE    1 dec  from node 1  (seq 53)
2026-09-28T12:07:44.304210572Z c4  s11  local  53        69.2 ms HE    1 dec  0 frames
2026-09-28T12:07:44.373704068Z c4  s12  local  54        69.2 ms HE    1 dec  0 frames
2026-09-28T12:07:44.445751784Z     ·     apply  36        69.5 ms HE    1 dec  from node 1  (seq 54)
2026-09-28T12:07:44.450510957Z     ·     vote   39    YES to node 1          (seq 55)
2026-09-28T12:07:44.525361513Z     ·     apply  39        69.4 ms HE    1 dec  from node 1  (seq 55)
2026-09-28T12:07:44.681537216Z     ·     apply  30        69.3 ms HE    1 dec  from node 1  (seq 56)
2026-09-28T12:07:56.621595147Z     ·     vote   31    YES to node 1          (seq 57)
2026-09-28T12:07:56.694299777Z     ·     apply  31        69.6 ms HE    1 dec  from node 1  (seq 57)
2026-09-28T12:07:56.772329551Z     ·     apply  32        70.1 ms HE    1 dec  from node 1  (seq 58)
2026-09-28T12:07:45.843315697Z     ·     vote   35    YES to node 1          (seq 59)
2026-09-28T12:07:45.917979463Z     ·     apply  35        69.6 ms HE    1 dec  from node 1  (seq 59)
2026-09-28T12:07:45.992072156Z     ·     apply  36        69.5 ms HE    1 dec  from node 1  (seq 60)
2026-09-28T12:07:46.077262450Z     ·     vote   33    YES to node 1          (seq 61)
2026-09-28T12:07:47.578325888Z     ·     vote   33    YES to node 1          (seq 61)
2026-09-28T12:07:47.653027272Z     ·     apply  33        69.7 ms HE    1 dec  from node 1  (seq 61)
2026-09-28T12:07:47.728803269Z     ·     apply  34        69.8 ms HE    1 dec  from node 1  (seq 62)
2026-09-28T12:07:47.800753439Z c4  s38  local  51        69.7 ms HE    1 dec  0 frames
2026-09-28T12:07:47.871074630Z c4  s39  local  52        70.0 ms HE    1 dec  0 frames
2026-09-28T12:07:47.874171310Z     ·     vote   37    YES to node 1          (seq 63)
2026-09-28T12:07:49.374250577Z     ·     vote   37    YES to node 1          (seq 63)
2026-09-28T12:07:49.445346439Z     ·     apply  37        69.6 ms HE    1 dec  from node 1  (seq 63)
2026-09-28T12:07:51.020024799Z     ·     apply  38        69.6 ms HE    1 dec  from node 1  (seq 64)
2026-09-28T12:07:51.022678066Z -- cycle 4/5 done at 38619.1 ms --
2026-09-28T12:07:51.022719986Z 
2026-09-28T12:07:51.022732092Z -- cycle 5/5 --
2026-09-28T12:07:51.186549045Z     ·     vote   31    YES to node 1          (seq 65)
2026-09-28T12:07:52.688835768Z     ·     vote   31    YES to node 1          (seq 65)
2026-09-28T12:07:52.761591022Z     ·     apply  31        69.8 ms HE    1 dec  from node 1  (seq 65)
2026-09-28T12:07:52.841832752Z     ·     apply  32        69.7 ms HE    1 dec  from node 1  (seq 66)
2026-09-28T12:07:52.986660334Z     ·     vote   33    YES to node 1          (seq 67)
2026-09-28T12:07:53.061638751Z     ·     apply  33        70.1 ms HE    1 dec  from node 1  (seq 67)
2026-09-28T12:07:53.442533899Z     ·     apply  34        70.1 ms HE    1 dec  from node 1  (seq 68)
2026-09-28T12:07:53.448732660Z     ·     vote   35    YES to node 1          (seq 69)
2026-09-28T12:07:53.525036109Z     ·     apply  35        69.9 ms HE    1 dec  from node 1  (seq 69)
2026-09-28T12:07:53.597241801Z c5  s11  local  53        69.6 ms HE    1 dec  0 frames
2026-09-28T12:07:53.667016331Z c5  s12  local  54        69.8 ms HE    1 dec  0 frames
2026-09-28T12:07:53.901004605Z     ·     apply  36        69.7 ms HE    1 dec  from node 1  (seq 70)
2026-09-28T12:07:53.906412488Z     ·     vote   39    YES to node 1          (seq 71)
2026-09-28T12:07:53.981708356Z     ·     apply  39        69.8 ms HE    1 dec  from node 1  (seq 71)
2026-09-28T12:07:54.141572921Z     ·     apply  30        69.7 ms HE    1 dec  from node 1  (seq 72)
2026-09-28T12:07:54.723775731Z     ·     vote   31    YES to node 1          (seq 73)
2026-09-28T12:07:54.796751291Z     ·     apply  31        69.8 ms HE    1 dec  from node 1  (seq 73)
2026-09-28T12:07:54.874651102Z     ·     apply  32        70.2 ms HE    1 dec  from node 1  (seq 74)
2026-09-28T12:07:56.454620302Z     ·     vote   35    YES to node 1          (seq 75)
2026-09-28T12:07:56.526244716Z     ·     apply  35        69.3 ms HE    1 dec  from node 1  (seq 75)
2026-09-28T12:07:56.602109055Z     ·     apply  36        69.2 ms HE    1 dec  from node 1  (seq 76)
2026-09-28T12:07:56.988265417Z     ·     vote   33    YES to node 1          (seq 77)
2026-09-28T12:07:57.059871122Z     ·     apply  33        69.3 ms HE    1 dec  from node 1  (seq 77)
2026-09-28T12:07:57.133551418Z     ·     apply  34        69.3 ms HE    1 dec  from node 1  (seq 78)
2026-09-28T12:07:57.204957528Z c5  s38  local  51        69.2 ms HE    1 dec  0 frames
2026-09-28T12:07:57.274296951Z c5  s39  local  52        69.2 ms HE    1 dec  0 frames
2026-09-28T12:07:57.277138008Z     ·     vote   37    YES to node 1          (seq 79)
2026-09-28T12:07:57.352449583Z     ·     apply  37        69.9 ms HE    1 dec  from node 1  (seq 79)
2026-09-28T12:07:57.427334755Z     ·     apply  38        69.5 ms HE    1 dec  from node 1  (seq 80)
2026-09-28T12:07:57.429323405Z -- cycle 5/5 done at 45020.1 ms --
2026-09-28T12:07:57.429361823Z 
2026-09-28T12:07:57.429372228Z ============================================================
2026-09-28T12:07:57.429378931Z   SUMMARY — node 4/7 — LOCAL MODULAR — UDP/IP multicast (RFC 1112)
2026-09-28T12:07:57.429386035Z ============================================================
2026-09-28T12:07:57.429392538Z   events this node FIRED:
2026-09-28T12:07:57.429399341Z   local (no network)     n=20   avg    69.76 ms  (HE   69.60 + net    0.00)  min   69.25  max    70.25  100.0%
2026-09-28T12:07:57.429406044Z   shared controllable          (none on this node)
2026-09-28T12:07:57.429412047Z   shared uncontroll.           (none on this node)
2026-09-28T12:07:57.429417850Z   events this node APPLIED for a peer (participant side):
2026-09-28T12:07:57.429423152Z   shared, applied        n=80   avg    72.42 ms  (HE   72.42 + net    0.00)  min   69.23  max   281.71
2026-09-28T12:07:57.429428155Z   run clock, end of cycles 1..5 (ms): 11484.7 24612.1 29652.1 38619.1 45020.1
2026-09-28T12:07:57.429433958Z      a cycle is over at the LATEST node's value; DES_WORK_MS 0 included
2026-09-28T12:07:57.429439860Z   ----------------------------------------------------------
2026-09-28T12:07:57.429446363Z   all events            n=20   avg    69.76 ms  (HE   69.60 + net    0.00)
2026-09-28T12:07:57.429452666Z   PEER-WAIT + WIRE      0.0 % of total step time
2026-09-28T12:07:57.429458569Z      (compare against the round-trip probe above: the excess is
2026-09-28T12:07:57.429464572Z       the peer's own HE work, not the link.)
2026-09-28T12:07:57.429470375Z   frames: tx=358 rx=2117 retransmits=0
2026-09-28T12:07:57.429476578Z   authentication: HMAC-SHA256/128, 1.5 us per frame; 0 rejected (bad tag), 0 stale/replayed dropped, 6 epoch challenges
2026-09-28T12:07:57.429482081Z   rx queue: peak 11/64 frames
2026-09-28T12:07:57.429485582Z   plant check: 0 event reports rejected as physically impossible
2026-09-28T12:07:57.429489384Z      (these supervisors carry the plant: an impossible uncontrollable event is caught)
2026-09-28T12:07:57.429493186Z   injected frame loss: 1 %
2026-09-28T12:07:57.429530704Z   ----------------------------------------------------------
2026-09-28T12:07:57.429535406Z   homomorphic vs cleartext oracle : PASS — every encrypted bit matched
2026-09-28T12:07:57.429539208Z      (PASS certifies the cryptography: each node's encrypted bits
2026-09-28T12:07:57.429542810Z       match its own clear model for the events it applied. It does
2026-09-28T12:07:57.429546411Z       not certify the distributed run — read the skips for that.)
2026-09-28T12:07:57.429549913Z   distributed vs MONOLITHIC sup.  : off — this header has no monolithic supervisor
2026-09-28T12:07:57.429554715Z   safe halt                       : no — ran to completion
2026-09-28T12:07:57.429558617Z ============================================================
2026-09-28T12:08:07.423316718Z @@RESULT {"node":4,"nodes":7,"family":"LOCAL MODULAR","data":"supervisor_data_fms.h","transport":"UDP/IP multicast (RFC 1112)","fingerprint":"04511541","supervisors":["S3"],"fired":{"local":20,"ctrl":0,"unctrl":0},"applied_for_peers":80,"skips":0,"impossible":0,"tx":359,"rx":2146,"retx":0,"auth_bad":0,"replays":0,"challenges":6,"mac_us":1.50,"rxq_peak":11,"rxq_drops":0,"sync_wait_ms":0.0,"oracle":"PASS","safe_halt":false,"halt_reason":"","cycle_end_ms":[11484.7,24612.1,29652.1,38619.1,45020.1],"rounds":5,"work_ms":0,"emu_scalarmul_ms":69.0,"loss_pct":1,"loss_seed":4132320480,"exit":0}
