2026-09-28T12:07:08.508169014Z des_container: node 7 of 7, LOCAL MODULAR, data supervisor_data_fms.h, transport UDP/IP multicast (RFC 1112)
2026-09-28T12:07:08.508225241Z des_container: EMULATING the ESP32 — every decryption takes at least 69.0 ms (DES_EMU_SCALARMUL_MS)
2026-09-28T12:07:08.508259957Z des_container: dropping 1 % of received frames, seed 3405961199 (DES_LOSS_SEED to replay)
2026-09-28T12:07:08.508262158Z 
2026-09-28T12:07:08.508263559Z ============================================================
2026-09-28T12:07:08.508264860Z   Distributed Homomorphic DES — generic engine
2026-09-28T12:07:08.508266260Z   node 7/7   family LOCAL MODULAR   7 supervisors   31 events
2026-09-28T12:07:08.508267561Z   data: supervisor_data_fms.h
2026-09-28T12:07:08.508268862Z ============================================================
2026-09-28T12:07:08.509096857Z --- event routing (DERIVED from the header, not hardcoded) ---
2026-09-28T12:07:08.509108863Z   event  ctrl  nodes      owner  class
2026-09-28T12:07:08.509111864Z   11     yes   1          1      local — no network
2026-09-28T12:07:08.509114366Z   12     no    1          1      local — no network
2026-09-28T12:07:08.509116367Z   21     yes   2          2      local — no network
2026-09-28T12:07:08.509118468Z   22     no    2          2      local — no network
2026-09-28T12:07:08.509120368Z   30     no    1 2 3 4 5 6 7  1      SHARED — needs network
2026-09-28T12:07:08.509122269Z   31     yes   1 2 3 4 5 6 7  1      SHARED — needs network
2026-09-28T12:07:08.509124270Z   32     no    1 2 3 4 5 6 7  1      SHARED — needs network
2026-09-28T12:07:08.509126271Z   33     yes   1 2 3 4 5 6 7  1      SHARED — needs network
2026-09-28T12:07:08.509128472Z   34     no    1 2 3 4 5 6 7  1      SHARED — needs network
2026-09-28T12:07:08.509130673Z   35     yes   1 2 3 4 5 6 7  1      SHARED — needs network
2026-09-28T12:07:08.509132774Z   36     no    1 2 3 4 5 6 7  1      SHARED — needs network
2026-09-28T12:07:08.509134975Z   37     yes   1 2 3 4 5 6 7  1      SHARED — needs network
2026-09-28T12:07:08.509137176Z   38     no    1 2 3 4 5 6 7  1      SHARED — needs network
2026-09-28T12:07:08.509139378Z   39     yes   1 2 3 4 5 6 7  1      SHARED — needs network
2026-09-28T12:07:08.509141378Z   41     yes   3          3      local — no network
2026-09-28T12:07:08.509143379Z   42     no    3          3      local — no network
2026-09-28T12:07:08.509145280Z   51     yes   4          4      local — no network
2026-09-28T12:07:08.509147381Z   52     no    4          4      local — no network
2026-09-28T12:07:08.509149983Z   53     yes   4          4      local — no network
2026-09-28T12:07:08.509151984Z   54     no    4          4      local — no network
2026-09-28T12:07:08.509154185Z   61     yes   5 6 7      5      SHARED — needs network
2026-09-28T12:07:08.509168091Z   63     yes   5 6 7      5      SHARED — needs network
2026-09-28T12:07:08.509171293Z   64     no    5 6 7      5      SHARED — needs network
2026-09-28T12:07:08.509173594Z   65     yes   5 6 7      5      SHARED — needs network
2026-09-28T12:07:08.509175595Z   66     no    5 6 7      5      SHARED — needs network
2026-09-28T12:07:08.509177596Z   71     yes   7          7      local — no network
2026-09-28T12:07:08.509179897Z   72     no    7          7      local — no network
2026-09-28T12:07:08.509181998Z   73     yes   7          7      local — no network
2026-09-28T12:07:08.509184099Z   74     no    7          7      local — no network
2026-09-28T12:07:08.509186200Z   81     yes   7          7      local — no network
2026-09-28T12:07:08.509188301Z   82     no    7          7      local — no network
2026-09-28T12:07:08.509190402Z   => 15/31 events shared; 16/31 need ZERO network traffic; 21 concern this node
2026-09-28T12:07:08.509192903Z   NOTE controllability was INFERRED from event labels (the header
2026-09-28T12:07:08.509196105Z        does not carry it). Check the 'ctrl' column above; if it is
2026-09-28T12:07:08.509198206Z        wrong, set DES_CONTROLLABLE_MASK explicitly.
2026-09-28T12:07:08.509200207Z 
2026-09-28T12:07:08.509202208Z [init] config fingerprint 04511541 — every node must print the same
2026-09-28T12:07:08.509204409Z 
2026-09-28T12:07:08.509348477Z [net] UDP multicast 239.192.7.1:5077  ttl=1  frame=44 B
2026-09-28T12:07:08.509358282Z --- crypto self-test ---
2026-09-28T12:07:08.512534699Z   Enc(0)->0 Enc(1)->1                PASS
2026-09-28T12:07:08.514329757Z   Enc(1)+Enc(1)->1 homomorphic OR   PASS
2026-09-28T12:07:08.514451215Z   Enc(0)+Enc(0)->0                  PASS
2026-09-28T12:07:08.514465122Z   curve secp192r1, ciphertext 50 B    PASS
2026-09-28T12:07:08.514587180Z   frame tag HMAC-SHA256/128: 1.7 us, 1-bit tamper caught  PASS
2026-09-28T12:07:08.514595584Z 
2026-09-28T12:07:08.514598185Z --- encrypting my supervisors' initial states ---
2026-09-28T12:07:08.514606589Z [load] S6         idx 6  164 states  21 constraining ev    8200 B ciphertext
2026-09-28T12:07:10.139352208Z [init] my keypair is mine alone; no ciphertext ever leaves this node
2026-09-28T12:07:10.139431246Z [init] my enablement: 11=1 12=1 21=1 22=1 30=0 31=1 32=0 33=1 34=0 35=1 36=0 37=1 38=0 39=1 41=1 42=1 51=1 52=1 53=1 54=1 61=1 63=0 64=0 65=0 66=0 71=0 72=0 73=0 74=0 81=0 82=0
2026-09-28T12:07:10.139442452Z 
2026-09-28T12:07:10.343116044Z [net] waiting for 6 peer(s). all present.
2026-09-28T12:07:11.831598710Z 
2026-09-28T12:07:11.831660439Z ============================================================
2026-09-28T12:07:11.831670944Z   RUN — SIM_SEQ driver — 5 cycles x 44 steps — LOCAL MODULAR
2026-09-28T12:07:11.831707262Z   columns: cN sNN = cycle/step of MY walk; · = a peer caused this
2026-09-28T12:07:11.831714365Z   'done at': run clock, common to all nodes; a cycle is over at the
2026-09-28T12:07:11.831720368Z   LATEST node's print, machine time (DES_WORK_MS 0) included
2026-09-28T12:07:11.831726571Z ============================================================
2026-09-28T12:07:11.831732574Z 
2026-09-28T12:07:11.831737976Z -- cycle 1/5 --
2026-09-28T12:07:12.727907465Z     ·     vote   31    YES to node 1          (seq 1)
2026-09-28T12:07:12.886204081Z     ·     apply  31       155.9 ms HE    2 dec  from node 1  (seq 1)
2026-09-28T12:07:13.117353198Z     ·     apply  32       225.7 ms HE    3 dec  from node 1  (seq 2)
2026-09-28T12:07:15.964523811Z     ·     vote   33    YES to node 1          (seq 3)
2026-09-28T12:07:16.114810401Z     ·     apply  33       145.0 ms HE    2 dec  from node 1  (seq 3)
2026-09-28T12:07:16.348299036Z     ·     apply  34       224.9 ms HE    3 dec  from node 1  (seq 4)
2026-09-28T12:07:16.658015783Z     ·     vote   35    YES to node 1          (seq 5)
2026-09-28T12:07:16.815898502Z     ·     apply  35       154.7 ms HE    2 dec  from node 1  (seq 5)
2026-09-28T12:07:17.102845472Z     ·     apply  36       226.3 ms HE    3 dec  from node 1  (seq 6)
2026-09-28T12:07:18.451464590Z     ·     vote   39    YES to node 1          (seq 7)
2026-09-28T12:07:18.597156785Z     ·     apply  39       140.5 ms HE    2 dec  from node 1  (seq 7)
2026-09-28T12:07:18.606897138Z     ·     vote   61    YES to node 5          (seq 1)
2026-09-28T12:07:18.679513526Z     ·     apply  61        69.6 ms HE    1 dec  from node 5  (seq 1)
2026-09-28T12:07:18.826212202Z     ·     apply  30        69.6 ms HE    1 dec  from node 1  (seq 8)
2026-09-28T12:07:18.898439704Z c1  s17  local  71        69.7 ms HE    1 dec  0 frames
2026-09-28T12:07:18.968101080Z c1  s18  local  72        69.5 ms HE    1 dec  0 frames
2026-09-28T12:07:19.038560838Z c1  s19  local  81        70.2 ms HE    1 dec  0 frames
2026-09-28T12:07:19.107949984Z c1  s20  local  82        69.5 ms HE    1 dec  0 frames
2026-09-28T12:07:19.178128307Z c1  s21  local  73        69.6 ms HE    1 dec  0 frames
2026-09-28T12:07:19.248483115Z c1  s22  local  74        69.8 ms HE    1 dec  0 frames
2026-09-28T12:07:19.251948170Z     ·     vote   65    YES to node 5          (seq 2)
2026-09-28T12:07:19.326843447Z     ·     apply  65        69.7 ms HE    1 dec  from node 5  (seq 2)
2026-09-28T12:07:19.471804693Z     ·     apply  66        69.8 ms HE    1 dec  from node 5  (seq 3)
2026-09-28T12:07:19.549349135Z     ·     vote   31    YES to node 1          (seq 9)
2026-09-28T12:07:21.047877638Z     ·     vote   31    YES to node 1          (seq 9)
2026-09-28T12:07:22.551514905Z     ·     vote   31    YES to node 1          (seq 9)
2026-09-28T12:07:22.624548292Z     ·     apply  31        69.9 ms HE    1 dec  from node 1  (seq 9)
2026-09-28T12:07:22.699988429Z     ·     apply  32        69.8 ms HE    1 dec  from node 1  (seq 10)
2026-09-28T12:07:23.009329897Z     ·     vote   35    YES to node 1          (seq 11)
2026-09-28T12:07:23.081969396Z     ·     apply  35        69.8 ms HE    1 dec  from node 1  (seq 11)
2026-09-28T12:07:23.157963198Z     ·     apply  36        70.0 ms HE    1 dec  from node 1  (seq 12)
2026-09-28T12:07:23.235799679Z     ·     vote   61    YES to node 5          (seq 4)
2026-09-28T12:07:23.308707206Z     ·     apply  61        69.7 ms HE    1 dec  from node 5  (seq 4)
2026-09-28T12:07:23.457400034Z     ·     vote   33    YES to node 1          (seq 13)
2026-09-28T12:07:23.530872531Z     ·     apply  33        70.0 ms HE    1 dec  from node 1  (seq 13)
2026-09-28T12:07:23.609379933Z     ·     apply  34        70.1 ms HE    1 dec  from node 1  (seq 14)
2026-09-28T12:07:23.753812827Z     ·     vote   37    YES to node 1          (seq 15)
2026-09-28T12:07:23.827455205Z     ·     apply  37        70.0 ms HE    1 dec  from node 1  (seq 15)
2026-09-28T12:07:23.905168728Z     ·     apply  38        69.8 ms HE    1 dec  from node 1  (seq 16)
2026-09-28T12:07:23.910767102Z     ·     vote   63    YES to node 5          (seq 5)
2026-09-28T12:07:23.985458281Z     ·     apply  63        69.9 ms HE    1 dec  from node 5  (seq 5)
2026-09-28T12:07:24.061306713Z     ·     apply  64        69.7 ms HE    1 dec  from node 5  (seq 6)
2026-09-28T12:07:24.063529474Z -- cycle 1/5 done at 11641.7 ms --
2026-09-28T12:07:24.063591104Z 
2026-09-28T12:07:24.063606511Z -- cycle 2/5 --
2026-09-28T12:07:36.630681869Z     ·     vote   31    YES to node 1          (seq 17)
2026-09-28T12:07:36.706366022Z     ·     apply  31        69.9 ms HE    1 dec  from node 1  (seq 17)
2026-09-28T12:07:25.712472848Z     ·     apply  32        69.3 ms HE    1 dec  from node 1  (seq 18)
2026-09-28T12:07:27.289962994Z     ·     vote   33    YES to node 1          (seq 19)
2026-09-28T12:07:27.363210683Z     ·     apply  33        70.3 ms HE    1 dec  from node 1  (seq 19)
2026-09-28T12:07:27.439129949Z     ·     apply  34        70.0 ms HE    1 dec  from node 1  (seq 20)
2026-09-28T12:07:27.444341739Z     ·     vote   35    YES to node 1          (seq 21)
2026-09-28T12:07:27.519101750Z     ·     apply  35        69.8 ms HE    1 dec  from node 1  (seq 21)
2026-09-28T12:07:27.735554447Z     ·     apply  36        69.9 ms HE    1 dec  from node 1  (seq 22)
2026-09-28T12:07:30.730640296Z     ·     vote   39    YES to node 1          (seq 23)
2026-09-28T12:07:30.802296625Z     ·     apply  39        69.4 ms HE    1 dec  from node 1  (seq 23)
2026-09-28T12:07:30.808950203Z     ·     vote   61    YES to node 5          (seq 7)
2026-09-28T12:07:30.881035437Z     ·     apply  61        69.6 ms HE    1 dec  from node 5  (seq 7)
2026-09-28T12:07:30.959617075Z     ·     apply  30        70.0 ms HE    1 dec  from node 1  (seq 24)
2026-09-28T12:07:31.031434881Z c2  s17  local  71        69.7 ms HE    1 dec  0 frames
2026-09-28T12:07:31.101488245Z c2  s18  local  72        69.6 ms HE    1 dec  0 frames
2026-09-28T12:07:31.171353719Z c2  s19  local  81        69.7 ms HE    1 dec  0 frames
2026-09-28T12:07:31.241382570Z c2  s20  local  82        69.8 ms HE    1 dec  0 frames
2026-09-28T12:07:31.311251146Z c2  s21  local  73        69.7 ms HE    1 dec  0 frames
2026-09-28T12:07:31.381374143Z c2  s22  local  74        69.9 ms HE    1 dec  0 frames
2026-09-28T12:07:31.384417196Z     ·     vote   65    YES to node 5          (seq 8)
2026-09-28T12:07:31.459231934Z     ·     apply  65        69.7 ms HE    1 dec  from node 5  (seq 8)
2026-09-28T12:07:31.534741604Z     ·     apply  66        69.9 ms HE    1 dec  from node 5  (seq 9)
2026-09-28T12:07:31.540005319Z     ·     vote   31    YES to node 1          (seq 25)
2026-09-28T12:07:33.040894974Z     ·     vote   31    YES to node 1          (seq 25)
2026-09-28T12:07:34.541461674Z     ·     vote   31    YES to node 1          (seq 25)
2026-09-28T12:07:36.043772475Z     ·     vote   31    YES to node 1          (seq 25)
2026-09-28T12:07:36.116111030Z     ·     apply  31        69.7 ms HE    1 dec  from node 1  (seq 25)
2026-09-28T12:07:36.191877223Z     ·     apply  32        69.8 ms HE    1 dec  from node 1  (seq 26)
2026-09-28T12:07:36.339851608Z     ·     vote   35    YES to node 1          (seq 27)
2026-09-28T12:07:36.413173133Z     ·     apply  35        69.8 ms HE    1 dec  from node 1  (seq 27)
2026-09-28T12:07:36.489198949Z     ·     apply  36        70.0 ms HE    1 dec  from node 1  (seq 28)
2026-09-28T12:07:36.494134607Z     ·     vote   61    YES to node 5          (seq 10)
2026-09-28T12:07:36.566813925Z     ·     apply  61        69.6 ms HE    1 dec  from node 5  (seq 10)
2026-09-28T12:07:36.572632905Z     ·     vote   33    YES to node 1          (seq 29)
2026-09-28T12:07:36.645104523Z     ·     apply  33        69.5 ms HE    1 dec  from node 1  (seq 29)
2026-09-28T12:07:36.723026746Z     ·     apply  34        69.8 ms HE    1 dec  from node 1  (seq 30)
2026-09-28T12:07:36.870718496Z     ·     vote   37    YES to node 1          (seq 31)
2026-09-28T12:07:36.944403895Z     ·     apply  37        69.7 ms HE    1 dec  from node 1  (seq 31)
2026-09-28T12:07:37.021184672Z     ·     apply  38        69.9 ms HE    1 dec  from node 1  (seq 32)
2026-09-28T12:07:37.026554437Z     ·     vote   63    YES to node 5          (seq 11)
2026-09-28T12:07:37.101939948Z     ·     apply  63        69.6 ms HE    1 dec  from node 5  (seq 11)
2026-09-28T12:07:37.179475385Z     ·     apply  64        69.7 ms HE    1 dec  from node 5  (seq 12)
2026-09-28T12:07:37.182063922Z -- cycle 2/5 done at 24769.2 ms --
2026-09-28T12:07:37.182103441Z 
2026-09-28T12:07:37.182111544Z -- cycle 3/5 --
2026-09-28T12:07:37.185801807Z     ·     vote   31    YES to node 1          (seq 33)
2026-09-28T12:07:37.260160027Z     ·     apply  31        69.8 ms HE    1 dec  from node 1  (seq 33)
2026-09-28T12:07:37.336256077Z     ·     apply  32        70.0 ms HE    1 dec  from node 1  (seq 34)
2026-09-28T12:07:37.485107982Z     ·     vote   33    YES to node 1          (seq 35)
2026-09-28T12:07:37.560742712Z     ·     apply  33        70.0 ms HE    1 dec  from node 1  (seq 35)
2026-09-28T12:07:37.635874401Z     ·     apply  34        69.9 ms HE    1 dec  from node 1  (seq 36)
2026-09-28T12:07:37.642820919Z     ·     vote   35    YES to node 1          (seq 37)
2026-09-28T12:07:37.715175982Z     ·     apply  35        69.9 ms HE    1 dec  from node 1  (seq 37)
2026-09-28T12:07:38.093172546Z     ·     apply  36        70.1 ms HE    1 dec  from node 1  (seq 38)
2026-09-28T12:07:38.101800067Z     ·     vote   39    YES to node 1          (seq 39)
2026-09-28T12:07:38.175938182Z     ·     apply  39        69.8 ms HE    1 dec  from node 1  (seq 39)
2026-09-28T12:07:38.184596818Z     ·     vote   61    YES to node 5          (seq 13)
2026-09-28T12:07:38.256729875Z     ·     apply  61        69.6 ms HE    1 dec  from node 5  (seq 13)
2026-09-28T12:07:38.636509891Z     ·     apply  30        69.6 ms HE    1 dec  from node 1  (seq 40)
2026-09-28T12:07:38.708652553Z c3  s17  local  71        69.4 ms HE    1 dec  0 frames
2026-09-28T12:07:38.779089299Z c3  s18  local  72        69.8 ms HE    1 dec  0 frames
2026-09-28T12:07:38.848881638Z c3  s19  local  81        69.7 ms HE    1 dec  0 frames
2026-09-28T12:07:38.918418555Z c3  s20  local  82        69.5 ms HE    1 dec  0 frames
2026-09-28T12:07:38.988882615Z c3  s21  local  73        70.1 ms HE    1 dec  0 frames
2026-09-28T12:07:39.058737684Z c3  s22  local  74        69.7 ms HE    1 dec  0 frames
2026-09-28T12:07:39.062517389Z     ·     vote   65    YES to node 5          (seq 14)
2026-09-28T12:07:39.136686119Z     ·     apply  65        69.7 ms HE    1 dec  from node 5  (seq 14)
2026-09-28T12:07:40.777438580Z     ·     apply  66        69.3 ms HE    1 dec  from node 5  (seq 15)
2026-09-28T12:07:40.782110512Z     ·     vote   31    YES to node 1          (seq 41)
2026-09-28T12:07:40.856349675Z     ·     apply  31        69.4 ms HE    1 dec  from node 1  (seq 41)
2026-09-28T12:07:41.238129646Z     ·     apply  32        69.9 ms HE    1 dec  from node 1  (seq 42)
2026-09-28T12:07:41.385228913Z     ·     vote   35    YES to node 1          (seq 43)
2026-09-28T12:07:41.458525826Z     ·     apply  35        69.7 ms HE    1 dec  from node 1  (seq 43)
2026-09-28T12:07:41.535118613Z     ·     apply  36        69.3 ms HE    1 dec  from node 1  (seq 44)
2026-09-28T12:07:41.539648577Z     ·     vote   61    YES to node 5          (seq 16)
2026-09-28T12:07:41.611035878Z     ·     apply  61        69.2 ms HE    1 dec  from node 5  (seq 16)
2026-09-28T12:07:41.617478256Z     ·     vote   33    YES to node 1          (seq 45)
2026-09-28T12:07:41.691055502Z     ·     apply  33        69.2 ms HE    1 dec  from node 1  (seq 45)
2026-09-28T12:07:41.765032640Z     ·     apply  34        69.3 ms HE    1 dec  from node 1  (seq 46)
2026-09-28T12:07:41.910771558Z     ·     vote   37    YES to node 1          (seq 47)
2026-09-28T12:07:41.982793762Z     ·     apply  37        69.3 ms HE    1 dec  from node 1  (seq 47)
2026-09-28T12:07:42.059271094Z     ·     apply  38        69.4 ms HE    1 dec  from node 1  (seq 48)
2026-09-28T12:07:42.063750634Z     ·     vote   63    YES to node 5          (seq 17)
2026-09-28T12:07:42.135198864Z     ·     apply  63        69.2 ms HE    1 dec  from node 5  (seq 17)
2026-09-28T12:07:42.208848045Z     ·     apply  64        69.2 ms HE    1 dec  from node 5  (seq 18)
2026-09-28T12:07:42.210916733Z -- cycle 3/5 done at 29803.1 ms --
2026-09-28T12:07:42.210933541Z 
2026-09-28T12:07:42.210936142Z -- cycle 4/5 --
2026-09-28T12:07:42.213193721Z     ·     vote   31    YES to node 1          (seq 49)
2026-09-28T12:07:43.713234770Z     ·     vote   31    YES to node 1          (seq 49)
2026-09-28T12:07:43.788758047Z     ·     apply  31        69.8 ms HE    1 dec  from node 1  (seq 49)
2026-09-28T12:07:43.863789088Z     ·     apply  32        69.8 ms HE    1 dec  from node 1  (seq 50)
2026-09-28T12:07:44.007484330Z     ·     vote   33    YES to node 1          (seq 51)
2026-09-28T12:07:44.079478420Z     ·     apply  33        69.5 ms HE    1 dec  from node 1  (seq 51)
2026-09-28T12:07:44.153936388Z     ·     apply  34        69.4 ms HE    1 dec  from node 1  (seq 52)
2026-09-28T12:07:44.160662401Z     ·     vote   35    YES to node 1          (seq 53)
2026-09-28T12:07:44.232241693Z     ·     apply  35        69.3 ms HE    1 dec  from node 1  (seq 53)
2026-09-28T12:07:44.444043768Z     ·     apply  36        69.5 ms HE    1 dec  from node 1  (seq 54)
2026-09-28T12:07:44.450514059Z     ·     vote   39    YES to node 1          (seq 55)
2026-09-28T12:07:44.525269969Z     ·     apply  39        69.8 ms HE    1 dec  from node 1  (seq 55)
2026-09-28T12:07:44.532474010Z     ·     vote   61    YES to node 5          (seq 19)
2026-09-28T12:07:44.607083650Z     ·     apply  61        69.8 ms HE    1 dec  from node 5  (seq 19)
2026-09-28T12:07:44.681566330Z     ·     apply  30        69.6 ms HE    1 dec  from node 1  (seq 56)
2026-09-28T12:07:44.753029066Z c4  s17  local  71        69.3 ms HE    1 dec  0 frames
2026-09-28T12:07:44.822322067Z c4  s18  local  72        69.3 ms HE    1 dec  0 frames
2026-09-28T12:07:44.891626372Z c4  s19  local  81        69.2 ms HE    1 dec  0 frames
2026-09-28T12:07:44.960939382Z c4  s20  local  82        69.2 ms HE    1 dec  0 frames
2026-09-28T12:07:45.030073507Z c4  s21  local  73        69.2 ms HE    1 dec  0 frames
2026-09-28T12:07:45.099357603Z c4  s22  local  74        69.2 ms HE    1 dec  0 frames
2026-09-28T12:07:45.101632690Z     ·     vote   65    YES to node 5          (seq 20)
2026-09-28T12:07:45.173134745Z     ·     apply  65        69.2 ms HE    1 dec  from node 5  (seq 20)
2026-09-28T12:07:56.617265879Z     ·     apply  66        69.3 ms HE    1 dec  from node 5  (seq 21)
2026-09-28T12:07:56.621669382Z     ·     vote   31    YES to node 1          (seq 57)
2026-09-28T12:07:56.694725680Z     ·     apply  31        69.8 ms HE    1 dec  from node 1  (seq 57)
2026-09-28T12:07:56.772256216Z     ·     apply  32        69.7 ms HE    1 dec  from node 1  (seq 58)
2026-09-28T12:07:45.843410642Z     ·     vote   35    YES to node 1          (seq 59)
2026-09-28T12:07:45.917887619Z     ·     apply  35        69.7 ms HE    1 dec  from node 1  (seq 59)
2026-09-28T12:07:45.992072156Z     ·     apply  36        69.4 ms HE    1 dec  from node 1  (seq 60)
2026-09-28T12:07:45.996608723Z     ·     vote   61    YES to node 5          (seq 22)
2026-09-28T12:07:46.070444293Z     ·     apply  61        69.4 ms HE    1 dec  from node 5  (seq 22)
2026-09-28T12:07:46.077270454Z     ·     vote   33    YES to node 1          (seq 61)
2026-09-28T12:07:47.578110285Z     ·     vote   33    YES to node 1          (seq 61)
2026-09-28T12:07:47.653241574Z     ·     apply  33        70.1 ms HE    1 dec  from node 1  (seq 61)
2026-09-28T12:07:47.728817576Z     ·     apply  34        69.7 ms HE    1 dec  from node 1  (seq 62)
2026-09-28T12:07:47.874093472Z     ·     vote   37    YES to node 1          (seq 63)
2026-09-28T12:07:49.373755141Z     ·     vote   37    YES to node 1          (seq 63)
2026-09-28T12:07:49.446259575Z     ·     apply  37        70.0 ms HE    1 dec  from node 1  (seq 63)
2026-09-28T12:07:51.020224894Z     ·     apply  38        69.7 ms HE    1 dec  from node 1  (seq 64)
2026-09-28T12:07:51.028240423Z     ·     vote   63    YES to node 5          (seq 23)
2026-09-28T12:07:51.103095581Z     ·     apply  63        69.6 ms HE    1 dec  from node 5  (seq 23)
2026-09-28T12:07:51.180872033Z     ·     apply  64        69.8 ms HE    1 dec  from node 5  (seq 24)
2026-09-28T12:07:51.183535506Z -- cycle 4/5 done at 38779.7 ms --
2026-09-28T12:07:51.183619146Z 
2026-09-28T12:07:51.183637054Z -- cycle 5/5 --
2026-09-28T12:07:52.688686796Z     ·     vote   31    YES to node 1          (seq 65)
2026-09-28T12:07:52.762822810Z     ·     apply  31        69.7 ms HE    1 dec  from node 1  (seq 65)
2026-09-28T12:07:52.841279588Z     ·     apply  32        69.8 ms HE    1 dec  from node 1  (seq 66)
2026-09-28T12:07:52.988597460Z     ·     vote   33    YES to node 1          (seq 67)
2026-09-28T12:07:53.060988840Z     ·     apply  33        69.7 ms HE    1 dec  from node 1  (seq 67)
2026-09-28T12:07:53.443093166Z     ·     apply  34        70.1 ms HE    1 dec  from node 1  (seq 68)
2026-09-28T12:07:53.448624809Z     ·     vote   35    YES to node 1          (seq 69)
2026-09-28T12:07:53.521188772Z     ·     apply  35        70.4 ms HE    1 dec  from node 1  (seq 69)
2026-09-28T12:07:53.901875020Z     ·     apply  36        69.9 ms HE    1 dec  from node 1  (seq 70)
2026-09-28T12:07:53.907013075Z     ·     vote   39    YES to node 1          (seq 71)
2026-09-28T12:07:53.982916433Z     ·     apply  39        69.9 ms HE    1 dec  from node 1  (seq 71)
2026-09-28T12:07:53.990477845Z     ·     vote   61    YES to node 5          (seq 25)
2026-09-28T12:07:54.063297230Z     ·     apply  61        69.9 ms HE    1 dec  from node 5  (seq 25)
2026-09-28T12:07:54.141528099Z     ·     apply  30        70.3 ms HE    1 dec  from node 1  (seq 72)
2026-09-28T12:07:54.213583219Z c5  s17  local  71        69.8 ms HE    1 dec  0 frames
2026-09-28T12:07:54.283397168Z c5  s18  local  72        69.6 ms HE    1 dec  0 frames
2026-09-28T12:07:54.353877236Z c5  s19  local  81        69.8 ms HE    1 dec  0 frames
2026-09-28T12:07:54.423916192Z c5  s20  local  82        69.6 ms HE    1 dec  0 frames
2026-09-28T12:07:54.493831190Z c5  s21  local  73        70.0 ms HE    1 dec  0 frames
2026-09-28T12:07:54.563143399Z c5  s22  local  74        69.4 ms HE    1 dec  0 frames
2026-09-28T12:07:54.566057191Z     ·     vote   65    YES to node 5          (seq 26)
2026-09-28T12:07:54.640728661Z     ·     apply  65        69.6 ms HE    1 dec  from node 5  (seq 26)
2026-09-28T12:07:54.715659954Z     ·     apply  66        69.7 ms HE    1 dec  from node 5  (seq 27)
2026-09-28T12:07:54.723702096Z     ·     vote   31    YES to node 1          (seq 73)
2026-09-28T12:07:54.797311859Z     ·     apply  31        69.9 ms HE    1 dec  from node 1  (seq 73)
2026-09-28T12:07:56.448706977Z     ·     apply  32        69.2 ms HE    1 dec  from node 1  (seq 74)
2026-09-28T12:07:56.453188018Z     ·     vote   35    YES to node 1          (seq 75)
2026-09-28T12:07:56.526843002Z     ·     apply  35        69.2 ms HE    1 dec  from node 1  (seq 75)
2026-09-28T12:07:56.600727195Z     ·     apply  36        69.2 ms HE    1 dec  from node 1  (seq 76)
2026-09-28T12:07:56.607296033Z     ·     vote   61    YES to node 5          (seq 28)
2026-09-28T12:07:56.680890388Z     ·     apply  61        69.2 ms HE    1 dec  from node 5  (seq 28)
2026-09-28T12:07:56.988246508Z     ·     vote   33    YES to node 1          (seq 77)
2026-09-28T12:07:57.059791784Z     ·     apply  33        69.3 ms HE    1 dec  from node 1  (seq 77)
2026-09-28T12:07:57.133498593Z     ·     apply  34        69.3 ms HE    1 dec  from node 1  (seq 78)
2026-09-28T12:07:57.277137508Z     ·     vote   37    YES to node 1          (seq 79)
2026-09-28T12:07:57.352819560Z     ·     apply  37        69.7 ms HE    1 dec  from node 1  (seq 79)
2026-09-28T12:07:57.427308142Z     ·     apply  38        69.8 ms HE    1 dec  from node 1  (seq 80)
2026-09-28T12:07:59.005454101Z     ·     vote   63    YES to node 5          (seq 29)
2026-09-28T12:07:59.080869126Z     ·     apply  63        69.8 ms HE    1 dec  from node 5  (seq 29)
2026-09-28T12:07:59.155724383Z     ·     apply  64        69.4 ms HE    1 dec  from node 5  (seq 30)
2026-09-28T12:07:59.157888717Z -- cycle 5/5 done at 46748.6 ms --
2026-09-28T12:07:59.157925335Z 
2026-09-28T12:07:59.157936440Z ============================================================
2026-09-28T12:07:59.157944844Z   SUMMARY — node 7/7 — LOCAL MODULAR — UDP/IP multicast (RFC 1112)
2026-09-28T12:07:59.157960652Z ============================================================
2026-09-28T12:07:59.157968055Z   events this node FIRED:
2026-09-28T12:07:59.157974858Z   local (no network)     n=30   avg    69.81 ms  (HE   69.63 + net    0.00)  min   69.21  max    70.45  100.0%
2026-09-28T12:07:59.157981962Z   shared controllable          (none on this node)
2026-09-28T12:07:59.157988565Z   shared uncontroll.           (none on this node)
2026-09-28T12:07:59.157994968Z   events this node APPLIED for a peer (participant side):
2026-09-28T12:07:59.158001071Z   shared, applied        n=110  avg    76.83 ms  (HE   76.83 + net    0.00)  min   69.20  max   226.27
2026-09-28T12:07:59.158008074Z   run clock, end of cycles 1..5 (ms): 11641.7 24769.2 29803.1 38779.7 46748.6
2026-09-28T12:07:59.158014878Z      a cycle is over at the LATEST node's value; DES_WORK_MS 0 included
2026-09-28T12:07:59.158021481Z   ----------------------------------------------------------
2026-09-28T12:07:59.158028484Z   all events            n=30   avg    69.81 ms  (HE   69.63 + net    0.00)
2026-09-28T12:07:59.158035487Z   PEER-WAIT + WIRE      0.0 % of total step time
2026-09-28T12:07:59.158042291Z      (compare against the round-trip probe above: the excess is
2026-09-28T12:07:59.158048894Z       the peer's own HE work, not the link.)
2026-09-28T12:07:59.158055397Z   frames: tx=436 rx=2080 retransmits=0
2026-09-28T12:07:59.158062000Z   authentication: HMAC-SHA256/128, 1.7 us per frame; 0 rejected (bad tag), 0 stale/replayed dropped, 6 epoch challenges
2026-09-28T12:07:59.158069204Z   rx queue: peak 9/64 frames
2026-09-28T12:07:59.158075807Z   plant check: 0 event reports rejected as physically impossible
2026-09-28T12:07:59.158082810Z      (these supervisors carry the plant: an impossible uncontrollable event is caught)
2026-09-28T12:07:59.158089513Z   injected frame loss: 1 %
2026-09-28T12:07:59.158096216Z   ----------------------------------------------------------
2026-09-28T12:07:59.158263296Z   homomorphic vs cleartext oracle : PASS — every encrypted bit matched
2026-09-28T12:07:59.158276703Z      (PASS certifies the cryptography: each node's encrypted bits
2026-09-28T12:07:59.158281505Z       match its own clear model for the events it applied. It does
2026-09-28T12:07:59.158285707Z       not certify the distributed run — read the skips for that.)
2026-09-28T12:07:59.158290209Z   distributed vs MONOLITHIC sup.  : off — this header has no monolithic supervisor
2026-09-28T12:07:59.158302015Z   safe halt                       : no — ran to completion
2026-09-28T12:07:59.158306517Z ============================================================
2026-09-28T12:08:09.162266291Z @@RESULT {"node":7,"nodes":7,"family":"LOCAL MODULAR","data":"supervisor_data_fms.h","transport":"UDP/IP multicast (RFC 1112)","fingerprint":"04511541","supervisors":["S6"],"fired":{"local":30,"ctrl":0,"unctrl":0},"applied_for_peers":110,"skips":0,"impossible":0,"tx":436,"rx":2080,"retx":0,"auth_bad":0,"replays":0,"challenges":6,"mac_us":1.68,"rxq_peak":9,"rxq_drops":0,"sync_wait_ms":0.0,"oracle":"PASS","safe_halt":false,"halt_reason":"","cycle_end_ms":[11641.7,24769.2,29803.1,38779.7,46748.6],"rounds":5,"work_ms":0,"emu_scalarmul_ms":69.0,"loss_pct":1,"loss_seed":3405961199,"exit":0}
