2026-09-28T12:00:28.099920744Z des_container: node 2 of 2, LOCAL MODULAR, data supervisor_data_fms.h, transport UDP/IP multicast (RFC 1112)
2026-09-28T12:00:28.100005385Z des_container: EMULATING the ESP32 — every decryption takes at least 69.0 ms (DES_EMU_SCALARMUL_MS)
2026-09-28T12:00:28.100014089Z des_container: dropping 10 % of received frames, seed 1415536320 (DES_LOSS_SEED to replay)
2026-09-28T12:00:28.100018191Z 
2026-09-28T12:00:28.100021492Z ============================================================
2026-09-28T12:00:28.100024894Z   Distributed Homomorphic DES — generic engine
2026-09-28T12:00:28.100028596Z   node 2/2   family LOCAL MODULAR   7 supervisors   31 events
2026-09-28T12:00:28.100031997Z   data: supervisor_data_fms.h
2026-09-28T12:00:28.100035499Z ============================================================
2026-09-28T12:00:28.102794817Z --- event routing (DERIVED from the header, not hardcoded) ---
2026-09-28T12:00:28.102893564Z   event  ctrl  nodes      owner  class
2026-09-28T12:00:28.102898767Z   11     yes   1          1      local — no network
2026-09-28T12:00:28.102904169Z   12     no    1          1      local — no network
2026-09-28T12:00:28.102907171Z   21     yes   1          1      local — no network
2026-09-28T12:00:28.102910072Z   22     no    1          1      local — no network
2026-09-28T12:00:28.102912673Z   30     no    1 2        1      SHARED — needs network
2026-09-28T12:00:28.102915775Z   31     yes   1 2        1      SHARED — needs network
2026-09-28T12:00:28.102919176Z   32     no    1 2        1      SHARED — needs network
2026-09-28T12:00:28.102922278Z   33     yes   1 2        1      SHARED — needs network
2026-09-28T12:00:28.102925479Z   34     no    1 2        1      SHARED — needs network
2026-09-28T12:00:28.102928381Z   35     yes   1 2        1      SHARED — needs network
2026-09-28T12:00:28.102931182Z   36     no    1 2        1      SHARED — needs network
2026-09-28T12:00:28.102934384Z   37     yes   1 2        1      SHARED — needs network
2026-09-28T12:00:28.102937185Z   38     no    1 2        1      SHARED — needs network
2026-09-28T12:00:28.102940487Z   39     yes   1 2        1      SHARED — needs network
2026-09-28T12:00:28.102943688Z   41     yes   1          1      local — no network
2026-09-28T12:00:28.102946389Z   42     no    1          1      local — no network
2026-09-28T12:00:28.102949091Z   51     yes   1          1      local — no network
2026-09-28T12:00:28.102951792Z   52     no    1          1      local — no network
2026-09-28T12:00:28.102954593Z   53     yes   1          1      local — no network
2026-09-28T12:00:28.102957895Z   54     no    1          1      local — no network
2026-09-28T12:00:28.102961497Z   61     yes   2          2      local — no network
2026-09-28T12:00:28.102965699Z   63     yes   2          2      local — no network
2026-09-28T12:00:28.103037933Z   64     no    2          2      local — no network
2026-09-28T12:00:28.103043136Z   65     yes   2          2      local — no network
2026-09-28T12:00:28.103046337Z   66     no    2          2      local — no network
2026-09-28T12:00:28.103049639Z   71     yes   2          2      local — no network
2026-09-28T12:00:28.103052440Z   72     no    2          2      local — no network
2026-09-28T12:00:28.103055241Z   73     yes   2          2      local — no network
2026-09-28T12:00:28.103058043Z   74     no    2          2      local — no network
2026-09-28T12:00:28.103060944Z   81     yes   2          2      local — no network
2026-09-28T12:00:28.103064246Z   82     no    2          2      local — no network
2026-09-28T12:00:28.103067347Z   => 10/31 events shared; 21/31 need ZERO network traffic; 21 concern this node
2026-09-28T12:00:28.103071649Z   NOTE controllability was INFERRED from event labels (the header
2026-09-28T12:00:28.103074951Z        does not carry it). Check the 'ctrl' column above; if it is
2026-09-28T12:00:28.103080353Z        wrong, set DES_CONTROLLABLE_MASK explicitly.
2026-09-28T12:00:28.103083455Z 
2026-09-28T12:00:28.103086256Z [init] config fingerprint edbd7971 — every node must print the same
2026-09-28T12:00:28.103089658Z 
2026-09-28T12:00:28.103112769Z [net] UDP multicast 239.192.7.1:5077  ttl=1  frame=44 B
2026-09-28T12:00:28.103119272Z --- crypto self-test ---
2026-09-28T12:00:28.108777075Z   Enc(0)->0 Enc(1)->1                PASS
2026-09-28T12:00:28.110228868Z   Enc(1)+Enc(1)->1 homomorphic OR   PASS
2026-09-28T12:00:28.111755297Z   Enc(0)+Enc(0)->0                  PASS
2026-09-28T12:00:28.111791215Z   curve secp192r1, ciphertext 50 B    PASS
2026-09-28T12:00:28.112186403Z   frame tag HMAC-SHA256/128: 4.1 us, 1-bit tamper caught  PASS
2026-09-28T12:00:28.112205612Z 
2026-09-28T12:00:28.112210215Z --- encrypting my supervisors' initial states ---
2026-09-28T12:00:28.112213516Z [load] S4         idx 4   44 states  15 constraining ev    2200 B ciphertext
2026-09-28T12:00:28.112217718Z [load] S5         idx 5   44 states  15 constraining ev    2200 B ciphertext
2026-09-28T12:00:28.112647624Z [load] S6         idx 6  164 states  21 constraining ev    8200 B ciphertext
2026-09-28T12:00:32.045358375Z [init] my keypair is mine alone; no ciphertext ever leaves this node
2026-09-28T12:00:32.045477432Z [init] my enablement: 11=1 12=1 21=1 22=1 30=0 31=1 32=0 33=1 34=0 35=1 36=0 37=1 38=0 39=1 41=1 42=1 51=1 52=1 53=1 54=1 61=0 63=0 64=0 65=0 66=0 71=0 72=0 73=0 74=0 81=0 82=0
2026-09-28T12:00:32.045484236Z 
2026-09-28T12:00:32.447073639Z [net] waiting for 1 peer(s).. all present.
2026-09-28T12:00:33.952450625Z 
2026-09-28T12:00:33.952556376Z ============================================================
2026-09-28T12:00:33.952560878Z   RUN — SIM_SEQ driver — 5 cycles x 44 steps — LOCAL MODULAR
2026-09-28T12:00:33.952563579Z   columns: cN sNN = cycle/step of MY walk; · = a peer caused this
2026-09-28T12:00:33.952565180Z   'done at': run clock, common to all nodes; a cycle is over at the
2026-09-28T12:00:33.952566981Z   LATEST node's print, machine time (DES_WORK_MS 0) included
2026-09-28T12:00:33.952568581Z ============================================================
2026-09-28T12:00:33.952570182Z 
2026-09-28T12:00:33.952571683Z -- cycle 1/5 --
2026-09-28T12:00:45.801348969Z     ·     vote   31    YES to node 1          (seq 1)
2026-09-28T12:00:35.082419600Z     ·     apply  31       350.7 ms HE    5 dec  from node 1  (seq 1)
2026-09-28T12:00:37.631676355Z     ·     apply  32       559.3 ms HE    8 dec  from node 1  (seq 2)
2026-09-28T12:00:39.135542019Z     ·     vote   33    YES to node 1          (seq 3)
2026-09-28T12:00:39.488461377Z     ·     apply  33       350.7 ms HE    5 dec  from node 1  (seq 3)
2026-09-28T12:00:40.041494272Z     ·     apply  34       559.8 ms HE    8 dec  from node 1  (seq 4)
2026-09-28T12:00:40.045606136Z     ·     vote   35    YES to node 1          (seq 5)
2026-09-28T12:00:40.397908200Z     ·     apply  35       350.0 ms HE    5 dec  from node 1  (seq 5)
2026-09-28T12:00:41.022683900Z     ·     apply  36       558.4 ms HE    8 dec  from node 1  (seq 6)
2026-09-28T12:00:41.027007665Z     ·     vote   39    YES to node 1          (seq 7)
2026-09-28T12:00:41.448151308Z     ·     apply  39       416.7 ms HE    6 dec  from node 1  (seq 7)
2026-09-28T12:00:41.727201986Z c1  s15  local  61       276.9 ms HE    4 dec  0 frames
2026-09-28T12:00:42.006451359Z     ·     apply  30       277.0 ms HE    4 dec  from node 1  (seq 8)
2026-09-28T12:00:42.077925596Z c1  s17  local  71        69.2 ms HE    1 dec  0 frames
2026-09-28T12:00:42.147141854Z c1  s18  local  72        69.2 ms HE    1 dec  0 frames
2026-09-28T12:00:42.216509385Z c1  s19  local  81        69.3 ms HE    1 dec  0 frames
2026-09-28T12:00:42.286034991Z c1  s20  local  82        69.3 ms HE    1 dec  0 frames
2026-09-28T12:00:42.355239444Z c1  s21  local  73        69.3 ms HE    1 dec  0 frames
2026-09-28T12:00:42.424568356Z c1  s22  local  74        69.3 ms HE    1 dec  0 frames
2026-09-28T12:00:42.701819675Z c1  s23  local  65       277.2 ms HE    4 dec  0 frames
2026-09-28T12:00:42.978981250Z c1  s24  local  66       277.1 ms HE    4 dec  0 frames
2026-09-28T12:00:43.283230863Z     ·     vote   31    YES to node 1          (seq 9)
2026-09-28T12:00:43.493301896Z     ·     apply  31       207.8 ms HE    3 dec  from node 1  (seq 9)
2026-09-28T12:00:43.840664100Z     ·     apply  32       277.0 ms HE    4 dec  from node 1  (seq 10)
2026-09-28T12:00:43.981640132Z     ·     vote   35    YES to node 1          (seq 11)
2026-09-28T12:00:44.191765490Z     ·     apply  35       207.8 ms HE    3 dec  from node 1  (seq 11)
2026-09-28T12:00:49.050788793Z     ·     apply  36       277.0 ms HE    4 dec  from node 1  (seq 12)
2026-09-28T12:00:49.399275634Z c1  s35  local  61       346.2 ms HE    5 dec  0 frames
2026-09-28T12:00:49.401518105Z     ·     vote   33    YES to node 1          (seq 13)
2026-09-28T12:00:49.611637360Z     ·     apply  33       207.8 ms HE    3 dec  from node 1  (seq 13)
2026-09-28T12:00:49.945396202Z     ·     apply  34       277.0 ms HE    4 dec  from node 1  (seq 14)
2026-09-28T12:00:50.086681892Z     ·     vote   37    YES to node 1          (seq 15)
2026-09-28T12:00:50.296995857Z     ·     apply  37       207.8 ms HE    3 dec  from node 1  (seq 15)
2026-09-28T12:00:50.575141323Z     ·     apply  38       207.6 ms HE    3 dec  from node 1  (seq 16)
2026-09-28T12:00:50.784915329Z c1  s42  local  63       207.6 ms HE    3 dec  0 frames
2026-09-28T12:00:50.992616145Z c1  s43  local  64       207.7 ms HE    3 dec  0 frames
2026-09-28T12:00:50.992646960Z -- cycle 1/5 done at 16651.7 ms --
2026-09-28T12:00:50.992649861Z 
2026-09-28T12:00:50.992651662Z -- cycle 2/5 --
2026-09-28T12:00:50.994926249Z     ·     vote   31    YES to node 1          (seq 17)
2026-09-28T12:00:51.204839421Z     ·     apply  31       207.7 ms HE    3 dec  from node 1  (seq 17)
2026-09-28T12:00:54.485555375Z     ·     apply  32       207.8 ms HE    3 dec  from node 1  (seq 18)
2026-09-28T12:01:05.841982037Z     ·     vote   33    YES to node 1          (seq 19)
2026-09-28T12:00:56.267224676Z     ·     vote   33    YES to node 1          (seq 19)
2026-09-28T12:00:56.477247501Z     ·     apply  33       207.7 ms HE    3 dec  from node 1  (seq 19)
2026-09-28T12:00:56.755336241Z     ·     apply  34       207.7 ms HE    3 dec  from node 1  (seq 20)
2026-09-28T12:00:58.326408121Z     ·     vote   35    YES to node 1          (seq 21)
2026-09-28T12:00:58.536318692Z     ·     apply  35       207.6 ms HE    3 dec  from node 1  (seq 21)
2026-09-28T12:00:58.955122549Z     ·     apply  36       207.7 ms HE    3 dec  from node 1  (seq 22)
2026-09-28T12:00:59.025529282Z     ·     vote   39    YES to node 1          (seq 23)
2026-09-28T12:00:59.235532897Z     ·     apply  39       207.7 ms HE    3 dec  from node 1  (seq 23)
2026-09-28T12:00:59.445354727Z c2  s15  local  61       207.7 ms HE    3 dec  0 frames
2026-09-28T12:00:59.655407166Z     ·     apply  30       207.7 ms HE    3 dec  from node 1  (seq 24)
2026-09-28T12:00:59.726943738Z c2  s17  local  71        69.4 ms HE    1 dec  0 frames
2026-09-28T12:01:10.870149814Z c2  s18  local  72        69.2 ms HE    1 dec  0 frames
2026-09-28T12:01:10.939425306Z c2  s19  local  81        69.2 ms HE    1 dec  0 frames
2026-09-28T12:01:11.008851070Z c2  s20  local  82        69.3 ms HE    1 dec  0 frames
2026-09-28T12:01:00.011692908Z c2  s21  local  73        69.3 ms HE    1 dec  0 frames
2026-09-28T12:01:00.081067947Z c2  s22  local  74        69.3 ms HE    1 dec  0 frames
2026-09-28T12:01:00.288751455Z c2  s23  local  65       207.7 ms HE    3 dec  0 frames
2026-09-28T12:01:00.496640761Z c2  s24  local  66       207.8 ms HE    3 dec  0 frames
2026-09-28T12:01:00.498939159Z     ·     vote   31    YES to node 1          (seq 25)
2026-09-28T12:01:00.708933370Z     ·     apply  31       207.7 ms HE    3 dec  from node 1  (seq 25)
2026-09-28T12:01:02.490560630Z     ·     apply  32       207.7 ms HE    3 dec  from node 1  (seq 26)
2026-09-28T12:01:05.686503980Z     ·     vote   35    YES to node 1          (seq 27)
2026-09-28T12:01:05.896574628Z     ·     apply  35       207.7 ms HE    3 dec  from node 1  (seq 27)
2026-09-28T12:01:06.175550091Z     ·     apply  36       207.9 ms HE    3 dec  from node 1  (seq 28)
2026-09-28T12:01:06.385604931Z c2  s35  local  61       208.0 ms HE    3 dec  0 frames
2026-09-28T12:01:06.388001176Z     ·     vote   33    YES to node 1          (seq 29)
2026-09-28T12:01:06.598444202Z     ·     apply  33       208.1 ms HE    3 dec  from node 1  (seq 29)
2026-09-28T12:01:06.878503082Z     ·     apply  34       207.9 ms HE    3 dec  from node 1  (seq 30)
2026-09-28T12:01:07.087754339Z     ·     vote   37    YES to node 1          (seq 31)
2026-09-28T12:01:07.298101019Z     ·     apply  37       207.9 ms HE    3 dec  from node 1  (seq 31)
2026-09-28T12:01:09.354128455Z     ·     apply  38       207.9 ms HE    3 dec  from node 1  (seq 32)
2026-09-28T12:01:09.564350376Z c2  s42  local  63       207.8 ms HE    3 dec  0 frames
2026-09-28T12:01:20.850689218Z c2  s43  local  64       207.8 ms HE    3 dec  0 frames
2026-09-28T12:01:20.850718632Z -- cycle 2/5 done at 35438.7 ms --
2026-09-28T12:01:20.850721834Z 
2026-09-28T12:01:20.850723935Z -- cycle 3/5 --
2026-09-28T12:01:20.852846749Z     ·     vote   31    YES to node 1          (seq 33)
2026-09-28T12:01:09.984087681Z     ·     apply  31       207.9 ms HE    3 dec  from node 1  (seq 33)
2026-09-28T12:01:12.042078656Z     ·     apply  32       209.1 ms HE    3 dec  from node 1  (seq 34)
2026-09-28T12:01:12.046692460Z     ·     vote   33    YES to node 1          (seq 35)
2026-09-28T12:01:12.257709860Z     ·     apply  33       208.6 ms HE    3 dec  from node 1  (seq 35)
2026-09-28T12:01:12.539553593Z     ·     apply  34       209.0 ms HE    3 dec  from node 1  (seq 36)
2026-09-28T12:01:12.609847271Z     ·     vote   35    YES to node 1          (seq 37)
2026-09-28T12:01:12.821358207Z     ·     apply  35       208.6 ms HE    3 dec  from node 1  (seq 37)
2026-09-28T12:01:13.244737950Z     ·     apply  36       209.1 ms HE    3 dec  from node 1  (seq 38)
2026-09-28T12:01:25.894946683Z     ·     vote   39    YES to node 1          (seq 39)
2026-09-28T12:01:15.027331125Z     ·     apply  39       209.2 ms HE    3 dec  from node 1  (seq 39)
2026-09-28T12:01:15.238945810Z c3  s15  local  61       208.8 ms HE    3 dec  0 frames
2026-09-28T12:01:15.451226614Z     ·     apply  30       208.9 ms HE    3 dec  from node 1  (seq 40)
2026-09-28T12:01:15.523560667Z c3  s17  local  71        69.7 ms HE    1 dec  0 frames
2026-09-28T12:01:15.593560505Z c3  s18  local  72        69.7 ms HE    1 dec  0 frames
2026-09-28T12:01:15.663563245Z c3  s19  local  81        69.8 ms HE    1 dec  0 frames
2026-09-28T12:01:15.733109066Z c3  s20  local  82        69.5 ms HE    1 dec  0 frames
2026-09-28T12:01:15.803346217Z c3  s21  local  73        70.1 ms HE    1 dec  0 frames
2026-09-28T12:01:15.873333749Z c3  s22  local  74        69.6 ms HE    1 dec  0 frames
2026-09-28T12:01:16.083362477Z c3  s23  local  65       209.6 ms HE    3 dec  0 frames
2026-09-28T12:01:16.292956897Z c3  s24  local  66       209.2 ms HE    3 dec  0 frames
2026-09-28T12:01:16.296013358Z     ·     vote   31    YES to node 1          (seq 41)
2026-09-28T12:01:16.510000076Z     ·     apply  31       208.7 ms HE    3 dec  from node 1  (seq 41)
2026-09-28T12:01:16.791113060Z     ·     apply  32       209.3 ms HE    3 dec  from node 1  (seq 42)
2026-09-28T12:01:17.006348575Z     ·     vote   35    YES to node 1          (seq 43)
2026-09-28T12:01:17.220653746Z     ·     apply  35       208.7 ms HE    3 dec  from node 1  (seq 43)
2026-09-28T12:01:17.500144755Z     ·     apply  36       208.7 ms HE    3 dec  from node 1  (seq 44)
2026-09-28T12:01:17.712199151Z c3  s35  local  61       209.4 ms HE    3 dec  0 frames
2026-09-28T12:01:17.714988483Z     ·     vote   33    YES to node 1          (seq 45)
2026-09-28T12:01:17.927115813Z     ·     apply  33       209.2 ms HE    3 dec  from node 1  (seq 45)
2026-09-28T12:01:31.066764794Z     ·     apply  34       209.2 ms HE    3 dec  from node 1  (seq 46)
2026-09-28T12:01:31.072646603Z     ·     vote   37    YES to node 1          (seq 47)
2026-09-28T12:01:21.985002993Z     ·     apply  37       208.8 ms HE    3 dec  from node 1  (seq 47)
2026-09-28T12:01:22.199872534Z     ·     apply  38       209.4 ms HE    3 dec  from node 1  (seq 48)
2026-09-28T12:01:22.411196780Z c3  s42  local  63       208.9 ms HE    3 dec  0 frames
2026-09-28T12:01:22.620546084Z c3  s43  local  64       209.0 ms HE    3 dec  0 frames
2026-09-28T12:01:22.620634826Z -- cycle 3/5 done at 48291.6 ms --
2026-09-28T12:01:22.620651734Z 
2026-09-28T12:01:22.620663040Z -- cycle 4/5 --
2026-09-28T12:01:22.626033105Z     ·     vote   31    YES to node 1          (seq 49)
2026-09-28T12:01:22.838474285Z     ·     apply  31       209.6 ms HE    3 dec  from node 1  (seq 49)
2026-09-28T12:01:23.353942217Z     ·     apply  32       208.9 ms HE    3 dec  from node 1  (seq 50)
2026-09-28T12:01:26.636825370Z     ·     vote   33    YES to node 1          (seq 51)
2026-09-28T12:01:26.849205522Z     ·     apply  33       209.5 ms HE    3 dec  from node 1  (seq 51)
2026-09-28T12:01:27.127566491Z     ·     apply  34       208.1 ms HE    3 dec  from node 1  (seq 52)
2026-09-28T12:01:27.199212715Z     ·     vote   35    YES to node 1          (seq 53)
2026-09-28T12:01:27.411687712Z     ·     apply  35       209.4 ms HE    3 dec  from node 1  (seq 53)
2026-09-28T12:01:27.834461765Z     ·     apply  36       209.1 ms HE    3 dec  from node 1  (seq 54)
2026-09-28T12:01:27.907247534Z     ·     vote   39    YES to node 1          (seq 55)
2026-09-28T12:01:28.119195979Z     ·     apply  39       209.0 ms HE    3 dec  from node 1  (seq 55)
2026-09-28T12:01:28.329953355Z c4  s15  local  61       208.7 ms HE    3 dec  0 frames
2026-09-28T12:01:28.542245664Z     ·     apply  30       209.1 ms HE    3 dec  from node 1  (seq 56)
2026-09-28T12:01:28.614493276Z c4  s17  local  71        69.7 ms HE    1 dec  0 frames
2026-09-28T12:01:28.684606468Z c4  s18  local  72        69.8 ms HE    1 dec  0 frames
2026-09-28T12:01:28.753895967Z c4  s19  local  81        69.4 ms HE    1 dec  0 frames
2026-09-28T12:01:28.824205153Z c4  s20  local  82        69.7 ms HE    1 dec  0 frames
2026-09-28T12:01:28.894428097Z c4  s21  local  73        69.9 ms HE    1 dec  0 frames
2026-09-28T12:01:28.964758293Z c4  s22  local  74        69.9 ms HE    1 dec  0 frames
2026-09-28T12:01:29.175454340Z c4  s23  local  65       210.5 ms HE    3 dec  0 frames
2026-09-28T12:01:29.385095683Z c4  s24  local  66       209.5 ms HE    3 dec  0 frames
2026-09-28T12:01:29.388376950Z     ·     vote   31    YES to node 1          (seq 57)
2026-09-28T12:01:30.885587354Z     ·     vote   31    YES to node 1          (seq 57)
2026-09-28T12:01:31.097887467Z     ·     apply  31       209.3 ms HE    3 dec  from node 1  (seq 57)
2026-09-28T12:01:31.379314601Z     ·     apply  32       208.6 ms HE    3 dec  from node 1  (seq 58)
2026-09-28T12:01:31.591831817Z     ·     vote   35    YES to node 1          (seq 59)
2026-09-28T12:01:31.806602510Z     ·     apply  35       209.3 ms HE    3 dec  from node 1  (seq 59)
2026-09-28T12:01:32.086450490Z     ·     apply  36       208.8 ms HE    3 dec  from node 1  (seq 60)
2026-09-28T12:01:32.298279278Z c4  s35  local  61       209.0 ms HE    3 dec  0 frames
2026-09-28T12:01:32.603903270Z     ·     vote   33    YES to node 1          (seq 61)
2026-09-28T12:01:32.816547447Z     ·     apply  33       209.2 ms HE    3 dec  from node 1  (seq 61)
2026-09-28T12:01:33.635545772Z     ·     apply  34       208.6 ms HE    3 dec  from node 1  (seq 62)
2026-09-28T12:01:33.847412678Z     ·     vote   37    YES to node 1          (seq 63)
2026-09-28T12:01:34.059472076Z     ·     apply  37       208.9 ms HE    3 dec  from node 1  (seq 63)
2026-09-28T12:01:35.842023987Z     ·     apply  38       209.8 ms HE    3 dec  from node 1  (seq 64)
2026-09-28T12:01:36.053700402Z c4  s42  local  63       209.0 ms HE    3 dec  0 frames
2026-09-28T12:01:36.262385588Z c4  s43  local  64       209.1 ms HE    3 dec  0 frames
2026-09-28T12:01:36.262429309Z -- cycle 4/5 done at 61940.4 ms --
2026-09-28T12:01:36.262435212Z 
2026-09-28T12:01:36.262438814Z -- cycle 5/5 --
2026-09-28T12:01:36.264919899Z     ·     vote   31    YES to node 1          (seq 65)
2026-09-28T12:01:36.479252983Z     ·     apply  31       208.8 ms HE    3 dec  from node 1  (seq 65)
2026-09-28T12:01:36.759907748Z     ·     apply  32       209.1 ms HE    3 dec  from node 1  (seq 66)
2026-09-28T12:01:37.041248041Z     ·     vote   33    YES to node 1          (seq 67)
2026-09-28T12:01:39.035260654Z     ·     apply  33       209.7 ms HE    3 dec  from node 1  (seq 67)
2026-09-28T12:01:39.251806995Z     ·     apply  34       208.8 ms HE    3 dec  from node 1  (seq 68)
2026-09-28T12:01:39.321439358Z     ·     vote   35    YES to node 1          (seq 69)
2026-09-28T12:01:39.535111626Z     ·     apply  35       209.0 ms HE    3 dec  from node 1  (seq 69)
2026-09-28T12:01:51.031487383Z     ·     apply  36       208.6 ms HE    3 dec  from node 1  (seq 70)
2026-09-28T12:01:51.101567760Z     ·     vote   39    YES to node 1          (seq 71)
2026-09-28T12:01:40.239575828Z     ·     apply  39       208.2 ms HE    3 dec  from node 1  (seq 71)
2026-09-28T12:01:40.451096168Z c5  s15  local  61       209.2 ms HE    3 dec  0 frames
2026-09-28T12:01:40.663120750Z     ·     apply  30       209.2 ms HE    3 dec  from node 1  (seq 72)
2026-09-28T12:01:40.735458504Z c5  s17  local  71        69.6 ms HE    1 dec  0 frames
2026-09-28T12:01:40.805565093Z c5  s18  local  72        69.9 ms HE    1 dec  0 frames
2026-09-28T12:01:40.875630463Z c5  s19  local  81        69.7 ms HE    1 dec  0 frames
2026-09-28T12:01:40.945880120Z c5  s20  local  82        69.9 ms HE    1 dec  0 frames
2026-09-28T12:01:41.015625937Z c5  s21  local  73        69.6 ms HE    1 dec  0 frames
2026-09-28T12:01:41.085556041Z c5  s22  local  74        69.7 ms HE    1 dec  0 frames
2026-09-28T12:01:41.294528765Z c5  s23  local  65       209.0 ms HE    3 dec  0 frames
2026-09-28T12:01:41.504025439Z c5  s24  local  66       208.9 ms HE    3 dec  0 frames
2026-09-28T12:01:42.449598426Z     ·     vote   31    YES to node 1          (seq 73)
2026-09-28T12:01:42.661199905Z     ·     apply  31       208.8 ms HE    3 dec  from node 1  (seq 73)
2026-09-28T12:01:42.943050942Z     ·     apply  32       209.2 ms HE    3 dec  from node 1  (seq 74)
2026-09-28T12:01:43.155984257Z     ·     vote   35    YES to node 1          (seq 75)
2026-09-28T12:01:43.369858322Z     ·     apply  35       208.7 ms HE    3 dec  from node 1  (seq 75)
2026-09-28T12:01:43.649904396Z     ·     apply  36       209.2 ms HE    3 dec  from node 1  (seq 76)
2026-09-28T12:01:43.861297776Z c5  s35  local  61       209.2 ms HE    3 dec  0 frames
2026-09-28T12:01:43.864036084Z     ·     vote   33    YES to node 1          (seq 77)
2026-09-28T12:01:44.078697125Z     ·     apply  33       209.3 ms HE    3 dec  from node 1  (seq 77)
2026-09-28T12:01:44.359527474Z     ·     apply  34       209.7 ms HE    3 dec  from node 1  (seq 78)
2026-09-28T12:01:44.572180655Z     ·     vote   37    YES to node 1          (seq 79)
2026-09-28T12:01:44.785065147Z     ·     apply  37       209.6 ms HE    3 dec  from node 1  (seq 79)
2026-09-28T12:01:45.070438805Z     ·     apply  38       208.6 ms HE    3 dec  from node 1  (seq 80)
2026-09-28T12:01:45.282444577Z c5  s42  local  63       208.7 ms HE    3 dec  0 frames
2026-09-28T12:01:45.492341842Z c5  s43  local  64       209.7 ms HE    3 dec  0 frames
2026-09-28T12:01:45.492462400Z -- cycle 5/5 done at 71165.3 ms --
2026-09-28T12:01:45.492479008Z 
2026-09-28T12:01:45.492486211Z ============================================================
2026-09-28T12:01:45.492493314Z   SUMMARY — node 2/2 — LOCAL MODULAR — UDP/IP multicast (RFC 1112)
2026-09-28T12:01:45.492501819Z ============================================================
2026-09-28T12:01:45.492508822Z   events this node FIRED:
2026-09-28T12:01:45.492515525Z   local (no network)     n=60   avg   145.01 ms  (HE  144.86 + net    0.00)  min   69.21  max   346.29  100.0%
2026-09-28T12:01:45.492522729Z   shared controllable          (none on this node)
2026-09-28T12:01:45.492529332Z   shared uncontroll.           (none on this node)
2026-09-28T12:01:45.492537836Z   events this node APPLIED for a peer (participant side):
2026-09-28T12:01:45.492544939Z   shared, applied        n=80   avg   233.11 ms  (HE  233.11 + net    0.00)  min  207.64  max   559.79
2026-09-28T12:01:45.492551842Z   run clock, end of cycles 1..5 (ms): 16651.7 35438.7 48291.6 61940.4 71165.3
2026-09-28T12:01:45.492558546Z      a cycle is over at the LATEST node's value; DES_WORK_MS 0 included
2026-09-28T12:01:45.492565649Z   ----------------------------------------------------------
2026-09-28T12:01:45.492572252Z   all events            n=60   avg   145.01 ms  (HE  144.86 + net    0.00)
2026-09-28T12:01:45.492578955Z   PEER-WAIT + WIRE      0.0 % of total step time
2026-09-28T12:01:45.492585459Z      (compare against the round-trip probe above: the excess is
2026-09-28T12:01:45.492591862Z       the peer's own HE work, not the link.)
2026-09-28T12:01:45.492598165Z   frames: tx=366 rx=161 retransmits=0
2026-09-28T12:01:45.492604568Z   authentication: HMAC-SHA256/128, 4.1 us per frame; 0 rejected (bad tag), 0 stale/replayed dropped, 2 epoch challenges
2026-09-28T12:01:45.492659294Z   rx queue: peak 1/64 frames
2026-09-28T12:01:45.492667998Z   plant check: 0 event reports rejected as physically impossible
2026-09-28T12:01:45.492674801Z      (these supervisors carry the plant: an impossible uncontrollable event is caught)
2026-09-28T12:01:45.492681504Z   injected frame loss: 10 %
2026-09-28T12:01:45.492688007Z   ----------------------------------------------------------
2026-09-28T12:01:45.492694711Z   homomorphic vs cleartext oracle : PASS — every encrypted bit matched
2026-09-28T12:01:45.492701314Z      (PASS certifies the cryptography: each node's encrypted bits
2026-09-28T12:01:45.492708117Z       match its own clear model for the events it applied. It does
2026-09-28T12:01:45.492714620Z       not certify the distributed run — read the skips for that.)
2026-09-28T12:01:45.492721824Z   distributed vs MONOLITHIC sup.  : off — this header has no monolithic supervisor
2026-09-28T12:01:45.492728927Z   safe halt                       : no — ran to completion
2026-09-28T12:01:45.492735730Z ============================================================
2026-09-28T12:01:55.497745493Z @@RESULT {"node":2,"nodes":2,"family":"LOCAL MODULAR","data":"supervisor_data_fms.h","transport":"UDP/IP multicast (RFC 1112)","fingerprint":"edbd7971","supervisors":["S4","S5","S6"],"fired":{"local":60,"ctrl":0,"unctrl":0},"applied_for_peers":80,"skips":0,"impossible":0,"tx":366,"rx":161,"retx":0,"auth_bad":0,"replays":0,"challenges":2,"mac_us":4.09,"rxq_peak":1,"rxq_drops":0,"sync_wait_ms":0.0,"oracle":"PASS","safe_halt":false,"halt_reason":"","cycle_end_ms":[16651.7,35438.7,48291.6,61940.4,71165.3],"rounds":5,"work_ms":0,"emu_scalarmul_ms":69.0,"loss_pct":10,"loss_seed":1415536320,"exit":0}
