2026-09-28T00:19:14.931813830Z des_container: node 4 of 7, LOCAL MODULAR, data supervisor_data_fms.h, transport UDP/IP multicast (RFC 1112)
2026-09-28T00:19:14.931851334Z des_container: EMULATING the ESP32 — every decryption takes at least 69.0 ms (DES_EMU_SCALARMUL_MS)
2026-09-28T00:19:14.931854835Z 
2026-09-28T00:19:14.931856135Z ============================================================
2026-09-28T00:19:14.931857535Z   Distributed Homomorphic DES — generic engine
2026-09-28T00:19:14.931858735Z   node 4/7   family LOCAL MODULAR   7 supervisors   31 events
2026-09-28T00:19:14.931860135Z   data: supervisor_data_fms.h
2026-09-28T00:19:14.931861336Z ============================================================
2026-09-28T00:19:14.932533320Z --- event routing (DERIVED from the header, not hardcoded) ---
2026-09-28T00:19:14.932540421Z   event  ctrl  nodes      owner  class
2026-09-28T00:19:14.932542221Z   11     yes   1          1      local — no network
2026-09-28T00:19:14.932543821Z   12     no    1          1      local — no network
2026-09-28T00:19:14.932545122Z   21     yes   2          2      local — no network
2026-09-28T00:19:14.932546322Z   22     no    2          2      local — no network
2026-09-28T00:19:14.932547622Z   30     no    1 2 3 4 5 6 7  1      SHARED — needs network
2026-09-28T00:19:14.932548922Z   31     yes   1 2 3 4 5 6 7  1      SHARED — needs network
2026-09-28T00:19:14.932550222Z   32     no    1 2 3 4 5 6 7  1      SHARED — needs network
2026-09-28T00:19:14.932551422Z   33     yes   1 2 3 4 5 6 7  1      SHARED — needs network
2026-09-28T00:19:14.932552622Z   34     no    1 2 3 4 5 6 7  1      SHARED — needs network
2026-09-28T00:19:14.932553923Z   35     yes   1 2 3 4 5 6 7  1      SHARED — needs network
2026-09-28T00:19:14.932555123Z   36     no    1 2 3 4 5 6 7  1      SHARED — needs network
2026-09-28T00:19:14.932556323Z   37     yes   1 2 3 4 5 6 7  1      SHARED — needs network
2026-09-28T00:19:14.932557623Z   38     no    1 2 3 4 5 6 7  1      SHARED — needs network
2026-09-28T00:19:14.932558923Z   39     yes   1 2 3 4 5 6 7  1      SHARED — needs network
2026-09-28T00:19:14.932560423Z   41     yes   3          3      local — no network
2026-09-28T00:19:14.932561824Z   42     no    3          3      local — no network
2026-09-28T00:19:14.932563024Z   51     yes   4          4      local — no network
2026-09-28T00:19:14.932564324Z   52     no    4          4      local — no network
2026-09-28T00:19:14.932565524Z   53     yes   4          4      local — no network
2026-09-28T00:19:14.932566724Z   54     no    4          4      local — no network
2026-09-28T00:19:14.932568024Z   61     yes   5 6 7      5      SHARED — needs network
2026-09-28T00:19:14.932569225Z   63     yes   5 6 7      5      SHARED — needs network
2026-09-28T00:19:14.932570525Z   64     no    5 6 7      5      SHARED — needs network
2026-09-28T00:19:14.932578526Z   65     yes   5 6 7      5      SHARED — needs network
2026-09-28T00:19:14.932580026Z   66     no    5 6 7      5      SHARED — needs network
2026-09-28T00:19:14.932581326Z   71     yes   7          7      local — no network
2026-09-28T00:19:14.932582526Z   72     no    7          7      local — no network
2026-09-28T00:19:14.932583726Z   73     yes   7          7      local — no network
2026-09-28T00:19:14.932585027Z   74     no    7          7      local — no network
2026-09-28T00:19:14.932586327Z   81     yes   7          7      local — no network
2026-09-28T00:19:14.932587527Z   82     no    7          7      local — no network
2026-09-28T00:19:14.932588827Z   => 15/31 events shared; 16/31 need ZERO network traffic; 14 concern this node
2026-09-28T00:19:14.932590427Z   NOTE controllability was INFERRED from event labels (the header
2026-09-28T00:19:14.932592127Z        does not carry it). Check the 'ctrl' column above; if it is
2026-09-28T00:19:14.932593428Z        wrong, set DES_CONTROLLABLE_MASK explicitly.
2026-09-28T00:19:14.932594728Z 
2026-09-28T00:19:14.932596028Z [init] config fingerprint 04511541 — every node must print the same
2026-09-28T00:19:14.932597328Z 
2026-09-28T00:19:14.932680238Z [net] UDP multicast 239.192.7.1:5077  ttl=1  frame=44 B
2026-09-28T00:19:14.932685939Z --- crypto self-test ---
2026-09-28T00:19:14.935192354Z   Enc(0)->0 Enc(1)->1                PASS
2026-09-28T00:19:14.936232785Z   Enc(1)+Enc(1)->1 homomorphic OR   PASS
2026-09-28T00:19:14.937270915Z   Enc(0)+Enc(0)->0                  PASS
2026-09-28T00:19:14.937324922Z   curve secp192r1, ciphertext 50 B    PASS
2026-09-28T00:19:14.937341724Z   frame tag HMAC-SHA256/128: 1.9 us, 1-bit tamper caught  PASS
2026-09-28T00:19:14.937346124Z 
2026-09-28T00:19:14.937348525Z --- encrypting my supervisors' initial states ---
2026-09-28T00:19:14.937351125Z [load] S3         idx 3   21 states  14 constraining ev    1050 B ciphertext
2026-09-28T00:19:15.924171050Z [init] my keypair is mine alone; no ciphertext ever leaves this node
2026-09-28T00:19:15.924229857Z [init] my enablement: 11=1 12=1 21=1 22=1 30=0 31=1 32=0 33=1 34=0 35=1 36=0 37=0 38=0 39=0 41=1 42=1 51=0 52=0 53=0 54=0 61=1 63=1 64=1 65=1 66=1 71=1 72=1 73=1 74=1 81=1 82=1
2026-09-28T00:19:15.924234058Z 
2026-09-28T00:19:17.530714405Z [net] waiting for 6 peer(s)........ all present.
2026-09-28T00:19:19.034060295Z 
2026-09-28T00:19:19.034112501Z ============================================================
2026-09-28T00:19:19.034122503Z   RUN — SIM_SEQ driver — 5 cycles x 44 steps — LOCAL MODULAR
2026-09-28T00:19:19.034130304Z   columns: cN sNN = cycle/step of MY walk; · = a peer caused this
2026-09-28T00:19:19.034171309Z   'done at': run clock, common to all nodes; a cycle is over at the
2026-09-28T00:19:19.034178510Z   LATEST node's print, machine time (DES_WORK_MS 0) included
2026-09-28T00:19:19.034185211Z ============================================================
2026-09-28T00:19:19.034191111Z 
2026-09-28T00:19:19.034196612Z -- cycle 1/5 --
2026-09-28T00:19:19.800606958Z     ·     vote   31    YES to node 1          (seq 1)
2026-09-28T00:19:19.878682062Z     ·     apply  31        72.7 ms HE    1 dec  from node 1  (seq 1)
2026-09-28T00:19:20.250441248Z     ·     apply  32       282.0 ms HE    4 dec  from node 1  (seq 2)
2026-09-28T00:19:20.256806247Z     ·     vote   33    YES to node 1          (seq 3)
2026-09-28T00:19:20.331410216Z     ·     apply  33        69.9 ms HE    1 dec  from node 1  (seq 3)
2026-09-28T00:19:20.492517248Z     ·     apply  34        69.9 ms HE    1 dec  from node 1  (seq 4)
2026-09-28T00:19:20.654442982Z     ·     vote   35    YES to node 1          (seq 5)
2026-09-28T00:19:20.726756663Z     ·     apply  35        69.7 ms HE    1 dec  from node 1  (seq 5)
2026-09-28T00:19:20.799307874Z c1  s11  local  53        69.8 ms HE    1 dec  0 frames
2026-09-28T00:19:20.869522092Z c1  s12  local  54        70.2 ms HE    1 dec  0 frames
2026-09-28T00:19:20.944841150Z     ·     apply  36        69.8 ms HE    1 dec  from node 1  (seq 6)
2026-09-28T00:19:21.110982414Z     ·     vote   39    YES to node 1          (seq 7)
2026-09-28T00:19:32.866027640Z     ·     apply  39        69.7 ms HE    1 dec  from node 1  (seq 7)
2026-09-28T00:19:21.480439396Z     ·     apply  30        69.3 ms HE    1 dec  from node 1  (seq 8)
2026-09-28T00:19:22.203431889Z     ·     vote   31    YES to node 1          (seq 9)
2026-09-28T00:19:22.278453411Z     ·     apply  31        70.3 ms HE    1 dec  from node 1  (seq 9)
2026-09-28T00:19:22.354450754Z     ·     apply  32        70.0 ms HE    1 dec  from node 1  (seq 10)
2026-09-28T00:19:22.500558502Z     ·     vote   35    YES to node 1          (seq 11)
2026-09-28T00:19:22.576185200Z     ·     apply  35        70.0 ms HE    1 dec  from node 1  (seq 11)
2026-09-28T00:19:22.652086831Z     ·     apply  36        70.1 ms HE    1 dec  from node 1  (seq 12)
2026-09-28T00:19:22.947573339Z     ·     vote   33    YES to node 1          (seq 13)
2026-09-28T00:19:23.019176730Z     ·     apply  33        69.3 ms HE    1 dec  from node 1  (seq 13)
2026-09-28T00:19:23.094345070Z     ·     apply  34        69.9 ms HE    1 dec  from node 1  (seq 14)
2026-09-28T00:19:23.166371115Z c1  s38  local  51        69.5 ms HE    1 dec  0 frames
2026-09-28T00:19:23.236321299Z c1  s39  local  52        69.9 ms HE    1 dec  0 frames
2026-09-28T00:19:23.239107949Z     ·     vote   37    YES to node 1          (seq 15)
2026-09-28T00:19:23.315030184Z     ·     apply  37        70.7 ms HE    1 dec  from node 1  (seq 15)
2026-09-28T00:19:23.390752493Z     ·     apply  38        69.9 ms HE    1 dec  from node 1  (seq 16)
2026-09-28T00:19:23.396830656Z -- cycle 1/5 done at 3831.4 ms --
2026-09-28T00:19:23.396871061Z 
2026-09-28T00:19:23.396886663Z -- cycle 2/5 --
2026-09-28T00:19:23.552937460Z     ·     vote   31    YES to node 1          (seq 17)
2026-09-28T00:19:23.626281871Z     ·     apply  31        70.0 ms HE    1 dec  from node 1  (seq 17)
2026-09-28T00:19:23.704908945Z     ·     apply  32        70.4 ms HE    1 dec  from node 1  (seq 18)
2026-09-28T00:19:23.850572037Z     ·     vote   33    YES to node 1          (seq 19)
2026-09-28T00:19:23.925814786Z     ·     apply  33        70.1 ms HE    1 dec  from node 1  (seq 19)
2026-09-28T00:19:24.001773625Z     ·     apply  34        69.9 ms HE    1 dec  from node 1  (seq 20)
2026-09-28T00:19:24.006691642Z     ·     vote   35    YES to node 1          (seq 21)
2026-09-28T00:19:24.082810501Z     ·     apply  35        70.1 ms HE    1 dec  from node 1  (seq 21)
2026-09-28T00:19:24.154751636Z c2  s11  local  53        69.6 ms HE    1 dec  0 frames
2026-09-28T00:19:24.223908420Z c2  s12  local  54        69.5 ms HE    1 dec  0 frames
2026-09-28T00:19:24.297263132Z     ·     apply  36        69.8 ms HE    1 dec  from node 1  (seq 22)
2026-09-28T00:19:24.305172526Z     ·     vote   39    YES to node 1          (seq 23)
2026-09-28T00:19:24.377381694Z     ·     apply  39        69.7 ms HE    1 dec  from node 1  (seq 23)
2026-09-28T00:19:24.539872299Z     ·     apply  30        69.7 ms HE    1 dec  from node 1  (seq 24)
2026-09-28T00:19:25.119678311Z     ·     vote   31    YES to node 1          (seq 25)
2026-09-28T00:19:25.191794067Z     ·     apply  31        69.6 ms HE    1 dec  from node 1  (seq 25)
2026-09-28T00:19:25.268208764Z     ·     apply  32        69.7 ms HE    1 dec  from node 1  (seq 26)
2026-09-28T00:19:25.415695185Z     ·     vote   35    YES to node 1          (seq 27)
2026-09-28T00:19:25.490379764Z     ·     apply  35        69.8 ms HE    1 dec  from node 1  (seq 27)
2026-09-28T00:19:25.568887223Z     ·     apply  36        69.7 ms HE    1 dec  from node 1  (seq 28)
2026-09-28T00:19:25.653381933Z     ·     vote   33    YES to node 1          (seq 29)
2026-09-28T00:19:25.726813955Z     ·     apply  33        69.8 ms HE    1 dec  from node 1  (seq 29)
2026-09-28T00:19:25.804453305Z     ·     apply  34        69.9 ms HE    1 dec  from node 1  (seq 30)
2026-09-28T00:19:25.877242046Z c2  s38  local  51        70.2 ms HE    1 dec  0 frames
2026-09-28T00:19:25.947411958Z c2  s39  local  52        69.8 ms HE    1 dec  0 frames
2026-09-28T00:19:25.950593457Z     ·     vote   37    YES to node 1          (seq 31)
2026-09-28T00:19:26.025040206Z     ·     apply  37        69.9 ms HE    1 dec  from node 1  (seq 31)
2026-09-28T00:19:26.102112785Z     ·     apply  38        70.0 ms HE    1 dec  from node 1  (seq 32)
2026-09-28T00:19:26.104832427Z -- cycle 2/5 done at 6542.8 ms --
2026-09-28T00:19:26.104919738Z 
2026-09-28T00:19:26.104941440Z -- cycle 3/5 --
2026-09-28T00:19:37.948323788Z     ·     vote   31    YES to node 1          (seq 33)
2026-09-28T00:19:38.021403765Z     ·     apply  31        69.9 ms HE    1 dec  from node 1  (seq 33)
2026-09-28T00:19:26.419449874Z     ·     apply  32        69.4 ms HE    1 dec  from node 1  (seq 34)
2026-09-28T00:19:26.564738420Z     ·     vote   33    YES to node 1          (seq 35)
2026-09-28T00:19:26.639847652Z     ·     apply  33        69.7 ms HE    1 dec  from node 1  (seq 35)
2026-09-28T00:19:26.715467948Z     ·     apply  34        69.9 ms HE    1 dec  from node 1  (seq 36)
2026-09-28T00:19:26.723467853Z     ·     vote   35    YES to node 1          (seq 37)
2026-09-28T00:19:26.796428515Z     ·     apply  35        69.6 ms HE    1 dec  from node 1  (seq 37)
2026-09-28T00:19:26.868810805Z c3  s11  local  53        69.6 ms HE    1 dec  0 frames
2026-09-28T00:19:26.938235423Z c3  s12  local  54        69.6 ms HE    1 dec  0 frames
2026-09-28T00:19:27.011810363Z     ·     apply  36        69.7 ms HE    1 dec  from node 1  (seq 38)
2026-09-28T00:19:27.018953660Z     ·     vote   39    YES to node 1          (seq 39)
2026-09-28T00:19:27.094251316Z     ·     apply  39        69.7 ms HE    1 dec  from node 1  (seq 39)
2026-09-28T00:19:27.249460307Z     ·     apply  30        69.8 ms HE    1 dec  from node 1  (seq 40)
2026-09-28T00:19:27.824757353Z     ·     vote   31    YES to node 1          (seq 41)
2026-09-28T00:19:27.897777823Z     ·     apply  31        69.8 ms HE    1 dec  from node 1  (seq 41)
2026-09-28T00:19:27.976626324Z     ·     apply  32        70.2 ms HE    1 dec  from node 1  (seq 42)
2026-09-28T00:19:28.123886017Z     ·     vote   35    YES to node 1          (seq 43)
2026-09-28T00:19:28.197645080Z     ·     apply  35        69.7 ms HE    1 dec  from node 1  (seq 43)
2026-09-28T00:19:28.273869352Z     ·     apply  36        70.0 ms HE    1 dec  from node 1  (seq 44)
2026-09-28T00:19:28.361886005Z     ·     vote   33    YES to node 1          (seq 45)
2026-09-28T00:19:28.434262294Z     ·     apply  33        69.8 ms HE    1 dec  from node 1  (seq 45)
2026-09-28T00:19:28.509797780Z     ·     apply  34        70.0 ms HE    1 dec  from node 1  (seq 46)
2026-09-28T00:19:28.582235677Z c3  s38  local  51        70.0 ms HE    1 dec  0 frames
2026-09-28T00:19:28.652787637Z c3  s39  local  52        70.0 ms HE    1 dec  0 frames
2026-09-28T00:19:28.656391389Z     ·     vote   37    YES to node 1          (seq 47)
2026-09-28T00:19:28.731299496Z     ·     apply  37        69.9 ms HE    1 dec  from node 1  (seq 47)
2026-09-28T00:19:28.807962323Z     ·     apply  38        69.9 ms HE    1 dec  from node 1  (seq 48)
2026-09-28T00:19:28.809351698Z -- cycle 3/5 done at 9241.9 ms --
2026-09-28T00:19:28.809399104Z 
2026-09-28T00:19:28.809415306Z -- cycle 4/5 --
2026-09-28T00:19:28.968982644Z     ·     vote   31    YES to node 1          (seq 49)
2026-09-28T00:19:29.042541482Z     ·     apply  31        70.2 ms HE    1 dec  from node 1  (seq 49)
2026-09-28T00:19:29.117753627Z     ·     apply  32        69.6 ms HE    1 dec  from node 1  (seq 50)
2026-09-28T00:19:29.265562989Z     ·     vote   33    YES to node 1          (seq 51)
2026-09-28T00:19:29.338449342Z     ·     apply  33        69.8 ms HE    1 dec  from node 1  (seq 51)
2026-09-28T00:19:29.414181952Z     ·     apply  34        70.0 ms HE    1 dec  from node 1  (seq 52)
2026-09-28T00:19:29.419730349Z     ·     vote   35    YES to node 1          (seq 53)
2026-09-28T00:19:29.495253333Z     ·     apply  35        69.8 ms HE    1 dec  from node 1  (seq 53)
2026-09-28T00:19:29.567459701Z c4  s11  local  53        69.7 ms HE    1 dec  0 frames
2026-09-28T00:19:29.637281669Z c4  s12  local  54        69.7 ms HE    1 dec  0 frames
2026-09-28T00:19:29.710344844Z     ·     apply  36        69.7 ms HE    1 dec  from node 1  (seq 54)
2026-09-28T00:19:29.718311145Z     ·     vote   39    YES to node 1          (seq 55)
2026-09-28T00:19:29.793135641Z     ·     apply  39        69.8 ms HE    1 dec  from node 1  (seq 55)
2026-09-28T00:19:29.952730383Z     ·     apply  30        69.9 ms HE    1 dec  from node 1  (seq 56)
2026-09-28T00:19:30.536699318Z     ·     vote   31    YES to node 1          (seq 57)
2026-09-28T00:19:30.609560968Z     ·     apply  31        69.8 ms HE    1 dec  from node 1  (seq 57)
2026-09-28T00:19:30.688798618Z     ·     apply  32        70.2 ms HE    1 dec  from node 1  (seq 58)
2026-09-28T00:19:30.836159724Z     ·     vote   35    YES to node 1          (seq 59)
2026-09-28T00:19:30.911392272Z     ·     apply  35        69.9 ms HE    1 dec  from node 1  (seq 59)
2026-09-28T00:19:30.987802867Z     ·     apply  36        70.0 ms HE    1 dec  from node 1  (seq 60)
2026-09-28T00:19:31.074757987Z     ·     vote   33    YES to node 1          (seq 61)
2026-09-28T00:19:42.829308914Z     ·     apply  33        69.6 ms HE    1 dec  from node 1  (seq 61)
2026-09-28T00:19:42.902556813Z     ·     apply  34        69.7 ms HE    1 dec  from node 1  (seq 62)
2026-09-28T00:19:42.975184933Z c4  s38  local  51        69.7 ms HE    1 dec  0 frames
2026-09-28T00:19:43.045397751Z c4  s39  local  52        70.0 ms HE    1 dec  0 frames
2026-09-28T00:19:43.049026206Z     ·     vote   37    YES to node 1          (seq 63)
2026-09-28T00:19:31.446374916Z     ·     apply  37        69.7 ms HE    1 dec  from node 1  (seq 63)
2026-09-28T00:19:31.523587212Z     ·     apply  38        69.4 ms HE    1 dec  from node 1  (seq 64)
2026-09-28T00:19:31.525759485Z -- cycle 4/5 done at 11958.1 ms --
2026-09-28T00:19:31.525780788Z 
2026-09-28T00:19:31.525785488Z -- cycle 5/5 --
2026-09-28T00:19:31.683161752Z     ·     vote   31    YES to node 1          (seq 65)
2026-09-28T00:19:31.758532117Z     ·     apply  31        69.8 ms HE    1 dec  from node 1  (seq 65)
2026-09-28T00:19:31.836960065Z     ·     apply  32        69.9 ms HE    1 dec  from node 1  (seq 66)
2026-09-28T00:19:31.983270339Z     ·     vote   33    YES to node 1          (seq 67)
2026-09-28T00:19:32.056208099Z     ·     apply  33        70.2 ms HE    1 dec  from node 1  (seq 67)
2026-09-28T00:19:32.132285852Z     ·     apply  34        69.8 ms HE    1 dec  from node 1  (seq 68)
2026-09-28T00:19:32.138111084Z     ·     vote   35    YES to node 1          (seq 69)
2026-09-28T00:19:32.210346255Z     ·     apply  35        69.6 ms HE    1 dec  from node 1  (seq 69)
2026-09-28T00:19:32.282870363Z c5  s11  local  53        69.8 ms HE    1 dec  0 frames
2026-09-28T00:19:32.352527810Z c5  s12  local  54        69.6 ms HE    1 dec  0 frames
2026-09-28T00:19:32.425498274Z     ·     apply  36        69.6 ms HE    1 dec  from node 1  (seq 70)
2026-09-28T00:19:32.433758311Z     ·     vote   39    YES to node 1          (seq 71)
2026-09-28T00:19:32.506542652Z     ·     apply  39        69.8 ms HE    1 dec  from node 1  (seq 71)
2026-09-28T00:19:32.664325266Z     ·     apply  30        69.8 ms HE    1 dec  from node 1  (seq 72)
2026-09-28T00:19:33.248937881Z     ·     vote   31    YES to node 1          (seq 73)
2026-09-28T00:19:33.321939549Z     ·     apply  31        70.2 ms HE    1 dec  from node 1  (seq 73)
2026-09-28T00:19:33.397511039Z     ·     apply  32        69.9 ms HE    1 dec  from node 1  (seq 74)
2026-09-28T00:19:33.545944379Z     ·     vote   35    YES to node 1          (seq 75)
2026-09-28T00:19:33.619434308Z     ·     apply  35        70.2 ms HE    1 dec  from node 1  (seq 75)
2026-09-28T00:19:33.696175645Z     ·     apply  36        69.4 ms HE    1 dec  from node 1  (seq 76)
2026-09-28T00:19:33.779656329Z     ·     vote   33    YES to node 1          (seq 77)
2026-09-28T00:19:33.853049846Z     ·     apply  33        69.7 ms HE    1 dec  from node 1  (seq 77)
2026-09-28T00:19:33.930298647Z     ·     apply  34        70.0 ms HE    1 dec  from node 1  (seq 78)
2026-09-28T00:19:34.003677661Z c5  s38  local  51        70.1 ms HE    1 dec  0 frames
2026-09-28T00:19:34.073531934Z c5  s39  local  52        69.6 ms HE    1 dec  0 frames
2026-09-28T00:19:34.076706032Z     ·     vote   37    YES to node 1          (seq 79)
2026-09-28T00:19:34.152368234Z     ·     apply  37        70.0 ms HE    1 dec  from node 1  (seq 79)
2026-09-28T00:19:34.229799158Z     ·     apply  38        69.6 ms HE    1 dec  from node 1  (seq 80)
2026-09-28T00:19:34.232296371Z -- cycle 5/5 done at 14663.9 ms --
2026-09-28T00:19:34.232409986Z 
2026-09-28T00:19:34.232423787Z ============================================================
2026-09-28T00:19:34.232431488Z   SUMMARY — node 4/7 — LOCAL MODULAR — UDP/IP multicast (RFC 1112)
2026-09-28T00:19:34.232439789Z ============================================================
2026-09-28T00:19:34.232446490Z   events this node FIRED:
2026-09-28T00:19:34.232453391Z   local (no network)     n=20   avg    69.99 ms  (HE   69.80 + net    0.00)  min   69.70  max    70.45  100.0%
2026-09-28T00:19:34.232460592Z   shared controllable          (none on this node)
2026-09-28T00:19:34.232467293Z   shared uncontroll.           (none on this node)
2026-09-28T00:19:34.232473794Z   events this node APPLIED for a peer (participant side):
2026-09-28T00:19:34.232480394Z   shared, applied        n=80   avg    72.54 ms  (HE   72.54 + net    0.00)  min   69.31  max   282.05
2026-09-28T00:19:34.232487395Z   run clock, end of cycles 1..5 (ms): 3831.4 6542.8 9241.9 11958.1 14663.9
2026-09-28T00:19:34.232494296Z      a cycle is over at the LATEST node's value; DES_WORK_MS 0 included
2026-09-28T00:19:34.232500997Z   ----------------------------------------------------------
2026-09-28T00:19:34.232507498Z   all events            n=20   avg    69.99 ms  (HE   69.80 + net    0.00)
2026-09-28T00:19:34.232514199Z   PEER-WAIT + WIRE      0.0 % of total step time
2026-09-28T00:19:34.232521000Z      (compare against the round-trip probe above: the excess is
2026-09-28T00:19:34.232527800Z       the peer's own HE work, not the link.)
2026-09-28T00:19:34.232534301Z   frames: tx=253 rx=1600 retransmits=0
2026-09-28T00:19:34.232540902Z   authentication: HMAC-SHA256/128, 1.9 us per frame; 0 rejected (bad tag), 0 stale/replayed dropped, 6 epoch challenges
2026-09-28T00:19:34.232548003Z   rx queue: peak 10/64 frames
2026-09-28T00:19:34.232554404Z   plant check: 0 event reports rejected as physically impossible
2026-09-28T00:19:34.232561605Z      (these supervisors carry the plant: an impossible uncontrollable event is caught)
2026-09-28T00:19:34.232568406Z   ----------------------------------------------------------
2026-09-28T00:19:34.232575206Z   homomorphic vs cleartext oracle : PASS — every encrypted bit matched
2026-09-28T00:19:34.232582307Z      (PASS certifies the cryptography: each node's encrypted bits
2026-09-28T00:19:34.232588808Z       match its own clear model for the events it applied. It does
2026-09-28T00:19:34.232595509Z       not certify the distributed run — read the skips for that.)
2026-09-28T00:19:34.232602210Z   distributed vs MONOLITHIC sup.  : off — this header has no monolithic supervisor
2026-09-28T00:19:34.232609011Z   safe halt                       : no — ran to completion
2026-09-28T00:19:34.232615711Z ============================================================
2026-09-28T00:19:44.239930996Z @@RESULT {"node":4,"nodes":7,"family":"LOCAL MODULAR","data":"supervisor_data_fms.h","transport":"UDP/IP multicast (RFC 1112)","fingerprint":"04511541","supervisors":["S3"],"fired":{"local":20,"ctrl":0,"unctrl":0},"applied_for_peers":80,"skips":0,"impossible":0,"tx":253,"rx":1613,"retx":0,"auth_bad":0,"replays":0,"challenges":6,"mac_us":1.91,"rxq_peak":10,"rxq_drops":0,"sync_wait_ms":0.0,"oracle":"PASS","safe_halt":false,"halt_reason":"","cycle_end_ms":[3831.4,6542.8,9241.9,11958.1,14663.9],"rounds":5,"work_ms":0,"emu_scalarmul_ms":69.0,"exit":0}
