2026-09-28T03:47:08.877945831Z des_container: node 2 of 2, LOCAL MODULAR, data supervisor_data_fms.h, transport UDP/IP multicast (RFC 1112)
2026-09-28T03:47:08.877993637Z des_container: EMULATING the ESP32 — every decryption takes at least 69.0 ms (DES_EMU_SCALARMUL_MS)
2026-09-28T03:47:08.877999237Z 
2026-09-28T03:47:08.878001738Z ============================================================
2026-09-28T03:47:08.878003938Z   Distributed Homomorphic DES — generic engine
2026-09-28T03:47:08.878006138Z   node 2/2   family LOCAL MODULAR   7 supervisors   31 events
2026-09-28T03:47:08.878008238Z   data: supervisor_data_fms.h
2026-09-28T03:47:08.878010239Z ============================================================
2026-09-28T03:47:08.878724728Z --- event routing (DERIVED from the header, not hardcoded) ---
2026-09-28T03:47:08.878749031Z   event  ctrl  nodes      owner  class
2026-09-28T03:47:08.878750632Z   11     yes   1          1      local — no network
2026-09-28T03:47:08.878752132Z   12     no    1          1      local — no network
2026-09-28T03:47:08.878753932Z   21     yes   1          1      local — no network
2026-09-28T03:47:08.878755232Z   22     no    1          1      local — no network
2026-09-28T03:47:08.878756532Z   30     no    1 2        1      SHARED — needs network
2026-09-28T03:47:08.878757833Z   31     yes   1 2        1      SHARED — needs network
2026-09-28T03:47:08.878759133Z   32     no    1 2        1      SHARED — needs network
2026-09-28T03:47:08.878760333Z   33     yes   1 2        1      SHARED — needs network
2026-09-28T03:47:08.878761633Z   34     no    1 2        1      SHARED — needs network
2026-09-28T03:47:08.878762833Z   35     yes   1 2        1      SHARED — needs network
2026-09-28T03:47:08.878764133Z   36     no    1 2        1      SHARED — needs network
2026-09-28T03:47:08.878765334Z   37     yes   1 2        1      SHARED — needs network
2026-09-28T03:47:08.878766734Z   38     no    1 2        1      SHARED — needs network
2026-09-28T03:47:08.878768034Z   39     yes   1 2        1      SHARED — needs network
2026-09-28T03:47:08.878769334Z   41     yes   1          1      local — no network
2026-09-28T03:47:08.878770534Z   42     no    1          1      local — no network
2026-09-28T03:47:08.878771734Z   51     yes   1          1      local — no network
2026-09-28T03:47:08.878773034Z   52     no    1          1      local — no network
2026-09-28T03:47:08.878774235Z   53     yes   1          1      local — no network
2026-09-28T03:47:08.878775435Z   54     no    1          1      local — no network
2026-09-28T03:47:08.878776835Z   61     yes   2          2      local — no network
2026-09-28T03:47:08.878778335Z   63     yes   2          2      local — no network
2026-09-28T03:47:08.878779535Z   64     no    2          2      local — no network
2026-09-28T03:47:08.878788336Z   65     yes   2          2      local — no network
2026-09-28T03:47:08.878789837Z   66     no    2          2      local — no network
2026-09-28T03:47:08.878791137Z   71     yes   2          2      local — no network
2026-09-28T03:47:08.878792337Z   72     no    2          2      local — no network
2026-09-28T03:47:08.878793537Z   73     yes   2          2      local — no network
2026-09-28T03:47:08.878794937Z   74     no    2          2      local — no network
2026-09-28T03:47:08.878796137Z   81     yes   2          2      local — no network
2026-09-28T03:47:08.878797438Z   82     no    2          2      local — no network
2026-09-28T03:47:08.878798738Z   => 10/31 events shared; 21/31 need ZERO network traffic; 21 concern this node
2026-09-28T03:47:08.878800338Z   NOTE controllability was INFERRED from event labels (the header
2026-09-28T03:47:08.878801538Z        does not carry it). Check the 'ctrl' column above; if it is
2026-09-28T03:47:08.878803338Z        wrong, set DES_CONTROLLABLE_MASK explicitly.
2026-09-28T03:47:08.878804638Z 
2026-09-28T03:47:08.878805939Z [init] config fingerprint edbd7971 — every node must print the same
2026-09-28T03:47:08.878807339Z 
2026-09-28T03:47:08.878948557Z [net] UDP multicast 239.192.7.1:5077  ttl=1  frame=44 B
2026-09-28T03:47:08.878955257Z --- crypto self-test ---
2026-09-28T03:47:08.881841420Z   Enc(0)->0 Enc(1)->1                PASS
2026-09-28T03:47:08.882669224Z   Enc(1)+Enc(1)->1 homomorphic OR   PASS
2026-09-28T03:47:08.884104904Z   Enc(0)+Enc(0)->0                  PASS
2026-09-28T03:47:08.884152110Z   curve secp192r1, ciphertext 50 B    PASS
2026-09-28T03:47:08.884155910Z   frame tag HMAC-SHA256/128: 1.5 us, 1-bit tamper caught  PASS
2026-09-28T03:47:08.884158111Z 
2026-09-28T03:47:08.884160011Z --- encrypting my supervisors' initial states ---
2026-09-28T03:47:08.884162011Z [load] S4         idx 4   44 states  15 constraining ev    2200 B ciphertext
2026-09-28T03:47:08.884164011Z [load] S5         idx 5   44 states  15 constraining ev    2200 B ciphertext
2026-09-28T03:47:08.884166212Z [load] S6         idx 6  164 states  21 constraining ev    8200 B ciphertext
2026-09-28T03:47:12.839077830Z [init] my keypair is mine alone; no ciphertext ever leaves this node
2026-09-28T03:47:12.839110934Z [init] my enablement: 11=1 12=1 21=1 22=1 30=0 31=1 32=0 33=1 34=0 35=1 36=0 37=1 38=0 39=1 41=1 42=1 51=1 52=1 53=1 54=1 61=0 63=0 64=0 65=0 66=0 71=0 72=0 73=0 74=0 81=0 82=0
2026-09-28T03:47:12.839113335Z 
2026-09-28T03:47:13.040005663Z [net] waiting for 1 peer(s). all present.
2026-09-28T03:47:26.043297388Z 
2026-09-28T03:47:26.043486612Z ============================================================
2026-09-28T03:47:26.043574923Z   RUN — SIM_SEQ driver — 5 cycles x 44 steps — LOCAL MODULAR
2026-09-28T03:47:26.043595925Z   columns: cN sNN = cycle/step of MY walk; · = a peer caused this
2026-09-28T03:47:26.043606927Z   'done at': run clock, common to all nodes; a cycle is over at the
2026-09-28T03:47:26.043617128Z   LATEST node's print, machine time (DES_WORK_MS 0) included
2026-09-28T03:47:26.043626529Z ============================================================
2026-09-28T03:47:26.043636630Z 
2026-09-28T03:47:26.043646032Z -- cycle 1/5 --
2026-09-28T03:47:15.325000866Z     ·     vote   31    YES to node 1          (seq 1)
2026-09-28T03:47:15.690614080Z     ·     apply  31       363.6 ms HE    5 dec  from node 1  (seq 1)
2026-09-28T03:47:16.274018044Z     ·     apply  32       577.8 ms HE    8 dec  from node 1  (seq 2)
2026-09-28T03:47:16.398559584Z     ·     vote   33    YES to node 1          (seq 3)
2026-09-28T03:47:16.766058034Z     ·     apply  33       365.2 ms HE    5 dec  from node 1  (seq 3)
2026-09-28T03:47:17.350636045Z     ·     apply  34       578.4 ms HE    8 dec  from node 1  (seq 4)
2026-09-28T03:47:17.355831098Z     ·     vote   35    YES to node 1          (seq 5)
2026-09-28T03:47:17.725025461Z     ·     apply  35       364.2 ms HE    5 dec  from node 1  (seq 5)
2026-09-28T03:47:18.357536392Z     ·     apply  36       576.1 ms HE    8 dec  from node 1  (seq 6)
2026-09-28T03:47:18.362270286Z     ·     vote   39    YES to node 1          (seq 7)
2026-09-28T03:47:18.789888186Z     ·     apply  39       422.1 ms HE    6 dec  from node 1  (seq 7)
2026-09-28T03:47:19.071447545Z c1  s15  local  61       278.4 ms HE    4 dec  0 frames
2026-09-28T03:47:19.353833907Z     ·     apply  30       279.4 ms HE    4 dec  from node 1  (seq 8)
2026-09-28T03:47:30.918649765Z c1  s17  local  71        69.6 ms HE    1 dec  0 frames
2026-09-28T03:47:30.988228002Z c1  s18  local  72        69.5 ms HE    1 dec  0 frames
2026-09-28T03:47:31.058216292Z c1  s19  local  81        69.5 ms HE    1 dec  0 frames
2026-09-28T03:47:19.635520164Z c1  s20  local  82        69.4 ms HE    1 dec  0 frames
2026-09-28T03:47:19.704745457Z c1  s21  local  73        69.2 ms HE    1 dec  0 frames
2026-09-28T03:47:19.774619232Z c1  s22  local  74        69.6 ms HE    1 dec  0 frames
2026-09-28T03:47:20.054998442Z c1  s23  local  65       279.7 ms HE    4 dec  0 frames
2026-09-28T03:47:20.334571950Z c1  s24  local  66       279.2 ms HE    4 dec  0 frames
2026-09-28T03:47:20.337082366Z     ·     vote   31    YES to node 1          (seq 9)
2026-09-28T03:47:20.548786751Z     ·     apply  31       209.3 ms HE    3 dec  from node 1  (seq 9)
2026-09-28T03:47:20.901004083Z     ·     apply  32       278.4 ms HE    4 dec  from node 1  (seq 10)
2026-09-28T03:47:21.042183412Z     ·     vote   35    YES to node 1          (seq 11)
2026-09-28T03:47:21.255542606Z     ·     apply  35       210.1 ms HE    3 dec  from node 1  (seq 11)
2026-09-28T03:47:21.607386090Z     ·     apply  36       279.5 ms HE    4 dec  from node 1  (seq 12)
2026-09-28T03:47:21.958685006Z c1  s35  local  61       348.8 ms HE    5 dec  0 frames
2026-09-28T03:47:21.961262530Z     ·     vote   33    YES to node 1          (seq 13)
2026-09-28T03:47:22.173791819Z     ·     apply  33       209.4 ms HE    3 dec  from node 1  (seq 13)
2026-09-28T03:47:22.524951718Z     ·     apply  34       278.7 ms HE    4 dec  from node 1  (seq 14)
2026-09-28T03:47:22.667165777Z     ·     vote   37    YES to node 1          (seq 15)
2026-09-28T03:47:22.881145449Z     ·     apply  37       208.9 ms HE    3 dec  from node 1  (seq 15)
2026-09-28T03:47:23.159909456Z     ·     apply  38       208.8 ms HE    3 dec  from node 1  (seq 16)
2026-09-28T03:47:23.371428418Z c1  s42  local  63       209.0 ms HE    3 dec  0 frames
2026-09-28T03:47:23.580947330Z c1  s43  local  64       209.2 ms HE    3 dec  0 frames
2026-09-28T03:47:23.581031040Z -- cycle 1/5 done at 8632.3 ms --
2026-09-28T03:47:23.581042141Z 
2026-09-28T03:47:23.581049542Z -- cycle 2/5 --
2026-09-28T03:47:23.584324654Z     ·     vote   31    YES to node 1          (seq 17)
2026-09-28T03:47:23.797601937Z     ·     apply  31       208.9 ms HE    3 dec  from node 1  (seq 17)
2026-09-28T03:47:24.077028027Z     ·     apply  32       209.8 ms HE    3 dec  from node 1  (seq 18)
2026-09-28T03:47:24.362112228Z     ·     vote   33    YES to node 1          (seq 19)
2026-09-28T03:47:36.064784630Z     ·     apply  33       209.0 ms HE    3 dec  from node 1  (seq 19)
2026-09-28T03:47:24.840838331Z     ·     apply  34       209.1 ms HE    3 dec  from node 1  (seq 20)
2026-09-28T03:47:24.915039349Z     ·     vote   35    YES to node 1          (seq 21)
2026-09-28T03:47:25.127155287Z     ·     apply  35       209.1 ms HE    3 dec  from node 1  (seq 21)
2026-09-28T03:47:25.551440868Z     ·     apply  36       209.4 ms HE    3 dec  from node 1  (seq 22)
2026-09-28T03:47:25.623036959Z     ·     vote   39    YES to node 1          (seq 23)
2026-09-28T03:47:25.835022980Z     ·     apply  39       209.1 ms HE    3 dec  from node 1  (seq 23)
2026-09-28T03:47:26.047411152Z c2  s15  local  61       209.8 ms HE    3 dec  0 frames
2026-09-28T03:47:26.259419076Z     ·     apply  30       209.1 ms HE    3 dec  from node 1  (seq 24)
2026-09-28T03:47:26.331778563Z c2  s17  local  71        69.6 ms HE    1 dec  0 frames
2026-09-28T03:47:26.401493618Z c2  s18  local  72        69.6 ms HE    1 dec  0 frames
2026-09-28T03:47:26.470947240Z c2  s19  local  81        69.5 ms HE    1 dec  0 frames
2026-09-28T03:47:26.540999237Z c2  s20  local  82        69.7 ms HE    1 dec  0 frames
2026-09-28T03:47:26.611017030Z c2  s21  local  73        69.6 ms HE    1 dec  0 frames
2026-09-28T03:47:26.681110732Z c2  s22  local  74        69.9 ms HE    1 dec  0 frames
2026-09-28T03:47:26.891175512Z c2  s23  local  65       209.8 ms HE    3 dec  0 frames
2026-09-28T03:47:27.101142880Z c2  s24  local  66       209.1 ms HE    3 dec  0 frames
2026-09-28T03:47:27.103215040Z     ·     vote   31    YES to node 1          (seq 25)
2026-09-28T03:47:27.315658818Z     ·     apply  31       209.2 ms HE    3 dec  from node 1  (seq 25)
2026-09-28T03:47:27.598901488Z     ·     apply  32       209.3 ms HE    3 dec  from node 1  (seq 26)
2026-09-28T03:47:27.808965568Z     ·     vote   35    YES to node 1          (seq 27)
2026-09-28T03:47:28.020611746Z     ·     apply  35       208.6 ms HE    3 dec  from node 1  (seq 27)
2026-09-28T03:47:28.304318874Z     ·     apply  36       209.2 ms HE    3 dec  from node 1  (seq 28)
2026-09-28T03:47:28.517835988Z c2  s35  local  61       209.9 ms HE    3 dec  0 frames
2026-09-28T03:47:28.519605510Z     ·     vote   33    YES to node 1          (seq 29)
2026-09-28T03:47:28.731798257Z     ·     apply  33       209.4 ms HE    3 dec  from node 1  (seq 29)
2026-09-28T03:47:29.013931587Z     ·     apply  34       210.1 ms HE    3 dec  from node 1  (seq 30)
2026-09-28T03:47:29.227634024Z     ·     vote   37    YES to node 1          (seq 31)
2026-09-28T03:47:40.943619244Z     ·     apply  37       209.4 ms HE    3 dec  from node 1  (seq 31)
2026-09-28T03:47:29.721458817Z     ·     apply  38       208.7 ms HE    3 dec  from node 1  (seq 32)
2026-09-28T03:47:29.932934774Z c2  s42  local  63       208.7 ms HE    3 dec  0 frames
2026-09-28T03:47:30.142912143Z c2  s43  local  64       209.3 ms HE    3 dec  0 frames
2026-09-28T03:47:30.142995854Z -- cycle 2/5 done at 15206.1 ms --
2026-09-28T03:47:30.143368100Z 
2026-09-28T03:47:30.143395404Z -- cycle 3/5 --
2026-09-28T03:47:30.145344249Z     ·     vote   31    YES to node 1          (seq 33)
2026-09-28T03:47:30.357460686Z     ·     apply  31       209.0 ms HE    3 dec  from node 1  (seq 33)
2026-09-28T03:47:30.638149435Z     ·     apply  32       209.4 ms HE    3 dec  from node 1  (seq 34)
2026-09-28T03:47:30.920955150Z     ·     vote   33    YES to node 1          (seq 35)
2026-09-28T03:47:31.133363124Z     ·     apply  33       209.5 ms HE    3 dec  from node 1  (seq 35)
2026-09-28T03:47:31.415886303Z     ·     apply  34       209.1 ms HE    3 dec  from node 1  (seq 36)
2026-09-28T03:47:31.487772731Z     ·     vote   35    YES to node 1          (seq 37)
2026-09-28T03:47:31.700527248Z     ·     apply  35       209.6 ms HE    3 dec  from node 1  (seq 37)
2026-09-28T03:47:32.121758946Z     ·     apply  36       208.9 ms HE    3 dec  from node 1  (seq 38)
2026-09-28T03:47:32.194362964Z     ·     vote   39    YES to node 1          (seq 39)
2026-09-28T03:47:32.406784240Z     ·     apply  39       209.4 ms HE    3 dec  from node 1  (seq 39)
2026-09-28T03:47:32.618979887Z c3  s15  local  61       209.5 ms HE    3 dec  0 frames
2026-09-28T03:47:32.830944906Z     ·     apply  30       209.2 ms HE    3 dec  from node 1  (seq 40)
2026-09-28T03:47:32.903138072Z c3  s17  local  71        69.9 ms HE    1 dec  0 frames
2026-09-28T03:47:32.973686031Z c3  s18  local  72        70.0 ms HE    1 dec  0 frames
2026-09-28T03:47:33.044045167Z c3  s19  local  81        69.7 ms HE    1 dec  0 frames
2026-09-28T03:47:33.113995451Z c3  s20  local  82        70.1 ms HE    1 dec  0 frames
2026-09-28T03:47:33.184656425Z c3  s21  local  73        70.2 ms HE    1 dec  0 frames
2026-09-28T03:47:33.253727899Z c3  s22  local  74        69.6 ms HE    1 dec  0 frames
2026-09-28T03:47:33.463614056Z c3  s23  local  65       209.5 ms HE    3 dec  0 frames
2026-09-28T03:47:33.673593826Z c3  s24  local  66       209.4 ms HE    3 dec  0 frames
2026-09-28T03:47:33.679552474Z     ·     vote   31    YES to node 1          (seq 41)
2026-09-28T03:47:33.891654510Z     ·     apply  31       209.6 ms HE    3 dec  from node 1  (seq 41)
2026-09-28T03:47:34.172984139Z     ·     apply  32       209.3 ms HE    3 dec  from node 1  (seq 42)
2026-09-28T03:47:34.383287749Z     ·     vote   35    YES to node 1          (seq 43)
2026-09-28T03:47:46.099528302Z     ·     apply  35       209.0 ms HE    3 dec  from node 1  (seq 43)
2026-09-28T03:47:34.878339702Z     ·     apply  36       208.7 ms HE    3 dec  from node 1  (seq 44)
2026-09-28T03:47:35.089304495Z c3  s35  local  61       208.9 ms HE    3 dec  0 frames
2026-09-28T03:47:35.091880718Z     ·     vote   33    YES to node 1          (seq 45)
2026-09-28T03:47:35.304460214Z     ·     apply  33       209.3 ms HE    3 dec  from node 1  (seq 45)
2026-09-28T03:47:35.586947389Z     ·     apply  34       209.9 ms HE    3 dec  from node 1  (seq 46)
2026-09-28T03:47:35.798191417Z     ·     vote   37    YES to node 1          (seq 47)
2026-09-28T03:47:36.010524882Z     ·     apply  37       209.1 ms HE    3 dec  from node 1  (seq 47)
2026-09-28T03:47:36.293868064Z     ·     apply  38       209.0 ms HE    3 dec  from node 1  (seq 48)
2026-09-28T03:47:36.505489439Z c3  s42  local  63       209.1 ms HE    3 dec  0 frames
2026-09-28T03:47:36.715446505Z c3  s43  local  64       209.6 ms HE    3 dec  0 frames
2026-09-28T03:47:36.715539217Z -- cycle 3/5 done at 21777.8 ms --
2026-09-28T03:47:36.715552919Z 
2026-09-28T03:47:36.715563220Z -- cycle 4/5 --
2026-09-28T03:47:36.718274161Z     ·     vote   31    YES to node 1          (seq 49)
2026-09-28T03:47:36.932707089Z     ·     apply  31       209.1 ms HE    3 dec  from node 1  (seq 49)
2026-09-28T03:47:37.214145332Z     ·     apply  32       209.9 ms HE    3 dec  from node 1  (seq 50)
2026-09-28T03:47:37.496113842Z     ·     vote   33    YES to node 1          (seq 51)
2026-09-28T03:47:37.708305889Z     ·     apply  33       208.8 ms HE    3 dec  from node 1  (seq 51)
2026-09-28T03:47:37.989696926Z     ·     apply  34       209.8 ms HE    3 dec  from node 1  (seq 52)
2026-09-28T03:47:38.063386680Z     ·     vote   35    YES to node 1          (seq 53)
2026-09-28T03:47:38.275499017Z     ·     apply  35       209.4 ms HE    3 dec  from node 1  (seq 53)
2026-09-28T03:47:38.698762270Z     ·     apply  36       209.0 ms HE    3 dec  from node 1  (seq 54)
2026-09-28T03:47:38.770967137Z     ·     vote   39    YES to node 1          (seq 55)
2026-09-28T03:47:38.984621968Z     ·     apply  39       209.0 ms HE    3 dec  from node 1  (seq 55)
2026-09-28T03:47:39.196891625Z c4  s15  local  61       209.4 ms HE    3 dec  0 frames
2026-09-28T03:47:39.409152681Z     ·     apply  30       209.5 ms HE    3 dec  from node 1  (seq 56)
2026-09-28T03:47:50.981361245Z c4  s17  local  71        69.5 ms HE    1 dec  0 frames
2026-09-28T03:47:51.051466048Z c4  s18  local  72        69.8 ms HE    1 dec  0 frames
2026-09-28T03:47:51.121668564Z c4  s19  local  81        70.0 ms HE    1 dec  0 frames
2026-09-28T03:47:39.689975559Z c4  s20  local  82        69.5 ms HE    1 dec  0 frames
2026-09-28T03:47:39.760072362Z c4  s21  local  73        69.6 ms HE    1 dec  0 frames
2026-09-28T03:47:39.830105457Z c4  s22  local  74        69.8 ms HE    1 dec  0 frames
2026-09-28T03:47:40.039985713Z c4  s23  local  65       209.2 ms HE    3 dec  0 frames
2026-09-28T03:47:40.250234717Z c4  s24  local  66       209.5 ms HE    3 dec  0 frames
2026-09-28T03:47:40.252631317Z     ·     vote   31    YES to node 1          (seq 57)
2026-09-28T03:47:40.464787360Z     ·     apply  31       209.5 ms HE    3 dec  from node 1  (seq 57)
2026-09-28T03:47:40.747350644Z     ·     apply  32       208.9 ms HE    3 dec  from node 1  (seq 58)
2026-09-28T03:47:40.956636926Z     ·     vote   35    YES to node 1          (seq 59)
2026-09-28T03:47:41.170818123Z     ·     apply  35       208.8 ms HE    3 dec  from node 1  (seq 59)
2026-09-28T03:47:41.450855690Z     ·     apply  36       209.8 ms HE    3 dec  from node 1  (seq 60)
2026-09-28T03:47:41.662534573Z c4  s35  local  61       209.2 ms HE    3 dec  0 frames
2026-09-28T03:47:41.665242213Z     ·     vote   33    YES to node 1          (seq 61)
2026-09-28T03:47:41.878101544Z     ·     apply  33       209.8 ms HE    3 dec  from node 1  (seq 61)
2026-09-28T03:47:42.160192269Z     ·     apply  34       209.2 ms HE    3 dec  from node 1  (seq 62)
2026-09-28T03:47:42.373374040Z     ·     vote   37    YES to node 1          (seq 63)
2026-09-28T03:47:42.585196541Z     ·     apply  37       209.1 ms HE    3 dec  from node 1  (seq 63)
2026-09-28T03:47:42.865585152Z     ·     apply  38       208.3 ms HE    3 dec  from node 1  (seq 64)
2026-09-28T03:47:43.077644182Z c4  s42  local  63       209.3 ms HE    3 dec  0 frames
2026-09-28T03:47:43.287863281Z c4  s43  local  64       209.5 ms HE    3 dec  0 frames
2026-09-28T03:47:43.287963594Z -- cycle 4/5 done at 28350.8 ms --
2026-09-28T03:47:43.287978896Z 
2026-09-28T03:47:43.287986997Z -- cycle 5/5 --
2026-09-28T03:47:43.290231579Z     ·     vote   31    YES to node 1          (seq 65)
2026-09-28T03:47:43.503801899Z     ·     apply  31       209.0 ms HE    3 dec  from node 1  (seq 65)
2026-09-28T03:47:43.784994211Z     ·     apply  32       209.4 ms HE    3 dec  from node 1  (seq 66)
2026-09-28T03:47:44.068593625Z     ·     vote   33    YES to node 1          (seq 67)
2026-09-28T03:47:44.281286335Z     ·     apply  33       209.5 ms HE    3 dec  from node 1  (seq 67)
2026-09-28T03:47:56.064023552Z     ·     apply  34       209.3 ms HE    3 dec  from node 1  (seq 68)
2026-09-28T03:47:56.135416618Z     ·     vote   35    YES to node 1          (seq 69)
2026-09-28T03:47:44.856069904Z     ·     apply  35       208.7 ms HE    3 dec  from node 1  (seq 69)
2026-09-28T03:47:45.278411241Z     ·     apply  36       208.9 ms HE    3 dec  from node 1  (seq 70)
2026-09-28T03:47:45.349457363Z     ·     vote   39    YES to node 1          (seq 71)
2026-09-28T03:47:45.561762324Z     ·     apply  39       209.3 ms HE    3 dec  from node 1  (seq 71)
2026-09-28T03:47:45.774032881Z c5  s15  local  61       209.3 ms HE    3 dec  0 frames
2026-09-28T03:47:45.985633454Z     ·     apply  30       209.0 ms HE    3 dec  from node 1  (seq 72)
2026-09-28T03:47:46.057697004Z c5  s17  local  71        69.8 ms HE    1 dec  0 frames
2026-09-28T03:47:46.127988931Z c5  s18  local  72        69.6 ms HE    1 dec  0 frames
2026-09-28T03:47:46.197679683Z c5  s19  local  81        69.7 ms HE    1 dec  0 frames
2026-09-28T03:47:46.267606764Z c5  s20  local  82        69.7 ms HE    1 dec  0 frames
2026-09-28T03:47:46.337849085Z c5  s21  local  73        69.9 ms HE    1 dec  0 frames
2026-09-28T03:47:46.407236899Z c5  s22  local  74        69.5 ms HE    1 dec  0 frames
2026-09-28T03:47:46.617211868Z c5  s23  local  65       209.6 ms HE    3 dec  0 frames
2026-09-28T03:47:46.827594687Z c5  s24  local  66       209.9 ms HE    3 dec  0 frames
2026-09-28T03:47:46.830161510Z     ·     vote   31    YES to node 1          (seq 73)
2026-09-28T03:47:47.044554133Z     ·     apply  31       209.2 ms HE    3 dec  from node 1  (seq 73)
2026-09-28T03:47:47.325511116Z     ·     apply  32       209.1 ms HE    3 dec  from node 1  (seq 74)
2026-09-28T03:47:47.537412426Z     ·     vote   35    YES to node 1          (seq 75)
2026-09-28T03:47:47.749936115Z     ·     apply  35       209.5 ms HE    3 dec  from node 1  (seq 75)
2026-09-28T03:47:48.033525428Z     ·     apply  36       209.6 ms HE    3 dec  from node 1  (seq 76)
2026-09-28T03:47:48.245392634Z c5  s35  local  61       209.0 ms HE    3 dec  0 frames
2026-09-28T03:47:48.247984460Z     ·     vote   33    YES to node 1          (seq 77)
2026-09-28T03:47:48.460943803Z     ·     apply  33       209.8 ms HE    3 dec  from node 1  (seq 77)
2026-09-28T03:47:48.742151017Z     ·     apply  34       208.4 ms HE    3 dec  from node 1  (seq 78)
2026-09-28T03:47:48.954909835Z     ·     vote   37    YES to node 1          (seq 79)
2026-09-28T03:47:49.166268278Z     ·     apply  37       208.6 ms HE    3 dec  from node 1  (seq 79)
2026-09-28T03:47:49.448354402Z     ·     apply  38       209.0 ms HE    3 dec  from node 1  (seq 80)
2026-09-28T03:48:01.151382048Z c5  s42  local  63       209.3 ms HE    3 dec  0 frames
2026-09-28T03:47:49.855870944Z c5  s43  local  64       209.0 ms HE    3 dec  0 frames
2026-09-28T03:47:49.856001961Z -- cycle 5/5 done at 34924.3 ms --
2026-09-28T03:47:49.856019263Z 
2026-09-28T03:47:49.856026564Z ============================================================
2026-09-28T03:47:49.856033965Z   SUMMARY — node 2/2 — LOCAL MODULAR — UDP/IP multicast (RFC 1112)
2026-09-28T03:47:49.856042466Z ============================================================
2026-09-28T03:47:49.856049667Z   events this node FIRED:
2026-09-28T03:47:49.856056568Z   local (no network)     n=60   avg   145.55 ms  (HE  145.33 + net    0.00)  min   69.28  max   348.97  100.0%
2026-09-28T03:47:49.856063568Z   shared controllable          (none on this node)
2026-09-28T03:47:49.856070069Z   shared uncontroll.           (none on this node)
2026-09-28T03:47:49.856076470Z   events this node APPLIED for a peer (participant side):
2026-09-28T03:47:49.856083171Z   shared, applied        n=80   avg   234.99 ms  (HE  234.99 + net    0.00)  min  208.34  max   578.44
2026-09-28T03:47:49.856090172Z   run clock, end of cycles 1..5 (ms): 8632.3 15206.1 21777.8 28350.8 34924.3
2026-09-28T03:47:49.856096773Z      a cycle is over at the LATEST node's value; DES_WORK_MS 0 included
2026-09-28T03:47:49.856103974Z   ----------------------------------------------------------
2026-09-28T03:47:49.856110574Z   all events            n=60   avg   145.55 ms  (HE  145.33 + net    0.00)
2026-09-28T03:47:49.856117275Z   PEER-WAIT + WIRE      0.0 % of total step time
2026-09-28T03:47:49.856123676Z      (compare against the round-trip probe above: the excess is
2026-09-28T03:47:49.856131877Z       the peer's own HE work, not the link.)
2026-09-28T03:47:49.856138878Z   frames: tx=230 rx=149 retransmits=0
2026-09-28T03:47:49.856145379Z   authentication: HMAC-SHA256/128, 1.5 us per frame; 0 rejected (bad tag), 0 stale/replayed dropped, 1 epoch challenges
2026-09-28T03:47:49.856152280Z   rx queue: peak 1/64 frames
2026-09-28T03:47:49.856159080Z   plant check: 0 event reports rejected as physically impossible
2026-09-28T03:47:49.856165881Z      (these supervisors carry the plant: an impossible uncontrollable event is caught)
2026-09-28T03:47:49.856219888Z   ----------------------------------------------------------
2026-09-28T03:47:49.856228289Z   homomorphic vs cleartext oracle : PASS — every encrypted bit matched
2026-09-28T03:47:49.856235090Z      (PASS certifies the cryptography: each node's encrypted bits
2026-09-28T03:47:49.856241691Z       match its own clear model for the events it applied. It does
2026-09-28T03:47:49.856248192Z       not certify the distributed run — read the skips for that.)
2026-09-28T03:47:49.856254793Z   distributed vs MONOLITHIC sup.  : off — this header has no monolithic supervisor
2026-09-28T03:47:49.856261893Z   safe halt                       : no — ran to completion
2026-09-28T03:47:49.856268594Z ============================================================
2026-09-28T03:47:59.859498026Z @@RESULT {"node":2,"nodes":2,"family":"LOCAL MODULAR","data":"supervisor_data_fms.h","transport":"UDP/IP multicast (RFC 1112)","fingerprint":"edbd7971","supervisors":["S4","S5","S6"],"fired":{"local":60,"ctrl":0,"unctrl":0},"applied_for_peers":80,"skips":0,"impossible":0,"tx":230,"rx":149,"retx":0,"auth_bad":0,"replays":0,"challenges":1,"mac_us":1.50,"rxq_peak":1,"rxq_drops":0,"sync_wait_ms":0.0,"oracle":"PASS","safe_halt":false,"halt_reason":"","cycle_end_ms":[8632.3,15206.1,21777.8,28350.8,34924.3],"rounds":5,"work_ms":0,"emu_scalarmul_ms":69.0,"exit":0}
