2026-09-28T13:39:14.059551233Z des_container: node 1 of 2, LOCAL MODULAR, data supervisor_data_fms.h, transport UDP/IP multicast (RFC 1112)
2026-09-28T13:39:14.059613863Z des_container: EMULATING the ESP32 — every decryption takes at least 69.0 ms (DES_EMU_SCALARMUL_MS)
2026-09-28T13:39:14.059617564Z des_container: dropping 5 % of received frames, seed 2107577641 (DES_LOSS_SEED to replay)
2026-09-28T13:39:14.059619365Z 
2026-09-28T13:39:14.059620666Z ============================================================
2026-09-28T13:39:14.059621866Z   Distributed Homomorphic DES — generic engine
2026-09-28T13:39:14.059623167Z   node 1/2   family LOCAL MODULAR   7 supervisors   31 events
2026-09-28T13:39:14.059624468Z   data: supervisor_data_fms.h
2026-09-28T13:39:14.059625668Z ============================================================
2026-09-28T13:39:14.060749705Z --- event routing (DERIVED from the header, not hardcoded) ---
2026-09-28T13:39:14.060774017Z   event  ctrl  nodes      owner  class
2026-09-28T13:39:14.060776818Z   11     yes   1          1      local — no network
2026-09-28T13:39:14.060779619Z   12     no    1          1      local — no network
2026-09-28T13:39:14.060781620Z   21     yes   1          1      local — no network
2026-09-28T13:39:14.060783521Z   22     no    1          1      local — no network
2026-09-28T13:39:14.060785322Z   30     no    1 2        1      SHARED — needs network
2026-09-28T13:39:14.060787323Z   31     yes   1 2        1      SHARED — needs network
2026-09-28T13:39:14.060789224Z   32     no    1 2        1      SHARED — needs network
2026-09-28T13:39:14.060791325Z   33     yes   1 2        1      SHARED — needs network
2026-09-28T13:39:14.060793326Z   34     no    1 2        1      SHARED — needs network
2026-09-28T13:39:14.060795327Z   35     yes   1 2        1      SHARED — needs network
2026-09-28T13:39:14.060797628Z   36     no    1 2        1      SHARED — needs network
2026-09-28T13:39:14.060799729Z   37     yes   1 2        1      SHARED — needs network
2026-09-28T13:39:14.060801730Z   38     no    1 2        1      SHARED — needs network
2026-09-28T13:39:14.060803931Z   39     yes   1 2        1      SHARED — needs network
2026-09-28T13:39:14.060806032Z   41     yes   1          1      local — no network
2026-09-28T13:39:14.060808133Z   42     no    1          1      local — no network
2026-09-28T13:39:14.060810234Z   51     yes   1          1      local — no network
2026-09-28T13:39:14.060812135Z   52     no    1          1      local — no network
2026-09-28T13:39:14.060814036Z   53     yes   1          1      local — no network
2026-09-28T13:39:14.060816137Z   54     no    1          1      local — no network
2026-09-28T13:39:14.060818138Z   61     yes   2          2      local — no network
2026-09-28T13:39:14.060820039Z   63     yes   2          2      local — no network
2026-09-28T13:39:14.060836647Z   64     no    2          2      local — no network
2026-09-28T13:39:14.060839148Z   65     yes   2          2      local — no network
2026-09-28T13:39:14.060840949Z   66     no    2          2      local — no network
2026-09-28T13:39:14.060842850Z   71     yes   2          2      local — no network
2026-09-28T13:39:14.060844651Z   72     no    2          2      local — no network
2026-09-28T13:39:14.060846451Z   73     yes   2          2      local — no network
2026-09-28T13:39:14.060848152Z   74     no    2          2      local — no network
2026-09-28T13:39:14.060850253Z   81     yes   2          2      local — no network
2026-09-28T13:39:14.060852054Z   82     no    2          2      local — no network
2026-09-28T13:39:14.060854055Z   => 10/31 events shared; 21/31 need ZERO network traffic; 20 concern this node
2026-09-28T13:39:14.060856156Z   NOTE controllability was INFERRED from event labels (the header
2026-09-28T13:39:14.060858457Z        does not carry it). Check the 'ctrl' column above; if it is
2026-09-28T13:39:14.060861459Z        wrong, set DES_CONTROLLABLE_MASK explicitly.
2026-09-28T13:39:14.060863359Z 
2026-09-28T13:39:14.060865160Z [init] config fingerprint edbd7971 — every node must print the same
2026-09-28T13:39:14.060867261Z 
2026-09-28T13:39:14.060952202Z [net] UDP multicast 239.192.7.1:5077  ttl=1  frame=44 B
2026-09-28T13:39:14.060964508Z --- crypto self-test ---
2026-09-28T13:39:14.063827075Z   Enc(0)->0 Enc(1)->1                PASS
2026-09-28T13:39:14.065274066Z   Enc(1)+Enc(1)->1 homomorphic OR   PASS
2026-09-28T13:39:14.065678560Z   Enc(0)+Enc(0)->0                  PASS
2026-09-28T13:39:14.065702371Z   curve secp192r1, ciphertext 50 B    PASS
2026-09-28T13:39:14.065891061Z   frame tag HMAC-SHA256/128: 3.1 us, 1-bit tamper caught  PASS
2026-09-28T13:39:14.065914672Z 
2026-09-28T13:39:14.065916773Z --- encrypting my supervisors' initial states ---
2026-09-28T13:39:14.065918174Z [load] S0         idx 0   18 states  12 constraining ev     900 B ciphertext
2026-09-28T13:39:14.065919475Z [load] S1         idx 1   18 states  12 constraining ev     900 B ciphertext
2026-09-28T13:39:14.065920775Z [load] S2         idx 2   18 states  12 constraining ev     900 B ciphertext
2026-09-28T13:39:14.065921976Z [load] S3         idx 3   21 states  14 constraining ev    1050 B ciphertext
2026-09-28T13:39:17.634089242Z [init] my keypair is mine alone; no ciphertext ever leaves this node
2026-09-28T13:39:17.634192991Z [init] my enablement: 11=1 12=0 21=1 22=0 30=0 31=0 32=0 33=0 34=0 35=0 36=0 37=0 38=0 39=0 41=0 42=0 51=0 52=0 53=0 54=0 61=1 63=1 64=1 65=1 66=1 71=1 72=1 73=1 74=1 81=1 82=1
2026-09-28T13:39:17.634206198Z 
2026-09-28T13:39:18.255766495Z [net] waiting for 1 peer(s)... all present.
2026-09-28T13:39:19.760645856Z 
2026-09-28T13:39:19.760715289Z --- transport round-trip probe (UDP/IP multicast (RFC 1112)) ---
2026-09-28T13:39:20.549699176Z   19 probes: avg 3.68 ms  min 2.44 ms  max 4.81 ms
2026-09-28T13:39:20.549787818Z 
2026-09-28T13:39:20.549800824Z ============================================================
2026-09-28T13:39:20.549809228Z   RUN — SIM_SEQ driver — 5 cycles x 44 steps — LOCAL MODULAR
2026-09-28T13:39:20.549819333Z   columns: cN sNN = cycle/step of MY walk; · = a peer caused this
2026-09-28T13:39:20.549828137Z   'done at': run clock, common to all nodes; a cycle is over at the
2026-09-28T13:39:20.549836842Z   LATEST node's print, machine time (DES_WORK_MS 0) included
2026-09-28T13:39:20.549844745Z ============================================================
2026-09-28T13:39:20.549853450Z 
2026-09-28T13:39:20.549860953Z -- cycle 1/5 --
2026-09-28T13:39:20.690871012Z c1  s0   local  21       141.4 ms HE    2 dec  0 frames
2026-09-28T13:39:20.831317901Z c1  s1   local  11       140.3 ms HE    2 dec  0 frames
2026-09-28T13:39:20.901484919Z c1  s2   local  12        69.7 ms HE    1 dec  0 frames
2026-09-28T13:39:21.185964311Z c1  s3   2pc    31       280.8 ms HE    4 dec  4 frames  + 4.3 ms peer-wait  (seq 1)
2026-09-28T13:39:24.713809890Z c1  s4   notify 32       489.0 ms HE    7 dec  2 frames  + 3003.4 ms peer-wait  (seq 2)
2026-09-28T13:39:24.783977708Z c1  s5   local  41        69.5 ms HE    1 dec  0 frames
2026-09-28T13:39:24.854617652Z c1  s6   local  22        69.9 ms HE    1 dec  0 frames
2026-09-28T13:39:24.925263399Z c1  s7   local  42        70.5 ms HE    1 dec  0 frames
2026-09-28T13:39:28.897362958Z c1  s8   2pc    33       279.6 ms HE    4 dec  4 frames  + 3007.8 ms peer-wait  (seq 3)
2026-09-28T13:39:29.548692789Z c1  s9   notify 34       280.6 ms HE    4 dec  2 frames  + 1.7 ms peer-wait  (seq 4)
2026-09-28T13:39:31.638297966Z c1  s10  2pc    35       279.0 ms HE    4 dec  4 frames  + 1507.9 ms peer-wait  (seq 5)
2026-09-28T13:39:31.708194655Z c1  s11  local  53        69.7 ms HE    1 dec  0 frames
2026-09-28T13:39:31.778756361Z c1  s12  local  54        70.0 ms HE    1 dec  0 frames
2026-09-28T13:39:33.782559525Z c1  s13  notify 36       278.9 ms HE    4 dec  2 frames  + 1503.2 ms peer-wait  (seq 6)
2026-09-28T13:39:34.641438300Z c1  s14  2pc    39       279.6 ms HE    4 dec  4 frames  + 5.5 ms peer-wait  (seq 7)
2026-09-28T13:39:37.155348662Z c1  s16  notify 30       279.6 ms HE    4 dec  2 frames  + 1504.4 ms peer-wait  (seq 8)
2026-09-28T13:39:37.225262959Z c1  s25  local  11        69.5 ms HE    1 dec  0 frames
2026-09-28T13:39:37.294759456Z c1  s26  local  21        69.6 ms HE    1 dec  0 frames
2026-09-28T13:39:37.365257132Z c1  s27  local  12        69.8 ms HE    1 dec  0 frames
2026-09-28T13:39:39.151236351Z c1  s28  2pc    31       279.2 ms HE    4 dec  4 frames  + 1505.7 ms peer-wait  (seq 9)
2026-09-28T13:39:39.432061898Z c1  s29  notify 32       279.4 ms HE    4 dec  2 frames  + 1.5 ms peer-wait  (seq 10)
2026-09-28T13:39:39.502213908Z c1  s30  local  41        69.8 ms HE    1 dec  0 frames
2026-09-28T13:39:39.572547806Z c1  s31  local  42        70.2 ms HE    1 dec  0 frames
2026-09-28T13:39:39.856268535Z c1  s32  2pc    35       279.6 ms HE    4 dec  4 frames  + 4.3 ms peer-wait  (seq 11)
2026-09-28T13:39:40.138885538Z c1  s33  notify 36       280.0 ms HE    4 dec  2 frames  + 1.6 ms peer-wait  (seq 12)
2026-09-28T13:39:40.209145200Z c1  s34  local  22        70.0 ms HE    1 dec  0 frames
2026-09-28T13:39:40.776829475Z c1  s36  2pc    33       279.6 ms HE    4 dec  4 frames  + 4.3 ms peer-wait  (seq 13)
2026-09-28T13:39:41.058709525Z c1  s37  notify 34       279.9 ms HE    4 dec  2 frames  + 1.5 ms peer-wait  (seq 14)
2026-09-28T13:39:41.128119482Z c1  s38  local  51        69.5 ms HE    1 dec  0 frames
2026-09-28T13:39:41.198394751Z c1  s39  local  52        69.9 ms HE    1 dec  0 frames
2026-09-28T13:39:41.483462724Z c1  s40  2pc    37       279.3 ms HE    4 dec  4 frames  + 5.0 ms peer-wait  (seq 15)
2026-09-28T13:39:41.764378514Z c1  s41  notify 38       279.4 ms HE    4 dec  2 frames  + 1.6 ms peer-wait  (seq 16)
2026-09-28T13:39:41.764453050Z -- cycle 1/5 done at 21252.3 ms --
2026-09-28T13:39:41.764463255Z 
2026-09-28T13:39:41.764467657Z -- cycle 2/5 --
2026-09-28T13:39:41.834739224Z c2  s0   local  21        69.8 ms HE    1 dec  0 frames
2026-09-28T13:39:41.904841011Z c2  s1   local  11        69.7 ms HE    1 dec  0 frames
2026-09-28T13:39:41.974626847Z c2  s2   local  12        69.7 ms HE    1 dec  0 frames
2026-09-28T13:39:42.405862943Z c2  s3   2pc    31       280.0 ms HE    4 dec  4 frames  + 6.5 ms peer-wait  (seq 17)
2026-09-28T13:39:42.686985731Z c2  s4   notify 32       279.3 ms HE    4 dec  2 frames  + 2.0 ms peer-wait  (seq 18)
2026-09-28T13:39:42.757186465Z c2  s5   local  41        69.9 ms HE    1 dec  0 frames
2026-09-28T13:39:42.827521363Z c2  s6   local  22        70.0 ms HE    1 dec  0 frames
2026-09-28T13:39:53.877419920Z c2  s7   local  42        69.6 ms HE    1 dec  0 frames
2026-09-28T13:39:43.188298257Z c2  s8   2pc    33       279.1 ms HE    4 dec  4 frames  + 6.2 ms peer-wait  (seq 19)
2026-09-28T13:39:43.470098469Z c2  s9   notify 34       279.4 ms HE    4 dec  2 frames  + 1.4 ms peer-wait  (seq 20)
2026-09-28T13:39:43.755611655Z c2  s10  2pc    35       280.1 ms HE    4 dec  4 frames  + 5.1 ms peer-wait  (seq 21)
2026-09-28T13:39:43.825787277Z c2  s11  local  53        70.0 ms HE    1 dec  0 frames
2026-09-28T13:39:43.896242533Z c2  s12  local  54        70.1 ms HE    1 dec  0 frames
2026-09-28T13:39:44.175432798Z c2  s13  notify 36       278.3 ms HE    4 dec  2 frames  + 1.5 ms peer-wait  (seq 22)
2026-09-28T13:39:45.959099032Z c2  s14  2pc    39       278.5 ms HE    4 dec  4 frames  + 1504.4 ms peer-wait  (seq 23)
2026-09-28T13:39:47.882972941Z c2  s16  notify 30       278.8 ms HE    4 dec  2 frames  + 1502.3 ms peer-wait  (seq 24)
2026-09-28T13:39:58.923562469Z c2  s25  local  11        69.2 ms HE    1 dec  0 frames
2026-09-28T13:39:58.992974427Z c2  s26  local  21        69.3 ms HE    1 dec  0 frames
2026-09-28T13:39:59.062370176Z c2  s27  local  12        69.2 ms HE    1 dec  0 frames
2026-09-28T13:39:49.193942182Z c2  s28  2pc    31       278.2 ms HE    4 dec  4 frames  + 3.8 ms peer-wait  (seq 25)
2026-09-28T13:39:49.472527758Z c2  s29  notify 32       277.4 ms HE    4 dec  2 frames  + 1.4 ms peer-wait  (seq 26)
2026-09-28T13:39:49.541860277Z c2  s30  local  41        69.2 ms HE    1 dec  0 frames
2026-09-28T13:39:49.611153378Z c2  s31  local  42        69.2 ms HE    1 dec  0 frames
2026-09-28T13:39:49.892356305Z c2  s32  2pc    35       277.4 ms HE    4 dec  4 frames  + 3.7 ms peer-wait  (seq 27)
2026-09-28T13:39:50.173589246Z c2  s33  notify 36       278.8 ms HE    4 dec  2 frames  + 1.6 ms peer-wait  (seq 28)
2026-09-28T13:39:50.243721147Z c2  s34  local  22        69.8 ms HE    1 dec  0 frames
2026-09-28T13:39:50.598577457Z c2  s36  2pc    33       277.2 ms HE    4 dec  4 frames  + 4.1 ms peer-wait  (seq 29)
2026-09-28T13:39:50.879941761Z c2  s37  notify 34       279.4 ms HE    4 dec  2 frames  + 1.6 ms peer-wait  (seq 30)
2026-09-28T13:39:50.949263875Z c2  s38  local  51        69.4 ms HE    1 dec  0 frames
2026-09-28T13:39:51.020616660Z c2  s39  local  52        70.5 ms HE    1 dec  0 frames
2026-09-28T13:39:51.306251904Z c2  s40  2pc    37       279.6 ms HE    4 dec  4 frames  + 5.8 ms peer-wait  (seq 31)
2026-09-28T13:39:51.588047614Z c2  s41  notify 38       279.7 ms HE    4 dec  2 frames  + 1.8 ms peer-wait  (seq 32)
2026-09-28T13:39:51.588226699Z -- cycle 2/5 done at 31083.4 ms --
2026-09-28T13:39:51.588267319Z 
2026-09-28T13:39:51.588286728Z -- cycle 3/5 --
2026-09-28T13:39:51.658373808Z c3  s0   local  21        69.8 ms HE    1 dec  0 frames
2026-09-28T13:39:51.728119424Z c3  s1   local  11        69.6 ms HE    1 dec  0 frames
2026-09-28T13:39:51.796975216Z c3  s2   local  12        69.4 ms HE    1 dec  0 frames
2026-09-28T13:39:53.728679129Z c3  s3   2pc    31       277.3 ms HE    4 dec  4 frames  + 1506.8 ms peer-wait  (seq 33)
2026-09-28T13:39:54.007688208Z c3  s4   notify 32       277.7 ms HE    4 dec  2 frames  + 1.4 ms peer-wait  (seq 34)
2026-09-28T13:39:54.077124176Z c3  s5   local  41        69.3 ms HE    1 dec  0 frames
2026-09-28T13:39:54.146491612Z c3  s6   local  22        69.2 ms HE    1 dec  0 frames
2026-09-28T13:39:54.216109768Z c3  s7   local  42        69.5 ms HE    1 dec  0 frames
2026-09-28T13:39:56.001916024Z c3  s8   2pc    33       277.6 ms HE    4 dec  4 frames  + 1507.5 ms peer-wait  (seq 35)
2026-09-28T13:39:56.495250383Z c3  s9   notify 34       279.3 ms HE    4 dec  2 frames  + 1.6 ms peer-wait  (seq 36)
2026-09-28T13:39:56.776752653Z c3  s10  2pc    35       278.0 ms HE    4 dec  4 frames  + 4.3 ms peer-wait  (seq 37)
2026-09-28T13:39:56.846128693Z c3  s11  local  53        69.3 ms HE    1 dec  0 frames
2026-09-28T13:39:56.915497629Z c3  s12  local  54        69.3 ms HE    1 dec  0 frames
2026-09-28T13:39:57.194963427Z c3  s13  notify 36       277.7 ms HE    4 dec  2 frames  + 1.4 ms peer-wait  (seq 38)
2026-09-28T13:39:57.478670950Z c3  s14  2pc    39       277.9 ms HE    4 dec  4 frames  + 5.4 ms peer-wait  (seq 39)
2026-09-28T13:40:08.876300484Z c3  s16  notify 30       279.4 ms HE    4 dec  2 frames  + 1.6 ms peer-wait  (seq 40)
2026-09-28T13:40:08.946742533Z c3  s25  local  11        69.7 ms HE    1 dec  0 frames
2026-09-28T13:40:09.016597702Z c3  s26  local  21        69.6 ms HE    1 dec  0 frames
2026-09-28T13:40:09.085976444Z c3  s27  local  12        69.5 ms HE    1 dec  0 frames
2026-09-28T13:39:58.949166638Z c3  s28  2pc    31       279.0 ms HE    4 dec  4 frames  + 5.6 ms peer-wait  (seq 41)
2026-09-28T13:39:59.228800515Z c3  s29  notify 32       278.6 ms HE    4 dec  2 frames  + 1.8 ms peer-wait  (seq 42)
2026-09-28T13:39:59.299768416Z c3  s30  local  41        69.9 ms HE    1 dec  0 frames
2026-09-28T13:39:59.369142455Z c3  s31  local  42        69.7 ms HE    1 dec  0 frames
2026-09-28T13:40:01.153929724Z c3  s32  2pc    35       279.1 ms HE    4 dec  4 frames  + 1505.8 ms peer-wait  (seq 43)
2026-09-28T13:40:01.436020075Z c3  s33  notify 36       279.6 ms HE    4 dec  2 frames  + 1.7 ms peer-wait  (seq 44)
2026-09-28T13:40:01.506791681Z c3  s34  local  22        70.2 ms HE    1 dec  0 frames
2026-09-28T13:40:03.361108952Z c3  s36  2pc    33       278.9 ms HE    4 dec  4 frames  + 1509.8 ms peer-wait  (seq 45)
2026-09-28T13:40:03.642576205Z c3  s37  notify 34       279.1 ms HE    4 dec  2 frames  + 1.7 ms peer-wait  (seq 46)
2026-09-28T13:40:03.712636772Z c3  s38  local  51        69.8 ms HE    1 dec  0 frames
2026-09-28T13:40:03.781914265Z c3  s39  local  52        69.7 ms HE    1 dec  0 frames
2026-09-28T13:40:04.066714510Z c3  s40  2pc    37       279.4 ms HE    4 dec  4 frames  + 4.5 ms peer-wait  (seq 47)
2026-09-28T13:40:04.348181363Z c3  s41  notify 38       279.8 ms HE    4 dec  2 frames  + 1.6 ms peer-wait  (seq 48)
2026-09-28T13:40:04.348312026Z -- cycle 3/5 done at 43852.2 ms --
2026-09-28T13:40:04.348329334Z 
2026-09-28T13:40:04.348337438Z -- cycle 4/5 --
2026-09-28T13:40:04.418324470Z c4  s0   local  21        69.8 ms HE    1 dec  0 frames
2026-09-28T13:40:04.488612245Z c4  s1   local  11        69.8 ms HE    1 dec  0 frames
2026-09-28T13:40:04.558975257Z c4  s2   local  12        70.0 ms HE    1 dec  0 frames
2026-09-28T13:40:04.983169489Z c4  s3   2pc    31       278.4 ms HE    4 dec  4 frames  + 5.8 ms peer-wait  (seq 49)
2026-09-28T13:40:05.264997214Z c4  s4   notify 32       279.6 ms HE    4 dec  2 frames  + 1.8 ms peer-wait  (seq 50)
2026-09-28T13:40:05.334807561Z c4  s5   local  41        69.8 ms HE    1 dec  0 frames
2026-09-28T13:40:05.405326247Z c4  s6   local  22        69.8 ms HE    1 dec  0 frames
2026-09-28T13:40:05.473874192Z c4  s7   local  42        69.3 ms HE    1 dec  0 frames
2026-09-28T13:40:05.759816382Z c4  s8   2pc    33       279.4 ms HE    4 dec  4 frames  + 5.8 ms peer-wait  (seq 51)
2026-09-28T13:40:07.544830760Z c4  s9   notify 34       279.5 ms HE    4 dec  2 frames  + 1505.2 ms peer-wait  (seq 52)
2026-09-28T13:40:09.344999901Z c4  s10  2pc    35       279.3 ms HE    4 dec  4 frames  + 1505.9 ms peer-wait  (seq 53)
2026-09-28T13:40:09.414369738Z c4  s11  local  53        69.6 ms HE    1 dec  0 frames
2026-09-28T13:40:09.484276632Z c4  s12  local  54        69.4 ms HE    1 dec  0 frames
2026-09-28T13:40:09.765905362Z c4  s13  notify 36       279.3 ms HE    4 dec  2 frames  + 1.9 ms peer-wait  (seq 54)
2026-09-28T13:40:10.052160102Z c4  s14  2pc    39       279.4 ms HE    4 dec  4 frames  + 6.2 ms peer-wait  (seq 55)
2026-09-28T13:40:10.473946284Z c4  s16  notify 30       279.1 ms HE    4 dec  2 frames  + 1.4 ms peer-wait  (seq 56)
2026-09-28T13:40:10.544374627Z c4  s25  local  11        69.9 ms HE    1 dec  0 frames
2026-09-28T13:40:10.615082003Z c4  s26  local  21        70.1 ms HE    1 dec  0 frames
2026-09-28T13:40:10.685364175Z c4  s27  local  12        69.9 ms HE    1 dec  0 frames
2026-09-28T13:40:11.531284360Z c4  s28  2pc    31       280.4 ms HE    4 dec  4 frames  + 6.0 ms peer-wait  (seq 57)
2026-09-28T13:40:11.812980323Z c4  s29  notify 32       279.7 ms HE    4 dec  2 frames  + 1.7 ms peer-wait  (seq 58)
2026-09-28T13:40:11.882760456Z c4  s30  local  41        69.8 ms HE    1 dec  0 frames
2026-09-28T13:40:11.953494444Z c4  s31  local  42        69.9 ms HE    1 dec  0 frames
2026-09-28T13:40:12.239693458Z c4  s32  2pc    35       279.7 ms HE    4 dec  4 frames  + 6.5 ms peer-wait  (seq 59)
2026-09-28T13:40:12.521559502Z c4  s33  notify 36       279.7 ms HE    4 dec  2 frames  + 2.0 ms peer-wait  (seq 60)
2026-09-28T13:40:12.591450888Z c4  s34  local  22        69.7 ms HE    1 dec  0 frames
2026-09-28T13:40:14.435470700Z c4  s36  2pc    33       280.0 ms HE    4 dec  4 frames  + 1504.3 ms peer-wait  (seq 61)
2026-09-28T13:40:14.951196456Z c4  s37  notify 34       279.5 ms HE    4 dec  2 frames  + 1.6 ms peer-wait  (seq 62)
2026-09-28T13:40:15.021698133Z c4  s38  local  51        70.3 ms HE    1 dec  0 frames
2026-09-28T13:40:15.092270645Z c4  s39  local  52        69.8 ms HE    1 dec  0 frames
2026-09-28T13:40:15.377712897Z c4  s40  2pc    37       280.8 ms HE    4 dec  4 frames  + 4.9 ms peer-wait  (seq 63)
2026-09-28T13:40:15.659528416Z c4  s41  notify 38       279.9 ms HE    4 dec  2 frames  + 1.6 ms peer-wait  (seq 64)
2026-09-28T13:40:15.659693795Z -- cycle 4/5 done at 55164.6 ms --
2026-09-28T13:40:15.659728712Z 
2026-09-28T13:40:15.659802947Z -- cycle 5/5 --
2026-09-28T13:40:15.729796282Z c5  s0   local  21        69.9 ms HE    1 dec  0 frames
2026-09-28T13:40:15.800281552Z c5  s1   local  11        70.2 ms HE    1 dec  0 frames
2026-09-28T13:40:15.870875974Z c5  s2   local  12        70.2 ms HE    1 dec  0 frames
2026-09-28T13:40:17.796883502Z c5  s3   2pc    31       278.5 ms HE    4 dec  4 frames  + 1506.5 ms peer-wait  (seq 65)
2026-09-28T13:40:18.293578246Z c5  s4   notify 32       278.1 ms HE    4 dec  2 frames  + 1.6 ms peer-wait  (seq 66)
2026-09-28T13:40:18.364157761Z c5  s5   local  41        69.9 ms HE    1 dec  0 frames
2026-09-28T13:40:18.433309294Z c5  s6   local  22        69.5 ms HE    1 dec  0 frames
2026-09-28T13:40:18.502733657Z c5  s7   local  42        69.4 ms HE    1 dec  0 frames
2026-09-28T13:40:18.787234059Z c5  s8   2pc    33       278.7 ms HE    4 dec  4 frames  + 5.5 ms peer-wait  (seq 67)
2026-09-28T13:40:19.069555620Z c5  s9   notify 34       279.9 ms HE    4 dec  2 frames  + 1.7 ms peer-wait  (seq 68)
2026-09-28T13:40:19.353694850Z c5  s10  2pc    35       279.5 ms HE    4 dec  4 frames  + 4.5 ms peer-wait  (seq 69)
2026-09-28T13:40:19.423752615Z c5  s11  local  53        69.8 ms HE    1 dec  0 frames
2026-09-28T13:40:19.493762458Z c5  s12  local  54        69.7 ms HE    1 dec  0 frames
2026-09-28T13:40:19.775703938Z c5  s13  notify 36       279.7 ms HE    4 dec  2 frames  + 1.8 ms peer-wait  (seq 70)
2026-09-28T13:40:20.059895592Z c5  s14  2pc    39       279.1 ms HE    4 dec  4 frames  + 4.8 ms peer-wait  (seq 71)
2026-09-28T13:40:20.484060310Z c5  s16  notify 30       280.2 ms HE    4 dec  2 frames  + 1.9 ms peer-wait  (seq 72)
2026-09-28T13:40:20.552734815Z c5  s25  local  11        69.4 ms HE    1 dec  0 frames
2026-09-28T13:40:20.623063910Z c5  s26  local  21        69.4 ms HE    1 dec  0 frames
2026-09-28T13:40:20.692099188Z c5  s27  local  12        69.5 ms HE    1 dec  0 frames
2026-09-28T13:40:21.536036225Z c5  s28  2pc    31       279.2 ms HE    4 dec  4 frames  + 4.1 ms peer-wait  (seq 73)
2026-09-28T13:40:21.817771806Z c5  s29  notify 32       279.4 ms HE    4 dec  2 frames  + 1.7 ms peer-wait  (seq 74)
2026-09-28T13:40:21.887519124Z c5  s30  local  41        69.9 ms HE    1 dec  0 frames
2026-09-28T13:40:21.957784289Z c5  s31  local  42        69.9 ms HE    1 dec  0 frames
2026-09-28T13:40:22.243811720Z c5  s32  2pc    35       279.3 ms HE    4 dec  4 frames  + 6.4 ms peer-wait  (seq 75)
2026-09-28T13:40:22.524383645Z c5  s33  notify 36       278.8 ms HE    4 dec  2 frames  + 1.6 ms peer-wait  (seq 76)
2026-09-28T13:40:22.594896929Z c5  s34  local  22        70.2 ms HE    1 dec  0 frames
2026-09-28T13:40:33.926516547Z c5  s36  2pc    33       280.4 ms HE    4 dec  4 frames  + 5.9 ms peer-wait  (seq 77)
2026-09-28T13:40:23.232267064Z c5  s37  notify 34       279.2 ms HE    4 dec  2 frames  + 1.4 ms peer-wait  (seq 78)
2026-09-28T13:40:23.301729446Z c5  s38  local  51        69.4 ms HE    1 dec  0 frames
2026-09-28T13:40:23.371762299Z c5  s39  local  52        69.5 ms HE    1 dec  0 frames
2026-09-28T13:40:23.655768865Z c5  s40  2pc    37       279.4 ms HE    4 dec  4 frames  + 4.0 ms peer-wait  (seq 79)
2026-09-28T13:40:25.451914060Z c5  s41  notify 38       279.1 ms HE    4 dec  2 frames  + 1516.7 ms peer-wait  (seq 80)
2026-09-28T13:40:25.452049225Z -- cycle 5/5 done at 64952.9 ms --
2026-09-28T13:40:25.452074036Z 
2026-09-28T13:40:25.452088343Z ============================================================
2026-09-28T13:40:25.452363175Z   SUMMARY — node 1/2 — LOCAL MODULAR — UDP/IP multicast (RFC 1112)
2026-09-28T13:40:25.452427605Z ============================================================
2026-09-28T13:40:25.452446915Z   events this node FIRED:
2026-09-28T13:40:25.452462022Z   local (no network)     n=80   avg    71.70 ms  (HE   71.50 + net    0.00)  min   69.29  max   141.50   10.0%
2026-09-28T13:40:25.452475328Z   shared controllable    n=40   avg   734.83 ms  (HE  279.14 + net  455.53)  min  281.20  max  3287.58   51.5%
2026-09-28T13:40:25.452490235Z   shared uncontroll.     n=40   avg   549.44 ms  (HE  284.49 + net  264.76)  min  278.89  max  3492.45   38.5%
2026-09-28T13:40:25.452505342Z   events this node APPLIED for a peer (participant side):
2026-09-28T13:40:25.452519249Z   shared, applied              (none on this node)
2026-09-28T13:40:25.452533356Z   sync-wait (peers reaching a shared step): n=80 avg 98.05 ms, 7.8 s total
2026-09-28T13:40:25.452546062Z      not protocol cost — the plant catching up; kept out of the rows above
2026-09-28T13:40:25.452559468Z   run clock, end of cycles 1..5 (ms): 21252.3 31083.4 43852.2 55164.6 64952.9
2026-09-28T13:40:25.452573675Z      a cycle is over at the LATEST node's value; DES_WORK_MS 0 included
2026-09-28T13:40:25.452587182Z   ----------------------------------------------------------
2026-09-28T13:40:25.452599888Z   all events            n=160  avg   356.92 ms  (HE  176.66 + net  180.07)
2026-09-28T13:40:25.452613594Z   PEER-WAIT + WIRE      50.5 % of total step time
2026-09-28T13:40:25.452626300Z      (compare against the round-trip probe above: the excess is
2026-09-28T13:40:25.452637306Z       the peer's own HE work, not the link.)
2026-09-28T13:40:25.452648211Z   frames: tx=169 rx=312 retransmits=19
2026-09-28T13:40:25.452658716Z   authentication: HMAC-SHA256/128, 3.1 us per frame; 0 rejected (bad tag), 0 stale/replayed dropped, 1 epoch challenges
2026-09-28T13:40:25.452671422Z   rx queue: peak 2/64 frames
2026-09-28T13:40:25.452682527Z   plant check: 0 event reports rejected as physically impossible
2026-09-28T13:40:25.452862313Z      (these supervisors carry the plant: an impossible uncontrollable event is caught)
2026-09-28T13:40:25.452887525Z   injected frame loss: 5 %
2026-09-28T13:40:25.452901132Z   ----------------------------------------------------------
2026-09-28T13:40:25.452982270Z   homomorphic vs cleartext oracle : PASS — every encrypted bit matched
2026-09-28T13:40:25.452999779Z      (PASS certifies the cryptography: each node's encrypted bits
2026-09-28T13:40:25.453012285Z       match its own clear model for the events it applied. It does
2026-09-28T13:40:25.453036796Z       not certify the distributed run — read the skips for that.)
2026-09-28T13:40:25.453171060Z   distributed vs MONOLITHIC sup.  : off — this header has no monolithic supervisor
2026-09-28T13:40:25.453204777Z   safe halt                       : no — ran to completion
2026-09-28T13:40:25.453215182Z ============================================================
2026-09-28T13:40:35.455508861Z @@RESULT {"node":1,"nodes":2,"family":"LOCAL MODULAR","data":"supervisor_data_fms.h","transport":"UDP/IP multicast (RFC 1112)","fingerprint":"edbd7971","supervisors":["S0","S1","S2","S3"],"fired":{"local":80,"ctrl":40,"unctrl":40},"applied_for_peers":0,"skips":0,"impossible":0,"tx":169,"rx":312,"retx":19,"auth_bad":0,"replays":0,"challenges":1,"mac_us":3.14,"rxq_peak":2,"rxq_drops":0,"sync_wait_ms":7844.0,"oracle":"PASS","safe_halt":false,"halt_reason":"","cycle_end_ms":[21252.3,31083.4,43852.2,55164.6,64952.9],"rounds":5,"work_ms":0,"emu_scalarmul_ms":69.0,"loss_pct":5,"loss_seed":2107577641,"exit":0}
