2026-09-28T00:24:56.360663198Z des_container: node 3 of 7, LOCAL MODULAR, data supervisor_data_fms.h, transport UDP/IP multicast (RFC 1112)
2026-09-28T00:24:56.360714105Z des_container: EMULATING the ESP32 — every decryption takes at least 69.0 ms (DES_EMU_SCALARMUL_MS)
2026-09-28T00:24:56.360719805Z 
2026-09-28T00:24:56.360722106Z ============================================================
2026-09-28T00:24:56.360724306Z   Distributed Homomorphic DES — generic engine
2026-09-28T00:24:56.360726606Z   node 3/7   family LOCAL MODULAR   7 supervisors   31 events
2026-09-28T00:24:56.360728807Z   data: supervisor_data_fms.h
2026-09-28T00:24:56.360731007Z ============================================================
2026-09-28T00:24:56.361826544Z --- event routing (DERIVED from the header, not hardcoded) ---
2026-09-28T00:24:56.361841746Z   event  ctrl  nodes      owner  class
2026-09-28T00:24:56.361843647Z   11     yes   1          1      local — no network
2026-09-28T00:24:56.361845447Z   12     no    1          1      local — no network
2026-09-28T00:24:56.361846747Z   21     yes   2          2      local — no network
2026-09-28T00:24:56.361848047Z   22     no    2          2      local — no network
2026-09-28T00:24:56.361849447Z   30     no    1 2 3 4 5 6 7  1      SHARED — needs network
2026-09-28T00:24:56.361850747Z   31     yes   1 2 3 4 5 6 7  1      SHARED — needs network
2026-09-28T00:24:56.361852048Z   32     no    1 2 3 4 5 6 7  1      SHARED — needs network
2026-09-28T00:24:56.361853348Z   33     yes   1 2 3 4 5 6 7  1      SHARED — needs network
2026-09-28T00:24:56.361854548Z   34     no    1 2 3 4 5 6 7  1      SHARED — needs network
2026-09-28T00:24:56.361856348Z   35     yes   1 2 3 4 5 6 7  1      SHARED — needs network
2026-09-28T00:24:56.361857648Z   36     no    1 2 3 4 5 6 7  1      SHARED — needs network
2026-09-28T00:24:56.361858948Z   37     yes   1 2 3 4 5 6 7  1      SHARED — needs network
2026-09-28T00:24:56.361860249Z   38     no    1 2 3 4 5 6 7  1      SHARED — needs network
2026-09-28T00:24:56.361861549Z   39     yes   1 2 3 4 5 6 7  1      SHARED — needs network
2026-09-28T00:24:56.361862849Z   41     yes   3          3      local — no network
2026-09-28T00:24:56.361864149Z   42     no    3          3      local — no network
2026-09-28T00:24:56.361865349Z   51     yes   4          4      local — no network
2026-09-28T00:24:56.361866649Z   52     no    4          4      local — no network
2026-09-28T00:24:56.361867850Z   53     yes   4          4      local — no network
2026-09-28T00:24:56.361869150Z   54     no    4          4      local — no network
2026-09-28T00:24:56.361870450Z   61     yes   5 6 7      5      SHARED — needs network
2026-09-28T00:24:56.361871750Z   63     yes   5 6 7      5      SHARED — needs network
2026-09-28T00:24:56.361873050Z   64     no    5 6 7      5      SHARED — needs network
2026-09-28T00:24:56.361886752Z   65     yes   5 6 7      5      SHARED — needs network
2026-09-28T00:24:56.361888352Z   66     no    5 6 7      5      SHARED — needs network
2026-09-28T00:24:56.361889552Z   71     yes   7          7      local — no network
2026-09-28T00:24:56.361890853Z   72     no    7          7      local — no network
2026-09-28T00:24:56.361892053Z   73     yes   7          7      local — no network
2026-09-28T00:24:56.361893453Z   74     no    7          7      local — no network
2026-09-28T00:24:56.361894753Z   81     yes   7          7      local — no network
2026-09-28T00:24:56.361896053Z   82     no    7          7      local — no network
2026-09-28T00:24:56.361897553Z   => 15/31 events shared; 16/31 need ZERO network traffic; 12 concern this node
2026-09-28T00:24:56.361899254Z   NOTE controllability was INFERRED from event labels (the header
2026-09-28T00:24:56.361901254Z        does not carry it). Check the 'ctrl' column above; if it is
2026-09-28T00:24:56.361902554Z        wrong, set DES_CONTROLLABLE_MASK explicitly.
2026-09-28T00:24:56.361903854Z 
2026-09-28T00:24:56.361905154Z [init] config fingerprint 04511541 — every node must print the same
2026-09-28T00:24:56.361906454Z 
2026-09-28T00:24:56.362132483Z [net] UDP multicast 239.192.7.1:5077  ttl=1  frame=44 B
2026-09-28T00:24:56.362142384Z --- crypto self-test ---
2026-09-28T00:24:56.366304107Z   Enc(0)->0 Enc(1)->1                PASS
2026-09-28T00:24:56.367065802Z   Enc(1)+Enc(1)->1 homomorphic OR   PASS
2026-09-28T00:24:56.367765090Z   Enc(0)+Enc(0)->0                  PASS
2026-09-28T00:24:56.367798994Z   curve secp192r1, ciphertext 50 B    PASS
2026-09-28T00:24:56.367964615Z   frame tag HMAC-SHA256/128: 2.1 us, 1-bit tamper caught  PASS
2026-09-28T00:24:56.367975717Z 
2026-09-28T00:24:56.367978617Z --- encrypting my supervisors' initial states ---
2026-09-28T00:24:56.367980917Z [load] S2         idx 2   18 states  12 constraining ev     900 B ciphertext
2026-09-28T00:24:57.209862141Z [init] my keypair is mine alone; no ciphertext ever leaves this node
2026-09-28T00:24:57.209939651Z [init] my enablement: 11=1 12=1 21=1 22=1 30=0 31=1 32=0 33=1 34=0 35=0 36=0 37=1 38=0 39=1 41=0 42=0 51=1 52=1 53=1 54=1 61=1 63=1 64=1 65=1 66=1 71=1 72=1 73=1 74=1 81=1 82=1
2026-09-28T00:24:57.209950553Z 
2026-09-28T00:24:57.410828879Z [net] waiting for 6 peer(s). all present.
2026-09-28T00:24:58.917606200Z 
2026-09-28T00:24:58.917685810Z ============================================================
2026-09-28T00:24:58.917698111Z   RUN — SIM_SEQ driver — 5 cycles x 44 steps — LOCAL MODULAR
2026-09-28T00:24:58.917707612Z   columns: cN sNN = cycle/step of MY walk; · = a peer caused this
2026-09-28T00:24:58.917755018Z   'done at': run clock, common to all nodes; a cycle is over at the
2026-09-28T00:24:58.917763019Z   LATEST node's print, machine time (DES_WORK_MS 0) included
2026-09-28T00:24:58.917770120Z ============================================================
2026-09-28T00:24:58.917776921Z 
2026-09-28T00:24:58.917783122Z -- cycle 1/5 --
2026-09-28T00:24:59.606930565Z     ·     vote   31    YES to node 1          (seq 1)
2026-09-28T00:24:59.679621393Z     ·     apply  31        69.9 ms HE    1 dec  from node 1  (seq 1)
2026-09-28T00:24:59.840359779Z     ·     apply  32        69.7 ms HE    1 dec  from node 1  (seq 2)
2026-09-28T00:24:59.912897788Z c1  s5   local  41        69.7 ms HE    1 dec  0 frames
2026-09-28T00:24:59.982582039Z c1  s7   local  42        69.8 ms HE    1 dec  0 frames
2026-09-28T00:25:00.058818813Z     ·     vote   33    YES to node 1          (seq 3)
2026-09-28T00:25:00.131377525Z     ·     apply  33        69.6 ms HE    1 dec  from node 1  (seq 3)
2026-09-28T00:25:00.284915006Z     ·     apply  34        70.1 ms HE    1 dec  from node 1  (seq 4)
2026-09-28T00:25:00.443556028Z     ·     vote   35    YES to node 1          (seq 5)
2026-09-28T00:25:00.519678988Z     ·     apply  35        70.0 ms HE    1 dec  from node 1  (seq 5)
2026-09-28T00:25:00.737102192Z     ·     apply  36        69.9 ms HE    1 dec  from node 1  (seq 6)
2026-09-28T00:25:00.898424650Z     ·     vote   39    YES to node 1          (seq 7)
2026-09-28T00:25:00.970965460Z     ·     apply  39        69.8 ms HE    1 dec  from node 1  (seq 7)
2026-09-28T00:25:01.271363884Z     ·     apply  30        70.3 ms HE    1 dec  from node 1  (seq 8)
2026-09-28T00:25:02.011982700Z     ·     vote   31    YES to node 1          (seq 9)
2026-09-28T00:25:02.083313358Z     ·     apply  31        69.3 ms HE    1 dec  from node 1  (seq 9)
2026-09-28T00:25:02.160464847Z     ·     apply  32        69.9 ms HE    1 dec  from node 1  (seq 10)
2026-09-28T00:25:02.232907444Z c1  s30  local  41        69.9 ms HE    1 dec  0 frames
2026-09-28T00:25:02.303557416Z c1  s31  local  42        70.4 ms HE    1 dec  0 frames
2026-09-28T00:25:02.308654456Z     ·     vote   35    YES to node 1          (seq 11)
2026-09-28T00:25:02.381949661Z     ·     apply  35        70.1 ms HE    1 dec  from node 1  (seq 11)
2026-09-28T00:25:02.457891898Z     ·     apply  36        69.8 ms HE    1 dec  from node 1  (seq 12)
2026-09-28T00:25:02.758161005Z     ·     vote   33    YES to node 1          (seq 13)
2026-09-28T00:25:02.831308491Z     ·     apply  33        70.0 ms HE    1 dec  from node 1  (seq 13)
2026-09-28T00:25:02.908852729Z     ·     apply  34        69.8 ms HE    1 dec  from node 1  (seq 14)
2026-09-28T00:25:03.056063416Z     ·     vote   37    YES to node 1          (seq 15)
2026-09-28T00:25:03.128513114Z     ·     apply  37        69.8 ms HE    1 dec  from node 1  (seq 15)
2026-09-28T00:25:03.206355290Z     ·     apply  38        70.0 ms HE    1 dec  from node 1  (seq 16)
2026-09-28T00:25:03.208273631Z -- cycle 1/5 done at 3820.5 ms --
2026-09-28T00:25:03.208323937Z 
2026-09-28T00:25:03.208342639Z -- cycle 2/5 --
2026-09-28T00:25:03.373226845Z     ·     vote   31    YES to node 1          (seq 17)
2026-09-28T00:25:03.445802659Z     ·     apply  31        69.9 ms HE    1 dec  from node 1  (seq 17)
2026-09-28T00:25:03.523301992Z     ·     apply  32        69.9 ms HE    1 dec  from node 1  (seq 18)
2026-09-28T00:25:03.596309360Z c2  s5   local  41        69.6 ms HE    1 dec  0 frames
2026-09-28T00:25:03.665670270Z c2  s7   local  42        69.7 ms HE    1 dec  0 frames
2026-09-28T00:25:03.671687926Z     ·     vote   33    YES to node 1          (seq 19)
2026-09-28T00:25:03.743777279Z     ·     apply  33        69.9 ms HE    1 dec  from node 1  (seq 19)
2026-09-28T00:25:03.819958346Z     ·     apply  34        69.9 ms HE    1 dec  from node 1  (seq 20)
2026-09-28T00:25:03.826318744Z     ·     vote   35    YES to node 1          (seq 21)
2026-09-28T00:25:03.899723363Z     ·     apply  35        69.6 ms HE    1 dec  from node 1  (seq 21)
2026-09-28T00:25:04.113496008Z     ·     apply  36        69.8 ms HE    1 dec  from node 1  (seq 22)
2026-09-28T00:25:04.121565121Z     ·     vote   39    YES to node 1          (seq 23)
2026-09-28T00:25:04.196561640Z     ·     apply  39        70.1 ms HE    1 dec  from node 1  (seq 23)
2026-09-28T00:25:04.351765630Z     ·     apply  30        69.6 ms HE    1 dec  from node 1  (seq 24)
2026-09-28T00:25:04.934376094Z     ·     vote   31    YES to node 1          (seq 25)
2026-09-28T00:25:05.009083676Z     ·     apply  31        69.8 ms HE    1 dec  from node 1  (seq 25)
2026-09-28T00:25:05.084275919Z     ·     apply  32        69.5 ms HE    1 dec  from node 1  (seq 26)
2026-09-28T00:25:05.155892912Z c2  s30  local  41        69.3 ms HE    1 dec  0 frames
2026-09-28T00:25:05.226626395Z c2  s31  local  42        69.9 ms HE    1 dec  0 frames
2026-09-28T00:25:05.229508457Z     ·     vote   35    YES to node 1          (seq 27)
2026-09-28T00:25:05.305263370Z     ·     apply  35        69.7 ms HE    1 dec  from node 1  (seq 27)
2026-09-28T00:25:05.382856414Z     ·     apply  36        69.7 ms HE    1 dec  from node 1  (seq 28)
2026-09-28T00:25:05.469462790Z     ·     vote   33    YES to node 1          (seq 29)
2026-09-28T00:25:05.542808301Z     ·     apply  33        70.1 ms HE    1 dec  from node 1  (seq 29)
2026-09-28T00:25:05.618031647Z     ·     apply  34        69.2 ms HE    1 dec  from node 1  (seq 30)
2026-09-28T00:25:05.762881538Z     ·     vote   37    YES to node 1          (seq 31)
2026-09-28T00:25:05.838111485Z     ·     apply  37        69.8 ms HE    1 dec  from node 1  (seq 31)
2026-09-28T00:25:05.916371913Z     ·     apply  38        70.0 ms HE    1 dec  from node 1  (seq 32)
2026-09-28T00:25:05.918150336Z -- cycle 2/5 done at 6529.7 ms --
2026-09-28T00:25:05.918218645Z 
2026-09-28T00:25:05.918235947Z -- cycle 3/5 --
2026-09-28T00:25:06.076513224Z     ·     vote   31    YES to node 1          (seq 33)
2026-09-28T00:25:06.150593727Z     ·     apply  31        70.0 ms HE    1 dec  from node 1  (seq 33)
2026-09-28T00:25:06.226493558Z     ·     apply  32        69.6 ms HE    1 dec  from node 1  (seq 34)
2026-09-28T00:25:06.299088374Z c3  s5   local  41        69.7 ms HE    1 dec  0 frames
2026-09-28T00:25:06.369171375Z c3  s7   local  42        69.7 ms HE    1 dec  0 frames
2026-09-28T00:25:06.372942849Z     ·     vote   33    YES to node 1          (seq 35)
2026-09-28T00:25:06.447441905Z     ·     apply  33        69.8 ms HE    1 dec  from node 1  (seq 35)
2026-09-28T00:25:06.522883679Z     ·     apply  34        69.6 ms HE    1 dec  from node 1  (seq 36)
2026-09-28T00:25:06.530734265Z     ·     vote   35    YES to node 1          (seq 37)
2026-09-28T00:25:06.603048446Z     ·     apply  35        69.6 ms HE    1 dec  from node 1  (seq 37)
2026-09-28T00:25:18.490377094Z     ·     apply  36        69.8 ms HE    1 dec  from node 1  (seq 38)
2026-09-28T00:25:18.496384449Z     ·     vote   39    YES to node 1          (seq 39)
2026-09-28T00:25:18.571063127Z     ·     apply  39        70.0 ms HE    1 dec  from node 1  (seq 39)
2026-09-28T00:25:07.049256641Z     ·     apply  30        69.2 ms HE    1 dec  from node 1  (seq 40)
2026-09-28T00:25:07.631030900Z     ·     vote   31    YES to node 1          (seq 41)
2026-09-28T00:25:07.702662896Z     ·     apply  31        69.3 ms HE    1 dec  from node 1  (seq 41)
2026-09-28T00:25:07.778794457Z     ·     apply  32        69.4 ms HE    1 dec  from node 1  (seq 42)
2026-09-28T00:25:07.850140116Z c3  s30  local  41        69.2 ms HE    1 dec  0 frames
2026-09-28T00:25:07.919405414Z c3  s31  local  42        69.2 ms HE    1 dec  0 frames
2026-09-28T00:25:07.921849621Z     ·     vote   35    YES to node 1          (seq 43)
2026-09-28T00:25:07.993794356Z     ·     apply  35        69.4 ms HE    1 dec  from node 1  (seq 43)
2026-09-28T00:25:08.067779847Z     ·     apply  36        69.4 ms HE    1 dec  from node 1  (seq 44)
2026-09-28T00:25:08.149560217Z     ·     vote   33    YES to node 1          (seq 45)
2026-09-28T00:25:08.223341083Z     ·     apply  33        69.4 ms HE    1 dec  from node 1  (seq 45)
2026-09-28T00:25:08.299501847Z     ·     apply  34        69.4 ms HE    1 dec  from node 1  (seq 46)
2026-09-28T00:25:08.441249848Z     ·     vote   37    YES to node 1          (seq 47)
2026-09-28T00:25:08.512894145Z     ·     apply  37        69.3 ms HE    1 dec  from node 1  (seq 47)
2026-09-28T00:25:08.588932994Z     ·     apply  38        69.3 ms HE    1 dec  from node 1  (seq 48)
2026-09-28T00:25:08.591058861Z -- cycle 3/5 done at 9208.5 ms --
2026-09-28T00:25:08.591085364Z 
2026-09-28T00:25:08.591089264Z -- cycle 4/5 --
2026-09-28T00:25:08.748133486Z     ·     vote   31    YES to node 1          (seq 49)
2026-09-28T00:25:08.819972407Z     ·     apply  31        69.3 ms HE    1 dec  from node 1  (seq 49)
2026-09-28T00:25:08.895908043Z     ·     apply  32        69.4 ms HE    1 dec  from node 1  (seq 50)
2026-09-28T00:25:08.967301109Z c4  s5   local  41        69.2 ms HE    1 dec  0 frames
2026-09-28T00:25:09.036506400Z c4  s7   local  42        69.1 ms HE    1 dec  0 frames
2026-09-28T00:25:09.038679573Z     ·     vote   33    YES to node 1          (seq 51)
2026-09-28T00:25:09.110684715Z     ·     apply  33        69.4 ms HE    1 dec  from node 1  (seq 51)
2026-09-28T00:25:09.186614450Z     ·     apply  34        69.2 ms HE    1 dec  from node 1  (seq 52)
2026-09-28T00:25:09.191184624Z     ·     vote   35    YES to node 1          (seq 53)
2026-09-28T00:25:09.265006795Z     ·     apply  35        69.3 ms HE    1 dec  from node 1  (seq 53)
2026-09-28T00:25:09.475853573Z     ·     apply  36        69.3 ms HE    1 dec  from node 1  (seq 54)
2026-09-28T00:25:09.480101106Z     ·     vote   39    YES to node 1          (seq 55)
2026-09-28T00:25:09.551780908Z     ·     apply  39        69.3 ms HE    1 dec  from node 1  (seq 55)
2026-09-28T00:25:09.704757919Z     ·     apply  30        69.2 ms HE    1 dec  from node 1  (seq 56)
2026-09-28T00:25:10.273260211Z     ·     vote   31    YES to node 1          (seq 57)
2026-09-28T00:25:10.347141189Z     ·     apply  31        69.2 ms HE    1 dec  from node 1  (seq 57)
2026-09-28T00:25:10.421142982Z     ·     apply  32        69.4 ms HE    1 dec  from node 1  (seq 58)
2026-09-28T00:25:10.492855188Z c4  s30  local  41        69.2 ms HE    1 dec  0 frames
2026-09-28T00:25:10.562080581Z c4  s31  local  42        69.2 ms HE    1 dec  0 frames
2026-09-28T00:25:10.564436177Z     ·     vote   35    YES to node 1          (seq 59)
2026-09-28T00:25:10.637538057Z     ·     apply  35        69.8 ms HE    1 dec  from node 1  (seq 59)
2026-09-28T00:25:10.712631387Z     ·     apply  36        69.8 ms HE    1 dec  from node 1  (seq 60)
2026-09-28T00:25:10.798448064Z     ·     vote   33    YES to node 1          (seq 61)
2026-09-28T00:25:10.871342018Z     ·     apply  33        69.7 ms HE    1 dec  from node 1  (seq 61)
2026-09-28T00:25:10.948171466Z     ·     apply  34        69.5 ms HE    1 dec  from node 1  (seq 62)
2026-09-28T00:25:11.094918695Z     ·     vote   37    YES to node 1          (seq 63)
2026-09-28T00:25:11.167425300Z     ·     apply  37        69.6 ms HE    1 dec  from node 1  (seq 63)
2026-09-28T00:25:11.242380613Z     ·     apply  38        69.7 ms HE    1 dec  from node 1  (seq 64)
2026-09-28T00:25:11.245205268Z -- cycle 4/5 done at 11862.0 ms --
2026-09-28T00:25:11.245267076Z 
2026-09-28T00:25:11.245284978Z -- cycle 5/5 --
2026-09-28T00:25:11.403027887Z     ·     vote   31    YES to node 1          (seq 65)
2026-09-28T00:25:11.477802177Z     ·     apply  31        69.9 ms HE    1 dec  from node 1  (seq 65)
2026-09-28T00:25:11.554692333Z     ·     apply  32        69.3 ms HE    1 dec  from node 1  (seq 66)
2026-09-28T00:25:11.626081098Z c5  s5   local  41        69.2 ms HE    1 dec  0 frames
2026-09-28T00:25:11.695412905Z c5  s7   local  42        69.2 ms HE    1 dec  0 frames
2026-09-28T00:25:11.697704493Z     ·     vote   33    YES to node 1          (seq 67)
2026-09-28T00:25:23.446412076Z     ·     apply  33        69.4 ms HE    1 dec  from node 1  (seq 67)
2026-09-28T00:25:23.522593643Z     ·     apply  34        69.4 ms HE    1 dec  from node 1  (seq 68)
2026-09-28T00:25:23.527037801Z     ·     vote   35    YES to node 1          (seq 69)
2026-09-28T00:25:23.600748758Z     ·     apply  35        69.3 ms HE    1 dec  from node 1  (seq 69)
2026-09-28T00:25:12.141746004Z     ·     apply  36        69.2 ms HE    1 dec  from node 1  (seq 70)
2026-09-28T00:25:12.146207164Z     ·     vote   39    YES to node 1          (seq 71)
2026-09-28T00:25:12.219848512Z     ·     apply  39        69.2 ms HE    1 dec  from node 1  (seq 71)
2026-09-28T00:25:12.370993493Z     ·     apply  30        69.3 ms HE    1 dec  from node 1  (seq 72)
2026-09-28T00:25:12.952044161Z     ·     vote   31    YES to node 1          (seq 73)
2026-09-28T00:25:13.026029752Z     ·     apply  31        69.8 ms HE    1 dec  from node 1  (seq 73)
2026-09-28T00:25:13.102517458Z     ·     apply  32        69.9 ms HE    1 dec  from node 1  (seq 74)
2026-09-28T00:25:13.175196785Z c5  s30  local  41        69.8 ms HE    1 dec  0 frames
2026-09-28T00:25:13.244319465Z c5  s31  local  42        69.5 ms HE    1 dec  0 frames
2026-09-28T00:25:13.247147720Z     ·     vote   35    YES to node 1          (seq 75)
2026-09-28T00:25:13.319293780Z     ·     apply  35        69.6 ms HE    1 dec  from node 1  (seq 75)
2026-09-28T00:25:13.394780660Z     ·     apply  36        69.8 ms HE    1 dec  from node 1  (seq 76)
2026-09-28T00:25:13.480298899Z     ·     vote   33    YES to node 1          (seq 77)
2026-09-28T00:25:13.551811080Z     ·     apply  33        69.3 ms HE    1 dec  from node 1  (seq 77)
2026-09-28T00:25:13.628448504Z     ·     apply  34        69.5 ms HE    1 dec  from node 1  (seq 78)
2026-09-28T00:25:13.775984531Z     ·     vote   37    YES to node 1          (seq 79)
2026-09-28T00:25:13.848834380Z     ·     apply  37        69.8 ms HE    1 dec  from node 1  (seq 79)
2026-09-28T00:25:13.924176741Z     ·     apply  38        69.8 ms HE    1 dec  from node 1  (seq 80)
2026-09-28T00:25:13.926575343Z -- cycle 5/5 done at 14539.6 ms --
2026-09-28T00:25:13.926680556Z 
2026-09-28T00:25:13.926700158Z ============================================================
2026-09-28T00:25:13.926708459Z   SUMMARY — node 3/7 — LOCAL MODULAR — UDP/IP multicast (RFC 1112)
2026-09-28T00:25:13.926715960Z ============================================================
2026-09-28T00:25:13.926722261Z   events this node FIRED:
2026-09-28T00:25:13.926728462Z   local (no network)     n=20   avg    69.66 ms  (HE   69.54 + net    0.00)  min   69.20  max    70.59  100.0%
2026-09-28T00:25:13.926734763Z   shared controllable          (none on this node)
2026-09-28T00:25:13.926740463Z   shared uncontroll.           (none on this node)
2026-09-28T00:25:13.926746264Z   events this node APPLIED for a peer (participant side):
2026-09-28T00:25:13.926753165Z   shared, applied        n=80   avg    69.62 ms  (HE   69.62 + net    0.00)  min   69.19  max    70.25
2026-09-28T00:25:13.926759366Z   run clock, end of cycles 1..5 (ms): 3820.5 6529.7 9208.5 11862.0 14539.6
2026-09-28T00:25:13.926765066Z      a cycle is over at the LATEST node's value; DES_WORK_MS 0 included
2026-09-28T00:25:13.926770867Z   ----------------------------------------------------------
2026-09-28T00:25:13.926776968Z   all events            n=20   avg    69.66 ms  (HE   69.54 + net    0.00)
2026-09-28T00:25:13.926783069Z   PEER-WAIT + WIRE      0.0 % of total step time
2026-09-28T00:25:13.926788669Z      (compare against the round-trip probe above: the excess is
2026-09-28T00:25:13.926794370Z       the peer's own HE work, not the link.)
2026-09-28T00:25:13.926799971Z   frames: tx=246 rx=1579 retransmits=0
2026-09-28T00:25:13.926805572Z   authentication: HMAC-SHA256/128, 2.1 us per frame; 0 rejected (bad tag), 0 stale/replayed dropped, 6 epoch challenges
2026-09-28T00:25:13.926811672Z   rx queue: peak 9/64 frames
2026-09-28T00:25:13.926817373Z   plant check: 0 event reports rejected as physically impossible
2026-09-28T00:25:13.926823474Z      (these supervisors carry the plant: an impossible uncontrollable event is caught)
2026-09-28T00:25:13.926829375Z   ----------------------------------------------------------
2026-09-28T00:25:13.926835175Z   homomorphic vs cleartext oracle : PASS — every encrypted bit matched
2026-09-28T00:25:13.926841276Z      (PASS certifies the cryptography: each node's encrypted bits
2026-09-28T00:25:13.926846977Z       match its own clear model for the events it applied. It does
2026-09-28T00:25:13.926852677Z       not certify the distributed run — read the skips for that.)
2026-09-28T00:25:13.926858578Z   distributed vs MONOLITHIC sup.  : off — this header has no monolithic supervisor
2026-09-28T00:25:13.926864579Z   safe halt                       : no — ran to completion
2026-09-28T00:25:13.926870780Z ============================================================
2026-09-28T00:25:23.933531611Z @@RESULT {"node":3,"nodes":7,"family":"LOCAL MODULAR","data":"supervisor_data_fms.h","transport":"UDP/IP multicast (RFC 1112)","fingerprint":"04511541","supervisors":["S2"],"fired":{"local":20,"ctrl":0,"unctrl":0},"applied_for_peers":80,"skips":0,"impossible":0,"tx":246,"rx":1592,"retx":0,"auth_bad":0,"replays":0,"challenges":6,"mac_us":2.13,"rxq_peak":9,"rxq_drops":0,"sync_wait_ms":0.0,"oracle":"PASS","safe_halt":false,"halt_reason":"","cycle_end_ms":[3820.5,6529.7,9208.5,11862.0,14539.6],"rounds":5,"work_ms":0,"emu_scalarmul_ms":69.0,"exit":0}
