des_container: node 2 of 3, LOCAL MODULAR, data supervisor_data_fms.h, transport UDP/IP multicast (RFC 1112)
des_container: EMULATING the ESP32 — every decryption takes at least 69.0 ms (DES_EMU_SCALARMUL_MS)

============================================================
  Distributed Homomorphic DES — generic engine
  node 2/3   family LOCAL MODULAR   7 supervisors   31 events
  data: supervisor_data_fms.h
============================================================
--- event routing (DERIVED from the header, not hardcoded) ---
  event  ctrl  nodes      owner  class
  11     yes   1          1      local — no network
  12     no    1          1      local — no network
  21     yes   2          2      local — no network
  22     no    2          2      local — no network
  30     no    1 2 3      1      SHARED — needs network
  31     yes   1 2 3      1      SHARED — needs network
  32     no    1 2 3      1      SHARED — needs network
  33     yes   1 2 3      1      SHARED — needs network
  34     no    1 2 3      1      SHARED — needs network
  35     yes   1 2 3      1      SHARED — needs network
  36     no    1 2 3      1      SHARED — needs network
  37     yes   1 2 3      1      SHARED — needs network
  38     no    1 2 3      1      SHARED — needs network
  39     yes   1 2 3      1      SHARED — needs network
  41     yes   1          1      local — no network
  42     no    1          1      local — no network
  51     yes   2          2      local — no network
  52     no    2          2      local — no network
  53     yes   2          2      local — no network
  54     no    2          2      local — no network
  61     yes   1 2 3      1      SHARED — needs network
  63     yes   1 2 3      1      SHARED — needs network
  64     no    1 2 3      1      SHARED — needs network
  65     yes   1 2 3      1      SHARED — needs network
  66     no    1 2 3      1      SHARED — needs network
  71     yes   1          1      local — no network
  72     no    1          1      local — no network
  73     yes   1          1      local — no network
  74     no    1          1      local — no network
  81     yes   1          1      local — no network
  82     no    1          1      local — no network
  => 15/31 events shared; 16/31 need ZERO network traffic; 21 concern this node
  NOTE controllability was INFERRED from event labels (the header
       does not carry it). Check the 'ctrl' column above; if it is
       wrong, set DES_CONTROLLABLE_MASK explicitly.

[init] config fingerprint 6d9dd456 — every node must print the same

[net] UDP multicast 239.192.7.1:5077  ttl=1  frame=44 B
--- crypto self-test ---
  Enc(0)->0 Enc(1)->1                PASS
  Enc(1)+Enc(1)->1 homomorphic OR   PASS
  Enc(0)+Enc(0)->0                  PASS
  curve secp192r1, ciphertext 50 B    PASS
  frame tag HMAC-SHA256/128: 2.0 us, 1-bit tamper caught  PASS

--- encrypting my supervisors' initial states ---
[load] S1         idx 1   18 states  12 constraining ev     900 B ciphertext
[load] S3         idx 3   21 states  14 constraining ev    1050 B ciphertext
[load] S4         idx 4   44 states  15 constraining ev    2200 B ciphertext
[init] my keypair is mine alone; no ciphertext ever leaves this node
[init] my enablement: 11=1 12=1 21=1 22=0 30=0 31=1 32=0 33=0 34=0 35=1 36=0 37=0 38=0 39=0 41=1 42=1 51=0 52=0 53=0 54=0 61=0 63=0 64=0 65=0 66=0 71=1 72=1 73=1 74=1 81=1 82=1

[net] waiting for 2 peer(s)..... all present.

============================================================
  RUN — SIM_SEQ driver — 5 cycles x 44 steps — LOCAL MODULAR
  columns: cN sNN = cycle/step of MY walk; · = a peer caused this
  'done at': run clock, common to all nodes; a cycle is over at the
  LATEST node's print, machine time (DES_WORK_MS 0) included
============================================================

-- cycle 1/5 --
c1  s0   local  21       141.4 ms HE    2 dec  0 frames
    ·     vote   31    YES to node 1          (seq 1)
    ·     apply  31       212.8 ms HE    3 dec  from node 1  (seq 1)
    ·     apply  32       491.5 ms HE    7 dec  from node 1  (seq 2)
c1  s6   local  22        69.6 ms HE    1 dec  0 frames
    ·     vote   33    YES to node 1          (seq 3)
    ·     apply  33       211.5 ms HE    3 dec  from node 1  (seq 3)
    ·     apply  34       283.0 ms HE    4 dec  from node 1  (seq 4)
    ·     vote   35    YES to node 1          (seq 5)
    ·     apply  35       210.4 ms HE    3 dec  from node 1  (seq 5)
c1  s11  local  53        69.6 ms HE    1 dec  0 frames
c1  s12  local  54        69.5 ms HE    1 dec  0 frames
    ·     apply  36       279.5 ms HE    4 dec  from node 1  (seq 6)
    ·     vote   39    YES to node 1          (seq 7)
    ·     apply  39       280.8 ms HE    4 dec  from node 1  (seq 7)
    ·     vote   61    YES to node 1          (seq 8)
    ·     apply  61        69.7 ms HE    1 dec  from node 1  (seq 8)
    ·     apply  30       209.8 ms HE    3 dec  from node 1  (seq 9)
    ·     vote   65    YES to node 1          (seq 10)
    ·     apply  65        70.2 ms HE    1 dec  from node 1  (seq 10)
    ·     apply  66        69.6 ms HE    1 dec  from node 1  (seq 11)
c1  s26  local  21        69.8 ms HE    1 dec  0 frames
    ·     vote   31    YES to node 1          (seq 12)
    ·     apply  31       208.8 ms HE    3 dec  from node 1  (seq 12)
    ·     apply  32       209.4 ms HE    3 dec  from node 1  (seq 13)
    ·     vote   35    YES to node 1          (seq 14)
    ·     apply  35       208.8 ms HE    3 dec  from node 1  (seq 14)
    ·     apply  36       209.2 ms HE    3 dec  from node 1  (seq 15)
c1  s34  local  22        69.6 ms HE    1 dec  0 frames
    ·     vote   61    YES to node 1          (seq 16)
    ·     apply  61        69.8 ms HE    1 dec  from node 1  (seq 16)
    ·     vote   33    YES to node 1          (seq 17)
    ·     apply  33       208.6 ms HE    3 dec  from node 1  (seq 17)
    ·     apply  34       209.7 ms HE    3 dec  from node 1  (seq 18)
c1  s38  local  51        69.7 ms HE    1 dec  0 frames
c1  s39  local  52        69.6 ms HE    1 dec  0 frames
    ·     vote   37    YES to node 1          (seq 19)
    ·     apply  37       208.7 ms HE    3 dec  from node 1  (seq 19)
    ·     apply  38       209.1 ms HE    3 dec  from node 1  (seq 20)
    ·     vote   63    YES to node 1          (seq 21)
    ·     apply  63        69.7 ms HE    1 dec  from node 1  (seq 21)
    ·     apply  64        69.4 ms HE    1 dec  from node 1  (seq 22)
-- cycle 1/5 done at 6361.6 ms --

-- cycle 2/5 --
c2  s0   local  21        69.5 ms HE    1 dec  0 frames
    ·     vote   31    YES to node 1          (seq 23)
    ·     apply  31       209.0 ms HE    3 dec  from node 1  (seq 23)
    ·     apply  32       208.4 ms HE    3 dec  from node 1  (seq 24)
c2  s6   local  22        69.1 ms HE    1 dec  0 frames
    ·     vote   33    YES to node 1          (seq 25)
    ·     apply  33       207.6 ms HE    3 dec  from node 1  (seq 25)
    ·     apply  34       207.7 ms HE    3 dec  from node 1  (seq 26)
    ·     vote   35    YES to node 1          (seq 27)
    ·     apply  35       208.0 ms HE    3 dec  from node 1  (seq 27)
c2  s11  local  53        70.2 ms HE    1 dec  0 frames
c2  s12  local  54        69.5 ms HE    1 dec  0 frames
    ·     apply  36       208.7 ms HE    3 dec  from node 1  (seq 28)
    ·     vote   39    YES to node 1          (seq 29)
    ·     apply  39       209.0 ms HE    3 dec  from node 1  (seq 29)
    ·     vote   61    YES to node 1          (seq 30)
    ·     apply  61        69.5 ms HE    1 dec  from node 1  (seq 30)
    ·     apply  30       208.7 ms HE    3 dec  from node 1  (seq 31)
    ·     vote   65    YES to node 1          (seq 32)
    ·     apply  65        69.6 ms HE    1 dec  from node 1  (seq 32)
    ·     apply  66        69.7 ms HE    1 dec  from node 1  (seq 33)
c2  s26  local  21        69.7 ms HE    1 dec  0 frames
    ·     vote   31    YES to node 1          (seq 34)
    ·     apply  31       209.7 ms HE    3 dec  from node 1  (seq 34)
    ·     apply  32       209.1 ms HE    3 dec  from node 1  (seq 35)
    ·     vote   35    YES to node 1          (seq 36)
    ·     apply  35       208.3 ms HE    3 dec  from node 1  (seq 36)
    ·     apply  36       208.3 ms HE    3 dec  from node 1  (seq 37)
c2  s34  local  22        69.4 ms HE    1 dec  0 frames
    ·     vote   61    YES to node 1          (seq 38)
    ·     apply  61        69.7 ms HE    1 dec  from node 1  (seq 38)
    ·     vote   33    YES to node 1          (seq 39)
    ·     apply  33       209.2 ms HE    3 dec  from node 1  (seq 39)
    ·     apply  34       209.0 ms HE    3 dec  from node 1  (seq 40)
c2  s38  local  51        69.7 ms HE    1 dec  0 frames
c2  s39  local  52        69.9 ms HE    1 dec  0 frames
    ·     vote   37    YES to node 1          (seq 41)
    ·     apply  37       209.1 ms HE    3 dec  from node 1  (seq 41)
    ·     apply  38       208.9 ms HE    3 dec  from node 1  (seq 42)
    ·     vote   63    YES to node 1          (seq 43)
    ·     apply  63        69.6 ms HE    1 dec  from node 1  (seq 43)
    ·     apply  64        69.5 ms HE    1 dec  from node 1  (seq 44)
-- cycle 2/5 done at 11581.8 ms --

-- cycle 3/5 --
c3  s0   local  21        69.4 ms HE    1 dec  0 frames
    ·     vote   31    YES to node 1          (seq 45)
    ·     apply  31       209.0 ms HE    3 dec  from node 1  (seq 45)
    ·     apply  32       208.9 ms HE    3 dec  from node 1  (seq 46)
c3  s6   local  22        70.0 ms HE    1 dec  0 frames
    ·     vote   33    YES to node 1          (seq 47)
    ·     apply  33       209.4 ms HE    3 dec  from node 1  (seq 47)
    ·     apply  34       208.9 ms HE    3 dec  from node 1  (seq 48)
    ·     vote   35    YES to node 1          (seq 49)
    ·     apply  35       208.2 ms HE    3 dec  from node 1  (seq 49)
c3  s11  local  53        69.5 ms HE    1 dec  0 frames
c3  s12  local  54        69.8 ms HE    1 dec  0 frames
    ·     apply  36       209.8 ms HE    3 dec  from node 1  (seq 50)
    ·     vote   39    YES to node 1          (seq 51)
    ·     apply  39       209.5 ms HE    3 dec  from node 1  (seq 51)
    ·     vote   61    YES to node 1          (seq 52)
    ·     apply  61        69.8 ms HE    1 dec  from node 1  (seq 52)
    ·     apply  30       208.9 ms HE    3 dec  from node 1  (seq 53)
    ·     vote   65    YES to node 1          (seq 54)
    ·     apply  65        69.7 ms HE    1 dec  from node 1  (seq 54)
    ·     apply  66        69.7 ms HE    1 dec  from node 1  (seq 55)
c3  s26  local  21        69.8 ms HE    1 dec  0 frames
    ·     vote   31    YES to node 1          (seq 56)
    ·     apply  31       209.3 ms HE    3 dec  from node 1  (seq 56)
    ·     apply  32       209.5 ms HE    3 dec  from node 1  (seq 57)
    ·     vote   35    YES to node 1          (seq 58)
    ·     apply  35       208.2 ms HE    3 dec  from node 1  (seq 58)
    ·     apply  36       208.7 ms HE    3 dec  from node 1  (seq 59)
c3  s34  local  22        69.4 ms HE    1 dec  0 frames
    ·     vote   61    YES to node 1          (seq 60)
    ·     apply  61        69.7 ms HE    1 dec  from node 1  (seq 60)
    ·     vote   33    YES to node 1          (seq 61)
    ·     apply  33       209.0 ms HE    3 dec  from node 1  (seq 61)
    ·     apply  34       209.0 ms HE    3 dec  from node 1  (seq 62)
c3  s38  local  51        69.5 ms HE    1 dec  0 frames
c3  s39  local  52        69.4 ms HE    1 dec  0 frames
    ·     vote   37    YES to node 1          (seq 63)
    ·     apply  37       209.1 ms HE    3 dec  from node 1  (seq 63)
    ·     apply  38       209.1 ms HE    3 dec  from node 1  (seq 64)
    ·     vote   63    YES to node 1          (seq 65)
    ·     apply  63        69.8 ms HE    1 dec  from node 1  (seq 65)
    ·     apply  64        69.6 ms HE    1 dec  from node 1  (seq 66)
-- cycle 3/5 done at 16819.9 ms --

-- cycle 4/5 --
c4  s0   local  21        69.6 ms HE    1 dec  0 frames
    ·     vote   31    YES to node 1          (seq 67)
    ·     apply  31       208.9 ms HE    3 dec  from node 1  (seq 67)
    ·     apply  32       209.4 ms HE    3 dec  from node 1  (seq 68)
c4  s6   local  22        69.6 ms HE    1 dec  0 frames
    ·     vote   33    YES to node 1          (seq 69)
    ·     apply  33       208.9 ms HE    3 dec  from node 1  (seq 69)
    ·     apply  34       209.0 ms HE    3 dec  from node 1  (seq 70)
    ·     vote   35    YES to node 1          (seq 71)
    ·     apply  35       209.3 ms HE    3 dec  from node 1  (seq 71)
c4  s11  local  53        69.6 ms HE    1 dec  0 frames
c4  s12  local  54        69.7 ms HE    1 dec  0 frames
    ·     apply  36       209.1 ms HE    3 dec  from node 1  (seq 72)
    ·     vote   39    YES to node 1          (seq 73)
    ·     apply  39       209.0 ms HE    3 dec  from node 1  (seq 73)
    ·     vote   61    YES to node 1          (seq 74)
    ·     apply  61        69.5 ms HE    1 dec  from node 1  (seq 74)
    ·     apply  30       208.8 ms HE    3 dec  from node 1  (seq 75)
    ·     vote   65    YES to node 1          (seq 76)
    ·     apply  65        69.7 ms HE    1 dec  from node 1  (seq 76)
    ·     apply  66        69.7 ms HE    1 dec  from node 1  (seq 77)
c4  s26  local  21        69.3 ms HE    1 dec  0 frames
    ·     vote   31    YES to node 1          (seq 78)
    ·     apply  31       209.0 ms HE    3 dec  from node 1  (seq 78)
    ·     apply  32       209.2 ms HE    3 dec  from node 1  (seq 79)
    ·     vote   35    YES to node 1          (seq 80)
    ·     apply  35       209.1 ms HE    3 dec  from node 1  (seq 80)
    ·     apply  36       208.8 ms HE    3 dec  from node 1  (seq 81)
c4  s34  local  22        69.6 ms HE    1 dec  0 frames
    ·     vote   61    YES to node 1          (seq 82)
    ·     apply  61        69.6 ms HE    1 dec  from node 1  (seq 82)
    ·     vote   33    YES to node 1          (seq 83)
    ·     apply  33       209.4 ms HE    3 dec  from node 1  (seq 83)
    ·     apply  34       209.4 ms HE    3 dec  from node 1  (seq 84)
c4  s38  local  51        69.5 ms HE    1 dec  0 frames
c4  s39  local  52        69.2 ms HE    1 dec  0 frames
    ·     vote   37    YES to node 1          (seq 85)
    ·     apply  37       207.7 ms HE    3 dec  from node 1  (seq 85)
    ·     apply  38       207.8 ms HE    3 dec  from node 1  (seq 86)
    ·     vote   63    YES to node 1          (seq 87)
    ·     apply  63        69.2 ms HE    1 dec  from node 1  (seq 87)
    ·     apply  64        69.5 ms HE    1 dec  from node 1  (seq 88)
-- cycle 4/5 done at 22054.0 ms --

-- cycle 5/5 --
c5  s0   local  21        69.3 ms HE    1 dec  0 frames
    ·     vote   31    YES to node 1          (seq 89)
    ·     apply  31       208.1 ms HE    3 dec  from node 1  (seq 89)
    ·     apply  32       208.1 ms HE    3 dec  from node 1  (seq 90)
c5  s6   local  22        69.2 ms HE    1 dec  0 frames
    ·     vote   33    YES to node 1          (seq 91)
    ·     apply  33       207.6 ms HE    3 dec  from node 1  (seq 91)
    ·     apply  34       207.7 ms HE    3 dec  from node 1  (seq 92)
    ·     vote   35    YES to node 1          (seq 93)
    ·     apply  35       208.1 ms HE    3 dec  from node 1  (seq 93)
c5  s11  local  53        69.4 ms HE    1 dec  0 frames
c5  s12  local  54        69.5 ms HE    1 dec  0 frames
    ·     apply  36       208.4 ms HE    3 dec  from node 1  (seq 94)
    ·     vote   39    YES to node 1          (seq 95)
    ·     apply  39       208.3 ms HE    3 dec  from node 1  (seq 95)
    ·     vote   61    YES to node 1          (seq 96)
    ·     apply  61        69.3 ms HE    1 dec  from node 1  (seq 96)
    ·     apply  30       207.7 ms HE    3 dec  from node 1  (seq 97)
    ·     vote   65    YES to node 1          (seq 98)
    ·     apply  65        69.3 ms HE    1 dec  from node 1  (seq 98)
    ·     apply  66        69.8 ms HE    1 dec  from node 1  (seq 99)
c5  s26  local  21        69.7 ms HE    1 dec  0 frames
    ·     vote   31    YES to node 1          (seq 100)
    ·     apply  31       208.6 ms HE    3 dec  from node 1  (seq 100)
    ·     apply  32       207.7 ms HE    3 dec  from node 1  (seq 101)
    ·     vote   35    YES to node 1          (seq 102)
    ·     apply  35       209.1 ms HE    3 dec  from node 1  (seq 102)
    ·     apply  36       208.5 ms HE    3 dec  from node 1  (seq 103)
c5  s34  local  22        69.6 ms HE    1 dec  0 frames
    ·     vote   61    YES to node 1          (seq 104)
    ·     apply  61        69.8 ms HE    1 dec  from node 1  (seq 104)
    ·     vote   33    YES to node 1          (seq 105)
    ·     apply  33       208.9 ms HE    3 dec  from node 1  (seq 105)
    ·     apply  34       209.2 ms HE    3 dec  from node 1  (seq 106)
c5  s38  local  51        69.4 ms HE    1 dec  0 frames
c5  s39  local  52        69.7 ms HE    1 dec  0 frames
    ·     vote   37    YES to node 1          (seq 107)
    ·     apply  37       208.8 ms HE    3 dec  from node 1  (seq 107)
    ·     apply  38       208.6 ms HE    3 dec  from node 1  (seq 108)
    ·     vote   63    YES to node 1          (seq 109)
    ·     apply  63        69.7 ms HE    1 dec  from node 1  (seq 109)
    ·     apply  64        70.0 ms HE    1 dec  from node 1  (seq 110)
-- cycle 5/5 done at 27265.8 ms --

============================================================
  SUMMARY — node 2/3 — LOCAL MODULAR — UDP/IP multicast (RFC 1112)
============================================================
  events this node FIRED:
  local (no network)     n=40   avg    71.53 ms  (HE   71.37 + net    0.00)  min   69.17  max   141.60  100.0%
  shared controllable          (none on this node)
  shared uncontroll.           (none on this node)
  events this node APPLIED for a peer (participant side):
  shared, applied        n=110  avg   175.46 ms  (HE  175.46 + net    0.00)  min   69.24  max   491.48
  run clock, end of cycles 1..5 (ms): 6361.6 11581.8 16819.9 22054.0 27265.8
     a cycle is over at the LATEST node's value; DES_WORK_MS 0 included
  ----------------------------------------------------------
  all events            n=40   avg    71.53 ms  (HE   71.37 + net    0.00)
  PEER-WAIT + WIRE      0.0 % of total step time
     (compare against the round-trip probe above: the excess is
      the peer's own HE work, not the link.)
  frames: tx=321 rx=530 retransmits=0
  authentication: HMAC-SHA256/128, 2.0 us per frame; 0 rejected (bad tag), 0 stale/replayed dropped, 2 epoch challenges
  rx queue: peak 3/64 frames
  plant check: 0 event reports rejected as physically impossible
     (these supervisors carry the plant: an impossible uncontrollable event is caught)
  ----------------------------------------------------------
  homomorphic vs cleartext oracle : PASS — every encrypted bit matched
     (PASS certifies the cryptography: each node's encrypted bits
      match its own clear model for the events it applied. It does
      not certify the distributed run — read the skips for that.)
  distributed vs MONOLITHIC sup.  : off — this header has no monolithic supervisor
  safe halt                       : no — ran to completion
============================================================
@@RESULT {"node":2,"nodes":3,"family":"LOCAL MODULAR","data":"supervisor_data_fms.h","transport":"UDP/IP multicast (RFC 1112)","fingerprint":"6d9dd456","supervisors":["S1","S3","S4"],"fired":{"local":40,"ctrl":0,"unctrl":0},"applied_for_peers":110,"skips":0,"impossible":0,"tx":321,"rx":531,"retx":0,"auth_bad":0,"replays":0,"challenges":2,"mac_us":2.02,"rxq_peak":3,"rxq_drops":0,"sync_wait_ms":0.0,"oracle":"PASS","safe_halt":false,"halt_reason":"","cycle_end_ms":[6361.6,11581.8,16819.9,22054.0,27265.8],"rounds":5,"work_ms":0,"emu_scalarmul_ms":69.0,"exit":0}
