2026-09-28T13:18:15.153120471Z des_container: node 2 of 2, LOCAL MODULAR, data supervisor_data_fms.h, transport UDP/IP multicast (RFC 1112)
2026-09-28T13:18:15.153157588Z des_container: EMULATING the ESP32 — every decryption takes at least 69.0 ms (DES_EMU_SCALARMUL_MS)
2026-09-28T13:18:15.153161390Z des_container: dropping 10 % of received frames, seed 2751678067 (DES_LOSS_SEED to replay)
2026-09-28T13:18:15.153162891Z 
2026-09-28T13:18:15.153164192Z ============================================================
2026-09-28T13:18:15.153165492Z   Distributed Homomorphic DES — generic engine
2026-09-28T13:18:15.153166793Z   node 2/2   family LOCAL MODULAR   7 supervisors   31 events
2026-09-28T13:18:15.153168093Z   data: supervisor_data_fms.h
2026-09-28T13:18:15.153169294Z ============================================================
2026-09-28T13:18:15.158913338Z --- event routing (DERIVED from the header, not hardcoded) ---
2026-09-28T13:18:15.158941551Z   event  ctrl  nodes      owner  class
2026-09-28T13:18:15.158945453Z   11     yes   1          1      local — no network
2026-09-28T13:18:15.158948355Z   12     no    1          1      local — no network
2026-09-28T13:18:15.158950456Z   21     yes   1          1      local — no network
2026-09-28T13:18:15.158952357Z   22     no    1          1      local — no network
2026-09-28T13:18:15.158954357Z   30     no    1 2        1      SHARED — needs network
2026-09-28T13:18:15.158956358Z   31     yes   1 2        1      SHARED — needs network
2026-09-28T13:18:15.158958459Z   32     no    1 2        1      SHARED — needs network
2026-09-28T13:18:15.158960360Z   33     yes   1 2        1      SHARED — needs network
2026-09-28T13:18:15.158962261Z   34     no    1 2        1      SHARED — needs network
2026-09-28T13:18:15.158964362Z   35     yes   1 2        1      SHARED — needs network
2026-09-28T13:18:15.158966463Z   36     no    1 2        1      SHARED — needs network
2026-09-28T13:18:15.158968364Z   37     yes   1 2        1      SHARED — needs network
2026-09-28T13:18:15.158970465Z   38     no    1 2        1      SHARED — needs network
2026-09-28T13:18:15.158972366Z   39     yes   1 2        1      SHARED — needs network
2026-09-28T13:18:15.158974767Z   41     yes   1          1      local — no network
2026-09-28T13:18:15.158976868Z   42     no    1          1      local — no network
2026-09-28T13:18:15.158978769Z   51     yes   1          1      local — no network
2026-09-28T13:18:15.158983772Z   52     no    1          1      local — no network
2026-09-28T13:18:15.158985973Z   53     yes   1          1      local — no network
2026-09-28T13:18:15.158988374Z   54     no    1          1      local — no network
2026-09-28T13:18:15.158989874Z   61     yes   2          2      local — no network
2026-09-28T13:18:15.158991175Z   63     yes   2          2      local — no network
2026-09-28T13:18:15.159003181Z   64     no    2          2      local — no network
2026-09-28T13:18:15.159004682Z   65     yes   2          2      local — no network
2026-09-28T13:18:15.159005982Z   66     no    2          2      local — no network
2026-09-28T13:18:15.159007283Z   71     yes   2          2      local — no network
2026-09-28T13:18:15.159008583Z   72     no    2          2      local — no network
2026-09-28T13:18:15.159009884Z   73     yes   2          2      local — no network
2026-09-28T13:18:15.159011185Z   74     no    2          2      local — no network
2026-09-28T13:18:15.159012385Z   81     yes   2          2      local — no network
2026-09-28T13:18:15.159013686Z   82     no    2          2      local — no network
2026-09-28T13:18:15.159014986Z   => 10/31 events shared; 21/31 need ZERO network traffic; 21 concern this node
2026-09-28T13:18:15.159016587Z   NOTE controllability was INFERRED from event labels (the header
2026-09-28T13:18:15.159017888Z        does not carry it). Check the 'ctrl' column above; if it is
2026-09-28T13:18:15.159020389Z        wrong, set DES_CONTROLLABLE_MASK explicitly.
2026-09-28T13:18:15.159021790Z 
2026-09-28T13:18:15.159023090Z [init] config fingerprint edbd7971 — every node must print the same
2026-09-28T13:18:15.159024491Z 
2026-09-28T13:18:15.159104729Z [net] UDP multicast 239.192.7.1:5077  ttl=1  frame=44 B
2026-09-28T13:18:15.159113834Z --- crypto self-test ---
2026-09-28T13:18:15.161892361Z   Enc(0)->0 Enc(1)->1                PASS
2026-09-28T13:18:15.162565683Z   Enc(1)+Enc(1)->1 homomorphic OR   PASS
2026-09-28T13:18:15.163264716Z   Enc(0)+Enc(0)->0                  PASS
2026-09-28T13:18:15.163276222Z   curve secp192r1, ciphertext 50 B    PASS
2026-09-28T13:18:15.163555455Z   frame tag HMAC-SHA256/128: 2.8 us, 1-bit tamper caught  PASS
2026-09-28T13:18:15.163565160Z 
2026-09-28T13:18:15.163568061Z --- encrypting my supervisors' initial states ---
2026-09-28T13:18:15.163653302Z [load] S4         idx 4   44 states  15 constraining ev    2200 B ciphertext
2026-09-28T13:18:15.163660806Z [load] S5         idx 5   44 states  15 constraining ev    2200 B ciphertext
2026-09-28T13:18:15.163742645Z [load] S6         idx 6  164 states  21 constraining ev    8200 B ciphertext
2026-09-28T13:18:19.096367607Z [init] my keypair is mine alone; no ciphertext ever leaves this node
2026-09-28T13:18:19.096477860Z [init] my enablement: 11=1 12=1 21=1 22=1 30=0 31=1 32=0 33=1 34=0 35=1 36=0 37=1 38=0 39=1 41=1 42=1 51=1 52=1 53=1 54=1 61=0 63=0 64=0 65=0 66=0 71=0 72=0 73=0 74=0 81=0 82=0
2026-09-28T13:18:19.096503372Z 
2026-09-28T13:18:19.498908095Z [net] waiting for 1 peer(s).. all present.
2026-09-28T13:18:21.029986487Z 
2026-09-28T13:18:21.030092638Z ============================================================
2026-09-28T13:18:21.030103943Z   RUN — SIM_SEQ driver — 5 cycles x 44 steps — LOCAL MODULAR
2026-09-28T13:18:21.030111447Z   columns: cN sNN = cycle/step of MY walk; · = a peer caused this
2026-09-28T13:18:21.030117049Z   'done at': run clock, common to all nodes; a cycle is over at the
2026-09-28T13:18:21.030122252Z   LATEST node's print, machine time (DES_WORK_MS 0) included
2026-09-28T13:18:21.030127654Z ============================================================
2026-09-28T13:18:21.030132957Z 
2026-09-28T13:18:21.030138059Z -- cycle 1/5 --
2026-09-28T13:18:22.374414803Z     ·     vote   31    YES to node 1          (seq 1)
2026-09-28T13:18:22.744301492Z     ·     apply  31       366.0 ms HE    5 dec  from node 1  (seq 1)
2026-09-28T13:18:23.331618146Z     ·     apply  32       579.9 ms HE    8 dec  from node 1  (seq 2)
2026-09-28T13:18:23.453502168Z     ·     vote   33    YES to node 1          (seq 3)
2026-09-28T13:18:23.825620624Z     ·     apply  33       369.6 ms HE    5 dec  from node 1  (seq 3)
2026-09-28T13:18:24.404787584Z     ·     apply  34       574.5 ms HE    8 dec  from node 1  (seq 4)
2026-09-28T13:18:24.409758659Z     ·     vote   35    YES to node 1          (seq 5)
2026-09-28T13:18:25.880204444Z     ·     vote   35    YES to node 1          (seq 5)
2026-09-28T13:18:28.027694071Z     ·     apply  35       366.1 ms HE    5 dec  from node 1  (seq 5)
2026-09-28T13:18:28.609184342Z     ·     apply  36       575.7 ms HE    8 dec  from node 1  (seq 6)
2026-09-28T13:18:28.615162997Z     ·     vote   39    YES to node 1          (seq 7)
2026-09-28T13:18:29.044365722Z     ·     apply  39       424.4 ms HE    6 dec  from node 1  (seq 7)
2026-09-28T13:18:29.325020587Z c1  s15  local  61       278.3 ms HE    4 dec  0 frames
2026-09-28T13:18:40.910899563Z     ·     apply  30       278.5 ms HE    4 dec  from node 1  (seq 8)
2026-09-28T13:18:40.983840906Z c1  s17  local  71        69.7 ms HE    1 dec  0 frames
2026-09-28T13:18:41.054135885Z c1  s18  local  72        69.7 ms HE    1 dec  0 frames
2026-09-28T13:18:30.118338018Z c1  s19  local  81        69.4 ms HE    1 dec  0 frames
2026-09-28T13:18:30.187307163Z c1  s20  local  82        69.2 ms HE    1 dec  0 frames
2026-09-28T13:18:30.256854585Z c1  s21  local  73        69.2 ms HE    1 dec  0 frames
2026-09-28T13:18:30.326393203Z c1  s22  local  74        69.4 ms HE    1 dec  0 frames
2026-09-28T13:18:30.605330548Z c1  s23  local  65       278.7 ms HE    4 dec  0 frames
2026-09-28T13:18:30.885056069Z c1  s24  local  66       279.1 ms HE    4 dec  0 frames
2026-09-28T13:18:30.888499814Z     ·     vote   31    YES to node 1          (seq 9)
2026-09-28T13:18:31.101164801Z     ·     apply  31       209.7 ms HE    3 dec  from node 1  (seq 9)
2026-09-28T13:18:31.453967530Z     ·     apply  32       279.4 ms HE    4 dec  from node 1  (seq 10)
2026-09-28T13:18:31.764176213Z     ·     vote   35    YES to node 1          (seq 11)
2026-09-28T13:18:31.979158907Z     ·     apply  35       209.3 ms HE    3 dec  from node 1  (seq 11)
2026-09-28T13:18:32.329409917Z     ·     apply  36       279.4 ms HE    4 dec  from node 1  (seq 12)
2026-09-28T13:18:32.681324422Z c1  s35  local  61       349.3 ms HE    5 dec  0 frames
2026-09-28T13:18:32.684551464Z     ·     vote   33    YES to node 1          (seq 13)
2026-09-28T13:18:32.899390489Z     ·     apply  33       209.7 ms HE    3 dec  from node 1  (seq 13)
2026-09-28T13:18:33.249288331Z     ·     apply  34       279.1 ms HE    4 dec  from node 1  (seq 14)
2026-09-28T13:18:34.161305790Z     ·     vote   37    YES to node 1          (seq 15)
2026-09-28T13:18:37.660085612Z     ·     apply  37       208.7 ms HE    3 dec  from node 1  (seq 15)
2026-09-28T13:18:38.179627890Z     ·     apply  38       209.2 ms HE    3 dec  from node 1  (seq 16)
2026-09-28T13:18:38.391578736Z c1  s42  local  63       209.3 ms HE    3 dec  0 frames
2026-09-28T13:18:38.601655187Z c1  s43  local  64       209.8 ms HE    3 dec  0 frames
2026-09-28T13:18:38.601737126Z -- cycle 1/5 done at 16948.5 ms --
2026-09-28T13:18:38.601748631Z 
2026-09-28T13:18:38.601755735Z -- cycle 2/5 --
2026-09-28T13:18:38.604782481Z     ·     vote   31    YES to node 1          (seq 17)
2026-09-28T13:18:38.819652821Z     ·     apply  31       209.4 ms HE    3 dec  from node 1  (seq 17)
2026-09-28T13:18:39.100620636Z     ·     apply  32       209.5 ms HE    3 dec  from node 1  (seq 18)
2026-09-28T13:18:39.381327126Z     ·     vote   33    YES to node 1          (seq 19)
2026-09-28T13:18:39.594459236Z     ·     apply  33       209.9 ms HE    3 dec  from node 1  (seq 19)
2026-09-28T13:18:39.876938673Z     ·     apply  34       209.0 ms HE    3 dec  from node 1  (seq 20)
2026-09-28T13:18:50.939205041Z     ·     vote   35    YES to node 1          (seq 21)
2026-09-28T13:18:40.154355081Z     ·     apply  35       209.3 ms HE    3 dec  from node 1  (seq 21)
2026-09-28T13:18:43.856173591Z     ·     apply  36       209.0 ms HE    3 dec  from node 1  (seq 22)
2026-09-28T13:18:45.353113719Z     ·     vote   39    YES to node 1          (seq 23)
2026-09-28T13:18:45.566712352Z     ·     apply  39       208.8 ms HE    3 dec  from node 1  (seq 23)
2026-09-28T13:18:45.778177667Z c2  s15  local  61       208.8 ms HE    3 dec  0 frames
2026-09-28T13:18:45.990825245Z     ·     apply  30       209.3 ms HE    3 dec  from node 1  (seq 24)
2026-09-28T13:18:46.062892971Z c2  s17  local  71        69.7 ms HE    1 dec  0 frames
2026-09-28T13:18:46.133455978Z c2  s18  local  72        69.9 ms HE    1 dec  0 frames
2026-09-28T13:18:46.203308646Z c2  s19  local  81        69.6 ms HE    1 dec  0 frames
2026-09-28T13:18:46.273518584Z c2  s20  local  82        69.7 ms HE    1 dec  0 frames
2026-09-28T13:18:46.343273505Z c2  s21  local  73        69.9 ms HE    1 dec  0 frames
2026-09-28T13:18:46.413476841Z c2  s22  local  74        69.9 ms HE    1 dec  0 frames
2026-09-28T13:18:46.623544387Z c2  s23  local  65       209.8 ms HE    3 dec  0 frames
2026-09-28T13:18:46.833568413Z c2  s24  local  66       209.7 ms HE    3 dec  0 frames
2026-09-28T13:18:46.837175936Z     ·     vote   31    YES to node 1          (seq 25)
2026-09-28T13:18:47.049870437Z     ·     apply  31       209.4 ms HE    3 dec  from node 1  (seq 25)
2026-09-28T13:18:47.332999584Z     ·     apply  32       209.1 ms HE    3 dec  from node 1  (seq 26)
2026-09-28T13:18:47.545446667Z     ·     vote   35    YES to node 1          (seq 27)
2026-09-28T13:18:47.757791001Z     ·     apply  35       209.7 ms HE    3 dec  from node 1  (seq 27)
2026-09-28T13:18:48.039212533Z     ·     apply  36       208.2 ms HE    3 dec  from node 1  (seq 28)
2026-09-28T13:18:48.251027414Z c2  s35  local  61       209.0 ms HE    3 dec  0 frames
2026-09-28T13:18:48.254249053Z     ·     vote   33    YES to node 1          (seq 29)
2026-09-28T13:18:50.240962394Z     ·     apply  33       208.4 ms HE    3 dec  from node 1  (seq 29)
2026-09-28T13:18:50.455442248Z     ·     apply  34       208.8 ms HE    3 dec  from node 1  (seq 30)
2026-09-28T13:18:50.666732279Z     ·     vote   37    YES to node 1          (seq 31)
2026-09-28T13:18:52.657303948Z     ·     apply  37       209.0 ms HE    3 dec  from node 1  (seq 31)
2026-09-28T13:18:54.653042386Z     ·     apply  38       209.6 ms HE    3 dec  from node 1  (seq 32)
2026-09-28T13:18:54.863550343Z c2  s42  local  63       208.8 ms HE    3 dec  0 frames
2026-09-28T13:19:06.075503294Z c2  s43  local  64       208.0 ms HE    3 dec  0 frames
2026-09-28T13:19:06.075527105Z -- cycle 2/5 done at 33438.5 ms --
2026-09-28T13:19:06.075530007Z 
2026-09-28T13:19:06.075531407Z -- cycle 3/5 --
2026-09-28T13:19:06.077798490Z     ·     vote   31    YES to node 1          (seq 33)
2026-09-28T13:18:57.074060559Z     ·     apply  31       208.0 ms HE    3 dec  from node 1  (seq 33)
2026-09-28T13:18:57.286769267Z     ·     apply  32       207.9 ms HE    3 dec  from node 1  (seq 34)
2026-09-28T13:18:59.065971768Z     ·     vote   33    YES to node 1          (seq 35)
2026-09-28T13:18:59.278345616Z     ·     apply  33       207.7 ms HE    3 dec  from node 1  (seq 35)
2026-09-28T13:18:59.555836770Z     ·     apply  34       207.7 ms HE    3 dec  from node 1  (seq 36)
2026-09-28T13:18:59.626412783Z     ·     vote   35    YES to node 1          (seq 37)
2026-09-28T13:18:59.836354870Z     ·     apply  35       207.7 ms HE    3 dec  from node 1  (seq 37)
2026-09-28T13:19:00.234270615Z     ·     apply  36       207.6 ms HE    3 dec  from node 1  (seq 38)
2026-09-28T13:19:01.805767598Z     ·     vote   39    YES to node 1          (seq 39)
2026-09-28T13:19:02.016962883Z     ·     apply  39       208.6 ms HE    3 dec  from node 1  (seq 39)
2026-09-28T13:19:02.227108167Z c3  s15  local  61       207.9 ms HE    3 dec  0 frames
2026-09-28T13:19:02.438657421Z     ·     apply  30       208.9 ms HE    3 dec  from node 1  (seq 40)
2026-09-28T13:19:02.510979168Z c3  s17  local  71        69.6 ms HE    1 dec  0 frames
2026-09-28T13:19:02.581204014Z c3  s18  local  72        69.6 ms HE    1 dec  0 frames
2026-09-28T13:19:02.650902908Z c3  s19  local  81        69.6 ms HE    1 dec  0 frames
2026-09-28T13:19:02.720914251Z c3  s20  local  82        69.8 ms HE    1 dec  0 frames
2026-09-28T13:19:02.790318105Z c3  s21  local  73        69.6 ms HE    1 dec  0 frames
2026-09-28T13:19:02.861089912Z c3  s22  local  74        69.9 ms HE    1 dec  0 frames
2026-09-28T13:19:03.069359199Z c3  s23  local  65       208.6 ms HE    3 dec  0 frames
2026-09-28T13:19:03.277500825Z c3  s24  local  66       208.1 ms HE    3 dec  0 frames
2026-09-28T13:19:03.280013726Z     ·     vote   31    YES to node 1          (seq 41)
2026-09-28T13:19:06.283475820Z     ·     vote   31    YES to node 1          (seq 41)
2026-09-28T13:19:06.495480692Z     ·     apply  31       208.8 ms HE    3 dec  from node 1  (seq 41)
2026-09-28T13:19:06.777477298Z     ·     apply  32       209.1 ms HE    3 dec  from node 1  (seq 42)
2026-09-28T13:19:06.988749620Z     ·     vote   35    YES to node 1          (seq 43)
2026-09-28T13:19:07.204371420Z     ·     apply  35       210.1 ms HE    3 dec  from node 1  (seq 43)
2026-09-28T13:19:07.485065004Z     ·     apply  36       209.7 ms HE    3 dec  from node 1  (seq 44)
2026-09-28T13:19:07.696737717Z c3  s35  local  61       209.2 ms HE    3 dec  0 frames
2026-09-28T13:19:09.199976394Z     ·     vote   33    YES to node 1          (seq 45)
2026-09-28T13:19:09.412494111Z     ·     apply  33       209.4 ms HE    3 dec  from node 1  (seq 45)
2026-09-28T13:19:09.694232293Z     ·     apply  34       209.1 ms HE    3 dec  from node 1  (seq 46)
2026-09-28T13:19:09.907232341Z     ·     vote   37    YES to node 1          (seq 47)
2026-09-28T13:19:21.121868844Z     ·     apply  37       209.3 ms HE    3 dec  from node 1  (seq 47)
2026-09-28T13:19:10.399109628Z     ·     apply  38       208.7 ms HE    3 dec  from node 1  (seq 48)
2026-09-28T13:19:10.610891394Z c3  s42  local  63       208.9 ms HE    3 dec  0 frames
2026-09-28T13:19:10.820414680Z c3  s43  local  64       209.9 ms HE    3 dec  0 frames
2026-09-28T13:19:10.820470307Z -- cycle 3/5 done at 49194.5 ms --
2026-09-28T13:19:10.820478110Z 
2026-09-28T13:19:10.820483213Z -- cycle 4/5 --
2026-09-28T13:19:10.823278448Z     ·     vote   31    YES to node 1          (seq 49)
2026-09-28T13:19:11.036925505Z     ·     apply  31       210.5 ms HE    3 dec  from node 1  (seq 49)
2026-09-28T13:19:11.320674748Z     ·     apply  32       209.3 ms HE    3 dec  from node 1  (seq 50)
2026-09-28T13:19:13.102377743Z     ·     vote   33    YES to node 1          (seq 51)
2026-09-28T13:19:13.315406705Z     ·     apply  33       209.7 ms HE    3 dec  from node 1  (seq 51)
2026-09-28T13:19:13.597531072Z     ·     apply  34       208.6 ms HE    3 dec  from node 1  (seq 52)
2026-09-28T13:19:13.666647788Z     ·     vote   35    YES to node 1          (seq 53)
2026-09-28T13:19:13.879653438Z     ·     apply  35       209.6 ms HE    3 dec  from node 1  (seq 53)
2026-09-28T13:19:14.301737161Z     ·     apply  36       208.9 ms HE    3 dec  from node 1  (seq 54)
2026-09-28T13:19:14.373449918Z     ·     vote   39    YES to node 1          (seq 55)
2026-09-28T13:19:14.587229337Z     ·     apply  39       208.8 ms HE    3 dec  from node 1  (seq 55)
2026-09-28T13:19:14.799386682Z c4  s15  local  61       208.9 ms HE    3 dec  0 frames
2026-09-28T13:19:15.322127086Z     ·     apply  30       208.1 ms HE    3 dec  from node 1  (seq 56)
2026-09-28T13:19:15.393584420Z c4  s17  local  71        69.4 ms HE    1 dec  0 frames
2026-09-28T13:19:15.463311328Z c4  s18  local  72        69.5 ms HE    1 dec  0 frames
2026-09-28T13:19:15.533086959Z c4  s19  local  81        69.7 ms HE    1 dec  0 frames
2026-09-28T13:19:15.602841880Z c4  s20  local  82        69.6 ms HE    1 dec  0 frames
2026-09-28T13:19:15.673983263Z c4  s21  local  73        69.9 ms HE    1 dec  0 frames
2026-09-28T13:19:15.742914390Z c4  s22  local  74        69.6 ms HE    1 dec  0 frames
2026-09-28T13:19:15.952686496Z c4  s23  local  65       209.2 ms HE    3 dec  0 frames
2026-09-28T13:19:16.161260329Z c4  s24  local  66       208.8 ms HE    3 dec  0 frames
2026-09-28T13:19:17.102855516Z     ·     vote   31    YES to node 1          (seq 57)
2026-09-28T13:19:17.317165289Z     ·     apply  31       209.0 ms HE    3 dec  from node 1  (seq 57)
2026-09-28T13:19:17.597864875Z     ·     apply  32       209.2 ms HE    3 dec  from node 1  (seq 58)
2026-09-28T13:19:17.808925796Z     ·     vote   35    YES to node 1          (seq 59)
2026-09-28T13:19:18.023215660Z     ·     apply  35       208.8 ms HE    3 dec  from node 1  (seq 59)
2026-09-28T13:19:18.303181496Z     ·     apply  36       209.1 ms HE    3 dec  from node 1  (seq 60)
2026-09-28T13:19:18.515148650Z c4  s35  local  61       209.3 ms HE    3 dec  0 frames
2026-09-28T13:19:18.518104462Z     ·     vote   33    YES to node 1          (seq 61)
2026-09-28T13:19:18.733788191Z     ·     apply  33       210.1 ms HE    3 dec  from node 1  (seq 61)
2026-09-28T13:19:19.014399135Z     ·     apply  34       210.1 ms HE    3 dec  from node 1  (seq 62)
2026-09-28T13:19:19.227381074Z     ·     vote   37    YES to node 1          (seq 63)
2026-09-28T13:19:19.437337467Z     ·     apply  37       208.0 ms HE    3 dec  from node 1  (seq 63)
2026-09-28T13:19:19.717176642Z     ·     apply  38       208.0 ms HE    3 dec  from node 1  (seq 64)
2026-09-28T13:19:19.927526924Z c4  s42  local  63       208.0 ms HE    3 dec  0 frames
2026-09-28T13:19:31.127823026Z c4  s43  local  64       207.9 ms HE    3 dec  0 frames
2026-09-28T13:19:31.127855242Z -- cycle 4/5 done at 58502.8 ms --
2026-09-28T13:19:31.127857843Z 
2026-09-28T13:19:31.127859243Z -- cycle 5/5 --
2026-09-28T13:19:21.630680367Z     ·     vote   31    YES to node 1          (seq 65)
2026-09-28T13:19:23.131933696Z     ·     vote   31    YES to node 1          (seq 65)
2026-09-28T13:19:23.345840276Z     ·     apply  31       209.6 ms HE    3 dec  from node 1  (seq 65)
2026-09-28T13:19:23.625684354Z     ·     apply  32       208.4 ms HE    3 dec  from node 1  (seq 66)
2026-09-28T13:19:23.904995577Z     ·     vote   33    YES to node 1          (seq 67)
2026-09-28T13:19:24.117508092Z     ·     apply  33       209.3 ms HE    3 dec  from node 1  (seq 67)
2026-09-28T13:19:26.182411080Z     ·     apply  34       209.1 ms HE    3 dec  from node 1  (seq 68)
2026-09-28T13:19:26.187297414Z     ·     vote   35    YES to node 1          (seq 69)
2026-09-28T13:19:27.688887704Z     ·     vote   35    YES to node 1          (seq 69)
2026-09-28T13:19:27.901376607Z     ·     apply  35       209.8 ms HE    3 dec  from node 1  (seq 69)
2026-09-28T13:19:28.323489445Z     ·     apply  36       208.7 ms HE    3 dec  from node 1  (seq 70)
2026-09-28T13:19:28.631653951Z     ·     vote   39    YES to node 1          (seq 71)
2026-09-28T13:19:28.844194579Z     ·     apply  39       209.1 ms HE    3 dec  from node 1  (seq 71)
2026-09-28T13:19:29.056071689Z c5  s15  local  61       209.3 ms HE    3 dec  0 frames
2026-09-28T13:19:29.271070091Z     ·     apply  30       209.3 ms HE    3 dec  from node 1  (seq 72)
2026-09-28T13:19:29.344162607Z c5  s17  local  71        70.0 ms HE    1 dec  0 frames
2026-09-28T13:19:29.414054393Z c5  s18  local  72        69.7 ms HE    1 dec  0 frames
2026-09-28T13:19:29.484244922Z c5  s19  local  81        69.8 ms HE    1 dec  0 frames
2026-09-28T13:19:29.554525894Z c5  s20  local  82        70.1 ms HE    1 dec  0 frames
2026-09-28T13:19:29.624906314Z c5  s21  local  73        69.9 ms HE    1 dec  0 frames
2026-09-28T13:19:29.695360569Z c5  s22  local  74        70.0 ms HE    1 dec  0 frames
2026-09-28T13:19:29.905331169Z c5  s23  local  65       209.5 ms HE    3 dec  0 frames
2026-09-28T13:19:41.104837330Z c5  s24  local  66       208.5 ms HE    3 dec  0 frames
2026-09-28T13:19:41.108373319Z     ·     vote   31    YES to node 1          (seq 73)
2026-09-28T13:19:32.093126433Z     ·     apply  31       209.4 ms HE    3 dec  from node 1  (seq 73)
2026-09-28T13:19:32.308693306Z     ·     apply  32       209.6 ms HE    3 dec  from node 1  (seq 74)
2026-09-28T13:19:37.021577334Z     ·     vote   35    YES to node 1          (seq 75)
2026-09-28T13:19:37.236101909Z     ·     apply  35       209.2 ms HE    3 dec  from node 1  (seq 75)
2026-09-28T13:19:37.515851642Z     ·     apply  36       208.8 ms HE    3 dec  from node 1  (seq 76)
2026-09-28T13:19:37.727256227Z c5  s35  local  61       209.3 ms HE    3 dec  0 frames
2026-09-28T13:19:37.732345758Z     ·     vote   33    YES to node 1          (seq 77)
2026-09-28T13:19:37.944943613Z     ·     apply  33       209.4 ms HE    3 dec  from node 1  (seq 77)
2026-09-28T13:19:38.227314798Z     ·     apply  34       210.6 ms HE    3 dec  from node 1  (seq 78)
2026-09-28T13:19:39.941264029Z     ·     vote   37    YES to node 1          (seq 79)
2026-09-28T13:19:51.155762705Z     ·     apply  37       209.1 ms HE    3 dec  from node 1  (seq 79)
2026-09-28T13:19:40.433098665Z     ·     apply  38       208.4 ms HE    3 dec  from node 1  (seq 80)
2026-09-28T13:19:40.643286669Z c5  s42  local  63       208.3 ms HE    3 dec  0 frames
2026-09-28T13:19:40.852880189Z c5  s43  local  64       209.2 ms HE    3 dec  0 frames
2026-09-28T13:19:40.852951523Z -- cycle 5/5 done at 79240.0 ms --
2026-09-28T13:19:40.852961127Z 
2026-09-28T13:19:40.852965229Z ============================================================
2026-09-28T13:19:40.852969431Z   SUMMARY — node 2/2 — LOCAL MODULAR — UDP/IP multicast (RFC 1112)
2026-09-28T13:19:40.852974334Z ============================================================
2026-09-28T13:19:40.852978436Z   events this node FIRED:
2026-09-28T13:19:40.852982238Z   local (no network)     n=60   avg   145.33 ms  (HE  145.13 + net    0.00)  min   69.27  max   349.53  100.0%
2026-09-28T13:19:40.852986340Z   shared controllable          (none on this node)
2026-09-28T13:19:40.852990341Z   shared uncontroll.           (none on this node)
2026-09-28T13:19:40.852994143Z   events this node APPLIED for a peer (participant side):
2026-09-28T13:19:40.852997945Z   shared, applied        n=80   avg   234.97 ms  (HE  234.97 + net    0.00)  min  207.60  max   579.85
2026-09-28T13:19:40.853001947Z   run clock, end of cycles 1..5 (ms): 16948.5 33438.5 49194.5 58502.8 79240.0
2026-09-28T13:19:40.853005949Z      a cycle is over at the LATEST node's value; DES_WORK_MS 0 included
2026-09-28T13:19:40.853010151Z   ----------------------------------------------------------
2026-09-28T13:19:40.853013953Z   all events            n=60   avg   145.33 ms  (HE  145.13 + net    0.00)
2026-09-28T13:19:40.853017855Z   PEER-WAIT + WIRE      0.0 % of total step time
2026-09-28T13:19:40.853021556Z      (compare against the round-trip probe above: the excess is
2026-09-28T13:19:40.853025358Z       the peer's own HE work, not the link.)
2026-09-28T13:19:40.853123005Z   frames: tx=380 rx=155 retransmits=0
2026-09-28T13:19:40.853135011Z   authentication: HMAC-SHA256/128, 2.8 us per frame; 0 rejected (bad tag), 0 stale/replayed dropped, 2 epoch challenges
2026-09-28T13:19:40.853139813Z   rx queue: peak 1/64 frames
2026-09-28T13:19:40.853143815Z   plant check: 0 event reports rejected as physically impossible
2026-09-28T13:19:40.853147717Z      (these supervisors carry the plant: an impossible uncontrollable event is caught)
2026-09-28T13:19:40.853151618Z   injected frame loss: 10 %
2026-09-28T13:19:40.853155420Z   ----------------------------------------------------------
2026-09-28T13:19:40.853159322Z   homomorphic vs cleartext oracle : PASS — every encrypted bit matched
2026-09-28T13:19:40.853163624Z      (PASS certifies the cryptography: each node's encrypted bits
2026-09-28T13:19:40.853168427Z       match its own clear model for the events it applied. It does
2026-09-28T13:19:40.853172428Z       not certify the distributed run — read the skips for that.)
2026-09-28T13:19:40.853176430Z   distributed vs MONOLITHIC sup.  : off — this header has no monolithic supervisor
2026-09-28T13:19:40.853180432Z   safe halt                       : no — ran to completion
2026-09-28T13:19:40.853184434Z ============================================================
2026-09-28T13:19:50.869733803Z @@RESULT {"node":2,"nodes":2,"family":"LOCAL MODULAR","data":"supervisor_data_fms.h","transport":"UDP/IP multicast (RFC 1112)","fingerprint":"edbd7971","supervisors":["S4","S5","S6"],"fired":{"local":60,"ctrl":0,"unctrl":0},"applied_for_peers":80,"skips":0,"impossible":0,"tx":381,"rx":156,"retx":0,"auth_bad":0,"replays":0,"challenges":2,"mac_us":2.75,"rxq_peak":1,"rxq_drops":0,"sync_wait_ms":0.0,"oracle":"PASS","safe_halt":false,"halt_reason":"","cycle_end_ms":[16948.5,33438.5,49194.5,58502.8,79240.0],"rounds":5,"work_ms":0,"emu_scalarmul_ms":69.0,"loss_pct":10,"loss_seed":2751678067,"exit":0}
