2026-09-28T12:02:05.239684809Z des_container: node 2 of 2, LOCAL MODULAR, data supervisor_data_fms.h, transport UDP/IP multicast (RFC 1112)
2026-09-28T12:02:05.239769349Z des_container: EMULATING the ESP32 — every decryption takes at least 69.0 ms (DES_EMU_SCALARMUL_MS)
2026-09-28T12:02:05.239775152Z des_container: dropping 20 % of received frames, seed 1106812973 (DES_LOSS_SEED to replay)
2026-09-28T12:02:05.239776653Z 
2026-09-28T12:02:05.239777953Z ============================================================
2026-09-28T12:02:05.239779254Z   Distributed Homomorphic DES — generic engine
2026-09-28T12:02:05.239780454Z   node 2/2   family LOCAL MODULAR   7 supervisors   31 events
2026-09-28T12:02:05.239781755Z   data: supervisor_data_fms.h
2026-09-28T12:02:05.239783156Z ============================================================
2026-09-28T12:02:05.240555024Z --- event routing (DERIVED from the header, not hardcoded) ---
2026-09-28T12:02:05.240573433Z   event  ctrl  nodes      owner  class
2026-09-28T12:02:05.240576535Z   11     yes   1          1      local — no network
2026-09-28T12:02:05.240578836Z   12     no    1          1      local — no network
2026-09-28T12:02:05.240581037Z   21     yes   1          1      local — no network
2026-09-28T12:02:05.240583038Z   22     no    1          1      local — no network
2026-09-28T12:02:05.240585039Z   30     no    1 2        1      SHARED — needs network
2026-09-28T12:02:05.240587040Z   31     yes   1 2        1      SHARED — needs network
2026-09-28T12:02:05.240589241Z   32     no    1 2        1      SHARED — needs network
2026-09-28T12:02:05.240591342Z   33     yes   1 2        1      SHARED — needs network
2026-09-28T12:02:05.240593543Z   34     no    1 2        1      SHARED — needs network
2026-09-28T12:02:05.240595944Z   35     yes   1 2        1      SHARED — needs network
2026-09-28T12:02:05.240597545Z   36     no    1 2        1      SHARED — needs network
2026-09-28T12:02:05.240598745Z   37     yes   1 2        1      SHARED — needs network
2026-09-28T12:02:05.240600046Z   38     no    1 2        1      SHARED — needs network
2026-09-28T12:02:05.240601347Z   39     yes   1 2        1      SHARED — needs network
2026-09-28T12:02:05.240602547Z   41     yes   1          1      local — no network
2026-09-28T12:02:05.240603848Z   42     no    1          1      local — no network
2026-09-28T12:02:05.240605048Z   51     yes   1          1      local — no network
2026-09-28T12:02:05.240606449Z   52     no    1          1      local — no network
2026-09-28T12:02:05.240608750Z   53     yes   1          1      local — no network
2026-09-28T12:02:05.240638464Z   54     no    1          1      local — no network
2026-09-28T12:02:05.240641666Z   61     yes   2          2      local — no network
2026-09-28T12:02:05.240644267Z   63     yes   2          2      local — no network
2026-09-28T12:02:05.240659875Z   64     no    2          2      local — no network
2026-09-28T12:02:05.240662376Z   65     yes   2          2      local — no network
2026-09-28T12:02:05.240663676Z   66     no    2          2      local — no network
2026-09-28T12:02:05.240664977Z   71     yes   2          2      local — no network
2026-09-28T12:02:05.240666178Z   72     no    2          2      local — no network
2026-09-28T12:02:05.240667478Z   73     yes   2          2      local — no network
2026-09-28T12:02:05.240669379Z   74     no    2          2      local — no network
2026-09-28T12:02:05.240670580Z   81     yes   2          2      local — no network
2026-09-28T12:02:05.240671880Z   82     no    2          2      local — no network
2026-09-28T12:02:05.240673181Z   => 10/31 events shared; 21/31 need ZERO network traffic; 21 concern this node
2026-09-28T12:02:05.240674782Z   NOTE controllability was INFERRED from event labels (the header
2026-09-28T12:02:05.240676082Z        does not carry it). Check the 'ctrl' column above; if it is
2026-09-28T12:02:05.240678383Z        wrong, set DES_CONTROLLABLE_MASK explicitly.
2026-09-28T12:02:05.240679784Z 
2026-09-28T12:02:05.240680985Z [init] config fingerprint edbd7971 — every node must print the same
2026-09-28T12:02:05.240682285Z 
2026-09-28T12:02:05.240812547Z [net] UDP multicast 239.192.7.1:5077  ttl=1  frame=44 B
2026-09-28T12:02:05.240822352Z --- crypto self-test ---
2026-09-28T12:02:05.243707830Z   Enc(0)->0 Enc(1)->1                PASS
2026-09-28T12:02:05.244570643Z   Enc(1)+Enc(1)->1 homomorphic OR   PASS
2026-09-28T12:02:05.245863960Z   Enc(0)+Enc(0)->0                  PASS
2026-09-28T12:02:05.245888472Z   curve secp192r1, ciphertext 50 B    PASS
2026-09-28T12:02:05.245890573Z   frame tag HMAC-SHA256/128: 1.6 us, 1-bit tamper caught  PASS
2026-09-28T12:02:05.245892374Z 
2026-09-28T12:02:05.245893575Z --- encrypting my supervisors' initial states ---
2026-09-28T12:02:05.245894975Z [load] S4         idx 4   44 states  15 constraining ev    2200 B ciphertext
2026-09-28T12:02:05.245896176Z [load] S5         idx 5   44 states  15 constraining ev    2200 B ciphertext
2026-09-28T12:02:05.245897576Z [load] S6         idx 6  164 states  21 constraining ev    8200 B ciphertext
2026-09-28T12:02:09.196922128Z [init] my keypair is mine alone; no ciphertext ever leaves this node
2026-09-28T12:02:09.197010570Z [init] my enablement: 11=1 12=1 21=1 22=1 30=0 31=1 32=0 33=1 34=0 35=1 36=0 37=1 38=0 39=1 41=1 42=1 51=1 52=1 53=1 54=1 61=0 63=0 64=0 65=0 66=0 71=0 72=0 73=0 74=0 81=0 82=0
2026-09-28T12:02:09.197024477Z 
2026-09-28T12:02:09.803141411Z [net] waiting for 1 peer(s)... all present.
2026-09-28T12:02:11.314303509Z 
2026-09-28T12:02:11.314397554Z ============================================================
2026-09-28T12:02:11.314405758Z   RUN — SIM_SEQ driver — 5 cycles x 44 steps — LOCAL MODULAR
2026-09-28T12:02:11.314411961Z   columns: cN sNN = cycle/step of MY walk; · = a peer caused this
2026-09-28T12:02:11.314415962Z   'done at': run clock, common to all nodes; a cycle is over at the
2026-09-28T12:02:11.314419964Z   LATEST node's print, machine time (DES_WORK_MS 0) included
2026-09-28T12:02:11.314423966Z ============================================================
2026-09-28T12:02:11.314427868Z 
2026-09-28T12:02:11.314431670Z -- cycle 1/5 --
2026-09-28T12:02:14.163243810Z     ·     vote   31    YES to node 1          (seq 1)
2026-09-28T12:02:14.532449874Z     ·     apply  31       366.7 ms HE    5 dec  from node 1  (seq 1)
2026-09-28T12:02:15.105202183Z     ·     apply  32       576.5 ms HE    8 dec  from node 1  (seq 2)
2026-09-28T12:02:15.412775706Z     ·     vote   33    YES to node 1          (seq 3)
2026-09-28T12:02:16.913223150Z     ·     vote   33    YES to node 1          (seq 3)
2026-09-28T12:02:17.279660392Z     ·     apply  33       363.8 ms HE    5 dec  from node 1  (seq 3)
2026-09-28T12:02:24.067623682Z     ·     apply  34       582.1 ms HE    8 dec  from node 1  (seq 4)
2026-09-28T12:02:36.056085727Z     ·     vote   35    YES to node 1          (seq 5)
2026-09-28T12:02:25.335999059Z     ·     apply  35       356.3 ms HE    5 dec  from node 1  (seq 5)
2026-09-28T12:02:25.979197707Z     ·     apply  36       579.0 ms HE    8 dec  from node 1  (seq 6)
2026-09-28T12:02:25.984184489Z     ·     vote   39    YES to node 1          (seq 7)
2026-09-28T12:02:27.485584587Z     ·     vote   39    YES to node 1          (seq 7)
2026-09-28T12:02:28.989245966Z     ·     vote   39    YES to node 1          (seq 7)
2026-09-28T12:02:29.416174805Z     ·     apply  39       424.1 ms HE    6 dec  from node 1  (seq 7)
2026-09-28T12:02:29.697949004Z c1  s15  local  61       279.4 ms HE    4 dec  0 frames
2026-09-28T12:02:41.056778512Z     ·     apply  30       279.0 ms HE    4 dec  from node 1  (seq 8)
2026-09-28T12:02:41.128851540Z c1  s17  local  71        69.8 ms HE    1 dec  0 frames
2026-09-28T12:02:30.127735695Z c1  s18  local  72        69.9 ms HE    1 dec  0 frames
2026-09-28T12:02:30.196771473Z c1  s19  local  81        69.3 ms HE    1 dec  0 frames
2026-09-28T12:02:30.266472268Z c1  s20  local  82        69.4 ms HE    1 dec  0 frames
2026-09-28T12:02:30.336264607Z c1  s21  local  73        69.4 ms HE    1 dec  0 frames
2026-09-28T12:02:30.406398609Z c1  s22  local  74        69.6 ms HE    1 dec  0 frames
2026-09-28T12:02:30.686223577Z c1  s23  local  65       279.6 ms HE    4 dec  0 frames
2026-09-28T12:02:30.966416522Z c1  s24  local  66       279.8 ms HE    4 dec  0 frames
2026-09-28T12:02:30.968891204Z     ·     vote   31    YES to node 1          (seq 9)
2026-09-28T12:02:32.960865644Z     ·     apply  31       209.8 ms HE    3 dec  from node 1  (seq 9)
2026-09-28T12:02:33.245654783Z     ·     apply  32       279.5 ms HE    4 dec  from node 1  (seq 10)
2026-09-28T12:02:33.387892328Z     ·     vote   35    YES to node 1          (seq 11)
2026-09-28T12:02:33.600363123Z     ·     apply  35       209.5 ms HE    3 dec  from node 1  (seq 11)
2026-09-28T12:02:35.451703089Z     ·     apply  36       279.0 ms HE    4 dec  from node 1  (seq 12)
2026-09-28T12:02:35.802074657Z c1  s35  local  61       348.2 ms HE    5 dec  0 frames
2026-09-28T12:02:35.804860387Z     ·     vote   33    YES to node 1          (seq 13)
2026-09-28T12:02:38.807651181Z     ·     vote   33    YES to node 1          (seq 13)
2026-09-28T12:02:40.310164706Z     ·     vote   33    YES to node 1          (seq 13)
2026-09-28T12:02:40.523080813Z     ·     apply  33       209.6 ms HE    3 dec  from node 1  (seq 13)
2026-09-28T12:02:42.375455067Z     ·     apply  34       279.4 ms HE    4 dec  from node 1  (seq 14)
2026-09-28T12:02:42.517498620Z     ·     vote   37    YES to node 1          (seq 15)
2026-09-28T12:02:42.732388670Z     ·     apply  37       209.0 ms HE    3 dec  from node 1  (seq 15)
2026-09-28T12:02:43.011095004Z     ·     apply  38       209.0 ms HE    3 dec  from node 1  (seq 16)
2026-09-28T12:02:43.222590133Z c1  s42  local  63       209.2 ms HE    3 dec  0 frames
2026-09-28T12:02:43.432089207Z c1  s43  local  64       208.6 ms HE    3 dec  0 frames
2026-09-28T12:02:43.432177850Z -- cycle 1/5 done at 29654.4 ms --
2026-09-28T12:02:43.432201761Z 
2026-09-28T12:02:43.432215368Z -- cycle 2/5 --
2026-09-28T12:02:46.291057578Z     ·     vote   31    YES to node 1          (seq 17)
2026-09-28T12:02:48.278601701Z     ·     apply  31       208.0 ms HE    3 dec  from node 1  (seq 17)
2026-09-28T12:02:48.798412808Z     ·     apply  32       209.0 ms HE    3 dec  from node 1  (seq 18)
2026-09-28T12:02:50.575663941Z     ·     vote   33    YES to node 1          (seq 19)
2026-09-28T12:02:52.077755970Z     ·     vote   33    YES to node 1          (seq 19)
2026-09-28T12:02:55.558141454Z     ·     apply  33       209.4 ms HE    3 dec  from node 1  (seq 19)
2026-09-28T12:02:58.844012271Z     ·     apply  34       209.7 ms HE    3 dec  from node 1  (seq 20)
2026-09-28T12:03:11.210173254Z     ·     vote   35    YES to node 1          (seq 21)
2026-09-28T12:03:02.125355674Z     ·     apply  35       209.9 ms HE    3 dec  from node 1  (seq 21)
2026-09-28T12:03:02.340598593Z     ·     apply  36       209.9 ms HE    3 dec  from node 1  (seq 22)
2026-09-28T12:03:02.413077815Z     ·     vote   39    YES to node 1          (seq 23)
2026-09-28T12:03:04.406054434Z     ·     apply  39       208.9 ms HE    3 dec  from node 1  (seq 23)
2026-09-28T12:03:04.618264604Z c2  s15  local  61       209.4 ms HE    3 dec  0 frames
2026-09-28T12:03:04.832553367Z     ·     apply  30       209.1 ms HE    3 dec  from node 1  (seq 24)
2026-09-28T12:03:04.905011379Z c2  s17  local  71        69.6 ms HE    1 dec  0 frames
2026-09-28T12:03:16.048279790Z c2  s18  local  72        69.7 ms HE    1 dec  0 frames
2026-09-28T12:03:16.118304040Z c2  s19  local  81        69.8 ms HE    1 dec  0 frames
2026-09-28T12:03:16.188397922Z c2  s20  local  82        69.8 ms HE    1 dec  0 frames
2026-09-28T12:03:05.181610764Z c2  s21  local  73        70.4 ms HE    1 dec  0 frames
2026-09-28T12:03:05.250218437Z c2  s22  local  74        69.3 ms HE    1 dec  0 frames
2026-09-28T12:03:05.459925812Z c2  s23  local  65       208.8 ms HE    3 dec  0 frames
2026-09-28T12:03:05.669531337Z c2  s24  local  66       209.7 ms HE    3 dec  0 frames
2026-09-28T12:03:05.978521438Z     ·     vote   31    YES to node 1          (seq 25)
2026-09-28T12:03:12.032452945Z     ·     vote   31    YES to node 1          (seq 25)
2026-09-28T12:03:15.521322074Z     ·     apply  31       208.9 ms HE    3 dec  from node 1  (seq 25)
2026-09-28T12:03:20.816235417Z     ·     apply  32       209.4 ms HE    3 dec  from node 1  (seq 26)
2026-09-28T12:03:20.822177155Z     ·     vote   35    YES to node 1          (seq 27)
2026-09-28T12:03:21.036264722Z     ·     apply  35       208.9 ms HE    3 dec  from node 1  (seq 27)
2026-09-28T12:03:21.316468972Z     ·     apply  36       208.9 ms HE    3 dec  from node 1  (seq 28)
2026-09-28T12:03:21.528687346Z c2  s35  local  61       209.2 ms HE    3 dec  0 frames
2026-09-28T12:03:23.636388767Z     ·     vote   33    YES to node 1          (seq 29)
2026-09-28T12:03:36.211884055Z     ·     vote   33    YES to node 1          (seq 29)
2026-09-28T12:03:25.346313980Z     ·     apply  33       208.2 ms HE    3 dec  from node 1  (seq 29)
2026-09-28T12:03:30.402898215Z     ·     apply  34       207.7 ms HE    3 dec  from node 1  (seq 30)
2026-09-28T12:03:31.844218614Z     ·     vote   37    YES to node 1          (seq 31)
2026-09-28T12:03:33.837475166Z     ·     apply  37       209.2 ms HE    3 dec  from node 1  (seq 31)
2026-09-28T12:03:37.116633885Z     ·     apply  38       210.2 ms HE    3 dec  from node 1  (seq 32)
2026-09-28T12:03:37.327031089Z c2  s42  local  63       208.6 ms HE    3 dec  0 frames
2026-09-28T12:03:37.538183754Z c2  s43  local  64       210.3 ms HE    3 dec  0 frames
2026-09-28T12:03:37.538271996Z -- cycle 2/5 done at 83800.5 ms --
2026-09-28T12:03:37.538288504Z 
2026-09-28T12:03:37.538299909Z -- cycle 3/5 --
2026-09-28T12:03:37.844832236Z     ·     vote   31    YES to node 1          (seq 33)
2026-09-28T12:03:39.835607402Z     ·     apply  31       208.9 ms HE    3 dec  from node 1  (seq 33)
2026-09-28T12:03:51.127715723Z     ·     apply  32       210.1 ms HE    3 dec  from node 1  (seq 34)
2026-09-28T12:03:40.343027498Z     ·     vote   33    YES to node 1          (seq 35)
2026-09-28T12:03:41.847038244Z     ·     vote   33    YES to node 1          (seq 35)
2026-09-28T12:03:43.840563725Z     ·     apply  33       209.4 ms HE    3 dec  from node 1  (seq 35)
2026-09-28T12:03:44.054084321Z     ·     apply  34       208.8 ms HE    3 dec  from node 1  (seq 36)
2026-09-28T12:03:45.615628992Z     ·     vote   35    YES to node 1          (seq 37)
2026-09-28T12:03:47.115460241Z     ·     vote   35    YES to node 1          (seq 37)
2026-09-28T12:03:49.107849379Z     ·     apply  35       208.9 ms HE    3 dec  from node 1  (seq 37)
2026-09-28T12:03:49.323865167Z     ·     apply  36       208.8 ms HE    3 dec  from node 1  (seq 38)
2026-09-28T12:03:49.393358463Z     ·     vote   39    YES to node 1          (seq 39)
2026-09-28T12:03:49.605793040Z     ·     apply  39       209.0 ms HE    3 dec  from node 1  (seq 39)
2026-09-28T12:03:49.817353299Z c3  s15  local  61       209.4 ms HE    3 dec  0 frames
2026-09-28T12:04:01.099299827Z     ·     apply  30       208.9 ms HE    3 dec  from node 1  (seq 40)
2026-09-28T12:04:01.172124814Z c3  s17  local  71        69.8 ms HE    1 dec  0 frames
2026-09-28T12:04:01.241912951Z c3  s18  local  72        69.8 ms HE    1 dec  0 frames
2026-09-28T12:04:01.311860364Z c3  s19  local  81        69.6 ms HE    1 dec  0 frames
2026-09-28T12:03:50.302805951Z c3  s20  local  82        69.4 ms HE    1 dec  0 frames
2026-09-28T12:03:50.372342067Z c3  s21  local  73        69.4 ms HE    1 dec  0 frames
2026-09-28T12:03:50.442824335Z c3  s22  local  74        69.7 ms HE    1 dec  0 frames
2026-09-28T12:03:50.653153107Z c3  s23  local  65       210.0 ms HE    3 dec  0 frames
2026-09-28T12:03:50.863113102Z c3  s24  local  66       209.8 ms HE    3 dec  0 frames
2026-09-28T12:03:50.866134245Z     ·     vote   31    YES to node 1          (seq 41)
2026-09-28T12:03:52.366016219Z     ·     vote   31    YES to node 1          (seq 41)
2026-09-28T12:03:52.576096071Z     ·     apply  31       207.7 ms HE    3 dec  from node 1  (seq 41)
2026-09-28T12:03:55.864734296Z     ·     apply  32       209.2 ms HE    3 dec  from node 1  (seq 42)
2026-09-28T12:03:56.076258338Z     ·     vote   35    YES to node 1          (seq 43)
2026-09-28T12:03:56.287144376Z     ·     apply  35       208.8 ms HE    3 dec  from node 1  (seq 43)
2026-09-28T12:03:56.567600446Z     ·     apply  36       209.0 ms HE    3 dec  from node 1  (seq 44)
2026-09-28T12:03:56.779651140Z c3  s35  local  61       209.0 ms HE    3 dec  0 frames
2026-09-28T12:03:57.086837378Z     ·     vote   33    YES to node 1          (seq 45)
2026-09-28T12:03:58.586380490Z     ·     vote   33    YES to node 1          (seq 45)
2026-09-28T12:03:58.799785331Z     ·     apply  33       208.5 ms HE    3 dec  from node 1  (seq 45)
2026-09-28T12:03:59.077012959Z     ·     apply  34       207.9 ms HE    3 dec  from node 1  (seq 46)
2026-09-28T12:03:59.286211390Z     ·     vote   37    YES to node 1          (seq 47)
2026-09-28T12:04:01.272049594Z     ·     apply  37       208.9 ms HE    3 dec  from node 1  (seq 47)
2026-09-28T12:04:01.486476523Z     ·     apply  38       208.9 ms HE    3 dec  from node 1  (seq 48)
2026-09-28T12:04:01.697578964Z c3  s42  local  63       208.7 ms HE    3 dec  0 frames
2026-09-28T12:04:01.906624022Z c3  s43  local  64       208.7 ms HE    3 dec  0 frames
2026-09-28T12:04:01.906693255Z -- cycle 3/5 done at 108177.8 ms --
2026-09-28T12:04:01.906702959Z 
2026-09-28T12:04:01.906709162Z -- cycle 4/5 --
2026-09-28T12:04:02.515594119Z     ·     vote   31    YES to node 1          (seq 49)
2026-09-28T12:04:02.726864239Z     ·     apply  31       208.7 ms HE    3 dec  from node 1  (seq 49)
2026-09-28T12:04:03.009141880Z     ·     apply  32       208.7 ms HE    3 dec  from node 1  (seq 50)
2026-09-28T12:04:07.789302988Z     ·     vote   33    YES to node 1          (seq 51)
2026-09-28T12:04:08.000610027Z     ·     apply  33       208.8 ms HE    3 dec  from node 1  (seq 51)
2026-09-28T12:04:08.281979133Z     ·     apply  34       209.0 ms HE    3 dec  from node 1  (seq 52)
2026-09-28T12:04:08.591312097Z     ·     vote   35    YES to node 1          (seq 53)
2026-09-28T12:04:08.805353042Z     ·     apply  35       208.9 ms HE    3 dec  from node 1  (seq 53)
2026-09-28T12:04:09.226752338Z     ·     apply  36       209.0 ms HE    3 dec  from node 1  (seq 54)
2026-09-28T12:04:09.835566861Z     ·     vote   39    YES to node 1          (seq 55)
2026-09-28T12:04:10.050520942Z     ·     apply  39       209.4 ms HE    3 dec  from node 1  (seq 55)
2026-09-28T12:04:21.335436002Z c4  s15  local  61       209.6 ms HE    3 dec  0 frames
2026-09-28T12:04:10.474482703Z     ·     apply  30       208.1 ms HE    3 dec  from node 1  (seq 56)
2026-09-28T12:04:10.547104393Z c4  s17  local  71        69.6 ms HE    1 dec  0 frames
2026-09-28T12:04:10.617268010Z c4  s18  local  72        69.7 ms HE    1 dec  0 frames
2026-09-28T12:04:10.687237733Z c4  s19  local  81        69.7 ms HE    1 dec  0 frames
2026-09-28T12:04:10.757004560Z c4  s20  local  82        69.6 ms HE    1 dec  0 frames
2026-09-28T12:04:10.827141663Z c4  s21  local  73        69.7 ms HE    1 dec  0 frames
2026-09-28T12:04:10.897205732Z c4  s22  local  74        70.0 ms HE    1 dec  0 frames
2026-09-28T12:04:11.106033286Z c4  s23  local  65       209.1 ms HE    3 dec  0 frames
2026-09-28T12:04:11.315692938Z c4  s24  local  66       208.8 ms HE    3 dec  0 frames
2026-09-28T12:04:11.318082779Z     ·     vote   31    YES to node 1          (seq 57)
2026-09-28T12:04:14.809120502Z     ·     apply  31       208.5 ms HE    3 dec  from node 1  (seq 57)
2026-09-28T12:04:19.601094962Z     ·     apply  32       209.4 ms HE    3 dec  from node 1  (seq 58)
2026-09-28T12:04:21.112746084Z     ·     vote   35    YES to node 1          (seq 59)
2026-09-28T12:04:22.610346168Z     ·     vote   35    YES to node 1          (seq 59)
2026-09-28T12:04:22.823553414Z     ·     apply  35       208.4 ms HE    3 dec  from node 1  (seq 59)
2026-09-28T12:04:23.103207101Z     ·     apply  36       209.1 ms HE    3 dec  from node 1  (seq 60)
2026-09-28T12:04:23.315058399Z c4  s35  local  61       209.2 ms HE    3 dec  0 frames
2026-09-28T12:04:23.318647314Z     ·     vote   33    YES to node 1          (seq 61)
2026-09-28T12:04:23.532614323Z     ·     apply  33       208.8 ms HE    3 dec  from node 1  (seq 61)
2026-09-28T12:04:23.813908593Z     ·     apply  34       208.6 ms HE    3 dec  from node 1  (seq 62)
2026-09-28T12:04:25.516070826Z     ·     vote   37    YES to node 1          (seq 63)
2026-09-28T12:04:25.731005398Z     ·     apply  37       209.6 ms HE    3 dec  from node 1  (seq 63)
2026-09-28T12:04:26.010984740Z     ·     apply  38       209.3 ms HE    3 dec  from node 1  (seq 64)
2026-09-28T12:04:26.223691647Z c4  s42  local  63       209.8 ms HE    3 dec  0 frames
2026-09-28T12:04:26.431550138Z c4  s43  local  64       208.3 ms HE    3 dec  0 frames
2026-09-28T12:04:26.431595060Z -- cycle 4/5 done at 132705.2 ms --
2026-09-28T12:04:26.431602664Z 
2026-09-28T12:04:26.431607966Z -- cycle 5/5 --
2026-09-28T12:04:27.797482326Z     ·     vote   31    YES to node 1          (seq 65)
2026-09-28T12:04:28.011737073Z     ·     apply  31       208.9 ms HE    3 dec  from node 1  (seq 65)
2026-09-28T12:04:28.293894155Z     ·     apply  32       209.4 ms HE    3 dec  from node 1  (seq 66)
2026-09-28T12:04:30.074949342Z     ·     vote   33    YES to node 1          (seq 67)
2026-09-28T12:04:32.059172885Z     ·     apply  33       209.4 ms HE    3 dec  from node 1  (seq 67)
2026-09-28T12:04:32.274240520Z     ·     apply  34       209.1 ms HE    3 dec  from node 1  (seq 68)
2026-09-28T12:04:32.347906309Z     ·     vote   35    YES to node 1          (seq 69)
2026-09-28T12:04:33.846706265Z     ·     vote   35    YES to node 1          (seq 69)
2026-09-28T12:04:37.334793914Z     ·     apply  35       209.4 ms HE    3 dec  from node 1  (seq 69)
2026-09-28T12:04:38.979075666Z     ·     apply  36       209.1 ms HE    3 dec  from node 1  (seq 70)
2026-09-28T12:04:39.050752505Z     ·     vote   39    YES to node 1          (seq 71)
2026-09-28T12:04:41.050252542Z     ·     apply  39       209.6 ms HE    3 dec  from node 1  (seq 71)
2026-09-28T12:04:41.261847418Z c5  s15  local  61       209.2 ms HE    3 dec  0 frames
2026-09-28T12:04:43.555621223Z     ·     apply  30       208.1 ms HE    3 dec  from node 1  (seq 72)
2026-09-28T12:04:43.627473946Z c5  s17  local  71        69.4 ms HE    1 dec  0 frames
2026-09-28T12:04:43.696707318Z c5  s18  local  72        69.4 ms HE    1 dec  0 frames
2026-09-28T12:04:43.766163696Z c5  s19  local  81        69.3 ms HE    1 dec  0 frames
2026-09-28T12:04:43.835408874Z c5  s20  local  82        69.2 ms HE    1 dec  0 frames
2026-09-28T12:04:43.904941889Z c5  s21  local  73        69.3 ms HE    1 dec  0 frames
2026-09-28T12:04:43.974324932Z c5  s22  local  74        69.3 ms HE    1 dec  0 frames
2026-09-28T12:04:44.182715478Z c5  s23  local  65       208.1 ms HE    3 dec  0 frames
2026-09-28T12:04:44.390574869Z c5  s24  local  66       208.0 ms HE    3 dec  0 frames
2026-09-28T12:04:44.392734901Z     ·     vote   31    YES to node 1          (seq 73)
2026-09-28T12:04:44.602826259Z     ·     apply  31       207.7 ms HE    3 dec  from node 1  (seq 73)
2026-09-28T12:04:48.150436543Z     ·     apply  32       209.6 ms HE    3 dec  from node 1  (seq 74)
2026-09-28T12:04:48.460467140Z     ·     vote   35    YES to node 1          (seq 75)
2026-09-28T12:04:48.675443631Z     ·     apply  35       209.4 ms HE    3 dec  from node 1  (seq 75)
2026-09-28T12:04:52.242118884Z     ·     apply  36       209.7 ms HE    3 dec  from node 1  (seq 76)
2026-09-28T12:04:52.454023608Z c5  s35  local  61       209.5 ms HE    3 dec  0 frames
2026-09-28T12:04:52.456586232Z     ·     vote   33    YES to node 1          (seq 77)
2026-09-28T12:04:52.671243271Z     ·     apply  33       209.2 ms HE    3 dec  from node 1  (seq 77)
2026-09-28T12:04:54.731624187Z     ·     apply  34       209.7 ms HE    3 dec  from node 1  (seq 78)
2026-09-28T12:04:54.737018564Z     ·     vote   37    YES to node 1          (seq 79)
2026-09-28T12:04:54.949393213Z     ·     apply  37       209.5 ms HE    3 dec  from node 1  (seq 79)
2026-09-28T12:04:56.362394406Z     ·     apply  38       210.0 ms HE    3 dec  from node 1  (seq 80)
2026-09-28T12:04:56.574840488Z c5  s42  local  63       209.7 ms HE    3 dec  0 frames
2026-09-28T12:04:56.784343165Z c5  s43  local  64       209.4 ms HE    3 dec  0 frames
2026-09-28T12:04:56.784470526Z -- cycle 5/5 done at 163080.2 ms --
2026-09-28T12:04:56.784491036Z 
2026-09-28T12:04:56.784501141Z ============================================================
2026-09-28T12:04:56.784510945Z   SUMMARY — node 2/2 — LOCAL MODULAR — UDP/IP multicast (RFC 1112)
2026-09-28T12:04:56.784521850Z ============================================================
2026-09-28T12:04:56.784531555Z   events this node FIRED:
2026-09-28T12:04:56.784541160Z   local (no network)     n=60   avg   145.40 ms  (HE  145.21 + net    0.00)  min   69.29  max   348.33  100.0%
2026-09-28T12:04:56.784550764Z   shared controllable          (none on this node)
2026-09-28T12:04:56.784559869Z   shared uncontroll.           (none on this node)
2026-09-28T12:04:56.784613994Z   events this node APPLIED for a peer (participant side):
2026-09-28T12:04:56.784625800Z   shared, applied        n=80   avg   234.87 ms  (HE  234.87 + net    0.00)  min  207.68  max   582.13
2026-09-28T12:04:56.784633104Z   run clock, end of cycles 1..5 (ms): 29654.4 83800.5 108177.8 132705.2 163080.2
2026-09-28T12:04:56.784639907Z      a cycle is over at the LATEST node's value; DES_WORK_MS 0 included
2026-09-28T12:04:56.784646510Z   ----------------------------------------------------------
2026-09-28T12:04:56.784653613Z   all events            n=60   avg   145.40 ms  (HE  145.21 + net    0.00)
2026-09-28T12:04:56.784660317Z   PEER-WAIT + WIRE      0.0 % of total step time
2026-09-28T12:04:56.784666820Z      (compare against the round-trip probe above: the excess is
2026-09-28T12:04:56.784673523Z       the peer's own HE work, not the link.)
2026-09-28T12:04:56.784679826Z   frames: tx=691 rx=180 retransmits=0
2026-09-28T12:04:56.784686229Z   authentication: HMAC-SHA256/128, 1.6 us per frame; 0 rejected (bad tag), 0 stale/replayed dropped, 2 epoch challenges
2026-09-28T12:04:56.784693232Z   rx queue: peak 1/64 frames
2026-09-28T12:04:56.784699635Z   plant check: 0 event reports rejected as physically impossible
2026-09-28T12:04:56.784706639Z      (these supervisors carry the plant: an impossible uncontrollable event is caught)
2026-09-28T12:04:56.784713742Z   injected frame loss: 20 %
2026-09-28T12:04:56.784720045Z   ----------------------------------------------------------
2026-09-28T12:04:56.784726648Z   homomorphic vs cleartext oracle : PASS — every encrypted bit matched
2026-09-28T12:04:56.784733452Z      (PASS certifies the cryptography: each node's encrypted bits
2026-09-28T12:04:56.784739955Z       match its own clear model for the events it applied. It does
2026-09-28T12:04:56.784746458Z       not certify the distributed run — read the skips for that.)
2026-09-28T12:04:56.784753061Z   distributed vs MONOLITHIC sup.  : off — this header has no monolithic supervisor
2026-09-28T12:04:56.784760264Z   safe halt                       : no — ran to completion
2026-09-28T12:04:56.784767068Z ============================================================
2026-09-28T12:05:06.796034680Z @@RESULT {"node":2,"nodes":2,"family":"LOCAL MODULAR","data":"supervisor_data_fms.h","transport":"UDP/IP multicast (RFC 1112)","fingerprint":"edbd7971","supervisors":["S4","S5","S6"],"fired":{"local":60,"ctrl":0,"unctrl":0},"applied_for_peers":80,"skips":0,"impossible":0,"tx":691,"rx":180,"retx":0,"auth_bad":0,"replays":0,"challenges":2,"mac_us":1.55,"rxq_peak":1,"rxq_drops":0,"sync_wait_ms":0.0,"oracle":"PASS","safe_halt":false,"halt_reason":"","cycle_end_ms":[29654.4,83800.5,108177.8,132705.2,163080.2],"rounds":5,"work_ms":0,"emu_scalarmul_ms":69.0,"loss_pct":20,"loss_seed":1106812973,"exit":0}
