des_container: node 1 of 2, LOCAL MODULAR, data supervisor_data_fms.h, transport UDP/IP multicast (RFC 1112)
des_container: EMULATING the ESP32 — every decryption takes at least 69.0 ms (DES_EMU_SCALARMUL_MS)

============================================================
  Distributed Homomorphic DES — generic engine
  node 1/2   family LOCAL MODULAR   7 supervisors   31 events
  data: supervisor_data_fms.h
============================================================
--- event routing (DERIVED from the header, not hardcoded) ---
  event  ctrl  nodes      owner  class
  11     yes   1          1      local — no network
  12     no    1          1      local — no network
  21     yes   1          1      local — no network
  22     no    1          1      local — no network
  30     no    1 2        1      SHARED — needs network
  31     yes   1 2        1      SHARED — needs network
  32     no    1 2        1      SHARED — needs network
  33     yes   1 2        1      SHARED — needs network
  34     no    1 2        1      SHARED — needs network
  35     yes   1 2        1      SHARED — needs network
  36     no    1 2        1      SHARED — needs network
  37     yes   1 2        1      SHARED — needs network
  38     no    1 2        1      SHARED — needs network
  39     yes   1 2        1      SHARED — needs network
  41     yes   1          1      local — no network
  42     no    1          1      local — no network
  51     yes   1          1      local — no network
  52     no    1          1      local — no network
  53     yes   1          1      local — no network
  54     no    1          1      local — no network
  61     yes   1 2        1      SHARED — needs network
  63     yes   1 2        1      SHARED — needs network
  64     no    1 2        1      SHARED — needs network
  65     yes   1 2        1      SHARED — needs network
  66     no    1 2        1      SHARED — needs network
  71     yes   1          1      local — no network
  72     no    1          1      local — no network
  73     yes   1          1      local — no network
  74     no    1          1      local — no network
  81     yes   1          1      local — no network
  82     no    1          1      local — no network
  => 15/31 events shared; 16/31 need ZERO network traffic; 31 concern this node
  NOTE controllability was INFERRED from event labels (the header
       does not carry it). Check the 'ctrl' column above; if it is
       wrong, set DES_CONTROLLABLE_MASK explicitly.

[init] config fingerprint 52c9a503 — every node must print the same

[net] UDP multicast 239.192.7.1:5077  ttl=1  frame=44 B
--- crypto self-test ---
  Enc(0)->0 Enc(1)->1                PASS
  Enc(1)+Enc(1)->1 homomorphic OR   PASS
  Enc(0)+Enc(0)->0                  PASS
  curve secp192r1, ciphertext 50 B    PASS
  frame tag HMAC-SHA256/128: 1.7 us, 1-bit tamper caught  PASS

--- encrypting my supervisors' initial states ---
[load] S0         idx 0   18 states  12 constraining ev     900 B ciphertext
[load] S1         idx 1   18 states  12 constraining ev     900 B ciphertext
[load] S2         idx 2   18 states  12 constraining ev     900 B ciphertext
[load] S3         idx 3   21 states  14 constraining ev    1050 B ciphertext
[load] S4         idx 4   44 states  15 constraining ev    2200 B ciphertext
[load] S6         idx 6  164 states  21 constraining ev    8200 B ciphertext
[init] my keypair is mine alone; no ciphertext ever leaves this node
[init] my enablement: 11=1 12=0 21=1 22=0 30=0 31=0 32=0 33=0 34=0 35=0 36=0 37=0 38=0 39=0 41=0 42=0 51=0 52=0 53=0 54=0 61=0 63=0 64=0 65=0 66=0 71=0 72=0 73=0 74=0 81=0 82=0

[net] waiting for 1 peer(s). all present.

--- transport round-trip probe (UDP/IP multicast (RFC 1112)) ---
  20 probes: avg 3.10 ms  min 2.29 ms  max 4.80 ms

============================================================
  RUN — SIM_SEQ driver — 5 cycles x 44 steps — LOCAL MODULAR
  columns: cN sNN = cycle/step of MY walk; · = a peer caused this
  'done at': run clock, common to all nodes; a cycle is over at the
  LATEST node's print, machine time (DES_WORK_MS 0) included
============================================================

-- cycle 1/5 --
c1  s0   local  21       139.1 ms HE    2 dec  0 frames
c1  s1   local  11       139.3 ms HE    2 dec  0 frames
c1  s2   local  12        69.4 ms HE    1 dec  0 frames
c1  s3   2pc    31       489.4 ms HE    7 dec  4 frames  + 5.0 ms peer-wait  (seq 1)
c1  s4   notify 32       838.6 ms HE   12 dec  2 frames  + 1.3 ms peer-wait  (seq 2)
c1  s5   local  41        69.7 ms HE    1 dec  0 frames
c1  s6   local  22        69.6 ms HE    1 dec  0 frames
c1  s7   local  42        69.2 ms HE    1 dec  0 frames
c1  s8   2pc    33       488.1 ms HE    7 dec  4 frames  + 3.8 ms peer-wait  (seq 3)
c1  s9   notify 34       629.6 ms HE    9 dec  2 frames  + 1.7 ms peer-wait  (seq 4)
c1  s10  2pc    35       491.1 ms HE    7 dec  4 frames  + 5.2 ms peer-wait  (seq 5)
c1  s11  local  53        69.7 ms HE    1 dec  0 frames
c1  s12  local  54        69.5 ms HE    1 dec  0 frames
c1  s13  notify 36       628.9 ms HE    9 dec  2 frames  + 1.6 ms peer-wait  (seq 6)
c1  s14  2pc    39       557.8 ms HE    8 dec  4 frames  + 5.2 ms peer-wait  (seq 7)
c1  s15  2pc    61       138.8 ms HE    2 dec  4 frames  + 4.0 ms peer-wait  (seq 8)
c1  s16  notify 30       417.8 ms HE    6 dec  2 frames  + 1.4 ms peer-wait  (seq 9)
c1  s17  local  71        69.9 ms HE    1 dec  0 frames
c1  s18  local  72        69.5 ms HE    1 dec  0 frames
c1  s19  local  81        69.7 ms HE    1 dec  0 frames
c1  s20  local  82        69.7 ms HE    1 dec  0 frames
c1  s21  local  73        69.7 ms HE    1 dec  0 frames
c1  s22  local  74        69.4 ms HE    1 dec  0 frames
c1  s23  2pc    65       138.7 ms HE    2 dec  4 frames  + 5.2 ms peer-wait  (seq 10)
c1  s24  notify 66       139.4 ms HE    2 dec  2 frames  + 1.5 ms peer-wait  (seq 11)
c1  s25  local  11        69.5 ms HE    1 dec  0 frames
c1  s26  local  21        69.8 ms HE    1 dec  0 frames
c1  s27  local  12        69.9 ms HE    1 dec  0 frames
c1  s28  2pc    31       416.8 ms HE    6 dec  4 frames  + 7.0 ms peer-wait  (seq 12)
c1  s29  notify 32       415.9 ms HE    6 dec  2 frames  + 1.3 ms peer-wait  (seq 13)
c1  s30  local  41        69.5 ms HE    1 dec  0 frames
c1  s31  local  42        69.6 ms HE    1 dec  0 frames
c1  s32  2pc    35       416.0 ms HE    6 dec  4 frames  + 4.1 ms peer-wait  (seq 14)
c1  s33  notify 36       416.4 ms HE    6 dec  2 frames  + 1.3 ms peer-wait  (seq 15)
c1  s34  local  22        69.3 ms HE    1 dec  0 frames
c1  s35  2pc    61       139.5 ms HE    2 dec  4 frames  + 5.1 ms peer-wait  (seq 16)
c1  s36  2pc    33       417.6 ms HE    6 dec  4 frames  + 3.7 ms peer-wait  (seq 17)
c1  s37  notify 34       416.5 ms HE    6 dec  2 frames  + 1.3 ms peer-wait  (seq 18)
c1  s38  local  51        69.4 ms HE    1 dec  0 frames
c1  s39  local  52        69.4 ms HE    1 dec  0 frames
c1  s40  2pc    37       416.4 ms HE    6 dec  4 frames  + 3.8 ms peer-wait  (seq 19)
c1  s41  notify 38       416.6 ms HE    6 dec  2 frames  + 1.7 ms peer-wait  (seq 20)
c1  s42  2pc    63       139.1 ms HE    2 dec  4 frames  + 5.5 ms peer-wait  (seq 21)
c1  s43  notify 64       138.6 ms HE    2 dec  2 frames  + 1.2 ms peer-wait  (seq 22)
-- cycle 1/5 done at 10532.5 ms --

-- cycle 2/5 --
c2  s0   local  21        69.4 ms HE    1 dec  0 frames
c2  s1   local  11        69.3 ms HE    1 dec  0 frames
c2  s2   local  12        69.5 ms HE    1 dec  0 frames
c2  s3   2pc    31       417.3 ms HE    6 dec  4 frames  + 4.4 ms peer-wait  (seq 23)
c2  s4   notify 32       417.6 ms HE    6 dec  2 frames  + 1.5 ms peer-wait  (seq 24)
c2  s5   local  41        69.7 ms HE    1 dec  0 frames
c2  s6   local  22        69.5 ms HE    1 dec  0 frames
c2  s7   local  42        69.2 ms HE    1 dec  0 frames
c2  s8   2pc    33       416.8 ms HE    6 dec  4 frames  + 3.8 ms peer-wait  (seq 25)
c2  s9   notify 34       416.7 ms HE    6 dec  2 frames  + 1.4 ms peer-wait  (seq 26)
c2  s10  2pc    35       417.1 ms HE    6 dec  4 frames  + 4.5 ms peer-wait  (seq 27)
c2  s11  local  53        69.3 ms HE    1 dec  0 frames
c2  s12  local  54        69.2 ms HE    1 dec  0 frames
c2  s13  notify 36       416.1 ms HE    6 dec  2 frames  + 1.3 ms peer-wait  (seq 28)
c2  s14  2pc    39       417.6 ms HE    6 dec  4 frames  + 5.3 ms peer-wait  (seq 29)
c2  s15  2pc    61       138.9 ms HE    2 dec  4 frames  + 4.0 ms peer-wait  (seq 30)
c2  s16  notify 30       417.5 ms HE    6 dec  2 frames  + 1.3 ms peer-wait  (seq 31)
c2  s17  local  71        69.7 ms HE    1 dec  0 frames
c2  s18  local  72        69.8 ms HE    1 dec  0 frames
c2  s19  local  81        69.4 ms HE    1 dec  0 frames
c2  s20  local  82        69.3 ms HE    1 dec  0 frames
c2  s21  local  73        69.3 ms HE    1 dec  0 frames
c2  s22  local  74        69.7 ms HE    1 dec  0 frames
c2  s23  2pc    65       139.4 ms HE    2 dec  4 frames  + 4.4 ms peer-wait  (seq 32)
c2  s24  notify 66       138.9 ms HE    2 dec  2 frames  + 1.5 ms peer-wait  (seq 33)
c2  s25  local  11        69.4 ms HE    1 dec  0 frames
c2  s26  local  21        69.8 ms HE    1 dec  0 frames
c2  s27  local  12        69.4 ms HE    1 dec  0 frames
c2  s28  2pc    31       416.9 ms HE    6 dec  4 frames  + 4.0 ms peer-wait  (seq 34)
c2  s29  notify 32       418.1 ms HE    6 dec  2 frames  + 1.3 ms peer-wait  (seq 35)
c2  s30  local  41        69.3 ms HE    1 dec  0 frames
c2  s31  local  42        69.2 ms HE    1 dec  0 frames
c2  s32  2pc    35       417.0 ms HE    6 dec  4 frames  + 3.9 ms peer-wait  (seq 36)
c2  s33  notify 36       418.8 ms HE    6 dec  2 frames  + 1.7 ms peer-wait  (seq 37)
c2  s34  local  22        69.4 ms HE    1 dec  0 frames
c2  s35  2pc    61       139.4 ms HE    2 dec  4 frames  + 5.3 ms peer-wait  (seq 38)
c2  s36  2pc    33       416.9 ms HE    6 dec  4 frames  + 5.4 ms peer-wait  (seq 39)
c2  s37  notify 34       417.1 ms HE    6 dec  2 frames  + 1.3 ms peer-wait  (seq 40)
c2  s38  local  51        69.4 ms HE    1 dec  0 frames
c2  s39  local  52        69.6 ms HE    1 dec  0 frames
c2  s40  2pc    37       417.9 ms HE    6 dec  4 frames  + 4.2 ms peer-wait  (seq 41)
c2  s41  notify 38       416.3 ms HE    6 dec  2 frames  + 1.5 ms peer-wait  (seq 42)
c2  s42  2pc    63       139.1 ms HE    2 dec  4 frames  + 3.7 ms peer-wait  (seq 43)
c2  s43  notify 64       138.9 ms HE    2 dec  2 frames  + 1.5 ms peer-wait  (seq 44)
-- cycle 2/5 done at 19643.7 ms --

-- cycle 3/5 --
c3  s0   local  21        69.7 ms HE    1 dec  0 frames
c3  s1   local  11        69.7 ms HE    1 dec  0 frames
c3  s2   local  12        69.6 ms HE    1 dec  0 frames
c3  s3   2pc    31       416.8 ms HE    6 dec  4 frames  + 5.4 ms peer-wait  (seq 45)
c3  s4   notify 32       417.1 ms HE    6 dec  2 frames  + 1.4 ms peer-wait  (seq 46)
c3  s5   local  41        69.3 ms HE    1 dec  0 frames
c3  s6   local  22        69.5 ms HE    1 dec  0 frames
c3  s7   local  42        69.4 ms HE    1 dec  0 frames
c3  s8   2pc    33       416.2 ms HE    6 dec  4 frames  + 5.6 ms peer-wait  (seq 47)
c3  s9   notify 34       418.6 ms HE    6 dec  2 frames  + 1.5 ms peer-wait  (seq 48)
c3  s10  2pc    35       417.9 ms HE    6 dec  4 frames  + 3.9 ms peer-wait  (seq 49)
c3  s11  local  53        69.2 ms HE    1 dec  0 frames
c3  s12  local  54        69.3 ms HE    1 dec  0 frames
c3  s13  notify 36       418.5 ms HE    6 dec  2 frames  + 1.6 ms peer-wait  (seq 50)
c3  s14  2pc    39       417.2 ms HE    6 dec  4 frames  + 4.4 ms peer-wait  (seq 51)
c3  s15  2pc    61       139.3 ms HE    2 dec  4 frames  + 4.3 ms peer-wait  (seq 52)
c3  s16  notify 30       417.6 ms HE    6 dec  2 frames  + 1.6 ms peer-wait  (seq 53)
c3  s17  local  71        69.6 ms HE    1 dec  0 frames
c3  s18  local  72        69.4 ms HE    1 dec  0 frames
c3  s19  local  81        69.5 ms HE    1 dec  0 frames
c3  s20  local  82        69.4 ms HE    1 dec  0 frames
c3  s21  local  73        69.7 ms HE    1 dec  0 frames
c3  s22  local  74        69.5 ms HE    1 dec  0 frames
c3  s23  2pc    65       139.4 ms HE    2 dec  4 frames  + 4.1 ms peer-wait  (seq 54)
c3  s24  notify 66       139.8 ms HE    2 dec  2 frames  + 1.8 ms peer-wait  (seq 55)
c3  s25  local  11        69.5 ms HE    1 dec  0 frames
c3  s26  local  21        69.3 ms HE    1 dec  0 frames
c3  s27  local  12        69.4 ms HE    1 dec  0 frames
c3  s28  2pc    31       416.9 ms HE    6 dec  4 frames  + 3.7 ms peer-wait  (seq 56)
c3  s29  notify 32       415.9 ms HE    6 dec  2 frames  + 1.3 ms peer-wait  (seq 57)
c3  s30  local  41        69.4 ms HE    1 dec  0 frames
c3  s31  local  42        69.4 ms HE    1 dec  0 frames
c3  s32  2pc    35       416.0 ms HE    6 dec  4 frames  + 3.9 ms peer-wait  (seq 58)
c3  s33  notify 36       418.5 ms HE    6 dec  2 frames  + 1.4 ms peer-wait  (seq 59)
c3  s34  local  22        69.6 ms HE    1 dec  0 frames
c3  s35  2pc    61       139.4 ms HE    2 dec  4 frames  + 4.1 ms peer-wait  (seq 60)
c3  s36  2pc    33       416.7 ms HE    6 dec  4 frames  + 6.7 ms peer-wait  (seq 61)
c3  s37  notify 34       416.6 ms HE    6 dec  2 frames  + 1.6 ms peer-wait  (seq 62)
c3  s38  local  51        69.7 ms HE    1 dec  0 frames
c3  s39  local  52        69.5 ms HE    1 dec  0 frames
c3  s40  2pc    37       416.9 ms HE    6 dec  4 frames  + 6.3 ms peer-wait  (seq 63)
c3  s41  notify 38       417.5 ms HE    6 dec  2 frames  + 1.3 ms peer-wait  (seq 64)
c3  s42  2pc    63       138.9 ms HE    2 dec  4 frames  + 3.8 ms peer-wait  (seq 65)
c3  s43  notify 64       139.7 ms HE    2 dec  2 frames  + 1.6 ms peer-wait  (seq 66)
-- cycle 3/5 done at 28761.4 ms --

-- cycle 4/5 --
c4  s0   local  21        69.8 ms HE    1 dec  0 frames
c4  s1   local  11        69.5 ms HE    1 dec  0 frames
c4  s2   local  12        69.3 ms HE    1 dec  0 frames
c4  s3   2pc    31       417.7 ms HE    6 dec  4 frames  + 4.3 ms peer-wait  (seq 67)
c4  s4   notify 32       417.3 ms HE    6 dec  2 frames  + 1.3 ms peer-wait  (seq 68)
c4  s5   local  41        69.8 ms HE    1 dec  0 frames
c4  s6   local  22        69.5 ms HE    1 dec  0 frames
c4  s7   local  42        69.2 ms HE    1 dec  0 frames
c4  s8   2pc    33       417.4 ms HE    6 dec  4 frames  + 5.1 ms peer-wait  (seq 69)
c4  s9   notify 34       418.5 ms HE    6 dec  2 frames  + 1.6 ms peer-wait  (seq 70)
c4  s10  2pc    35       418.0 ms HE    6 dec  4 frames  + 4.1 ms peer-wait  (seq 71)
c4  s11  local  53        69.5 ms HE    1 dec  0 frames
c4  s12  local  54        69.7 ms HE    1 dec  0 frames
c4  s13  notify 36       418.0 ms HE    6 dec  2 frames  + 1.6 ms peer-wait  (seq 72)
c4  s14  2pc    39       417.9 ms HE    6 dec  4 frames  + 5.4 ms peer-wait  (seq 73)
c4  s15  2pc    61       139.6 ms HE    2 dec  4 frames  + 4.7 ms peer-wait  (seq 74)
c4  s16  notify 30       417.8 ms HE    6 dec  2 frames  + 1.4 ms peer-wait  (seq 75)
c4  s17  local  71        69.5 ms HE    1 dec  0 frames
c4  s18  local  72        69.4 ms HE    1 dec  0 frames
c4  s19  local  81        69.4 ms HE    1 dec  0 frames
c4  s20  local  82        69.5 ms HE    1 dec  0 frames
c4  s21  local  73        69.9 ms HE    1 dec  0 frames
c4  s22  local  74        69.4 ms HE    1 dec  0 frames
c4  s23  2pc    65       139.5 ms HE    2 dec  4 frames  + 5.5 ms peer-wait  (seq 76)
c4  s24  notify 66       138.7 ms HE    2 dec  2 frames  + 1.5 ms peer-wait  (seq 77)
c4  s25  local  11        69.7 ms HE    1 dec  0 frames
c4  s26  local  21        69.5 ms HE    1 dec  0 frames
c4  s27  local  12        69.4 ms HE    1 dec  0 frames
c4  s28  2pc    31       417.9 ms HE    6 dec  4 frames  + 5.2 ms peer-wait  (seq 78)
c4  s29  notify 32       417.2 ms HE    6 dec  2 frames  + 1.6 ms peer-wait  (seq 79)
c4  s30  local  41        69.6 ms HE    1 dec  0 frames
c4  s31  local  42        69.4 ms HE    1 dec  0 frames
c4  s32  2pc    35       417.3 ms HE    6 dec  4 frames  + 5.4 ms peer-wait  (seq 80)
c4  s33  notify 36       416.1 ms HE    6 dec  2 frames  + 1.4 ms peer-wait  (seq 81)
c4  s34  local  22        69.4 ms HE    1 dec  0 frames
c4  s35  2pc    61       139.6 ms HE    2 dec  4 frames  + 4.4 ms peer-wait  (seq 82)
c4  s36  2pc    33       417.2 ms HE    6 dec  4 frames  + 5.3 ms peer-wait  (seq 83)
c4  s37  notify 34       417.5 ms HE    6 dec  2 frames  + 1.4 ms peer-wait  (seq 84)
c4  s38  local  51        69.6 ms HE    1 dec  0 frames
c4  s39  local  52        69.5 ms HE    1 dec  0 frames
c4  s40  2pc    37       415.6 ms HE    6 dec  4 frames  + 5.4 ms peer-wait  (seq 85)
c4  s41  notify 38       415.4 ms HE    6 dec  2 frames  + 1.3 ms peer-wait  (seq 86)
c4  s42  2pc    63       138.5 ms HE    2 dec  4 frames  + 4.8 ms peer-wait  (seq 87)
c4  s43  notify 64       138.6 ms HE    2 dec  2 frames  + 1.3 ms peer-wait  (seq 88)
-- cycle 4/5 done at 37883.0 ms --

-- cycle 5/5 --
c5  s0   local  21        69.3 ms HE    1 dec  0 frames
c5  s1   local  11        69.2 ms HE    1 dec  0 frames
c5  s2   local  12        69.3 ms HE    1 dec  0 frames
c5  s3   2pc    31       416.1 ms HE    6 dec  4 frames  + 3.8 ms peer-wait  (seq 89)
c5  s4   notify 32       415.6 ms HE    6 dec  2 frames  + 1.3 ms peer-wait  (seq 90)
c5  s5   local  41        69.3 ms HE    1 dec  0 frames
c5  s6   local  22        69.3 ms HE    1 dec  0 frames
c5  s7   local  42        69.2 ms HE    1 dec  0 frames
c5  s8   2pc    33       415.4 ms HE    6 dec  4 frames  + 4.7 ms peer-wait  (seq 91)
c5  s9   notify 34       415.4 ms HE    6 dec  2 frames  + 1.4 ms peer-wait  (seq 92)
c5  s10  2pc    35       415.5 ms HE    6 dec  4 frames  + 4.9 ms peer-wait  (seq 93)
c5  s11  local  53        69.3 ms HE    1 dec  0 frames
c5  s12  local  54        69.2 ms HE    1 dec  0 frames
c5  s13  notify 36       416.2 ms HE    6 dec  2 frames  + 1.2 ms peer-wait  (seq 94)
c5  s14  2pc    39       416.1 ms HE    6 dec  4 frames  + 5.1 ms peer-wait  (seq 95)
c5  s15  2pc    61       138.7 ms HE    2 dec  4 frames  + 3.7 ms peer-wait  (seq 96)
c5  s16  notify 30       415.8 ms HE    6 dec  2 frames  + 1.2 ms peer-wait  (seq 97)
c5  s17  local  71        69.4 ms HE    1 dec  0 frames
c5  s18  local  72        69.6 ms HE    1 dec  0 frames
c5  s19  local  81        69.8 ms HE    1 dec  0 frames
c5  s20  local  82        69.5 ms HE    1 dec  0 frames
c5  s21  local  73        69.5 ms HE    1 dec  0 frames
c5  s22  local  74        70.1 ms HE    1 dec  0 frames
c5  s23  2pc    65       139.3 ms HE    2 dec  4 frames  + 4.6 ms peer-wait  (seq 98)
c5  s24  notify 66       140.0 ms HE    2 dec  2 frames  + 1.5 ms peer-wait  (seq 99)
c5  s25  local  11        69.4 ms HE    1 dec  0 frames
c5  s26  local  21        69.3 ms HE    1 dec  0 frames
c5  s27  local  12        69.3 ms HE    1 dec  0 frames
c5  s28  2pc    31       415.4 ms HE    6 dec  4 frames  + 4.9 ms peer-wait  (seq 100)
c5  s29  notify 32       415.8 ms HE    6 dec  2 frames  + 1.4 ms peer-wait  (seq 101)
c5  s30  local  41        69.6 ms HE    1 dec  0 frames
c5  s31  local  42        69.8 ms HE    1 dec  0 frames
c5  s32  2pc    35       418.5 ms HE    6 dec  4 frames  + 5.1 ms peer-wait  (seq 102)
c5  s33  notify 36       416.7 ms HE    6 dec  2 frames  + 1.8 ms peer-wait  (seq 103)
c5  s34  local  22        69.9 ms HE    1 dec  0 frames
c5  s35  2pc    61       139.3 ms HE    2 dec  4 frames  + 5.6 ms peer-wait  (seq 104)
c5  s36  2pc    33       417.0 ms HE    6 dec  4 frames  + 5.0 ms peer-wait  (seq 105)
c5  s37  notify 34       417.1 ms HE    6 dec  2 frames  + 1.6 ms peer-wait  (seq 106)
c5  s38  local  51        69.6 ms HE    1 dec  0 frames
c5  s39  local  52        69.6 ms HE    1 dec  0 frames
c5  s40  2pc    37       417.6 ms HE    6 dec  4 frames  + 6.2 ms peer-wait  (seq 107)
c5  s41  notify 38       417.7 ms HE    6 dec  2 frames  + 1.5 ms peer-wait  (seq 108)
c5  s42  2pc    63       139.4 ms HE    2 dec  4 frames  + 5.2 ms peer-wait  (seq 109)
c5  s43  notify 64       138.7 ms HE    2 dec  2 frames  + 1.3 ms peer-wait  (seq 110)
-- cycle 5/5 done at 46987.8 ms --

============================================================
  SUMMARY — node 1/2 — LOCAL MODULAR — UDP/IP multicast (RFC 1112)
============================================================
  events this node FIRED:
  local (no network)     n=110  avg    70.92 ms  (HE   70.76 + net    0.00)  min   69.26  max   139.46   16.6%
  shared controllable    n=60   avg   335.20 ms  (HE  330.33 + net    4.75)  min  142.43  max   563.08   42.9%
  shared uncontroll.     n=50   avg   379.92 ms  (HE  378.37 + net    1.44)  min  139.93  max   839.99   40.5%
  events this node APPLIED for a peer (participant side):
  shared, applied              (none on this node)
  sync-wait (peers reaching a shared step): n=110 avg 0.70 ms, 0.1 s total
     not protocol cost — the plant catching up; kept out of the rows above
  run clock, end of cycles 1..5 (ms): 10532.5 19643.7 28761.4 37883.0 46987.8
     a cycle is over at the LATEST node's value; DES_WORK_MS 0 included
  ----------------------------------------------------------
  all events            n=220  avg   213.22 ms  (HE  211.46 + net    1.62)
  PEER-WAIT + WIRE      0.8 % of total step time
     (compare against the round-trip probe above: the excess is
      the peer's own HE work, not the link.)
  frames: tx=198 rx=421 retransmits=0
  authentication: HMAC-SHA256/128, 1.7 us per frame; 0 rejected (bad tag), 0 stale/replayed dropped, 1 epoch challenges
  rx queue: peak 4/64 frames
  plant check: 0 event reports rejected as physically impossible
     (these supervisors carry the plant: an impossible uncontrollable event is caught)
  ----------------------------------------------------------
  homomorphic vs cleartext oracle : PASS — every encrypted bit matched
     (PASS certifies the cryptography: each node's encrypted bits
      match its own clear model for the events it applied. It does
      not certify the distributed run — read the skips for that.)
  distributed vs MONOLITHIC sup.  : off — this header has no monolithic supervisor
  safe halt                       : no — ran to completion
============================================================
@@RESULT {"node":1,"nodes":2,"family":"LOCAL MODULAR","data":"supervisor_data_fms.h","transport":"UDP/IP multicast (RFC 1112)","fingerprint":"52c9a503","supervisors":["S0","S1","S2","S3","S4","S6"],"fired":{"local":110,"ctrl":60,"unctrl":50},"applied_for_peers":0,"skips":0,"impossible":0,"tx":198,"rx":421,"retx":0,"auth_bad":0,"replays":0,"challenges":1,"mac_us":1.74,"rxq_peak":4,"rxq_drops":0,"sync_wait_ms":77.2,"oracle":"PASS","safe_halt":false,"halt_reason":"","cycle_end_ms":[10532.5,19643.7,28761.4,37883.0,46987.8],"rounds":5,"work_ms":0,"emu_scalarmul_ms":69.0,"exit":0}
