2026-09-28T13:46:51.662350781Z des_container: node 3 of 7, LOCAL MODULAR, data supervisor_data_fms.h, transport UDP/IP multicast (RFC 1112)
2026-09-28T13:46:51.662443625Z des_container: EMULATING the ESP32 — every decryption takes at least 69.0 ms (DES_EMU_SCALARMUL_MS)
2026-09-28T13:46:51.662448428Z des_container: dropping 5 % of received frames, seed 23184668 (DES_LOSS_SEED to replay)
2026-09-28T13:46:51.662450128Z 
2026-09-28T13:46:51.662451429Z ============================================================
2026-09-28T13:46:51.662452730Z   Distributed Homomorphic DES — generic engine
2026-09-28T13:46:51.662454130Z   node 3/7   family LOCAL MODULAR   7 supervisors   31 events
2026-09-28T13:46:51.662455831Z   data: supervisor_data_fms.h
2026-09-28T13:46:51.662457232Z ============================================================
2026-09-28T13:46:51.663497128Z --- event routing (DERIVED from the header, not hardcoded) ---
2026-09-28T13:46:51.663509835Z   event  ctrl  nodes      owner  class
2026-09-28T13:46:51.663512736Z   11     yes   1          1      local — no network
2026-09-28T13:46:51.663515037Z   12     no    1          1      local — no network
2026-09-28T13:46:51.663516938Z   21     yes   2          2      local — no network
2026-09-28T13:46:51.663518839Z   22     no    2          2      local — no network
2026-09-28T13:46:51.663520940Z   30     no    1 2 3 4 5 6 7  1      SHARED — needs network
2026-09-28T13:46:51.663522841Z   31     yes   1 2 3 4 5 6 7  1      SHARED — needs network
2026-09-28T13:46:51.663524642Z   32     no    1 2 3 4 5 6 7  1      SHARED — needs network
2026-09-28T13:46:51.663526543Z   33     yes   1 2 3 4 5 6 7  1      SHARED — needs network
2026-09-28T13:46:51.663528644Z   34     no    1 2 3 4 5 6 7  1      SHARED — needs network
2026-09-28T13:46:51.663530544Z   35     yes   1 2 3 4 5 6 7  1      SHARED — needs network
2026-09-28T13:46:51.663532545Z   36     no    1 2 3 4 5 6 7  1      SHARED — needs network
2026-09-28T13:46:51.663534446Z   37     yes   1 2 3 4 5 6 7  1      SHARED — needs network
2026-09-28T13:46:51.663536647Z   38     no    1 2 3 4 5 6 7  1      SHARED — needs network
2026-09-28T13:46:51.663538748Z   39     yes   1 2 3 4 5 6 7  1      SHARED — needs network
2026-09-28T13:46:51.663540949Z   41     yes   3          3      local — no network
2026-09-28T13:46:51.663543551Z   42     no    3          3      local — no network
2026-09-28T13:46:51.663545652Z   51     yes   4          4      local — no network
2026-09-28T13:46:51.663547553Z   52     no    4          4      local — no network
2026-09-28T13:46:51.663549654Z   53     yes   4          4      local — no network
2026-09-28T13:46:51.663551554Z   54     no    4          4      local — no network
2026-09-28T13:46:51.663553856Z   61     yes   5 6 7      5      SHARED — needs network
2026-09-28T13:46:51.663566061Z   63     yes   5 6 7      5      SHARED — needs network
2026-09-28T13:46:51.663569163Z   64     no    5 6 7      5      SHARED — needs network
2026-09-28T13:46:51.663571264Z   65     yes   5 6 7      5      SHARED — needs network
2026-09-28T13:46:51.663573265Z   66     no    5 6 7      5      SHARED — needs network
2026-09-28T13:46:51.663575166Z   71     yes   7          7      local — no network
2026-09-28T13:46:51.663576967Z   72     no    7          7      local — no network
2026-09-28T13:46:51.663578968Z   73     yes   7          7      local — no network
2026-09-28T13:46:51.663581169Z   74     no    7          7      local — no network
2026-09-28T13:46:51.663583370Z   81     yes   7          7      local — no network
2026-09-28T13:46:51.663585471Z   82     no    7          7      local — no network
2026-09-28T13:46:51.663587572Z   => 15/31 events shared; 16/31 need ZERO network traffic; 12 concern this node
2026-09-28T13:46:51.663590073Z   NOTE controllability was INFERRED from event labels (the header
2026-09-28T13:46:51.663593975Z        does not carry it). Check the 'ctrl' column above; if it is
2026-09-28T13:46:51.663596476Z        wrong, set DES_CONTROLLABLE_MASK explicitly.
2026-09-28T13:46:51.663598577Z 
2026-09-28T13:46:51.663600678Z [init] config fingerprint 04511541 — every node must print the same
2026-09-28T13:46:51.663602979Z 
2026-09-28T13:46:51.663716233Z [net] UDP multicast 239.192.7.1:5077  ttl=1  frame=44 B
2026-09-28T13:46:51.663726938Z --- crypto self-test ---
2026-09-28T13:46:51.668085520Z   Enc(0)->0 Enc(1)->1                PASS
2026-09-28T13:46:51.669982026Z   Enc(1)+Enc(1)->1 homomorphic OR   PASS
2026-09-28T13:46:51.671058440Z   Enc(0)+Enc(0)->0                  PASS
2026-09-28T13:46:51.671093057Z   curve secp192r1, ciphertext 50 B    PASS
2026-09-28T13:46:51.671155087Z   frame tag HMAC-SHA256/128: 2.0 us, 1-bit tamper caught  PASS
2026-09-28T13:46:51.671164691Z 
2026-09-28T13:46:51.671167493Z --- encrypting my supervisors' initial states ---
2026-09-28T13:46:51.671215916Z [load] S2         idx 2   18 states  12 constraining ev     900 B ciphertext
2026-09-28T13:46:52.517307983Z [init] my keypair is mine alone; no ciphertext ever leaves this node
2026-09-28T13:46:52.517332094Z [init] my enablement: 11=1 12=1 21=1 22=1 30=0 31=1 32=0 33=1 34=0 35=0 36=0 37=1 38=0 39=1 41=0 42=0 51=1 52=1 53=1 54=1 61=1 63=1 64=1 65=1 66=1 71=1 72=1 73=1 74=1 81=1 82=1
2026-09-28T13:46:52.517335095Z 
2026-09-28T13:46:54.122663546Z [net] waiting for 6 peer(s)........ all present.
2026-09-28T13:46:55.630687009Z 
2026-09-28T13:46:55.630777552Z ============================================================
2026-09-28T13:46:55.630790058Z   RUN — SIM_SEQ driver — 5 cycles x 44 steps — LOCAL MODULAR
2026-09-28T13:46:55.630847185Z   columns: cN sNN = cycle/step of MY walk; · = a peer caused this
2026-09-28T13:46:55.630856389Z   'done at': run clock, common to all nodes; a cycle is over at the
2026-09-28T13:46:55.630863293Z   LATEST node's print, machine time (DES_WORK_MS 0) included
2026-09-28T13:46:55.630870496Z ============================================================
2026-09-28T13:46:55.630877399Z 
2026-09-28T13:46:55.630883702Z -- cycle 1/5 --
2026-09-28T13:46:59.667023664Z     ·     vote   31    YES to node 1          (seq 1)
2026-09-28T13:46:59.743166136Z     ·     apply  31        69.8 ms HE    1 dec  from node 1  (seq 1)
2026-09-28T13:47:01.319368567Z     ·     apply  32        69.9 ms HE    1 dec  from node 1  (seq 2)
2026-09-28T13:47:01.391968547Z c1  s5   local  41        69.6 ms HE    1 dec  0 frames
2026-09-28T13:47:01.461671843Z c1  s7   local  42        69.9 ms HE    1 dec  0 frames
2026-09-28T13:47:03.038836834Z     ·     vote   33    YES to node 1          (seq 3)
2026-09-28T13:47:03.111894833Z     ·     apply  33        69.8 ms HE    1 dec  from node 1  (seq 3)
2026-09-28T13:47:03.277174885Z     ·     apply  34        69.9 ms HE    1 dec  from node 1  (seq 4)
2026-09-28T13:47:06.187867240Z     ·     vote   35    YES to node 1          (seq 5)
2026-09-28T13:47:07.690467012Z     ·     vote   35    YES to node 1          (seq 5)
2026-09-28T13:47:09.174952269Z     ·     vote   35    YES to node 1          (seq 5)
2026-09-28T13:47:09.246979875Z     ·     apply  35        69.5 ms HE    1 dec  from node 1  (seq 5)
2026-09-28T13:47:10.822992515Z     ·     apply  36        69.6 ms HE    1 dec  from node 1  (seq 6)
2026-09-28T13:47:12.325344869Z     ·     vote   39    YES to node 1          (seq 7)
2026-09-28T13:47:13.827399881Z     ·     vote   39    YES to node 1          (seq 7)
2026-09-28T13:47:24.876068855Z     ·     apply  39        69.7 ms HE    1 dec  from node 1  (seq 7)
2026-09-28T13:47:15.485783631Z     ·     apply  30        69.5 ms HE    1 dec  from node 1  (seq 8)
2026-09-28T13:47:19.194812420Z     ·     vote   31    YES to node 1          (seq 9)
2026-09-28T13:47:19.266852832Z     ·     apply  31        69.4 ms HE    1 dec  from node 1  (seq 9)
2026-09-28T13:47:19.646666264Z     ·     apply  32        69.8 ms HE    1 dec  from node 1  (seq 10)
2026-09-28T13:47:19.718285276Z c1  s30  local  41        69.5 ms HE    1 dec  0 frames
2026-09-28T13:47:19.789151628Z c1  s31  local  42        70.1 ms HE    1 dec  0 frames
2026-09-28T13:47:19.792142356Z     ·     vote   35    YES to node 1          (seq 11)
2026-09-28T13:47:21.291119197Z     ·     vote   35    YES to node 1          (seq 11)
2026-09-28T13:47:22.792352817Z     ·     vote   35    YES to node 1          (seq 11)
2026-09-28T13:47:24.300378741Z     ·     vote   35    YES to node 1          (seq 11)
2026-09-28T13:47:25.851700487Z     ·     vote   35    YES to node 1          (seq 11)
2026-09-28T13:47:27.495315520Z     ·     apply  35        69.7 ms HE    1 dec  from node 1  (seq 11)
2026-09-28T13:47:29.127432393Z     ·     apply  36        70.2 ms HE    1 dec  from node 1  (seq 12)
2026-09-28T13:47:31.017277547Z     ·     vote   33    YES to node 1          (seq 13)
2026-09-28T13:47:32.517349612Z     ·     vote   33    YES to node 1          (seq 13)
2026-09-28T13:47:44.993958809Z     ·     vote   33    YES to node 1          (seq 13)
2026-09-28T13:47:45.068804262Z     ·     apply  33        69.9 ms HE    1 dec  from node 1  (seq 13)
2026-09-28T13:47:34.165123863Z     ·     apply  34        69.7 ms HE    1 dec  from node 1  (seq 14)
2026-09-28T13:47:34.310572842Z     ·     vote   37    YES to node 1          (seq 15)
2026-09-28T13:47:34.384992992Z     ·     apply  37        69.4 ms HE    1 dec  from node 1  (seq 15)
2026-09-28T13:47:35.957944269Z     ·     apply  38        69.8 ms HE    1 dec  from node 1  (seq 16)
2026-09-28T13:47:35.959423576Z -- cycle 1/5 done at 36648.7 ms --
2026-09-28T13:47:35.959461094Z 
2026-09-28T13:47:35.959473100Z -- cycle 2/5 --
2026-09-28T13:47:37.621212791Z     ·     vote   31    YES to node 1          (seq 17)
2026-09-28T13:47:37.693898312Z     ·     apply  31        69.7 ms HE    1 dec  from node 1  (seq 17)
2026-09-28T13:47:38.075080397Z     ·     apply  32        70.0 ms HE    1 dec  from node 1  (seq 18)
2026-09-28T13:47:38.147991026Z c2  s5   local  41        70.0 ms HE    1 dec  0 frames
2026-09-28T13:47:38.218294709Z c2  s7   local  42        69.7 ms HE    1 dec  0 frames
2026-09-28T13:47:38.220880444Z     ·     vote   33    YES to node 1          (seq 19)
2026-09-28T13:47:38.297415904Z     ·     apply  33        69.9 ms HE    1 dec  from node 1  (seq 19)
2026-09-28T13:47:42.880852554Z     ·     apply  34        70.0 ms HE    1 dec  from node 1  (seq 20)
2026-09-28T13:47:42.887472116Z     ·     vote   35    YES to node 1          (seq 21)
2026-09-28T13:47:44.375776124Z     ·     vote   35    YES to node 1          (seq 21)
2026-09-28T13:47:44.449402595Z     ·     apply  35        69.9 ms HE    1 dec  from node 1  (seq 21)
2026-09-28T13:47:46.400410765Z     ·     apply  36        70.2 ms HE    1 dec  from node 1  (seq 22)
2026-09-28T13:47:46.405433064Z     ·     vote   39    YES to node 1          (seq 23)
2026-09-28T13:47:46.480980252Z     ·     apply  39        69.8 ms HE    1 dec  from node 1  (seq 23)
2026-09-28T13:47:48.137888535Z     ·     apply  30        70.0 ms HE    1 dec  from node 1  (seq 24)
2026-09-28T13:47:51.715112347Z     ·     vote   31    YES to node 1          (seq 25)
2026-09-28T13:47:51.787829282Z     ·     apply  31        69.9 ms HE    1 dec  from node 1  (seq 25)
2026-09-28T13:47:54.873585170Z     ·     apply  32        70.5 ms HE    1 dec  from node 1  (seq 26)
2026-09-28T13:47:54.945786259Z c2  s30  local  41        69.7 ms HE    1 dec  0 frames
2026-09-28T13:47:55.015756083Z c2  s31  local  42        69.7 ms HE    1 dec  0 frames
2026-09-28T13:47:57.874874646Z     ·     vote   35    YES to node 1          (seq 27)
2026-09-28T13:47:59.361496120Z     ·     vote   35    YES to node 1          (seq 27)
2026-09-28T13:47:59.434345719Z     ·     apply  35        69.8 ms HE    1 dec  from node 1  (seq 27)
2026-09-28T13:47:59.511805721Z     ·     apply  36        69.6 ms HE    1 dec  from node 1  (seq 28)
2026-09-28T13:48:02.514972494Z     ·     vote   33    YES to node 1          (seq 29)
2026-09-28T13:48:14.988317726Z     ·     vote   33    YES to node 1          (seq 29)
2026-09-28T13:48:15.062030137Z     ·     apply  33        69.7 ms HE    1 dec  from node 1  (seq 29)
2026-09-28T13:48:15.136752331Z     ·     apply  34        69.9 ms HE    1 dec  from node 1  (seq 30)
2026-09-28T13:48:04.466742352Z     ·     vote   37    YES to node 1          (seq 31)
2026-09-28T13:48:05.970299381Z     ·     vote   37    YES to node 1          (seq 31)
2026-09-28T13:48:07.469326747Z     ·     vote   37    YES to node 1          (seq 31)
2026-09-28T13:48:19.944257532Z     ·     vote   37    YES to node 1          (seq 31)
2026-09-28T13:48:21.496959337Z     ·     vote   37    YES to node 1          (seq 31)
2026-09-28T13:48:21.569759113Z     ·     apply  37        69.8 ms HE    1 dec  from node 1  (seq 31)
2026-09-28T13:48:21.647921750Z     ·     apply  38        69.8 ms HE    1 dec  from node 1  (seq 32)
2026-09-28T13:48:21.649986436Z -- cycle 2/5 done at 71376.8 ms --
2026-09-28T13:48:21.650210943Z 
2026-09-28T13:48:21.650255365Z -- cycle 3/5 --
2026-09-28T13:48:21.810495109Z     ·     vote   31    YES to node 1          (seq 33)
2026-09-28T13:48:21.885694831Z     ·     apply  31        70.0 ms HE    1 dec  from node 1  (seq 33)
2026-09-28T13:48:21.961848408Z     ·     apply  32        69.8 ms HE    1 dec  from node 1  (seq 34)
2026-09-28T13:48:22.034224782Z c3  s5   local  41        69.6 ms HE    1 dec  0 frames
2026-09-28T13:48:22.104179398Z c3  s7   local  42        69.7 ms HE    1 dec  0 frames
2026-09-28T13:48:23.541697081Z     ·     vote   33    YES to node 1          (seq 35)
2026-09-28T13:48:23.615001998Z     ·     apply  33        69.8 ms HE    1 dec  from node 1  (seq 35)
2026-09-28T13:48:23.692997355Z     ·     apply  34        70.1 ms HE    1 dec  from node 1  (seq 36)
2026-09-28T13:48:26.695319825Z     ·     vote   35    YES to node 1          (seq 37)
2026-09-28T13:48:26.771610267Z     ·     apply  35        69.7 ms HE    1 dec  from node 1  (seq 37)
2026-09-28T13:48:32.846858833Z     ·     apply  36        70.4 ms HE    1 dec  from node 1  (seq 38)
2026-09-28T13:48:34.422432363Z     ·     vote   39    YES to node 1          (seq 39)
2026-09-28T13:48:34.497637388Z     ·     apply  39        70.3 ms HE    1 dec  from node 1  (seq 39)
2026-09-28T13:48:25.092152635Z     ·     apply  30        70.0 ms HE    1 dec  from node 1  (seq 40)
2026-09-28T13:48:25.678888711Z     ·     vote   31    YES to node 1          (seq 41)
2026-09-28T13:48:25.751732107Z     ·     apply  31        69.9 ms HE    1 dec  from node 1  (seq 41)
2026-09-28T13:48:27.328987541Z     ·     apply  32        70.1 ms HE    1 dec  from node 1  (seq 42)
2026-09-28T13:48:27.401564610Z c3  s30  local  41        70.0 ms HE    1 dec  0 frames
2026-09-28T13:48:27.471612871Z c3  s31  local  42        69.8 ms HE    1 dec  0 frames
2026-09-28T13:48:30.324639080Z     ·     vote   35    YES to node 1          (seq 43)
2026-09-28T13:48:30.397975912Z     ·     apply  35        70.3 ms HE    1 dec  from node 1  (seq 43)
2026-09-28T13:48:33.473047733Z     ·     apply  36        69.9 ms HE    1 dec  from node 1  (seq 44)
2026-09-28T13:48:35.130070060Z     ·     vote   33    YES to node 1          (seq 45)
2026-09-28T13:48:35.205616448Z     ·     apply  33        69.9 ms HE    1 dec  from node 1  (seq 45)
2026-09-28T13:48:36.780743865Z     ·     apply  34        69.9 ms HE    1 dec  from node 1  (seq 46)
2026-09-28T13:48:36.926167332Z     ·     vote   37    YES to node 1          (seq 47)
2026-09-28T13:48:38.426519830Z     ·     vote   37    YES to node 1          (seq 47)
2026-09-28T13:48:39.929872891Z     ·     vote   37    YES to node 1          (seq 47)
2026-09-28T13:48:40.003183311Z     ·     apply  37        70.1 ms HE    1 dec  from node 1  (seq 47)
2026-09-28T13:48:40.081326138Z     ·     apply  38        69.9 ms HE    1 dec  from node 1  (seq 48)
2026-09-28T13:48:40.084098463Z -- cycle 3/5 done at 100796.7 ms --
2026-09-28T13:48:40.084173699Z 
2026-09-28T13:48:40.084193208Z -- cycle 4/5 --
2026-09-28T13:48:41.744153449Z     ·     vote   31    YES to node 1          (seq 49)
2026-09-28T13:48:41.817343411Z     ·     apply  31        69.9 ms HE    1 dec  from node 1  (seq 49)
2026-09-28T13:48:42.196811277Z     ·     apply  32        69.6 ms HE    1 dec  from node 1  (seq 50)
2026-09-28T13:48:42.269330219Z c4  s5   local  41        69.9 ms HE    1 dec  0 frames
2026-09-28T13:48:42.339326755Z c4  s7   local  42        69.8 ms HE    1 dec  0 frames
2026-09-28T13:48:42.343064741Z     ·     vote   33    YES to node 1          (seq 51)
2026-09-28T13:48:42.418409732Z     ·     apply  33        70.1 ms HE    1 dec  from node 1  (seq 51)
2026-09-28T13:48:42.496322450Z     ·     apply  34        69.8 ms HE    1 dec  from node 1  (seq 52)
2026-09-28T13:48:42.504538074Z     ·     vote   35    YES to node 1          (seq 53)
2026-09-28T13:48:44.003326526Z     ·     vote   35    YES to node 1          (seq 53)
2026-09-28T13:48:45.508795679Z     ·     vote   35    YES to node 1          (seq 53)
2026-09-28T13:48:45.580862905Z     ·     apply  35        69.6 ms HE    1 dec  from node 1  (seq 53)
2026-09-28T13:48:45.798025641Z     ·     apply  36        69.9 ms HE    1 dec  from node 1  (seq 54)
2026-09-28T13:48:45.803824811Z     ·     vote   39    YES to node 1          (seq 55)
2026-09-28T13:48:45.879831518Z     ·     apply  39        69.9 ms HE    1 dec  from node 1  (seq 55)
2026-09-28T13:48:46.036529671Z     ·     apply  30        69.7 ms HE    1 dec  from node 1  (seq 56)
2026-09-28T13:48:47.766981885Z     ·     vote   31    YES to node 1          (seq 57)
2026-09-28T13:49:00.231035663Z     ·     vote   31    YES to node 1          (seq 57)
2026-09-28T13:48:50.752486702Z     ·     vote   31    YES to node 1          (seq 57)
2026-09-28T13:48:52.398753801Z     ·     apply  31        69.5 ms HE    1 dec  from node 1  (seq 57)
2026-09-28T13:48:52.779101588Z     ·     apply  32        69.9 ms HE    1 dec  from node 1  (seq 58)
2026-09-28T13:48:52.852175895Z c4  s30  local  41        70.1 ms HE    1 dec  0 frames
2026-09-28T13:48:52.921888296Z c4  s31  local  42        69.5 ms HE    1 dec  0 frames
2026-09-28T13:48:52.925775353Z     ·     vote   35    YES to node 1          (seq 59)
2026-09-28T13:48:52.998474480Z     ·     apply  35        69.9 ms HE    1 dec  from node 1  (seq 59)
2026-09-28T13:48:56.068388791Z     ·     apply  36        69.7 ms HE    1 dec  from node 1  (seq 60)
2026-09-28T13:48:56.456327204Z     ·     vote   33    YES to node 1          (seq 61)
2026-09-28T13:48:57.956798859Z     ·     vote   33    YES to node 1          (seq 61)
2026-09-28T13:48:58.032798163Z     ·     apply  33        70.2 ms HE    1 dec  from node 1  (seq 61)
2026-09-28T13:48:58.108961145Z     ·     apply  34        70.0 ms HE    1 dec  from node 1  (seq 62)
2026-09-28T13:48:58.252640679Z     ·     vote   37    YES to node 1          (seq 63)
2026-09-28T13:48:58.325535600Z     ·     apply  37        69.8 ms HE    1 dec  from node 1  (seq 63)
2026-09-28T13:48:58.704225795Z     ·     apply  38        69.8 ms HE    1 dec  from node 1  (seq 64)
2026-09-28T13:48:58.706007346Z -- cycle 4/5 done at 119430.9 ms --
2026-09-28T13:48:58.706037160Z 
2026-09-28T13:48:58.706052668Z -- cycle 5/5 --
2026-09-28T13:49:01.847818409Z     ·     vote   31    YES to node 1          (seq 65)
2026-09-28T13:49:03.350696914Z     ·     vote   31    YES to node 1          (seq 65)
2026-09-28T13:49:04.859967211Z     ·     vote   31    YES to node 1          (seq 65)
2026-09-28T13:49:06.358422503Z     ·     vote   31    YES to node 1          (seq 65)
2026-09-28T13:49:06.431385557Z     ·     apply  31        69.7 ms HE    1 dec  from node 1  (seq 65)
2026-09-28T13:49:08.078899352Z     ·     apply  32        69.9 ms HE    1 dec  from node 1  (seq 66)
2026-09-28T13:49:08.151298536Z c5  s5   local  41        69.9 ms HE    1 dec  0 frames
2026-09-28T13:49:08.221810419Z c5  s7   local  42        70.1 ms HE    1 dec  0 frames
2026-09-28T13:49:09.574751546Z     ·     vote   33    YES to node 1          (seq 67)
2026-09-28T13:49:11.075210795Z     ·     vote   33    YES to node 1          (seq 67)
2026-09-28T13:49:12.576299545Z     ·     vote   33    YES to node 1          (seq 67)
2026-09-28T13:49:14.077806495Z     ·     vote   33    YES to node 1          (seq 67)
2026-09-28T13:49:15.625302136Z     ·     vote   33    YES to node 1          (seq 67)
2026-09-28T13:49:17.125058850Z     ·     vote   33    YES to node 1          (seq 67)
2026-09-28T13:49:18.624322728Z     ·     vote   33    YES to node 1          (seq 67)
2026-09-28T13:49:18.700196772Z     ·     apply  33        70.6 ms HE    1 dec  from node 1  (seq 67)
2026-09-28T13:49:20.271415819Z     ·     apply  34        70.1 ms HE    1 dec  from node 1  (seq 68)
2026-09-28T13:49:20.581482934Z     ·     vote   35    YES to node 1          (seq 69)
2026-09-28T13:49:20.656347295Z     ·     apply  35        70.1 ms HE    1 dec  from node 1  (seq 69)
2026-09-28T13:49:21.476058961Z     ·     apply  36        69.8 ms HE    1 dec  from node 1  (seq 70)
2026-09-28T13:49:21.484405147Z     ·     vote   39    YES to node 1          (seq 71)
2026-09-28T13:49:24.633111646Z     ·     apply  39        69.2 ms HE    1 dec  from node 1  (seq 71)
2026-09-28T13:49:26.135538536Z     ·     apply  30        69.8 ms HE    1 dec  from node 1  (seq 72)
2026-09-28T13:49:26.722196675Z     ·     vote   31    YES to node 1          (seq 73)
2026-09-28T13:49:28.370024320Z     ·     apply  31        70.2 ms HE    1 dec  from node 1  (seq 73)
2026-09-28T13:49:28.748524224Z     ·     apply  32        70.2 ms HE    1 dec  from node 1  (seq 74)
2026-09-28T13:49:28.822186111Z c5  s30  local  41        69.9 ms HE    1 dec  0 frames
2026-09-28T13:49:28.891845687Z c5  s31  local  42        69.8 ms HE    1 dec  0 frames
2026-09-28T13:49:29.058302701Z     ·     vote   35    YES to node 1          (seq 75)
2026-09-28T13:49:30.704735216Z     ·     apply  35        70.6 ms HE    1 dec  from node 1  (seq 75)
2026-09-28T13:49:31.384538248Z     ·     apply  36        70.0 ms HE    1 dec  from node 1  (seq 76)
2026-09-28T13:49:31.694550637Z     ·     vote   33    YES to node 1          (seq 77)
2026-09-28T13:49:31.772364308Z     ·     apply  33        70.0 ms HE    1 dec  from node 1  (seq 77)
2026-09-28T13:49:31.849259940Z     ·     apply  34        70.1 ms HE    1 dec  from node 1  (seq 78)
2026-09-28T13:49:36.354243173Z     ·     vote   37    YES to node 1          (seq 79)
2026-09-28T13:49:36.430253883Z     ·     apply  37        70.0 ms HE    1 dec  from node 1  (seq 79)
2026-09-28T13:49:38.000197624Z     ·     apply  38        69.4 ms HE    1 dec  from node 1  (seq 80)
2026-09-28T13:49:38.004106291Z -- cycle 5/5 done at 158731.6 ms --
2026-09-28T13:49:38.004174824Z 
2026-09-28T13:49:38.004224447Z ============================================================
2026-09-28T13:49:38.004236853Z   SUMMARY — node 3/7 — LOCAL MODULAR — UDP/IP multicast (RFC 1112)
2026-09-28T13:49:38.004245257Z ============================================================
2026-09-28T13:49:38.004251160Z   events this node FIRED:
2026-09-28T13:49:38.004257263Z   local (no network)     n=20   avg    70.00 ms  (HE   69.80 + net    0.00)  min   69.62  max    70.39  100.0%
2026-09-28T13:49:38.004263566Z   shared controllable          (none on this node)
2026-09-28T13:49:38.004269269Z   shared uncontroll.           (none on this node)
2026-09-28T13:49:38.004274871Z   events this node APPLIED for a peer (participant side):
2026-09-28T13:49:38.004280574Z   shared, applied        n=80   avg    69.89 ms  (HE   69.89 + net    0.00)  min   69.24  max    70.62
2026-09-28T13:49:38.004286677Z   run clock, end of cycles 1..5 (ms): 36648.7 71376.8 100796.7 119430.9 158731.6
2026-09-28T13:49:38.004295181Z      a cycle is over at the LATEST node's value; DES_WORK_MS 0 included
2026-09-28T13:49:38.004304686Z   ----------------------------------------------------------
2026-09-28T13:49:38.004313790Z   all events            n=20   avg    70.00 ms  (HE   69.80 + net    0.00)
2026-09-28T13:49:38.004324095Z   PEER-WAIT + WIRE      0.0 % of total step time
2026-09-28T13:49:38.004333499Z      (compare against the round-trip probe above: the excess is
2026-09-28T13:49:38.004343304Z       the peer's own HE work, not the link.)
2026-09-28T13:49:38.004351808Z   frames: tx=791 rx=4102 retransmits=0
2026-09-28T13:49:38.004361713Z   authentication: HMAC-SHA256/128, 2.0 us per frame; 0 rejected (bad tag), 0 stale/replayed dropped, 7 epoch challenges
2026-09-28T13:49:38.004371117Z   rx queue: peak 11/64 frames
2026-09-28T13:49:38.004380622Z   plant check: 0 event reports rejected as physically impossible
2026-09-28T13:49:38.004389826Z      (these supervisors carry the plant: an impossible uncontrollable event is caught)
2026-09-28T13:49:38.004399431Z   injected frame loss: 5 %
2026-09-28T13:49:38.004408635Z   ----------------------------------------------------------
2026-09-28T13:49:38.004417339Z   homomorphic vs cleartext oracle : PASS — every encrypted bit matched
2026-09-28T13:49:38.004426744Z      (PASS certifies the cryptography: each node's encrypted bits
2026-09-28T13:49:38.004436449Z       match its own clear model for the events it applied. It does
2026-09-28T13:49:38.004445853Z       not certify the distributed run — read the skips for that.)
2026-09-28T13:49:38.004455758Z   distributed vs MONOLITHIC sup.  : off — this header has no monolithic supervisor
2026-09-28T13:49:38.004466763Z   safe halt                       : no — ran to completion
2026-09-28T13:49:38.004661956Z ============================================================
2026-09-28T13:49:48.008632835Z @@RESULT {"node":3,"nodes":7,"family":"LOCAL MODULAR","data":"supervisor_data_fms.h","transport":"UDP/IP multicast (RFC 1112)","fingerprint":"04511541","supervisors":["S2"],"fired":{"local":20,"ctrl":0,"unctrl":0},"applied_for_peers":80,"skips":0,"impossible":0,"tx":792,"rx":4125,"retx":0,"auth_bad":0,"replays":0,"challenges":7,"mac_us":2.02,"rxq_peak":11,"rxq_drops":0,"sync_wait_ms":0.0,"oracle":"PASS","safe_halt":false,"halt_reason":"","cycle_end_ms":[36648.7,71376.8,100796.7,119430.9,158731.6],"rounds":5,"work_ms":0,"emu_scalarmul_ms":69.0,"loss_pct":5,"loss_seed":23184668,"exit":0}
