2026-09-28T12:08:36.773157542Z des_container: node 3 of 7, LOCAL MODULAR, data supervisor_data_fms.h, transport UDP/IP multicast (RFC 1112)
2026-09-28T12:08:36.773213369Z des_container: EMULATING the ESP32 — every decryption takes at least 69.0 ms (DES_EMU_SCALARMUL_MS)
2026-09-28T12:08:36.773216970Z des_container: dropping 5 % of received frames, seed 2029305347 (DES_LOSS_SEED to replay)
2026-09-28T12:08:36.773218471Z 
2026-09-28T12:08:36.773219672Z ============================================================
2026-09-28T12:08:36.773220972Z   Distributed Homomorphic DES — generic engine
2026-09-28T12:08:36.773222373Z   node 3/7   family LOCAL MODULAR   7 supervisors   31 events
2026-09-28T12:08:36.773223574Z   data: supervisor_data_fms.h
2026-09-28T12:08:36.773224874Z ============================================================
2026-09-28T12:08:36.773992541Z --- event routing (DERIVED from the header, not hardcoded) ---
2026-09-28T12:08:36.774002245Z   event  ctrl  nodes      owner  class
2026-09-28T12:08:36.774004146Z   11     yes   1          1      local — no network
2026-09-28T12:08:36.774005747Z   12     no    1          1      local — no network
2026-09-28T12:08:36.774007048Z   21     yes   2          2      local — no network
2026-09-28T12:08:36.774008348Z   22     no    2          2      local — no network
2026-09-28T12:08:36.774009549Z   30     no    1 2 3 4 5 6 7  1      SHARED — needs network
2026-09-28T12:08:36.774010850Z   31     yes   1 2 3 4 5 6 7  1      SHARED — needs network
2026-09-28T12:08:36.774012150Z   32     no    1 2 3 4 5 6 7  1      SHARED — needs network
2026-09-28T12:08:36.774013351Z   33     yes   1 2 3 4 5 6 7  1      SHARED — needs network
2026-09-28T12:08:36.774014651Z   34     no    1 2 3 4 5 6 7  1      SHARED — needs network
2026-09-28T12:08:36.774016552Z   35     yes   1 2 3 4 5 6 7  1      SHARED — needs network
2026-09-28T12:08:36.774018853Z   36     no    1 2 3 4 5 6 7  1      SHARED — needs network
2026-09-28T12:08:36.774021054Z   37     yes   1 2 3 4 5 6 7  1      SHARED — needs network
2026-09-28T12:08:36.774023256Z   38     no    1 2 3 4 5 6 7  1      SHARED — needs network
2026-09-28T12:08:36.774025757Z   39     yes   1 2 3 4 5 6 7  1      SHARED — needs network
2026-09-28T12:08:36.774028458Z   41     yes   3          3      local — no network
2026-09-28T12:08:36.774029759Z   42     no    3          3      local — no network
2026-09-28T12:08:36.774031059Z   51     yes   4          4      local — no network
2026-09-28T12:08:36.774032260Z   52     no    4          4      local — no network
2026-09-28T12:08:36.774033660Z   53     yes   4          4      local — no network
2026-09-28T12:08:36.774036762Z   54     no    4          4      local — no network
2026-09-28T12:08:36.774038063Z   61     yes   5 6 7      5      SHARED — needs network
2026-09-28T12:08:36.774048067Z   63     yes   5 6 7      5      SHARED — needs network
2026-09-28T12:08:36.774049968Z   64     no    5 6 7      5      SHARED — needs network
2026-09-28T12:08:36.774052069Z   65     yes   5 6 7      5      SHARED — needs network
2026-09-28T12:08:36.774053970Z   66     no    5 6 7      5      SHARED — needs network
2026-09-28T12:08:36.774055971Z   71     yes   7          7      local — no network
2026-09-28T12:08:36.774058172Z   72     no    7          7      local — no network
2026-09-28T12:08:36.774060473Z   73     yes   7          7      local — no network
2026-09-28T12:08:36.774062574Z   74     no    7          7      local — no network
2026-09-28T12:08:36.774064675Z   81     yes   7          7      local — no network
2026-09-28T12:08:36.774067377Z   82     no    7          7      local — no network
2026-09-28T12:08:36.774069478Z   => 15/31 events shared; 16/31 need ZERO network traffic; 12 concern this node
2026-09-28T12:08:36.774072679Z   NOTE controllability was INFERRED from event labels (the header
2026-09-28T12:08:36.774075781Z        does not carry it). Check the 'ctrl' column above; if it is
2026-09-28T12:08:36.774077281Z        wrong, set DES_CONTROLLABLE_MASK explicitly.
2026-09-28T12:08:36.774078582Z 
2026-09-28T12:08:36.774079783Z [init] config fingerprint 04511541 — every node must print the same
2026-09-28T12:08:36.774081083Z 
2026-09-28T12:08:36.774082284Z [net] UDP multicast 239.192.7.1:5077  ttl=1  frame=44 B
2026-09-28T12:08:36.774083584Z --- crypto self-test ---
2026-09-28T12:08:36.776545260Z   Enc(0)->0 Enc(1)->1                PASS
2026-09-28T12:08:36.777340440Z   Enc(1)+Enc(1)->1 homomorphic OR   PASS
2026-09-28T12:08:36.778027668Z   Enc(0)+Enc(0)->0                  PASS
2026-09-28T12:08:36.778050779Z   curve secp192r1, ciphertext 50 B    PASS
2026-09-28T12:08:36.778141623Z   frame tag HMAC-SHA256/128: 1.4 us, 1-bit tamper caught  PASS
2026-09-28T12:08:36.778151628Z 
2026-09-28T12:08:36.778153729Z --- encrypting my supervisors' initial states ---
2026-09-28T12:08:36.778156130Z [load] S2         idx 2   18 states  12 constraining ev     900 B ciphertext
2026-09-28T12:08:26.566987859Z [init] my keypair is mine alone; no ciphertext ever leaves this node
2026-09-28T12:08:26.567041185Z [init] my enablement: 11=1 12=1 21=1 22=1 30=0 31=1 32=0 33=1 34=0 35=0 36=0 37=1 38=0 39=1 41=0 42=0 51=1 52=1 53=1 54=1 61=1 63=1 64=1 65=1 66=1 71=1 72=1 73=1 74=1 81=1 82=1
2026-09-28T12:08:26.567048388Z 
2026-09-28T12:08:27.169929376Z [net] waiting for 6 peer(s)... all present.
2026-09-28T12:08:28.677678108Z 
2026-09-28T12:08:28.677703120Z ============================================================
2026-09-28T12:08:28.677711224Z   RUN — SIM_SEQ driver — 5 cycles x 44 steps — LOCAL MODULAR
2026-09-28T12:08:28.677732834Z   columns: cN sNN = cycle/step of MY walk; · = a peer caused this
2026-09-28T12:08:28.677740738Z   'done at': run clock, common to all nodes; a cycle is over at the
2026-09-28T12:08:28.677747541Z   LATEST node's print, machine time (DES_WORK_MS 0) included
2026-09-28T12:08:28.677754444Z ============================================================
2026-09-28T12:08:28.677761348Z 
2026-09-28T12:08:28.677767351Z -- cycle 1/5 --
2026-09-28T12:08:32.628292659Z     ·     vote   31    YES to node 1          (seq 1)
2026-09-28T12:08:34.129350194Z     ·     vote   31    YES to node 1          (seq 1)
2026-09-28T12:08:34.203949129Z     ·     apply  31        69.8 ms HE    1 dec  from node 1  (seq 1)
2026-09-28T12:08:34.582942269Z     ·     apply  32        69.6 ms HE    1 dec  from node 1  (seq 2)
2026-09-28T12:08:34.655830387Z c1  s5   local  41        69.8 ms HE    1 dec  0 frames
2026-09-28T12:08:34.725583907Z c1  s7   local  42        69.5 ms HE    1 dec  0 frames
2026-09-28T12:08:34.799062707Z     ·     vote   33    YES to node 1          (seq 3)
2026-09-28T12:08:34.874467727Z     ·     apply  33        69.7 ms HE    1 dec  from node 1  (seq 3)
2026-09-28T12:08:35.034398624Z     ·     apply  34        69.7 ms HE    1 dec  from node 1  (seq 4)
2026-09-28T12:08:36.527147013Z     ·     vote   35    YES to node 1          (seq 5)
2026-09-28T12:08:36.599847641Z     ·     apply  35        69.5 ms HE    1 dec  from node 1  (seq 5)
2026-09-28T12:08:36.814218743Z     ·     apply  36        69.7 ms HE    1 dec  from node 1  (seq 6)
2026-09-28T12:08:39.814914535Z     ·     vote   39    YES to node 1          (seq 7)
2026-09-28T12:08:39.890011508Z     ·     apply  39        70.0 ms HE    1 dec  from node 1  (seq 7)
2026-09-28T12:08:40.187916313Z     ·     apply  30        69.9 ms HE    1 dec  from node 1  (seq 8)
2026-09-28T12:08:45.273986274Z     ·     vote   31    YES to node 1          (seq 9)
2026-09-28T12:08:46.761704132Z     ·     vote   31    YES to node 1          (seq 9)
2026-09-28T12:08:48.262814693Z     ·     vote   31    YES to node 1          (seq 9)
2026-09-28T12:08:49.763087753Z     ·     vote   31    YES to node 1          (seq 9)
2026-09-28T12:08:51.318388498Z     ·     vote   31    YES to node 1          (seq 9)
2026-09-28T12:08:52.819181407Z     ·     vote   31    YES to node 1          (seq 9)
2026-09-28T12:08:52.893086711Z     ·     apply  31        69.3 ms HE    1 dec  from node 1  (seq 9)
2026-09-28T12:08:52.966766106Z     ·     apply  32        69.3 ms HE    1 dec  from node 1  (seq 10)
2026-09-28T12:08:53.038306480Z c1  s30  local  41        69.3 ms HE    1 dec  0 frames
2026-09-28T12:08:53.109198744Z c1  s31  local  42        69.4 ms HE    1 dec  0 frames
2026-09-28T12:08:54.544211731Z     ·     vote   35    YES to node 1          (seq 11)
2026-09-28T12:08:56.029555356Z     ·     vote   35    YES to node 1          (seq 11)
2026-09-28T12:08:57.671834650Z     ·     apply  35        69.4 ms HE    1 dec  from node 1  (seq 11)
2026-09-28T12:08:57.745807486Z     ·     apply  36        69.2 ms HE    1 dec  from node 1  (seq 12)
2026-09-28T12:09:01.104143734Z     ·     vote   33    YES to node 1          (seq 13)
2026-09-28T12:09:01.177782411Z     ·     apply  33        69.3 ms HE    1 dec  from node 1  (seq 13)
2026-09-28T12:09:01.252028377Z     ·     apply  34        69.3 ms HE    1 dec  from node 1  (seq 14)
2026-09-28T12:09:01.396025863Z     ·     vote   37    YES to node 1          (seq 15)
2026-09-28T12:09:01.467852473Z     ·     apply  37        69.3 ms HE    1 dec  from node 1  (seq 15)
2026-09-28T12:09:06.037227177Z     ·     apply  38        69.3 ms HE    1 dec  from node 1  (seq 16)
2026-09-28T12:09:06.039822517Z -- cycle 1/5 done at 33675.2 ms --
2026-09-28T12:09:06.039864037Z 
2026-09-28T12:09:06.039869540Z -- cycle 2/5 --
2026-09-28T12:09:09.178122941Z     ·     vote   31    YES to node 1          (seq 17)
2026-09-28T12:09:21.747774343Z     ·     vote   31    YES to node 1          (seq 17)
2026-09-28T12:09:12.175910085Z     ·     vote   31    YES to node 1          (seq 17)
2026-09-28T12:09:12.249864812Z     ·     apply  31        69.3 ms HE    1 dec  from node 1  (seq 17)
2026-09-28T12:09:13.822644508Z     ·     apply  32        69.4 ms HE    1 dec  from node 1  (seq 18)
2026-09-28T12:09:13.894643001Z c2  s5   local  41        69.4 ms HE    1 dec  0 frames
2026-09-28T12:09:13.964289170Z c2  s7   local  42        69.3 ms HE    1 dec  0 frames
2026-09-28T12:09:15.401642774Z     ·     vote   33    YES to node 1          (seq 19)
2026-09-28T12:09:16.903043565Z     ·     vote   33    YES to node 1          (seq 19)
2026-09-28T12:09:18.404066783Z     ·     vote   33    YES to node 1          (seq 19)
2026-09-28T12:09:18.477772792Z     ·     apply  33        69.6 ms HE    1 dec  from node 1  (seq 19)
2026-09-28T12:09:21.569422370Z     ·     apply  34        69.4 ms HE    1 dec  from node 1  (seq 20)
2026-09-28T12:09:21.576732662Z     ·     vote   35    YES to node 1          (seq 21)
2026-09-28T12:09:21.648336766Z     ·     apply  35        69.3 ms HE    1 dec  from node 1  (seq 21)
2026-09-28T12:09:23.432308346Z     ·     apply  36        69.3 ms HE    1 dec  from node 1  (seq 22)
2026-09-28T12:09:24.864092790Z     ·     vote   39    YES to node 1          (seq 23)
2026-09-28T12:09:26.330689756Z     ·     vote   39    YES to node 1          (seq 23)
2026-09-28T12:09:27.831598220Z     ·     vote   39    YES to node 1          (seq 23)
2026-09-28T12:09:29.332074778Z     ·     vote   39    YES to node 1          (seq 23)
2026-09-28T12:09:41.951194540Z     ·     vote   39    YES to node 1          (seq 23)
2026-09-28T12:09:30.952605283Z     ·     apply  39        69.3 ms HE    1 dec  from node 1  (seq 23)
2026-09-28T12:09:32.604161409Z     ·     apply  30        69.4 ms HE    1 dec  from node 1  (seq 24)
2026-09-28T12:09:33.183768080Z     ·     vote   31    YES to node 1          (seq 25)
2026-09-28T12:09:33.255012812Z     ·     apply  31        69.4 ms HE    1 dec  from node 1  (seq 25)
2026-09-28T12:09:34.828727355Z     ·     apply  32        69.4 ms HE    1 dec  from node 1  (seq 26)
2026-09-28T12:09:34.899906056Z c2  s30  local  41        69.3 ms HE    1 dec  0 frames
2026-09-28T12:09:34.969866875Z c2  s31  local  42        69.2 ms HE    1 dec  0 frames
2026-09-28T12:09:36.400164448Z     ·     vote   35    YES to node 1          (seq 27)
2026-09-28T12:09:37.899528474Z     ·     vote   35    YES to node 1          (seq 27)
2026-09-28T12:09:37.972020302Z     ·     apply  35        69.4 ms HE    1 dec  from node 1  (seq 27)
2026-09-28T12:09:39.620065652Z     ·     apply  36        69.4 ms HE    1 dec  from node 1  (seq 28)
2026-09-28T12:09:41.788662369Z     ·     vote   33    YES to node 1          (seq 29)
2026-09-28T12:09:43.287400597Z     ·     vote   33    YES to node 1          (seq 29)
2026-09-28T12:09:43.359250718Z     ·     apply  33        69.6 ms HE    1 dec  from node 1  (seq 29)
2026-09-28T12:09:43.735462630Z     ·     apply  34        69.3 ms HE    1 dec  from node 1  (seq 30)
2026-09-28T12:09:43.879042716Z     ·     vote   37    YES to node 1          (seq 31)
2026-09-28T12:09:43.951934536Z     ·     apply  37        70.1 ms HE    1 dec  from node 1  (seq 31)
2026-09-28T12:09:44.029938797Z     ·     apply  38        69.6 ms HE    1 dec  from node 1  (seq 32)
2026-09-28T12:09:44.031758767Z -- cycle 2/5 done at 71697.4 ms --
2026-09-28T12:09:44.031785379Z 
2026-09-28T12:09:44.031790382Z -- cycle 3/5 --
2026-09-28T12:09:47.645911071Z     ·     vote   31    YES to node 1          (seq 33)
2026-09-28T12:09:49.145009670Z     ·     vote   31    YES to node 1          (seq 33)
2026-09-28T12:09:50.646728622Z     ·     vote   31    YES to node 1          (seq 33)
2026-09-28T12:10:01.783570444Z     ·     apply  31        69.7 ms HE    1 dec  from node 1  (seq 33)
2026-09-28T12:10:01.858381881Z     ·     apply  32        69.6 ms HE    1 dec  from node 1  (seq 34)
2026-09-28T12:10:01.930235804Z c3  s5   local  41        69.3 ms HE    1 dec  0 frames
2026-09-28T12:10:01.999498390Z c3  s7   local  42        69.2 ms HE    1 dec  0 frames
2026-09-28T12:10:02.001885430Z     ·     vote   33    YES to node 1          (seq 35)
2026-09-28T12:09:52.433304234Z     ·     vote   33    YES to node 1          (seq 35)
2026-09-28T12:09:53.934231406Z     ·     vote   33    YES to node 1          (seq 35)
2026-09-28T12:09:55.435520852Z     ·     vote   33    YES to node 1          (seq 35)
2026-09-28T12:09:56.986499610Z     ·     vote   33    YES to node 1          (seq 35)
2026-09-28T12:09:58.489181521Z     ·     vote   33    YES to node 1          (seq 35)
2026-09-28T12:09:59.988406380Z     ·     vote   33    YES to node 1          (seq 35)
2026-09-28T12:10:00.062488969Z     ·     apply  33        69.3 ms HE    1 dec  from node 1  (seq 35)
2026-09-28T12:10:00.737667292Z     ·     apply  34        69.4 ms HE    1 dec  from node 1  (seq 36)
2026-09-28T12:10:02.236771331Z     ·     vote   35    YES to node 1          (seq 37)
2026-09-28T12:10:03.880836579Z     ·     apply  35        69.3 ms HE    1 dec  from node 1  (seq 37)
2026-09-28T12:10:03.954960687Z     ·     apply  36        69.4 ms HE    1 dec  from node 1  (seq 38)
2026-09-28T12:10:05.532992392Z     ·     vote   39    YES to node 1          (seq 39)
2026-09-28T12:10:05.606506308Z     ·     apply  39        69.4 ms HE    1 dec  from node 1  (seq 39)
2026-09-28T12:10:07.336739807Z     ·     apply  30        69.4 ms HE    1 dec  from node 1  (seq 40)
2026-09-28T12:10:07.910773115Z     ·     vote   31    YES to node 1          (seq 41)
2026-09-28T12:10:07.982991213Z     ·     apply  31        69.4 ms HE    1 dec  from node 1  (seq 41)
2026-09-28T12:10:08.359743482Z     ·     apply  32        69.3 ms HE    1 dec  from node 1  (seq 42)
2026-09-28T12:10:08.431516167Z c3  s30  local  41        69.4 ms HE    1 dec  0 frames
2026-09-28T12:10:08.500805066Z c3  s31  local  42        69.4 ms HE    1 dec  0 frames
2026-09-28T12:10:08.503909849Z     ·     vote   35    YES to node 1          (seq 43)
2026-09-28T12:10:08.577850469Z     ·     apply  35        69.3 ms HE    1 dec  from node 1  (seq 43)
2026-09-28T12:10:08.652509833Z     ·     apply  36        69.3 ms HE    1 dec  from node 1  (seq 44)
2026-09-28T12:10:10.307494797Z     ·     vote   33    YES to node 1          (seq 45)
2026-09-28T12:10:10.379041974Z     ·     apply  33        69.3 ms HE    1 dec  from node 1  (seq 45)
2026-09-28T12:10:10.456274567Z     ·     apply  34        69.5 ms HE    1 dec  from node 1  (seq 46)
2026-09-28T12:10:21.962986331Z     ·     vote   37    YES to node 1          (seq 47)
2026-09-28T12:10:12.394611268Z     ·     vote   37    YES to node 1          (seq 47)
2026-09-28T12:10:12.468775095Z     ·     apply  37        69.6 ms HE    1 dec  from node 1  (seq 47)
2026-09-28T12:10:14.040067080Z     ·     apply  38        69.3 ms HE    1 dec  from node 1  (seq 48)
2026-09-28T12:10:14.042353072Z -- cycle 3/5 done at 101706.5 ms --
2026-09-28T12:10:14.042410400Z 
2026-09-28T12:10:14.042418104Z -- cycle 4/5 --
2026-09-28T12:10:27.068545155Z     ·     vote   31    YES to node 1          (seq 49)
2026-09-28T12:10:17.497488694Z     ·     vote   31    YES to node 1          (seq 49)
2026-09-28T12:10:18.997757152Z     ·     vote   31    YES to node 1          (seq 49)
2026-09-28T12:10:19.069828280Z     ·     apply  31        69.5 ms HE    1 dec  from node 1  (seq 49)
2026-09-28T12:10:22.141800394Z     ·     apply  32        69.6 ms HE    1 dec  from node 1  (seq 50)
2026-09-28T12:10:22.213162983Z c4  s5   local  41        69.3 ms HE    1 dec  0 frames
2026-09-28T12:10:22.283036861Z c4  s7   local  42        69.4 ms HE    1 dec  0 frames
2026-09-28T12:10:23.789330598Z     ·     vote   33    YES to node 1          (seq 51)
2026-09-28T12:10:25.289059398Z     ·     vote   33    YES to node 1          (seq 51)
2026-09-28T12:10:26.786479742Z     ·     vote   33    YES to node 1          (seq 51)
2026-09-28T12:10:26.858340369Z     ·     apply  33        69.4 ms HE    1 dec  from node 1  (seq 51)
2026-09-28T12:10:28.504981947Z     ·     apply  34        69.3 ms HE    1 dec  from node 1  (seq 52)
2026-09-28T12:10:30.077529032Z     ·     vote   35    YES to node 1          (seq 53)
2026-09-28T12:10:31.575458538Z     ·     vote   35    YES to node 1          (seq 53)
2026-09-28T12:10:31.649826063Z     ·     apply  35        69.4 ms HE    1 dec  from node 1  (seq 53)
2026-09-28T12:10:37.728035135Z     ·     apply  36        69.4 ms HE    1 dec  from node 1  (seq 54)
2026-09-28T12:10:37.732511073Z     ·     vote   39    YES to node 1          (seq 55)
2026-09-28T12:10:39.374723136Z     ·     apply  39        69.4 ms HE    1 dec  from node 1  (seq 55)
2026-09-28T12:10:39.449111070Z     ·     apply  30        69.4 ms HE    1 dec  from node 1  (seq 56)
2026-09-28T12:10:42.578372205Z     ·     vote   31    YES to node 1          (seq 57)
2026-09-28T12:10:42.652892302Z     ·     apply  31        69.6 ms HE    1 dec  from node 1  (seq 57)
2026-09-28T12:10:45.725101955Z     ·     apply  32        69.5 ms HE    1 dec  from node 1  (seq 58)
2026-09-28T12:10:45.796173205Z c4  s30  local  41        69.4 ms HE    1 dec  0 frames
2026-09-28T12:10:56.930490198Z c4  s31  local  42        69.4 ms HE    1 dec  0 frames
2026-09-28T12:10:56.935496190Z     ·     vote   35    YES to node 1          (seq 59)
2026-09-28T12:10:47.375946002Z     ·     vote   35    YES to node 1          (seq 59)
2026-09-28T12:10:47.447591726Z     ·     apply  35        69.4 ms HE    1 dec  from node 1  (seq 59)
2026-09-28T12:10:49.020096290Z     ·     apply  36        69.4 ms HE    1 dec  from node 1  (seq 60)
2026-09-28T12:10:52.019382832Z     ·     vote   33    YES to node 1          (seq 61)
2026-09-28T12:10:52.091565413Z     ·     apply  33        69.5 ms HE    1 dec  from node 1  (seq 61)
2026-09-28T12:10:53.736390223Z     ·     apply  34        69.3 ms HE    1 dec  from node 1  (seq 62)
2026-09-28T12:10:55.240871894Z     ·     vote   37    YES to node 1          (seq 63)
2026-09-28T12:10:58.224477838Z     ·     vote   37    YES to node 1          (seq 63)
2026-09-28T12:10:58.296108155Z     ·     apply  37        69.3 ms HE    1 dec  from node 1  (seq 63)
2026-09-28T12:10:58.675500886Z     ·     apply  38        69.9 ms HE    1 dec  from node 1  (seq 64)
2026-09-28T12:10:58.679021968Z -- cycle 4/5 done at 146365.1 ms --
2026-09-28T12:10:58.679073092Z 
2026-09-28T12:10:58.679077595Z -- cycle 5/5 --
2026-09-28T12:10:59.438828117Z     ·     vote   31    YES to node 1          (seq 65)
2026-09-28T12:11:12.147633046Z     ·     apply  31        69.5 ms HE    1 dec  from node 1  (seq 65)
2026-09-28T12:11:01.466837315Z     ·     apply  32        69.4 ms HE    1 dec  from node 1  (seq 66)
2026-09-28T12:11:01.538259832Z c5  s5   local  41        69.4 ms HE    1 dec  0 frames
2026-09-28T12:11:01.608213748Z c5  s7   local  42        69.6 ms HE    1 dec  0 frames
2026-09-28T12:11:04.469080446Z     ·     vote   33    YES to node 1          (seq 67)
2026-09-28T12:11:04.541881722Z     ·     apply  33        70.0 ms HE    1 dec  from node 1  (seq 67)
2026-09-28T12:11:17.168360049Z     ·     apply  34        69.5 ms HE    1 dec  from node 1  (seq 68)
2026-09-28T12:11:07.607678966Z     ·     vote   35    YES to node 1          (seq 69)
2026-09-28T12:11:09.251382441Z     ·     apply  35        69.4 ms HE    1 dec  from node 1  (seq 69)
2026-09-28T12:11:09.327802646Z     ·     apply  36        69.5 ms HE    1 dec  from node 1  (seq 70)
2026-09-28T12:11:12.323589871Z     ·     vote   39    YES to node 1          (seq 71)
2026-09-28T12:11:12.398379497Z     ·     apply  39        69.4 ms HE    1 dec  from node 1  (seq 71)
2026-09-28T12:11:14.049711616Z     ·     apply  30        69.3 ms HE    1 dec  from node 1  (seq 72)
2026-09-28T12:11:14.931780168Z     ·     vote   31    YES to node 1          (seq 73)
2026-09-28T12:11:16.435950537Z     ·     vote   31    YES to node 1          (seq 73)
2026-09-28T12:11:17.935605303Z     ·     vote   31    YES to node 1          (seq 73)
2026-09-28T12:11:19.436338683Z     ·     vote   31    YES to node 1          (seq 73)
2026-09-28T12:11:32.046388654Z     ·     vote   31    YES to node 1          (seq 73)
2026-09-28T12:11:22.487263839Z     ·     vote   31    YES to node 1          (seq 73)
2026-09-28T12:11:22.561575137Z     ·     apply  31        69.3 ms HE    1 dec  from node 1  (seq 73)
2026-09-28T12:11:22.637861177Z     ·     apply  32        69.4 ms HE    1 dec  from node 1  (seq 74)
2026-09-28T12:11:22.710719781Z c5  s30  local  41        70.1 ms HE    1 dec  0 frames
2026-09-28T12:11:22.780130438Z c5  s31  local  42        69.5 ms HE    1 dec  0 frames
2026-09-28T12:11:22.949366079Z     ·     vote   35    YES to node 1          (seq 75)
2026-09-28T12:11:23.020852827Z     ·     apply  35        69.6 ms HE    1 dec  from node 1  (seq 75)
2026-09-28T12:11:24.668986319Z     ·     apply  36        69.9 ms HE    1 dec  from node 1  (seq 76)
2026-09-28T12:11:26.236930848Z     ·     vote   33    YES to node 1          (seq 77)
2026-09-28T12:11:26.308906730Z     ·     apply  33        69.4 ms HE    1 dec  from node 1  (seq 77)
2026-09-28T12:11:30.881928001Z     ·     apply  34        70.3 ms HE    1 dec  from node 1  (seq 78)
2026-09-28T12:11:42.094906474Z     ·     vote   37    YES to node 1          (seq 79)
2026-09-28T12:11:42.167573487Z     ·     apply  37        69.5 ms HE    1 dec  from node 1  (seq 79)
2026-09-28T12:11:31.484272035Z     ·     apply  38        70.1 ms HE    1 dec  from node 1  (seq 80)
2026-09-28T12:11:31.487252258Z -- cycle 5/5 done at 179183.9 ms --
2026-09-28T12:11:31.487368614Z 
2026-09-28T12:11:31.487379719Z ============================================================
2026-09-28T12:11:31.487384321Z   SUMMARY — node 3/7 — LOCAL MODULAR — UDP/IP multicast (RFC 1112)
2026-09-28T12:11:31.487393126Z ============================================================
2026-09-28T12:11:31.487396727Z   events this node FIRED:
2026-09-28T12:11:31.487399929Z   local (no network)     n=20   avg    69.56 ms  (HE   69.43 + net    0.00)  min   69.27  max    70.27  100.0%
2026-09-28T12:11:31.487403531Z   shared controllable          (none on this node)
2026-09-28T12:11:31.487407232Z   shared uncontroll.           (none on this node)
2026-09-28T12:11:31.487411134Z   events this node APPLIED for a peer (participant side):
2026-09-28T12:11:31.487414836Z   shared, applied        n=80   avg    69.49 ms  (HE   69.49 + net    0.00)  min   69.21  max    70.27
2026-09-28T12:11:31.487418538Z   run clock, end of cycles 1..5 (ms): 33675.2 71697.4 101706.5 146365.1 179183.9
2026-09-28T12:11:31.487423240Z      a cycle is over at the LATEST node's value; DES_WORK_MS 0 included
2026-09-28T12:11:31.487427742Z   ----------------------------------------------------------
2026-09-28T12:11:31.487431744Z   all events            n=20   avg    69.56 ms  (HE   69.43 + net    0.00)
2026-09-28T12:11:31.487435646Z   PEER-WAIT + WIRE      0.0 % of total step time
2026-09-28T12:11:31.487439047Z      (compare against the round-trip probe above: the excess is
2026-09-28T12:11:31.487443049Z       the peer's own HE work, not the link.)
2026-09-28T12:11:31.487446951Z   frames: tx=862 rx=4464 retransmits=0
2026-09-28T12:11:31.487451253Z   authentication: HMAC-SHA256/128, 1.4 us per frame; 0 rejected (bad tag), 0 stale/replayed dropped, 7 epoch challenges
2026-09-28T12:11:31.487455555Z   rx queue: peak 9/64 frames
2026-09-28T12:11:31.487459557Z   plant check: 0 event reports rejected as physically impossible
2026-09-28T12:11:31.487464159Z      (these supervisors carry the plant: an impossible uncontrollable event is caught)
2026-09-28T12:11:31.487468462Z   injected frame loss: 5 %
2026-09-28T12:11:31.487472263Z   ----------------------------------------------------------
2026-09-28T12:11:31.487477066Z   homomorphic vs cleartext oracle : PASS — every encrypted bit matched
2026-09-28T12:11:31.487546099Z      (PASS certifies the cryptography: each node's encrypted bits
2026-09-28T12:11:31.487553102Z       match its own clear model for the events it applied. It does
2026-09-28T12:11:31.487557504Z       not certify the distributed run — read the skips for that.)
2026-09-28T12:11:31.487561206Z   distributed vs MONOLITHIC sup.  : off — this header has no monolithic supervisor
2026-09-28T12:11:31.487564908Z   safe halt                       : no — ran to completion
2026-09-28T12:11:31.487569610Z ============================================================
2026-09-28T12:11:41.506634220Z @@RESULT {"node":3,"nodes":7,"family":"LOCAL MODULAR","data":"supervisor_data_fms.h","transport":"UDP/IP multicast (RFC 1112)","fingerprint":"04511541","supervisors":["S2"],"fired":{"local":20,"ctrl":0,"unctrl":0},"applied_for_peers":80,"skips":0,"impossible":0,"tx":863,"rx":4482,"retx":0,"auth_bad":0,"replays":0,"challenges":7,"mac_us":1.37,"rxq_peak":9,"rxq_drops":0,"sync_wait_ms":0.0,"oracle":"PASS","safe_halt":false,"halt_reason":"","cycle_end_ms":[33675.2,71697.4,101706.5,146365.1,179183.9],"rounds":5,"work_ms":0,"emu_scalarmul_ms":69.0,"loss_pct":5,"loss_seed":2029305347,"exit":0}
