2026-09-28T03:51:37.220950012Z des_container: node 5 of 7, LOCAL MODULAR, data supervisor_data_fms.h, transport UDP/IP multicast (RFC 1112)
2026-09-28T03:51:37.221014120Z des_container: EMULATING the ESP32 — every decryption takes at least 69.0 ms (DES_EMU_SCALARMUL_MS)
2026-09-28T03:51:37.221040123Z 
2026-09-28T03:51:37.221042923Z ============================================================
2026-09-28T03:51:37.221045324Z   Distributed Homomorphic DES — generic engine
2026-09-28T03:51:37.221047724Z   node 5/7   family LOCAL MODULAR   7 supervisors   31 events
2026-09-28T03:51:37.221049724Z   data: supervisor_data_fms.h
2026-09-28T03:51:37.221051524Z ============================================================
2026-09-28T03:51:37.221757813Z --- event routing (DERIVED from the header, not hardcoded) ---
2026-09-28T03:51:37.221768915Z   event  ctrl  nodes      owner  class
2026-09-28T03:51:37.221770715Z   11     yes   1          1      local — no network
2026-09-28T03:51:37.221772415Z   12     no    1          1      local — no network
2026-09-28T03:51:37.221773615Z   21     yes   2          2      local — no network
2026-09-28T03:51:37.221774915Z   22     no    2          2      local — no network
2026-09-28T03:51:37.221776215Z   30     no    1 2 3 4 5 6 7  1      SHARED — needs network
2026-09-28T03:51:37.221777516Z   31     yes   1 2 3 4 5 6 7  1      SHARED — needs network
2026-09-28T03:51:37.221778816Z   32     no    1 2 3 4 5 6 7  1      SHARED — needs network
2026-09-28T03:51:37.221780116Z   33     yes   1 2 3 4 5 6 7  1      SHARED — needs network
2026-09-28T03:51:37.221781416Z   34     no    1 2 3 4 5 6 7  1      SHARED — needs network
2026-09-28T03:51:37.221782616Z   35     yes   1 2 3 4 5 6 7  1      SHARED — needs network
2026-09-28T03:51:37.221784316Z   36     no    1 2 3 4 5 6 7  1      SHARED — needs network
2026-09-28T03:51:37.221785617Z   37     yes   1 2 3 4 5 6 7  1      SHARED — needs network
2026-09-28T03:51:37.221786917Z   38     no    1 2 3 4 5 6 7  1      SHARED — needs network
2026-09-28T03:51:37.221788217Z   39     yes   1 2 3 4 5 6 7  1      SHARED — needs network
2026-09-28T03:51:37.221789417Z   41     yes   3          3      local — no network
2026-09-28T03:51:37.221790717Z   42     no    3          3      local — no network
2026-09-28T03:51:37.221791917Z   51     yes   4          4      local — no network
2026-09-28T03:51:37.221793818Z   52     no    4          4      local — no network
2026-09-28T03:51:37.221795818Z   53     yes   4          4      local — no network
2026-09-28T03:51:37.221797618Z   54     no    4          4      local — no network
2026-09-28T03:51:37.221799818Z   61     yes   5 6 7      5      SHARED — needs network
2026-09-28T03:51:37.221802019Z   63     yes   5 6 7      5      SHARED — needs network
2026-09-28T03:51:37.221804119Z   64     no    5 6 7      5      SHARED — needs network
2026-09-28T03:51:37.221816821Z   65     yes   5 6 7      5      SHARED — needs network
2026-09-28T03:51:37.221818621Z   66     no    5 6 7      5      SHARED — needs network
2026-09-28T03:51:37.221819821Z   71     yes   7          7      local — no network
2026-09-28T03:51:37.221821121Z   72     no    7          7      local — no network
2026-09-28T03:51:37.221822321Z   73     yes   7          7      local — no network
2026-09-28T03:51:37.221823621Z   74     no    7          7      local — no network
2026-09-28T03:51:37.221824922Z   81     yes   7          7      local — no network
2026-09-28T03:51:37.221826122Z   82     no    7          7      local — no network
2026-09-28T03:51:37.221827522Z   => 15/31 events shared; 16/31 need ZERO network traffic; 15 concern this node
2026-09-28T03:51:37.221829122Z   NOTE controllability was INFERRED from event labels (the header
2026-09-28T03:51:37.221830922Z        does not carry it). Check the 'ctrl' column above; if it is
2026-09-28T03:51:37.221832422Z        wrong, set DES_CONTROLLABLE_MASK explicitly.
2026-09-28T03:51:37.221833723Z 
2026-09-28T03:51:37.221835023Z [init] config fingerprint 04511541 — every node must print the same
2026-09-28T03:51:37.221836323Z 
2026-09-28T03:51:37.222008445Z [net] UDP multicast 239.192.7.1:5077  ttl=1  frame=44 B
2026-09-28T03:51:37.222021146Z --- crypto self-test ---
2026-09-28T03:51:37.225131937Z   Enc(0)->0 Enc(1)->1                PASS
2026-09-28T03:51:37.226775043Z   Enc(1)+Enc(1)->1 homomorphic OR   PASS
2026-09-28T03:51:37.227437626Z   Enc(0)+Enc(0)->0                  PASS
2026-09-28T03:51:37.227470531Z   curve secp192r1, ciphertext 50 B    PASS
2026-09-28T03:51:37.227657354Z   frame tag HMAC-SHA256/128: 2.6 us, 1-bit tamper caught  PASS
2026-09-28T03:51:37.227668655Z 
2026-09-28T03:51:37.227671556Z --- encrypting my supervisors' initial states ---
2026-09-28T03:51:37.227673756Z [load] S4         idx 4   44 states  15 constraining ev    2200 B ciphertext
2026-09-28T03:51:38.322243412Z [init] my keypair is mine alone; no ciphertext ever leaves this node
2026-09-28T03:51:38.322311420Z [init] my enablement: 11=1 12=1 21=1 22=1 30=0 31=1 32=0 33=1 34=0 35=1 36=0 37=1 38=0 39=1 41=1 42=1 51=1 52=1 53=1 54=1 61=0 63=0 64=0 65=0 66=0 71=1 72=1 73=1 74=1 81=1 82=1
2026-09-28T03:51:38.322323322Z 
2026-09-28T03:51:39.125228651Z [net] waiting for 6 peer(s).... all present.
2026-09-28T03:51:40.621907644Z 
2026-09-28T03:51:40.622085067Z ============================================================
2026-09-28T03:51:40.622107769Z   RUN — SIM_SEQ driver — 5 cycles x 44 steps — LOCAL MODULAR
2026-09-28T03:51:40.622118971Z   columns: cN sNN = cycle/step of MY walk; · = a peer caused this
2026-09-28T03:51:40.622168777Z   'done at': run clock, common to all nodes; a cycle is over at the
2026-09-28T03:51:40.622177178Z   LATEST node's print, machine time (DES_WORK_MS 0) included
2026-09-28T03:51:40.622183779Z ============================================================
2026-09-28T03:51:40.622190680Z 
2026-09-28T03:51:40.622197481Z -- cycle 1/5 --
2026-09-28T03:51:41.529390206Z     ·     vote   31    YES to node 1          (seq 1)
2026-09-28T03:51:41.606968348Z     ·     apply  31        75.0 ms HE    1 dec  from node 1  (seq 1)
2026-09-28T03:51:41.835953804Z     ·     apply  32       141.6 ms HE    2 dec  from node 1  (seq 2)
2026-09-28T03:51:41.982783343Z     ·     vote   33    YES to node 1          (seq 3)
2026-09-28T03:51:42.059314954Z     ·     apply  33        74.2 ms HE    1 dec  from node 1  (seq 3)
2026-09-28T03:51:42.289926914Z     ·     apply  34       145.1 ms HE    2 dec  from node 1  (seq 4)
2026-09-28T03:51:42.377539416Z     ·     vote   35    YES to node 1          (seq 5)
2026-09-28T03:51:42.452475527Z     ·     apply  35        71.6 ms HE    1 dec  from node 1  (seq 5)
2026-09-28T03:51:42.735173428Z     ·     apply  36       141.3 ms HE    2 dec  from node 1  (seq 6)
2026-09-28T03:51:42.822074841Z     ·     vote   39    YES to node 1          (seq 7)
2026-09-28T03:51:42.967986164Z     ·     apply  39       140.2 ms HE    2 dec  from node 1  (seq 7)
2026-09-28T03:51:43.050577736Z c1  s15  2pc    61        69.7 ms HE    1 dec  6 frames  + 5.9 ms peer-wait  (seq 1)
2026-09-28T03:51:43.196992523Z     ·     apply  30        69.7 ms HE    1 dec  from node 1  (seq 8)
2026-09-28T03:51:43.694318177Z c1  s23  2pc    65        69.7 ms HE    1 dec  6 frames  + 5.8 ms peer-wait  (seq 2)
2026-09-28T03:51:43.840577844Z c1  s24  notify 66        70.1 ms HE    1 dec  3 frames  + 1.5 ms peer-wait  (seq 3)
2026-09-28T03:51:43.917874251Z     ·     vote   31    YES to node 1          (seq 9)
2026-09-28T03:51:43.990560179Z     ·     apply  31        69.7 ms HE    1 dec  from node 1  (seq 9)
2026-09-28T03:51:44.066155972Z     ·     apply  32        69.4 ms HE    1 dec  from node 1  (seq 10)
2026-09-28T03:51:44.212283423Z     ·     vote   35    YES to node 1          (seq 11)
2026-09-28T03:51:44.286851387Z     ·     apply  35        69.8 ms HE    1 dec  from node 1  (seq 11)
2026-09-28T03:51:44.362729016Z     ·     apply  36        69.6 ms HE    1 dec  from node 1  (seq 12)
2026-09-28T03:51:44.514788712Z c1  s35  2pc    61        69.9 ms HE    1 dec  6 frames  + 5.0 ms peer-wait  (seq 4)
2026-09-28T03:51:44.661270607Z     ·     vote   33    YES to node 1          (seq 13)
2026-09-28T03:51:44.736566062Z     ·     apply  33        70.1 ms HE    1 dec  from node 1  (seq 13)
2026-09-28T03:51:44.812380583Z     ·     apply  34        69.7 ms HE    1 dec  from node 1  (seq 14)
2026-09-28T03:51:56.458906313Z     ·     vote   37    YES to node 1          (seq 15)
2026-09-28T03:51:56.531686352Z     ·     apply  37        70.0 ms HE    1 dec  from node 1  (seq 15)
2026-09-28T03:51:45.117248722Z     ·     apply  38        69.7 ms HE    1 dec  from node 1  (seq 16)
2026-09-28T03:51:45.194721752Z c1  s42  2pc    63        69.4 ms HE    1 dec  6 frames  + 4.2 ms peer-wait  (seq 5)
2026-09-28T03:51:45.268286690Z c1  s43  notify 64        69.6 ms HE    1 dec  3 frames  + 1.3 ms peer-wait  (seq 6)
2026-09-28T03:51:45.268310293Z -- cycle 1/5 done at 3966.5 ms --
2026-09-28T03:51:45.268319694Z 
2026-09-28T03:51:45.268325995Z -- cycle 2/5 --
2026-09-28T03:51:45.273483742Z     ·     vote   31    YES to node 1          (seq 17)
2026-09-28T03:51:45.349022529Z     ·     apply  31        69.7 ms HE    1 dec  from node 1  (seq 17)
2026-09-28T03:51:45.425891682Z     ·     apply  32        69.7 ms HE    1 dec  from node 1  (seq 18)
2026-09-28T03:51:45.570605755Z     ·     vote   33    YES to node 1          (seq 19)
2026-09-28T03:51:45.645639778Z     ·     apply  33        69.7 ms HE    1 dec  from node 1  (seq 19)
2026-09-28T03:51:45.723837398Z     ·     apply  34        70.2 ms HE    1 dec  from node 1  (seq 20)
2026-09-28T03:51:45.729120461Z     ·     vote   35    YES to node 1          (seq 21)
2026-09-28T03:51:45.803492301Z     ·     apply  35        69.7 ms HE    1 dec  from node 1  (seq 21)
2026-09-28T03:51:46.020582363Z     ·     apply  36        70.0 ms HE    1 dec  from node 1  (seq 22)
2026-09-28T03:51:46.026239573Z     ·     vote   39    YES to node 1          (seq 23)
2026-09-28T03:51:46.100802737Z     ·     apply  39        69.6 ms HE    1 dec  from node 1  (seq 23)
2026-09-28T03:51:46.181888520Z c2  s15  2pc    61        70.0 ms HE    1 dec  6 frames  + 5.9 ms peer-wait  (seq 7)
2026-09-28T03:51:46.255211728Z     ·     apply  30        69.7 ms HE    1 dec  from node 1  (seq 24)
2026-09-28T03:51:46.756100829Z c2  s23  2pc    65        69.9 ms HE    1 dec  6 frames  + 6.5 ms peer-wait  (seq 8)
2026-09-28T03:51:46.830744303Z c2  s24  notify 66        69.6 ms HE    1 dec  3 frames  + 1.3 ms peer-wait  (seq 9)
2026-09-28T03:51:46.837856496Z     ·     vote   31    YES to node 1          (seq 25)
2026-09-28T03:51:46.913548101Z     ·     apply  31        69.9 ms HE    1 dec  from node 1  (seq 25)
2026-09-28T03:51:46.987995751Z     ·     apply  32        69.7 ms HE    1 dec  from node 1  (seq 26)
2026-09-28T03:51:47.133666044Z     ·     vote   35    YES to node 1          (seq 27)
2026-09-28T03:51:47.205941720Z     ·     apply  35        69.9 ms HE    1 dec  from node 1  (seq 27)
2026-09-28T03:51:47.281373893Z     ·     apply  36        69.9 ms HE    1 dec  from node 1  (seq 28)
2026-09-28T03:51:47.361670777Z c2  s35  2pc    61        69.7 ms HE    1 dec  6 frames  + 5.2 ms peer-wait  (seq 10)
2026-09-28T03:51:47.367013248Z     ·     vote   33    YES to node 1          (seq 29)
2026-09-28T03:51:47.441381087Z     ·     apply  33        69.9 ms HE    1 dec  from node 1  (seq 29)
2026-09-28T03:51:47.521179808Z     ·     apply  34        69.8 ms HE    1 dec  from node 1  (seq 30)
2026-09-28T03:51:47.660344084Z     ·     vote   37    YES to node 1          (seq 31)
2026-09-28T03:51:47.736753579Z     ·     apply  37        69.9 ms HE    1 dec  from node 1  (seq 31)
2026-09-28T03:51:47.810561748Z     ·     apply  38        69.8 ms HE    1 dec  from node 1  (seq 32)
2026-09-28T03:51:47.891540718Z c2  s42  2pc    63        70.0 ms HE    1 dec  6 frames  + 6.0 ms peer-wait  (seq 11)
2026-09-28T03:51:47.966162089Z c2  s43  notify 64        69.7 ms HE    1 dec  3 frames  + 1.8 ms peer-wait  (seq 12)
2026-09-28T03:51:47.966263501Z -- cycle 2/5 done at 6663.8 ms --
2026-09-28T03:51:47.966286204Z 
2026-09-28T03:51:47.966298006Z -- cycle 3/5 --
2026-09-28T03:51:47.971499959Z     ·     vote   31    YES to node 1          (seq 33)
2026-09-28T03:51:48.044878874Z     ·     apply  31        69.9 ms HE    1 dec  from node 1  (seq 33)
2026-09-28T03:51:48.119767578Z     ·     apply  32        69.8 ms HE    1 dec  from node 1  (seq 34)
2026-09-28T03:51:48.269728410Z     ·     vote   33    YES to node 1          (seq 35)
2026-09-28T03:51:48.345221891Z     ·     apply  33        69.8 ms HE    1 dec  from node 1  (seq 35)
2026-09-28T03:51:48.419698344Z     ·     apply  34        69.7 ms HE    1 dec  from node 1  (seq 36)
2026-09-28T03:51:48.428084997Z     ·     vote   35    YES to node 1          (seq 37)
2026-09-28T03:51:48.503446161Z     ·     apply  35        70.4 ms HE    1 dec  from node 1  (seq 37)
2026-09-28T03:51:48.715297365Z     ·     apply  36        69.8 ms HE    1 dec  from node 1  (seq 38)
2026-09-28T03:51:48.721832485Z     ·     vote   39    YES to node 1          (seq 39)
2026-09-28T03:51:48.793290059Z     ·     apply  39        69.6 ms HE    1 dec  from node 1  (seq 39)
2026-09-28T03:51:48.874120510Z c3  s15  2pc    61        69.6 ms HE    1 dec  6 frames  + 4.1 ms peer-wait  (seq 13)
2026-09-28T03:51:48.948860296Z     ·     apply  30        69.8 ms HE    1 dec  from node 1  (seq 40)
2026-09-28T03:51:49.445633780Z c3  s23  2pc    65        69.6 ms HE    1 dec  6 frames  + 5.6 ms peer-wait  (seq 14)
2026-09-28T03:51:49.520773816Z c3  s24  notify 66        69.9 ms HE    1 dec  3 frames  + 1.7 ms peer-wait  (seq 15)
2026-09-28T03:51:49.525531914Z     ·     vote   31    YES to node 1          (seq 41)
2026-09-28T03:51:49.598626793Z     ·     apply  31        70.0 ms HE    1 dec  from node 1  (seq 41)
2026-09-28T03:51:49.676169631Z     ·     apply  32        70.0 ms HE    1 dec  from node 1  (seq 42)
2026-09-28T03:51:49.821067327Z     ·     vote   35    YES to node 1          (seq 43)
2026-09-28T03:52:01.383367857Z     ·     apply  35        69.8 ms HE    1 dec  from node 1  (seq 43)
2026-09-28T03:52:01.458533396Z     ·     apply  36        70.3 ms HE    1 dec  from node 1  (seq 44)
2026-09-28T03:52:01.539264634Z c3  s35  2pc    61        69.7 ms HE    1 dec  6 frames  + 6.3 ms peer-wait  (seq 16)
2026-09-28T03:52:01.547561876Z     ·     vote   33    YES to node 1          (seq 45)
2026-09-28T03:51:50.123478374Z     ·     apply  33        69.5 ms HE    1 dec  from node 1  (seq 45)
2026-09-28T03:51:50.200060991Z     ·     apply  34        69.5 ms HE    1 dec  from node 1  (seq 46)
2026-09-28T03:51:50.343646222Z     ·     vote   37    YES to node 1          (seq 47)
2026-09-28T03:51:50.418134077Z     ·     apply  37        69.9 ms HE    1 dec  from node 1  (seq 47)
2026-09-28T03:51:50.495338072Z     ·     apply  38        69.8 ms HE    1 dec  from node 1  (seq 48)
2026-09-28T03:51:50.574263183Z c3  s42  2pc    63        69.8 ms HE    1 dec  6 frames  + 5.9 ms peer-wait  (seq 17)
2026-09-28T03:51:50.648810345Z c3  s43  notify 64        69.9 ms HE    1 dec  3 frames  + 1.6 ms peer-wait  (seq 18)
2026-09-28T03:51:50.648903757Z -- cycle 3/5 done at 9353.7 ms --
2026-09-28T03:51:50.648922959Z 
2026-09-28T03:51:50.648934160Z -- cycle 4/5 --
2026-09-28T03:51:50.654169918Z     ·     vote   31    YES to node 1          (seq 49)
2026-09-28T03:51:50.727761660Z     ·     apply  31        69.6 ms HE    1 dec  from node 1  (seq 49)
2026-09-28T03:51:50.803831412Z     ·     apply  32        69.8 ms HE    1 dec  from node 1  (seq 50)
2026-09-28T03:51:50.951545162Z     ·     vote   33    YES to node 1          (seq 51)
2026-09-28T03:51:51.026272747Z     ·     apply  33        69.7 ms HE    1 dec  from node 1  (seq 51)
2026-09-28T03:51:51.101602006Z     ·     apply  34        69.8 ms HE    1 dec  from node 1  (seq 52)
2026-09-28T03:51:51.107227213Z     ·     vote   35    YES to node 1          (seq 53)
2026-09-28T03:51:51.183147847Z     ·     apply  35        70.0 ms HE    1 dec  from node 1  (seq 53)
2026-09-28T03:51:51.399230283Z     ·     apply  36        69.7 ms HE    1 dec  from node 1  (seq 54)
2026-09-28T03:51:51.405589481Z     ·     vote   39    YES to node 1          (seq 55)
2026-09-28T03:51:51.477530515Z     ·     apply  39        69.8 ms HE    1 dec  from node 1  (seq 55)
2026-09-28T03:51:51.557610672Z c4  s15  2pc    61        69.9 ms HE    1 dec  6 frames  + 4.8 ms peer-wait  (seq 19)
2026-09-28T03:51:51.632479574Z     ·     apply  30        69.7 ms HE    1 dec  from node 1  (seq 56)
2026-09-28T03:51:52.132537171Z c4  s23  2pc    65        70.0 ms HE    1 dec  6 frames  + 4.3 ms peer-wait  (seq 20)
2026-09-28T03:51:52.205880282Z c4  s24  notify 66        69.8 ms HE    1 dec  3 frames  + 1.5 ms peer-wait  (seq 21)
2026-09-28T03:51:52.212206676Z     ·     vote   31    YES to node 1          (seq 57)
2026-09-28T03:51:52.284553761Z     ·     apply  31        70.1 ms HE    1 dec  from node 1  (seq 57)
2026-09-28T03:51:52.362418440Z     ·     apply  32        70.0 ms HE    1 dec  from node 1  (seq 58)
2026-09-28T03:51:52.506612147Z     ·     vote   35    YES to node 1          (seq 59)
2026-09-28T03:51:52.581814691Z     ·     apply  35        69.7 ms HE    1 dec  from node 1  (seq 59)
2026-09-28T03:51:52.659464543Z     ·     apply  36        69.9 ms HE    1 dec  from node 1  (seq 60)
2026-09-28T03:51:52.735158148Z c4  s35  2pc    61        69.7 ms HE    1 dec  6 frames  + 4.4 ms peer-wait  (seq 22)
2026-09-28T03:51:52.742513872Z     ·     vote   33    YES to node 1          (seq 61)
2026-09-28T03:51:52.815679860Z     ·     apply  33        69.7 ms HE    1 dec  from node 1  (seq 61)
2026-09-28T03:51:52.890518458Z     ·     apply  34        70.1 ms HE    1 dec  from node 1  (seq 62)
2026-09-28T03:51:53.035065310Z     ·     vote   37    YES to node 1          (seq 63)
2026-09-28T03:51:53.106350662Z     ·     apply  37        69.2 ms HE    1 dec  from node 1  (seq 63)
2026-09-28T03:51:53.180187435Z     ·     apply  38        69.2 ms HE    1 dec  from node 1  (seq 64)
2026-09-28T03:51:53.258233536Z c4  s42  2pc    63        69.3 ms HE    1 dec  6 frames  + 4.6 ms peer-wait  (seq 23)
2026-09-28T03:51:53.334670935Z c4  s43  notify 64        69.6 ms HE    1 dec  3 frames  + 1.4 ms peer-wait  (seq 24)
2026-09-28T03:51:53.334757346Z -- cycle 4/5 done at 12039.7 ms --
2026-09-28T03:51:53.334775148Z 
2026-09-28T03:51:53.334786049Z -- cycle 5/5 --
2026-09-28T03:51:53.341618207Z     ·     vote   31    YES to node 1          (seq 65)
2026-09-28T03:51:53.415741716Z     ·     apply  31        69.7 ms HE    1 dec  from node 1  (seq 65)
2026-09-28T03:51:53.490577814Z     ·     apply  32        69.7 ms HE    1 dec  from node 1  (seq 66)
2026-09-28T03:51:53.636175898Z     ·     vote   33    YES to node 1          (seq 67)
2026-09-28T03:51:53.709264276Z     ·     apply  33        69.9 ms HE    1 dec  from node 1  (seq 67)
2026-09-28T03:51:53.785621665Z     ·     apply  34        69.9 ms HE    1 dec  from node 1  (seq 68)
2026-09-28T03:51:53.791596215Z     ·     vote   35    YES to node 1          (seq 69)
2026-09-28T03:51:53.867212211Z     ·     apply  35        69.9 ms HE    1 dec  from node 1  (seq 69)
2026-09-28T03:51:54.082490046Z     ·     apply  36        69.6 ms HE    1 dec  from node 1  (seq 70)
2026-09-28T03:51:54.088077848Z     ·     vote   39    YES to node 1          (seq 71)
2026-09-28T03:51:54.163976679Z     ·     apply  39        69.8 ms HE    1 dec  from node 1  (seq 71)
2026-09-28T03:51:54.243017305Z c5  s15  2pc    61        69.9 ms HE    1 dec  6 frames  + 5.8 ms peer-wait  (seq 25)
2026-09-28T03:51:54.318071630Z     ·     apply  30        70.0 ms HE    1 dec  from node 1  (seq 72)
2026-09-28T03:51:54.816638940Z c5  s23  2pc    65        69.7 ms HE    1 dec  6 frames  + 5.8 ms peer-wait  (seq 26)
2026-09-28T03:52:06.386510077Z c5  s24  notify 66        69.7 ms HE    1 dec  3 frames  + 1.4 ms peer-wait  (seq 27)
2026-09-28T03:52:06.390273949Z     ·     vote   31    YES to node 1          (seq 73)
2026-09-28T03:52:06.465560304Z     ·     apply  31        69.8 ms HE    1 dec  from node 1  (seq 73)
2026-09-28T03:52:06.540434606Z     ·     apply  32        69.6 ms HE    1 dec  from node 1  (seq 74)
2026-09-28T03:51:55.188040230Z     ·     vote   35    YES to node 1          (seq 75)
2026-09-28T03:51:55.261259125Z     ·     apply  35        69.6 ms HE    1 dec  from node 1  (seq 75)
2026-09-28T03:51:55.338880772Z     ·     apply  36        69.7 ms HE    1 dec  from node 1  (seq 76)
2026-09-28T03:51:55.416330799Z c5  s35  2pc    61        69.6 ms HE    1 dec  6 frames  + 5.5 ms peer-wait  (seq 28)
2026-09-28T03:51:55.421924101Z     ·     vote   33    YES to node 1          (seq 77)
2026-09-28T03:51:55.497058736Z     ·     apply  33        69.7 ms HE    1 dec  from node 1  (seq 77)
2026-09-28T03:51:55.573759168Z     ·     apply  34        69.6 ms HE    1 dec  from node 1  (seq 78)
2026-09-28T03:51:55.718099195Z     ·     vote   37    YES to node 1          (seq 79)
2026-09-28T03:51:55.790821327Z     ·     apply  37        69.7 ms HE    1 dec  from node 1  (seq 79)
2026-09-28T03:51:55.866866677Z     ·     apply  38        70.0 ms HE    1 dec  from node 1  (seq 80)
2026-09-28T03:51:55.945677674Z c5  s42  2pc    63        69.9 ms HE    1 dec  6 frames  + 4.7 ms peer-wait  (seq 29)
2026-09-28T03:51:56.022836163Z c5  s43  notify 64        70.1 ms HE    1 dec  3 frames  + 1.7 ms peer-wait  (seq 30)
2026-09-28T03:51:56.022921674Z -- cycle 5/5 done at 14733.2 ms --
2026-09-28T03:51:56.022942377Z 
2026-09-28T03:51:56.022953878Z ============================================================
2026-09-28T03:51:56.022965280Z   SUMMARY — node 5/7 — LOCAL MODULAR — UDP/IP multicast (RFC 1112)
2026-09-28T03:51:56.022978481Z ============================================================
2026-09-28T03:51:56.022989883Z   events this node FIRED:
2026-09-28T03:51:56.023000284Z   local (no network)           (none on this node)
2026-09-28T03:51:56.023010885Z   shared controllable    n=20   avg    75.28 ms  (HE   69.76 + net    5.31)  min   73.70  max    76.55   67.8%
2026-09-28T03:51:56.023022287Z   shared uncontroll.     n=10   avg    71.50 ms  (HE   69.80 + net    1.52)  min   71.05  max    71.96   32.2%
2026-09-28T03:51:56.023033088Z   events this node APPLIED for a peer (participant side):
2026-09-28T03:51:56.023042789Z   shared, applied        n=80   avg    73.55 ms  (HE   73.55 + net    0.00)  min   69.23  max   145.12
2026-09-28T03:51:56.023053591Z   sync-wait (peers reaching a shared step): n=30 avg 77.01 ms, 2.3 s total
2026-09-28T03:51:56.023063392Z      not protocol cost — the plant catching up; kept out of the rows above
2026-09-28T03:51:56.023074793Z   run clock, end of cycles 1..5 (ms): 3966.5 6663.8 9353.7 12039.7 14733.2
2026-09-28T03:51:56.023084995Z      a cycle is over at the LATEST node's value; DES_WORK_MS 0 included
2026-09-28T03:51:56.023155003Z   ----------------------------------------------------------
2026-09-28T03:51:56.023184107Z   all events            n=30   avg    74.02 ms  (HE   69.77 + net    4.05)
2026-09-28T03:51:56.023196209Z   PEER-WAIT + WIRE      5.5 % of total step time
2026-09-28T03:51:56.023206710Z      (compare against the round-trip probe above: the excess is
2026-09-28T03:51:56.023216911Z       the peer's own HE work, not the link.)
2026-09-28T03:51:56.023227012Z   frames: tx=294 rx=1573 retransmits=0
2026-09-28T03:51:56.023237714Z   authentication: HMAC-SHA256/128, 2.6 us per frame; 0 rejected (bad tag), 0 stale/replayed dropped, 6 epoch challenges
2026-09-28T03:51:56.023248715Z   rx queue: peak 11/64 frames
2026-09-28T03:51:56.023259117Z   plant check: 0 event reports rejected as physically impossible
2026-09-28T03:51:56.023269418Z      (these supervisors carry the plant: an impossible uncontrollable event is caught)
2026-09-28T03:51:56.023279819Z   ----------------------------------------------------------
2026-09-28T03:51:56.023290720Z   homomorphic vs cleartext oracle : PASS — every encrypted bit matched
2026-09-28T03:51:56.023301422Z      (PASS certifies the cryptography: each node's encrypted bits
2026-09-28T03:51:56.023312623Z       match its own clear model for the events it applied. It does
2026-09-28T03:51:56.023325425Z       not certify the distributed run — read the skips for that.)
2026-09-28T03:51:56.023342227Z   distributed vs MONOLITHIC sup.  : off — this header has no monolithic supervisor
2026-09-28T03:51:56.023355029Z   safe halt                       : no — ran to completion
2026-09-28T03:51:56.023367630Z ============================================================
2026-09-28T03:52:06.038062534Z @@RESULT {"node":5,"nodes":7,"family":"LOCAL MODULAR","data":"supervisor_data_fms.h","transport":"UDP/IP multicast (RFC 1112)","fingerprint":"04511541","supervisors":["S4"],"fired":{"local":0,"ctrl":20,"unctrl":10},"applied_for_peers":80,"skips":0,"impossible":0,"tx":294,"rx":1573,"retx":0,"auth_bad":0,"replays":0,"challenges":6,"mac_us":2.64,"rxq_peak":11,"rxq_drops":0,"sync_wait_ms":2310.2,"oracle":"PASS","safe_halt":false,"halt_reason":"","cycle_end_ms":[3966.5,6663.8,9353.7,12039.7,14733.2],"rounds":5,"work_ms":0,"emu_scalarmul_ms":69.0,"exit":0}
