2026-09-28T03:51:36.535381218Z des_container: node 1 of 7, LOCAL MODULAR, data supervisor_data_fms.h, transport UDP/IP multicast (RFC 1112)
2026-09-28T03:51:36.535434925Z des_container: EMULATING the ESP32 — every decryption takes at least 69.0 ms (DES_EMU_SCALARMUL_MS)
2026-09-28T03:51:36.535438025Z 
2026-09-28T03:51:36.535439325Z ============================================================
2026-09-28T03:51:36.535440626Z   Distributed Homomorphic DES — generic engine
2026-09-28T03:51:36.535441926Z   node 1/7   family LOCAL MODULAR   7 supervisors   31 events
2026-09-28T03:51:36.535443226Z   data: supervisor_data_fms.h
2026-09-28T03:51:36.535444526Z ============================================================
2026-09-28T03:51:36.536314935Z --- event routing (DERIVED from the header, not hardcoded) ---
2026-09-28T03:51:36.536327137Z   event  ctrl  nodes      owner  class
2026-09-28T03:51:36.536330337Z   11     yes   1          1      local — no network
2026-09-28T03:51:36.536332738Z   12     no    1          1      local — no network
2026-09-28T03:51:36.536334838Z   21     yes   2          2      local — no network
2026-09-28T03:51:36.536337038Z   22     no    2          2      local — no network
2026-09-28T03:51:36.536339238Z   30     no    1 2 3 4 5 6 7  1      SHARED — needs network
2026-09-28T03:51:36.536341839Z   31     yes   1 2 3 4 5 6 7  1      SHARED — needs network
2026-09-28T03:51:36.536344239Z   32     no    1 2 3 4 5 6 7  1      SHARED — needs network
2026-09-28T03:51:36.536346339Z   33     yes   1 2 3 4 5 6 7  1      SHARED — needs network
2026-09-28T03:51:36.536348540Z   34     no    1 2 3 4 5 6 7  1      SHARED — needs network
2026-09-28T03:51:36.536350740Z   35     yes   1 2 3 4 5 6 7  1      SHARED — needs network
2026-09-28T03:51:36.536352940Z   36     no    1 2 3 4 5 6 7  1      SHARED — needs network
2026-09-28T03:51:36.536355240Z   37     yes   1 2 3 4 5 6 7  1      SHARED — needs network
2026-09-28T03:51:36.536357541Z   38     no    1 2 3 4 5 6 7  1      SHARED — needs network
2026-09-28T03:51:36.536359741Z   39     yes   1 2 3 4 5 6 7  1      SHARED — needs network
2026-09-28T03:51:36.536362041Z   41     yes   3          3      local — no network
2026-09-28T03:51:36.536364342Z   42     no    3          3      local — no network
2026-09-28T03:51:36.536366442Z   51     yes   4          4      local — no network
2026-09-28T03:51:36.536368542Z   52     no    4          4      local — no network
2026-09-28T03:51:36.536370542Z   53     yes   4          4      local — no network
2026-09-28T03:51:36.536372543Z   54     no    4          4      local — no network
2026-09-28T03:51:36.536374643Z   61     yes   5 6 7      5      SHARED — needs network
2026-09-28T03:51:36.536376543Z   63     yes   5 6 7      5      SHARED — needs network
2026-09-28T03:51:36.536378843Z   64     no    5 6 7      5      SHARED — needs network
2026-09-28T03:51:36.536411347Z   65     yes   5 6 7      5      SHARED — needs network
2026-09-28T03:51:36.536416148Z   66     no    5 6 7      5      SHARED — needs network
2026-09-28T03:51:36.536418548Z   71     yes   7          7      local — no network
2026-09-28T03:51:36.536420749Z   72     no    7          7      local — no network
2026-09-28T03:51:36.536422949Z   73     yes   7          7      local — no network
2026-09-28T03:51:36.536425149Z   74     no    7          7      local — no network
2026-09-28T03:51:36.536427349Z   81     yes   7          7      local — no network
2026-09-28T03:51:36.536429750Z   82     no    7          7      local — no network
2026-09-28T03:51:36.536432050Z   => 15/31 events shared; 16/31 need ZERO network traffic; 12 concern this node
2026-09-28T03:51:36.536434650Z   NOTE controllability was INFERRED from event labels (the header
2026-09-28T03:51:36.536438151Z        does not carry it). Check the 'ctrl' column above; if it is
2026-09-28T03:51:36.536440451Z        wrong, set DES_CONTROLLABLE_MASK explicitly.
2026-09-28T03:51:36.536442651Z 
2026-09-28T03:51:36.536444752Z [init] config fingerprint 04511541 — every node must print the same
2026-09-28T03:51:36.536447052Z 
2026-09-28T03:51:36.536503059Z [net] UDP multicast 239.192.7.1:5077  ttl=1  frame=44 B
2026-09-28T03:51:36.536510860Z --- crypto self-test ---
2026-09-28T03:51:36.539199898Z   Enc(0)->0 Enc(1)->1                PASS
2026-09-28T03:51:36.539989097Z   Enc(1)+Enc(1)->1 homomorphic OR   PASS
2026-09-28T03:51:36.541221852Z   Enc(0)+Enc(0)->0                  PASS
2026-09-28T03:51:36.541307862Z   curve secp192r1, ciphertext 50 B    PASS
2026-09-28T03:51:36.541311863Z   frame tag HMAC-SHA256/128: 1.6 us, 1-bit tamper caught  PASS
2026-09-28T03:51:36.541313363Z 
2026-09-28T03:51:36.541314563Z --- encrypting my supervisors' initial states ---
2026-09-28T03:51:36.541315963Z [load] S0         idx 0   18 states  12 constraining ev     900 B ciphertext
2026-09-28T03:51:37.388366636Z [init] my keypair is mine alone; no ciphertext ever leaves this node
2026-09-28T03:51:37.388470949Z [init] my enablement: 11=1 12=0 21=1 22=1 30=0 31=0 32=0 33=1 34=0 35=1 36=0 37=1 38=0 39=1 41=1 42=1 51=1 52=1 53=1 54=1 61=1 63=1 64=1 65=1 66=1 71=1 72=1 73=1 74=1 81=1 82=1
2026-09-28T03:51:37.388509754Z 
2026-09-28T03:51:39.197532731Z [net] waiting for 6 peer(s)......... all present.
2026-09-28T03:51:40.698407951Z 
2026-09-28T03:51:40.698500063Z --- transport round-trip probe (UDP/IP multicast (RFC 1112)) ---
2026-09-28T03:51:41.315139700Z   20 probes: avg 10.27 ms  min 4.15 ms  max 117.00 ms
2026-09-28T03:51:41.315228311Z 
2026-09-28T03:51:41.315238613Z ============================================================
2026-09-28T03:51:41.315386531Z   RUN — SIM_SEQ driver — 5 cycles x 44 steps — LOCAL MODULAR
2026-09-28T03:51:41.315408434Z   columns: cN sNN = cycle/step of MY walk; · = a peer caused this
2026-09-28T03:51:41.315414935Z   'done at': run clock, common to all nodes; a cycle is over at the
2026-09-28T03:51:41.315420936Z   LATEST node's print, machine time (DES_WORK_MS 0) included
2026-09-28T03:51:41.315426636Z ============================================================
2026-09-28T03:51:41.315432437Z 
2026-09-28T03:51:41.315438038Z -- cycle 1/5 --
2026-09-28T03:51:41.457094127Z c1  s1   local  11       141.4 ms HE    2 dec  0 frames
2026-09-28T03:51:41.526916695Z c1  s2   local  12        69.9 ms HE    1 dec  0 frames
2026-09-28T03:51:41.602890836Z c1  s3   2pc    31        70.2 ms HE    1 dec  14 frames  + 5.6 ms peer-wait  (seq 1)
2026-09-28T03:51:41.763131359Z c1  s4   notify 32        69.5 ms HE    1 dec  7 frames  + 2.1 ms peer-wait  (seq 2)
2026-09-28T03:51:42.055540780Z c1  s8   2pc    33        69.9 ms HE    1 dec  14 frames  + 6.3 ms peer-wait  (seq 3)
2026-09-28T03:51:42.213884864Z c1  s9   notify 34        69.9 ms HE    1 dec  7 frames  + 1.8 ms peer-wait  (seq 4)
2026-09-28T03:51:42.450598191Z c1  s10  2pc    35        69.9 ms HE    1 dec  14 frames  + 5.5 ms peer-wait  (seq 5)
2026-09-28T03:51:42.664578663Z c1  s13  notify 36        69.6 ms HE    1 dec  7 frames  + 1.8 ms peer-wait  (seq 6)
2026-09-28T03:51:42.899082411Z c1  s14  2pc    39        70.0 ms HE    1 dec  14 frames  + 6.4 ms peer-wait  (seq 7)
2026-09-28T03:51:43.195771970Z c1  s16  notify 30        69.8 ms HE    1 dec  7 frames  + 1.6 ms peer-wait  (seq 8)
2026-09-28T03:51:43.265656146Z c1  s25  local  11        69.6 ms HE    1 dec  0 frames
2026-09-28T03:51:43.335426607Z c1  s27  local  12        69.6 ms HE    1 dec  0 frames
2026-09-28T03:51:43.990595283Z c1  s28  2pc    31        69.7 ms HE    1 dec  14 frames  + 6.2 ms peer-wait  (seq 9)
2026-09-28T03:51:44.065532294Z c1  s29  notify 32        69.6 ms HE    1 dec  7 frames  + 1.3 ms peer-wait  (seq 10)
2026-09-28T03:51:44.286168701Z c1  s32  2pc    35        70.0 ms HE    1 dec  14 frames  + 6.2 ms peer-wait  (seq 11)
2026-09-28T03:51:44.362581997Z c1  s33  notify 36        69.7 ms HE    1 dec  7 frames  + 1.6 ms peer-wait  (seq 12)
2026-09-28T03:51:44.735640546Z c1  s36  2pc    33        70.1 ms HE    1 dec  14 frames  + 5.5 ms peer-wait  (seq 13)
2026-09-28T03:51:44.810936002Z c1  s37  notify 34        70.0 ms HE    1 dec  7 frames  + 2.1 ms peer-wait  (seq 14)
2026-09-28T03:51:56.532335634Z c1  s40  2pc    37        70.4 ms HE    1 dec  14 frames  + 6.2 ms peer-wait  (seq 15)
2026-09-28T03:51:45.117390040Z c1  s41  notify 38        69.6 ms HE    1 dec  7 frames  + 1.6 ms peer-wait  (seq 16)
2026-09-28T03:51:45.117430545Z -- cycle 1/5 done at 3791.0 ms --
2026-09-28T03:51:45.117444247Z 
2026-09-28T03:51:45.117508855Z -- cycle 2/5 --
2026-09-28T03:51:45.186153876Z c2  s1   local  11        69.3 ms HE    1 dec  0 frames
2026-09-28T03:51:45.255680407Z c2  s2   local  12        69.4 ms HE    1 dec  0 frames
2026-09-28T03:51:45.347872484Z c2  s3   2pc    31        69.8 ms HE    1 dec  14 frames  + 5.5 ms peer-wait  (seq 17)
2026-09-28T03:51:45.424381792Z c2  s4   notify 32        69.8 ms HE    1 dec  7 frames  + 1.5 ms peer-wait  (seq 18)
2026-09-28T03:51:45.646668007Z c2  s8   2pc    33        70.1 ms HE    1 dec  14 frames  + 6.6 ms peer-wait  (seq 19)
2026-09-28T03:51:45.723266626Z c2  s9   notify 34        70.0 ms HE    1 dec  7 frames  + 1.7 ms peer-wait  (seq 20)
2026-09-28T03:51:45.804233794Z c2  s10  2pc    35        69.8 ms HE    1 dec  14 frames  + 6.0 ms peer-wait  (seq 21)
2026-09-28T03:51:46.020124005Z c2  s13  notify 36        69.8 ms HE    1 dec  7 frames  + 1.8 ms peer-wait  (seq 22)
2026-09-28T03:51:46.101382010Z c2  s14  2pc    39        69.8 ms HE    1 dec  14 frames  + 5.8 ms peer-wait  (seq 23)
2026-09-28T03:51:46.255477661Z c2  s16  notify 30        69.7 ms HE    1 dec  7 frames  + 1.6 ms peer-wait  (seq 24)
2026-09-28T03:51:46.326102930Z c2  s25  local  11        69.9 ms HE    1 dec  0 frames
2026-09-28T03:51:46.395919098Z c2  s27  local  12        69.6 ms HE    1 dec  0 frames
2026-09-28T03:51:46.911850888Z c2  s28  2pc    31        69.5 ms HE    1 dec  14 frames  + 6.3 ms peer-wait  (seq 25)
2026-09-28T03:51:46.987115540Z c2  s29  notify 32        69.6 ms HE    1 dec  7 frames  + 1.5 ms peer-wait  (seq 26)
2026-09-28T03:51:47.207026356Z c2  s32  2pc    35        70.3 ms HE    1 dec  14 frames  + 5.2 ms peer-wait  (seq 27)
2026-09-28T03:51:47.281912161Z c2  s33  notify 36        69.6 ms HE    1 dec  7 frames  + 1.6 ms peer-wait  (seq 28)
2026-09-28T03:51:47.442372511Z c2  s36  2pc    33        70.0 ms HE    1 dec  14 frames  + 5.9 ms peer-wait  (seq 29)
2026-09-28T03:51:47.518695496Z c2  s37  notify 34        69.7 ms HE    1 dec  7 frames  + 2.0 ms peer-wait  (seq 30)
2026-09-28T03:51:47.736879195Z c2  s40  2pc    37        70.2 ms HE    1 dec  14 frames  + 5.3 ms peer-wait  (seq 31)
2026-09-28T03:51:47.810905091Z c2  s41  notify 38        70.0 ms HE    1 dec  7 frames  + 1.5 ms peer-wait  (seq 32)
2026-09-28T03:51:47.810968799Z -- cycle 2/5 done at 6484.3 ms --
2026-09-28T03:51:47.810987902Z 
2026-09-28T03:51:47.811000003Z -- cycle 3/5 --
2026-09-28T03:51:47.880688455Z c3  s1   local  11        69.8 ms HE    1 dec  0 frames
2026-09-28T03:51:47.950562230Z c3  s2   local  12        69.8 ms HE    1 dec  0 frames
2026-09-28T03:51:48.045387038Z c3  s3   2pc    31        69.9 ms HE    1 dec  14 frames  + 6.0 ms peer-wait  (seq 33)
2026-09-28T03:51:48.120090019Z c3  s4   notify 32        70.1 ms HE    1 dec  7 frames  + 1.6 ms peer-wait  (seq 34)
2026-09-28T03:51:48.343366458Z c3  s8   2pc    33        69.9 ms HE    1 dec  14 frames  + 6.7 ms peer-wait  (seq 35)
2026-09-28T03:51:48.420001082Z c3  s9   notify 34        69.6 ms HE    1 dec  7 frames  + 1.7 ms peer-wait  (seq 36)
2026-09-28T03:51:48.502236909Z c3  s10  2pc    35        70.1 ms HE    1 dec  14 frames  + 6.9 ms peer-wait  (seq 37)
2026-09-28T03:51:48.714911316Z c3  s13  notify 36        69.6 ms HE    1 dec  7 frames  + 1.8 ms peer-wait  (seq 38)
2026-09-28T03:51:48.794673633Z c3  s14  2pc    39        69.7 ms HE    1 dec  14 frames  + 4.7 ms peer-wait  (seq 39)
2026-09-28T03:51:48.950576511Z c3  s16  notify 30        70.0 ms HE    1 dec  7 frames  + 2.2 ms peer-wait  (seq 40)
2026-09-28T03:51:49.019728895Z c3  s25  local  11        69.6 ms HE    1 dec  0 frames
2026-09-28T03:51:49.089060902Z c3  s27  local  12        69.6 ms HE    1 dec  0 frames
2026-09-28T03:51:49.599638520Z c3  s28  2pc    31        70.3 ms HE    1 dec  14 frames  + 6.0 ms peer-wait  (seq 41)
2026-09-28T03:51:49.675758079Z c3  s29  notify 32        69.6 ms HE    1 dec  7 frames  + 1.6 ms peer-wait  (seq 42)
2026-09-28T03:52:01.383642391Z c3  s32  2pc    35        70.5 ms HE    1 dec  14 frames  + 5.6 ms peer-wait  (seq 43)
2026-09-28T03:52:01.458092541Z c3  s33  notify 36        70.1 ms HE    1 dec  7 frames  + 1.6 ms peer-wait  (seq 44)
2026-09-28T03:51:50.123591588Z c3  s36  2pc    33        69.4 ms HE    1 dec  14 frames  + 5.8 ms peer-wait  (seq 45)
2026-09-28T03:51:50.199652940Z c3  s37  notify 34        69.8 ms HE    1 dec  7 frames  + 1.4 ms peer-wait  (seq 46)
2026-09-28T03:51:50.418638240Z c3  s40  2pc    37        70.3 ms HE    1 dec  14 frames  + 5.8 ms peer-wait  (seq 47)
2026-09-28T03:51:50.495702218Z c3  s41  notify 38        70.1 ms HE    1 dec  7 frames  + 1.5 ms peer-wait  (seq 48)
2026-09-28T03:51:50.495760025Z -- cycle 3/5 done at 9176.3 ms --
2026-09-28T03:51:50.495776027Z 
2026-09-28T03:51:50.495786028Z -- cycle 4/5 --
2026-09-28T03:51:50.565352864Z c4  s1   local  11        69.7 ms HE    1 dec  0 frames
2026-09-28T03:51:50.635001311Z c4  s2   local  12        69.7 ms HE    1 dec  0 frames
2026-09-28T03:51:50.727456821Z c4  s3   2pc    31        70.1 ms HE    1 dec  14 frames  + 5.6 ms peer-wait  (seq 49)
2026-09-28T03:51:50.804361379Z c4  s4   notify 32        69.8 ms HE    1 dec  7 frames  + 1.8 ms peer-wait  (seq 50)
2026-09-28T03:51:51.026218340Z c4  s8   2pc    33        70.1 ms HE    1 dec  14 frames  + 7.4 ms peer-wait  (seq 51)
2026-09-28T03:51:51.102941275Z c4  s9   notify 34        70.0 ms HE    1 dec  7 frames  + 1.8 ms peer-wait  (seq 52)
2026-09-28T03:51:51.182867312Z c4  s10  2pc    35        70.0 ms HE    1 dec  14 frames  + 6.2 ms peer-wait  (seq 53)
2026-09-28T03:51:51.397683988Z c4  s13  notify 36        69.9 ms HE    1 dec  7 frames  + 1.8 ms peer-wait  (seq 54)
2026-09-28T03:51:51.478911189Z c4  s14  2pc    39        69.9 ms HE    1 dec  14 frames  + 4.5 ms peer-wait  (seq 55)
2026-09-28T03:51:51.632576686Z c4  s16  notify 30        70.0 ms HE    1 dec  7 frames  + 1.4 ms peer-wait  (seq 56)
2026-09-28T03:51:51.703262563Z c4  s25  local  11        70.0 ms HE    1 dec  0 frames
2026-09-28T03:51:51.773588394Z c4  s27  local  12        69.9 ms HE    1 dec  0 frames
2026-09-28T03:51:52.285103230Z c4  s28  2pc    31        70.3 ms HE    1 dec  14 frames  + 5.6 ms peer-wait  (seq 57)
2026-09-28T03:51:52.361771958Z c4  s29  notify 32        70.0 ms HE    1 dec  7 frames  + 1.5 ms peer-wait  (seq 58)
2026-09-28T03:51:52.582101527Z c4  s32  2pc    35        70.0 ms HE    1 dec  14 frames  + 6.2 ms peer-wait  (seq 59)
2026-09-28T03:51:52.659094596Z c4  s33  notify 36        69.6 ms HE    1 dec  7 frames  + 2.5 ms peer-wait  (seq 60)
2026-09-28T03:51:52.815582048Z c4  s36  2pc    33        70.2 ms HE    1 dec  14 frames  + 5.3 ms peer-wait  (seq 61)
2026-09-28T03:51:52.890106507Z c4  s37  notify 34        69.6 ms HE    1 dec  7 frames  + 1.7 ms peer-wait  (seq 62)
2026-09-28T03:51:53.106703407Z c4  s40  2pc    37        69.3 ms HE    1 dec  14 frames  + 4.7 ms peer-wait  (seq 63)
2026-09-28T03:51:53.179520951Z c4  s41  notify 38        69.3 ms HE    1 dec  7 frames  + 1.2 ms peer-wait  (seq 64)
2026-09-28T03:51:53.179553255Z -- cycle 4/5 done at 11861.2 ms --
2026-09-28T03:51:53.179556956Z 
2026-09-28T03:51:53.179559456Z -- cycle 5/5 --
2026-09-28T03:51:53.248709440Z c5  s1   local  11        69.2 ms HE    1 dec  0 frames
2026-09-28T03:51:53.319212094Z c5  s2   local  12        69.6 ms HE    1 dec  0 frames
2026-09-28T03:51:53.416089659Z c5  s3   2pc    31        70.6 ms HE    1 dec  14 frames  + 4.6 ms peer-wait  (seq 65)
2026-09-28T03:51:53.489777613Z c5  s4   notify 32        69.7 ms HE    1 dec  7 frames  + 1.6 ms peer-wait  (seq 66)
2026-09-28T03:51:53.709967064Z c5  s8   2pc    33        70.2 ms HE    1 dec  14 frames  + 6.0 ms peer-wait  (seq 67)
2026-09-28T03:51:53.784894874Z c5  s9   notify 34        70.0 ms HE    1 dec  7 frames  + 1.8 ms peer-wait  (seq 68)
2026-09-28T03:51:53.865416186Z c5  s10  2pc    35        69.8 ms HE    1 dec  14 frames  + 6.3 ms peer-wait  (seq 69)
2026-09-28T03:51:54.082348528Z c5  s13  notify 36        69.9 ms HE    1 dec  7 frames  + 1.6 ms peer-wait  (seq 70)
2026-09-28T03:51:54.162728622Z c5  s14  2pc    39        70.1 ms HE    1 dec  14 frames  + 5.7 ms peer-wait  (seq 71)
2026-09-28T03:51:54.318525687Z c5  s16  notify 30        70.0 ms HE    1 dec  7 frames  + 1.9 ms peer-wait  (seq 72)
2026-09-28T03:51:54.389084948Z c5  s25  local  11        69.6 ms HE    1 dec  0 frames
2026-09-28T03:51:54.459101641Z c5  s27  local  12        69.8 ms HE    1 dec  0 frames
2026-09-28T03:52:06.465196258Z c5  s28  2pc    31        69.8 ms HE    1 dec  14 frames  + 5.5 ms peer-wait  (seq 73)
2026-09-28T03:52:06.541296415Z c5  s29  notify 32        69.6 ms HE    1 dec  7 frames  + 1.7 ms peer-wait  (seq 74)
2026-09-28T03:51:55.261265626Z c5  s32  2pc    35        69.9 ms HE    1 dec  14 frames  + 5.5 ms peer-wait  (seq 75)
2026-09-28T03:51:55.338326603Z c5  s33  notify 36        69.6 ms HE    1 dec  7 frames  + 1.7 ms peer-wait  (seq 76)
2026-09-28T03:51:55.495927494Z c5  s36  2pc    33        70.0 ms HE    1 dec  14 frames  + 6.0 ms peer-wait  (seq 77)
2026-09-28T03:51:55.572873157Z c5  s37  notify 34        69.9 ms HE    1 dec  7 frames  + 1.8 ms peer-wait  (seq 78)
2026-09-28T03:51:55.791593024Z c5  s40  2pc    37        70.1 ms HE    1 dec  14 frames  + 5.5 ms peer-wait  (seq 79)
2026-09-28T03:51:55.866201093Z c5  s41  notify 38        69.9 ms HE    1 dec  7 frames  + 1.6 ms peer-wait  (seq 80)
2026-09-28T03:51:55.866275803Z -- cycle 5/5 done at 14552.1 ms --
2026-09-28T03:51:55.866296605Z 
2026-09-28T03:51:55.866309507Z ============================================================
2026-09-28T03:51:55.866320708Z   SUMMARY — node 1/7 — LOCAL MODULAR — UDP/IP multicast (RFC 1112)
2026-09-28T03:51:55.866333610Z ============================================================
2026-09-28T03:51:55.866344611Z   events this node FIRED:
2026-09-28T03:51:55.866355313Z   local (no network)     n=20   avg    73.41 ms  (HE   73.26 + net    0.00)  min   69.29  max   141.60   19.9%
2026-09-28T03:51:55.866366414Z   shared controllable    n=40   avg    75.99 ms  (HE   70.01 + net    5.81)  min   74.09  max    77.61   41.2%
2026-09-28T03:51:55.866376415Z   shared uncontroll.     n=40   avg    71.63 ms  (HE   69.79 + net    1.70)  min   70.53  max    72.35   38.9%
2026-09-28T03:51:55.866387017Z   events this node APPLIED for a peer (participant side):
2026-09-28T03:51:55.866397318Z   shared, applied              (none on this node)
2026-09-28T03:51:55.866408319Z   sync-wait (peers reaching a shared step): n=80 avg 89.72 ms, 7.2 s total
2026-09-28T03:51:55.866419821Z      not protocol cost — the plant catching up; kept out of the rows above
2026-09-28T03:51:55.866432322Z   run clock, end of cycles 1..5 (ms): 3791.0 6484.3 9176.3 11861.2 14552.1
2026-09-28T03:51:55.866443524Z      a cycle is over at the LATEST node's value; DES_WORK_MS 0 included
2026-09-28T03:51:55.866454625Z   ----------------------------------------------------------
2026-09-28T03:51:55.866465026Z   all events            n=100  avg    73.73 ms  (HE   70.57 + net    3.00)
2026-09-28T03:51:55.866475628Z   PEER-WAIT + WIRE      4.1 % of total step time
2026-09-28T03:51:55.866486829Z      (compare against the round-trip probe above: the excess is
2026-09-28T03:51:55.866497830Z       the peer's own HE work, not the link.)
2026-09-28T03:51:55.866509132Z   frames: tx=166 rx=1688 retransmits=0
2026-09-28T03:51:55.866521533Z   authentication: HMAC-SHA256/128, 1.6 us per frame; 0 rejected (bad tag), 0 stale/replayed dropped, 6 epoch challenges
2026-09-28T03:51:55.866530035Z   rx queue: peak 10/64 frames
2026-09-28T03:51:55.866536635Z   plant check: 0 event reports rejected as physically impossible
2026-09-28T03:51:55.866543336Z      (these supervisors carry the plant: an impossible uncontrollable event is caught)
2026-09-28T03:51:55.866550837Z   ----------------------------------------------------------
2026-09-28T03:51:55.866613445Z   homomorphic vs cleartext oracle : PASS — every encrypted bit matched
2026-09-28T03:51:55.866622446Z      (PASS certifies the cryptography: each node's encrypted bits
2026-09-28T03:51:55.866629647Z       match its own clear model for the events it applied. It does
2026-09-28T03:51:55.866639948Z       not certify the distributed run — read the skips for that.)
2026-09-28T03:51:55.866647249Z   distributed vs MONOLITHIC sup.  : off — this header has no monolithic supervisor
2026-09-28T03:51:55.866654150Z   safe halt                       : no — ran to completion
2026-09-28T03:51:55.866661051Z ============================================================
2026-09-28T03:52:05.877010609Z @@RESULT {"node":1,"nodes":7,"family":"LOCAL MODULAR","data":"supervisor_data_fms.h","transport":"UDP/IP multicast (RFC 1112)","fingerprint":"04511541","supervisors":["S0"],"fired":{"local":20,"ctrl":40,"unctrl":40},"applied_for_peers":0,"skips":0,"impossible":0,"tx":166,"rx":1701,"retx":0,"auth_bad":0,"replays":0,"challenges":6,"mac_us":1.55,"rxq_peak":10,"rxq_drops":0,"sync_wait_ms":7178.0,"oracle":"PASS","safe_halt":false,"halt_reason":"","cycle_end_ms":[3791.0,6484.3,9176.3,11861.2,14552.1],"rounds":5,"work_ms":0,"emu_scalarmul_ms":69.0,"exit":0}
