2026-09-28T12:35:59.890610048Z des_container: node 2 of 7, LOCAL MODULAR, data supervisor_data_fms.h, transport UDP/IP multicast (RFC 1112)
2026-09-28T12:35:59.890781130Z des_container: EMULATING the ESP32 — every decryption takes at least 69.0 ms (DES_EMU_SCALARMUL_MS)
2026-09-28T12:35:59.890796037Z des_container: dropping 5 % of received frames, seed 4220614427 (DES_LOSS_SEED to replay)
2026-09-28T12:35:59.890800539Z 
2026-09-28T12:35:59.890805441Z ============================================================
2026-09-28T12:35:59.890809143Z   Distributed Homomorphic DES — generic engine
2026-09-28T12:35:59.890812845Z   node 2/7   family LOCAL MODULAR   7 supervisors   31 events
2026-09-28T12:35:59.890816346Z   data: supervisor_data_fms.h
2026-09-28T12:35:59.890819648Z ============================================================
2026-09-28T12:35:59.899483086Z --- event routing (DERIVED from the header, not hardcoded) ---
2026-09-28T12:35:59.899573229Z   event  ctrl  nodes      owner  class
2026-09-28T12:35:59.899670076Z   11     yes   1          1      local — no network
2026-09-28T12:35:59.899680080Z   12     no    1          1      local — no network
2026-09-28T12:35:59.899684082Z   21     yes   2          2      local — no network
2026-09-28T12:35:59.899688184Z   22     no    2          2      local — no network
2026-09-28T12:35:59.899691686Z   30     no    1 2 3 4 5 6 7  1      SHARED — needs network
2026-09-28T12:35:59.899697089Z   31     yes   1 2 3 4 5 6 7  1      SHARED — needs network
2026-09-28T12:35:59.899700990Z   32     no    1 2 3 4 5 6 7  1      SHARED — needs network
2026-09-28T12:35:59.899705192Z   33     yes   1 2 3 4 5 6 7  1      SHARED — needs network
2026-09-28T12:35:59.899710395Z   34     no    1 2 3 4 5 6 7  1      SHARED — needs network
2026-09-28T12:35:59.899713897Z   35     yes   1 2 3 4 5 6 7  1      SHARED — needs network
2026-09-28T12:35:59.899717498Z   36     no    1 2 3 4 5 6 7  1      SHARED — needs network
2026-09-28T12:35:59.899721500Z   37     yes   1 2 3 4 5 6 7  1      SHARED — needs network
2026-09-28T12:35:59.899725002Z   38     no    1 2 3 4 5 6 7  1      SHARED — needs network
2026-09-28T12:35:59.899728604Z   39     yes   1 2 3 4 5 6 7  1      SHARED — needs network
2026-09-28T12:35:59.899732305Z   41     yes   3          3      local — no network
2026-09-28T12:35:59.899735907Z   42     no    3          3      local — no network
2026-09-28T12:35:59.899742210Z   51     yes   4          4      local — no network
2026-09-28T12:35:59.899751815Z   52     no    4          4      local — no network
2026-09-28T12:35:59.899757617Z   53     yes   4          4      local — no network
2026-09-28T12:35:59.899762220Z   54     no    4          4      local — no network
2026-09-28T12:35:59.899766922Z   61     yes   5 6 7      5      SHARED — needs network
2026-09-28T12:35:59.899852463Z   63     yes   5 6 7      5      SHARED — needs network
2026-09-28T12:35:59.899861267Z   64     no    5 6 7      5      SHARED — needs network
2026-09-28T12:35:59.899864869Z   65     yes   5 6 7      5      SHARED — needs network
2026-09-28T12:35:59.899868871Z   66     no    5 6 7      5      SHARED — needs network
2026-09-28T12:35:59.899871872Z   71     yes   7          7      local — no network
2026-09-28T12:35:59.899875074Z   72     no    7          7      local — no network
2026-09-28T12:35:59.899879776Z   73     yes   7          7      local — no network
2026-09-28T12:35:59.899883278Z   74     no    7          7      local — no network
2026-09-28T12:35:59.899887379Z   81     yes   7          7      local — no network
2026-09-28T12:35:59.899891481Z   82     no    7          7      local — no network
2026-09-28T12:35:59.899895683Z   => 15/31 events shared; 16/31 need ZERO network traffic; 12 concern this node
2026-09-28T12:35:59.899900186Z   NOTE controllability was INFERRED from event labels (the header
2026-09-28T12:35:59.900588714Z        does not carry it). Check the 'ctrl' column above; if it is
2026-09-28T12:35:59.900732383Z        wrong, set DES_CONTROLLABLE_MASK explicitly.
2026-09-28T12:35:59.900741287Z 
2026-09-28T12:35:59.900744489Z [init] config fingerprint 04511541 — every node must print the same
2026-09-28T12:35:59.900750392Z 
2026-09-28T12:35:59.900753693Z [net] UDP multicast 239.192.7.1:5077  ttl=1  frame=44 B
2026-09-28T12:35:59.900757195Z --- crypto self-test ---
2026-09-28T12:35:59.905339084Z   Enc(0)->0 Enc(1)->1                PASS
2026-09-28T12:35:59.908028869Z   Enc(1)+Enc(1)->1 homomorphic OR   PASS
2026-09-28T12:35:59.911738240Z   Enc(0)+Enc(0)->0                  PASS
2026-09-28T12:35:59.911839989Z   curve secp192r1, ciphertext 50 B    PASS
2026-09-28T12:35:59.912011971Z   frame tag HMAC-SHA256/128: 7.8 us, 1-bit tamper caught  PASS
2026-09-28T12:35:59.912366941Z 
2026-09-28T12:35:59.912383349Z --- encrypting my supervisors' initial states ---
2026-09-28T12:35:59.912826060Z [load] S1         idx 1   18 states  12 constraining ev     900 B ciphertext
2026-09-28T12:36:00.798090639Z [init] my keypair is mine alone; no ciphertext ever leaves this node
2026-09-28T12:36:00.798245513Z [init] my enablement: 11=1 12=1 21=1 22=0 30=0 31=1 32=0 33=0 34=0 35=1 36=0 37=1 38=0 39=1 41=1 42=1 51=1 52=1 53=1 54=1 61=1 63=1 64=1 65=1 66=1 71=1 72=1 73=1 74=1 81=1 82=1
2026-09-28T12:36:00.798260420Z 
2026-09-28T12:36:01.001585446Z [net] waiting for 6 peer(s). all present.
2026-09-28T12:36:02.506789462Z 
2026-09-28T12:36:02.506866799Z ============================================================
2026-09-28T12:36:02.506873802Z   RUN — SIM_SEQ driver — 5 cycles x 44 steps — LOCAL MODULAR
2026-09-28T12:36:02.506924927Z   columns: cN sNN = cycle/step of MY walk; · = a peer caused this
2026-09-28T12:36:02.506930329Z   'done at': run clock, common to all nodes; a cycle is over at the
2026-09-28T12:36:02.506934231Z   LATEST node's print, machine time (DES_WORK_MS 0) included
2026-09-28T12:36:02.506938033Z ============================================================
2026-09-28T12:36:02.506941634Z 
2026-09-28T12:36:02.506944236Z -- cycle 1/5 --
2026-09-28T12:36:02.645774253Z c1  s0   local  21       139.5 ms HE    2 dec  0 frames
2026-09-28T12:36:05.116519775Z     ·     vote   31    YES to node 1          (seq 1)
2026-09-28T12:36:06.618108564Z     ·     vote   31    YES to node 1          (seq 1)
2026-09-28T12:36:06.693683465Z     ·     apply  31        69.8 ms HE    1 dec  from node 1  (seq 1)
2026-09-28T12:36:06.843901022Z     ·     apply  32        69.4 ms HE    1 dec  from node 1  (seq 2)
2026-09-28T12:36:06.916095008Z c1  s6   local  22        69.4 ms HE    1 dec  0 frames
2026-09-28T12:36:09.843162112Z     ·     vote   33    YES to node 1          (seq 3)
2026-09-28T12:36:09.917502824Z     ·     apply  33        69.4 ms HE    1 dec  from node 1  (seq 3)
2026-09-28T12:36:10.074057808Z     ·     apply  34        69.4 ms HE    1 dec  from node 1  (seq 4)
2026-09-28T12:36:10.231235190Z     ·     vote   35    YES to node 1          (seq 5)
2026-09-28T12:36:10.303225879Z     ·     apply  35        69.5 ms HE    1 dec  from node 1  (seq 5)
2026-09-28T12:36:13.374669166Z     ·     apply  36        69.4 ms HE    1 dec  from node 1  (seq 6)
2026-09-28T12:36:14.872193022Z     ·     vote   39    YES to node 1          (seq 7)
2026-09-28T12:36:14.944237236Z     ·     apply  39        69.5 ms HE    1 dec  from node 1  (seq 7)
2026-09-28T12:36:16.672678790Z     ·     apply  30        69.5 ms HE    1 dec  from node 1  (seq 8)
2026-09-28T12:36:16.744464681Z c1  s26  local  21        69.4 ms HE    1 dec  0 frames
2026-09-28T12:36:17.387894239Z     ·     vote   31    YES to node 1          (seq 9)
2026-09-28T12:36:17.460068716Z     ·     apply  31        69.4 ms HE    1 dec  from node 1  (seq 9)
2026-09-28T12:36:19.108679535Z     ·     apply  32        69.7 ms HE    1 dec  from node 1  (seq 10)
2026-09-28T12:36:19.182848965Z     ·     vote   35    YES to node 1          (seq 11)
2026-09-28T12:36:20.684925991Z     ·     vote   35    YES to node 1          (seq 11)
2026-09-28T12:36:20.756606232Z     ·     apply  35        69.4 ms HE    1 dec  from node 1  (seq 11)
2026-09-28T12:36:23.828972560Z     ·     apply  36        69.4 ms HE    1 dec  from node 1  (seq 12)
2026-09-28T12:36:23.900351957Z c1  s34  local  22        69.3 ms HE    1 dec  0 frames
2026-09-28T12:36:24.122978903Z     ·     vote   33    YES to node 1          (seq 13)
2026-09-28T12:36:24.194904661Z     ·     apply  33        69.4 ms HE    1 dec  from node 1  (seq 13)
2026-09-28T12:36:35.612057377Z     ·     apply  34        69.4 ms HE    1 dec  from node 1  (seq 14)
2026-09-28T12:36:27.583932473Z     ·     vote   37    YES to node 1          (seq 15)
2026-09-28T12:36:27.660038128Z     ·     apply  37        69.3 ms HE    1 dec  from node 1  (seq 15)
2026-09-28T12:36:30.703847639Z     ·     apply  38        69.6 ms HE    1 dec  from node 1  (seq 16)
2026-09-28T12:36:30.706227876Z -- cycle 1/5 done at 26140.1 ms --
2026-09-28T12:36:30.706290406Z 
2026-09-28T12:36:30.706298010Z -- cycle 2/5 --
2026-09-28T12:36:30.775506270Z c2  s0   local  21        69.5 ms HE    1 dec  0 frames
2026-09-28T12:36:32.350113038Z     ·     vote   31    YES to node 1          (seq 17)
2026-09-28T12:36:33.850326470Z     ·     vote   31    YES to node 1          (seq 17)
2026-09-28T12:36:35.342917178Z     ·     vote   31    YES to node 1          (seq 17)
2026-09-28T12:36:35.417604255Z     ·     apply  31        69.4 ms HE    1 dec  from node 1  (seq 17)
2026-09-28T12:36:37.064157591Z     ·     apply  32        69.3 ms HE    1 dec  from node 1  (seq 18)
2026-09-28T12:36:37.136433617Z c2  s6   local  22        69.9 ms HE    1 dec  0 frames
2026-09-28T12:36:37.139241858Z     ·     vote   33    YES to node 1          (seq 19)
2026-09-28T12:36:38.640526902Z     ·     vote   33    YES to node 1          (seq 19)
2026-09-28T12:36:38.714461920Z     ·     apply  33        69.3 ms HE    1 dec  from node 1  (seq 19)
2026-09-28T12:36:40.376574201Z     ·     apply  34        69.4 ms HE    1 dec  from node 1  (seq 20)
2026-09-28T12:36:43.375787285Z     ·     vote   35    YES to node 1          (seq 21)
2026-09-28T12:36:43.452114145Z     ·     apply  35        69.6 ms HE    1 dec  from node 1  (seq 21)
2026-09-28T12:36:46.510169166Z     ·     apply  36        69.3 ms HE    1 dec  from node 1  (seq 22)
2026-09-28T12:36:46.514696429Z     ·     vote   39    YES to node 1          (seq 23)
2026-09-28T12:36:46.587063998Z     ·     apply  39        69.6 ms HE    1 dec  from node 1  (seq 23)
2026-09-28T12:36:48.238520777Z     ·     apply  30        69.4 ms HE    1 dec  from node 1  (seq 24)
2026-09-28T12:36:48.310115076Z c2  s26  local  21        69.4 ms HE    1 dec  0 frames
2026-09-28T12:36:49.879465120Z     ·     vote   31    YES to node 1          (seq 25)
2026-09-28T12:36:51.382177646Z     ·     vote   31    YES to node 1          (seq 25)
2026-09-28T12:36:51.455207932Z     ·     apply  31        69.6 ms HE    1 dec  from node 1  (seq 25)
2026-09-28T12:36:54.525274161Z     ·     apply  32        69.3 ms HE    1 dec  from node 1  (seq 26)
2026-09-28T12:36:54.841700159Z     ·     vote   35    YES to node 1          (seq 27)
2026-09-28T12:36:54.918399598Z     ·     apply  35        69.6 ms HE    1 dec  from node 1  (seq 27)
2026-09-28T12:36:57.986015357Z     ·     apply  36        69.5 ms HE    1 dec  from node 1  (seq 28)
2026-09-28T12:36:58.057693696Z c2  s34  local  22        69.4 ms HE    1 dec  0 frames
2026-09-28T12:37:01.059491772Z     ·     vote   33    YES to node 1          (seq 29)
2026-09-28T12:37:01.130421755Z     ·     apply  33        69.5 ms HE    1 dec  from node 1  (seq 29)
2026-09-28T12:37:01.205718023Z     ·     apply  34        69.5 ms HE    1 dec  from node 1  (seq 30)
2026-09-28T12:37:07.211122098Z     ·     vote   37    YES to node 1          (seq 31)
2026-09-28T12:37:07.283007037Z     ·     apply  37        69.3 ms HE    1 dec  from node 1  (seq 31)
2026-09-28T12:37:07.358507603Z     ·     apply  38        69.8 ms HE    1 dec  from node 1  (seq 32)
2026-09-28T12:37:07.360495252Z -- cycle 2/5 done at 62804.0 ms --
2026-09-28T12:37:07.360551379Z 
2026-09-28T12:37:07.360568487Z -- cycle 3/5 --
2026-09-28T12:37:07.429703712Z c3  s0   local  21        69.5 ms HE    1 dec  0 frames
2026-09-28T12:37:11.992363260Z     ·     vote   31    YES to node 1          (seq 33)
2026-09-28T12:37:12.064593063Z     ·     apply  31        69.7 ms HE    1 dec  from node 1  (seq 33)
2026-09-28T12:37:13.639145806Z     ·     apply  32        69.6 ms HE    1 dec  from node 1  (seq 34)
2026-09-28T12:37:13.710734803Z c3  s6   local  22        69.5 ms HE    1 dec  0 frames
2026-09-28T12:37:13.782844649Z     ·     vote   33    YES to node 1          (seq 35)
2026-09-28T12:37:13.857575747Z     ·     apply  33        69.6 ms HE    1 dec  from node 1  (seq 35)
2026-09-28T12:37:17.066792681Z     ·     apply  34        69.3 ms HE    1 dec  from node 1  (seq 36)
2026-09-28T12:37:18.498719694Z     ·     vote   35    YES to node 1          (seq 37)
2026-09-28T12:37:19.994635353Z     ·     vote   35    YES to node 1          (seq 37)
2026-09-28T12:37:23.141437238Z     ·     apply  35        69.7 ms HE    1 dec  from node 1  (seq 37)
2026-09-28T12:37:23.216837656Z     ·     apply  36        69.4 ms HE    1 dec  from node 1  (seq 38)
2026-09-28T12:37:23.526696571Z     ·     vote   39    YES to node 1          (seq 39)
2026-09-28T12:37:23.600383070Z     ·     apply  39        69.3 ms HE    1 dec  from node 1  (seq 39)
2026-09-28T12:37:26.667513871Z     ·     apply  30        69.3 ms HE    1 dec  from node 1  (seq 40)
2026-09-28T12:37:26.741263600Z c3  s26  local  21        69.8 ms HE    1 dec  0 frames
2026-09-28T12:37:28.819414305Z     ·     vote   31    YES to node 1          (seq 41)
2026-09-28T12:37:28.891151673Z     ·     apply  31        69.4 ms HE    1 dec  from node 1  (seq 41)
2026-09-28T12:37:30.538292068Z     ·     apply  32        69.3 ms HE    1 dec  from node 1  (seq 42)
2026-09-28T12:37:30.680921200Z     ·     vote   35    YES to node 1          (seq 43)
2026-09-28T12:37:33.683844156Z     ·     vote   35    YES to node 1          (seq 43)
2026-09-28T12:37:35.193528172Z     ·     vote   35    YES to node 1          (seq 43)
2026-09-28T12:37:36.747294185Z     ·     vote   35    YES to node 1          (seq 43)
2026-09-28T12:37:36.819353807Z     ·     apply  35        69.4 ms HE    1 dec  from node 1  (seq 43)
2026-09-28T12:37:36.898428981Z     ·     apply  36        69.7 ms HE    1 dec  from node 1  (seq 44)
2026-09-28T12:37:36.968308161Z c3  s34  local  22        69.4 ms HE    1 dec  0 frames
2026-09-28T12:37:37.286216321Z     ·     vote   33    YES to node 1          (seq 45)
2026-09-28T12:37:38.785276903Z     ·     vote   33    YES to node 1          (seq 45)
2026-09-28T12:37:40.278320666Z     ·     vote   33    YES to node 1          (seq 45)
2026-09-28T12:37:40.353035457Z     ·     apply  33        69.3 ms HE    1 dec  from node 1  (seq 45)
2026-09-28T12:37:40.428795846Z     ·     apply  34        70.0 ms HE    1 dec  from node 1  (seq 46)
2026-09-28T12:37:43.429494540Z     ·     vote   37    YES to node 1          (seq 47)
2026-09-28T12:37:43.501530451Z     ·     apply  37        69.3 ms HE    1 dec  from node 1  (seq 47)
2026-09-28T12:37:45.149029816Z     ·     apply  38        69.4 ms HE    1 dec  from node 1  (seq 48)
2026-09-28T12:37:45.151716900Z -- cycle 3/5 done at 100603.5 ms --
2026-09-28T12:37:45.151789934Z 
2026-09-28T12:37:45.151799939Z -- cycle 4/5 --
2026-09-28T12:37:45.222267901Z c4  s0   local  21        70.4 ms HE    1 dec  0 frames
2026-09-28T12:37:46.881533110Z     ·     vote   31    YES to node 1          (seq 49)
2026-09-28T12:37:46.953661364Z     ·     apply  31        69.5 ms HE    1 dec  from node 1  (seq 49)
2026-09-28T12:37:48.597387450Z     ·     apply  32        69.3 ms HE    1 dec  from node 1  (seq 50)
2026-09-28T12:37:48.670101785Z c4  s6   local  22        70.0 ms HE    1 dec  0 frames
2026-09-28T12:37:48.745436772Z     ·     vote   33    YES to node 1          (seq 51)
2026-09-28T12:37:48.819441623Z     ·     apply  33        69.5 ms HE    1 dec  from node 1  (seq 51)
2026-09-28T12:37:49.197189668Z     ·     apply  34        69.6 ms HE    1 dec  from node 1  (seq 52)
2026-09-28T12:37:52.196463948Z     ·     vote   35    YES to node 1          (seq 53)
2026-09-28T12:37:53.838448002Z     ·     apply  35        69.5 ms HE    1 dec  from node 1  (seq 53)
2026-09-28T12:37:55.327981061Z     ·     apply  36        69.9 ms HE    1 dec  from node 1  (seq 54)
2026-09-28T12:37:55.333215061Z     ·     vote   39    YES to node 1          (seq 55)
2026-09-28T12:37:55.408499924Z     ·     apply  39        69.7 ms HE    1 dec  from node 1  (seq 55)
2026-09-28T12:37:55.563956983Z     ·     apply  30        69.6 ms HE    1 dec  from node 1  (seq 56)
2026-09-28T12:37:55.635374098Z c4  s26  local  21        69.2 ms HE    1 dec  0 frames
2026-09-28T12:38:00.042268745Z     ·     vote   31    YES to node 1          (seq 57)
2026-09-28T12:38:01.542762411Z     ·     vote   31    YES to node 1          (seq 57)
2026-09-28T12:38:01.616829191Z     ·     apply  31        69.5 ms HE    1 dec  from node 1  (seq 57)
2026-09-28T12:38:15.726377684Z     ·     apply  32        69.4 ms HE    1 dec  from node 1  (seq 58)
2026-09-28T12:38:06.583662211Z     ·     vote   35    YES to node 1          (seq 59)
2026-09-28T12:38:08.084081741Z     ·     vote   35    YES to node 1          (seq 59)
2026-09-28T12:38:09.582415875Z     ·     vote   35    YES to node 1          (seq 59)
2026-09-28T12:38:09.654463692Z     ·     apply  35        69.4 ms HE    1 dec  from node 1  (seq 59)
2026-09-28T12:38:11.284384229Z     ·     apply  36        69.6 ms HE    1 dec  from node 1  (seq 60)
2026-09-28T12:38:11.356531393Z c4  s34  local  22        69.5 ms HE    1 dec  0 frames
2026-09-28T12:38:11.370686354Z     ·     vote   33    YES to node 1          (seq 61)
2026-09-28T12:38:12.871290073Z     ·     vote   33    YES to node 1          (seq 61)
2026-09-28T12:38:12.943714469Z     ·     apply  33        69.5 ms HE    1 dec  from node 1  (seq 61)
2026-09-28T12:38:13.021327244Z     ·     apply  34        69.4 ms HE    1 dec  from node 1  (seq 62)
2026-09-28T12:38:14.524897179Z     ·     vote   37    YES to node 1          (seq 63)
2026-09-28T12:38:14.596884666Z     ·     apply  37        69.3 ms HE    1 dec  from node 1  (seq 63)
2026-09-28T12:38:16.234486348Z     ·     apply  38        69.4 ms HE    1 dec  from node 1  (seq 64)
2026-09-28T12:38:16.236873889Z -- cycle 4/5 done at 131713.1 ms --
2026-09-28T12:38:16.236936819Z 
2026-09-28T12:38:16.236944823Z -- cycle 5/5 --
2026-09-28T12:38:16.307187377Z c5  s0   local  21        69.6 ms HE    1 dec  0 frames
2026-09-28T12:38:16.695305876Z     ·     vote   31    YES to node 1          (seq 65)
2026-09-28T12:38:18.195783834Z     ·     vote   31    YES to node 1          (seq 65)
2026-09-28T12:38:18.270615680Z     ·     apply  31        69.8 ms HE    1 dec  from node 1  (seq 65)
2026-09-28T12:38:30.954509735Z     ·     apply  32        69.6 ms HE    1 dec  from node 1  (seq 66)
2026-09-28T12:38:19.992324632Z c5  s6   local  22        69.3 ms HE    1 dec  0 frames
2026-09-28T12:38:20.064989643Z     ·     vote   33    YES to node 1          (seq 67)
2026-09-28T12:38:20.137169723Z     ·     apply  33        69.6 ms HE    1 dec  from node 1  (seq 67)
2026-09-28T12:38:20.213449160Z     ·     apply  34        69.3 ms HE    1 dec  from node 1  (seq 68)
2026-09-28T12:38:23.217259340Z     ·     vote   35    YES to node 1          (seq 69)
2026-09-28T12:38:24.718081363Z     ·     vote   35    YES to node 1          (seq 69)
2026-09-28T12:38:26.219131658Z     ·     vote   35    YES to node 1          (seq 69)
2026-09-28T12:38:26.291639894Z     ·     apply  35        69.4 ms HE    1 dec  from node 1  (seq 69)
2026-09-28T12:38:26.507112722Z     ·     apply  36        69.4 ms HE    1 dec  from node 1  (seq 70)
2026-09-28T12:38:26.812959221Z     ·     vote   39    YES to node 1          (seq 71)
2026-09-28T12:38:28.315544386Z     ·     vote   39    YES to node 1          (seq 71)
2026-09-28T12:38:28.389607865Z     ·     apply  39        69.4 ms HE    1 dec  from node 1  (seq 71)
2026-09-28T12:38:28.542670681Z     ·     apply  30        69.3 ms HE    1 dec  from node 1  (seq 72)
2026-09-28T12:38:28.614419955Z c5  s26  local  21        69.5 ms HE    1 dec  0 frames
2026-09-28T12:38:31.671875292Z     ·     vote   31    YES to node 1          (seq 73)
2026-09-28T12:38:33.175411611Z     ·     vote   31    YES to node 1          (seq 73)
2026-09-28T12:38:33.249088905Z     ·     apply  31        69.3 ms HE    1 dec  from node 1  (seq 73)
2026-09-28T12:38:33.323611904Z     ·     apply  32        69.7 ms HE    1 dec  from node 1  (seq 74)
2026-09-28T12:38:33.466257044Z     ·     vote   35    YES to node 1          (seq 75)
2026-09-28T12:38:46.008647003Z     ·     vote   35    YES to node 1          (seq 75)
2026-09-28T12:38:35.030740626Z     ·     apply  35        70.3 ms HE    1 dec  from node 1  (seq 75)
2026-09-28T12:38:36.605091472Z     ·     apply  36        69.5 ms HE    1 dec  from node 1  (seq 76)
2026-09-28T12:38:36.676611136Z c5  s34  local  22        69.5 ms HE    1 dec  0 frames
2026-09-28T12:38:39.605743544Z     ·     vote   33    YES to node 1          (seq 77)
2026-09-28T12:38:39.679828933Z     ·     apply  33        69.3 ms HE    1 dec  from node 1  (seq 77)
2026-09-28T12:38:41.266516837Z     ·     apply  34        69.3 ms HE    1 dec  from node 1  (seq 78)
2026-09-28T12:38:44.271140106Z     ·     vote   37    YES to node 1          (seq 79)
2026-09-28T12:38:44.345597473Z     ·     apply  37        69.4 ms HE    1 dec  from node 1  (seq 79)
2026-09-28T12:38:44.422448884Z     ·     apply  38        69.4 ms HE    1 dec  from node 1  (seq 80)
2026-09-28T12:38:44.424954881Z -- cycle 5/5 done at 159907.0 ms --
2026-09-28T12:38:44.424995800Z 
2026-09-28T12:38:44.425003904Z ============================================================
2026-09-28T12:38:44.425008707Z   SUMMARY — node 2/7 — LOCAL MODULAR — UDP/IP multicast (RFC 1112)
2026-09-28T12:38:44.425013509Z ============================================================
2026-09-28T12:38:44.425017211Z   events this node FIRED:
2026-09-28T12:38:44.425021113Z   local (no network)     n=20   avg    73.19 ms  (HE   73.05 + net    0.00)  min   69.31  max   139.56  100.0%
2026-09-28T12:38:44.425025315Z   shared controllable          (none on this node)
2026-09-28T12:38:44.425029917Z   shared uncontroll.           (none on this node)
2026-09-28T12:38:44.425038821Z   events this node APPLIED for a peer (participant side):
2026-09-28T12:38:44.425082242Z   shared, applied        n=80   avg    69.48 ms  (HE   69.48 + net    0.00)  min   69.25  max    70.31
2026-09-28T12:38:44.425088245Z   run clock, end of cycles 1..5 (ms): 26140.1 62804.0 100603.5 131713.1 159907.0
2026-09-28T12:38:44.425092347Z      a cycle is over at the LATEST node's value; DES_WORK_MS 0 included
2026-09-28T12:38:44.425096148Z   ----------------------------------------------------------
2026-09-28T12:38:44.425100350Z   all events            n=20   avg    73.19 ms  (HE   73.05 + net    0.00)
2026-09-28T12:38:44.425104853Z   PEER-WAIT + WIRE      0.0 % of total step time
2026-09-28T12:38:44.425108955Z      (compare against the round-trip probe above: the excess is
2026-09-28T12:38:44.425113157Z       the peer's own HE work, not the link.)
2026-09-28T12:38:44.425117459Z   frames: tx=777 rx=4041 retransmits=0
2026-09-28T12:38:44.425121260Z   authentication: HMAC-SHA256/128, 7.8 us per frame; 0 rejected (bad tag), 0 stale/replayed dropped, 6 epoch challenges
2026-09-28T12:38:44.425125062Z   rx queue: peak 10/64 frames
2026-09-28T12:38:44.425128964Z   plant check: 0 event reports rejected as physically impossible
2026-09-28T12:38:44.425133466Z      (these supervisors carry the plant: an impossible uncontrollable event is caught)
2026-09-28T12:38:44.425137668Z   injected frame loss: 5 %
2026-09-28T12:38:44.425141470Z   ----------------------------------------------------------
2026-09-28T12:38:44.425145472Z   homomorphic vs cleartext oracle : PASS — every encrypted bit matched
2026-09-28T12:38:44.425149874Z      (PASS certifies the cryptography: each node's encrypted bits
2026-09-28T12:38:44.425153276Z       match its own clear model for the events it applied. It does
2026-09-28T12:38:44.425157278Z       not certify the distributed run — read the skips for that.)
2026-09-28T12:38:44.425161280Z   distributed vs MONOLITHIC sup.  : off — this header has no monolithic supervisor
2026-09-28T12:38:44.425165782Z   safe halt                       : no — ran to completion
2026-09-28T12:38:44.425170084Z ============================================================
2026-09-28T12:38:54.435634121Z @@RESULT {"node":2,"nodes":7,"family":"LOCAL MODULAR","data":"supervisor_data_fms.h","transport":"UDP/IP multicast (RFC 1112)","fingerprint":"04511541","supervisors":["S1"],"fired":{"local":20,"ctrl":0,"unctrl":0},"applied_for_peers":80,"skips":0,"impossible":0,"tx":778,"rx":4084,"retx":0,"auth_bad":0,"replays":0,"challenges":6,"mac_us":7.75,"rxq_peak":10,"rxq_drops":0,"sync_wait_ms":0.0,"oracle":"PASS","safe_halt":false,"halt_reason":"","cycle_end_ms":[26140.1,62804.0,100603.5,131713.1,159907.0],"rounds":5,"work_ms":0,"emu_scalarmul_ms":69.0,"loss_pct":5,"loss_seed":4220614427,"exit":0}
