2026-09-28T12:54:54.316279751Z des_container: node 2 of 2, LOCAL MODULAR, data supervisor_data_fms.h, transport UDP/IP multicast (RFC 1112)
2026-09-28T12:54:54.316348184Z des_container: EMULATING the ESP32 — every decryption takes at least 69.0 ms (DES_EMU_SCALARMUL_MS)
2026-09-28T12:54:54.316352586Z des_container: dropping 20 % of received frames, seed 391671846 (DES_LOSS_SEED to replay)
2026-09-28T12:54:54.316354887Z 
2026-09-28T12:54:54.316356588Z ============================================================
2026-09-28T12:54:54.316358288Z   Distributed Homomorphic DES — generic engine
2026-09-28T12:54:54.316362591Z   node 2/2   family LOCAL MODULAR   7 supervisors   31 events
2026-09-28T12:54:54.316364491Z   data: supervisor_data_fms.h
2026-09-28T12:54:54.316366092Z ============================================================
2026-09-28T12:54:54.317732745Z --- event routing (DERIVED from the header, not hardcoded) ---
2026-09-28T12:54:54.317759958Z   event  ctrl  nodes      owner  class
2026-09-28T12:54:54.317762559Z   11     yes   1          1      local — no network
2026-09-28T12:54:54.317764360Z   12     no    1          1      local — no network
2026-09-28T12:54:54.317765761Z   21     yes   1          1      local — no network
2026-09-28T12:54:54.317767061Z   22     no    1          1      local — no network
2026-09-28T12:54:54.317768262Z   30     no    1 2        1      SHARED — needs network
2026-09-28T12:54:54.317769563Z   31     yes   1 2        1      SHARED — needs network
2026-09-28T12:54:54.317770763Z   32     no    1 2        1      SHARED — needs network
2026-09-28T12:54:54.317771964Z   33     yes   1 2        1      SHARED — needs network
2026-09-28T12:54:54.317773164Z   34     no    1 2        1      SHARED — needs network
2026-09-28T12:54:54.317774465Z   35     yes   1 2        1      SHARED — needs network
2026-09-28T12:54:54.317775666Z   36     no    1 2        1      SHARED — needs network
2026-09-28T12:54:54.317776966Z   37     yes   1 2        1      SHARED — needs network
2026-09-28T12:54:54.317778267Z   38     no    1 2        1      SHARED — needs network
2026-09-28T12:54:54.317779467Z   39     yes   1 2        1      SHARED — needs network
2026-09-28T12:54:54.317780768Z   41     yes   1          1      local — no network
2026-09-28T12:54:54.317781969Z   42     no    1          1      local — no network
2026-09-28T12:54:54.317783169Z   51     yes   1          1      local — no network
2026-09-28T12:54:54.317784370Z   52     no    1          1      local — no network
2026-09-28T12:54:54.317785670Z   53     yes   1          1      local — no network
2026-09-28T12:54:54.317787071Z   54     no    1          1      local — no network
2026-09-28T12:54:54.317788272Z   61     yes   2          2      local — no network
2026-09-28T12:54:54.317789572Z   63     yes   2          2      local — no network
2026-09-28T12:54:54.317826390Z   64     no    2          2      local — no network
2026-09-28T12:54:54.317827890Z   65     yes   2          2      local — no network
2026-09-28T12:54:54.317829191Z   66     no    2          2      local — no network
2026-09-28T12:54:54.317830392Z   71     yes   2          2      local — no network
2026-09-28T12:54:54.317831692Z   72     no    2          2      local — no network
2026-09-28T12:54:54.317832993Z   73     yes   2          2      local — no network
2026-09-28T12:54:54.317834193Z   74     no    2          2      local — no network
2026-09-28T12:54:54.317835494Z   81     yes   2          2      local — no network
2026-09-28T12:54:54.317836895Z   82     no    2          2      local — no network
2026-09-28T12:54:54.317838195Z   => 10/31 events shared; 21/31 need ZERO network traffic; 21 concern this node
2026-09-28T12:54:54.317839796Z   NOTE controllability was INFERRED from event labels (the header
2026-09-28T12:54:54.317840997Z        does not carry it). Check the 'ctrl' column above; if it is
2026-09-28T12:54:54.317848900Z        wrong, set DES_CONTROLLABLE_MASK explicitly.
2026-09-28T12:54:54.317850401Z 
2026-09-28T12:54:54.317851602Z [init] config fingerprint edbd7971 — every node must print the same
2026-09-28T12:54:54.317857104Z 
2026-09-28T12:54:54.317973260Z [net] UDP multicast 239.192.7.1:5077  ttl=1  frame=44 B
2026-09-28T12:54:54.317981764Z --- crypto self-test ---
2026-09-28T12:54:54.321399296Z   Enc(0)->0 Enc(1)->1                PASS
2026-09-28T12:54:54.322671304Z   Enc(1)+Enc(1)->1 homomorphic OR   PASS
2026-09-28T12:54:54.323342425Z   Enc(0)+Enc(0)->0                  PASS
2026-09-28T12:54:54.323353430Z   curve secp192r1, ciphertext 50 B    PASS
2026-09-28T12:54:54.323675484Z   frame tag HMAC-SHA256/128: 2.7 us, 1-bit tamper caught  PASS
2026-09-28T12:54:54.323692192Z 
2026-09-28T12:54:54.323694993Z --- encrypting my supervisors' initial states ---
2026-09-28T12:54:54.323697394Z [load] S4         idx 4   44 states  15 constraining ev    2200 B ciphertext
2026-09-28T12:54:54.323733011Z [load] S5         idx 5   44 states  15 constraining ev    2200 B ciphertext
2026-09-28T12:54:54.323913197Z [load] S6         idx 6  164 states  21 constraining ev    8200 B ciphertext
2026-09-28T12:54:58.304640675Z [init] my keypair is mine alone; no ciphertext ever leaves this node
2026-09-28T12:54:58.304730918Z [init] my enablement: 11=1 12=1 21=1 22=1 30=0 31=1 32=0 33=1 34=0 35=1 36=0 37=1 38=0 39=1 41=1 42=1 51=1 52=1 53=1 54=1 61=0 63=0 64=0 65=0 66=0 71=0 72=0 73=0 74=0 81=0 82=0
2026-09-28T12:54:58.304741924Z 
2026-09-28T12:54:59.111283298Z [net] waiting for 1 peer(s).... all present.
2026-09-28T12:55:00.615111857Z 
2026-09-28T12:55:00.615165482Z ============================================================
2026-09-28T12:55:00.615168584Z   RUN — SIM_SEQ driver — 5 cycles x 44 steps — LOCAL MODULAR
2026-09-28T12:55:00.615170885Z   columns: cN sNN = cycle/step of MY walk; · = a peer caused this
2026-09-28T12:55:00.615172185Z   'done at': run clock, common to all nodes; a cycle is over at the
2026-09-28T12:55:00.615173486Z   LATEST node's print, machine time (DES_WORK_MS 0) included
2026-09-28T12:55:00.615174887Z ============================================================
2026-09-28T12:55:00.615176187Z 
2026-09-28T12:55:00.615177388Z -- cycle 1/5 --
2026-09-28T12:55:02.797103722Z     ·     vote   31    YES to node 1          (seq 1)
2026-09-28T12:55:04.297905735Z     ·     vote   31    YES to node 1          (seq 1)
2026-09-28T12:55:04.655165193Z     ·     apply  31       354.4 ms HE    5 dec  from node 1  (seq 1)
2026-09-28T12:55:05.223499179Z     ·     apply  32       563.7 ms HE    8 dec  from node 1  (seq 2)
2026-09-28T12:55:05.354107869Z     ·     vote   33    YES to node 1          (seq 3)
2026-09-28T12:55:05.717768385Z     ·     apply  33       360.6 ms HE    5 dec  from node 1  (seq 3)
2026-09-28T12:55:07.717339529Z     ·     apply  34       569.2 ms HE    8 dec  from node 1  (seq 4)
2026-09-28T12:55:09.223462583Z     ·     vote   35    YES to node 1          (seq 5)
2026-09-28T12:55:10.723103042Z     ·     vote   35    YES to node 1          (seq 5)
2026-09-28T12:55:11.089264652Z     ·     apply  35       363.2 ms HE    5 dec  from node 1  (seq 5)
2026-09-28T12:55:13.203294657Z     ·     apply  36       566.6 ms HE    8 dec  from node 1  (seq 6)
2026-09-28T12:55:13.208691935Z     ·     vote   39    YES to node 1          (seq 7)
2026-09-28T12:55:15.407432644Z     ·     apply  39       417.2 ms HE    6 dec  from node 1  (seq 7)
2026-09-28T12:55:15.687396379Z c1  s15  local  61       277.5 ms HE    4 dec  0 frames
2026-09-28T12:55:15.967099990Z     ·     apply  30       277.3 ms HE    4 dec  from node 1  (seq 8)
2026-09-28T12:55:16.039261260Z c1  s17  local  71        69.4 ms HE    1 dec  0 frames
2026-09-28T12:55:16.108651007Z c1  s18  local  72        69.3 ms HE    1 dec  0 frames
2026-09-28T12:55:16.177656870Z c1  s19  local  81        69.2 ms HE    1 dec  0 frames
2026-09-28T12:55:16.246939465Z c1  s20  local  82        69.2 ms HE    1 dec  0 frames
2026-09-28T12:55:16.316206353Z c1  s21  local  73        69.2 ms HE    1 dec  0 frames
2026-09-28T12:55:16.385644923Z c1  s22  local  74        69.3 ms HE    1 dec  0 frames
2026-09-28T12:55:16.662684761Z c1  s23  local  65       277.0 ms HE    4 dec  0 frames
2026-09-28T12:55:27.962974222Z c1  s24  local  66       277.1 ms HE    4 dec  0 frames
2026-09-28T12:55:27.965263816Z     ·     vote   31    YES to node 1          (seq 9)
2026-09-28T12:55:18.940911856Z     ·     apply  31       209.2 ms HE    3 dec  from node 1  (seq 9)
2026-09-28T12:55:33.029484230Z     ·     apply  32       278.8 ms HE    4 dec  from node 1  (seq 10)
2026-09-28T12:55:25.156272385Z     ·     vote   35    YES to node 1          (seq 11)
2026-09-28T12:55:25.368884847Z     ·     apply  35       209.3 ms HE    3 dec  from node 1  (seq 11)
2026-09-28T12:55:25.720749128Z     ·     apply  36       279.0 ms HE    4 dec  from node 1  (seq 12)
2026-09-28T12:55:26.070976527Z c1  s35  local  61       348.0 ms HE    5 dec  0 frames
2026-09-28T12:55:27.276970527Z     ·     vote   33    YES to node 1          (seq 13)
2026-09-28T12:55:27.490149360Z     ·     apply  33       209.5 ms HE    3 dec  from node 1  (seq 13)
2026-09-28T12:55:28.078124528Z     ·     apply  34       279.2 ms HE    4 dec  from node 1  (seq 14)
2026-09-28T12:55:29.720051555Z     ·     vote   37    YES to node 1          (seq 15)
2026-09-28T12:55:31.219043703Z     ·     vote   37    YES to node 1          (seq 15)
2026-09-28T12:55:31.432040449Z     ·     apply  37       208.0 ms HE    3 dec  from node 1  (seq 15)
2026-09-28T12:55:31.711914741Z     ·     apply  38       208.6 ms HE    3 dec  from node 1  (seq 16)
2026-09-28T12:55:31.923690203Z c1  s42  local  63       209.1 ms HE    3 dec  0 frames
2026-09-28T12:55:43.157439451Z c1  s43  local  64       208.2 ms HE    3 dec  0 frames
2026-09-28T12:55:43.157479270Z -- cycle 1/5 done at 30041.7 ms --
2026-09-28T12:55:43.157485072Z 
2026-09-28T12:55:43.157489274Z -- cycle 2/5 --
2026-09-28T12:55:33.506432070Z     ·     vote   31    YES to node 1          (seq 17)
2026-09-28T12:55:33.718831330Z     ·     apply  31       209.4 ms HE    3 dec  from node 1  (seq 17)
2026-09-28T12:55:33.999225170Z     ·     apply  32       208.4 ms HE    3 dec  from node 1  (seq 18)
2026-09-28T12:55:34.308385052Z     ·     vote   33    YES to node 1          (seq 19)
2026-09-28T12:55:34.523067002Z     ·     apply  33       208.9 ms HE    3 dec  from node 1  (seq 19)
2026-09-28T12:55:34.801918906Z     ·     apply  34       209.2 ms HE    3 dec  from node 1  (seq 20)
2026-09-28T12:55:34.873640467Z     ·     vote   35    YES to node 1          (seq 21)
2026-09-28T12:55:35.085611422Z     ·     apply  35       208.9 ms HE    3 dec  from node 1  (seq 21)
2026-09-28T12:55:37.272592431Z     ·     apply  36       208.4 ms HE    3 dec  from node 1  (seq 22)
2026-09-28T12:55:37.277421538Z     ·     vote   39    YES to node 1          (seq 23)
2026-09-28T12:55:39.269200584Z     ·     apply  39       208.9 ms HE    3 dec  from node 1  (seq 23)
2026-09-28T12:55:39.480480810Z c2  s15  local  61       208.7 ms HE    3 dec  0 frames
2026-09-28T12:55:42.966136082Z     ·     apply  30       209.5 ms HE    3 dec  from node 1  (seq 24)
2026-09-28T12:55:43.038828006Z c2  s17  local  71        69.9 ms HE    1 dec  0 frames
2026-09-28T12:55:43.109005629Z c2  s18  local  72        69.8 ms HE    1 dec  0 frames
2026-09-28T12:55:43.178634990Z c2  s19  local  81        69.5 ms HE    1 dec  0 frames
2026-09-28T12:55:43.248134489Z c2  s20  local  82        69.5 ms HE    1 dec  0 frames
2026-09-28T12:55:43.317662402Z c2  s21  local  73        69.5 ms HE    1 dec  0 frames
2026-09-28T12:55:43.387719467Z c2  s22  local  74        69.8 ms HE    1 dec  0 frames
2026-09-28T12:55:43.597439347Z c2  s23  local  65       209.3 ms HE    3 dec  0 frames
2026-09-28T12:55:43.805503437Z c2  s24  local  66       208.5 ms HE    3 dec  0 frames
2026-09-28T12:55:43.808196523Z     ·     vote   31    YES to node 1          (seq 25)
2026-09-28T12:55:44.020223206Z     ·     apply  31       208.9 ms HE    3 dec  from node 1  (seq 25)
2026-09-28T12:55:46.080955990Z     ·     apply  32       209.6 ms HE    3 dec  from node 1  (seq 26)
2026-09-28T12:55:46.086470324Z     ·     vote   35    YES to node 1          (seq 27)
2026-09-28T12:55:46.300534280Z     ·     apply  35       209.0 ms HE    3 dec  from node 1  (seq 27)
2026-09-28T12:55:49.860729446Z     ·     apply  36       208.9 ms HE    3 dec  from node 1  (seq 28)
2026-09-28T12:55:50.072738319Z c2  s35  local  61       208.7 ms HE    3 dec  0 frames
2026-09-28T12:55:50.075434807Z     ·     vote   33    YES to node 1          (seq 29)
2026-09-28T12:55:51.574794732Z     ·     vote   33    YES to node 1          (seq 29)
2026-09-28T12:55:53.571446128Z     ·     apply  33       209.0 ms HE    3 dec  from node 1  (seq 29)
2026-09-28T12:55:53.786435125Z     ·     apply  34       209.5 ms HE    3 dec  from node 1  (seq 30)
2026-09-28T12:55:55.501389336Z     ·     vote   37    YES to node 1          (seq 31)
2026-09-28T12:55:57.486333651Z     ·     apply  37       208.3 ms HE    3 dec  from node 1  (seq 31)
2026-09-28T12:55:57.701262019Z     ·     apply  38       209.2 ms HE    3 dec  from node 1  (seq 32)
2026-09-28T12:55:57.913188754Z c2  s42  local  63       209.2 ms HE    3 dec  0 frames
2026-09-28T12:55:58.122619896Z c2  s43  local  64       209.1 ms HE    3 dec  0 frames
2026-09-28T12:55:58.122706237Z -- cycle 2/5 done at 56042.6 ms --
2026-09-28T12:55:58.122720844Z 
2026-09-28T12:55:58.122730849Z -- cycle 3/5 --
2026-09-28T12:55:58.125818824Z     ·     vote   31    YES to node 1          (seq 33)
2026-09-28T12:55:59.628056323Z     ·     vote   31    YES to node 1          (seq 33)
2026-09-28T12:55:59.839736040Z     ·     apply  31       208.7 ms HE    3 dec  from node 1  (seq 33)
2026-09-28T12:56:00.121996572Z     ·     apply  32       209.4 ms HE    3 dec  from node 1  (seq 34)
2026-09-28T12:56:00.402440336Z     ·     vote   33    YES to node 1          (seq 35)
2026-09-28T12:56:03.403275420Z     ·     vote   33    YES to node 1          (seq 35)
2026-09-28T12:56:06.453311381Z     ·     vote   33    YES to node 1          (seq 35)
2026-09-28T12:56:06.665560470Z     ·     apply  33       209.1 ms HE    3 dec  from node 1  (seq 35)
2026-09-28T12:56:06.947022821Z     ·     apply  34       208.8 ms HE    3 dec  from node 1  (seq 36)
2026-09-28T12:56:08.515920748Z     ·     vote   35    YES to node 1          (seq 37)
2026-09-28T12:56:10.016024927Z     ·     vote   35    YES to node 1          (seq 37)
2026-09-28T12:56:10.227706645Z     ·     apply  35       209.0 ms HE    3 dec  from node 1  (seq 37)
2026-09-28T12:56:10.746241942Z     ·     apply  36       209.4 ms HE    3 dec  from node 1  (seq 38)
2026-09-28T12:56:10.818560688Z     ·     vote   39    YES to node 1          (seq 39)
2026-09-28T12:56:12.815012804Z     ·     apply  39       209.6 ms HE    3 dec  from node 1  (seq 39)
2026-09-28T12:56:13.025898041Z c3  s15  local  61       208.5 ms HE    3 dec  0 frames
2026-09-28T12:56:13.239009941Z     ·     apply  30       210.1 ms HE    3 dec  from node 1  (seq 40)
2026-09-28T12:56:13.311719774Z c3  s17  local  71        69.7 ms HE    1 dec  0 frames
2026-09-28T12:56:13.380879311Z c3  s18  local  72        69.5 ms HE    1 dec  0 frames
2026-09-28T12:56:13.450684355Z c3  s19  local  81        69.7 ms HE    1 dec  0 frames
2026-09-28T12:56:13.520375846Z c3  s20  local  82        69.7 ms HE    1 dec  0 frames
2026-09-28T12:56:13.589972792Z c3  s21  local  73        69.4 ms HE    1 dec  0 frames
2026-09-28T12:56:13.660181830Z c3  s22  local  74        69.5 ms HE    1 dec  0 frames
2026-09-28T12:56:13.868560970Z c3  s23  local  65       208.5 ms HE    3 dec  0 frames
2026-09-28T12:56:14.077711678Z c3  s24  local  66       208.9 ms HE    3 dec  0 frames
2026-09-28T12:56:15.020240111Z     ·     vote   31    YES to node 1          (seq 41)
2026-09-28T12:56:15.232982435Z     ·     apply  31       209.3 ms HE    3 dec  from node 1  (seq 41)
2026-09-28T12:56:15.512634422Z     ·     apply  32       208.9 ms HE    3 dec  from node 1  (seq 42)
2026-09-28T12:56:15.822152674Z     ·     vote   35    YES to node 1          (seq 43)
2026-09-28T12:56:16.034207970Z     ·     apply  35       209.1 ms HE    3 dec  from node 1  (seq 43)
2026-09-28T12:56:17.824093012Z     ·     apply  36       209.5 ms HE    3 dec  from node 1  (seq 44)
2026-09-28T12:56:18.034710321Z c3  s35  local  61       208.6 ms HE    3 dec  0 frames
2026-09-28T12:56:18.037343979Z     ·     vote   33    YES to node 1          (seq 45)
2026-09-28T12:56:18.249557850Z     ·     apply  33       209.1 ms HE    3 dec  from node 1  (seq 45)
2026-09-28T12:56:18.531371769Z     ·     apply  34       209.1 ms HE    3 dec  from node 1  (seq 46)
2026-09-28T12:56:18.743781334Z     ·     vote   37    YES to node 1          (seq 47)
2026-09-28T12:56:18.958596349Z     ·     apply  37       209.0 ms HE    3 dec  from node 1  (seq 47)
2026-09-28T12:56:19.238022627Z     ·     apply  38       209.2 ms HE    3 dec  from node 1  (seq 48)
2026-09-28T12:56:19.450576161Z c3  s42  local  63       209.4 ms HE    3 dec  0 frames
2026-09-28T12:56:19.659920962Z c3  s43  local  64       209.7 ms HE    3 dec  0 frames
2026-09-28T12:56:19.660004502Z -- cycle 3/5 done at 77578.3 ms --
2026-09-28T12:56:19.660015707Z 
2026-09-28T12:56:19.660022811Z -- cycle 4/5 --
2026-09-28T12:56:21.163782637Z     ·     vote   31    YES to node 1          (seq 49)
2026-09-28T12:56:21.374823648Z     ·     apply  31       208.8 ms HE    3 dec  from node 1  (seq 49)
2026-09-28T12:56:21.658852525Z     ·     apply  32       209.0 ms HE    3 dec  from node 1  (seq 50)
2026-09-28T12:56:23.435569887Z     ·     vote   33    YES to node 1          (seq 51)
2026-09-28T12:56:26.926115874Z     ·     apply  33       209.5 ms HE    3 dec  from node 1  (seq 51)
2026-09-28T12:56:28.923294867Z     ·     apply  34       209.0 ms HE    3 dec  from node 1  (seq 52)
2026-09-28T12:56:30.217514298Z     ·     vote   35    YES to node 1          (seq 53)
2026-09-28T12:56:30.428471769Z     ·     apply  35       208.3 ms HE    3 dec  from node 1  (seq 53)
2026-09-28T12:56:30.852773453Z     ·     apply  36       209.5 ms HE    3 dec  from node 1  (seq 54)
2026-09-28T12:56:32.419130493Z     ·     vote   39    YES to node 1          (seq 55)
2026-09-28T12:56:32.630661038Z     ·     apply  39       208.8 ms HE    3 dec  from node 1  (seq 55)
2026-09-28T12:56:32.842391379Z c4  s15  local  61       209.3 ms HE    3 dec  0 frames
2026-09-28T12:56:33.359956213Z     ·     apply  30       209.1 ms HE    3 dec  from node 1  (seq 56)
2026-09-28T12:56:33.432479256Z c4  s17  local  71        69.7 ms HE    1 dec  0 frames
2026-09-28T12:56:33.502336926Z c4  s18  local  72        69.7 ms HE    1 dec  0 frames
2026-09-28T12:56:33.572293943Z c4  s19  local  81        69.8 ms HE    1 dec  0 frames
2026-09-28T12:56:33.642227050Z c4  s20  local  82        69.6 ms HE    1 dec  0 frames
2026-09-28T12:56:33.712586859Z c4  s21  local  73        70.0 ms HE    1 dec  0 frames
2026-09-28T12:56:33.782567488Z c4  s22  local  74        69.7 ms HE    1 dec  0 frames
2026-09-28T12:56:33.991785629Z c4  s23  local  65       209.9 ms HE    3 dec  0 frames
2026-09-28T12:56:34.202151418Z c4  s24  local  66       209.3 ms HE    3 dec  0 frames
2026-09-28T12:56:34.205380961Z     ·     vote   31    YES to node 1          (seq 57)
2026-09-28T12:56:48.220173779Z     ·     vote   31    YES to node 1          (seq 57)
2026-09-28T12:56:40.254954356Z     ·     vote   31    YES to node 1          (seq 57)
2026-09-28T12:56:40.468592608Z     ·     apply  31       208.9 ms HE    3 dec  from node 1  (seq 57)
2026-09-28T12:56:40.747841901Z     ·     apply  32       208.5 ms HE    3 dec  from node 1  (seq 58)
2026-09-28T12:56:40.959782243Z     ·     vote   35    YES to node 1          (seq 59)
2026-09-28T12:56:41.171851945Z     ·     apply  35       208.8 ms HE    3 dec  from node 1  (seq 59)
2026-09-28T12:56:41.453700781Z     ·     apply  36       208.9 ms HE    3 dec  from node 1  (seq 60)
2026-09-28T12:56:41.665129678Z c4  s35  local  61       209.1 ms HE    3 dec  0 frames
2026-09-28T12:56:41.667955227Z     ·     vote   33    YES to node 1          (seq 61)
2026-09-28T12:56:41.882137639Z     ·     apply  33       208.9 ms HE    3 dec  from node 1  (seq 61)
2026-09-28T12:56:53.176491108Z     ·     apply  34       209.1 ms HE    3 dec  from node 1  (seq 62)
2026-09-28T12:56:42.364133078Z     ·     vote   37    YES to node 1          (seq 63)
2026-09-28T12:56:43.865269451Z     ·     vote   37    YES to node 1          (seq 63)
2026-09-28T12:56:44.078274800Z     ·     apply  37       208.9 ms HE    3 dec  from node 1  (seq 63)
2026-09-28T12:56:45.860290946Z     ·     apply  38       208.8 ms HE    3 dec  from node 1  (seq 64)
2026-09-28T12:56:46.071312548Z c4  s42  local  63       208.4 ms HE    3 dec  0 frames
2026-09-28T12:56:46.280863648Z c4  s43  local  64       209.0 ms HE    3 dec  0 frames
2026-09-28T12:56:46.281236026Z -- cycle 4/5 done at 104222.8 ms --
2026-09-28T12:56:46.281262038Z 
2026-09-28T12:56:46.281275344Z -- cycle 5/5 --
2026-09-28T12:56:46.285490058Z     ·     vote   31    YES to node 1          (seq 65)
2026-09-28T12:56:46.497470318Z     ·     apply  31       209.3 ms HE    3 dec  from node 1  (seq 65)
2026-09-28T12:56:46.779584080Z     ·     apply  32       209.4 ms HE    3 dec  from node 1  (seq 66)
2026-09-28T12:56:47.061635912Z     ·     vote   33    YES to node 1          (seq 67)
2026-09-28T12:56:58.295244337Z     ·     apply  33       208.8 ms HE    3 dec  from node 1  (seq 67)
2026-09-28T12:56:47.557451877Z     ·     apply  34       208.5 ms HE    3 dec  from node 1  (seq 68)
2026-09-28T12:56:47.628198172Z     ·     vote   35    YES to node 1          (seq 69)
2026-09-28T12:56:47.840272277Z     ·     apply  35       209.4 ms HE    3 dec  from node 1  (seq 69)
2026-09-28T12:56:49.762721705Z     ·     apply  36       209.3 ms HE    3 dec  from node 1  (seq 70)
2026-09-28T12:56:49.836762573Z     ·     vote   39    YES to node 1          (seq 71)
2026-09-28T12:56:50.047913437Z     ·     apply  39       208.9 ms HE    3 dec  from node 1  (seq 71)
2026-09-28T12:56:50.259459190Z c5  s15  local  61       209.0 ms HE    3 dec  0 frames
2026-09-28T12:57:03.271176486Z     ·     apply  30       210.0 ms HE    3 dec  from node 1  (seq 72)
2026-09-28T12:57:03.343632598Z c5  s17  local  71        69.9 ms HE    1 dec  0 frames
2026-09-28T12:57:03.413977100Z c5  s18  local  72        69.7 ms HE    1 dec  0 frames
2026-09-28T12:56:52.506775553Z c5  s19  local  81        69.3 ms HE    1 dec  0 frames
2026-09-28T12:56:52.576047943Z c5  s20  local  82        69.3 ms HE    1 dec  0 frames
2026-09-28T12:56:52.645898010Z c5  s21  local  73        69.6 ms HE    1 dec  0 frames
2026-09-28T12:56:52.716507939Z c5  s22  local  74        69.9 ms HE    1 dec  0 frames
2026-09-28T12:56:52.926343575Z c5  s23  local  65       209.6 ms HE    3 dec  0 frames
2026-09-28T12:56:53.135555413Z c5  s24  local  66       209.1 ms HE    3 dec  0 frames
2026-09-28T12:56:53.443406069Z     ·     vote   31    YES to node 1          (seq 73)
2026-09-28T12:56:54.942466350Z     ·     vote   31    YES to node 1          (seq 73)
2026-09-28T12:56:55.153786795Z     ·     apply  31       209.3 ms HE    3 dec  from node 1  (seq 73)
2026-09-28T12:56:55.436270734Z     ·     apply  32       209.0 ms HE    3 dec  from node 1  (seq 74)
2026-09-28T12:56:55.649645360Z     ·     vote   35    YES to node 1          (seq 75)
2026-09-28T12:56:55.861337182Z     ·     apply  35       208.7 ms HE    3 dec  from node 1  (seq 75)
2026-09-28T12:56:56.379576638Z     ·     apply  36       209.0 ms HE    3 dec  from node 1  (seq 76)
2026-09-28T12:56:56.592609401Z c5  s35  local  61       209.8 ms HE    3 dec  0 frames
2026-09-28T12:56:58.355578938Z     ·     vote   33    YES to node 1          (seq 77)
2026-09-28T12:56:59.855947044Z     ·     vote   33    YES to node 1          (seq 77)
2026-09-28T12:57:04.848566379Z     ·     apply  33       209.1 ms HE    3 dec  from node 1  (seq 77)
2026-09-28T12:57:05.664689330Z     ·     apply  34       208.1 ms HE    3 dec  from node 1  (seq 78)
2026-09-28T12:57:05.976055065Z     ·     vote   37    YES to node 1          (seq 79)
2026-09-28T12:57:06.188045230Z     ·     apply  37       208.8 ms HE    3 dec  from node 1  (seq 79)
2026-09-28T12:57:06.469536795Z     ·     apply  38       209.8 ms HE    3 dec  from node 1  (seq 80)
2026-09-28T12:57:06.681565678Z c5  s42  local  63       209.2 ms HE    3 dec  0 frames
2026-09-28T12:57:06.891969085Z c5  s43  local  64       209.4 ms HE    3 dec  0 frames
2026-09-28T12:57:06.892203397Z -- cycle 5/5 done at 124832.1 ms --
2026-09-28T12:57:06.892261825Z 
2026-09-28T12:57:06.892274931Z ============================================================
2026-09-28T12:57:06.892286637Z   SUMMARY — node 2/2 — LOCAL MODULAR — UDP/IP multicast (RFC 1112)
2026-09-28T12:57:06.892300243Z ============================================================
2026-09-28T12:57:06.892311949Z   events this node FIRED:
2026-09-28T12:57:06.892323254Z   local (no network)     n=60   avg   145.22 ms  (HE  145.04 + net    0.00)  min   69.26  max   348.28  100.0%
2026-09-28T12:57:06.892335660Z   shared controllable          (none on this node)
2026-09-28T12:57:06.892347766Z   shared uncontroll.           (none on this node)
2026-09-28T12:57:06.892357571Z   events this node APPLIED for a peer (participant side):
2026-09-28T12:57:06.892910235Z   shared, applied        n=80   avg   234.17 ms  (HE  234.17 + net    0.00)  min  207.97  max   569.23
2026-09-28T12:57:06.892932846Z   run clock, end of cycles 1..5 (ms): 30041.7 56042.6 77578.3 104222.8 124832.1
2026-09-28T12:57:06.892940649Z      a cycle is over at the LATEST node's value; DES_WORK_MS 0 included
2026-09-28T12:57:06.892947453Z   ----------------------------------------------------------
2026-09-28T12:57:06.892954256Z   all events            n=60   avg   145.22 ms  (HE  145.04 + net    0.00)
2026-09-28T12:57:06.892960959Z   PEER-WAIT + WIRE      0.0 % of total step time
2026-09-28T12:57:06.892968062Z      (compare against the round-trip probe above: the excess is
2026-09-28T12:57:06.892974866Z       the peer's own HE work, not the link.)
2026-09-28T12:57:06.892983270Z   frames: tx=559 rx=178 retransmits=0
2026-09-28T12:57:06.892991374Z   authentication: HMAC-SHA256/128, 2.7 us per frame; 0 rejected (bad tag), 0 stale/replayed dropped, 2 epoch challenges
2026-09-28T12:57:06.892998377Z   rx queue: peak 1/64 frames
2026-09-28T12:57:06.893004980Z   plant check: 0 event reports rejected as physically impossible
2026-09-28T12:57:06.893011883Z      (these supervisors carry the plant: an impossible uncontrollable event is caught)
2026-09-28T12:57:06.893018687Z   injected frame loss: 20 %
2026-09-28T12:57:06.893025490Z   ----------------------------------------------------------
2026-09-28T12:57:06.893032393Z   homomorphic vs cleartext oracle : PASS — every encrypted bit matched
2026-09-28T12:57:06.893039797Z      (PASS certifies the cryptography: each node's encrypted bits
2026-09-28T12:57:06.893046500Z       match its own clear model for the events it applied. It does
2026-09-28T12:57:06.893053203Z       not certify the distributed run — read the skips for that.)
2026-09-28T12:57:06.893059906Z   distributed vs MONOLITHIC sup.  : off — this header has no monolithic supervisor
2026-09-28T12:57:06.893066810Z   safe halt                       : no — ran to completion
2026-09-28T12:57:06.893073813Z ============================================================
2026-09-28T12:57:16.892333242Z @@RESULT {"node":2,"nodes":2,"family":"LOCAL MODULAR","data":"supervisor_data_fms.h","transport":"UDP/IP multicast (RFC 1112)","fingerprint":"edbd7971","supervisors":["S4","S5","S6"],"fired":{"local":60,"ctrl":0,"unctrl":0},"applied_for_peers":80,"skips":0,"impossible":0,"tx":559,"rx":178,"retx":0,"auth_bad":0,"replays":0,"challenges":2,"mac_us":2.69,"rxq_peak":1,"rxq_drops":0,"sync_wait_ms":0.0,"oracle":"PASS","safe_halt":false,"halt_reason":"","cycle_end_ms":[30041.7,56042.6,77578.3,104222.8,124832.1],"rounds":5,"work_ms":0,"emu_scalarmul_ms":69.0,"loss_pct":20,"loss_seed":391671846,"exit":0}
