2026-09-28T12:34:17.031171014Z des_container: node 3 of 7, LOCAL MODULAR, data supervisor_data_fms.h, transport UDP/IP multicast (RFC 1112)
2026-09-28T12:34:17.031567904Z des_container: EMULATING the ESP32 — every decryption takes at least 69.0 ms (DES_EMU_SCALARMUL_MS)
2026-09-28T12:34:17.031598319Z des_container: dropping 1 % of received frames, seed 939024249 (DES_LOSS_SEED to replay)
2026-09-28T12:34:17.031603621Z 
2026-09-28T12:34:17.031609224Z ============================================================
2026-09-28T12:34:17.031615327Z   Distributed Homomorphic DES — generic engine
2026-09-28T12:34:17.031618928Z   node 3/7   family LOCAL MODULAR   7 supervisors   31 events
2026-09-28T12:34:17.031622630Z   data: supervisor_data_fms.h
2026-09-28T12:34:17.031637837Z ============================================================
2026-09-28T12:34:17.041261635Z --- event routing (DERIVED from the header, not hardcoded) ---
2026-09-28T12:34:17.041327566Z   event  ctrl  nodes      owner  class
2026-09-28T12:34:17.041333669Z   11     yes   1          1      local — no network
2026-09-28T12:34:17.041338571Z   12     no    1          1      local — no network
2026-09-28T12:34:17.041342373Z   21     yes   2          2      local — no network
2026-09-28T12:34:17.041345975Z   22     no    2          2      local — no network
2026-09-28T12:34:17.041349477Z   30     no    1 2 3 4 5 6 7  1      SHARED — needs network
2026-09-28T12:34:17.041352978Z   31     yes   1 2 3 4 5 6 7  1      SHARED — needs network
2026-09-28T12:34:17.041356680Z   32     no    1 2 3 4 5 6 7  1      SHARED — needs network
2026-09-28T12:34:17.041361282Z   33     yes   1 2 3 4 5 6 7  1      SHARED — needs network
2026-09-28T12:34:17.041373588Z   34     no    1 2 3 4 5 6 7  1      SHARED — needs network
2026-09-28T12:34:17.041378490Z   35     yes   1 2 3 4 5 6 7  1      SHARED — needs network
2026-09-28T12:34:17.041381592Z   36     no    1 2 3 4 5 6 7  1      SHARED — needs network
2026-09-28T12:34:17.041385294Z   37     yes   1 2 3 4 5 6 7  1      SHARED — needs network
2026-09-28T12:34:17.041389996Z   38     no    1 2 3 4 5 6 7  1      SHARED — needs network
2026-09-28T12:34:17.041399000Z   39     yes   1 2 3 4 5 6 7  1      SHARED — needs network
2026-09-28T12:34:17.041405903Z   41     yes   3          3      local — no network
2026-09-28T12:34:17.041409605Z   42     no    3          3      local — no network
2026-09-28T12:34:17.041413607Z   51     yes   4          4      local — no network
2026-09-28T12:34:17.041417209Z   52     no    4          4      local — no network
2026-09-28T12:34:17.041421011Z   53     yes   4          4      local — no network
2026-09-28T12:34:17.041424712Z   54     no    4          4      local — no network
2026-09-28T12:34:17.041428614Z   61     yes   5 6 7      5      SHARED — needs network
2026-09-28T12:34:17.041452426Z   63     yes   5 6 7      5      SHARED — needs network
2026-09-28T12:34:17.041457528Z   64     no    5 6 7      5      SHARED — needs network
2026-09-28T12:34:17.041461430Z   65     yes   5 6 7      5      SHARED — needs network
2026-09-28T12:34:17.041465232Z   66     no    5 6 7      5      SHARED — needs network
2026-09-28T12:34:17.041469134Z   71     yes   7          7      local — no network
2026-09-28T12:34:17.041472935Z   72     no    7          7      local — no network
2026-09-28T12:34:17.041477037Z   73     yes   7          7      local — no network
2026-09-28T12:34:17.041480839Z   74     no    7          7      local — no network
2026-09-28T12:34:17.041484541Z   81     yes   7          7      local — no network
2026-09-28T12:34:17.041488443Z   82     no    7          7      local — no network
2026-09-28T12:34:17.041492345Z   => 15/31 events shared; 16/31 need ZERO network traffic; 12 concern this node
2026-09-28T12:34:17.041496747Z   NOTE controllability was INFERRED from event labels (the header
2026-09-28T12:34:17.041503150Z        does not carry it). Check the 'ctrl' column above; if it is
2026-09-28T12:34:17.041507552Z        wrong, set DES_CONTROLLABLE_MASK explicitly.
2026-09-28T12:34:17.041511354Z 
2026-09-28T12:34:17.041514856Z [init] config fingerprint 04511541 — every node must print the same
2026-09-28T12:34:17.041519158Z 
2026-09-28T12:34:17.042068120Z [net] UDP multicast 239.192.7.1:5077  ttl=1  frame=44 B
2026-09-28T12:34:17.042122846Z --- crypto self-test ---
2026-09-28T12:34:17.048665671Z   Enc(0)->0 Enc(1)->1                PASS
2026-09-28T12:34:17.050488842Z   Enc(1)+Enc(1)->1 homomorphic OR   PASS
2026-09-28T12:34:17.053252262Z   Enc(0)+Enc(0)->0                  PASS
2026-09-28T12:34:17.053444954Z   curve secp192r1, ciphertext 50 B    PASS
2026-09-28T12:34:17.054347786Z   frame tag HMAC-SHA256/128: 4.9 us, 1-bit tamper caught  PASS
2026-09-28T12:34:17.054369696Z 
2026-09-28T12:34:17.054374799Z --- encrypting my supervisors' initial states ---
2026-09-28T12:34:17.054671840Z [load] S2         idx 2   18 states  12 constraining ev     900 B ciphertext
2026-09-28T12:34:17.935102010Z [init] my keypair is mine alone; no ciphertext ever leaves this node
2026-09-28T12:34:17.935144030Z [init] my enablement: 11=1 12=1 21=1 22=1 30=0 31=1 32=0 33=1 34=0 35=0 36=0 37=1 38=0 39=1 41=0 42=0 51=1 52=1 53=1 54=1 61=1 63=1 64=1 65=1 66=1 71=1 72=1 73=1 74=1 81=1 82=1
2026-09-28T12:34:17.935149833Z 
2026-09-28T12:34:20.356313871Z [net] waiting for 6 peer(s)............ all present.
2026-09-28T12:34:21.863958053Z 
2026-09-28T12:34:21.864028687Z ============================================================
2026-09-28T12:34:21.864034790Z   RUN — SIM_SEQ driver — 5 cycles x 44 steps — LOCAL MODULAR
2026-09-28T12:34:21.864211774Z   columns: cN sNN = cycle/step of MY walk; · = a peer caused this
2026-09-28T12:34:21.864221779Z   'done at': run clock, common to all nodes; a cycle is over at the
2026-09-28T12:34:21.864225481Z   LATEST node's print, machine time (DES_WORK_MS 0) included
2026-09-28T12:34:21.864228682Z ============================================================
2026-09-28T12:34:21.864232384Z 
2026-09-28T12:34:21.864235886Z -- cycle 1/5 --
2026-09-28T12:34:23.093800832Z     ·     vote   31    YES to node 1          (seq 1)
2026-09-28T12:34:23.165562612Z     ·     apply  31        69.3 ms HE    1 dec  from node 1  (seq 1)
2026-09-28T12:34:26.241422064Z     ·     apply  32        70.3 ms HE    1 dec  from node 1  (seq 2)
2026-09-28T12:34:26.314031248Z c1  s5   local  41        69.5 ms HE    1 dec  0 frames
2026-09-28T12:34:26.382870032Z c1  s7   local  42        69.2 ms HE    1 dec  0 frames
2026-09-28T12:34:26.456125625Z     ·     vote   33    YES to node 1          (seq 3)
2026-09-28T12:34:26.527548343Z     ·     apply  33        69.3 ms HE    1 dec  from node 1  (seq 3)
2026-09-28T12:34:28.102712678Z     ·     apply  34        69.3 ms HE    1 dec  from node 1  (seq 4)
2026-09-28T12:34:28.254295887Z     ·     vote   35    YES to node 1          (seq 5)
2026-09-28T12:34:28.327297759Z     ·     apply  35        69.4 ms HE    1 dec  from node 1  (seq 5)
2026-09-28T12:34:28.539134450Z     ·     apply  36        69.3 ms HE    1 dec  from node 1  (seq 6)
2026-09-28T12:34:28.692848778Z     ·     vote   39    YES to node 1          (seq 7)
2026-09-28T12:34:28.766247039Z     ·     apply  39        69.3 ms HE    1 dec  from node 1  (seq 7)
2026-09-28T12:34:29.055454590Z     ·     apply  30        69.4 ms HE    1 dec  from node 1  (seq 8)
2026-09-28T12:34:29.766775424Z     ·     vote   31    YES to node 1          (seq 9)
2026-09-28T12:34:31.265266634Z     ·     vote   31    YES to node 1          (seq 9)
2026-09-28T12:34:31.337376179Z     ·     apply  31        69.6 ms HE    1 dec  from node 1  (seq 9)
2026-09-28T12:34:31.413987876Z     ·     apply  32        69.3 ms HE    1 dec  from node 1  (seq 10)
2026-09-28T12:34:31.486092719Z c1  s30  local  41        69.4 ms HE    1 dec  0 frames
2026-09-28T12:34:31.556067845Z c1  s31  local  42        69.3 ms HE    1 dec  0 frames
2026-09-28T12:34:31.559755807Z     ·     vote   35    YES to node 1          (seq 11)
2026-09-28T12:34:31.631855048Z     ·     apply  35        69.3 ms HE    1 dec  from node 1  (seq 11)
2026-09-28T12:34:31.707686872Z     ·     apply  36        69.2 ms HE    1 dec  from node 1  (seq 12)
2026-09-28T12:34:32.002661977Z     ·     vote   33    YES to node 1          (seq 13)
2026-09-28T12:34:32.076983880Z     ·     apply  33        69.3 ms HE    1 dec  from node 1  (seq 13)
2026-09-28T12:34:32.456113685Z     ·     apply  34        70.1 ms HE    1 dec  from node 1  (seq 14)
2026-09-28T12:34:32.832545202Z     ·     vote   37    YES to node 1          (seq 15)
2026-09-28T12:34:32.908648855Z     ·     apply  37        69.3 ms HE    1 dec  from node 1  (seq 15)
2026-09-28T12:34:34.561921922Z     ·     apply  38        69.3 ms HE    1 dec  from node 1  (seq 16)
2026-09-28T12:34:34.564672536Z -- cycle 1/5 done at 11703.3 ms --
2026-09-28T12:34:34.564741569Z 
2026-09-28T12:34:34.564747372Z -- cycle 2/5 --
2026-09-28T12:34:37.704813440Z     ·     vote   31    YES to node 1          (seq 17)
2026-09-28T12:34:37.778893327Z     ·     apply  31        69.3 ms HE    1 dec  from node 1  (seq 17)
2026-09-28T12:34:37.856114414Z     ·     apply  32        69.3 ms HE    1 dec  from node 1  (seq 18)
2026-09-28T12:34:37.929658045Z c2  s5   local  41        69.6 ms HE    1 dec  0 frames
2026-09-28T12:34:37.998115146Z c2  s7   local  42        69.5 ms HE    1 dec  0 frames
2026-09-28T12:34:38.000802130Z     ·     vote   33    YES to node 1          (seq 19)
2026-09-28T12:34:38.075759736Z     ·     apply  33        69.6 ms HE    1 dec  from node 1  (seq 19)
2026-09-28T12:34:39.643575227Z     ·     apply  34        69.8 ms HE    1 dec  from node 1  (seq 20)
2026-09-28T12:34:39.650262222Z     ·     vote   35    YES to node 1          (seq 21)
2026-09-28T12:34:39.727041298Z     ·     apply  35        69.5 ms HE    1 dec  from node 1  (seq 21)
2026-09-28T12:34:39.942600268Z     ·     apply  36        69.5 ms HE    1 dec  from node 1  (seq 22)
2026-09-28T12:34:39.948198742Z     ·     vote   39    YES to node 1          (seq 23)
2026-09-28T12:34:40.021209918Z     ·     apply  39        69.6 ms HE    1 dec  from node 1  (seq 23)
2026-09-28T12:34:41.748579059Z     ·     apply  30        69.6 ms HE    1 dec  from node 1  (seq 24)
2026-09-28T12:34:42.625008718Z     ·     vote   31    YES to node 1          (seq 25)
2026-09-28T12:34:42.697209408Z     ·     apply  31        69.3 ms HE    1 dec  from node 1  (seq 25)
2026-09-28T12:34:42.772184422Z     ·     apply  32        69.5 ms HE    1 dec  from node 1  (seq 26)
2026-09-28T12:34:42.843745506Z c2  s30  local  41        69.3 ms HE    1 dec  0 frames
2026-09-28T12:34:42.913011393Z c2  s31  local  42        69.3 ms HE    1 dec  0 frames
2026-09-28T12:34:42.916333380Z     ·     vote   35    YES to node 1          (seq 27)
2026-09-28T12:34:42.990064701Z     ·     apply  35        69.3 ms HE    1 dec  from node 1  (seq 27)
2026-09-28T12:34:43.066371351Z     ·     apply  36        69.3 ms HE    1 dec  from node 1  (seq 28)
2026-09-28T12:34:43.151836277Z     ·     vote   33    YES to node 1          (seq 29)
2026-09-28T12:34:43.223987142Z     ·     apply  33        69.4 ms HE    1 dec  from node 1  (seq 29)
2026-09-28T12:34:44.878158717Z     ·     apply  34        69.4 ms HE    1 dec  from node 1  (seq 30)
2026-09-28T12:34:45.023551369Z     ·     vote   37    YES to node 1          (seq 31)
2026-09-28T12:34:45.098467655Z     ·     apply  37        69.8 ms HE    1 dec  from node 1  (seq 31)
2026-09-28T12:34:45.173091202Z     ·     apply  38        69.3 ms HE    1 dec  from node 1  (seq 32)
2026-09-28T12:34:45.175502153Z -- cycle 2/5 done at 22317.4 ms --
2026-09-28T12:34:45.175513359Z 
2026-09-28T12:34:45.175516861Z -- cycle 3/5 --
2026-09-28T12:34:45.334952321Z     ·     vote   31    YES to node 1          (seq 33)
2026-09-28T12:34:45.406787135Z     ·     apply  31        69.3 ms HE    1 dec  from node 1  (seq 33)
2026-09-28T12:34:45.483097188Z     ·     apply  32        69.4 ms HE    1 dec  from node 1  (seq 34)
2026-09-28T12:34:45.554814046Z c3  s5   local  41        69.3 ms HE    1 dec  0 frames
2026-09-28T12:34:45.626233062Z c3  s7   local  42        70.3 ms HE    1 dec  0 frames
2026-09-28T12:34:45.628914943Z     ·     vote   33    YES to node 1          (seq 35)
2026-09-28T12:34:45.703689361Z     ·     apply  33        69.6 ms HE    1 dec  from node 1  (seq 35)
2026-09-28T12:34:45.781390578Z     ·     apply  34        69.5 ms HE    1 dec  from node 1  (seq 36)
2026-09-28T12:34:45.789570686Z     ·     vote   35    YES to node 1          (seq 37)
2026-09-28T12:34:45.862247803Z     ·     apply  35        69.7 ms HE    1 dec  from node 1  (seq 37)
2026-09-28T12:34:46.076196103Z     ·     apply  36        69.5 ms HE    1 dec  from node 1  (seq 38)
2026-09-28T12:34:46.080932666Z     ·     vote   39    YES to node 1          (seq 39)
2026-09-28T12:34:46.154922009Z     ·     apply  39        69.4 ms HE    1 dec  from node 1  (seq 39)
2026-09-28T12:34:47.728978815Z     ·     apply  30        69.5 ms HE    1 dec  from node 1  (seq 40)
2026-09-28T12:34:50.170522325Z     ·     vote   31    YES to node 1          (seq 41)
2026-09-28T12:34:50.245434310Z     ·     apply  31        69.7 ms HE    1 dec  from node 1  (seq 41)
2026-09-28T12:34:50.320837529Z     ·     apply  32        69.4 ms HE    1 dec  from node 1  (seq 42)
2026-09-28T12:34:50.392809109Z c3  s30  local  41        69.3 ms HE    1 dec  0 frames
2026-09-28T12:34:50.462224468Z c3  s31  local  42        69.3 ms HE    1 dec  0 frames
2026-09-28T12:34:50.464574190Z     ·     vote   35    YES to node 1          (seq 43)
2026-09-28T12:34:50.540009625Z     ·     apply  35        70.6 ms HE    1 dec  from node 1  (seq 43)
2026-09-28T12:34:50.618555245Z     ·     apply  36        69.2 ms HE    1 dec  from node 1  (seq 44)
2026-09-28T12:34:52.119591770Z     ·     vote   33    YES to node 1          (seq 45)
2026-09-28T12:34:52.191479009Z     ·     apply  33        69.4 ms HE    1 dec  from node 1  (seq 45)
2026-09-28T12:34:52.267158060Z     ·     apply  34        69.8 ms HE    1 dec  from node 1  (seq 46)
2026-09-28T12:34:53.771529278Z     ·     vote   37    YES to node 1          (seq 47)
2026-09-28T12:34:53.845072209Z     ·     apply  37        69.4 ms HE    1 dec  from node 1  (seq 47)
2026-09-28T12:34:53.921543138Z     ·     apply  38        69.3 ms HE    1 dec  from node 1  (seq 48)
2026-09-28T12:34:53.923820226Z -- cycle 3/5 done at 31078.8 ms --
2026-09-28T12:34:53.923864447Z 
2026-09-28T12:34:53.923869949Z -- cycle 4/5 --
2026-09-28T12:34:54.079194046Z     ·     vote   31    YES to node 1          (seq 49)
2026-09-28T12:34:54.151764512Z     ·     apply  31        69.5 ms HE    1 dec  from node 1  (seq 49)
2026-09-28T12:34:54.228343192Z     ·     apply  32        69.4 ms HE    1 dec  from node 1  (seq 50)
2026-09-28T12:35:05.343687575Z c4  s5   local  41        69.4 ms HE    1 dec  0 frames
2026-09-28T12:35:05.413312434Z c4  s7   local  42        69.4 ms HE    1 dec  0 frames
2026-09-28T12:35:05.416264544Z     ·     vote   33    YES to node 1          (seq 51)
2026-09-28T12:35:05.489939238Z     ·     apply  33        69.4 ms HE    1 dec  from node 1  (seq 51)
2026-09-28T12:35:05.564797296Z     ·     apply  34        69.5 ms HE    1 dec  from node 1  (seq 52)
2026-09-28T12:35:05.569941854Z     ·     vote   35    YES to node 1          (seq 53)
2026-09-28T12:34:54.595805738Z     ·     apply  35        69.7 ms HE    1 dec  from node 1  (seq 53)
2026-09-28T12:34:54.808266028Z     ·     apply  36        69.4 ms HE    1 dec  from node 1  (seq 54)
2026-09-28T12:34:54.821068043Z     ·     vote   39    YES to node 1          (seq 55)
2026-09-28T12:34:54.893237517Z     ·     apply  39        69.5 ms HE    1 dec  from node 1  (seq 55)
2026-09-28T12:35:10.511645977Z     ·     apply  30        69.3 ms HE    1 dec  from node 1  (seq 56)
2026-09-28T12:35:01.622529697Z     ·     vote   31    YES to node 1          (seq 57)
2026-09-28T12:35:01.693910195Z     ·     apply  31        69.4 ms HE    1 dec  from node 1  (seq 57)
2026-09-28T12:35:01.768604475Z     ·     apply  32        69.6 ms HE    1 dec  from node 1  (seq 58)
2026-09-28T12:35:01.841912493Z c4  s30  local  41        69.8 ms HE    1 dec  0 frames
2026-09-28T12:35:01.911011701Z c4  s31  local  42        69.4 ms HE    1 dec  0 frames
2026-09-28T12:35:01.913908885Z     ·     vote   35    YES to node 1          (seq 59)
2026-09-28T12:35:01.985834543Z     ·     apply  35        69.6 ms HE    1 dec  from node 1  (seq 59)
2026-09-28T12:35:02.060425974Z     ·     apply  36        69.4 ms HE    1 dec  from node 1  (seq 60)
2026-09-28T12:35:02.145912710Z     ·     vote   33    YES to node 1          (seq 61)
2026-09-28T12:35:03.644801109Z     ·     vote   33    YES to node 1          (seq 61)
2026-09-28T12:35:03.719988425Z     ·     apply  33        69.5 ms HE    1 dec  from node 1  (seq 61)
2026-09-28T12:35:03.794447293Z     ·     apply  34        69.4 ms HE    1 dec  from node 1  (seq 62)
2026-09-28T12:35:03.941200295Z     ·     vote   37    YES to node 1          (seq 63)
2026-09-28T12:35:04.015354718Z     ·     apply  37        69.4 ms HE    1 dec  from node 1  (seq 63)
2026-09-28T12:35:04.089371675Z     ·     apply  38        69.4 ms HE    1 dec  from node 1  (seq 64)
2026-09-28T12:35:04.091706090Z -- cycle 4/5 done at 41242.9 ms --
2026-09-28T12:35:04.091735904Z 
2026-09-28T12:35:04.091740206Z -- cycle 5/5 --
2026-09-28T12:35:05.723252149Z     ·     vote   31    YES to node 1          (seq 65)
2026-09-28T12:35:05.795964783Z     ·     apply  31        69.6 ms HE    1 dec  from node 1  (seq 65)
2026-09-28T12:35:05.872509948Z     ·     apply  32        69.4 ms HE    1 dec  from node 1  (seq 66)
2026-09-28T12:35:05.945082314Z c5  s5   local  41        69.9 ms HE    1 dec  0 frames
2026-09-28T12:35:06.014299879Z c5  s7   local  42        69.3 ms HE    1 dec  0 frames
2026-09-28T12:35:06.016911026Z     ·     vote   33    YES to node 1          (seq 67)
2026-09-28T12:35:06.092089138Z     ·     apply  33        69.9 ms HE    1 dec  from node 1  (seq 67)
2026-09-28T12:35:06.166534199Z     ·     apply  34        69.5 ms HE    1 dec  from node 1  (seq 68)
2026-09-28T12:35:06.175452459Z     ·     vote   35    YES to node 1          (seq 69)
2026-09-28T12:35:07.676358422Z     ·     vote   35    YES to node 1          (seq 69)
2026-09-28T12:35:07.750088742Z     ·     apply  35        69.7 ms HE    1 dec  from node 1  (seq 69)
2026-09-28T12:35:07.963178832Z     ·     apply  36        69.3 ms HE    1 dec  from node 1  (seq 70)
2026-09-28T12:35:07.970459710Z     ·     vote   39    YES to node 1          (seq 71)
2026-09-28T12:35:08.045864130Z     ·     apply  39        69.8 ms HE    1 dec  from node 1  (seq 71)
2026-09-28T12:35:08.196091692Z     ·     apply  30        69.4 ms HE    1 dec  from node 1  (seq 72)
2026-09-28T12:35:08.771997294Z     ·     vote   31    YES to node 1          (seq 73)
2026-09-28T12:35:08.843989884Z     ·     apply  31        69.7 ms HE    1 dec  from node 1  (seq 73)
2026-09-28T12:35:08.921579047Z     ·     apply  32        69.3 ms HE    1 dec  from node 1  (seq 74)
2026-09-28T12:35:08.993215667Z c5  s30  local  41        69.2 ms HE    1 dec  0 frames
2026-09-28T12:35:09.062742079Z c5  s31  local  42        69.5 ms HE    1 dec  0 frames
2026-09-28T12:35:09.067713854Z     ·     vote   35    YES to node 1          (seq 75)
2026-09-28T12:35:09.140840886Z     ·     apply  35        70.1 ms HE    1 dec  from node 1  (seq 75)
2026-09-28T12:35:10.785379580Z     ·     apply  36        69.6 ms HE    1 dec  from node 1  (seq 76)
2026-09-28T12:35:10.862803765Z     ·     vote   33    YES to node 1          (seq 77)
2026-09-28T12:35:10.936195623Z     ·     apply  33        69.4 ms HE    1 dec  from node 1  (seq 77)
2026-09-28T12:35:11.011738409Z     ·     apply  34        69.3 ms HE    1 dec  from node 1  (seq 78)
2026-09-28T12:35:12.659979852Z     ·     vote   37    YES to node 1          (seq 79)
2026-09-28T12:35:12.734075146Z     ·     apply  37        69.4 ms HE    1 dec  from node 1  (seq 79)
2026-09-28T12:35:12.811579069Z     ·     apply  38        69.6 ms HE    1 dec  from node 1  (seq 80)
2026-09-28T12:35:12.813480877Z -- cycle 5/5 done at 49974.8 ms --
2026-09-28T12:35:12.813535403Z 
2026-09-28T12:35:12.813548209Z ============================================================
2026-09-28T12:35:12.813553812Z   SUMMARY — node 3/7 — LOCAL MODULAR — UDP/IP multicast (RFC 1112)
2026-09-28T12:35:12.813559315Z ============================================================
2026-09-28T12:35:12.813563217Z   events this node FIRED:
2026-09-28T12:35:12.813566318Z   local (no network)     n=20   avg    69.62 ms  (HE   69.46 + net    0.00)  min   69.29  max    70.68  100.0%
2026-09-28T12:35:12.813569720Z   shared controllable          (none on this node)
2026-09-28T12:35:12.813573021Z   shared uncontroll.           (none on this node)
2026-09-28T12:35:12.813576723Z   events this node APPLIED for a peer (participant side):
2026-09-28T12:35:12.813580325Z   shared, applied        n=80   avg    69.50 ms  (HE   69.50 + net    0.00)  min   69.19  max    70.58
2026-09-28T12:35:12.813583826Z   run clock, end of cycles 1..5 (ms): 11703.3 22317.4 31078.8 41242.9 49974.8
2026-09-28T12:35:12.813588228Z      a cycle is over at the LATEST node's value; DES_WORK_MS 0 included
2026-09-28T12:35:12.813624846Z   ----------------------------------------------------------
2026-09-28T12:35:12.813640053Z   all events            n=20   avg    69.62 ms  (HE   69.46 + net    0.00)
2026-09-28T12:35:12.813645156Z   PEER-WAIT + WIRE      0.0 % of total step time
2026-09-28T12:35:12.813648557Z      (compare against the round-trip probe above: the excess is
2026-09-28T12:35:12.813653159Z       the peer's own HE work, not the link.)
2026-09-28T12:35:12.813656561Z   frames: tx=390 rx=2241 retransmits=0
2026-09-28T12:35:12.813660363Z   authentication: HMAC-SHA256/128, 4.9 us per frame; 0 rejected (bad tag), 0 stale/replayed dropped, 6 epoch challenges
2026-09-28T12:35:12.813664165Z   rx queue: peak 9/64 frames
2026-09-28T12:35:12.813667867Z   plant check: 0 event reports rejected as physically impossible
2026-09-28T12:35:12.813671868Z      (these supervisors carry the plant: an impossible uncontrollable event is caught)
2026-09-28T12:35:12.813675370Z   injected frame loss: 1 %
2026-09-28T12:35:12.813678872Z   ----------------------------------------------------------
2026-09-28T12:35:12.813683074Z   homomorphic vs cleartext oracle : PASS — every encrypted bit matched
2026-09-28T12:35:12.813687176Z      (PASS certifies the cryptography: each node's encrypted bits
2026-09-28T12:35:12.813718591Z       match its own clear model for the events it applied. It does
2026-09-28T12:35:12.813802631Z       not certify the distributed run — read the skips for that.)
2026-09-28T12:35:12.813813536Z   distributed vs MONOLITHIC sup.  : off — this header has no monolithic supervisor
2026-09-28T12:35:12.813820139Z   safe halt                       : no — ran to completion
2026-09-28T12:35:12.813825842Z ============================================================
2026-09-28T12:35:22.829434441Z @@RESULT {"node":3,"nodes":7,"family":"LOCAL MODULAR","data":"supervisor_data_fms.h","transport":"UDP/IP multicast (RFC 1112)","fingerprint":"04511541","supervisors":["S2"],"fired":{"local":20,"ctrl":0,"unctrl":0},"applied_for_peers":80,"skips":0,"impossible":0,"tx":390,"rx":2254,"retx":0,"auth_bad":0,"replays":0,"challenges":6,"mac_us":4.94,"rxq_peak":9,"rxq_drops":0,"sync_wait_ms":0.0,"oracle":"PASS","safe_halt":false,"halt_reason":"","cycle_end_ms":[11703.3,22317.4,31078.8,41242.9,49974.8],"rounds":5,"work_ms":0,"emu_scalarmul_ms":69.0,"loss_pct":1,"loss_seed":939024249,"exit":0}
