2026-09-28T00:12:13.275964284Z des_container: node 3 of 5, LOCAL MODULAR, data supervisor_data_fms.h, transport UDP/IP multicast (RFC 1112)
2026-09-28T00:12:13.276042194Z des_container: EMULATING the ESP32 — every decryption takes at least 69.0 ms (DES_EMU_SCALARMUL_MS)
2026-09-28T00:12:13.276047095Z 
2026-09-28T00:12:13.276049495Z ============================================================
2026-09-28T00:12:13.276051695Z   Distributed Homomorphic DES — generic engine
2026-09-28T00:12:13.276053796Z   node 3/5   family LOCAL MODULAR   7 supervisors   31 events
2026-09-28T00:12:13.276055696Z   data: supervisor_data_fms.h
2026-09-28T00:12:13.276057796Z ============================================================
2026-09-28T00:12:13.277655997Z --- event routing (DERIVED from the header, not hardcoded) ---
2026-09-28T00:12:13.277686501Z   event  ctrl  nodes      owner  class
2026-09-28T00:12:13.277690901Z   11     yes   1          1      local — no network
2026-09-28T00:12:13.277694402Z   12     no    1          1      local — no network
2026-09-28T00:12:13.277697102Z   21     yes   1          1      local — no network
2026-09-28T00:12:13.277699302Z   22     no    1          1      local — no network
2026-09-28T00:12:13.277701302Z   30     no    1 2 3 4 5  1      SHARED — needs network
2026-09-28T00:12:13.277703503Z   31     yes   1 2 3 4 5  1      SHARED — needs network
2026-09-28T00:12:13.277705703Z   32     no    1 2 3 4 5  1      SHARED — needs network
2026-09-28T00:12:13.277707603Z   33     yes   1 2 3 4 5  1      SHARED — needs network
2026-09-28T00:12:13.277710304Z   34     no    1 2 3 4 5  1      SHARED — needs network
2026-09-28T00:12:13.277712504Z   35     yes   1 2 3 4 5  1      SHARED — needs network
2026-09-28T00:12:13.277714604Z   36     no    1 2 3 4 5  1      SHARED — needs network
2026-09-28T00:12:13.277717204Z   37     yes   1 2 3 4 5  1      SHARED — needs network
2026-09-28T00:12:13.277720005Z   38     no    1 2 3 4 5  1      SHARED — needs network
2026-09-28T00:12:13.277722005Z   39     yes   1 2 3 4 5  1      SHARED — needs network
2026-09-28T00:12:13.277724205Z   41     yes   2          2      local — no network
2026-09-28T00:12:13.277726206Z   42     no    2          2      local — no network
2026-09-28T00:12:13.277728306Z   51     yes   3          3      local — no network
2026-09-28T00:12:13.277730306Z   52     no    3          3      local — no network
2026-09-28T00:12:13.277732506Z   53     yes   3          3      local — no network
2026-09-28T00:12:13.277735107Z   54     no    3          3      local — no network
2026-09-28T00:12:13.277737307Z   61     yes   3 4 5      3      SHARED — needs network
2026-09-28T00:12:13.277738707Z   63     yes   3 4 5      3      SHARED — needs network
2026-09-28T00:12:13.277740007Z   64     no    3 4 5      3      SHARED — needs network
2026-09-28T00:12:13.277767111Z   65     yes   3 4 5      3      SHARED — needs network
2026-09-28T00:12:13.277768711Z   66     no    3 4 5      3      SHARED — needs network
2026-09-28T00:12:13.277770011Z   71     yes   5          5      local — no network
2026-09-28T00:12:13.277771211Z   72     no    5          5      local — no network
2026-09-28T00:12:13.277772511Z   73     yes   5          5      local — no network
2026-09-28T00:12:13.277773812Z   74     no    5          5      local — no network
2026-09-28T00:12:13.277775012Z   81     yes   5          5      local — no network
2026-09-28T00:12:13.277776312Z   82     no    5          5      local — no network
2026-09-28T00:12:13.277777612Z   => 15/31 events shared; 16/31 need ZERO network traffic; 19 concern this node
2026-09-28T00:12:13.277779212Z   NOTE controllability was INFERRED from event labels (the header
2026-09-28T00:12:13.277781212Z        does not carry it). Check the 'ctrl' column above; if it is
2026-09-28T00:12:13.277782513Z        wrong, set DES_CONTROLLABLE_MASK explicitly.
2026-09-28T00:12:13.277783913Z 
2026-09-28T00:12:13.277785113Z [init] config fingerprint 6f43d6b9 — every node must print the same
2026-09-28T00:12:13.277786513Z 
2026-09-28T00:12:13.278020242Z [net] UDP multicast 239.192.7.1:5077  ttl=1  frame=44 B
2026-09-28T00:12:13.278031644Z --- crypto self-test ---
2026-09-28T00:12:13.281656099Z   Enc(0)->0 Enc(1)->1                PASS
2026-09-28T00:12:13.282811844Z   Enc(1)+Enc(1)->1 homomorphic OR   PASS
2026-09-28T00:12:13.283566939Z   Enc(0)+Enc(0)->0                  PASS
2026-09-28T00:12:13.283579741Z   curve secp192r1, ciphertext 50 B    PASS
2026-09-28T00:12:13.283718758Z   frame tag HMAC-SHA256/128: 1.6 us, 1-bit tamper caught  PASS
2026-09-28T00:12:13.283724759Z 
2026-09-28T00:12:13.283726359Z --- encrypting my supervisors' initial states ---
2026-09-28T00:12:13.283727659Z [load] S3         idx 3   21 states  14 constraining ev    1050 B ciphertext
2026-09-28T00:12:13.283728959Z [load] S4         idx 4   44 states  15 constraining ev    2200 B ciphertext
2026-09-28T00:12:15.375871690Z [init] my keypair is mine alone; no ciphertext ever leaves this node
2026-09-28T00:12:15.375964802Z [init] my enablement: 11=1 12=1 21=1 22=1 30=0 31=1 32=0 33=1 34=0 35=1 36=0 37=0 38=0 39=0 41=1 42=1 51=0 52=0 53=0 54=0 61=0 63=0 64=0 65=0 66=0 71=1 72=1 73=1 74=1 81=1 82=1
2026-09-28T00:12:15.375986505Z 
2026-09-28T00:12:27.253598633Z [net] waiting for 4 peer(s). all present.
2026-09-28T00:12:17.066963213Z 
2026-09-28T00:12:17.067031922Z ============================================================
2026-09-28T00:12:17.067048724Z   RUN — SIM_SEQ driver — 5 cycles x 44 steps — LOCAL MODULAR
2026-09-28T00:12:17.067098730Z   columns: cN sNN = cycle/step of MY walk; · = a peer caused this
2026-09-28T00:12:17.067112632Z   'done at': run clock, common to all nodes; a cycle is over at the
2026-09-28T00:12:17.067122933Z   LATEST node's print, machine time (DES_WORK_MS 0) included
2026-09-28T00:12:17.067132235Z ============================================================
2026-09-28T00:12:17.067141936Z 
2026-09-28T00:12:17.067151137Z -- cycle 1/5 --
2026-09-28T00:12:17.919591386Z     ·     vote   31    YES to node 1          (seq 1)
2026-09-28T00:12:18.071078910Z     ·     apply  31       146.4 ms HE    2 dec  from node 1  (seq 1)
2026-09-28T00:12:18.506475987Z     ·     apply  32       424.9 ms HE    6 dec  from node 1  (seq 2)
2026-09-28T00:12:18.512848087Z     ·     vote   33    YES to node 1          (seq 3)
2026-09-28T00:12:18.660303105Z     ·     apply  33       142.3 ms HE    2 dec  from node 1  (seq 3)
2026-09-28T00:12:18.893442382Z     ·     apply  34       214.2 ms HE    3 dec  from node 1  (seq 4)
2026-09-28T00:12:18.905460191Z     ·     vote   35    YES to node 1          (seq 5)
2026-09-28T00:12:19.050603619Z     ·     apply  35       140.3 ms HE    2 dec  from node 1  (seq 5)
2026-09-28T00:12:19.123597885Z c1  s11  local  53        69.9 ms HE    1 dec  0 frames
2026-09-28T00:12:19.193561671Z c1  s12  local  54        70.1 ms HE    1 dec  0 frames
2026-09-28T00:12:19.406726540Z     ·     apply  36       210.2 ms HE    3 dec  from node 1  (seq 6)
2026-09-28T00:12:19.421867942Z     ·     vote   39    YES to node 1          (seq 7)
2026-09-28T00:12:19.637257690Z     ·     apply  39       210.5 ms HE    3 dec  from node 1  (seq 7)
2026-09-28T00:12:19.716165400Z c1  s15  2pc    61        69.7 ms HE    1 dec  6 frames  + 6.0 ms peer-wait  (seq 1)
2026-09-28T00:12:19.930943271Z     ·     apply  30       139.5 ms HE    2 dec  from node 1  (seq 8)
2026-09-28T00:12:20.360090264Z c1  s23  2pc    65        69.8 ms HE    1 dec  6 frames  + 6.1 ms peer-wait  (seq 2)
2026-09-28T00:12:32.195904672Z c1  s24  notify 66        69.9 ms HE    1 dec  3 frames  + 2.0 ms peer-wait  (seq 3)
2026-09-28T00:12:32.273559824Z     ·     vote   31    YES to node 1          (seq 9)
2026-09-28T00:12:20.733068250Z     ·     apply  31       139.2 ms HE    2 dec  from node 1  (seq 9)
2026-09-28T00:12:20.875673659Z     ·     apply  32       138.4 ms HE    2 dec  from node 1  (seq 10)
2026-09-28T00:12:20.948997467Z     ·     vote   35    YES to node 1          (seq 11)
2026-09-28T00:12:21.091733391Z     ·     apply  35       138.4 ms HE    2 dec  from node 1  (seq 11)
2026-09-28T00:12:21.234868166Z     ·     apply  36       138.4 ms HE    2 dec  from node 1  (seq 12)
2026-09-28T00:12:21.313256310Z c1  s35  2pc    61        69.4 ms HE    1 dec  6 frames  + 4.7 ms peer-wait  (seq 4)
2026-09-28T00:12:21.455989535Z     ·     vote   33    YES to node 1          (seq 13)
2026-09-28T00:12:21.597616520Z     ·     apply  33       138.9 ms HE    2 dec  from node 1  (seq 13)
2026-09-28T00:12:21.740887212Z     ·     apply  34       138.8 ms HE    2 dec  from node 1  (seq 14)
2026-09-28T00:12:21.812744136Z c1  s38  local  51        69.5 ms HE    1 dec  0 frames
2026-09-28T00:12:21.882458391Z c1  s39  local  52        69.4 ms HE    1 dec  0 frames
2026-09-28T00:12:21.885187133Z     ·     vote   37    YES to node 1          (seq 15)
2026-09-28T00:12:22.027732234Z     ·     apply  37       139.4 ms HE    2 dec  from node 1  (seq 15)
2026-09-28T00:12:22.172150370Z     ·     apply  38       139.4 ms HE    2 dec  from node 1  (seq 16)
2026-09-28T00:12:22.251066680Z c1  s42  2pc    63        70.0 ms HE    1 dec  6 frames  + 6.6 ms peer-wait  (seq 5)
2026-09-28T00:12:22.325648246Z c1  s43  notify 64        69.6 ms HE    1 dec  3 frames  + 1.7 ms peer-wait  (seq 6)
2026-09-28T00:12:22.325749259Z -- cycle 1/5 done at 4777.3 ms --
2026-09-28T00:12:22.325768861Z 
2026-09-28T00:12:22.325780663Z -- cycle 2/5 --
2026-09-28T00:12:22.384978497Z     ·     vote   31    YES to node 1          (seq 17)
2026-09-28T00:12:22.526546175Z     ·     apply  31       139.3 ms HE    2 dec  from node 1  (seq 17)
2026-09-28T00:12:22.671650597Z     ·     apply  32       140.0 ms HE    2 dec  from node 1  (seq 18)
2026-09-28T00:12:22.745386257Z     ·     vote   33    YES to node 1          (seq 19)
2026-09-28T00:12:22.890484378Z     ·     apply  33       139.7 ms HE    2 dec  from node 1  (seq 19)
2026-09-28T00:12:23.034583574Z     ·     apply  34       139.2 ms HE    2 dec  from node 1  (seq 20)
2026-09-28T00:12:23.039140846Z     ·     vote   35    YES to node 1          (seq 21)
2026-09-28T00:12:23.183713002Z     ·     apply  35       139.5 ms HE    2 dec  from node 1  (seq 21)
2026-09-28T00:12:23.256046886Z c2  s11  local  53        69.7 ms HE    1 dec  0 frames
2026-09-28T00:12:23.326381718Z c2  s12  local  54        69.9 ms HE    1 dec  0 frames
2026-09-28T00:12:23.468921818Z     ·     apply  36       139.8 ms HE    2 dec  from node 1  (seq 22)
2026-09-28T00:12:23.474280091Z     ·     vote   39    YES to node 1          (seq 23)
2026-09-28T00:12:23.619197290Z     ·     apply  39       139.5 ms HE    2 dec  from node 1  (seq 23)
2026-09-28T00:12:23.695386058Z c2  s15  2pc    61        69.5 ms HE    1 dec  6 frames  + 4.3 ms peer-wait  (seq 7)
2026-09-28T00:12:23.840411170Z     ·     apply  30       139.3 ms HE    2 dec  from node 1  (seq 24)
2026-09-28T00:12:24.271199668Z c2  s23  2pc    65        70.2 ms HE    1 dec  6 frames  + 6.1 ms peer-wait  (seq 8)
2026-09-28T00:12:24.348132429Z c2  s24  notify 66        69.7 ms HE    1 dec  3 frames  + 1.9 ms peer-wait  (seq 9)
2026-09-28T00:12:24.354428220Z     ·     vote   31    YES to node 1          (seq 25)
2026-09-28T00:12:24.498785448Z     ·     apply  31       139.3 ms HE    2 dec  from node 1  (seq 25)
2026-09-28T00:12:24.643816461Z     ·     apply  32       140.1 ms HE    2 dec  from node 1  (seq 26)
2026-09-28T00:12:24.720055835Z     ·     vote   35    YES to node 1          (seq 27)
2026-09-28T00:12:24.860932327Z     ·     apply  35       138.9 ms HE    2 dec  from node 1  (seq 27)
2026-09-28T00:12:25.005230748Z     ·     apply  36       139.1 ms HE    2 dec  from node 1  (seq 28)
2026-09-28T00:12:25.083361359Z c2  s35  2pc    61        69.7 ms HE    1 dec  6 frames  + 5.8 ms peer-wait  (seq 10)
2026-09-28T00:12:25.091451375Z     ·     vote   33    YES to node 1          (seq 29)
2026-09-28T00:12:25.235271836Z     ·     apply  33       139.3 ms HE    2 dec  from node 1  (seq 29)
2026-09-28T00:12:25.380072720Z     ·     apply  34       139.3 ms HE    2 dec  from node 1  (seq 30)
2026-09-28T00:12:37.133241611Z c2  s38  local  51        69.4 ms HE    1 dec  0 frames
2026-09-28T00:12:37.203128888Z c2  s39  local  52        69.4 ms HE    1 dec  0 frames
2026-09-28T00:12:37.206713238Z     ·     vote   37    YES to node 1          (seq 31)
2026-09-28T00:12:25.666507749Z     ·     apply  37       140.0 ms HE    2 dec  from node 1  (seq 31)
2026-09-28T00:12:25.810210995Z     ·     apply  38       138.8 ms HE    2 dec  from node 1  (seq 32)
2026-09-28T00:12:25.888612841Z c2  s42  2pc    63        69.8 ms HE    1 dec  6 frames  + 5.6 ms peer-wait  (seq 11)
2026-09-28T00:12:25.962288693Z c2  s43  notify 64        69.6 ms HE    1 dec  3 frames  + 1.5 ms peer-wait  (seq 12)
2026-09-28T00:12:25.962345900Z -- cycle 2/5 done at 8417.3 ms --
2026-09-28T00:12:25.962361202Z 
2026-09-28T00:12:25.962370903Z -- cycle 3/5 --
2026-09-28T00:12:26.022674776Z     ·     vote   31    YES to node 1          (seq 33)
2026-09-28T00:12:26.166949494Z     ·     apply  31       139.6 ms HE    2 dec  from node 1  (seq 33)
2026-09-28T00:12:26.313980458Z     ·     apply  32       139.4 ms HE    2 dec  from node 1  (seq 34)
2026-09-28T00:12:26.391440686Z     ·     vote   33    YES to node 1          (seq 35)
2026-09-28T00:12:26.533893375Z     ·     apply  33       139.5 ms HE    2 dec  from node 1  (seq 35)
2026-09-28T00:12:26.679437552Z     ·     apply  34       139.8 ms HE    2 dec  from node 1  (seq 36)
2026-09-28T00:12:26.686918892Z     ·     vote   35    YES to node 1          (seq 37)
2026-09-28T00:12:26.829983858Z     ·     apply  35       139.4 ms HE    2 dec  from node 1  (seq 37)
2026-09-28T00:12:26.902222830Z c3  s11  local  53        69.8 ms HE    1 dec  0 frames
2026-09-28T00:12:26.971536334Z c3  s12  local  54        69.7 ms HE    1 dec  0 frames
2026-09-28T00:12:27.114390274Z     ·     apply  36       139.5 ms HE    2 dec  from node 1  (seq 38)
2026-09-28T00:12:27.119401803Z     ·     vote   39    YES to node 1          (seq 39)
2026-09-28T00:12:27.264352306Z     ·     apply  39       139.6 ms HE    2 dec  from node 1  (seq 39)
2026-09-28T00:12:27.342726748Z c3  s15  2pc    61        70.0 ms HE    1 dec  6 frames  + 6.0 ms peer-wait  (seq 13)
2026-09-28T00:12:27.489036622Z     ·     apply  30       140.1 ms HE    2 dec  from node 1  (seq 40)
2026-09-28T00:12:27.917731157Z c3  s23  2pc    65        70.0 ms HE    1 dec  6 frames  + 6.3 ms peer-wait  (seq 14)
2026-09-28T00:12:27.991303596Z c3  s24  notify 66        69.5 ms HE    1 dec  3 frames  + 1.6 ms peer-wait  (seq 15)
2026-09-28T00:12:27.996675271Z     ·     vote   31    YES to node 1          (seq 41)
2026-09-28T00:12:28.141074704Z     ·     apply  31       139.4 ms HE    2 dec  from node 1  (seq 41)
2026-09-28T00:12:28.285776076Z     ·     apply  32       139.5 ms HE    2 dec  from node 1  (seq 42)
2026-09-28T00:12:28.361881533Z     ·     vote   35    YES to node 1          (seq 43)
2026-09-28T00:12:28.504728772Z     ·     apply  35       139.7 ms HE    2 dec  from node 1  (seq 43)
2026-09-28T00:12:28.649879600Z     ·     apply  36       139.6 ms HE    2 dec  from node 1  (seq 44)
2026-09-28T00:12:28.728778508Z c3  s35  2pc    61        70.0 ms HE    1 dec  6 frames  + 6.0 ms peer-wait  (seq 16)
2026-09-28T00:12:28.735982113Z     ·     vote   33    YES to node 1          (seq 45)
2026-09-28T00:12:28.880915613Z     ·     apply  33       139.3 ms HE    2 dec  from node 1  (seq 45)
2026-09-28T00:12:29.025940526Z     ·     apply  34       139.4 ms HE    2 dec  from node 1  (seq 46)
2026-09-28T00:12:29.098130391Z c3  s38  local  51        69.6 ms HE    1 dec  0 frames
2026-09-28T00:12:29.168340808Z c3  s39  local  52        69.8 ms HE    1 dec  0 frames
2026-09-28T00:12:29.171305381Z     ·     vote   37    YES to node 1          (seq 47)
2026-09-28T00:12:29.313762970Z     ·     apply  37       139.5 ms HE    2 dec  from node 1  (seq 47)
2026-09-28T00:12:29.458941902Z     ·     apply  38       139.6 ms HE    2 dec  from node 1  (seq 48)
2026-09-28T00:12:29.537672389Z c3  s42  2pc    63        69.8 ms HE    1 dec  6 frames  + 6.2 ms peer-wait  (seq 17)
2026-09-28T00:12:29.614714064Z c3  s43  notify 64        70.0 ms HE    1 dec  3 frames  + 1.9 ms peer-wait  (seq 18)
2026-09-28T00:12:29.614770471Z -- cycle 3/5 done at 12070.0 ms --
2026-09-28T00:12:29.614781372Z 
2026-09-28T00:12:29.614788173Z -- cycle 4/5 --
2026-09-28T00:12:29.672298495Z     ·     vote   31    YES to node 1          (seq 49)
2026-09-28T00:12:29.814541058Z     ·     apply  31       139.3 ms HE    2 dec  from node 1  (seq 49)
2026-09-28T00:12:29.958374821Z     ·     apply  32       138.9 ms HE    2 dec  from node 1  (seq 50)
2026-09-28T00:12:30.033167313Z     ·     vote   33    YES to node 1          (seq 51)
2026-09-28T00:12:30.176080460Z     ·     apply  33       139.6 ms HE    2 dec  from node 1  (seq 51)
2026-09-28T00:12:30.319948827Z     ·     apply  34       139.4 ms HE    2 dec  from node 1  (seq 52)
2026-09-28T00:12:30.327156132Z     ·     vote   35    YES to node 1          (seq 53)
2026-09-28T00:12:42.153795566Z     ·     apply  35       139.6 ms HE    2 dec  from node 1  (seq 53)
2026-09-28T00:12:42.226365079Z c4  s11  local  53        69.7 ms HE    1 dec  0 frames
2026-09-28T00:12:42.296189348Z c4  s12  local  54        69.7 ms HE    1 dec  0 frames
2026-09-28T00:12:30.752691802Z     ·     apply  36       138.9 ms HE    2 dec  from node 1  (seq 54)
2026-09-28T00:12:30.756962839Z     ·     vote   39    YES to node 1          (seq 55)
2026-09-28T00:12:30.899778673Z     ·     apply  39       139.6 ms HE    2 dec  from node 1  (seq 55)
2026-09-28T00:12:30.977750665Z c4  s15  2pc    61        69.8 ms HE    1 dec  6 frames  + 6.0 ms peer-wait  (seq 19)
2026-09-28T00:12:31.122475040Z     ·     apply  30       139.3 ms HE    2 dec  from node 1  (seq 56)
2026-09-28T00:12:31.553772602Z c4  s23  2pc    65        69.9 ms HE    1 dec  6 frames  + 6.1 ms peer-wait  (seq 20)
2026-09-28T00:12:31.630277309Z c4  s24  notify 66        69.6 ms HE    1 dec  3 frames  + 1.7 ms peer-wait  (seq 21)
2026-09-28T00:12:31.638226107Z     ·     vote   31    YES to node 1          (seq 57)
2026-09-28T00:12:31.780882822Z     ·     apply  31       139.7 ms HE    2 dec  from node 1  (seq 57)
2026-09-28T00:12:31.926185569Z     ·     apply  32       139.5 ms HE    2 dec  from node 1  (seq 58)
2026-09-28T00:12:32.001698452Z     ·     vote   35    YES to node 1          (seq 59)
2026-09-28T00:12:32.143840902Z     ·     apply  35       139.4 ms HE    2 dec  from node 1  (seq 59)
2026-09-28T00:12:32.289279267Z     ·     apply  36       139.6 ms HE    2 dec  from node 1  (seq 60)
2026-09-28T00:12:32.365238506Z c4  s35  2pc    61        69.8 ms HE    1 dec  6 frames  + 4.4 ms peer-wait  (seq 22)
2026-09-28T00:12:32.371251561Z     ·     vote   33    YES to node 1          (seq 61)
2026-09-28T00:12:32.513844767Z     ·     apply  33       139.4 ms HE    2 dec  from node 1  (seq 61)
2026-09-28T00:12:32.658332512Z     ·     apply  34       139.3 ms HE    2 dec  from node 1  (seq 62)
2026-09-28T00:12:32.730143130Z c4  s38  local  51        69.6 ms HE    1 dec  0 frames
2026-09-28T00:12:32.799879088Z c4  s39  local  52        69.5 ms HE    1 dec  0 frames
2026-09-28T00:12:32.802597629Z     ·     vote   37    YES to node 1          (seq 63)
2026-09-28T00:12:32.947028267Z     ·     apply  37       139.3 ms HE    2 dec  from node 1  (seq 63)
2026-09-28T00:12:33.092202598Z     ·     apply  38       139.5 ms HE    2 dec  from node 1  (seq 64)
2026-09-28T00:12:33.169625420Z c4  s42  2pc    63        70.0 ms HE    1 dec  6 frames  + 4.7 ms peer-wait  (seq 23)
2026-09-28T00:12:33.244119875Z c4  s43  notify 64        69.7 ms HE    1 dec  3 frames  + 1.7 ms peer-wait  (seq 24)
2026-09-28T00:12:33.244211587Z -- cycle 4/5 done at 15699.8 ms --
2026-09-28T00:12:33.244231089Z 
2026-09-28T00:12:33.244241691Z -- cycle 5/5 --
2026-09-28T00:12:33.304164016Z     ·     vote   31    YES to node 1          (seq 65)
2026-09-28T00:12:33.449169325Z     ·     apply  31       139.5 ms HE    2 dec  from node 1  (seq 65)
2026-09-28T00:12:33.594248444Z     ·     apply  32       139.8 ms HE    2 dec  from node 1  (seq 66)
2026-09-28T00:12:33.670664041Z     ·     vote   33    YES to node 1          (seq 67)
2026-09-28T00:12:33.813024918Z     ·     apply  33       139.3 ms HE    2 dec  from node 1  (seq 67)
2026-09-28T00:12:33.958109738Z     ·     apply  34       139.9 ms HE    2 dec  from node 1  (seq 68)
2026-09-28T00:12:33.966479389Z     ·     vote   35    YES to node 1          (seq 69)
2026-09-28T00:12:34.109400137Z     ·     apply  35       139.9 ms HE    2 dec  from node 1  (seq 69)
2026-09-28T00:12:34.181578001Z c5  s11  local  53        69.6 ms HE    1 dec  0 frames
2026-09-28T00:12:34.251480079Z c5  s12  local  54        69.9 ms HE    1 dec  0 frames
2026-09-28T00:12:34.393909866Z     ·     apply  36       139.6 ms HE    2 dec  from node 1  (seq 70)
2026-09-28T00:12:34.399685791Z     ·     vote   39    YES to node 1          (seq 71)
2026-09-28T00:12:34.543834793Z     ·     apply  39       139.2 ms HE    2 dec  from node 1  (seq 71)
2026-09-28T00:12:34.621950603Z c5  s15  2pc    61        69.6 ms HE    1 dec  6 frames  + 5.7 ms peer-wait  (seq 25)
2026-09-28T00:12:34.767183941Z     ·     apply  30       139.3 ms HE    2 dec  from node 1  (seq 72)
2026-09-28T00:12:35.199856376Z c5  s23  2pc    65        70.3 ms HE    1 dec  6 frames  + 6.1 ms peer-wait  (seq 26)
2026-09-28T00:12:35.274016789Z c5  s24  notify 66        69.7 ms HE    1 dec  3 frames  + 1.9 ms peer-wait  (seq 27)
2026-09-28T00:12:35.281968588Z     ·     vote   31    YES to node 1          (seq 73)
2026-09-28T00:12:35.424991549Z     ·     apply  31       139.7 ms HE    2 dec  from node 1  (seq 73)
2026-09-28T00:12:47.254925360Z     ·     apply  32       140.1 ms HE    2 dec  from node 1  (seq 74)
2026-09-28T00:12:47.330833393Z     ·     vote   35    YES to node 1          (seq 75)
2026-09-28T00:12:35.795166034Z     ·     apply  35       139.0 ms HE    2 dec  from node 1  (seq 75)
2026-09-28T00:12:35.939903510Z     ·     apply  36       139.5 ms HE    2 dec  from node 1  (seq 76)
2026-09-28T00:12:36.020260101Z c5  s35  2pc    61        69.7 ms HE    1 dec  6 frames  + 7.8 ms peer-wait  (seq 28)
2026-09-28T00:12:36.028203199Z     ·     vote   33    YES to node 1          (seq 77)
2026-09-28T00:12:36.173774580Z     ·     apply  33       139.7 ms HE    2 dec  from node 1  (seq 77)
2026-09-28T00:12:36.317771863Z     ·     apply  34       139.1 ms HE    2 dec  from node 1  (seq 78)
2026-09-28T00:12:36.389903521Z c5  s38  local  51        69.6 ms HE    1 dec  0 frames
2026-09-28T00:12:36.459688785Z c5  s39  local  52        69.5 ms HE    1 dec  0 frames
2026-09-28T00:12:36.462353119Z     ·     vote   37    YES to node 1          (seq 79)
2026-09-28T00:12:36.605355478Z     ·     apply  37       139.8 ms HE    2 dec  from node 1  (seq 79)
2026-09-28T00:12:36.750658325Z     ·     apply  38       139.8 ms HE    2 dec  from node 1  (seq 80)
2026-09-28T00:12:36.830018691Z c5  s42  2pc    63        70.0 ms HE    1 dec  6 frames  + 6.5 ms peer-wait  (seq 29)
2026-09-28T00:12:36.904578454Z c5  s43  notify 64        69.7 ms HE    1 dec  3 frames  + 2.2 ms peer-wait  (seq 30)
2026-09-28T00:12:36.904644362Z -- cycle 5/5 done at 19353.3 ms --
2026-09-28T00:12:36.904655864Z 
2026-09-28T00:12:36.904662765Z ============================================================
2026-09-28T00:12:36.904669665Z   SUMMARY — node 3/5 — LOCAL MODULAR — UDP/IP multicast (RFC 1112)
2026-09-28T00:12:36.904677967Z ============================================================
2026-09-28T00:12:36.904684867Z   events this node FIRED:
2026-09-28T00:12:36.904691468Z   local (no network)     n=20   avg    69.83 ms  (HE   69.66 + net    0.00)  min   69.50  max    70.21   38.5%
2026-09-28T00:12:36.904698769Z   shared controllable    n=20   avg    75.87 ms  (HE   69.85 + net    5.86)  min   73.94  max    77.82   41.8%
2026-09-28T00:12:36.904705670Z   shared uncontroll.     n=10   avg    71.67 ms  (HE   69.69 + net    1.81)  min   71.22  max    72.17   19.7%
2026-09-28T00:12:36.904712671Z   events this node APPLIED for a peer (participant side):
2026-09-28T00:12:36.904719172Z   shared, applied        n=80   avg   145.83 ms  (HE  145.83 + net    0.00)  min  138.41  max   424.90
2026-09-28T00:12:36.904725973Z   sync-wait (peers reaching a shared step): n=30 avg 62.18 ms, 1.9 s total
2026-09-28T00:12:36.904734574Z      not protocol cost — the plant catching up; kept out of the rows above
2026-09-28T00:12:36.904741775Z   run clock, end of cycles 1..5 (ms): 4777.3 8417.3 12070.0 15699.8 19353.3
2026-09-28T00:12:36.904748475Z      a cycle is over at the LATEST node's value; DES_WORK_MS 0 included
2026-09-28T00:12:36.904755076Z   ----------------------------------------------------------
2026-09-28T00:12:36.904761677Z   all events            n=50   avg    72.61 ms  (HE   69.74 + net    2.70)
2026-09-28T00:12:36.904768278Z   PEER-WAIT + WIRE      3.7 % of total step time
2026-09-28T00:12:36.904774779Z      (compare against the round-trip probe above: the excess is
2026-09-28T00:12:36.904781279Z       the peer's own HE work, not the link.)
2026-09-28T00:12:36.904788480Z   frames: tx=286 rx=1044 retransmits=0
2026-09-28T00:12:36.904795481Z   authentication: HMAC-SHA256/128, 1.6 us per frame; 0 rejected (bad tag), 0 stale/replayed dropped, 4 epoch challenges
2026-09-28T00:12:36.904802582Z   rx queue: peak 6/64 frames
2026-09-28T00:12:36.904808983Z   plant check: 0 event reports rejected as physically impossible
2026-09-28T00:12:36.904815584Z      (these supervisors carry the plant: an impossible uncontrollable event is caught)
2026-09-28T00:12:36.904855789Z   ----------------------------------------------------------
2026-09-28T00:12:36.904863790Z   homomorphic vs cleartext oracle : PASS — every encrypted bit matched
2026-09-28T00:12:36.904870591Z      (PASS certifies the cryptography: each node's encrypted bits
2026-09-28T00:12:36.904877192Z       match its own clear model for the events it applied. It does
2026-09-28T00:12:36.904886593Z       not certify the distributed run — read the skips for that.)
2026-09-28T00:12:36.904893794Z   distributed vs MONOLITHIC sup.  : off — this header has no monolithic supervisor
2026-09-28T00:12:36.904900694Z   safe halt                       : no — ran to completion
2026-09-28T00:12:36.904907495Z ============================================================
2026-09-28T00:12:46.904133780Z @@RESULT {"node":3,"nodes":5,"family":"LOCAL MODULAR","data":"supervisor_data_fms.h","transport":"UDP/IP multicast (RFC 1112)","fingerprint":"6f43d6b9","supervisors":["S3","S4"],"fired":{"local":20,"ctrl":20,"unctrl":10},"applied_for_peers":80,"skips":0,"impossible":0,"tx":286,"rx":1044,"retx":0,"auth_bad":0,"replays":0,"challenges":4,"mac_us":1.55,"rxq_peak":6,"rxq_drops":0,"sync_wait_ms":1865.5,"oracle":"PASS","safe_halt":false,"halt_reason":"","cycle_end_ms":[4777.3,8417.3,12070.0,15699.8,19353.3],"rounds":5,"work_ms":0,"emu_scalarmul_ms":69.0,"exit":0}
