2026-09-28T00:07:53.690416840Z des_container: node 5 of 7, LOCAL MODULAR, data supervisor_data_fms.h, transport UDP/IP multicast (RFC 1112)
2026-09-28T00:07:53.690500751Z des_container: EMULATING the ESP32 — every decryption takes at least 69.0 ms (DES_EMU_SCALARMUL_MS)
2026-09-28T00:07:53.690504852Z 
2026-09-28T00:07:53.690506352Z ============================================================
2026-09-28T00:07:53.690507652Z   Distributed Homomorphic DES — generic engine
2026-09-28T00:07:53.690508952Z   node 5/7   family LOCAL MODULAR   7 supervisors   31 events
2026-09-28T00:07:53.690511052Z   data: supervisor_data_fms.h
2026-09-28T00:07:53.690512352Z ============================================================
2026-09-28T00:07:53.691282049Z --- event routing (DERIVED from the header, not hardcoded) ---
2026-09-28T00:07:53.691299451Z   event  ctrl  nodes      owner  class
2026-09-28T00:07:53.691301352Z   11     yes   1          1      local — no network
2026-09-28T00:07:53.691303452Z   12     no    1          1      local — no network
2026-09-28T00:07:53.691304752Z   21     yes   2          2      local — no network
2026-09-28T00:07:53.691306052Z   22     no    2          2      local — no network
2026-09-28T00:07:53.691307352Z   30     no    1 2 3 4 5 6 7  1      SHARED — needs network
2026-09-28T00:07:53.691308652Z   31     yes   1 2 3 4 5 6 7  1      SHARED — needs network
2026-09-28T00:07:53.691309853Z   32     no    1 2 3 4 5 6 7  1      SHARED — needs network
2026-09-28T00:07:53.691311153Z   33     yes   1 2 3 4 5 6 7  1      SHARED — needs network
2026-09-28T00:07:53.691312353Z   34     no    1 2 3 4 5 6 7  1      SHARED — needs network
2026-09-28T00:07:53.691313653Z   35     yes   1 2 3 4 5 6 7  1      SHARED — needs network
2026-09-28T00:07:53.691314853Z   36     no    1 2 3 4 5 6 7  1      SHARED — needs network
2026-09-28T00:07:53.691316353Z   37     yes   1 2 3 4 5 6 7  1      SHARED — needs network
2026-09-28T00:07:53.691317654Z   38     no    1 2 3 4 5 6 7  1      SHARED — needs network
2026-09-28T00:07:53.691319354Z   39     yes   1 2 3 4 5 6 7  1      SHARED — needs network
2026-09-28T00:07:53.691320654Z   41     yes   3          3      local — no network
2026-09-28T00:07:53.691321954Z   42     no    3          3      local — no network
2026-09-28T00:07:53.691323154Z   51     yes   4          4      local — no network
2026-09-28T00:07:53.691325055Z   52     no    4          4      local — no network
2026-09-28T00:07:53.691327055Z   53     yes   4          4      local — no network
2026-09-28T00:07:53.691329155Z   54     no    4          4      local — no network
2026-09-28T00:07:53.691331255Z   61     yes   5 6 7      5      SHARED — needs network
2026-09-28T00:07:53.691333356Z   63     yes   5 6 7      5      SHARED — needs network
2026-09-28T00:07:53.691335456Z   64     no    5 6 7      5      SHARED — needs network
2026-09-28T00:07:53.691348658Z   65     yes   5 6 7      5      SHARED — needs network
2026-09-28T00:07:53.691350258Z   66     no    5 6 7      5      SHARED — needs network
2026-09-28T00:07:53.691351458Z   71     yes   7          7      local — no network
2026-09-28T00:07:53.691352758Z   72     no    7          7      local — no network
2026-09-28T00:07:53.691354058Z   73     yes   7          7      local — no network
2026-09-28T00:07:53.691355358Z   74     no    7          7      local — no network
2026-09-28T00:07:53.691356659Z   81     yes   7          7      local — no network
2026-09-28T00:07:53.691357859Z   82     no    7          7      local — no network
2026-09-28T00:07:53.691363159Z   => 15/31 events shared; 16/31 need ZERO network traffic; 15 concern this node
2026-09-28T00:07:53.691364760Z   NOTE controllability was INFERRED from event labels (the header
2026-09-28T00:07:53.691366560Z        does not carry it). Check the 'ctrl' column above; if it is
2026-09-28T00:07:53.691367860Z        wrong, set DES_CONTROLLABLE_MASK explicitly.
2026-09-28T00:07:53.691369160Z 
2026-09-28T00:07:53.691370360Z [init] config fingerprint 04511541 — every node must print the same
2026-09-28T00:07:53.691371760Z 
2026-09-28T00:07:53.691502077Z [net] UDP multicast 239.192.7.1:5077  ttl=1  frame=44 B
2026-09-28T00:07:53.691510078Z --- crypto self-test ---
2026-09-28T00:07:53.693820068Z   Enc(0)->0 Enc(1)->1                PASS
2026-09-28T00:07:53.694571462Z   Enc(1)+Enc(1)->1 homomorphic OR   PASS
2026-09-28T00:07:53.695333858Z   Enc(0)+Enc(0)->0                  PASS
2026-09-28T00:07:53.695346060Z   curve secp192r1, ciphertext 50 B    PASS
2026-09-28T00:07:53.695349360Z   frame tag HMAC-SHA256/128: 1.4 us, 1-bit tamper caught  PASS
2026-09-28T00:07:53.695351660Z 
2026-09-28T00:07:53.695353560Z --- encrypting my supervisors' initial states ---
2026-09-28T00:07:53.695355661Z [load] S4         idx 4   44 states  15 constraining ev    2200 B ciphertext
2026-09-28T00:07:54.778374866Z [init] my keypair is mine alone; no ciphertext ever leaves this node
2026-09-28T00:07:54.778404870Z [init] my enablement: 11=1 12=1 21=1 22=1 30=0 31=1 32=0 33=1 34=0 35=1 36=0 37=1 38=0 39=1 41=1 42=1 51=1 52=1 53=1 54=1 61=0 63=0 64=0 65=0 66=0 71=1 72=1 73=1 74=1 81=1 82=1
2026-09-28T00:07:54.778407370Z 
2026-09-28T00:07:55.773052779Z [net] waiting for 6 peer(s)..... all present.
2026-09-28T00:07:57.278931787Z 
2026-09-28T00:07:57.278972992Z ============================================================
2026-09-28T00:07:57.278977392Z   RUN — SIM_SEQ driver — 5 cycles x 44 steps — LOCAL MODULAR
2026-09-28T00:07:57.278980693Z   columns: cN sNN = cycle/step of MY walk; · = a peer caused this
2026-09-28T00:07:57.279005596Z   'done at': run clock, common to all nodes; a cycle is over at the
2026-09-28T00:07:57.279008696Z   LATEST node's print, machine time (DES_WORK_MS 0) included
2026-09-28T00:07:57.279010997Z ============================================================
2026-09-28T00:07:57.279012897Z 
2026-09-28T00:07:57.279014697Z -- cycle 1/5 --
2026-09-28T00:07:58.133584514Z     ·     vote   31    YES to node 1          (seq 1)
2026-09-28T00:07:58.205847289Z     ·     apply  31        70.0 ms HE    1 dec  from node 1  (seq 1)
2026-09-28T00:07:58.419780854Z     ·     apply  32       139.2 ms HE    2 dec  from node 1  (seq 2)
2026-09-28T00:07:58.560562034Z     ·     vote   33    YES to node 1          (seq 3)
2026-09-28T00:07:58.635110895Z     ·     apply  33        70.1 ms HE    1 dec  from node 1  (seq 3)
2026-09-28T00:07:58.851847413Z     ·     apply  34       140.1 ms HE    2 dec  from node 1  (seq 4)
2026-09-28T00:07:58.930048034Z     ·     vote   35    YES to node 1          (seq 5)
2026-09-28T00:07:59.005418899Z     ·     apply  35        70.4 ms HE    1 dec  from node 1  (seq 5)
2026-09-28T00:07:59.292606364Z     ·     apply  36       140.6 ms HE    2 dec  from node 1  (seq 6)
2026-09-28T00:07:59.378101400Z     ·     vote   39    YES to node 1          (seq 7)
2026-09-28T00:07:59.521977368Z     ·     apply  39       140.6 ms HE    2 dec  from node 1  (seq 7)
2026-09-28T00:07:59.601696979Z c1  s15  2pc    61        69.5 ms HE    1 dec  6 frames  + 5.9 ms peer-wait  (seq 1)
2026-09-28T00:07:59.746802001Z     ·     apply  30        69.3 ms HE    1 dec  from node 1  (seq 8)
2026-09-28T00:08:00.252214991Z c1  s23  2pc    65        69.3 ms HE    1 dec  6 frames  + 5.4 ms peer-wait  (seq 2)
2026-09-28T00:08:00.397206999Z c1  s24  notify 66        69.4 ms HE    1 dec  3 frames  + 1.6 ms peer-wait  (seq 3)
2026-09-28T00:08:00.476011996Z     ·     vote   31    YES to node 1          (seq 9)
2026-09-28T00:08:00.549471521Z     ·     apply  31        69.7 ms HE    1 dec  from node 1  (seq 9)
2026-09-28T00:08:00.625998231Z     ·     apply  32        69.8 ms HE    1 dec  from node 1  (seq 10)
2026-09-28T00:08:00.768535031Z     ·     vote   35    YES to node 1          (seq 11)
2026-09-28T00:08:00.840962126Z     ·     apply  35        69.6 ms HE    1 dec  from node 1  (seq 11)
2026-09-28T00:08:00.916499512Z     ·     apply  36        70.0 ms HE    1 dec  from node 1  (seq 12)
2026-09-28T00:08:01.069000963Z c1  s35  2pc    61        69.8 ms HE    1 dec  6 frames  + 7.7 ms peer-wait  (seq 4)
2026-09-28T00:08:01.214437327Z     ·     vote   33    YES to node 1          (seq 13)
2026-09-28T00:08:01.290058323Z     ·     apply  33        69.7 ms HE    1 dec  from node 1  (seq 13)
2026-09-28T00:08:01.369529903Z     ·     apply  34        69.7 ms HE    1 dec  from node 1  (seq 14)
2026-09-28T00:08:01.513860028Z     ·     vote   37    YES to node 1          (seq 15)
2026-09-28T00:08:01.586839093Z     ·     apply  37        69.8 ms HE    1 dec  from node 1  (seq 15)
2026-09-28T00:08:01.667045465Z     ·     apply  38        70.3 ms HE    1 dec  from node 1  (seq 16)
2026-09-28T00:08:01.747553075Z c1  s42  2pc    63        69.6 ms HE    1 dec  6 frames  + 5.8 ms peer-wait  (seq 5)
2026-09-28T00:08:01.821075208Z c1  s43  notify 64        69.5 ms HE    1 dec  3 frames  + 1.8 ms peer-wait  (seq 6)
2026-09-28T00:08:01.821111813Z -- cycle 1/5 done at 3912.5 ms --
2026-09-28T00:08:01.821117914Z 
2026-09-28T00:08:01.821120614Z -- cycle 2/5 --
2026-09-28T00:08:01.828427232Z     ·     vote   31    YES to node 1          (seq 17)
2026-09-28T00:08:01.901194270Z     ·     apply  31        69.6 ms HE    1 dec  from node 1  (seq 17)
2026-09-28T00:08:01.976988188Z     ·     apply  32        69.9 ms HE    1 dec  from node 1  (seq 18)
2026-09-28T00:08:02.122147217Z     ·     vote   33    YES to node 1          (seq 19)
2026-09-28T00:08:02.194846447Z     ·     apply  33        69.7 ms HE    1 dec  from node 1  (seq 19)
2026-09-28T00:08:02.274359032Z     ·     apply  34        69.9 ms HE    1 dec  from node 1  (seq 20)
2026-09-28T00:08:02.283446973Z     ·     vote   35    YES to node 1          (seq 21)
2026-09-28T00:08:02.356468943Z     ·     apply  35        69.7 ms HE    1 dec  from node 1  (seq 21)
2026-09-28T00:08:02.571425737Z     ·     apply  36        69.6 ms HE    1 dec  from node 1  (seq 22)
2026-09-28T00:08:02.577251569Z     ·     vote   39    YES to node 1          (seq 23)
2026-09-28T00:08:02.652499318Z     ·     apply  39        69.9 ms HE    1 dec  from node 1  (seq 23)
2026-09-28T00:08:02.733713017Z c2  s15  2pc    61        69.5 ms HE    1 dec  6 frames  + 6.6 ms peer-wait  (seq 7)
2026-09-28T00:08:02.808805547Z     ·     apply  30        69.7 ms HE    1 dec  from node 1  (seq 24)
2026-09-28T00:08:03.311918228Z c2  s23  2pc    65        69.6 ms HE    1 dec  6 frames  + 6.3 ms peer-wait  (seq 8)
2026-09-28T00:08:03.387910471Z c2  s24  notify 66        69.8 ms HE    1 dec  3 frames  + 1.7 ms peer-wait  (seq 9)
2026-09-28T00:08:03.394269770Z     ·     vote   31    YES to node 1          (seq 25)
2026-09-28T00:08:03.469006855Z     ·     apply  31        69.8 ms HE    1 dec  from node 1  (seq 25)
2026-09-28T00:08:03.546038729Z     ·     apply  32        70.1 ms HE    1 dec  from node 1  (seq 26)
2026-09-28T00:08:03.692391308Z     ·     vote   35    YES to node 1          (seq 27)
2026-09-28T00:08:03.767338220Z     ·     apply  35        69.8 ms HE    1 dec  from node 1  (seq 27)
2026-09-28T00:08:03.843591396Z     ·     apply  36        69.7 ms HE    1 dec  from node 1  (seq 28)
2026-09-28T00:08:03.921624995Z c2  s35  2pc    61        69.7 ms HE    1 dec  6 frames  + 4.5 ms peer-wait  (seq 10)
2026-09-28T00:08:03.926873854Z     ·     vote   33    YES to node 1          (seq 29)
2026-09-28T00:08:04.000009839Z     ·     apply  33        69.8 ms HE    1 dec  from node 1  (seq 29)
2026-09-28T00:08:04.077625086Z     ·     apply  34        69.8 ms HE    1 dec  from node 1  (seq 30)
2026-09-28T00:08:04.222500779Z     ·     vote   37    YES to node 1          (seq 31)
2026-09-28T00:08:04.296203435Z     ·     apply  37        69.8 ms HE    1 dec  from node 1  (seq 31)
2026-09-28T00:08:04.373299716Z     ·     apply  38        69.9 ms HE    1 dec  from node 1  (seq 32)
2026-09-28T00:08:04.454131867Z c2  s42  2pc    63        69.8 ms HE    1 dec  6 frames  + 5.9 ms peer-wait  (seq 11)
2026-09-28T00:08:04.528772641Z c2  s43  notify 64        69.4 ms HE    1 dec  3 frames  + 1.6 ms peer-wait  (seq 12)
2026-09-28T00:08:04.528793443Z -- cycle 2/5 done at 6620.3 ms --
2026-09-28T00:08:04.528797244Z 
2026-09-28T00:08:04.528799744Z -- cycle 3/5 --
2026-09-28T00:08:04.533578844Z     ·     vote   31    YES to node 1          (seq 33)
2026-09-28T00:08:04.611366613Z     ·     apply  31        69.9 ms HE    1 dec  from node 1  (seq 33)
2026-09-28T00:08:04.687501674Z     ·     apply  32        69.7 ms HE    1 dec  from node 1  (seq 34)
2026-09-28T00:08:04.834005772Z     ·     vote   33    YES to node 1          (seq 35)
2026-09-28T00:08:04.907116553Z     ·     apply  33        69.6 ms HE    1 dec  from node 1  (seq 35)
2026-09-28T00:08:04.985208960Z     ·     apply  34        69.9 ms HE    1 dec  from node 1  (seq 36)
2026-09-28T00:08:04.990024064Z     ·     vote   35    YES to node 1          (seq 37)
2026-09-28T00:08:16.745927213Z     ·     apply  35        69.8 ms HE    1 dec  from node 1  (seq 37)
2026-09-28T00:08:05.269686163Z     ·     apply  36        69.5 ms HE    1 dec  from node 1  (seq 38)
2026-09-28T00:08:05.274600480Z     ·     vote   39    YES to node 1          (seq 39)
2026-09-28T00:08:05.346653129Z     ·     apply  39        69.4 ms HE    1 dec  from node 1  (seq 39)
2026-09-28T00:08:05.425538935Z c3  s15  2pc    61        69.3 ms HE    1 dec  6 frames  + 5.2 ms peer-wait  (seq 13)
2026-09-28T00:08:05.502031841Z     ·     apply  30        69.6 ms HE    1 dec  from node 1  (seq 40)
2026-09-28T00:08:06.002121442Z c3  s23  2pc    65        69.8 ms HE    1 dec  6 frames  + 5.5 ms peer-wait  (seq 14)
2026-09-28T00:08:06.076671104Z c3  s24  notify 66        69.6 ms HE    1 dec  3 frames  + 2.0 ms peer-wait  (seq 15)
2026-09-28T00:08:06.082090085Z     ·     vote   31    YES to node 1          (seq 41)
2026-09-28T00:08:06.157272526Z     ·     apply  31        69.8 ms HE    1 dec  from node 1  (seq 41)
2026-09-28T00:08:06.235504450Z     ·     apply  32        69.6 ms HE    1 dec  from node 1  (seq 42)
2026-09-28T00:08:06.379559041Z     ·     vote   35    YES to node 1          (seq 43)
2026-09-28T00:08:06.451746306Z     ·     apply  35        69.8 ms HE    1 dec  from node 1  (seq 43)
2026-09-28T00:08:06.526737223Z     ·     apply  36        69.8 ms HE    1 dec  from node 1  (seq 44)
2026-09-28T00:08:06.606591051Z c3  s35  2pc    61        69.6 ms HE    1 dec  6 frames  + 4.8 ms peer-wait  (seq 16)
2026-09-28T00:08:06.612380278Z     ·     vote   33    YES to node 1          (seq 45)
2026-09-28T00:08:06.687142867Z     ·     apply  33        69.7 ms HE    1 dec  from node 1  (seq 45)
2026-09-28T00:08:06.763151212Z     ·     apply  34        70.1 ms HE    1 dec  from node 1  (seq 46)
2026-09-28T00:08:06.909026031Z     ·     vote   37    YES to node 1          (seq 47)
2026-09-28T00:08:06.985042677Z     ·     apply  37        70.0 ms HE    1 dec  from node 1  (seq 47)
2026-09-28T00:08:07.059819968Z     ·     apply  38        69.9 ms HE    1 dec  from node 1  (seq 48)
2026-09-28T00:08:07.140374684Z c3  s42  2pc    63        70.1 ms HE    1 dec  6 frames  + 5.2 ms peer-wait  (seq 17)
2026-09-28T00:08:07.216484742Z c3  s43  notify 64        69.5 ms HE    1 dec  3 frames  + 1.8 ms peer-wait  (seq 18)
2026-09-28T00:08:07.216544549Z -- cycle 3/5 done at 9318.2 ms --
2026-09-28T00:08:07.216555551Z 
2026-09-28T00:08:07.216562351Z -- cycle 4/5 --
2026-09-28T00:08:07.221827513Z     ·     vote   31    YES to node 1          (seq 49)
2026-09-28T00:08:07.296054134Z     ·     apply  31        69.5 ms HE    1 dec  from node 1  (seq 49)
2026-09-28T00:08:07.374664506Z     ·     apply  32        69.8 ms HE    1 dec  from node 1  (seq 50)
2026-09-28T00:08:07.521286619Z     ·     vote   33    YES to node 1          (seq 51)
2026-09-28T00:08:07.596116416Z     ·     apply  33        70.0 ms HE    1 dec  from node 1  (seq 51)
2026-09-28T00:08:07.672001745Z     ·     apply  34        69.9 ms HE    1 dec  from node 1  (seq 52)
2026-09-28T00:08:07.680603326Z     ·     vote   35    YES to node 1          (seq 53)
2026-09-28T00:08:07.753708906Z     ·     apply  35        70.0 ms HE    1 dec  from node 1  (seq 53)
2026-09-28T00:08:07.969185066Z     ·     apply  36        69.7 ms HE    1 dec  from node 1  (seq 54)
2026-09-28T00:08:07.974761266Z     ·     vote   39    YES to node 1          (seq 55)
2026-09-28T00:08:08.050168336Z     ·     apply  39        69.6 ms HE    1 dec  from node 1  (seq 55)
2026-09-28T00:08:08.129204061Z c4  s15  2pc    61        70.1 ms HE    1 dec  6 frames  + 6.3 ms peer-wait  (seq 19)
2026-09-28T00:08:08.205613756Z     ·     apply  30        70.5 ms HE    1 dec  from node 1  (seq 56)
2026-09-28T00:08:08.705577042Z c4  s23  2pc    65        69.7 ms HE    1 dec  6 frames  + 6.1 ms peer-wait  (seq 20)
2026-09-28T00:08:08.782075448Z c4  s24  notify 66        69.5 ms HE    1 dec  3 frames  + 2.1 ms peer-wait  (seq 21)
2026-09-28T00:08:08.788286428Z     ·     vote   31    YES to node 1          (seq 57)
2026-09-28T00:08:08.863548380Z     ·     apply  31        69.6 ms HE    1 dec  from node 1  (seq 57)
2026-09-28T00:08:08.940692867Z     ·     apply  32        69.8 ms HE    1 dec  from node 1  (seq 58)
2026-09-28T00:08:09.086955635Z     ·     vote   35    YES to node 1          (seq 59)
2026-09-28T00:08:09.159182905Z     ·     apply  35        69.8 ms HE    1 dec  from node 1  (seq 59)
2026-09-28T00:08:09.238234233Z     ·     apply  36        70.0 ms HE    1 dec  from node 1  (seq 60)
2026-09-28T00:08:09.318560020Z c4  s35  2pc    61        69.8 ms HE    1 dec  6 frames  + 5.0 ms peer-wait  (seq 22)
2026-09-28T00:08:09.324498966Z     ·     vote   33    YES to node 1          (seq 61)
2026-09-28T00:08:09.399811423Z     ·     apply  33        69.8 ms HE    1 dec  from node 1  (seq 61)
2026-09-28T00:08:09.474465198Z     ·     apply  34        70.2 ms HE    1 dec  from node 1  (seq 62)
2026-09-28T00:08:09.621989024Z     ·     vote   37    YES to node 1          (seq 63)
2026-09-28T00:08:09.694821771Z     ·     apply  37        69.9 ms HE    1 dec  from node 1  (seq 63)
2026-09-28T00:08:09.772011964Z     ·     apply  38        69.8 ms HE    1 dec  from node 1  (seq 64)
2026-09-28T00:08:09.854935178Z c4  s42  2pc    63        69.8 ms HE    1 dec  6 frames  + 7.4 ms peer-wait  (seq 23)
2026-09-28T00:08:09.930830109Z c4  s43  notify 64        69.7 ms HE    1 dec  3 frames  + 1.4 ms peer-wait  (seq 24)
2026-09-28T00:08:09.931023333Z -- cycle 4/5 done at 12032.8 ms --
2026-09-28T00:08:09.931060638Z 
2026-09-28T00:08:09.931075740Z -- cycle 5/5 --
2026-09-28T00:08:09.939164055Z     ·     vote   31    YES to node 1          (seq 65)
2026-09-28T00:08:21.706363184Z     ·     apply  31        70.0 ms HE    1 dec  from node 1  (seq 65)
2026-09-28T00:08:21.781107470Z     ·     apply  32        69.9 ms HE    1 dec  from node 1  (seq 66)
2026-09-28T00:08:21.930946787Z     ·     vote   33    YES to node 1          (seq 67)
2026-09-28T00:08:10.311374146Z     ·     apply  33        69.3 ms HE    1 dec  from node 1  (seq 67)
2026-09-28T00:08:10.387263676Z     ·     apply  34        69.9 ms HE    1 dec  from node 1  (seq 68)
2026-09-28T00:08:10.392266704Z     ·     vote   35    YES to node 1          (seq 69)
2026-09-28T00:08:10.464851919Z     ·     apply  35        69.8 ms HE    1 dec  from node 1  (seq 69)
2026-09-28T00:08:10.681560234Z     ·     apply  36        69.9 ms HE    1 dec  from node 1  (seq 70)
2026-09-28T00:08:10.689073177Z     ·     vote   39    YES to node 1          (seq 71)
2026-09-28T00:08:10.764210313Z     ·     apply  39        70.1 ms HE    1 dec  from node 1  (seq 71)
2026-09-28T00:08:10.845353103Z c5  s15  2pc    61        70.0 ms HE    1 dec  6 frames  + 5.9 ms peer-wait  (seq 25)
2026-09-28T00:08:10.921281138Z     ·     apply  30        70.0 ms HE    1 dec  from node 1  (seq 72)
2026-09-28T00:08:11.423283379Z c5  s23  2pc    65        69.7 ms HE    1 dec  6 frames  + 6.1 ms peer-wait  (seq 26)
2026-09-28T00:08:11.498087573Z c5  s24  notify 66        69.9 ms HE    1 dec  3 frames  + 1.9 ms peer-wait  (seq 27)
2026-09-28T00:08:11.503701678Z     ·     vote   31    YES to node 1          (seq 73)
2026-09-28T00:08:11.578651790Z     ·     apply  31        69.9 ms HE    1 dec  from node 1  (seq 73)
2026-09-28T00:08:11.653988651Z     ·     apply  32        69.6 ms HE    1 dec  from node 1  (seq 74)
2026-09-28T00:08:11.802727130Z     ·     vote   35    YES to node 1          (seq 75)
2026-09-28T00:08:11.878230311Z     ·     apply  35        69.7 ms HE    1 dec  from node 1  (seq 75)
2026-09-28T00:08:11.953518466Z     ·     apply  36        69.9 ms HE    1 dec  from node 1  (seq 76)
2026-09-28T00:08:12.034103386Z c5  s35  2pc    61        69.8 ms HE    1 dec  6 frames  + 5.9 ms peer-wait  (seq 28)
2026-09-28T00:08:12.039040706Z     ·     vote   33    YES to node 1          (seq 77)
2026-09-28T00:08:12.114248350Z     ·     apply  33        70.0 ms HE    1 dec  from node 1  (seq 77)
2026-09-28T00:08:12.190234093Z     ·     apply  34        69.8 ms HE    1 dec  from node 1  (seq 78)
2026-09-28T00:08:12.334954667Z     ·     vote   37    YES to node 1          (seq 79)
2026-09-28T00:08:12.407632593Z     ·     apply  37        69.9 ms HE    1 dec  from node 1  (seq 79)
2026-09-28T00:08:12.486212662Z     ·     apply  38        69.9 ms HE    1 dec  from node 1  (seq 80)
2026-09-28T00:08:12.565765752Z c5  s42  2pc    63        69.7 ms HE    1 dec  6 frames  + 5.7 ms peer-wait  (seq 29)
2026-09-28T00:08:12.640710363Z c5  s43  notify 64        69.2 ms HE    1 dec  3 frames  + 1.3 ms peer-wait  (seq 30)
2026-09-28T00:08:12.640745568Z -- cycle 5/5 done at 14741.7 ms --
2026-09-28T00:08:12.640748668Z 
2026-09-28T00:08:12.640749968Z ============================================================
2026-09-28T00:08:12.640751368Z   SUMMARY — node 5/7 — LOCAL MODULAR — UDP/IP multicast (RFC 1112)
2026-09-28T00:08:12.640753369Z ============================================================
2026-09-28T00:08:12.640754769Z   events this node FIRED:
2026-09-28T00:08:12.640755969Z   local (no network)           (none on this node)
2026-09-28T00:08:12.640757269Z   shared controllable    n=20   avg    75.75 ms  (HE   69.72 + net    5.86)  min   74.27  max    77.87   68.0%
2026-09-28T00:08:12.640758569Z   shared uncontroll.     n=10   avg    71.43 ms  (HE   69.55 + net    1.72)  min   70.57  max    71.95   32.0%
2026-09-28T00:08:12.640759870Z   events this node APPLIED for a peer (participant side):
2026-09-28T00:08:12.640761270Z   shared, applied        n=80   avg    73.34 ms  (HE   73.34 + net    0.00)  min   69.34  max   140.64
2026-09-28T00:08:12.640762970Z   sync-wait (peers reaching a shared step): n=30 avg 77.57 ms, 2.3 s total
2026-09-28T00:08:12.640764270Z      not protocol cost — the plant catching up; kept out of the rows above
2026-09-28T00:08:12.640765670Z   run clock, end of cycles 1..5 (ms): 3912.5 6620.3 9318.2 12032.8 14741.7
2026-09-28T00:08:12.640766870Z      a cycle is over at the LATEST node's value; DES_WORK_MS 0 included
2026-09-28T00:08:12.640827178Z   ----------------------------------------------------------
2026-09-28T00:08:12.640831078Z   all events            n=30   avg    74.31 ms  (HE   69.66 + net    4.48)
2026-09-28T00:08:12.640832579Z   PEER-WAIT + WIRE      6.0 % of total step time
2026-09-28T00:08:12.640833879Z      (compare against the round-trip probe above: the excess is
2026-09-28T00:08:12.640835079Z       the peer's own HE work, not the link.)
2026-09-28T00:08:12.640836279Z   frames: tx=294 rx=1553 retransmits=0
2026-09-28T00:08:12.640837579Z   authentication: HMAC-SHA256/128, 1.4 us per frame; 0 rejected (bad tag), 0 stale/replayed dropped, 6 epoch challenges
2026-09-28T00:08:12.640838979Z   rx queue: peak 8/64 frames
2026-09-28T00:08:12.640840280Z   plant check: 0 event reports rejected as physically impossible
2026-09-28T00:08:12.640841580Z      (these supervisors carry the plant: an impossible uncontrollable event is caught)
2026-09-28T00:08:12.640842880Z   ----------------------------------------------------------
2026-09-28T00:08:12.640844180Z   homomorphic vs cleartext oracle : PASS — every encrypted bit matched
2026-09-28T00:08:12.640845480Z      (PASS certifies the cryptography: each node's encrypted bits
2026-09-28T00:08:12.640846780Z       match its own clear model for the events it applied. It does
2026-09-28T00:08:12.640847981Z       not certify the distributed run — read the skips for that.)
2026-09-28T00:08:12.640850781Z   distributed vs MONOLITHIC sup.  : off — this header has no monolithic supervisor
2026-09-28T00:08:12.640852281Z   safe halt                       : no — ran to completion
2026-09-28T00:08:12.640853581Z ============================================================
2026-09-28T00:08:22.645479629Z @@RESULT {"node":5,"nodes":7,"family":"LOCAL MODULAR","data":"supervisor_data_fms.h","transport":"UDP/IP multicast (RFC 1112)","fingerprint":"04511541","supervisors":["S4"],"fired":{"local":0,"ctrl":20,"unctrl":10},"applied_for_peers":80,"skips":0,"impossible":0,"tx":294,"rx":1553,"retx":0,"auth_bad":0,"replays":0,"challenges":6,"mac_us":1.41,"rxq_peak":8,"rxq_drops":0,"sync_wait_ms":2327.2,"oracle":"PASS","safe_halt":false,"halt_reason":"","cycle_end_ms":[3912.5,6620.3,9318.2,12032.8,14741.7],"rounds":5,"work_ms":0,"emu_scalarmul_ms":69.0,"exit":0}
