2026-09-28T00:07:54.354691460Z des_container: node 2 of 7, LOCAL MODULAR, data supervisor_data_fms.h, transport UDP/IP multicast (RFC 1112)
2026-09-28T00:07:54.354774470Z des_container: EMULATING the ESP32 — every decryption takes at least 69.0 ms (DES_EMU_SCALARMUL_MS)
2026-09-28T00:07:54.354784272Z 
2026-09-28T00:07:54.354785772Z ============================================================
2026-09-28T00:07:54.354787072Z   Distributed Homomorphic DES — generic engine
2026-09-28T00:07:54.354788772Z   node 2/7   family LOCAL MODULAR   7 supervisors   31 events
2026-09-28T00:07:54.354791072Z   data: supervisor_data_fms.h
2026-09-28T00:07:54.354792473Z ============================================================
2026-09-28T00:07:54.355900312Z --- event routing (DERIVED from the header, not hardcoded) ---
2026-09-28T00:07:54.355951618Z   event  ctrl  nodes      owner  class
2026-09-28T00:07:54.355953719Z   11     yes   1          1      local — no network
2026-09-28T00:07:54.355957719Z   12     no    1          1      local — no network
2026-09-28T00:07:54.355959819Z   21     yes   2          2      local — no network
2026-09-28T00:07:54.355961820Z   22     no    2          2      local — no network
2026-09-28T00:07:54.355963320Z   30     no    1 2 3 4 5 6 7  1      SHARED — needs network
2026-09-28T00:07:54.355964920Z   31     yes   1 2 3 4 5 6 7  1      SHARED — needs network
2026-09-28T00:07:54.355966220Z   32     no    1 2 3 4 5 6 7  1      SHARED — needs network
2026-09-28T00:07:54.355967520Z   33     yes   1 2 3 4 5 6 7  1      SHARED — needs network
2026-09-28T00:07:54.355969020Z   34     no    1 2 3 4 5 6 7  1      SHARED — needs network
2026-09-28T00:07:54.355970421Z   35     yes   1 2 3 4 5 6 7  1      SHARED — needs network
2026-09-28T00:07:54.355972121Z   36     no    1 2 3 4 5 6 7  1      SHARED — needs network
2026-09-28T00:07:54.355973621Z   37     yes   1 2 3 4 5 6 7  1      SHARED — needs network
2026-09-28T00:07:54.355975621Z   38     no    1 2 3 4 5 6 7  1      SHARED — needs network
2026-09-28T00:07:54.355977822Z   39     yes   1 2 3 4 5 6 7  1      SHARED — needs network
2026-09-28T00:07:54.355980522Z   41     yes   3          3      local — no network
2026-09-28T00:07:54.355982822Z   42     no    3          3      local — no network
2026-09-28T00:07:54.355984922Z   51     yes   4          4      local — no network
2026-09-28T00:07:54.355987523Z   52     no    4          4      local — no network
2026-09-28T00:07:54.355989723Z   53     yes   4          4      local — no network
2026-09-28T00:07:54.355992123Z   54     no    4          4      local — no network
2026-09-28T00:07:54.355994224Z   61     yes   5 6 7      5      SHARED — needs network
2026-09-28T00:07:54.355996324Z   63     yes   5 6 7      5      SHARED — needs network
2026-09-28T00:07:54.355997924Z   64     no    5 6 7      5      SHARED — needs network
2026-09-28T00:07:54.356023127Z   65     yes   5 6 7      5      SHARED — needs network
2026-09-28T00:07:54.356025828Z   66     no    5 6 7      5      SHARED — needs network
2026-09-28T00:07:54.356027028Z   71     yes   7          7      local — no network
2026-09-28T00:07:54.356028228Z   72     no    7          7      local — no network
2026-09-28T00:07:54.356030628Z   73     yes   7          7      local — no network
2026-09-28T00:07:54.356031928Z   74     no    7          7      local — no network
2026-09-28T00:07:54.356033228Z   81     yes   7          7      local — no network
2026-09-28T00:07:54.356034429Z   82     no    7          7      local — no network
2026-09-28T00:07:54.356035729Z   => 15/31 events shared; 16/31 need ZERO network traffic; 12 concern this node
2026-09-28T00:07:54.356037329Z   NOTE controllability was INFERRED from event labels (the header
2026-09-28T00:07:54.356040429Z        does not carry it). Check the 'ctrl' column above; if it is
2026-09-28T00:07:54.356041730Z        wrong, set DES_CONTROLLABLE_MASK explicitly.
2026-09-28T00:07:54.356043030Z 
2026-09-28T00:07:54.356044230Z [init] config fingerprint 04511541 — every node must print the same
2026-09-28T00:07:54.356045630Z 
2026-09-28T00:07:54.356376172Z [net] UDP multicast 239.192.7.1:5077  ttl=1  frame=44 B
2026-09-28T00:07:54.356413676Z --- crypto self-test ---
2026-09-28T00:07:54.359225529Z   Enc(0)->0 Enc(1)->1                PASS
2026-09-28T00:07:54.359839006Z   Enc(1)+Enc(1)->1 homomorphic OR   PASS
2026-09-28T00:07:54.360558597Z   Enc(0)+Enc(0)->0                  PASS
2026-09-28T00:07:54.360569598Z   curve secp192r1, ciphertext 50 B    PASS
2026-09-28T00:07:54.360685613Z   frame tag HMAC-SHA256/128: 1.5 us, 1-bit tamper caught  PASS
2026-09-28T00:07:54.360694414Z 
2026-09-28T00:07:54.360696314Z --- encrypting my supervisors' initial states ---
2026-09-28T00:07:54.360697714Z [load] S1         idx 1   18 states  12 constraining ev     900 B ciphertext
2026-09-28T00:08:06.892225131Z [init] my keypair is mine alone; no ciphertext ever leaves this node
2026-09-28T00:08:06.892297240Z [init] my enablement: 11=1 12=1 21=1 22=0 30=0 31=1 32=0 33=0 34=0 35=1 36=0 37=1 38=0 39=1 41=1 42=1 51=1 52=1 53=1 54=1 61=1 63=1 64=1 65=1 66=1 71=1 72=1 73=1 74=1 81=1 82=1
2026-09-28T00:08:06.892313542Z 
2026-09-28T00:07:55.803363885Z [net] waiting for 6 peer(s)... all present.
2026-09-28T00:07:57.306570658Z 
2026-09-28T00:07:57.306602062Z ============================================================
2026-09-28T00:07:57.306605962Z   RUN — SIM_SEQ driver — 5 cycles x 44 steps — LOCAL MODULAR
2026-09-28T00:07:57.306609563Z   columns: cN sNN = cycle/step of MY walk; · = a peer caused this
2026-09-28T00:07:57.306630065Z   'done at': run clock, common to all nodes; a cycle is over at the
2026-09-28T00:07:57.306633165Z   LATEST node's print, machine time (DES_WORK_MS 0) included
2026-09-28T00:07:57.306635266Z ============================================================
2026-09-28T00:07:57.306637366Z 
2026-09-28T00:07:57.306639166Z -- cycle 1/5 --
2026-09-28T00:07:57.445407893Z c1  s0   local  21       138.8 ms HE    2 dec  0 frames
2026-09-28T00:07:58.133495803Z     ·     vote   31    YES to node 1          (seq 1)
2026-09-28T00:07:58.205055989Z     ·     apply  31        69.2 ms HE    1 dec  from node 1  (seq 1)
2026-09-28T00:07:58.350826495Z     ·     apply  32        69.2 ms HE    1 dec  from node 1  (seq 2)
2026-09-28T00:07:58.422302371Z c1  s6   local  22        69.2 ms HE    1 dec  0 frames
2026-09-28T00:07:58.561011890Z     ·     vote   33    YES to node 1          (seq 3)
2026-09-28T00:07:58.634700744Z     ·     apply  33        69.4 ms HE    1 dec  from node 1  (seq 3)
2026-09-28T00:07:58.781007817Z     ·     apply  34        69.3 ms HE    1 dec  from node 1  (seq 4)
2026-09-28T00:07:58.927818654Z     ·     vote   35    YES to node 1          (seq 5)
2026-09-28T00:07:59.005334588Z     ·     apply  35        69.7 ms HE    1 dec  from node 1  (seq 5)
2026-09-28T00:07:59.221162392Z     ·     apply  36        69.5 ms HE    1 dec  from node 1  (seq 6)
2026-09-28T00:07:59.378069496Z     ·     vote   39    YES to node 1          (seq 7)
2026-09-28T00:07:59.450693016Z     ·     apply  39        69.7 ms HE    1 dec  from node 1  (seq 7)
2026-09-28T00:07:59.745759971Z     ·     apply  30        69.3 ms HE    1 dec  from node 1  (seq 8)
2026-09-28T00:07:59.817592491Z c1  s26  local  21        69.6 ms HE    1 dec  0 frames
2026-09-28T00:08:00.475991893Z     ·     vote   31    YES to node 1          (seq 9)
2026-09-28T00:08:00.549745555Z     ·     apply  31        69.8 ms HE    1 dec  from node 1  (seq 9)
2026-09-28T00:08:00.624411732Z     ·     apply  32        69.7 ms HE    1 dec  from node 1  (seq 10)
2026-09-28T00:08:00.768659446Z     ·     vote   35    YES to node 1          (seq 11)
2026-09-28T00:08:00.840522071Z     ·     apply  35        69.5 ms HE    1 dec  from node 1  (seq 11)
2026-09-28T00:08:00.916468408Z     ·     apply  36        70.1 ms HE    1 dec  from node 1  (seq 12)
2026-09-28T00:08:00.988473150Z c1  s34  local  22        69.6 ms HE    1 dec  0 frames
2026-09-28T00:08:01.214456229Z     ·     vote   33    YES to node 1          (seq 13)
2026-09-28T00:08:01.290100529Z     ·     apply  33        69.8 ms HE    1 dec  from node 1  (seq 13)
2026-09-28T00:08:01.370216690Z     ·     apply  34        70.2 ms HE    1 dec  from node 1  (seq 14)
2026-09-28T00:08:01.513878631Z     ·     vote   37    YES to node 1          (seq 15)
2026-09-28T00:08:01.588926855Z     ·     apply  37        69.7 ms HE    1 dec  from node 1  (seq 15)
2026-09-28T00:08:01.667123675Z     ·     apply  38        69.7 ms HE    1 dec  from node 1  (seq 16)
2026-09-28T00:08:01.669499073Z -- cycle 1/5 done at 3760.6 ms --
2026-09-28T00:08:01.669552580Z 
2026-09-28T00:08:01.669562881Z -- cycle 2/5 --
2026-09-28T00:08:01.739382049Z c2  s0   local  21        69.6 ms HE    1 dec  0 frames
2026-09-28T00:08:01.828489039Z     ·     vote   31    YES to node 1          (seq 17)
2026-09-28T00:08:01.901020648Z     ·     apply  31        69.6 ms HE    1 dec  from node 1  (seq 17)
2026-09-28T00:08:01.976976986Z     ·     apply  32        70.0 ms HE    1 dec  from node 1  (seq 18)
2026-09-28T00:08:02.049245162Z c2  s6   local  22        69.8 ms HE    1 dec  0 frames
2026-09-28T00:08:02.119923738Z     ·     vote   33    YES to node 1          (seq 19)
2026-09-28T00:08:02.195657648Z     ·     apply  33        70.2 ms HE    1 dec  from node 1  (seq 19)
2026-09-28T00:08:02.273564732Z     ·     apply  34        70.0 ms HE    1 dec  from node 1  (seq 20)
2026-09-28T00:08:02.282073300Z     ·     vote   35    YES to node 1          (seq 21)
2026-09-28T00:08:02.356605360Z     ·     apply  35        69.8 ms HE    1 dec  from node 1  (seq 21)
2026-09-28T00:08:02.571552753Z     ·     apply  36        69.6 ms HE    1 dec  from node 1  (seq 22)
2026-09-28T00:08:02.577429891Z     ·     vote   39    YES to node 1          (seq 23)
2026-09-28T00:08:02.652588830Z     ·     apply  39        69.7 ms HE    1 dec  from node 1  (seq 23)
2026-09-28T00:08:02.810799598Z     ·     apply  30        69.6 ms HE    1 dec  from node 1  (seq 24)
2026-09-28T00:08:02.882414091Z c2  s26  local  21        69.4 ms HE    1 dec  0 frames
2026-09-28T00:08:03.395302800Z     ·     vote   31    YES to node 1          (seq 25)
2026-09-28T00:08:03.469048761Z     ·     apply  31        69.6 ms HE    1 dec  from node 1  (seq 25)
2026-09-28T00:08:03.545581272Z     ·     apply  32        69.8 ms HE    1 dec  from node 1  (seq 26)
2026-09-28T00:08:03.691291770Z     ·     vote   35    YES to node 1          (seq 27)
2026-09-28T00:08:03.767621955Z     ·     apply  35        69.6 ms HE    1 dec  from node 1  (seq 27)
2026-09-28T00:08:03.843498484Z     ·     apply  36        70.1 ms HE    1 dec  from node 1  (seq 28)
2026-09-28T00:08:03.915444119Z c2  s34  local  22        69.8 ms HE    1 dec  0 frames
2026-09-28T00:08:03.925224947Z     ·     vote   33    YES to node 1          (seq 29)
2026-09-28T00:08:03.999991236Z     ·     apply  33        69.7 ms HE    1 dec  from node 1  (seq 29)
2026-09-28T00:08:04.077422160Z     ·     apply  34        69.9 ms HE    1 dec  from node 1  (seq 30)
2026-09-28T00:08:04.222641197Z     ·     vote   37    YES to node 1          (seq 31)
2026-09-28T00:08:04.295484744Z     ·     apply  37        69.8 ms HE    1 dec  from node 1  (seq 31)
2026-09-28T00:08:04.373472838Z     ·     apply  38        69.6 ms HE    1 dec  from node 1  (seq 32)
2026-09-28T00:08:04.375706118Z -- cycle 2/5 done at 6466.7 ms --
2026-09-28T00:08:04.375749324Z 
2026-09-28T00:08:04.375764526Z -- cycle 3/5 --
2026-09-28T00:08:04.445948139Z c3  s0   local  21        69.9 ms HE    1 dec  0 frames
2026-09-28T00:08:04.535640903Z     ·     vote   31    YES to node 1          (seq 33)
2026-09-28T00:08:04.611243097Z     ·     apply  31        69.9 ms HE    1 dec  from node 1  (seq 33)
2026-09-28T00:08:04.687504574Z     ·     apply  32        69.9 ms HE    1 dec  from node 1  (seq 34)
2026-09-28T00:08:04.758921743Z c3  s6   local  22        69.6 ms HE    1 dec  0 frames
2026-09-28T00:08:04.833908960Z     ·     vote   33    YES to node 1          (seq 35)
2026-09-28T00:08:04.908489525Z     ·     apply  33        69.6 ms HE    1 dec  from node 1  (seq 35)
2026-09-28T00:08:04.985143652Z     ·     apply  34        70.2 ms HE    1 dec  from node 1  (seq 36)
2026-09-28T00:08:04.990025965Z     ·     vote   35    YES to node 1          (seq 37)
2026-09-28T00:08:16.745536964Z     ·     apply  35        69.8 ms HE    1 dec  from node 1  (seq 37)
2026-09-28T00:08:05.269707766Z     ·     apply  36        69.4 ms HE    1 dec  from node 1  (seq 38)
2026-09-28T00:08:05.274573177Z     ·     vote   39    YES to node 1          (seq 39)
2026-09-28T00:08:05.346708235Z     ·     apply  39        69.4 ms HE    1 dec  from node 1  (seq 39)
2026-09-28T00:08:05.501635291Z     ·     apply  30        69.6 ms HE    1 dec  from node 1  (seq 40)
2026-09-28T00:08:05.573131570Z c3  s26  local  21        69.9 ms HE    1 dec  0 frames
2026-09-28T00:08:06.081691935Z     ·     vote   31    YES to node 1          (seq 41)
2026-09-28T00:08:06.156768263Z     ·     apply  31        70.2 ms HE    1 dec  from node 1  (seq 41)
2026-09-28T00:08:06.235592461Z     ·     apply  32        69.8 ms HE    1 dec  from node 1  (seq 42)
2026-09-28T00:08:06.379313810Z     ·     vote   35    YES to node 1          (seq 43)
2026-09-28T00:08:06.452555608Z     ·     apply  35        69.9 ms HE    1 dec  from node 1  (seq 43)
2026-09-28T00:08:06.527338899Z     ·     apply  36        70.0 ms HE    1 dec  from node 1  (seq 44)
2026-09-28T00:08:06.600630403Z c3  s34  local  22        70.2 ms HE    1 dec  0 frames
2026-09-28T00:08:06.614088993Z     ·     vote   33    YES to node 1          (seq 45)
2026-09-28T00:08:06.686380771Z     ·     apply  33        69.9 ms HE    1 dec  from node 1  (seq 45)
2026-09-28T00:08:06.763257826Z     ·     apply  34        69.7 ms HE    1 dec  from node 1  (seq 46)
2026-09-28T00:08:06.906762547Z     ·     vote   37    YES to node 1          (seq 47)
2026-09-28T00:08:06.984791746Z     ·     apply  37        69.7 ms HE    1 dec  from node 1  (seq 47)
2026-09-28T00:08:07.059860973Z     ·     apply  38        69.7 ms HE    1 dec  from node 1  (seq 48)
2026-09-28T00:08:07.061744309Z -- cycle 3/5 done at 9164.0 ms --
2026-09-28T00:08:07.061776513Z 
2026-09-28T00:08:07.061788915Z -- cycle 4/5 --
2026-09-28T00:08:07.131995532Z c4  s0   local  21        69.8 ms HE    1 dec  0 frames
2026-09-28T00:08:07.221812411Z     ·     vote   31    YES to node 1          (seq 49)
2026-09-28T00:08:07.294456833Z     ·     apply  31        70.0 ms HE    1 dec  from node 1  (seq 49)
2026-09-28T00:08:07.372800672Z     ·     apply  32        69.9 ms HE    1 dec  from node 1  (seq 50)
2026-09-28T00:08:07.444788112Z c4  s6   local  22        69.6 ms HE    1 dec  0 frames
2026-09-28T00:08:07.521288119Z     ·     vote   33    YES to node 1          (seq 51)
2026-09-28T00:08:07.596040106Z     ·     apply  33        70.0 ms HE    1 dec  from node 1  (seq 51)
2026-09-28T00:08:07.672101958Z     ·     apply  34        70.0 ms HE    1 dec  from node 1  (seq 52)
2026-09-28T00:08:07.680634830Z     ·     vote   35    YES to node 1          (seq 53)
2026-09-28T00:08:07.753282753Z     ·     apply  35        69.7 ms HE    1 dec  from node 1  (seq 53)
2026-09-28T00:08:07.969466701Z     ·     apply  36        69.6 ms HE    1 dec  from node 1  (seq 54)
2026-09-28T00:08:07.974911385Z     ·     vote   39    YES to node 1          (seq 55)
2026-09-28T00:08:08.048382811Z     ·     apply  39        70.0 ms HE    1 dec  from node 1  (seq 55)
2026-09-28T00:08:08.205153399Z     ·     apply  30        69.6 ms HE    1 dec  from node 1  (seq 56)
2026-09-28T00:08:08.277068730Z c4  s26  local  21        69.7 ms HE    1 dec  0 frames
2026-09-28T00:08:08.789092129Z     ·     vote   31    YES to node 1          (seq 57)
2026-09-28T00:08:08.864827040Z     ·     apply  31        69.7 ms HE    1 dec  from node 1  (seq 57)
2026-09-28T00:08:08.939658238Z     ·     apply  32        69.8 ms HE    1 dec  from node 1  (seq 58)
2026-09-28T00:08:09.086885426Z     ·     vote   35    YES to node 1          (seq 59)
2026-09-28T00:08:09.159194007Z     ·     apply  35        69.8 ms HE    1 dec  from node 1  (seq 59)
2026-09-28T00:08:09.238372650Z     ·     apply  36        70.7 ms HE    1 dec  from node 1  (seq 60)
2026-09-28T00:08:09.311223399Z c4  s34  local  22        69.8 ms HE    1 dec  0 frames
2026-09-28T00:08:09.324601679Z     ·     vote   33    YES to node 1          (seq 61)
2026-09-28T00:08:09.399668606Z     ·     apply  33        69.9 ms HE    1 dec  from node 1  (seq 61)
2026-09-28T00:08:09.474374687Z     ·     apply  34        69.8 ms HE    1 dec  from node 1  (seq 62)
2026-09-28T00:08:09.621953420Z     ·     vote   37    YES to node 1          (seq 63)
2026-09-28T00:08:09.694350312Z     ·     apply  37        69.7 ms HE    1 dec  from node 1  (seq 63)
2026-09-28T00:08:09.773230817Z     ·     apply  38        70.3 ms HE    1 dec  from node 1  (seq 64)
2026-09-28T00:08:09.775068448Z -- cycle 4/5 done at 11877.0 ms --
2026-09-28T00:08:09.775139157Z 
2026-09-28T00:08:09.775159160Z -- cycle 5/5 --
2026-09-28T00:08:09.844967926Z c5  s0   local  21        69.5 ms HE    1 dec  0 frames
2026-09-28T00:08:09.939217762Z     ·     vote   31    YES to node 1          (seq 65)
2026-09-28T00:08:21.706079148Z     ·     apply  31        70.0 ms HE    1 dec  from node 1  (seq 65)
2026-09-28T00:08:21.784650715Z     ·     apply  32        69.6 ms HE    1 dec  from node 1  (seq 66)
2026-09-28T00:08:21.856223604Z c5  s6   local  22        69.5 ms HE    1 dec  0 frames
2026-09-28T00:08:21.931401444Z     ·     vote   33    YES to node 1          (seq 67)
2026-09-28T00:08:10.311391548Z     ·     apply  33        69.5 ms HE    1 dec  from node 1  (seq 67)
2026-09-28T00:08:10.387244373Z     ·     apply  34        70.0 ms HE    1 dec  from node 1  (seq 68)
2026-09-28T00:08:10.392193095Z     ·     vote   35    YES to node 1          (seq 69)
2026-09-28T00:08:10.466578036Z     ·     apply  35        69.8 ms HE    1 dec  from node 1  (seq 69)
2026-09-28T00:08:10.681383611Z     ·     apply  36        70.1 ms HE    1 dec  from node 1  (seq 70)
2026-09-28T00:08:10.686715781Z     ·     vote   39    YES to node 1          (seq 71)
2026-09-28T00:08:10.765300050Z     ·     apply  39        70.3 ms HE    1 dec  from node 1  (seq 71)
2026-09-28T00:08:10.923378801Z     ·     apply  30        70.4 ms HE    1 dec  from node 1  (seq 72)
2026-09-28T00:08:10.995857803Z c5  s26  local  21        69.7 ms HE    1 dec  0 frames
2026-09-28T00:08:11.504090927Z     ·     vote   31    YES to node 1          (seq 73)
2026-09-28T00:08:11.577275017Z     ·     apply  31        69.8 ms HE    1 dec  from node 1  (seq 73)
2026-09-28T00:08:11.655510742Z     ·     apply  32        69.7 ms HE    1 dec  from node 1  (seq 74)
2026-09-28T00:08:11.801631492Z     ·     vote   35    YES to node 1          (seq 75)
2026-09-28T00:08:11.876946950Z     ·     apply  35        69.9 ms HE    1 dec  from node 1  (seq 75)
2026-09-28T00:08:11.954866535Z     ·     apply  36        69.9 ms HE    1 dec  from node 1  (seq 76)
2026-09-28T00:08:12.027065602Z c5  s34  local  22        70.0 ms HE    1 dec  0 frames
2026-09-28T00:08:12.039020903Z     ·     vote   33    YES to node 1          (seq 77)
2026-09-28T00:08:12.114464677Z     ·     apply  33        70.0 ms HE    1 dec  from node 1  (seq 77)
2026-09-28T00:08:12.190104776Z     ·     apply  34        70.1 ms HE    1 dec  from node 1  (seq 78)
2026-09-28T00:08:12.334956767Z     ·     vote   37    YES to node 1          (seq 79)
2026-09-28T00:08:12.408119855Z     ·     apply  37        69.9 ms HE    1 dec  from node 1  (seq 79)
2026-09-28T00:08:12.486054142Z     ·     apply  38        69.8 ms HE    1 dec  from node 1  (seq 80)
2026-09-28T00:08:12.488229015Z -- cycle 5/5 done at 14588.7 ms --
2026-09-28T00:08:12.488328327Z 
2026-09-28T00:08:12.488344029Z ============================================================
2026-09-28T00:08:12.488351230Z   SUMMARY — node 2/7 — LOCAL MODULAR — UDP/IP multicast (RFC 1112)
2026-09-28T00:08:12.488359831Z ============================================================
2026-09-28T00:08:12.488367132Z   events this node FIRED:
2026-09-28T00:08:12.488373833Z   local (no network)     n=20   avg    73.30 ms  (HE   73.15 + net    0.00)  min   69.27  max   138.85  100.0%
2026-09-28T00:08:12.488380934Z   shared controllable          (none on this node)
2026-09-28T00:08:12.488387535Z   shared uncontroll.           (none on this node)
2026-09-28T00:08:12.488394035Z   events this node APPLIED for a peer (participant side):
2026-09-28T00:08:12.488400936Z   shared, applied        n=80   avg    69.81 ms  (HE   69.81 + net    0.00)  min   69.20  max    70.75
2026-09-28T00:08:12.488407837Z   run clock, end of cycles 1..5 (ms): 3760.6 6466.7 9164.0 11877.0 14588.7
2026-09-28T00:08:12.488414638Z      a cycle is over at the LATEST node's value; DES_WORK_MS 0 included
2026-09-28T00:08:12.488636166Z   ----------------------------------------------------------
2026-09-28T00:08:12.488651968Z   all events            n=20   avg    73.30 ms  (HE   73.15 + net    0.00)
2026-09-28T00:08:12.488659269Z   PEER-WAIT + WIRE      0.0 % of total step time
2026-09-28T00:08:12.488665970Z      (compare against the round-trip probe above: the excess is
2026-09-28T00:08:12.488673271Z       the peer's own HE work, not the link.)
2026-09-28T00:08:12.488679571Z   frames: tx=248 rx=1586 retransmits=0
2026-09-28T00:08:12.488686672Z   authentication: HMAC-SHA256/128, 1.5 us per frame; 0 rejected (bad tag), 0 stale/replayed dropped, 6 epoch challenges
2026-09-28T00:08:12.488693973Z   rx queue: peak 10/64 frames
2026-09-28T00:08:12.488700474Z   plant check: 0 event reports rejected as physically impossible
2026-09-28T00:08:12.488706975Z      (these supervisors carry the plant: an impossible uncontrollable event is caught)
2026-09-28T00:08:12.488713776Z   ----------------------------------------------------------
2026-09-28T00:08:12.488720176Z   homomorphic vs cleartext oracle : PASS — every encrypted bit matched
2026-09-28T00:08:12.488727177Z      (PASS certifies the cryptography: each node's encrypted bits
2026-09-28T00:08:12.488733778Z       match its own clear model for the events it applied. It does
2026-09-28T00:08:12.488740579Z       not certify the distributed run — read the skips for that.)
2026-09-28T00:08:12.488747380Z   distributed vs MONOLITHIC sup.  : off — this header has no monolithic supervisor
2026-09-28T00:08:12.488754381Z   safe halt                       : no — ran to completion
2026-09-28T00:08:12.488761182Z ============================================================
2026-09-28T00:08:22.504184485Z @@RESULT {"node":2,"nodes":7,"family":"LOCAL MODULAR","data":"supervisor_data_fms.h","transport":"UDP/IP multicast (RFC 1112)","fingerprint":"04511541","supervisors":["S1"],"fired":{"local":20,"ctrl":0,"unctrl":0},"applied_for_peers":80,"skips":0,"impossible":0,"tx":248,"rx":1599,"retx":0,"auth_bad":0,"replays":0,"challenges":6,"mac_us":1.54,"rxq_peak":10,"rxq_drops":0,"sync_wait_ms":0.0,"oracle":"PASS","safe_halt":false,"halt_reason":"","cycle_end_ms":[3760.6,6466.7,9164.0,11877.0,14588.7],"rounds":5,"work_ms":0,"emu_scalarmul_ms":69.0,"exit":0}
