2026-09-28T03:27:36.935660885Z des_container: node 2 of 2, LOCAL MODULAR, data supervisor_data_fms.h, transport UDP/IP multicast (RFC 1112)
2026-09-28T03:27:36.935715692Z des_container: EMULATING the ESP32 — every decryption takes at least 69.0 ms (DES_EMU_SCALARMUL_MS)
2026-09-28T03:27:36.935720892Z 
2026-09-28T03:27:36.935723192Z ============================================================
2026-09-28T03:27:36.935725393Z   Distributed Homomorphic DES — generic engine
2026-09-28T03:27:36.935727493Z   node 2/2   family LOCAL MODULAR   7 supervisors   31 events
2026-09-28T03:27:36.935729793Z   data: supervisor_data_fms.h
2026-09-28T03:27:36.935731894Z ============================================================
2026-09-28T03:27:36.936590801Z --- event routing (DERIVED from the header, not hardcoded) ---
2026-09-28T03:27:36.936605103Z   event  ctrl  nodes      owner  class
2026-09-28T03:27:36.936608004Z   11     yes   1          1      local — no network
2026-09-28T03:27:36.936610504Z   12     no    1          1      local — no network
2026-09-28T03:27:36.936612604Z   21     yes   1          1      local — no network
2026-09-28T03:27:36.936614904Z   22     no    1          1      local — no network
2026-09-28T03:27:36.936617005Z   30     no    1 2        1      SHARED — needs network
2026-09-28T03:27:36.936619005Z   31     yes   1 2        1      SHARED — needs network
2026-09-28T03:27:36.936621005Z   32     no    1 2        1      SHARED — needs network
2026-09-28T03:27:36.936623105Z   33     yes   1 2        1      SHARED — needs network
2026-09-28T03:27:36.936625106Z   34     no    1 2        1      SHARED — needs network
2026-09-28T03:27:36.936627206Z   35     yes   1 2        1      SHARED — needs network
2026-09-28T03:27:36.936629206Z   36     no    1 2        1      SHARED — needs network
2026-09-28T03:27:36.936631907Z   37     yes   1 2        1      SHARED — needs network
2026-09-28T03:27:36.936633407Z   38     no    1 2        1      SHARED — needs network
2026-09-28T03:27:36.936634607Z   39     yes   1 2        1      SHARED — needs network
2026-09-28T03:27:36.936635907Z   41     yes   1          1      local — no network
2026-09-28T03:27:36.936637207Z   42     no    1          1      local — no network
2026-09-28T03:27:36.936638407Z   51     yes   1          1      local — no network
2026-09-28T03:27:36.936639608Z   52     no    1          1      local — no network
2026-09-28T03:27:36.936640808Z   53     yes   1          1      local — no network
2026-09-28T03:27:36.936642008Z   54     no    1          1      local — no network
2026-09-28T03:27:36.936643308Z   61     yes   2          2      local — no network
2026-09-28T03:27:36.936644608Z   63     yes   2          2      local — no network
2026-09-28T03:27:36.936645808Z   64     no    2          2      local — no network
2026-09-28T03:27:36.936659510Z   65     yes   2          2      local — no network
2026-09-28T03:27:36.936661410Z   66     no    2          2      local — no network
2026-09-28T03:27:36.936662710Z   71     yes   2          2      local — no network
2026-09-28T03:27:36.936663911Z   72     no    2          2      local — no network
2026-09-28T03:27:36.936665111Z   73     yes   2          2      local — no network
2026-09-28T03:27:36.936666411Z   74     no    2          2      local — no network
2026-09-28T03:27:36.936667711Z   81     yes   2          2      local — no network
2026-09-28T03:27:36.936668911Z   82     no    2          2      local — no network
2026-09-28T03:27:36.936670311Z   => 10/31 events shared; 21/31 need ZERO network traffic; 21 concern this node
2026-09-28T03:27:36.936672012Z   NOTE controllability was INFERRED from event labels (the header
2026-09-28T03:27:36.936673312Z        does not carry it). Check the 'ctrl' column above; if it is
2026-09-28T03:27:36.936675112Z        wrong, set DES_CONTROLLABLE_MASK explicitly.
2026-09-28T03:27:36.936676412Z 
2026-09-28T03:27:36.936677712Z [init] config fingerprint edbd7971 — every node must print the same
2026-09-28T03:27:36.936679113Z 
2026-09-28T03:27:36.937000153Z [net] UDP multicast 239.192.7.1:5077  ttl=1  frame=44 B
2026-09-28T03:27:36.937020255Z --- crypto self-test ---
2026-09-28T03:27:36.940052136Z   Enc(0)->0 Enc(1)->1                PASS
2026-09-28T03:27:36.941232584Z   Enc(1)+Enc(1)->1 homomorphic OR   PASS
2026-09-28T03:27:36.941884366Z   Enc(0)+Enc(0)->0                  PASS
2026-09-28T03:27:36.941923271Z   curve secp192r1, ciphertext 50 B    PASS
2026-09-28T03:27:36.942015183Z   frame tag HMAC-SHA256/128: 1.8 us, 1-bit tamper caught  PASS
2026-09-28T03:27:36.942032485Z 
2026-09-28T03:27:36.942035885Z --- encrypting my supervisors' initial states ---
2026-09-28T03:27:36.942304519Z [load] S4         idx 4   44 states  15 constraining ev    2200 B ciphertext
2026-09-28T03:27:36.942324421Z [load] S5         idx 5   44 states  15 constraining ev    2200 B ciphertext
2026-09-28T03:27:36.942327422Z [load] S6         idx 6  164 states  21 constraining ev    8200 B ciphertext
2026-09-28T03:27:40.914102637Z [init] my keypair is mine alone; no ciphertext ever leaves this node
2026-09-28T03:27:40.914206650Z [init] my enablement: 11=1 12=1 21=1 22=1 30=0 31=1 32=0 33=1 34=0 35=1 36=0 37=1 38=0 39=1 41=1 42=1 51=1 52=1 53=1 54=1 61=0 63=0 64=0 65=0 66=0 71=0 72=0 73=0 74=0 81=0 82=0
2026-09-28T03:27:40.914221052Z 
2026-09-28T03:27:41.116305330Z [net] waiting for 1 peer(s). all present.
2026-09-28T03:27:42.621673939Z 
2026-09-28T03:27:42.621773752Z ============================================================
2026-09-28T03:27:42.622043585Z   RUN — SIM_SEQ driver — 5 cycles x 44 steps — LOCAL MODULAR
2026-09-28T03:27:42.622167801Z   columns: cN sNN = cycle/step of MY walk; · = a peer caused this
2026-09-28T03:27:42.622196105Z   'done at': run clock, common to all nodes; a cycle is over at the
2026-09-28T03:27:42.622210606Z   LATEST node's print, machine time (DES_WORK_MS 0) included
2026-09-28T03:27:42.622226408Z ============================================================
2026-09-28T03:27:42.622233809Z 
2026-09-28T03:27:42.622240010Z -- cycle 1/5 --
2026-09-28T03:27:43.283467047Z     ·     vote   31    YES to node 1          (seq 1)
2026-09-28T03:27:43.654233508Z     ·     apply  31       365.8 ms HE    5 dec  from node 1  (seq 1)
2026-09-28T03:27:44.241048800Z     ·     apply  32       580.8 ms HE    8 dec  from node 1  (seq 2)
2026-09-28T03:27:44.362386537Z     ·     vote   33    YES to node 1          (seq 3)
2026-09-28T03:27:44.732515418Z     ·     apply  33       366.6 ms HE    5 dec  from node 1  (seq 3)
2026-09-28T03:27:45.318568615Z     ·     apply  34       580.6 ms HE    8 dec  from node 1  (seq 4)
2026-09-28T03:27:45.324745590Z     ·     vote   35    YES to node 1          (seq 5)
2026-09-28T03:27:45.694232790Z     ·     apply  35       367.4 ms HE    5 dec  from node 1  (seq 5)
2026-09-28T03:27:46.327661836Z     ·     apply  36       579.8 ms HE    8 dec  from node 1  (seq 6)
2026-09-28T03:27:46.334707721Z     ·     vote   39    YES to node 1          (seq 7)
2026-09-28T03:27:46.764526398Z     ·     apply  39       423.9 ms HE    6 dec  from node 1  (seq 7)
2026-09-28T03:27:47.045829924Z c1  s15  local  61       279.0 ms HE    4 dec  0 frames
2026-09-28T03:27:47.327612710Z     ·     apply  30       278.7 ms HE    4 dec  from node 1  (seq 8)
2026-09-28T03:27:58.921215350Z c1  s17  local  71        69.5 ms HE    1 dec  0 frames
2026-09-28T03:27:58.990972410Z c1  s18  local  72        69.6 ms HE    1 dec  0 frames
2026-09-28T03:27:59.060959699Z c1  s19  local  81        69.6 ms HE    1 dec  0 frames
2026-09-28T03:27:59.131519960Z c1  s20  local  82        69.9 ms HE    1 dec  0 frames
2026-09-28T03:27:47.678771138Z c1  s21  local  73        69.2 ms HE    1 dec  0 frames
2026-09-28T03:27:47.748812334Z c1  s22  local  74        69.6 ms HE    1 dec  0 frames
2026-09-28T03:27:48.029073829Z c1  s23  local  65       279.3 ms HE    4 dec  0 frames
2026-09-28T03:27:48.309209208Z c1  s24  local  66       279.8 ms HE    4 dec  0 frames
2026-09-28T03:27:48.312077169Z     ·     vote   31    YES to node 1          (seq 9)
2026-09-28T03:27:48.525759103Z     ·     apply  31       209.2 ms HE    3 dec  from node 1  (seq 9)
2026-09-28T03:27:48.874603911Z     ·     apply  32       279.3 ms HE    4 dec  from node 1  (seq 10)
2026-09-28T03:27:49.017088104Z     ·     vote   35    YES to node 1          (seq 11)
2026-09-28T03:27:49.232253824Z     ·     apply  35       209.5 ms HE    3 dec  from node 1  (seq 11)
2026-09-28T03:27:49.582428299Z     ·     apply  36       279.1 ms HE    4 dec  from node 1  (seq 12)
2026-09-28T03:27:49.934789048Z c1  s35  local  61       349.2 ms HE    5 dec  0 frames
2026-09-28T03:27:49.938009753Z     ·     vote   33    YES to node 1          (seq 13)
2026-09-28T03:27:50.150568546Z     ·     apply  33       209.9 ms HE    3 dec  from node 1  (seq 13)
2026-09-28T03:27:50.501809155Z     ·     apply  34       279.9 ms HE    4 dec  from node 1  (seq 14)
2026-09-28T03:27:50.646969184Z     ·     vote   37    YES to node 1          (seq 15)
2026-09-28T03:27:50.861820165Z     ·     apply  37       209.2 ms HE    3 dec  from node 1  (seq 15)
2026-09-28T03:27:51.142783548Z     ·     apply  38       209.2 ms HE    3 dec  from node 1  (seq 16)
2026-09-28T03:27:51.354039778Z c1  s42  local  63       209.0 ms HE    3 dec  0 frames
2026-09-28T03:27:51.563661302Z c1  s43  local  64       209.0 ms HE    3 dec  0 frames
2026-09-28T03:27:51.563846525Z -- cycle 1/5 done at 8656.7 ms --
2026-09-28T03:27:51.563876729Z 
2026-09-28T03:27:51.563885530Z -- cycle 2/5 --
2026-09-28T03:27:51.566470255Z     ·     vote   31    YES to node 1          (seq 17)
2026-09-28T03:27:51.775995367Z     ·     apply  31       207.6 ms HE    3 dec  from node 1  (seq 17)
2026-09-28T03:27:52.056377577Z     ·     apply  32       208.7 ms HE    3 dec  from node 1  (seq 18)
2026-09-28T03:27:52.340524560Z     ·     vote   33    YES to node 1          (seq 19)
2026-09-28T03:28:04.073284808Z     ·     apply  33       209.3 ms HE    3 dec  from node 1  (seq 19)
2026-09-28T03:27:52.832867946Z     ·     apply  34       208.7 ms HE    3 dec  from node 1  (seq 20)
2026-09-28T03:27:52.902972450Z     ·     vote   35    YES to node 1          (seq 21)
2026-09-28T03:27:53.115366722Z     ·     apply  35       209.2 ms HE    3 dec  from node 1  (seq 21)
2026-09-28T03:27:53.537268505Z     ·     apply  36       208.7 ms HE    3 dec  from node 1  (seq 22)
2026-09-28T03:27:53.611311903Z     ·     vote   39    YES to node 1          (seq 23)
2026-09-28T03:27:53.823355932Z     ·     apply  39       209.2 ms HE    3 dec  from node 1  (seq 23)
2026-09-28T03:27:54.034977407Z c2  s15  local  61       208.9 ms HE    3 dec  0 frames
2026-09-28T03:27:54.249622662Z     ·     apply  30       209.0 ms HE    3 dec  from node 1  (seq 24)
2026-09-28T03:27:54.322076361Z c2  s17  local  71        69.7 ms HE    1 dec  0 frames
2026-09-28T03:27:54.391745910Z c2  s18  local  72        69.6 ms HE    1 dec  0 frames
2026-09-28T03:27:54.462418185Z c2  s19  local  81        70.3 ms HE    1 dec  0 frames
2026-09-28T03:27:54.532720113Z c2  s20  local  82        69.8 ms HE    1 dec  0 frames
2026-09-28T03:27:54.602447770Z c2  s21  local  73        69.7 ms HE    1 dec  0 frames
2026-09-28T03:27:54.672656487Z c2  s22  local  74        69.8 ms HE    1 dec  0 frames
2026-09-28T03:27:54.882422729Z c2  s23  local  65       209.5 ms HE    3 dec  0 frames
2026-09-28T03:27:55.092059355Z c2  s24  local  66       209.5 ms HE    3 dec  0 frames
2026-09-28T03:27:55.095241955Z     ·     vote   31    YES to node 1          (seq 25)
2026-09-28T03:27:55.309192623Z     ·     apply  31       209.2 ms HE    3 dec  from node 1  (seq 25)
2026-09-28T03:27:55.589399011Z     ·     apply  32       208.7 ms HE    3 dec  from node 1  (seq 26)
2026-09-28T03:27:55.801270618Z     ·     vote   35    YES to node 1          (seq 27)
2026-09-28T03:27:56.012928398Z     ·     apply  35       209.2 ms HE    3 dec  from node 1  (seq 27)
2026-09-28T03:27:56.294567766Z     ·     apply  36       208.9 ms HE    3 dec  from node 1  (seq 28)
2026-09-28T03:27:56.507283879Z c2  s35  local  61       209.3 ms HE    3 dec  0 frames
2026-09-28T03:27:56.510043325Z     ·     vote   33    YES to node 1          (seq 29)
2026-09-28T03:27:56.724443950Z     ·     apply  33       209.0 ms HE    3 dec  from node 1  (seq 29)
2026-09-28T03:27:57.005339824Z     ·     apply  34       208.8 ms HE    3 dec  from node 1  (seq 30)
2026-09-28T03:27:57.217309144Z     ·     vote   37    YES to node 1          (seq 31)
2026-09-28T03:28:08.952575488Z     ·     apply  37       209.4 ms HE    3 dec  from node 1  (seq 31)
2026-09-28T03:27:57.720860300Z     ·     apply  38       208.8 ms HE    3 dec  from node 1  (seq 32)
2026-09-28T03:27:57.933067249Z c2  s42  local  63       209.1 ms HE    3 dec  0 frames
2026-09-28T03:27:58.142883797Z c2  s43  local  64       209.5 ms HE    3 dec  0 frames
2026-09-28T03:27:58.142968208Z -- cycle 2/5 done at 15227.3 ms --
2026-09-28T03:27:58.142979810Z 
2026-09-28T03:27:58.142987411Z -- cycle 3/5 --
2026-09-28T03:27:58.146469348Z     ·     vote   31    YES to node 1          (seq 33)
2026-09-28T03:27:58.360693850Z     ·     apply  31       209.1 ms HE    3 dec  from node 1  (seq 33)
2026-09-28T03:27:58.643285038Z     ·     apply  32       209.1 ms HE    3 dec  from node 1  (seq 34)
2026-09-28T03:27:58.926182164Z     ·     vote   33    YES to node 1          (seq 35)
2026-09-28T03:27:59.137535906Z     ·     apply  33       208.7 ms HE    3 dec  from node 1  (seq 35)
2026-09-28T03:27:59.419966973Z     ·     apply  34       209.2 ms HE    3 dec  from node 1  (seq 36)
2026-09-28T03:27:59.493742238Z     ·     vote   35    YES to node 1          (seq 37)
2026-09-28T03:27:59.706442149Z     ·     apply  35       209.2 ms HE    3 dec  from node 1  (seq 37)
2026-09-28T03:28:00.128545957Z     ·     apply  36       208.8 ms HE    3 dec  from node 1  (seq 38)
2026-09-28T03:28:00.200609106Z     ·     vote   39    YES to node 1          (seq 39)
2026-09-28T03:28:00.415459087Z     ·     apply  39       209.0 ms HE    3 dec  from node 1  (seq 39)
2026-09-28T03:28:00.627988577Z c3  s15  local  61       209.7 ms HE    3 dec  0 frames
2026-09-28T03:28:00.842866161Z     ·     apply  30       209.1 ms HE    3 dec  from node 1  (seq 40)
2026-09-28T03:28:00.915127435Z c3  s17  local  71        69.9 ms HE    1 dec  0 frames
2026-09-28T03:28:00.984917200Z c3  s18  local  72        69.5 ms HE    1 dec  0 frames
2026-09-28T03:28:01.055386149Z c3  s19  local  81        69.8 ms HE    1 dec  0 frames
2026-09-28T03:28:01.125150010Z c3  s20  local  82        69.6 ms HE    1 dec  0 frames
2026-09-28T03:28:01.195668866Z c3  s21  local  73        70.1 ms HE    1 dec  0 frames
2026-09-28T03:28:01.266032802Z c3  s22  local  74        70.0 ms HE    1 dec  0 frames
2026-09-28T03:28:01.474825722Z c3  s23  local  65       209.3 ms HE    3 dec  0 frames
2026-09-28T03:28:01.685500779Z c3  s24  local  66       209.8 ms HE    3 dec  0 frames
2026-09-28T03:28:01.691039474Z     ·     vote   31    YES to node 1          (seq 41)
2026-09-28T03:28:01.902747060Z     ·     apply  31       208.9 ms HE    3 dec  from node 1  (seq 41)
2026-09-28T03:28:02.185780804Z     ·     apply  32       208.9 ms HE    3 dec  from node 1  (seq 42)
2026-09-28T03:28:02.396129419Z     ·     vote   35    YES to node 1          (seq 43)
2026-09-28T03:28:14.121360660Z     ·     apply  35       208.9 ms HE    3 dec  from node 1  (seq 43)
2026-09-28T03:28:02.890487488Z     ·     apply  36       208.7 ms HE    3 dec  from node 1  (seq 44)
2026-09-28T03:28:03.102977473Z c3  s35  local  61       209.7 ms HE    3 dec  0 frames
2026-09-28T03:28:03.108536671Z     ·     vote   33    YES to node 1          (seq 45)
2026-09-28T03:28:03.320314966Z     ·     apply  33       209.0 ms HE    3 dec  from node 1  (seq 45)
2026-09-28T03:28:03.602980963Z     ·     apply  34       208.9 ms HE    3 dec  from node 1  (seq 46)
2026-09-28T03:28:03.813973159Z     ·     vote   37    YES to node 1          (seq 47)
2026-09-28T03:28:04.025449416Z     ·     apply  37       208.9 ms HE    3 dec  from node 1  (seq 47)
2026-09-28T03:28:04.307910688Z     ·     apply  38       209.2 ms HE    3 dec  from node 1  (seq 48)
2026-09-28T03:28:04.520159542Z c3  s42  local  63       209.6 ms HE    3 dec  0 frames
2026-09-28T03:28:04.730290630Z c3  s43  local  64       209.5 ms HE    3 dec  0 frames
2026-09-28T03:28:04.730381642Z -- cycle 3/5 done at 21813.3 ms --
2026-09-28T03:28:04.730395243Z 
2026-09-28T03:28:04.730403344Z -- cycle 4/5 --
2026-09-28T03:28:04.733064179Z     ·     vote   31    YES to node 1          (seq 49)
2026-09-28T03:28:04.945139311Z     ·     apply  31       209.2 ms HE    3 dec  from node 1  (seq 49)
2026-09-28T03:28:05.226398831Z     ·     apply  32       209.7 ms HE    3 dec  from node 1  (seq 50)
2026-09-28T03:28:05.508546864Z     ·     vote   33    YES to node 1          (seq 51)
2026-09-28T03:28:05.723873304Z     ·     apply  33       209.2 ms HE    3 dec  from node 1  (seq 51)
2026-09-28T03:28:06.004313122Z     ·     apply  34       208.5 ms HE    3 dec  from node 1  (seq 52)
2026-09-28T03:28:06.074958993Z     ·     vote   35    YES to node 1          (seq 53)
2026-09-28T03:28:06.288410399Z     ·     apply  35       208.6 ms HE    3 dec  from node 1  (seq 53)
2026-09-28T03:28:06.709855024Z     ·     apply  36       209.2 ms HE    3 dec  from node 1  (seq 54)
2026-09-28T03:28:06.782492645Z     ·     vote   39    YES to node 1          (seq 55)
2026-09-28T03:28:06.994655389Z     ·     apply  39       209.2 ms HE    3 dec  from node 1  (seq 55)
2026-09-28T03:28:07.206732021Z c4  s15  local  61       209.2 ms HE    3 dec  0 frames
2026-09-28T03:28:07.418391602Z     ·     apply  30       208.8 ms HE    3 dec  from node 1  (seq 56)
2026-09-28T03:28:18.999142187Z c4  s17  local  71        69.6 ms HE    1 dec  0 frames
2026-09-28T03:28:19.069334602Z c4  s18  local  72        69.8 ms HE    1 dec  0 frames
2026-09-28T03:28:19.139021353Z c4  s19  local  81        69.6 ms HE    1 dec  0 frames
2026-09-28T03:28:07.694787827Z c4  s20  local  82        69.9 ms HE    1 dec  0 frames
2026-09-28T03:28:07.763344836Z c4  s21  local  73        69.3 ms HE    1 dec  0 frames
2026-09-28T03:28:07.833245214Z c4  s22  local  74        69.4 ms HE    1 dec  0 frames
2026-09-28T03:28:08.042189453Z c4  s23  local  65       208.8 ms HE    3 dec  0 frames
2026-09-28T03:28:08.252501664Z c4  s24  local  66       209.7 ms HE    3 dec  0 frames
2026-09-28T03:28:08.255292915Z     ·     vote   31    YES to node 1          (seq 57)
2026-09-28T03:28:08.469930969Z     ·     apply  31       209.1 ms HE    3 dec  from node 1  (seq 57)
2026-09-28T03:28:08.750096252Z     ·     apply  32       209.0 ms HE    3 dec  from node 1  (seq 58)
2026-09-28T03:28:08.964330755Z     ·     vote   35    YES to node 1          (seq 59)
2026-09-28T03:28:09.178249319Z     ·     apply  35       208.7 ms HE    3 dec  from node 1  (seq 59)
2026-09-28T03:28:09.459165397Z     ·     apply  36       209.0 ms HE    3 dec  from node 1  (seq 60)
2026-09-28T03:28:09.671365545Z c4  s35  local  61       209.2 ms HE    3 dec  0 frames
2026-09-28T03:28:09.675143019Z     ·     vote   33    YES to node 1          (seq 61)
2026-09-28T03:28:09.887306463Z     ·     apply  33       209.1 ms HE    3 dec  from node 1  (seq 61)
2026-09-28T03:28:10.169090349Z     ·     apply  34       209.0 ms HE    3 dec  from node 1  (seq 62)
2026-09-28T03:28:10.381520026Z     ·     vote   37    YES to node 1          (seq 63)
2026-09-28T03:28:10.596795760Z     ·     apply  37       209.2 ms HE    3 dec  from node 1  (seq 63)
2026-09-28T03:28:10.877133665Z     ·     apply  38       210.0 ms HE    3 dec  from node 1  (seq 64)
2026-09-28T03:28:11.088975368Z c4  s42  local  63       209.1 ms HE    3 dec  0 frames
2026-09-28T03:28:11.298665001Z c4  s43  local  64       209.6 ms HE    3 dec  0 frames
2026-09-28T03:28:11.298749511Z -- cycle 4/5 done at 28387.5 ms --
2026-09-28T03:28:11.298760913Z 
2026-09-28T03:28:11.298767914Z -- cycle 5/5 --
2026-09-28T03:28:11.304778569Z     ·     vote   31    YES to node 1          (seq 65)
2026-09-28T03:28:11.516999019Z     ·     apply  31       209.2 ms HE    3 dec  from node 1  (seq 65)
2026-09-28T03:28:11.798808109Z     ·     apply  32       209.3 ms HE    3 dec  from node 1  (seq 66)
2026-09-28T03:28:12.083127313Z     ·     vote   33    YES to node 1          (seq 67)
2026-09-28T03:28:12.295544289Z     ·     apply  33       209.4 ms HE    3 dec  from node 1  (seq 67)
2026-09-28T03:28:24.092351281Z     ·     apply  34       209.2 ms HE    3 dec  from node 1  (seq 68)
2026-09-28T03:28:24.164543747Z     ·     vote   35    YES to node 1          (seq 69)
2026-09-28T03:28:12.859901227Z     ·     apply  35       207.7 ms HE    3 dec  from node 1  (seq 69)
2026-09-28T03:28:13.276308719Z     ·     apply  36       207.8 ms HE    3 dec  from node 1  (seq 70)
2026-09-28T03:28:13.347745790Z     ·     vote   39    YES to node 1          (seq 71)
2026-09-28T03:28:13.558775191Z     ·     apply  39       208.0 ms HE    3 dec  from node 1  (seq 71)
2026-09-28T03:28:13.770426470Z c5  s15  local  61       208.8 ms HE    3 dec  0 frames
2026-09-28T03:28:13.981739407Z     ·     apply  30       208.7 ms HE    3 dec  from node 1  (seq 72)
2026-09-28T03:28:14.053676141Z c5  s17  local  71        69.6 ms HE    1 dec  0 frames
2026-09-28T03:28:14.122627900Z c5  s18  local  72        69.3 ms HE    1 dec  0 frames
2026-09-28T03:28:14.192818414Z c5  s19  local  81        69.5 ms HE    1 dec  0 frames
2026-09-28T03:28:14.262355447Z c5  s20  local  82        69.7 ms HE    1 dec  0 frames
2026-09-28T03:28:14.333156338Z c5  s21  local  73        69.9 ms HE    1 dec  0 frames
2026-09-28T03:28:14.402983907Z c5  s22  local  74        69.7 ms HE    1 dec  0 frames
2026-09-28T03:28:14.611994054Z c5  s23  local  65       208.9 ms HE    3 dec  0 frames
2026-09-28T03:28:14.821294838Z c5  s24  local  66       209.1 ms HE    3 dec  0 frames
2026-09-28T03:28:14.824438233Z     ·     vote   31    YES to node 1          (seq 73)
2026-09-28T03:28:15.036518366Z     ·     apply  31       208.9 ms HE    3 dec  from node 1  (seq 73)
2026-09-28T03:28:15.319009741Z     ·     apply  32       208.9 ms HE    3 dec  from node 1  (seq 74)
2026-09-28T03:28:15.530953357Z     ·     vote   35    YES to node 1          (seq 75)
2026-09-28T03:28:15.744733704Z     ·     apply  35       208.7 ms HE    3 dec  from node 1  (seq 75)
2026-09-28T03:28:16.025618377Z     ·     apply  36       209.0 ms HE    3 dec  from node 1  (seq 76)
2026-09-28T03:28:16.237178145Z c5  s35  local  61       208.6 ms HE    3 dec  0 frames
2026-09-28T03:28:16.242710639Z     ·     vote   33    YES to node 1          (seq 77)
2026-09-28T03:28:16.454599048Z     ·     apply  33       209.0 ms HE    3 dec  from node 1  (seq 77)
2026-09-28T03:28:16.735736554Z     ·     apply  34       208.9 ms HE    3 dec  from node 1  (seq 78)
2026-09-28T03:28:16.947620962Z     ·     vote   37    YES to node 1          (seq 79)
2026-09-28T03:28:17.159591981Z     ·     apply  37       208.9 ms HE    3 dec  from node 1  (seq 79)
2026-09-28T03:28:17.443107685Z     ·     apply  38       208.8 ms HE    3 dec  from node 1  (seq 80)
2026-09-28T03:28:29.172055856Z c5  s42  local  63       210.0 ms HE    3 dec  0 frames
2026-09-28T03:28:17.859344210Z c5  s43  local  64       208.5 ms HE    3 dec  0 frames
2026-09-28T03:28:17.859480827Z -- cycle 5/5 done at 34956.6 ms --
2026-09-28T03:28:17.859498229Z 
2026-09-28T03:28:17.859505430Z ============================================================
2026-09-28T03:28:17.859512931Z   SUMMARY — node 2/2 — LOCAL MODULAR — UDP/IP multicast (RFC 1112)
2026-09-28T03:28:17.859521332Z ============================================================
2026-09-28T03:28:17.859528333Z   events this node FIRED:
2026-09-28T03:28:17.859534934Z   local (no network)     n=60   avg   145.54 ms  (HE  145.32 + net    0.00)  min   69.26  max   349.42  100.0%
2026-09-28T03:28:17.859542235Z   shared controllable          (none on this node)
2026-09-28T03:28:17.859548636Z   shared uncontroll.           (none on this node)
2026-09-28T03:28:17.859555037Z   events this node APPLIED for a peer (participant side):
2026-09-28T03:28:17.859561637Z   shared, applied        n=80   avg   235.01 ms  (HE  235.01 + net    0.00)  min  207.55  max   580.85
2026-09-28T03:28:17.859568538Z   run clock, end of cycles 1..5 (ms): 8656.7 15227.3 21813.3 28387.5 34956.6
2026-09-28T03:28:17.859575339Z      a cycle is over at the LATEST node's value; DES_WORK_MS 0 included
2026-09-28T03:28:17.859582240Z   ----------------------------------------------------------
2026-09-28T03:28:17.859588941Z   all events            n=60   avg   145.54 ms  (HE  145.32 + net    0.00)
2026-09-28T03:28:17.859595742Z   PEER-WAIT + WIRE      0.0 % of total step time
2026-09-28T03:28:17.859602243Z      (compare against the round-trip probe above: the excess is
2026-09-28T03:28:17.859608743Z       the peer's own HE work, not the link.)
2026-09-28T03:28:17.859615044Z   frames: tx=230 rx=150 retransmits=0
2026-09-28T03:28:17.859621445Z   authentication: HMAC-SHA256/128, 1.8 us per frame; 0 rejected (bad tag), 0 stale/replayed dropped, 1 epoch challenges
2026-09-28T03:28:17.859628346Z   rx queue: peak 1/64 frames
2026-09-28T03:28:17.859635147Z   plant check: 0 event reports rejected as physically impossible
2026-09-28T03:28:17.859642448Z      (these supervisors carry the plant: an impossible uncontrollable event is caught)
2026-09-28T03:28:17.859827071Z   ----------------------------------------------------------
2026-09-28T03:28:17.859850374Z   homomorphic vs cleartext oracle : PASS — every encrypted bit matched
2026-09-28T03:28:17.859858575Z      (PASS certifies the cryptography: each node's encrypted bits
2026-09-28T03:28:17.859865076Z       match its own clear model for the events it applied. It does
2026-09-28T03:28:17.859871676Z       not certify the distributed run — read the skips for that.)
2026-09-28T03:28:17.859878377Z   distributed vs MONOLITHIC sup.  : off — this header has no monolithic supervisor
2026-09-28T03:28:17.859885178Z   safe halt                       : no — ran to completion
2026-09-28T03:28:17.859892579Z ============================================================
2026-09-28T03:28:27.871970766Z @@RESULT {"node":2,"nodes":2,"family":"LOCAL MODULAR","data":"supervisor_data_fms.h","transport":"UDP/IP multicast (RFC 1112)","fingerprint":"edbd7971","supervisors":["S4","S5","S6"],"fired":{"local":60,"ctrl":0,"unctrl":0},"applied_for_peers":80,"skips":0,"impossible":0,"tx":230,"rx":150,"retx":0,"auth_bad":0,"replays":0,"challenges":1,"mac_us":1.76,"rxq_peak":1,"rxq_drops":0,"sync_wait_ms":0.0,"oracle":"PASS","safe_halt":false,"halt_reason":"","cycle_end_ms":[8656.7,15227.3,21813.3,28387.5,34956.6],"rounds":5,"work_ms":0,"emu_scalarmul_ms":69.0,"exit":0}
