2026-09-28T00:05:42.774650046Z des_container: node 2 of 4, LOCAL MODULAR, data supervisor_data_fms.h, transport UDP/IP multicast (RFC 1112)
2026-09-28T00:05:42.774747559Z des_container: EMULATING the ESP32 — every decryption takes at least 69.0 ms (DES_EMU_SCALARMUL_MS)
2026-09-28T00:05:42.774755060Z 
2026-09-28T00:05:42.774757860Z ============================================================
2026-09-28T00:05:42.774760060Z   Distributed Homomorphic DES — generic engine
2026-09-28T00:05:42.774761960Z   node 2/4   family LOCAL MODULAR   7 supervisors   31 events
2026-09-28T00:05:42.774763961Z   data: supervisor_data_fms.h
2026-09-28T00:05:42.774765861Z ============================================================
2026-09-28T00:05:42.775432345Z --- event routing (DERIVED from the header, not hardcoded) ---
2026-09-28T00:05:42.775441146Z   event  ctrl  nodes      owner  class
2026-09-28T00:05:42.775442846Z   11     yes   1          1      local — no network
2026-09-28T00:05:42.775444546Z   12     no    1          1      local — no network
2026-09-28T00:05:42.775445846Z   21     yes   1          1      local — no network
2026-09-28T00:05:42.775447047Z   22     no    1          1      local — no network
2026-09-28T00:05:42.775448447Z   30     no    1 2 3 4    1      SHARED — needs network
2026-09-28T00:05:42.775449647Z   31     yes   1 2 3 4    1      SHARED — needs network
2026-09-28T00:05:42.775450947Z   32     no    1 2 3 4    1      SHARED — needs network
2026-09-28T00:05:42.775452247Z   33     yes   1 2 3 4    1      SHARED — needs network
2026-09-28T00:05:42.775453447Z   34     no    1 2 3 4    1      SHARED — needs network
2026-09-28T00:05:42.775454747Z   35     yes   1 2 3 4    1      SHARED — needs network
2026-09-28T00:05:42.775456048Z   36     no    1 2 3 4    1      SHARED — needs network
2026-09-28T00:05:42.775457248Z   37     yes   1 2 3 4    1      SHARED — needs network
2026-09-28T00:05:42.775458548Z   38     no    1 2 3 4    1      SHARED — needs network
2026-09-28T00:05:42.775460448Z   39     yes   1 2 3 4    1      SHARED — needs network
2026-09-28T00:05:42.775462648Z   41     yes   2          2      local — no network
2026-09-28T00:05:42.775465149Z   42     no    2          2      local — no network
2026-09-28T00:05:42.775467349Z   51     yes   2          2      local — no network
2026-09-28T00:05:42.775469549Z   52     no    2          2      local — no network
2026-09-28T00:05:42.775472050Z   53     yes   2          2      local — no network
2026-09-28T00:05:42.775473550Z   54     no    2          2      local — no network
2026-09-28T00:05:42.775474850Z   61     yes   3 4        3      SHARED — needs network
2026-09-28T00:05:42.775476050Z   63     yes   3 4        3      SHARED — needs network
2026-09-28T00:05:42.775477350Z   64     no    3 4        3      SHARED — needs network
2026-09-28T00:05:42.775486751Z   65     yes   3 4        3      SHARED — needs network
2026-09-28T00:05:42.775488352Z   66     no    3 4        3      SHARED — needs network
2026-09-28T00:05:42.775489552Z   71     yes   4          4      local — no network
2026-09-28T00:05:42.775490852Z   72     no    4          4      local — no network
2026-09-28T00:05:42.775492452Z   73     yes   4          4      local — no network
2026-09-28T00:05:42.775494552Z   74     no    4          4      local — no network
2026-09-28T00:05:42.775496753Z   81     yes   4          4      local — no network
2026-09-28T00:05:42.775498753Z   82     no    4          4      local — no network
2026-09-28T00:05:42.775500953Z   => 15/31 events shared; 16/31 need ZERO network traffic; 16 concern this node
2026-09-28T00:05:42.775503254Z   NOTE controllability was INFERRED from event labels (the header
2026-09-28T00:05:42.775505754Z        does not carry it). Check the 'ctrl' column above; if it is
2026-09-28T00:05:42.775507854Z        wrong, set DES_CONTROLLABLE_MASK explicitly.
2026-09-28T00:05:42.775509854Z 
2026-09-28T00:05:42.775512055Z [init] config fingerprint 457cc268 — every node must print the same
2026-09-28T00:05:42.775514255Z 
2026-09-28T00:05:42.775558460Z [net] UDP multicast 239.192.7.1:5077  ttl=1  frame=44 B
2026-09-28T00:05:42.775565861Z --- crypto self-test ---
2026-09-28T00:05:42.777897854Z   Enc(0)->0 Enc(1)->1                PASS
2026-09-28T00:05:42.778829371Z   Enc(1)+Enc(1)->1 homomorphic OR   PASS
2026-09-28T00:05:42.779622571Z   Enc(0)+Enc(0)->0                  PASS
2026-09-28T00:05:42.779633972Z   curve secp192r1, ciphertext 50 B    PASS
2026-09-28T00:05:42.779735885Z   frame tag HMAC-SHA256/128: 1.4 us, 1-bit tamper caught  PASS
2026-09-28T00:05:42.779763989Z 
2026-09-28T00:05:42.779768489Z --- encrypting my supervisors' initial states ---
2026-09-28T00:05:42.779770889Z [load] S2         idx 2   18 states  12 constraining ev     900 B ciphertext
2026-09-28T00:05:42.779772890Z [load] S3         idx 3   21 states  14 constraining ev    1050 B ciphertext
2026-09-28T00:05:44.623212689Z [init] my keypair is mine alone; no ciphertext ever leaves this node
2026-09-28T00:05:44.623298499Z [init] my enablement: 11=1 12=1 21=1 22=1 30=0 31=1 32=0 33=1 34=0 35=0 36=0 37=0 38=0 39=0 41=0 42=0 51=0 52=0 53=0 54=0 61=1 63=1 64=1 65=1 66=1 71=1 72=1 73=1 74=1 81=1 82=1
2026-09-28T00:05:44.623311501Z 
2026-09-28T00:05:45.220328282Z [net] waiting for 3 peer(s)... all present.
2026-09-28T00:05:46.724420866Z 
2026-09-28T00:05:46.724448370Z ============================================================
2026-09-28T00:05:46.724450870Z   RUN — SIM_SEQ driver — 5 cycles x 44 steps — LOCAL MODULAR
2026-09-28T00:05:46.724466272Z   columns: cN sNN = cycle/step of MY walk; · = a peer caused this
2026-09-28T00:05:46.724467872Z   'done at': run clock, common to all nodes; a cycle is over at the
2026-09-28T00:05:46.724469172Z   LATEST node's print, machine time (DES_WORK_MS 0) included
2026-09-28T00:05:46.724470572Z ============================================================
2026-09-28T00:05:46.724471873Z 
2026-09-28T00:05:46.724473073Z -- cycle 1/5 --
2026-09-28T00:05:47.499066946Z     ·     vote   31    YES to node 1          (seq 1)
2026-09-28T00:05:47.643239251Z     ·     apply  31       141.2 ms HE    2 dec  from node 1  (seq 1)
2026-09-28T00:05:48.070652926Z     ·     apply  32       348.5 ms HE    5 dec  from node 1  (seq 2)
2026-09-28T00:05:48.142599461Z c1  s5   local  41        69.5 ms HE    1 dec  0 frames
2026-09-28T00:05:48.212261309Z c1  s7   local  42        69.4 ms HE    1 dec  0 frames
2026-09-28T00:05:48.214642508Z     ·     vote   33    YES to node 1          (seq 3)
2026-09-28T00:05:48.358080321Z     ·     apply  33       139.0 ms HE    2 dec  from node 1  (seq 3)
2026-09-28T00:05:48.573886922Z     ·     apply  34       139.3 ms HE    2 dec  from node 1  (seq 4)
2026-09-28T00:05:48.796391164Z     ·     vote   35    YES to node 1          (seq 5)
2026-09-28T00:05:48.938464405Z     ·     apply  35       139.5 ms HE    2 dec  from node 1  (seq 5)
2026-09-28T00:05:49.010456746Z c1  s11  local  53        69.7 ms HE    1 dec  0 frames
2026-09-28T00:05:49.080208906Z c1  s12  local  54        69.7 ms HE    1 dec  0 frames
2026-09-28T00:05:49.222720102Z     ·     apply  36       139.1 ms HE    2 dec  from node 1  (seq 6)
2026-09-28T00:05:49.444289027Z     ·     vote   39    YES to node 1          (seq 7)
2026-09-28T00:05:49.586555493Z     ·     apply  39       139.5 ms HE    2 dec  from node 1  (seq 7)
2026-09-28T00:05:50.084970916Z     ·     apply  30       138.8 ms HE    2 dec  from node 1  (seq 8)
2026-09-28T00:05:50.870635079Z     ·     vote   31    YES to node 1          (seq 9)
2026-09-28T00:05:51.012068341Z     ·     apply  31       139.0 ms HE    2 dec  from node 1  (seq 9)
2026-09-28T00:05:51.159270126Z     ·     apply  32       139.2 ms HE    2 dec  from node 1  (seq 10)
2026-09-28T00:05:51.231440389Z c1  s30  local  41        69.8 ms HE    1 dec  0 frames
2026-09-28T00:05:51.300562970Z c1  s31  local  42        69.4 ms HE    1 dec  0 frames
2026-09-28T00:05:51.303445232Z     ·     vote   35    YES to node 1          (seq 11)
2026-09-28T00:05:51.447653141Z     ·     apply  35       139.4 ms HE    2 dec  from node 1  (seq 11)
2026-09-28T00:05:51.592956488Z     ·     apply  36       139.6 ms HE    2 dec  from node 1  (seq 12)
2026-09-28T00:05:51.954784827Z     ·     vote   33    YES to node 1          (seq 13)
2026-09-28T00:05:52.096179983Z     ·     apply  33       139.1 ms HE    2 dec  from node 1  (seq 13)
2026-09-28T00:05:52.241378717Z     ·     apply  34       139.9 ms HE    2 dec  from node 1  (seq 14)
2026-09-28T00:05:52.313931628Z c1  s38  local  51        69.6 ms HE    1 dec  0 frames
2026-09-28T00:05:52.384583801Z c1  s39  local  52        70.3 ms HE    1 dec  0 frames
2026-09-28T00:05:52.387962425Z     ·     vote   37    YES to node 1          (seq 15)
2026-09-28T00:05:52.529982360Z     ·     apply  37       139.2 ms HE    2 dec  from node 1  (seq 15)
2026-09-28T00:05:52.674485807Z     ·     apply  38       139.3 ms HE    2 dec  from node 1  (seq 16)
2026-09-28T00:05:52.676755892Z -- cycle 1/5 done at 5555.7 ms --
2026-09-28T00:05:52.676820500Z 
2026-09-28T00:05:52.676832701Z -- cycle 2/5 --
2026-09-28T00:05:52.968031570Z     ·     vote   31    YES to node 1          (seq 17)
2026-09-28T00:05:53.111337066Z     ·     apply  31       139.2 ms HE    2 dec  from node 1  (seq 17)
2026-09-28T00:05:53.256492995Z     ·     apply  32       139.5 ms HE    2 dec  from node 1  (seq 18)
2026-09-28T00:05:53.327916264Z c2  s5   local  41        69.4 ms HE    1 dec  0 frames
2026-09-28T00:05:53.397633419Z c2  s7   local  42        69.4 ms HE    1 dec  0 frames
2026-09-28T00:05:53.400507980Z     ·     vote   33    YES to node 1          (seq 19)
2026-09-28T00:05:53.545596101Z     ·     apply  33       139.4 ms HE    2 dec  from node 1  (seq 19)
2026-09-28T00:05:53.689435764Z     ·     apply  34       139.1 ms HE    2 dec  from node 1  (seq 20)
2026-09-28T00:05:53.695541531Z     ·     vote   35    YES to node 1          (seq 21)
2026-09-28T00:05:53.840144090Z     ·     apply  35       139.5 ms HE    2 dec  from node 1  (seq 21)
2026-09-28T00:05:53.912219441Z c2  s11  local  53        69.7 ms HE    1 dec  0 frames
2026-09-28T00:05:53.982528070Z c2  s12  local  54        69.8 ms HE    1 dec  0 frames
2026-09-28T00:05:54.124089748Z     ·     apply  36       139.1 ms HE    2 dec  from node 1  (seq 22)
2026-09-28T00:05:54.130656172Z     ·     vote   39    YES to node 1          (seq 23)
2026-09-28T00:05:54.271676782Z     ·     apply  39       138.5 ms HE    2 dec  from node 1  (seq 23)
2026-09-28T00:05:54.564938309Z     ·     apply  30       139.4 ms HE    2 dec  from node 1  (seq 24)
2026-09-28T00:05:55.205571323Z     ·     vote   31    YES to node 1          (seq 25)
2026-09-28T00:05:55.348064118Z     ·     apply  31       139.3 ms HE    2 dec  from node 1  (seq 25)
2026-09-28T00:05:55.492674778Z     ·     apply  32       139.4 ms HE    2 dec  from node 1  (seq 26)
2026-09-28T00:05:55.564646916Z c2  s30  local  41        69.5 ms HE    1 dec  0 frames
2026-09-28T00:05:55.634823029Z c2  s31  local  42        69.7 ms HE    1 dec  0 frames
2026-09-28T00:05:55.640361524Z     ·     vote   35    YES to node 1          (seq 27)
2026-09-28T00:05:55.783322277Z     ·     apply  35       139.9 ms HE    2 dec  from node 1  (seq 27)
2026-09-28T00:05:55.930349141Z     ·     apply  36       139.4 ms HE    2 dec  from node 1  (seq 28)
2026-09-28T00:05:56.082233515Z     ·     vote   33    YES to node 1          (seq 29)
2026-09-28T00:05:56.226223597Z     ·     apply  33       139.1 ms HE    2 dec  from node 1  (seq 29)
2026-09-28T00:05:56.371419531Z     ·     apply  34       139.4 ms HE    2 dec  from node 1  (seq 30)
2026-09-28T00:05:56.443772717Z c2  s38  local  51        70.0 ms HE    1 dec  0 frames
2026-09-28T00:05:56.513792310Z c2  s39  local  52        69.6 ms HE    1 dec  0 frames
2026-09-28T00:05:56.517356457Z     ·     vote   37    YES to node 1          (seq 31)
2026-09-28T00:05:56.658996844Z     ·     apply  37       139.0 ms HE    2 dec  from node 1  (seq 31)
2026-09-28T00:05:56.804213381Z     ·     apply  38       139.6 ms HE    2 dec  from node 1  (seq 32)
2026-09-28T00:05:56.806535772Z -- cycle 2/5 done at 9686.0 ms --
2026-09-28T00:05:56.806598180Z 
2026-09-28T00:05:56.806611982Z -- cycle 3/5 --
2026-09-28T00:05:57.096208549Z     ·     vote   31    YES to node 1          (seq 33)
2026-09-28T00:05:57.236838710Z     ·     apply  31       138.7 ms HE    2 dec  from node 1  (seq 33)
2026-09-28T00:05:57.381871823Z     ·     apply  32       138.4 ms HE    2 dec  from node 1  (seq 34)
2026-09-28T00:05:57.453197680Z c3  s5   local  41        69.2 ms HE    1 dec  0 frames
2026-09-28T00:05:57.523484307Z c3  s7   local  42        69.6 ms HE    1 dec  0 frames
2026-09-28T00:05:57.526170044Z     ·     vote   33    YES to node 1          (seq 35)
2026-09-28T00:05:57.668771052Z     ·     apply  33       139.2 ms HE    2 dec  from node 1  (seq 35)
2026-09-28T00:05:57.814682475Z     ·     apply  34       139.9 ms HE    2 dec  from node 1  (seq 36)
2026-09-28T00:05:57.819783516Z     ·     vote   35    YES to node 1          (seq 37)
2026-09-28T00:05:57.965716542Z     ·     apply  35       139.8 ms HE    2 dec  from node 1  (seq 37)
2026-09-28T00:05:58.036669652Z c3  s11  local  53        69.5 ms HE    1 dec  0 frames
2026-09-28T00:05:58.106870668Z c3  s12  local  54        69.6 ms HE    1 dec  0 frames
2026-09-28T00:05:58.249919532Z     ·     apply  36       139.2 ms HE    2 dec  from node 1  (seq 38)
2026-09-28T00:05:58.256858404Z     ·     vote   39    YES to node 1          (seq 39)
2026-09-28T00:05:58.399994079Z     ·     apply  39       139.7 ms HE    2 dec  from node 1  (seq 39)
2026-09-28T00:05:58.690287434Z     ·     apply  30       139.4 ms HE    2 dec  from node 1  (seq 40)
2026-09-28T00:05:59.333268579Z     ·     vote   31    YES to node 1          (seq 41)
2026-09-28T00:05:59.480357750Z     ·     apply  31       139.6 ms HE    2 dec  from node 1  (seq 41)
2026-09-28T00:05:59.625343158Z     ·     apply  32       139.2 ms HE    2 dec  from node 1  (seq 42)
2026-09-28T00:05:59.697488518Z c3  s30  local  41        69.7 ms HE    1 dec  0 frames
2026-09-28T00:05:59.767754142Z c3  s31  local  42        70.1 ms HE    1 dec  0 frames
2026-09-28T00:05:59.771182272Z     ·     vote   35    YES to node 1          (seq 43)
2026-09-28T00:06:11.608770172Z     ·     apply  35       139.5 ms HE    2 dec  from node 1  (seq 43)
2026-09-28T00:06:00.055224083Z     ·     apply  36       139.1 ms HE    2 dec  from node 1  (seq 44)
2026-09-28T00:06:00.205108506Z     ·     vote   33    YES to node 1          (seq 45)
2026-09-28T00:06:00.346946718Z     ·     apply  33       139.1 ms HE    2 dec  from node 1  (seq 45)
2026-09-28T00:06:00.493477119Z     ·     apply  34       138.9 ms HE    2 dec  from node 1  (seq 46)
2026-09-28T00:06:00.566130843Z c3  s38  local  51        69.8 ms HE    1 dec  0 frames
2026-09-28T00:06:00.636245448Z c3  s39  local  52        69.7 ms HE    1 dec  0 frames
2026-09-28T00:06:00.639521559Z     ·     vote   37    YES to node 1          (seq 47)
2026-09-28T00:06:00.783559547Z     ·     apply  37       139.3 ms HE    2 dec  from node 1  (seq 47)
2026-09-28T00:06:00.931412215Z     ·     apply  38       139.7 ms HE    2 dec  from node 1  (seq 48)
2026-09-28T00:06:00.933866123Z -- cycle 3/5 done at 13815.0 ms --
2026-09-28T00:06:00.933940632Z 
2026-09-28T00:06:00.933959735Z -- cycle 4/5 --
2026-09-28T00:06:01.223271166Z     ·     vote   31    YES to node 1          (seq 49)
2026-09-28T00:06:01.367562186Z     ·     apply  31       139.7 ms HE    2 dec  from node 1  (seq 49)
2026-09-28T00:06:01.512516590Z     ·     apply  32       139.6 ms HE    2 dec  from node 1  (seq 50)
2026-09-28T00:06:01.584054073Z c4  s5   local  41        69.4 ms HE    1 dec  0 frames
2026-09-28T00:06:01.654072166Z c4  s7   local  42        69.6 ms HE    1 dec  0 frames
2026-09-28T00:06:01.659434240Z     ·     vote   33    YES to node 1          (seq 51)
2026-09-28T00:06:01.801634397Z     ·     apply  33       139.3 ms HE    2 dec  from node 1  (seq 51)
2026-09-28T00:06:01.946639107Z     ·     apply  34       139.4 ms HE    2 dec  from node 1  (seq 52)
2026-09-28T00:06:01.952075089Z     ·     vote   35    YES to node 1          (seq 53)
2026-09-28T00:06:02.095753533Z     ·     apply  35       139.2 ms HE    2 dec  from node 1  (seq 53)
2026-09-28T00:06:02.167753074Z c4  s11  local  53        69.6 ms HE    1 dec  0 frames
2026-09-28T00:06:02.238075705Z c4  s12  local  54        69.7 ms HE    1 dec  0 frames
2026-09-28T00:06:02.380969550Z     ·     apply  36       139.3 ms HE    2 dec  from node 1  (seq 54)
2026-09-28T00:06:02.388576705Z     ·     vote   39    YES to node 1          (seq 55)
2026-09-28T00:06:02.533858550Z     ·     apply  39       140.0 ms HE    2 dec  from node 1  (seq 55)
2026-09-28T00:06:02.825028115Z     ·     apply  30       139.2 ms HE    2 dec  from node 1  (seq 56)
2026-09-28T00:06:03.463579504Z     ·     vote   31    YES to node 1          (seq 57)
2026-09-28T00:06:03.606746483Z     ·     apply  31       138.7 ms HE    2 dec  from node 1  (seq 57)
2026-09-28T00:06:03.749681032Z     ·     apply  32       138.6 ms HE    2 dec  from node 1  (seq 58)
2026-09-28T00:06:03.821131705Z c4  s30  local  41        69.2 ms HE    1 dec  0 frames
2026-09-28T00:06:03.890394703Z c4  s31  local  42        69.2 ms HE    1 dec  0 frames
2026-09-28T00:06:03.892634885Z     ·     vote   35    YES to node 1          (seq 59)
2026-09-28T00:06:04.035535330Z     ·     apply  35       138.5 ms HE    2 dec  from node 1  (seq 59)
2026-09-28T00:06:04.178338863Z     ·     apply  36       138.4 ms HE    2 dec  from node 1  (seq 60)
2026-09-28T00:06:04.325522947Z     ·     vote   33    YES to node 1          (seq 61)
2026-09-28T00:06:04.468463297Z     ·     apply  33       138.6 ms HE    2 dec  from node 1  (seq 61)
2026-09-28T00:06:04.611645478Z     ·     apply  34       138.6 ms HE    2 dec  from node 1  (seq 62)
2026-09-28T00:06:04.683080649Z c4  s38  local  51        69.3 ms HE    1 dec  0 frames
2026-09-28T00:06:04.752413856Z c4  s39  local  52        69.2 ms HE    1 dec  0 frames
2026-09-28T00:06:04.754508919Z     ·     vote   37    YES to node 1          (seq 63)
2026-09-28T00:06:16.591750316Z     ·     apply  37       138.6 ms HE    2 dec  from node 1  (seq 63)
2026-09-28T00:06:05.048803410Z     ·     apply  38       138.5 ms HE    2 dec  from node 1  (seq 64)
2026-09-28T00:06:05.051020988Z -- cycle 4/5 done at 17922.7 ms --
2026-09-28T00:06:05.051038791Z 
2026-09-28T00:06:05.051040791Z -- cycle 5/5 --
2026-09-28T00:06:05.337886113Z     ·     vote   31    YES to node 1          (seq 65)
2026-09-28T00:06:05.478875118Z     ·     apply  31       138.6 ms HE    2 dec  from node 1  (seq 65)
2026-09-28T00:06:05.623938435Z     ·     apply  32       138.5 ms HE    2 dec  from node 1  (seq 66)
2026-09-28T00:06:05.695369305Z c5  s5   local  41        69.2 ms HE    1 dec  0 frames
2026-09-28T00:06:05.764614901Z c5  s7   local  42        69.2 ms HE    1 dec  0 frames
2026-09-28T00:06:05.766881186Z     ·     vote   33    YES to node 1          (seq 67)
2026-09-28T00:06:05.907717372Z     ·     apply  33       138.6 ms HE    2 dec  from node 1  (seq 67)
2026-09-28T00:06:06.052833796Z     ·     apply  34       138.5 ms HE    2 dec  from node 1  (seq 68)
2026-09-28T00:06:06.057415871Z     ·     vote   35    YES to node 1          (seq 69)
2026-09-28T00:06:06.200270411Z     ·     apply  35       138.5 ms HE    2 dec  from node 1  (seq 69)
2026-09-28T00:06:06.272276553Z c5  s11  local  53        69.5 ms HE    1 dec  0 frames
2026-09-28T00:06:06.341561354Z c5  s12  local  54        69.2 ms HE    1 dec  0 frames
2026-09-28T00:06:06.482521156Z     ·     apply  36       138.7 ms HE    2 dec  from node 1  (seq 70)
2026-09-28T00:06:06.487835523Z     ·     vote   39    YES to node 1          (seq 71)
2026-09-28T00:06:06.629851958Z     ·     apply  39       139.2 ms HE    2 dec  from node 1  (seq 71)
2026-09-28T00:06:06.919288905Z     ·     apply  30       139.3 ms HE    2 dec  from node 1  (seq 72)
2026-09-28T00:06:07.553426340Z     ·     vote   31    YES to node 1          (seq 73)
2026-09-28T00:06:07.696071053Z     ·     apply  31       138.4 ms HE    2 dec  from node 1  (seq 73)
2026-09-28T00:06:07.839193026Z     ·     apply  32       138.6 ms HE    2 dec  from node 1  (seq 74)
2026-09-28T00:06:07.910693105Z c5  s30  local  41        69.2 ms HE    1 dec  0 frames
2026-09-28T00:06:07.979941302Z c5  s31  local  42        69.2 ms HE    1 dec  0 frames
2026-09-28T00:06:07.982167881Z     ·     vote   35    YES to node 1          (seq 75)
2026-09-28T00:06:08.125393567Z     ·     apply  35       138.6 ms HE    2 dec  from node 1  (seq 75)
2026-09-28T00:06:08.272753373Z     ·     apply  36       139.5 ms HE    2 dec  from node 1  (seq 76)
2026-09-28T00:06:08.422635395Z     ·     vote   33    YES to node 1          (seq 77)
2026-09-28T00:06:08.564022250Z     ·     apply  33       138.8 ms HE    2 dec  from node 1  (seq 77)
2026-09-28T00:06:08.708500894Z     ·     apply  34       139.3 ms HE    2 dec  from node 1  (seq 78)
2026-09-28T00:06:08.780755068Z c5  s38  local  51        69.7 ms HE    1 dec  0 frames
2026-09-28T00:06:08.850604839Z c5  s39  local  52        69.6 ms HE    1 dec  0 frames
2026-09-28T00:06:08.853364886Z     ·     vote   37    YES to node 1          (seq 79)
2026-09-28T00:06:08.997443779Z     ·     apply  37       139.1 ms HE    2 dec  from node 1  (seq 79)
2026-09-28T00:06:09.141808309Z     ·     apply  38       139.0 ms HE    2 dec  from node 1  (seq 80)
2026-09-28T00:06:09.144293121Z -- cycle 5/5 done at 22015.3 ms --
2026-09-28T00:06:09.144348428Z 
2026-09-28T00:06:09.144356229Z ============================================================
2026-09-28T00:06:09.144361529Z   SUMMARY — node 2/4 — LOCAL MODULAR — UDP/IP multicast (RFC 1112)
2026-09-28T00:06:09.144368030Z ============================================================
2026-09-28T00:06:09.144373031Z   events this node FIRED:
2026-09-28T00:06:09.144378031Z   local (no network)     n=40   avg    69.68 ms  (HE   69.55 + net    0.00)  min   69.22  max    70.54  100.0%
2026-09-28T00:06:09.144383032Z   shared controllable          (none on this node)
2026-09-28T00:06:09.144387733Z   shared uncontroll.           (none on this node)
2026-09-28T00:06:09.144392333Z   events this node APPLIED for a peer (participant side):
2026-09-28T00:06:09.144396934Z   shared, applied        n=80   avg   141.78 ms  (HE  141.78 + net    0.00)  min  138.37  max   348.54
2026-09-28T00:06:09.144401834Z   run clock, end of cycles 1..5 (ms): 5555.7 9686.0 13815.0 17922.7 22015.3
2026-09-28T00:06:09.144435039Z      a cycle is over at the LATEST node's value; DES_WORK_MS 0 included
2026-09-28T00:06:09.144440539Z   ----------------------------------------------------------
2026-09-28T00:06:09.144445540Z   all events            n=40   avg    69.68 ms  (HE   69.55 + net    0.00)
2026-09-28T00:06:09.144457841Z   PEER-WAIT + WIRE      0.0 % of total step time
2026-09-28T00:06:09.144462842Z      (compare against the round-trip probe above: the excess is
2026-09-28T00:06:09.144467443Z       the peer's own HE work, not the link.)
2026-09-28T00:06:09.144472043Z   frames: tx=248 rx=744 retransmits=0
2026-09-28T00:06:09.144476544Z   authentication: HMAC-SHA256/128, 1.4 us per frame; 0 rejected (bad tag), 0 stale/replayed dropped, 3 epoch challenges
2026-09-28T00:06:09.144481444Z   rx queue: peak 4/64 frames
2026-09-28T00:06:09.144486045Z   plant check: 0 event reports rejected as physically impossible
2026-09-28T00:06:09.144491046Z      (these supervisors carry the plant: an impossible uncontrollable event is caught)
2026-09-28T00:06:09.144495946Z   ----------------------------------------------------------
2026-09-28T00:06:09.144500647Z   homomorphic vs cleartext oracle : PASS — every encrypted bit matched
2026-09-28T00:06:09.144505647Z      (PASS certifies the cryptography: each node's encrypted bits
2026-09-28T00:06:09.144510248Z       match its own clear model for the events it applied. It does
2026-09-28T00:06:09.144514849Z       not certify the distributed run — read the skips for that.)
2026-09-28T00:06:09.144519549Z   distributed vs MONOLITHIC sup.  : off — this header has no monolithic supervisor
2026-09-28T00:06:09.144524450Z   safe halt                       : no — ran to completion
2026-09-28T00:06:09.144529450Z ============================================================
2026-09-28T00:06:19.149266922Z @@RESULT {"node":2,"nodes":4,"family":"LOCAL MODULAR","data":"supervisor_data_fms.h","transport":"UDP/IP multicast (RFC 1112)","fingerprint":"457cc268","supervisors":["S2","S3"],"fired":{"local":40,"ctrl":0,"unctrl":0},"applied_for_peers":80,"skips":0,"impossible":0,"tx":248,"rx":751,"retx":0,"auth_bad":0,"replays":0,"challenges":3,"mac_us":1.43,"rxq_peak":4,"rxq_drops":0,"sync_wait_ms":0.0,"oracle":"PASS","safe_halt":false,"halt_reason":"","cycle_end_ms":[5555.7,9686.0,13815.0,17922.7,22015.3],"rounds":5,"work_ms":0,"emu_scalarmul_ms":69.0,"exit":0}
