2026-09-28T03:57:57.262466941Z des_container: node 2 of 4, LOCAL MODULAR, data supervisor_data_fms.h, transport UDP/IP multicast (RFC 1112)
2026-09-28T03:57:57.262517247Z des_container: EMULATING the ESP32 — every decryption takes at least 69.0 ms (DES_EMU_SCALARMUL_MS)
2026-09-28T03:57:57.262522748Z 
2026-09-28T03:57:57.262525248Z ============================================================
2026-09-28T03:57:57.262527448Z   Distributed Homomorphic DES — generic engine
2026-09-28T03:57:57.262529449Z   node 2/4   family LOCAL MODULAR   7 supervisors   31 events
2026-09-28T03:57:57.262531449Z   data: supervisor_data_fms.h
2026-09-28T03:57:57.262533349Z ============================================================
2026-09-28T03:57:57.263256340Z --- event routing (DERIVED from the header, not hardcoded) ---
2026-09-28T03:57:57.263272342Z   event  ctrl  nodes      owner  class
2026-09-28T03:57:57.263274442Z   11     yes   1          1      local — no network
2026-09-28T03:57:57.263276142Z   12     no    1          1      local — no network
2026-09-28T03:57:57.263277342Z   21     yes   1          1      local — no network
2026-09-28T03:57:57.263278743Z   22     no    1          1      local — no network
2026-09-28T03:57:57.263279943Z   30     no    1 2 3 4    1      SHARED — needs network
2026-09-28T03:57:57.263281243Z   31     yes   1 2 3 4    1      SHARED — needs network
2026-09-28T03:57:57.263282543Z   32     no    1 2 3 4    1      SHARED — needs network
2026-09-28T03:57:57.263283743Z   33     yes   1 2 3 4    1      SHARED — needs network
2026-09-28T03:57:57.263285043Z   34     no    1 2 3 4    1      SHARED — needs network
2026-09-28T03:57:57.263286244Z   35     yes   1 2 3 4    1      SHARED — needs network
2026-09-28T03:57:57.263287444Z   36     no    1 2 3 4    1      SHARED — needs network
2026-09-28T03:57:57.263288744Z   37     yes   1 2 3 4    1      SHARED — needs network
2026-09-28T03:57:57.263290044Z   38     no    1 2 3 4    1      SHARED — needs network
2026-09-28T03:57:57.263291944Z   39     yes   1 2 3 4    1      SHARED — needs network
2026-09-28T03:57:57.263293945Z   41     yes   2          2      local — no network
2026-09-28T03:57:57.263296045Z   42     no    2          2      local — no network
2026-09-28T03:57:57.263298145Z   51     yes   2          2      local — no network
2026-09-28T03:57:57.263300345Z   52     no    2          2      local — no network
2026-09-28T03:57:57.263302446Z   53     yes   2          2      local — no network
2026-09-28T03:57:57.263304546Z   54     no    2          2      local — no network
2026-09-28T03:57:57.263306546Z   61     yes   3 4        3      SHARED — needs network
2026-09-28T03:57:57.263308546Z   63     yes   3 4        3      SHARED — needs network
2026-09-28T03:57:57.263310547Z   64     no    3 4        3      SHARED — needs network
2026-09-28T03:57:57.263325448Z   65     yes   3 4        3      SHARED — needs network
2026-09-28T03:57:57.263331649Z   66     no    3 4        3      SHARED — needs network
2026-09-28T03:57:57.263334050Z   71     yes   4          4      local — no network
2026-09-28T03:57:57.263336150Z   72     no    4          4      local — no network
2026-09-28T03:57:57.263338150Z   73     yes   4          4      local — no network
2026-09-28T03:57:57.263340250Z   74     no    4          4      local — no network
2026-09-28T03:57:57.263342351Z   81     yes   4          4      local — no network
2026-09-28T03:57:57.263344351Z   82     no    4          4      local — no network
2026-09-28T03:57:57.263346351Z   => 15/31 events shared; 16/31 need ZERO network traffic; 16 concern this node
2026-09-28T03:57:57.263348651Z   NOTE controllability was INFERRED from event labels (the header
2026-09-28T03:57:57.263351252Z        does not carry it). Check the 'ctrl' column above; if it is
2026-09-28T03:57:57.263353452Z        wrong, set DES_CONTROLLABLE_MASK explicitly.
2026-09-28T03:57:57.263355352Z 
2026-09-28T03:57:57.263357352Z [init] config fingerprint 457cc268 — every node must print the same
2026-09-28T03:57:57.263359553Z 
2026-09-28T03:57:57.263401758Z [net] UDP multicast 239.192.7.1:5077  ttl=1  frame=44 B
2026-09-28T03:57:57.263409459Z --- crypto self-test ---
2026-09-28T03:57:57.266814887Z   Enc(0)->0 Enc(1)->1                PASS
2026-09-28T03:57:57.268603211Z   Enc(1)+Enc(1)->1 homomorphic OR   PASS
2026-09-28T03:57:57.268850042Z   Enc(0)+Enc(0)->0                  PASS
2026-09-28T03:57:57.268863144Z   curve secp192r1, ciphertext 50 B    PASS
2026-09-28T03:57:57.268985759Z   frame tag HMAC-SHA256/128: 1.7 us, 1-bit tamper caught  PASS
2026-09-28T03:57:57.268996361Z 
2026-09-28T03:57:57.268998961Z --- encrypting my supervisors' initial states ---
2026-09-28T03:57:57.269001061Z [load] S2         idx 2   18 states  12 constraining ev     900 B ciphertext
2026-09-28T03:57:57.269003061Z [load] S3         idx 3   21 states  14 constraining ev    1050 B ciphertext
2026-09-28T03:57:59.124033416Z [init] my keypair is mine alone; no ciphertext ever leaves this node
2026-09-28T03:57:59.124086122Z [init] my enablement: 11=1 12=1 21=1 22=1 30=0 31=1 32=0 33=1 34=0 35=0 36=0 37=0 38=0 39=0 41=0 42=0 51=0 52=0 53=0 54=0 61=1 63=1 64=1 65=1 66=1 71=1 72=1 73=1 74=1 81=1 82=1
2026-09-28T03:57:59.124096324Z 
2026-09-28T03:57:59.325358298Z [net] waiting for 3 peer(s). all present.
2026-09-28T03:58:00.829740550Z 
2026-09-28T03:58:00.829769354Z ============================================================
2026-09-28T03:58:00.829772254Z   RUN — SIM_SEQ driver — 5 cycles x 44 steps — LOCAL MODULAR
2026-09-28T03:58:00.829785456Z   columns: cN sNN = cycle/step of MY walk; · = a peer caused this
2026-09-28T03:58:00.829787456Z   'done at': run clock, common to all nodes; a cycle is over at the
2026-09-28T03:58:00.829789156Z   LATEST node's print, machine time (DES_WORK_MS 0) included
2026-09-28T03:58:00.829790957Z ============================================================
2026-09-28T03:58:00.829792657Z 
2026-09-28T03:58:00.829794157Z -- cycle 1/5 --
2026-09-28T03:58:01.595852358Z     ·     vote   31    YES to node 1          (seq 1)
2026-09-28T03:58:01.739954355Z     ·     apply  31       141.3 ms HE    2 dec  from node 1  (seq 1)
2026-09-28T03:58:02.172036616Z     ·     apply  32       349.8 ms HE    5 dec  from node 1  (seq 2)
2026-09-28T03:58:02.244447309Z c1  s5   local  41        69.9 ms HE    1 dec  0 frames
2026-09-28T03:58:02.314560114Z c1  s7   local  42        69.9 ms HE    1 dec  0 frames
2026-09-28T03:58:02.318280981Z     ·     vote   33    YES to node 1          (seq 3)
2026-09-28T03:58:02.462502092Z     ·     apply  33       139.6 ms HE    2 dec  from node 1  (seq 3)
2026-09-28T03:58:02.686328200Z     ·     apply  34       139.8 ms HE    2 dec  from node 1  (seq 4)
2026-09-28T03:58:02.907598087Z     ·     vote   35    YES to node 1          (seq 5)
2026-09-28T03:58:03.049769141Z     ·     apply  35       139.1 ms HE    2 dec  from node 1  (seq 5)
2026-09-28T03:58:03.122328953Z c1  s11  local  53        69.9 ms HE    1 dec  0 frames
2026-09-28T03:58:03.191924593Z c1  s12  local  54        69.5 ms HE    1 dec  0 frames
2026-09-28T03:58:03.334052941Z     ·     apply  36       139.2 ms HE    2 dec  from node 1  (seq 6)
2026-09-28T03:58:03.552666495Z     ·     vote   39    YES to node 1          (seq 7)
2026-09-28T03:58:03.693713508Z     ·     apply  39       138.6 ms HE    2 dec  from node 1  (seq 7)
2026-09-28T03:58:04.190666415Z     ·     apply  30       138.5 ms HE    2 dec  from node 1  (seq 8)
2026-09-28T03:58:04.963671589Z     ·     vote   31    YES to node 1          (seq 9)
2026-09-28T03:58:05.104746605Z     ·     apply  31       138.6 ms HE    2 dec  from node 1  (seq 9)
2026-09-28T03:58:05.249878130Z     ·     apply  32       138.5 ms HE    2 dec  from node 1  (seq 10)
2026-09-28T03:58:05.321404013Z c1  s30  local  41        69.3 ms HE    1 dec  0 frames
2026-09-28T03:58:05.390637207Z c1  s31  local  42        69.2 ms HE    1 dec  0 frames
2026-09-28T03:58:05.392974500Z     ·     vote   35    YES to node 1          (seq 11)
2026-09-28T03:58:05.533884896Z     ·     apply  35       138.6 ms HE    2 dec  from node 1  (seq 11)
2026-09-28T03:58:17.158328677Z     ·     apply  36       138.5 ms HE    2 dec  from node 1  (seq 12)
2026-09-28T03:58:06.025848842Z     ·     vote   33    YES to node 1          (seq 13)
2026-09-28T03:58:06.166967164Z     ·     apply  33       138.6 ms HE    2 dec  from node 1  (seq 13)
2026-09-28T03:58:06.312109091Z     ·     apply  34       138.6 ms HE    2 dec  from node 1  (seq 14)
2026-09-28T03:58:06.383963714Z c1  s38  local  51        69.3 ms HE    1 dec  0 frames
2026-09-28T03:58:06.454026913Z c1  s39  local  52        69.5 ms HE    1 dec  0 frames
2026-09-28T03:58:06.456699148Z     ·     vote   37    YES to node 1          (seq 15)
2026-09-28T03:58:06.601246801Z     ·     apply  37       139.3 ms HE    2 dec  from node 1  (seq 15)
2026-09-28T03:58:06.745874163Z     ·     apply  38       139.2 ms HE    2 dec  from node 1  (seq 16)
2026-09-28T03:58:06.748259662Z -- cycle 1/5 done at 5538.1 ms --
2026-09-28T03:58:06.748316470Z 
2026-09-28T03:58:06.748325571Z -- cycle 2/5 --
2026-09-28T03:58:07.036841202Z     ·     vote   31    YES to node 1          (seq 17)
2026-09-28T03:58:07.179426808Z     ·     apply  31       139.5 ms HE    2 dec  from node 1  (seq 17)
2026-09-28T03:58:07.325115904Z     ·     apply  32       138.6 ms HE    2 dec  from node 1  (seq 18)
2026-09-28T03:58:07.396517871Z c2  s5   local  41        69.2 ms HE    1 dec  0 frames
2026-09-28T03:58:07.465809372Z c2  s7   local  42        69.3 ms HE    1 dec  0 frames
2026-09-28T03:58:07.468035652Z     ·     vote   33    YES to node 1          (seq 19)
2026-09-28T03:58:07.611113019Z     ·     apply  33       138.6 ms HE    2 dec  from node 1  (seq 19)
2026-09-28T03:58:07.756707703Z     ·     apply  34       138.6 ms HE    2 dec  from node 1  (seq 20)
2026-09-28T03:58:07.761484603Z     ·     vote   35    YES to node 1          (seq 21)
2026-09-28T03:58:07.904556370Z     ·     apply  35       138.6 ms HE    2 dec  from node 1  (seq 21)
2026-09-28T03:58:07.976016644Z c2  s11  local  53        69.2 ms HE    1 dec  0 frames
2026-09-28T03:58:08.045257339Z c2  s12  local  54        69.2 ms HE    1 dec  0 frames
2026-09-28T03:58:08.186247845Z     ·     apply  36       138.5 ms HE    2 dec  from node 1  (seq 22)
2026-09-28T03:58:08.190773013Z     ·     vote   39    YES to node 1          (seq 23)
2026-09-28T03:58:08.334104713Z     ·     apply  39       138.8 ms HE    2 dec  from node 1  (seq 23)
2026-09-28T03:58:08.622765863Z     ·     apply  30       139.3 ms HE    2 dec  from node 1  (seq 24)
2026-09-28T03:58:09.267678251Z     ·     vote   31    YES to node 1          (seq 25)
2026-09-28T03:58:09.409619475Z     ·     apply  31       139.4 ms HE    2 dec  from node 1  (seq 25)
2026-09-28T03:58:09.554459064Z     ·     apply  32       139.6 ms HE    2 dec  from node 1  (seq 26)
2026-09-28T03:58:09.626293685Z c2  s30  local  41        69.6 ms HE    1 dec  0 frames
2026-09-28T03:58:09.696148658Z c2  s31  local  42        69.6 ms HE    1 dec  0 frames
2026-09-28T03:58:09.699465974Z     ·     vote   35    YES to node 1          (seq 27)
2026-09-28T03:58:09.843794099Z     ·     apply  35       139.2 ms HE    2 dec  from node 1  (seq 27)
2026-09-28T03:58:09.988500371Z     ·     apply  36       139.3 ms HE    2 dec  from node 1  (seq 28)
2026-09-28T03:58:10.140226925Z     ·     vote   33    YES to node 1          (seq 29)
2026-09-28T03:58:10.282340472Z     ·     apply  33       139.4 ms HE    2 dec  from node 1  (seq 29)
2026-09-28T03:58:10.426862421Z     ·     apply  34       139.4 ms HE    2 dec  from node 1  (seq 30)
2026-09-28T03:58:10.499043485Z c2  s38  local  51        69.7 ms HE    1 dec  0 frames
2026-09-28T03:58:22.056245457Z c2  s39  local  52        69.4 ms HE    1 dec  0 frames
2026-09-28T03:58:22.059562874Z     ·     vote   37    YES to node 1          (seq 31)
2026-09-28T03:58:22.203639167Z     ·     apply  37       139.3 ms HE    2 dec  from node 1  (seq 31)
2026-09-28T03:58:10.862249505Z     ·     apply  38       138.6 ms HE    2 dec  from node 1  (seq 32)
2026-09-28T03:58:10.864320465Z -- cycle 2/5 done at 9652.2 ms --
2026-09-28T03:58:10.864335367Z 
2026-09-28T03:58:10.864338868Z -- cycle 3/5 --
2026-09-28T03:58:11.155529936Z     ·     vote   31    YES to node 1          (seq 33)
2026-09-28T03:58:11.297364747Z     ·     apply  31       139.2 ms HE    2 dec  from node 1  (seq 33)
2026-09-28T03:58:11.442301848Z     ·     apply  32       139.5 ms HE    2 dec  from node 1  (seq 34)
2026-09-28T03:58:11.514424205Z c3  s5   local  41        69.7 ms HE    1 dec  0 frames
2026-09-28T03:58:11.583362163Z c3  s7   local  42        69.3 ms HE    1 dec  0 frames
2026-09-28T03:58:11.588333987Z     ·     vote   33    YES to node 1          (seq 35)
2026-09-28T03:58:11.731032707Z     ·     apply  33       139.3 ms HE    2 dec  from node 1  (seq 35)
2026-09-28T03:58:11.877815340Z     ·     apply  34       139.6 ms HE    2 dec  from node 1  (seq 36)
2026-09-28T03:58:11.883061899Z     ·     vote   35    YES to node 1          (seq 37)
2026-09-28T03:58:12.027799975Z     ·     apply  35       139.2 ms HE    2 dec  from node 1  (seq 37)
2026-09-28T03:58:12.100089653Z c3  s11  local  53        69.6 ms HE    1 dec  0 frames
2026-09-28T03:58:12.169816209Z c3  s12  local  54        69.8 ms HE    1 dec  0 frames
2026-09-28T03:58:12.312811367Z     ·     apply  36       139.5 ms HE    2 dec  from node 1  (seq 38)
2026-09-28T03:58:12.317502856Z     ·     vote   39    YES to node 1          (seq 39)
2026-09-28T03:58:12.460328592Z     ·     apply  39       139.4 ms HE    2 dec  from node 1  (seq 39)
2026-09-28T03:58:12.749872553Z     ·     apply  30       139.3 ms HE    2 dec  from node 1  (seq 40)
2026-09-28T03:58:13.396172915Z     ·     vote   31    YES to node 1          (seq 41)
2026-09-28T03:58:13.536992599Z     ·     apply  31       139.0 ms HE    2 dec  from node 1  (seq 41)
2026-09-28T03:58:13.680891070Z     ·     apply  32       138.9 ms HE    2 dec  from node 1  (seq 42)
2026-09-28T03:58:13.753494387Z c3  s30  local  41        69.6 ms HE    1 dec  0 frames
2026-09-28T03:58:13.822127406Z c3  s31  local  42        69.4 ms HE    1 dec  0 frames
2026-09-28T03:58:13.824568813Z     ·     vote   35    YES to node 1          (seq 43)
2026-09-28T03:58:13.966764470Z     ·     apply  35       139.0 ms HE    2 dec  from node 1  (seq 43)
2026-09-28T03:58:14.111460841Z     ·     apply  36       139.8 ms HE    2 dec  from node 1  (seq 44)
2026-09-28T03:58:14.264067805Z     ·     vote   33    YES to node 1          (seq 45)
2026-09-28T03:58:14.406590203Z     ·     apply  33       139.4 ms HE    2 dec  from node 1  (seq 45)
2026-09-28T03:58:14.551972760Z     ·     apply  34       139.9 ms HE    2 dec  from node 1  (seq 46)
2026-09-28T03:58:14.623796780Z c3  s38  local  51        69.7 ms HE    1 dec  0 frames
2026-09-28T03:58:14.694279031Z c3  s39  local  52        70.0 ms HE    1 dec  0 frames
2026-09-28T03:58:14.697264306Z     ·     vote   37    YES to node 1          (seq 47)
2026-09-28T03:58:14.841594931Z     ·     apply  37       139.3 ms HE    2 dec  from node 1  (seq 47)
2026-09-28T03:58:14.987973813Z     ·     apply  38       139.2 ms HE    2 dec  from node 1  (seq 48)
2026-09-28T03:58:14.990111982Z -- cycle 3/5 done at 13777.8 ms --
2026-09-28T03:58:14.990150987Z 
2026-09-28T03:58:14.990159088Z -- cycle 4/5 --
2026-09-28T03:58:15.278958655Z     ·     vote   31    YES to node 1          (seq 49)
2026-09-28T03:58:15.421357337Z     ·     apply  31       139.6 ms HE    2 dec  from node 1  (seq 49)
2026-09-28T03:58:27.049947115Z     ·     apply  32       139.0 ms HE    2 dec  from node 1  (seq 50)
2026-09-28T03:58:27.121975961Z c4  s5   local  41        69.5 ms HE    1 dec  0 frames
2026-09-28T03:58:27.191979752Z c4  s7   local  42        69.8 ms HE    1 dec  0 frames
2026-09-28T03:58:27.194901919Z     ·     vote   33    YES to node 1          (seq 51)
2026-09-28T03:58:15.853822923Z     ·     apply  33       138.9 ms HE    2 dec  from node 1  (seq 51)
2026-09-28T03:58:15.998680414Z     ·     apply  34       139.3 ms HE    2 dec  from node 1  (seq 52)
2026-09-28T03:58:16.007000059Z     ·     vote   35    YES to node 1          (seq 53)
2026-09-28T03:58:16.149336133Z     ·     apply  35       139.3 ms HE    2 dec  from node 1  (seq 53)
2026-09-28T03:58:16.221907847Z c4  s11  local  53        70.1 ms HE    1 dec  0 frames
2026-09-28T03:58:16.291792123Z c4  s12  local  54        69.7 ms HE    1 dec  0 frames
2026-09-28T03:58:16.434712071Z     ·     apply  36       139.4 ms HE    2 dec  from node 1  (seq 54)
2026-09-28T03:58:16.441539528Z     ·     vote   39    YES to node 1          (seq 55)
2026-09-28T03:58:16.586246400Z     ·     apply  39       139.4 ms HE    2 dec  from node 1  (seq 55)
2026-09-28T03:58:16.879244295Z     ·     apply  30       139.6 ms HE    2 dec  from node 1  (seq 56)
2026-09-28T03:58:17.524952183Z     ·     vote   31    YES to node 1          (seq 57)
2026-09-28T03:58:17.667430075Z     ·     apply  31       139.4 ms HE    2 dec  from node 1  (seq 57)
2026-09-28T03:58:17.814894294Z     ·     apply  32       139.5 ms HE    2 dec  from node 1  (seq 58)
2026-09-28T03:58:17.887548317Z c4  s30  local  41        69.6 ms HE    1 dec  0 frames
2026-09-28T03:58:17.957541707Z c4  s31  local  42        69.7 ms HE    1 dec  0 frames
2026-09-28T03:58:17.960500879Z     ·     vote   35    YES to node 1          (seq 59)
2026-09-28T03:58:18.105816228Z     ·     apply  35       140.1 ms HE    2 dec  from node 1  (seq 59)
2026-09-28T03:58:18.251560930Z     ·     apply  36       140.1 ms HE    2 dec  from node 1  (seq 60)
2026-09-28T03:58:18.402428776Z     ·     vote   33    YES to node 1          (seq 61)
2026-09-28T03:58:18.544833659Z     ·     apply  33       139.4 ms HE    2 dec  from node 1  (seq 61)
2026-09-28T03:58:18.690044295Z     ·     apply  34       139.6 ms HE    2 dec  from node 1  (seq 62)
2026-09-28T03:58:18.762057438Z c4  s38  local  51        69.6 ms HE    1 dec  0 frames
2026-09-28T03:58:18.831990420Z c4  s39  local  52        69.9 ms HE    1 dec  0 frames
2026-09-28T03:58:18.834886784Z     ·     vote   37    YES to node 1          (seq 63)
2026-09-28T03:58:18.979467741Z     ·     apply  37       139.2 ms HE    2 dec  from node 1  (seq 63)
2026-09-28T03:58:19.127949687Z     ·     apply  38       140.2 ms HE    2 dec  from node 1  (seq 64)
2026-09-28T03:58:19.130607221Z -- cycle 4/5 done at 17917.4 ms --
2026-09-28T03:58:19.130666128Z 
2026-09-28T03:58:19.130677629Z -- cycle 5/5 --
2026-09-28T03:58:19.418189635Z     ·     vote   31    YES to node 1          (seq 65)
2026-09-28T03:58:19.562519160Z     ·     apply  31       139.3 ms HE    2 dec  from node 1  (seq 65)
2026-09-28T03:58:19.710379328Z     ·     apply  32       139.6 ms HE    2 dec  from node 1  (seq 66)
2026-09-28T03:58:19.782508886Z c5  s5   local  41        69.6 ms HE    1 dec  0 frames
2026-09-28T03:58:19.852542781Z c5  s7   local  42        69.7 ms HE    1 dec  0 frames
2026-09-28T03:58:19.855650171Z     ·     vote   33    YES to node 1          (seq 67)
2026-09-28T03:58:20.000067307Z     ·     apply  33       139.4 ms HE    2 dec  from node 1  (seq 67)
2026-09-28T03:58:20.144920598Z     ·     apply  34       139.5 ms HE    2 dec  from node 1  (seq 68)
2026-09-28T03:58:20.150190760Z     ·     vote   35    YES to node 1          (seq 69)
2026-09-28T03:58:20.294819522Z     ·     apply  35       139.4 ms HE    2 dec  from node 1  (seq 69)
2026-09-28T03:58:20.367784185Z c5  s11  local  53        70.6 ms HE    1 dec  0 frames
2026-09-28T03:58:20.437864786Z c5  s12  local  54        69.8 ms HE    1 dec  0 frames
2026-09-28T03:58:32.063000985Z     ·     apply  36       139.0 ms HE    2 dec  from node 1  (seq 70)
2026-09-28T03:58:32.070209591Z     ·     vote   39    YES to node 1          (seq 71)
2026-09-28T03:58:32.212997722Z     ·     apply  39       139.5 ms HE    2 dec  from node 1  (seq 71)
2026-09-28T03:58:21.022107911Z     ·     apply  30       139.5 ms HE    2 dec  from node 1  (seq 72)
2026-09-28T03:58:21.668392072Z     ·     vote   31    YES to node 1          (seq 73)
2026-09-28T03:58:21.813043237Z     ·     apply  31       139.5 ms HE    2 dec  from node 1  (seq 73)
2026-09-28T03:58:21.958527807Z     ·     apply  32       139.7 ms HE    2 dec  from node 1  (seq 74)
2026-09-28T03:58:22.031053615Z c5  s30  local  41        70.1 ms HE    1 dec  0 frames
2026-09-28T03:58:22.101068207Z c5  s31  local  42        69.9 ms HE    1 dec  0 frames
2026-09-28T03:58:22.104066383Z     ·     vote   35    YES to node 1          (seq 75)
2026-09-28T03:58:22.246272742Z     ·     apply  35       139.3 ms HE    2 dec  from node 1  (seq 75)
2026-09-28T03:58:22.391682102Z     ·     apply  36       139.6 ms HE    2 dec  from node 1  (seq 76)
2026-09-28T03:58:22.541427407Z     ·     vote   33    YES to node 1          (seq 77)
2026-09-28T03:58:22.684872321Z     ·     apply  33       139.9 ms HE    2 dec  from node 1  (seq 77)
2026-09-28T03:58:22.832673782Z     ·     apply  34       139.9 ms HE    2 dec  from node 1  (seq 78)
2026-09-28T03:58:22.905183588Z c5  s38  local  51        69.6 ms HE    1 dec  0 frames
2026-09-28T03:58:22.975493717Z c5  s39  local  52        69.7 ms HE    1 dec  0 frames
2026-09-28T03:58:22.978646813Z     ·     vote   37    YES to node 1          (seq 79)
2026-09-28T03:58:23.123088452Z     ·     apply  37       139.4 ms HE    2 dec  from node 1  (seq 79)
2026-09-28T03:58:23.270324142Z     ·     apply  38       139.5 ms HE    2 dec  from node 1  (seq 80)
2026-09-28T03:58:23.273031882Z -- cycle 5/5 done at 22058.9 ms --
2026-09-28T03:58:23.273090189Z 
2026-09-28T03:58:23.273101991Z ============================================================
2026-09-28T03:58:23.273109592Z   SUMMARY — node 2/4 — LOCAL MODULAR — UDP/IP multicast (RFC 1112)
2026-09-28T03:58:23.273118493Z ============================================================
2026-09-28T03:58:23.273125894Z   events this node FIRED:
2026-09-28T03:58:23.273132495Z   local (no network)     n=40   avg    69.81 ms  (HE   69.64 + net    0.00)  min   69.23  max    70.82  100.0%
2026-09-28T03:58:23.273139495Z   shared controllable          (none on this node)
2026-09-28T03:58:23.273146296Z   shared uncontroll.           (none on this node)
2026-09-28T03:58:23.273152897Z   events this node APPLIED for a peer (participant side):
2026-09-28T03:58:23.273159498Z   shared, applied        n=80   avg   141.92 ms  (HE  141.92 + net    0.00)  min  138.47  max   349.85
2026-09-28T03:58:23.273166499Z   run clock, end of cycles 1..5 (ms): 5538.1 9652.2 13777.8 17917.4 22058.9
2026-09-28T03:58:23.273396028Z      a cycle is over at the LATEST node's value; DES_WORK_MS 0 included
2026-09-28T03:58:23.273410429Z   ----------------------------------------------------------
2026-09-28T03:58:23.273415430Z   all events            n=40   avg    69.81 ms  (HE   69.64 + net    0.00)
2026-09-28T03:58:23.273420131Z   PEER-WAIT + WIRE      0.0 % of total step time
2026-09-28T03:58:23.273424331Z      (compare against the round-trip probe above: the excess is
2026-09-28T03:58:23.273428532Z       the peer's own HE work, not the link.)
2026-09-28T03:58:23.273432532Z   frames: tx=246 rx=746 retransmits=0
2026-09-28T03:58:23.273436933Z   authentication: HMAC-SHA256/128, 1.7 us per frame; 0 rejected (bad tag), 0 stale/replayed dropped, 3 epoch challenges
2026-09-28T03:58:23.273441533Z   rx queue: peak 5/64 frames
2026-09-28T03:58:23.273445734Z   plant check: 0 event reports rejected as physically impossible
2026-09-28T03:58:23.273450034Z      (these supervisors carry the plant: an impossible uncontrollable event is caught)
2026-09-28T03:58:23.273454235Z   ----------------------------------------------------------
2026-09-28T03:58:23.273458436Z   homomorphic vs cleartext oracle : PASS — every encrypted bit matched
2026-09-28T03:58:23.273462936Z      (PASS certifies the cryptography: each node's encrypted bits
2026-09-28T03:58:23.273467037Z       match its own clear model for the events it applied. It does
2026-09-28T03:58:23.273471637Z       not certify the distributed run — read the skips for that.)
2026-09-28T03:58:23.273476038Z   distributed vs MONOLITHIC sup.  : off — this header has no monolithic supervisor
2026-09-28T03:58:23.273480438Z   safe halt                       : no — ran to completion
2026-09-28T03:58:23.273484839Z ============================================================
2026-09-28T03:58:33.279312407Z @@RESULT {"node":2,"nodes":4,"family":"LOCAL MODULAR","data":"supervisor_data_fms.h","transport":"UDP/IP multicast (RFC 1112)","fingerprint":"457cc268","supervisors":["S2","S3"],"fired":{"local":40,"ctrl":0,"unctrl":0},"applied_for_peers":80,"skips":0,"impossible":0,"tx":246,"rx":753,"retx":0,"auth_bad":0,"replays":0,"challenges":3,"mac_us":1.67,"rxq_peak":5,"rxq_drops":0,"sync_wait_ms":0.0,"oracle":"PASS","safe_halt":false,"halt_reason":"","cycle_end_ms":[5538.1,9652.2,13777.8,17917.4,22058.9],"rounds":5,"work_ms":0,"emu_scalarmul_ms":69.0,"exit":0}
