2026-09-28T13:04:50.708693016Z des_container: node 7 of 7, LOCAL MODULAR, data supervisor_data_fms.h, transport UDP/IP multicast (RFC 1112)
2026-09-28T13:04:50.708769052Z des_container: EMULATING the ESP32 — every decryption takes at least 69.0 ms (DES_EMU_SCALARMUL_MS)
2026-09-28T13:04:50.708774455Z des_container: dropping 5 % of received frames, seed 647816622 (DES_LOSS_SEED to replay)
2026-09-28T13:04:50.708776756Z 
2026-09-28T13:04:50.708778757Z ============================================================
2026-09-28T13:04:50.708781258Z   Distributed Homomorphic DES — generic engine
2026-09-28T13:04:50.708783459Z   node 7/7   family LOCAL MODULAR   7 supervisors   31 events
2026-09-28T13:04:50.708785560Z   data: supervisor_data_fms.h
2026-09-28T13:04:50.708787861Z ============================================================
2026-09-28T13:04:50.711472944Z --- event routing (DERIVED from the header, not hardcoded) ---
2026-09-28T13:04:50.711502358Z   event  ctrl  nodes      owner  class
2026-09-28T13:04:50.711504359Z   11     yes   1          1      local — no network
2026-09-28T13:04:50.711506360Z   12     no    1          1      local — no network
2026-09-28T13:04:50.711507761Z   21     yes   2          2      local — no network
2026-09-28T13:04:50.711509061Z   22     no    2          2      local — no network
2026-09-28T13:04:50.711510362Z   30     no    1 2 3 4 5 6 7  1      SHARED — needs network
2026-09-28T13:04:50.711511662Z   31     yes   1 2 3 4 5 6 7  1      SHARED — needs network
2026-09-28T13:04:50.711512863Z   32     no    1 2 3 4 5 6 7  1      SHARED — needs network
2026-09-28T13:04:50.711514164Z   33     yes   1 2 3 4 5 6 7  1      SHARED — needs network
2026-09-28T13:04:50.711515364Z   34     no    1 2 3 4 5 6 7  1      SHARED — needs network
2026-09-28T13:04:50.711516665Z   35     yes   1 2 3 4 5 6 7  1      SHARED — needs network
2026-09-28T13:04:50.711517865Z   36     no    1 2 3 4 5 6 7  1      SHARED — needs network
2026-09-28T13:04:50.711519066Z   37     yes   1 2 3 4 5 6 7  1      SHARED — needs network
2026-09-28T13:04:50.711520467Z   38     no    1 2 3 4 5 6 7  1      SHARED — needs network
2026-09-28T13:04:50.711521667Z   39     yes   1 2 3 4 5 6 7  1      SHARED — needs network
2026-09-28T13:04:50.711523668Z   41     yes   3          3      local — no network
2026-09-28T13:04:50.711529871Z   42     no    3          3      local — no network
2026-09-28T13:04:50.711532172Z   51     yes   4          4      local — no network
2026-09-28T13:04:50.711534173Z   52     no    4          4      local — no network
2026-09-28T13:04:50.711536074Z   53     yes   4          4      local — no network
2026-09-28T13:04:50.711538075Z   54     no    4          4      local — no network
2026-09-28T13:04:50.711540076Z   61     yes   5 6 7      5      SHARED — needs network
2026-09-28T13:04:50.711558885Z   63     yes   5 6 7      5      SHARED — needs network
2026-09-28T13:04:50.711561686Z   64     no    5 6 7      5      SHARED — needs network
2026-09-28T13:04:50.711563687Z   65     yes   5 6 7      5      SHARED — needs network
2026-09-28T13:04:50.711565888Z   66     no    5 6 7      5      SHARED — needs network
2026-09-28T13:04:50.711567989Z   71     yes   7          7      local — no network
2026-09-28T13:04:50.711570090Z   72     no    7          7      local — no network
2026-09-28T13:04:50.711572792Z   73     yes   7          7      local — no network
2026-09-28T13:04:50.711574192Z   74     no    7          7      local — no network
2026-09-28T13:04:50.711575493Z   81     yes   7          7      local — no network
2026-09-28T13:04:50.711576693Z   82     no    7          7      local — no network
2026-09-28T13:04:50.711577994Z   => 15/31 events shared; 16/31 need ZERO network traffic; 21 concern this node
2026-09-28T13:04:50.711579795Z   NOTE controllability was INFERRED from event labels (the header
2026-09-28T13:04:50.711581996Z        does not carry it). Check the 'ctrl' column above; if it is
2026-09-28T13:04:50.711583197Z        wrong, set DES_CONTROLLABLE_MASK explicitly.
2026-09-28T13:04:50.711584497Z 
2026-09-28T13:04:50.711585798Z [init] config fingerprint 04511541 — every node must print the same
2026-09-28T13:04:50.711587098Z 
2026-09-28T13:04:50.711718161Z [net] UDP multicast 239.192.7.1:5077  ttl=1  frame=44 B
2026-09-28T13:04:50.711725865Z --- crypto self-test ---
2026-09-28T13:04:50.714102500Z   Enc(0)->0 Enc(1)->1                PASS
2026-09-28T13:04:50.714753711Z   Enc(1)+Enc(1)->1 homomorphic OR   PASS
2026-09-28T13:04:50.715364303Z   Enc(0)+Enc(0)->0                  PASS
2026-09-28T13:04:50.715373007Z   curve secp192r1, ciphertext 50 B    PASS
2026-09-28T13:04:50.715616123Z   frame tag HMAC-SHA256/128: 2.1 us, 1-bit tamper caught  PASS
2026-09-28T13:04:50.715624127Z 
2026-09-28T13:04:50.715625928Z --- encrypting my supervisors' initial states ---
2026-09-28T13:04:50.715784604Z [load] S6         idx 6  164 states  21 constraining ev    8200 B ciphertext
2026-09-28T13:04:52.348374170Z [init] my keypair is mine alone; no ciphertext ever leaves this node
2026-09-28T13:04:52.348468115Z [init] my enablement: 11=1 12=1 21=1 22=1 30=0 31=1 32=0 33=1 34=0 35=1 36=0 37=1 38=0 39=1 41=1 42=1 51=1 52=1 53=1 54=1 61=1 63=0 64=0 65=0 66=0 71=0 72=0 73=0 74=0 81=0 82=0
2026-09-28T13:04:52.348485923Z 
2026-09-28T13:04:52.550184072Z [net] waiting for 6 peer(s). all present.
2026-09-28T13:04:54.053591462Z 
2026-09-28T13:04:54.053622476Z ============================================================
2026-09-28T13:04:54.053624878Z   RUN — SIM_SEQ driver — 5 cycles x 44 steps — LOCAL MODULAR
2026-09-28T13:04:54.053639184Z   columns: cN sNN = cycle/step of MY walk; · = a peer caused this
2026-09-28T13:04:54.053640785Z   'done at': run clock, common to all nodes; a cycle is over at the
2026-09-28T13:04:54.053641986Z   LATEST node's print, machine time (DES_WORK_MS 0) included
2026-09-28T13:04:54.053643286Z ============================================================
2026-09-28T13:04:54.053644487Z 
2026-09-28T13:04:54.053645788Z -- cycle 1/5 --
2026-09-28T13:04:58.657674929Z     ·     vote   31    YES to node 1          (seq 1)
2026-09-28T13:04:58.807669280Z     ·     apply  31       147.6 ms HE    2 dec  from node 1  (seq 1)
2026-09-28T13:04:59.029699641Z     ·     apply  32       214.9 ms HE    3 dec  from node 1  (seq 2)
2026-09-28T13:05:01.884047224Z     ·     vote   33    YES to node 1          (seq 3)
2026-09-28T13:05:03.382235745Z     ·     vote   33    YES to node 1          (seq 3)
2026-09-28T13:05:04.883661456Z     ·     vote   33    YES to node 1          (seq 3)
2026-09-28T13:05:05.041681840Z     ·     apply  33       155.1 ms HE    2 dec  from node 1  (seq 3)
2026-09-28T13:05:19.193971809Z     ·     apply  34       225.3 ms HE    3 dec  from node 1  (seq 4)
2026-09-28T13:05:19.201954422Z     ·     vote   35    YES to node 1          (seq 5)
2026-09-28T13:05:09.693150296Z     ·     vote   35    YES to node 1          (seq 5)
2026-09-28T13:05:09.839671787Z     ·     apply  35       143.9 ms HE    2 dec  from node 1  (seq 5)
2026-09-28T13:05:11.573156250Z     ·     apply  36       229.8 ms HE    3 dec  from node 1  (seq 6)
2026-09-28T13:05:14.401859575Z     ·     vote   39    YES to node 1          (seq 7)
2026-09-28T13:05:14.545760815Z     ·     apply  39       141.3 ms HE    2 dec  from node 1  (seq 7)
2026-09-28T13:05:16.055027371Z     ·     vote   61    YES to node 5          (seq 1)
2026-09-28T13:05:16.129818398Z     ·     apply  61        69.8 ms HE    1 dec  from node 5  (seq 1)
2026-09-28T13:05:17.844484471Z     ·     apply  30        69.9 ms HE    1 dec  from node 1  (seq 8)
2026-09-28T13:05:17.916694865Z c1  s17  local  71        69.7 ms HE    1 dec  0 frames
2026-09-28T13:05:17.987427153Z c1  s18  local  72        70.1 ms HE    1 dec  0 frames
2026-09-28T13:05:18.057650097Z c1  s19  local  81        69.8 ms HE    1 dec  0 frames
2026-09-28T13:05:29.142278603Z c1  s20  local  82        69.5 ms HE    1 dec  0 frames
2026-09-28T13:05:29.212466731Z c1  s21  local  73        69.5 ms HE    1 dec  0 frames
2026-09-28T13:05:29.281605157Z c1  s22  local  74        69.6 ms HE    1 dec  0 frames
2026-09-28T13:05:29.286305202Z     ·     vote   65    YES to node 5          (seq 2)
2026-09-28T13:05:18.340053383Z     ·     apply  65        69.4 ms HE    1 dec  from node 5  (seq 2)
2026-09-28T13:05:18.482804673Z     ·     apply  66        69.4 ms HE    1 dec  from node 5  (seq 3)
2026-09-28T13:05:18.788286798Z     ·     vote   31    YES to node 1          (seq 9)
2026-09-28T13:05:20.288416290Z     ·     vote   31    YES to node 1          (seq 9)
2026-09-28T13:05:21.790757138Z     ·     vote   31    YES to node 1          (seq 9)
2026-09-28T13:05:21.866045002Z     ·     apply  31        69.8 ms HE    1 dec  from node 1  (seq 9)
2026-09-28T13:05:21.941641313Z     ·     apply  32        70.0 ms HE    1 dec  from node 1  (seq 10)
2026-09-28T13:05:24.946808285Z     ·     vote   35    YES to node 1          (seq 11)
2026-09-28T13:05:25.019655683Z     ·     apply  35        69.9 ms HE    1 dec  from node 1  (seq 11)
2026-09-28T13:05:25.095168955Z     ·     apply  36        69.9 ms HE    1 dec  from node 1  (seq 12)
2026-09-28T13:05:25.169776194Z     ·     vote   61    YES to node 5          (seq 4)
2026-09-28T13:05:25.241745173Z     ·     apply  61        69.5 ms HE    1 dec  from node 5  (seq 4)
2026-09-28T13:05:26.961953193Z     ·     vote   33    YES to node 1          (seq 13)
2026-09-28T13:05:27.034908343Z     ·     apply  33        69.9 ms HE    1 dec  from node 1  (seq 13)
2026-09-28T13:05:30.110479247Z     ·     apply  34        69.7 ms HE    1 dec  from node 1  (seq 14)
2026-09-28T13:05:30.257293978Z     ·     vote   37    YES to node 1          (seq 15)
2026-09-28T13:05:30.330625808Z     ·     apply  37        70.2 ms HE    1 dec  from node 1  (seq 15)
2026-09-28T13:05:30.406083753Z     ·     apply  38        70.4 ms HE    1 dec  from node 1  (seq 16)
2026-09-28T13:05:30.412129541Z     ·     vote   63    YES to node 5          (seq 5)
2026-09-28T13:05:30.486692058Z     ·     apply  63        69.8 ms HE    1 dec  from node 5  (seq 5)
2026-09-28T13:05:30.867156801Z     ·     apply  64        69.9 ms HE    1 dec  from node 5  (seq 6)
2026-09-28T13:05:30.869656796Z -- cycle 1/5 done at 32461.0 ms --
2026-09-28T13:05:30.869759044Z 
2026-09-28T13:05:30.869786358Z -- cycle 2/5 --
2026-09-28T13:05:30.873676216Z     ·     vote   31    YES to node 1          (seq 17)
2026-09-28T13:05:30.948233431Z     ·     apply  31        69.8 ms HE    1 dec  from node 1  (seq 17)
2026-09-28T13:05:32.525563000Z     ·     apply  32        69.8 ms HE    1 dec  from node 1  (seq 18)
2026-09-28T13:05:32.672309399Z     ·     vote   33    YES to node 1          (seq 19)
2026-09-28T13:05:34.164000542Z     ·     vote   33    YES to node 1          (seq 19)
2026-09-28T13:05:34.239852676Z     ·     apply  33        69.9 ms HE    1 dec  from node 1  (seq 19)
2026-09-28T13:05:37.311144491Z     ·     apply  34        69.9 ms HE    1 dec  from node 1  (seq 20)
2026-09-28T13:05:37.618589754Z     ·     vote   35    YES to node 1          (seq 21)
2026-09-28T13:05:37.694507819Z     ·     apply  35        69.9 ms HE    1 dec  from node 1  (seq 21)
2026-09-28T13:05:37.912865225Z     ·     apply  36        69.9 ms HE    1 dec  from node 1  (seq 22)
2026-09-28T13:05:37.918195171Z     ·     vote   39    YES to node 1          (seq 23)
2026-09-28T13:05:39.413599084Z     ·     vote   39    YES to node 1          (seq 23)
2026-09-28T13:05:40.913837028Z     ·     vote   39    YES to node 1          (seq 23)
2026-09-28T13:05:42.414657850Z     ·     vote   39    YES to node 1          (seq 23)
2026-09-28T13:05:42.487069640Z     ·     apply  39        69.8 ms HE    1 dec  from node 1  (seq 23)
2026-09-28T13:05:44.307610234Z     ·     vote   61    YES to node 5          (seq 7)
2026-09-28T13:05:44.382201065Z     ·     apply  61        69.7 ms HE    1 dec  from node 5  (seq 7)
2026-09-28T13:05:44.459443563Z     ·     apply  30        70.0 ms HE    1 dec  from node 1  (seq 24)
2026-09-28T13:05:44.532299165Z c2  s17  local  71        69.7 ms HE    1 dec  0 frames
2026-09-28T13:05:44.602205459Z c2  s18  local  72        69.6 ms HE    1 dec  0 frames
2026-09-28T13:05:44.672038917Z c2  s19  local  81        69.8 ms HE    1 dec  0 frames
2026-09-28T13:05:44.742363210Z c2  s20  local  82        69.9 ms HE    1 dec  0 frames
2026-09-28T13:05:44.811703933Z c2  s21  local  73        69.5 ms HE    1 dec  0 frames
2026-09-28T13:05:44.881455152Z c2  s22  local  74        69.5 ms HE    1 dec  0 frames
2026-09-28T13:05:44.884040287Z     ·     vote   65    YES to node 5          (seq 8)
2026-09-28T13:05:44.958609708Z     ·     apply  65        69.6 ms HE    1 dec  from node 5  (seq 8)
2026-09-28T13:05:45.037372532Z     ·     apply  66        69.7 ms HE    1 dec  from node 5  (seq 9)
2026-09-28T13:05:47.598031024Z     ·     vote   31    YES to node 1          (seq 25)
2026-09-28T13:05:47.669772294Z     ·     apply  31        69.3 ms HE    1 dec  from node 1  (seq 25)
2026-09-28T13:05:47.743443986Z     ·     apply  32        69.3 ms HE    1 dec  from node 1  (seq 26)
2026-09-28T13:05:49.239201446Z     ·     vote   35    YES to node 1          (seq 27)
2026-09-28T13:05:50.740308204Z     ·     vote   35    YES to node 1          (seq 27)
2026-09-28T13:05:50.813799510Z     ·     apply  35        69.5 ms HE    1 dec  from node 1  (seq 27)
2026-09-28T13:05:53.950840950Z     ·     apply  36        69.7 ms HE    1 dec  from node 1  (seq 28)
2026-09-28T13:05:53.956953369Z     ·     vote   61    YES to node 5          (seq 10)
2026-09-28T13:05:54.029946637Z     ·     apply  61        69.7 ms HE    1 dec  from node 5  (seq 10)
2026-09-28T13:05:55.454413086Z     ·     vote   33    YES to node 1          (seq 29)
2026-09-28T13:05:56.955959555Z     ·     vote   33    YES to node 1          (seq 29)
2026-09-28T13:05:59.962842788Z     ·     vote   33    YES to node 1          (seq 29)
2026-09-28T13:06:00.037217816Z     ·     apply  33        70.2 ms HE    1 dec  from node 1  (seq 29)
2026-09-28T13:06:00.114169475Z     ·     apply  34        70.0 ms HE    1 dec  from node 1  (seq 30)
2026-09-28T13:06:00.259412755Z     ·     vote   37    YES to node 1          (seq 31)
2026-09-28T13:06:01.759465711Z     ·     vote   37    YES to node 1          (seq 31)
2026-09-28T13:06:14.268886177Z     ·     vote   37    YES to node 1          (seq 31)
2026-09-28T13:06:04.754160094Z     ·     vote   37    YES to node 1          (seq 31)
2026-09-28T13:06:04.829742199Z     ·     apply  37        70.1 ms HE    1 dec  from node 1  (seq 31)
2026-09-28T13:06:06.478235062Z     ·     apply  38        70.0 ms HE    1 dec  from node 1  (seq 32)
2026-09-28T13:06:07.984341308Z     ·     vote   63    YES to node 5          (seq 11)
2026-09-28T13:06:08.057576392Z     ·     apply  63        70.1 ms HE    1 dec  from node 5  (seq 11)
2026-09-28T13:06:08.135361249Z     ·     apply  64        69.8 ms HE    1 dec  from node 5  (seq 12)
2026-09-28T13:06:08.137143400Z -- cycle 2/5 done at 69752.1 ms --
2026-09-28T13:06:08.137196425Z 
2026-09-28T13:06:08.137208931Z -- cycle 3/5 --
2026-09-28T13:06:09.634814698Z     ·     vote   31    YES to node 1          (seq 33)
2026-09-28T13:06:11.135046038Z     ·     vote   31    YES to node 1          (seq 33)
2026-09-28T13:06:12.634500808Z     ·     vote   31    YES to node 1          (seq 33)
2026-09-28T13:06:12.708345682Z     ·     apply  31        70.5 ms HE    1 dec  from node 1  (seq 33)
2026-09-28T13:06:14.287837712Z     ·     apply  32        70.2 ms HE    1 dec  from node 1  (seq 34)
2026-09-28T13:06:14.434300475Z     ·     vote   33    YES to node 1          (seq 35)
2026-09-28T13:06:14.508181668Z     ·     apply  33        69.9 ms HE    1 dec  from node 1  (seq 35)
2026-09-28T13:06:16.081992056Z     ·     apply  34        69.5 ms HE    1 dec  from node 1  (seq 36)
2026-09-28T13:06:16.393182007Z     ·     vote   35    YES to node 1          (seq 37)
2026-09-28T13:06:16.470175486Z     ·     apply  35        70.2 ms HE    1 dec  from node 1  (seq 37)
2026-09-28T13:06:18.116953830Z     ·     apply  36        69.9 ms HE    1 dec  from node 1  (seq 38)
2026-09-28T13:06:22.614415692Z     ·     vote   39    YES to node 1          (seq 39)
2026-09-28T13:06:22.688358513Z     ·     apply  39        70.0 ms HE    1 dec  from node 1  (seq 39)
2026-09-28T13:06:22.694634311Z     ·     vote   61    YES to node 5          (seq 13)
2026-09-28T13:06:22.767662495Z     ·     apply  61        70.4 ms HE    1 dec  from node 5  (seq 13)
2026-09-28T13:06:23.144018976Z     ·     apply  30        69.8 ms HE    1 dec  from node 1  (seq 40)
2026-09-28T13:06:23.216132924Z c3  s17  local  71        69.7 ms HE    1 dec  0 frames
2026-09-28T13:06:34.298474968Z c3  s18  local  72        70.0 ms HE    1 dec  0 frames
2026-09-28T13:06:34.368596464Z c3  s19  local  81        69.7 ms HE    1 dec  0 frames
2026-09-28T13:06:34.438033933Z c3  s20  local  82        69.6 ms HE    1 dec  0 frames
2026-09-28T13:06:23.492441944Z c3  s21  local  73        69.4 ms HE    1 dec  0 frames
2026-09-28T13:06:23.561676016Z c3  s22  local  74        69.3 ms HE    1 dec  0 frames
2026-09-28T13:06:23.564340589Z     ·     vote   65    YES to node 5          (seq 14)
2026-09-28T13:06:25.209433528Z     ·     apply  65        69.8 ms HE    1 dec  from node 5  (seq 14)
2026-09-28T13:06:25.285129687Z     ·     apply  66        70.1 ms HE    1 dec  from node 5  (seq 15)
2026-09-28T13:06:25.593494388Z     ·     vote   31    YES to node 1          (seq 41)
2026-09-28T13:06:27.092114559Z     ·     vote   31    YES to node 1          (seq 41)
2026-09-28T13:06:27.167689760Z     ·     apply  31        70.0 ms HE    1 dec  from node 1  (seq 41)
2026-09-28T13:06:27.244902944Z     ·     apply  32        70.0 ms HE    1 dec  from node 1  (seq 42)
2026-09-28T13:06:29.028512061Z     ·     vote   35    YES to node 1          (seq 43)
2026-09-28T13:06:30.529629225Z     ·     vote   35    YES to node 1          (seq 43)
2026-09-28T13:06:30.604244668Z     ·     apply  35        69.9 ms HE    1 dec  from node 1  (seq 43)
2026-09-28T13:06:33.656266652Z     ·     apply  36        69.3 ms HE    1 dec  from node 1  (seq 44)
2026-09-28T13:06:33.660954391Z     ·     vote   61    YES to node 5          (seq 16)
2026-09-28T13:06:35.163118154Z     ·     vote   61    YES to node 5          (seq 16)
2026-09-28T13:06:35.235362465Z     ·     apply  61        69.5 ms HE    1 dec  from node 5  (seq 16)
2026-09-28T13:06:35.240420481Z     ·     vote   33    YES to node 1          (seq 45)
2026-09-28T13:06:36.740857920Z     ·     vote   33    YES to node 1          (seq 45)
2026-09-28T13:06:36.816760977Z     ·     apply  33        69.8 ms HE    1 dec  from node 1  (seq 45)
2026-09-28T13:06:37.194669399Z     ·     apply  34        69.7 ms HE    1 dec  from node 1  (seq 46)
2026-09-28T13:06:38.726581350Z     ·     vote   37    YES to node 1          (seq 47)
2026-09-28T13:06:40.227848285Z     ·     vote   37    YES to node 1          (seq 47)
2026-09-28T13:06:40.301925570Z     ·     apply  37        70.3 ms HE    1 dec  from node 1  (seq 47)
2026-09-28T13:06:40.378014217Z     ·     apply  38        70.1 ms HE    1 dec  from node 1  (seq 48)
2026-09-28T13:06:40.385420455Z     ·     vote   63    YES to node 5          (seq 17)
2026-09-28T13:06:40.458035042Z     ·     apply  63        69.6 ms HE    1 dec  from node 5  (seq 17)
2026-09-28T13:06:42.105230185Z     ·     apply  64        69.5 ms HE    1 dec  from node 5  (seq 18)
2026-09-28T13:06:42.108394697Z -- cycle 3/5 done at 103748.0 ms --
2026-09-28T13:06:42.108479537Z 
2026-09-28T13:06:42.108504249Z -- cycle 4/5 --
2026-09-28T13:06:42.111557808Z     ·     vote   31    YES to node 1          (seq 49)
2026-09-28T13:06:42.187319298Z     ·     apply  31        70.1 ms HE    1 dec  from node 1  (seq 49)
2026-09-28T13:06:42.565043432Z     ·     apply  32        70.0 ms HE    1 dec  from node 1  (seq 50)
2026-09-28T13:06:42.711518701Z     ·     vote   33    YES to node 1          (seq 51)
2026-09-28T13:06:55.229919530Z     ·     vote   33    YES to node 1          (seq 51)
2026-09-28T13:06:56.730207498Z     ·     vote   33    YES to node 1          (seq 51)
2026-09-28T13:06:58.232392271Z     ·     vote   33    YES to node 1          (seq 51)
2026-09-28T13:06:58.303908233Z     ·     apply  33        69.4 ms HE    1 dec  from node 1  (seq 51)
2026-09-28T13:06:58.381852566Z     ·     apply  34        69.9 ms HE    1 dec  from node 1  (seq 52)
2026-09-28T13:06:59.886177462Z     ·     vote   35    YES to node 1          (seq 53)
2026-09-28T13:07:01.530030909Z     ·     apply  35        70.0 ms HE    1 dec  from node 1  (seq 53)
2026-09-28T13:07:01.605393309Z     ·     apply  36        69.8 ms HE    1 dec  from node 1  (seq 54)
2026-09-28T13:07:01.613193935Z     ·     vote   39    YES to node 1          (seq 55)
2026-09-28T13:07:01.688621066Z     ·     apply  39        70.0 ms HE    1 dec  from node 1  (seq 55)
2026-09-28T13:07:01.694904367Z     ·     vote   61    YES to node 5          (seq 19)
2026-09-28T13:07:01.769188251Z     ·     apply  61        69.8 ms HE    1 dec  from node 5  (seq 19)
2026-09-28T13:07:01.846022254Z     ·     apply  30        69.7 ms HE    1 dec  from node 1  (seq 56)
2026-09-28T13:07:01.917252880Z c4  s17  local  71        69.9 ms HE    1 dec  0 frames
2026-09-28T13:07:01.987530751Z c4  s18  local  72        69.8 ms HE    1 dec  0 frames
2026-09-28T13:07:02.057882957Z c4  s19  local  81        69.8 ms HE    1 dec  0 frames
2026-09-28T13:07:02.127872390Z c4  s20  local  82        69.7 ms HE    1 dec  0 frames
2026-09-28T13:07:02.197413509Z c4  s21  local  73        69.8 ms HE    1 dec  0 frames
2026-09-28T13:07:02.267947502Z c4  s22  local  74        70.0 ms HE    1 dec  0 frames
2026-09-28T13:07:02.271123119Z     ·     vote   65    YES to node 5          (seq 20)
2026-09-28T13:07:02.345579586Z     ·     apply  65        69.7 ms HE    1 dec  from node 5  (seq 20)
2026-09-28T13:07:02.421335073Z     ·     apply  66        69.8 ms HE    1 dec  from node 5  (seq 21)
2026-09-28T13:07:02.427010985Z     ·     vote   31    YES to node 1          (seq 57)
2026-09-28T13:07:02.502499745Z     ·     apply  31        69.9 ms HE    1 dec  from node 1  (seq 57)
2026-09-28T13:07:02.578074346Z     ·     apply  32        70.5 ms HE    1 dec  from node 1  (seq 58)
2026-09-28T13:07:04.081936921Z     ·     vote   35    YES to node 1          (seq 59)
2026-09-28T13:07:05.581266330Z     ·     vote   35    YES to node 1          (seq 59)
2026-09-28T13:07:05.654427078Z     ·     apply  35        69.8 ms HE    1 dec  from node 1  (seq 59)
2026-09-28T13:07:08.726560895Z     ·     apply  36        70.3 ms HE    1 dec  from node 1  (seq 60)
2026-09-28T13:07:08.731595701Z     ·     vote   61    YES to node 5          (seq 22)
2026-09-28T13:07:08.804092731Z     ·     apply  61        69.8 ms HE    1 dec  from node 5  (seq 22)
2026-09-28T13:06:59.290474003Z     ·     vote   33    YES to node 1          (seq 61)
2026-09-28T13:06:59.363846753Z     ·     apply  33        69.8 ms HE    1 dec  from node 1  (seq 61)
2026-09-28T13:06:59.442222292Z     ·     apply  34        70.0 ms HE    1 dec  from node 1  (seq 62)
2026-09-28T13:06:59.588462048Z     ·     vote   37    YES to node 1          (seq 63)
2026-09-28T13:06:59.662360849Z     ·     apply  37        69.9 ms HE    1 dec  from node 1  (seq 63)
2026-09-28T13:07:02.881469074Z     ·     apply  38        70.0 ms HE    1 dec  from node 1  (seq 64)
2026-09-28T13:07:02.887561984Z     ·     vote   63    YES to node 5          (seq 23)
2026-09-28T13:07:02.961621262Z     ·     apply  63        69.5 ms HE    1 dec  from node 5  (seq 23)
2026-09-28T13:07:03.038447761Z     ·     apply  64        69.5 ms HE    1 dec  from node 5  (seq 24)
2026-09-28T13:07:03.040778974Z -- cycle 4/5 done at 124673.6 ms --
2026-09-28T13:07:03.040827998Z 
2026-09-28T13:07:03.040835001Z -- cycle 5/5 --
2026-09-28T13:07:04.449575667Z     ·     vote   31    YES to node 1          (seq 65)
2026-09-28T13:07:05.951075714Z     ·     vote   31    YES to node 1          (seq 65)
2026-09-28T13:07:06.026401496Z     ·     apply  31        70.0 ms HE    1 dec  from node 1  (seq 65)
2026-09-28T13:07:09.087268142Z     ·     apply  32        69.6 ms HE    1 dec  from node 1  (seq 66)
2026-09-28T13:07:09.392829805Z     ·     vote   33    YES to node 1          (seq 67)
2026-09-28T13:07:09.468209112Z     ·     apply  33        70.1 ms HE    1 dec  from node 1  (seq 67)
2026-09-28T13:07:09.546315823Z     ·     apply  34        69.9 ms HE    1 dec  from node 1  (seq 68)
2026-09-28T13:07:09.852152317Z     ·     vote   35    YES to node 1          (seq 69)
2026-09-28T13:07:11.353569524Z     ·     vote   35    YES to node 1          (seq 69)
2026-09-28T13:07:12.854628660Z     ·     vote   35    YES to node 1          (seq 69)
2026-09-28T13:07:14.347459720Z     ·     vote   35    YES to node 1          (seq 69)
2026-09-28T13:07:14.420016980Z     ·     apply  35        69.9 ms HE    1 dec  from node 1  (seq 69)
2026-09-28T13:07:14.638410504Z     ·     apply  36        70.0 ms HE    1 dec  from node 1  (seq 70)
2026-09-28T13:07:14.646733579Z     ·     vote   39    YES to node 1          (seq 71)
2026-09-28T13:07:14.719823994Z     ·     apply  39        70.1 ms HE    1 dec  from node 1  (seq 71)
2026-09-28T13:07:14.725897495Z     ·     vote   61    YES to node 5          (seq 25)
2026-09-28T13:07:14.798715279Z     ·     apply  61        69.8 ms HE    1 dec  from node 5  (seq 25)
2026-09-28T13:07:14.873690094Z     ·     apply  30        69.8 ms HE    1 dec  from node 1  (seq 72)
2026-09-28T13:07:14.946394323Z c5  s17  local  71        69.7 ms HE    1 dec  0 frames
2026-09-28T13:07:15.016402866Z c5  s18  local  72        69.7 ms HE    1 dec  0 frames
2026-09-28T13:07:15.086760775Z c5  s19  local  81        69.8 ms HE    1 dec  0 frames
2026-09-28T13:07:15.156872066Z c5  s20  local  82        69.9 ms HE    1 dec  0 frames
2026-09-28T13:07:15.226779159Z c5  s21  local  73        69.9 ms HE    1 dec  0 frames
2026-09-28T13:07:15.296499064Z c5  s22  local  74        69.7 ms HE    1 dec  0 frames
2026-09-28T13:07:17.950624004Z     ·     vote   65    YES to node 5          (seq 26)
2026-09-28T13:07:18.025724979Z     ·     apply  65        69.9 ms HE    1 dec  from node 5  (seq 26)
2026-09-28T13:07:19.663367504Z     ·     apply  66        69.5 ms HE    1 dec  from node 5  (seq 27)
2026-09-28T13:07:21.170075938Z     ·     vote   31    YES to node 1          (seq 73)
2026-09-28T13:07:21.243723319Z     ·     apply  31        69.9 ms HE    1 dec  from node 1  (seq 73)
2026-09-28T13:07:21.318738453Z     ·     apply  32        70.2 ms HE    1 dec  from node 1  (seq 74)
2026-09-28T13:07:21.467622673Z     ·     vote   35    YES to node 1          (seq 75)
2026-09-28T13:07:22.965123809Z     ·     vote   35    YES to node 1          (seq 75)
2026-09-28T13:07:24.464729465Z     ·     vote   35    YES to node 1          (seq 75)
2026-09-28T13:07:24.542177060Z     ·     apply  35        69.6 ms HE    1 dec  from node 1  (seq 75)
2026-09-28T13:07:24.619902289Z     ·     apply  36        70.7 ms HE    1 dec  from node 1  (seq 76)
2026-09-28T13:07:25.227755552Z     ·     vote   61    YES to node 5          (seq 28)
2026-09-28T13:07:25.302945869Z     ·     apply  61        69.7 ms HE    1 dec  from node 5  (seq 28)
2026-09-28T13:07:26.809604180Z     ·     vote   33    YES to node 1          (seq 77)
2026-09-28T13:07:28.309118978Z     ·     vote   33    YES to node 1          (seq 77)
2026-09-28T13:07:29.796256485Z     ·     vote   33    YES to node 1          (seq 77)
2026-09-28T13:07:31.297661687Z     ·     vote   33    YES to node 1          (seq 77)
2026-09-28T13:07:31.372882419Z     ·     apply  33        70.0 ms HE    1 dec  from node 1  (seq 77)
2026-09-28T13:07:31.448711841Z     ·     apply  34        69.9 ms HE    1 dec  from node 1  (seq 78)
2026-09-28T13:07:31.595203218Z     ·     vote   37    YES to node 1          (seq 79)
2026-09-28T13:07:31.669475697Z     ·     apply  37        69.6 ms HE    1 dec  from node 1  (seq 79)
2026-09-28T13:07:31.748774777Z     ·     apply  38        69.9 ms HE    1 dec  from node 1  (seq 80)
2026-09-28T13:07:32.054324334Z     ·     vote   63    YES to node 5          (seq 29)
2026-09-28T13:07:44.568830965Z     ·     vote   63    YES to node 5          (seq 29)
2026-09-28T13:07:33.638342582Z     ·     apply  63        69.7 ms HE    1 dec  from node 5  (seq 29)
2026-09-28T13:07:33.711609881Z     ·     apply  64        69.3 ms HE    1 dec  from node 5  (seq 30)
2026-09-28T13:07:33.713740299Z -- cycle 5/5 done at 155381.4 ms --
2026-09-28T13:07:33.713762109Z 
2026-09-28T13:07:33.713765711Z ============================================================
2026-09-28T13:07:33.713768412Z   SUMMARY — node 7/7 — LOCAL MODULAR — UDP/IP multicast (RFC 1112)
2026-09-28T13:07:33.713772014Z ============================================================
2026-09-28T13:07:33.713774415Z   events this node FIRED:
2026-09-28T13:07:33.713777016Z   local (no network)     n=30   avg    69.95 ms  (HE   69.72 + net    0.00)  min   69.41  max    70.38  100.0%
2026-09-28T13:07:33.713779617Z   shared controllable          (none on this node)
2026-09-28T13:07:33.713781919Z   shared uncontroll.           (none on this node)
2026-09-28T13:07:33.713784220Z   events this node APPLIED for a peer (participant side):
2026-09-28T13:07:33.713786921Z   shared, applied        n=110  avg    76.86 ms  (HE   76.86 + net    0.00)  min   69.30  max   229.84
2026-09-28T13:07:33.713789522Z   run clock, end of cycles 1..5 (ms): 32461.0 69752.1 103748.0 124673.6 155381.4
2026-09-28T13:07:33.713791923Z      a cycle is over at the LATEST node's value; DES_WORK_MS 0 included
2026-09-28T13:07:33.713794425Z   ----------------------------------------------------------
2026-09-28T13:07:33.713796926Z   all events            n=30   avg    69.95 ms  (HE   69.72 + net    0.00)
2026-09-28T13:07:33.713799427Z   PEER-WAIT + WIRE      0.0 % of total step time
2026-09-28T13:07:33.713802028Z      (compare against the round-trip probe above: the excess is
2026-09-28T13:07:33.713850651Z       the peer's own HE work, not the link.)
2026-09-28T13:07:33.713857155Z   frames: tx=842 rx=3955 retransmits=0
2026-09-28T13:07:33.713860156Z   authentication: HMAC-SHA256/128, 2.1 us per frame; 0 rejected (bad tag), 0 stale/replayed dropped, 6 epoch challenges
2026-09-28T13:07:33.713862857Z   rx queue: peak 10/64 frames
2026-09-28T13:07:33.713865358Z   plant check: 0 event reports rejected as physically impossible
2026-09-28T13:07:33.713867960Z      (these supervisors carry the plant: an impossible uncontrollable event is caught)
2026-09-28T13:07:33.713870561Z   injected frame loss: 5 %
2026-09-28T13:07:33.713873062Z   ----------------------------------------------------------
2026-09-28T13:07:33.713875563Z   homomorphic vs cleartext oracle : PASS — every encrypted bit matched
2026-09-28T13:07:33.713878165Z      (PASS certifies the cryptography: each node's encrypted bits
2026-09-28T13:07:33.713880766Z       match its own clear model for the events it applied. It does
2026-09-28T13:07:33.713883267Z       not certify the distributed run — read the skips for that.)
2026-09-28T13:07:33.713909780Z   distributed vs MONOLITHIC sup.  : off — this header has no monolithic supervisor
2026-09-28T13:07:33.713913181Z   safe halt                       : no — ran to completion
2026-09-28T13:07:33.713915883Z ============================================================
2026-09-28T13:07:43.719200856Z @@RESULT {"node":7,"nodes":7,"family":"LOCAL MODULAR","data":"supervisor_data_fms.h","transport":"UDP/IP multicast (RFC 1112)","fingerprint":"04511541","supervisors":["S6"],"fired":{"local":30,"ctrl":0,"unctrl":0},"applied_for_peers":110,"skips":0,"impossible":0,"tx":843,"rx":3960,"retx":0,"auth_bad":0,"replays":0,"challenges":6,"mac_us":2.15,"rxq_peak":10,"rxq_drops":0,"sync_wait_ms":0.0,"oracle":"PASS","safe_halt":false,"halt_reason":"","cycle_end_ms":[32461.0,69752.1,103748.0,124673.6,155381.4],"rounds":5,"work_ms":0,"emu_scalarmul_ms":69.0,"loss_pct":5,"loss_seed":647816622,"exit":0}
