2026-09-28T13:04:50.311011349Z des_container: node 3 of 7, LOCAL MODULAR, data supervisor_data_fms.h, transport UDP/IP multicast (RFC 1112)
2026-09-28T13:04:50.311088085Z des_container: EMULATING the ESP32 — every decryption takes at least 69.0 ms (DES_EMU_SCALARMUL_MS)
2026-09-28T13:04:50.311094388Z des_container: dropping 5 % of received frames, seed 2533594398 (DES_LOSS_SEED to replay)
2026-09-28T13:04:50.311096990Z 
2026-09-28T13:04:50.311099191Z ============================================================
2026-09-28T13:04:50.311101092Z   Distributed Homomorphic DES — generic engine
2026-09-28T13:04:50.311103193Z   node 3/7   family LOCAL MODULAR   7 supervisors   31 events
2026-09-28T13:04:50.311105394Z   data: supervisor_data_fms.h
2026-09-28T13:04:50.311107395Z ============================================================
2026-09-28T13:04:50.314938125Z --- event routing (DERIVED from the header, not hardcoded) ---
2026-09-28T13:04:50.315002455Z   event  ctrl  nodes      owner  class
2026-09-28T13:04:50.315005257Z   11     yes   1          1      local — no network
2026-09-28T13:04:50.315007258Z   12     no    1          1      local — no network
2026-09-28T13:04:50.315008558Z   21     yes   2          2      local — no network
2026-09-28T13:04:50.315009859Z   22     no    2          2      local — no network
2026-09-28T13:04:50.315011159Z   30     no    1 2 3 4 5 6 7  1      SHARED — needs network
2026-09-28T13:04:50.315012960Z   31     yes   1 2 3 4 5 6 7  1      SHARED — needs network
2026-09-28T13:04:50.315014261Z   32     no    1 2 3 4 5 6 7  1      SHARED — needs network
2026-09-28T13:04:50.315015762Z   33     yes   1 2 3 4 5 6 7  1      SHARED — needs network
2026-09-28T13:04:50.315017062Z   34     no    1 2 3 4 5 6 7  1      SHARED — needs network
2026-09-28T13:04:50.315018363Z   35     yes   1 2 3 4 5 6 7  1      SHARED — needs network
2026-09-28T13:04:50.315019563Z   36     no    1 2 3 4 5 6 7  1      SHARED — needs network
2026-09-28T13:04:50.315020964Z   37     yes   1 2 3 4 5 6 7  1      SHARED — needs network
2026-09-28T13:04:50.315022265Z   38     no    1 2 3 4 5 6 7  1      SHARED — needs network
2026-09-28T13:04:50.315023565Z   39     yes   1 2 3 4 5 6 7  1      SHARED — needs network
2026-09-28T13:04:50.315024866Z   41     yes   3          3      local — no network
2026-09-28T13:04:50.315026167Z   42     no    3          3      local — no network
2026-09-28T13:04:50.315035471Z   51     yes   4          4      local — no network
2026-09-28T13:04:50.315036872Z   52     no    4          4      local — no network
2026-09-28T13:04:50.315038172Z   53     yes   4          4      local — no network
2026-09-28T13:04:50.315039373Z   54     no    4          4      local — no network
2026-09-28T13:04:50.315040673Z   61     yes   5 6 7      5      SHARED — needs network
2026-09-28T13:04:50.315092598Z   63     yes   5 6 7      5      SHARED — needs network
2026-09-28T13:04:50.315094899Z   64     no    5 6 7      5      SHARED — needs network
2026-09-28T13:04:50.315096900Z   65     yes   5 6 7      5      SHARED — needs network
2026-09-28T13:04:50.315098401Z   66     no    5 6 7      5      SHARED — needs network
2026-09-28T13:04:50.315099702Z   71     yes   7          7      local — no network
2026-09-28T13:04:50.315101102Z   72     no    7          7      local — no network
2026-09-28T13:04:50.315102603Z   73     yes   7          7      local — no network
2026-09-28T13:04:50.315103904Z   74     no    7          7      local — no network
2026-09-28T13:04:50.315105705Z   81     yes   7          7      local — no network
2026-09-28T13:04:50.315107706Z   82     no    7          7      local — no network
2026-09-28T13:04:50.315109306Z   => 15/31 events shared; 16/31 need ZERO network traffic; 12 concern this node
2026-09-28T13:04:50.315112008Z   NOTE controllability was INFERRED from event labels (the header
2026-09-28T13:04:50.315117310Z        does not carry it). Check the 'ctrl' column above; if it is
2026-09-28T13:04:50.315119311Z        wrong, set DES_CONTROLLABLE_MASK explicitly.
2026-09-28T13:04:50.315120612Z 
2026-09-28T13:04:50.315123313Z [init] config fingerprint 04511541 — every node must print the same
2026-09-28T13:04:50.315124614Z 
2026-09-28T13:04:50.316601119Z [net] UDP multicast 239.192.7.1:5077  ttl=1  frame=44 B
2026-09-28T13:04:50.316679056Z --- crypto self-test ---
2026-09-28T13:04:50.319643272Z   Enc(0)->0 Enc(1)->1                PASS
2026-09-28T13:04:50.320439052Z   Enc(1)+Enc(1)->1 homomorphic OR   PASS
2026-09-28T13:04:50.321173303Z   Enc(0)+Enc(0)->0                  PASS
2026-09-28T13:04:50.321184208Z   curve secp192r1, ciphertext 50 B    PASS
2026-09-28T13:04:50.321447534Z   frame tag HMAC-SHA256/128: 2.5 us, 1-bit tamper caught  PASS
2026-09-28T13:04:50.321461741Z 
2026-09-28T13:04:50.321465042Z --- encrypting my supervisors' initial states ---
2026-09-28T13:04:50.321467443Z [load] S2         idx 2   18 states  12 constraining ev     900 B ciphertext
2026-09-28T13:04:51.166730915Z [init] my keypair is mine alone; no ciphertext ever leaves this node
2026-09-28T13:04:51.166769933Z [init] my enablement: 11=1 12=1 21=1 22=1 30=0 31=1 32=0 33=1 34=0 35=0 36=0 37=1 38=0 39=1 41=0 42=0 51=1 52=1 53=1 54=1 61=1 63=1 64=1 65=1 66=1 71=1 72=1 73=1 74=1 81=1 82=1
2026-09-28T13:04:51.166773435Z 
2026-09-28T13:04:52.573243887Z [net] waiting for 6 peer(s)....... all present.
2026-09-28T13:04:54.072938503Z 
2026-09-28T13:04:54.073003935Z ============================================================
2026-09-28T13:04:54.073007736Z   RUN — SIM_SEQ driver — 5 cycles x 44 steps — LOCAL MODULAR
2026-09-28T13:04:54.073037751Z   columns: cN sNN = cycle/step of MY walk; · = a peer caused this
2026-09-28T13:04:54.073042353Z   'done at': run clock, common to all nodes; a cycle is over at the
2026-09-28T13:04:54.073043954Z   LATEST node's print, machine time (DES_WORK_MS 0) included
2026-09-28T13:04:54.073045254Z ============================================================
2026-09-28T13:04:54.073046455Z 
2026-09-28T13:04:54.073047656Z -- cycle 1/5 --
2026-09-28T13:04:58.657607597Z     ·     vote   31    YES to node 1          (seq 1)
2026-09-28T13:04:58.729797681Z     ·     apply  31        69.9 ms HE    1 dec  from node 1  (seq 1)
2026-09-28T13:04:58.883449579Z     ·     apply  32        69.3 ms HE    1 dec  from node 1  (seq 2)
2026-09-28T13:04:58.955244574Z c1  s5   local  41        69.5 ms HE    1 dec  0 frames
2026-09-28T13:04:59.025102144Z c1  s7   local  42        69.6 ms HE    1 dec  0 frames
2026-09-28T13:05:01.883476852Z     ·     vote   33    YES to node 1          (seq 3)
2026-09-28T13:05:03.382205130Z     ·     vote   33    YES to node 1          (seq 3)
2026-09-28T13:05:04.883710379Z     ·     vote   33    YES to node 1          (seq 3)
2026-09-28T13:05:04.957021199Z     ·     apply  33        69.8 ms HE    1 dec  from node 1  (seq 3)
2026-09-28T13:05:08.035079246Z     ·     apply  34        70.1 ms HE    1 dec  from node 1  (seq 4)
2026-09-28T13:05:19.199702646Z     ·     vote   35    YES to node 1          (seq 5)
2026-09-28T13:05:09.693114379Z     ·     vote   35    YES to node 1          (seq 5)
2026-09-28T13:05:11.335788462Z     ·     apply  35        69.6 ms HE    1 dec  from node 1  (seq 5)
2026-09-28T13:05:11.411175674Z     ·     apply  36        69.8 ms HE    1 dec  from node 1  (seq 6)
2026-09-28T13:05:14.402457561Z     ·     vote   39    YES to node 1          (seq 7)
2026-09-28T13:05:14.474385220Z     ·     apply  39        69.9 ms HE    1 dec  from node 1  (seq 7)
2026-09-28T13:05:16.275535905Z     ·     apply  30        69.9 ms HE    1 dec  from node 1  (seq 8)
2026-09-28T13:05:18.790328874Z     ·     vote   31    YES to node 1          (seq 9)
2026-09-28T13:05:20.288988063Z     ·     vote   31    YES to node 1          (seq 9)
2026-09-28T13:05:21.790652188Z     ·     vote   31    YES to node 1          (seq 9)
2026-09-28T13:05:21.865944254Z     ·     apply  31        69.8 ms HE    1 dec  from node 1  (seq 9)
2026-09-28T13:05:21.941713648Z     ·     apply  32        69.8 ms HE    1 dec  from node 1  (seq 10)
2026-09-28T13:05:22.013923842Z c1  s30  local  41        69.5 ms HE    1 dec  0 frames
2026-09-28T13:05:22.084178301Z c1  s31  local  42        69.8 ms HE    1 dec  0 frames
2026-09-28T13:05:23.444813102Z     ·     vote   35    YES to node 1          (seq 11)
2026-09-28T13:05:24.946650810Z     ·     vote   35    YES to node 1          (seq 11)
2026-09-28T13:05:25.018905825Z     ·     apply  35        69.8 ms HE    1 dec  from node 1  (seq 11)
2026-09-28T13:05:25.095170156Z     ·     apply  36        69.7 ms HE    1 dec  from node 1  (seq 12)
2026-09-28T13:05:26.961453354Z     ·     vote   33    YES to node 1          (seq 13)
2026-09-28T13:05:27.034822302Z     ·     apply  33        69.7 ms HE    1 dec  from node 1  (seq 13)
2026-09-28T13:05:30.111061025Z     ·     apply  34        70.1 ms HE    1 dec  from node 1  (seq 14)
2026-09-28T13:05:30.257400729Z     ·     vote   37    YES to node 1          (seq 15)
2026-09-28T13:05:30.329837231Z     ·     apply  37        69.9 ms HE    1 dec  from node 1  (seq 15)
2026-09-28T13:05:30.405752095Z     ·     apply  38        69.9 ms HE    1 dec  from node 1  (seq 16)
2026-09-28T13:05:30.408381451Z -- cycle 1/5 done at 31998.8 ms --
2026-09-28T13:05:30.408395357Z 
2026-09-28T13:05:30.408402060Z -- cycle 2/5 --
2026-09-28T13:05:30.874564840Z     ·     vote   31    YES to node 1          (seq 17)
2026-09-28T13:05:30.949850403Z     ·     apply  31        70.7 ms HE    1 dec  from node 1  (seq 17)
2026-09-28T13:05:32.523410172Z     ·     apply  32        69.7 ms HE    1 dec  from node 1  (seq 18)
2026-09-28T13:05:32.596408142Z c2  s5   local  41        70.2 ms HE    1 dec  0 frames
2026-09-28T13:05:32.666728433Z c2  s7   local  42        70.1 ms HE    1 dec  0 frames
2026-09-28T13:05:32.672434158Z     ·     vote   33    YES to node 1          (seq 19)
2026-09-28T13:05:34.161946661Z     ·     vote   33    YES to node 1          (seq 19)
2026-09-28T13:05:34.240598732Z     ·     apply  33        69.8 ms HE    1 dec  from node 1  (seq 19)
2026-09-28T13:05:37.311618518Z     ·     apply  34        69.8 ms HE    1 dec  from node 1  (seq 20)
2026-09-28T13:05:37.618540430Z     ·     vote   35    YES to node 1          (seq 21)
2026-09-28T13:05:37.696497669Z     ·     apply  35        70.1 ms HE    1 dec  from node 1  (seq 21)
2026-09-28T13:05:37.912678036Z     ·     apply  36        69.8 ms HE    1 dec  from node 1  (seq 22)
2026-09-28T13:05:37.918274409Z     ·     vote   39    YES to node 1          (seq 23)
2026-09-28T13:05:39.413599084Z     ·     vote   39    YES to node 1          (seq 23)
2026-09-28T13:05:40.913835327Z     ·     vote   39    YES to node 1          (seq 23)
2026-09-28T13:05:42.414239050Z     ·     vote   39    YES to node 1          (seq 23)
2026-09-28T13:05:42.487083547Z     ·     apply  39        70.0 ms HE    1 dec  from node 1  (seq 23)
2026-09-28T13:05:44.460886452Z     ·     apply  30        70.8 ms HE    1 dec  from node 1  (seq 24)
2026-09-28T13:05:47.598134274Z     ·     vote   31    YES to node 1          (seq 25)
2026-09-28T13:05:47.669748683Z     ·     apply  31        69.3 ms HE    1 dec  from node 1  (seq 25)
2026-09-28T13:05:47.743444086Z     ·     apply  32        69.3 ms HE    1 dec  from node 1  (seq 26)
2026-09-28T13:05:47.814996266Z c2  s30  local  41        69.2 ms HE    1 dec  0 frames
2026-09-28T13:05:47.884260452Z c2  s31  local  42        69.2 ms HE    1 dec  0 frames
2026-09-28T13:05:49.239088692Z     ·     vote   35    YES to node 1          (seq 27)
2026-09-28T13:05:50.739568151Z     ·     vote   35    YES to node 1          (seq 27)
2026-09-28T13:05:50.811675095Z     ·     apply  35        69.6 ms HE    1 dec  from node 1  (seq 27)
2026-09-28T13:05:53.950591030Z     ·     apply  36        69.9 ms HE    1 dec  from node 1  (seq 28)
2026-09-28T13:05:55.457052147Z     ·     vote   33    YES to node 1          (seq 29)
2026-09-28T13:05:56.955787272Z     ·     vote   33    YES to node 1          (seq 29)
2026-09-28T13:05:58.462392243Z     ·     vote   33    YES to node 1          (seq 29)
2026-09-28T13:05:59.963072097Z     ·     vote   33    YES to node 1          (seq 29)
2026-09-28T13:06:00.035151829Z     ·     apply  33        69.7 ms HE    1 dec  from node 1  (seq 29)
2026-09-28T13:06:00.113597101Z     ·     apply  34        70.2 ms HE    1 dec  from node 1  (seq 30)
2026-09-28T13:06:00.259523008Z     ·     vote   37    YES to node 1          (seq 31)
2026-09-28T13:06:01.759200484Z     ·     vote   37    YES to node 1          (seq 31)
2026-09-28T13:06:14.268948907Z     ·     vote   37    YES to node 1          (seq 31)
2026-09-28T13:06:04.754097564Z     ·     vote   37    YES to node 1          (seq 31)
2026-09-28T13:06:04.829750803Z     ·     apply  37        69.9 ms HE    1 dec  from node 1  (seq 31)
2026-09-28T13:06:06.478282084Z     ·     apply  38        70.3 ms HE    1 dec  from node 1  (seq 32)
2026-09-28T13:06:06.481206181Z -- cycle 2/5 done at 68095.2 ms --
2026-09-28T13:06:06.481290821Z 
2026-09-28T13:06:06.481317434Z -- cycle 3/5 --
2026-09-28T13:06:09.634817899Z     ·     vote   31    YES to node 1          (seq 33)
2026-09-28T13:06:11.134588019Z     ·     vote   31    YES to node 1          (seq 33)
2026-09-28T13:06:12.634448382Z     ·     vote   31    YES to node 1          (seq 33)
2026-09-28T13:06:12.710337134Z     ·     apply  31        69.9 ms HE    1 dec  from node 1  (seq 33)
2026-09-28T13:06:14.287905745Z     ·     apply  32        69.9 ms HE    1 dec  from node 1  (seq 34)
2026-09-28T13:06:14.360698117Z c3  s5   local  41        69.9 ms HE    1 dec  0 frames
2026-09-28T13:06:14.430374400Z c3  s7   local  42        69.6 ms HE    1 dec  0 frames
2026-09-28T13:06:14.433647764Z     ·     vote   33    YES to node 1          (seq 35)
2026-09-28T13:06:14.508171563Z     ·     apply  33        69.7 ms HE    1 dec  from node 1  (seq 35)
2026-09-28T13:06:16.081954238Z     ·     apply  34        69.4 ms HE    1 dec  from node 1  (seq 36)
2026-09-28T13:06:16.394471123Z     ·     vote   35    YES to node 1          (seq 37)
2026-09-28T13:06:16.466539249Z     ·     apply  35        69.9 ms HE    1 dec  from node 1  (seq 37)
2026-09-28T13:06:18.117323006Z     ·     apply  36        69.5 ms HE    1 dec  from node 1  (seq 38)
2026-09-28T13:06:22.614471318Z     ·     vote   39    YES to node 1          (seq 39)
2026-09-28T13:06:22.688472868Z     ·     apply  39        69.9 ms HE    1 dec  from node 1  (seq 39)
2026-09-28T13:06:24.713521237Z     ·     apply  30        69.7 ms HE    1 dec  from node 1  (seq 40)
2026-09-28T13:06:25.593560920Z     ·     vote   31    YES to node 1          (seq 41)
2026-09-28T13:06:27.092106255Z     ·     vote   31    YES to node 1          (seq 41)
2026-09-28T13:06:27.167358102Z     ·     apply  31        69.9 ms HE    1 dec  from node 1  (seq 41)
2026-09-28T13:06:27.244565683Z     ·     apply  32        70.0 ms HE    1 dec  from node 1  (seq 42)
2026-09-28T13:06:27.317562653Z c3  s30  local  41        69.9 ms HE    1 dec  0 frames
2026-09-28T13:06:27.388056627Z c3  s31  local  42        70.0 ms HE    1 dec  0 frames
2026-09-28T13:06:27.555309121Z     ·     vote   35    YES to node 1          (seq 43)
2026-09-28T13:06:29.028470541Z     ·     vote   35    YES to node 1          (seq 43)
2026-09-28T13:06:30.529177209Z     ·     vote   35    YES to node 1          (seq 43)
2026-09-28T13:06:32.174123878Z     ·     apply  35        70.2 ms HE    1 dec  from node 1  (seq 43)
2026-09-28T13:06:33.656506266Z     ·     apply  36        69.5 ms HE    1 dec  from node 1  (seq 44)
2026-09-28T13:06:35.242042055Z     ·     vote   33    YES to node 1          (seq 45)
2026-09-28T13:06:36.740730659Z     ·     vote   33    YES to node 1          (seq 45)
2026-09-28T13:06:36.816120672Z     ·     apply  33        69.6 ms HE    1 dec  from node 1  (seq 45)
2026-09-28T13:06:37.194878099Z     ·     apply  34        69.7 ms HE    1 dec  from node 1  (seq 46)
2026-09-28T13:06:38.726632674Z     ·     vote   37    YES to node 1          (seq 47)
2026-09-28T13:06:40.228510401Z     ·     vote   37    YES to node 1          (seq 47)
2026-09-28T13:06:40.302031921Z     ·     apply  37        70.8 ms HE    1 dec  from node 1  (seq 47)
2026-09-28T13:06:40.378722555Z     ·     apply  38        69.6 ms HE    1 dec  from node 1  (seq 48)
2026-09-28T13:06:40.382298764Z -- cycle 3/5 done at 102021.1 ms --
2026-09-28T13:06:40.382369698Z 
2026-09-28T13:06:40.382391008Z -- cycle 4/5 --
2026-09-28T13:06:42.111378722Z     ·     vote   31    YES to node 1          (seq 49)
2026-09-28T13:06:42.189264327Z     ·     apply  31        70.0 ms HE    1 dec  from node 1  (seq 49)
2026-09-28T13:06:42.564926776Z     ·     apply  32        70.0 ms HE    1 dec  from node 1  (seq 50)
2026-09-28T13:06:42.637310553Z c4  s5   local  41        69.7 ms HE    1 dec  0 frames
2026-09-28T13:06:42.707517890Z c4  s7   local  42        69.7 ms HE    1 dec  0 frames
2026-09-28T13:06:42.711525604Z     ·     vote   33    YES to node 1          (seq 51)
2026-09-28T13:06:55.229721335Z     ·     vote   33    YES to node 1          (seq 51)
2026-09-28T13:06:56.730207498Z     ·     vote   33    YES to node 1          (seq 51)
2026-09-28T13:06:58.232357555Z     ·     vote   33    YES to node 1          (seq 51)
2026-09-28T13:06:58.304045699Z     ·     apply  33        69.4 ms HE    1 dec  from node 1  (seq 51)
2026-09-28T13:06:58.381758321Z     ·     apply  34        70.1 ms HE    1 dec  from node 1  (seq 52)
2026-09-28T13:06:59.886087419Z     ·     vote   35    YES to node 1          (seq 53)
2026-09-28T13:07:01.529863129Z     ·     apply  35        70.2 ms HE    1 dec  from node 1  (seq 53)
2026-09-28T13:07:01.605267949Z     ·     apply  36        69.7 ms HE    1 dec  from node 1  (seq 54)
2026-09-28T13:07:01.613852750Z     ·     vote   39    YES to node 1          (seq 55)
2026-09-28T13:07:01.688817059Z     ·     apply  39        70.0 ms HE    1 dec  from node 1  (seq 55)
2026-09-28T13:07:01.846369020Z     ·     apply  30        69.7 ms HE    1 dec  from node 1  (seq 56)
2026-09-28T13:07:02.427148350Z     ·     vote   31    YES to node 1          (seq 57)
2026-09-28T13:07:02.502718449Z     ·     apply  31        69.8 ms HE    1 dec  from node 1  (seq 57)
2026-09-28T13:07:02.578140677Z     ·     apply  32        70.1 ms HE    1 dec  from node 1  (seq 58)
2026-09-28T13:07:02.649716768Z c4  s30  local  41        69.4 ms HE    1 dec  0 frames
2026-09-28T13:07:02.719211765Z c4  s31  local  42        69.4 ms HE    1 dec  0 frames
2026-09-28T13:07:04.081719117Z     ·     vote   35    YES to node 1          (seq 59)
2026-09-28T13:07:05.581006506Z     ·     vote   35    YES to node 1          (seq 59)
2026-09-28T13:07:05.654507617Z     ·     apply  35        69.8 ms HE    1 dec  from node 1  (seq 59)
2026-09-28T13:07:08.726742782Z     ·     apply  36        69.9 ms HE    1 dec  from node 1  (seq 60)
2026-09-28T13:06:59.289827895Z     ·     vote   33    YES to node 1          (seq 61)
2026-09-28T13:06:59.364309674Z     ·     apply  33        70.3 ms HE    1 dec  from node 1  (seq 61)
2026-09-28T13:06:59.442576761Z     ·     apply  34        69.7 ms HE    1 dec  from node 1  (seq 62)
2026-09-28T13:06:59.588998205Z     ·     vote   37    YES to node 1          (seq 63)
2026-09-28T13:06:59.661816489Z     ·     apply  37        69.8 ms HE    1 dec  from node 1  (seq 63)
2026-09-28T13:07:01.309855835Z     ·     apply  38        69.9 ms HE    1 dec  from node 1  (seq 64)
2026-09-28T13:07:01.312276191Z -- cycle 4/5 done at 122944.0 ms --
2026-09-28T13:07:01.312355229Z 
2026-09-28T13:07:01.312370737Z -- cycle 5/5 --
2026-09-28T13:07:05.950917038Z     ·     vote   31    YES to node 1          (seq 65)
2026-09-28T13:07:06.026287341Z     ·     apply  31        69.9 ms HE    1 dec  from node 1  (seq 65)
2026-09-28T13:07:09.085008863Z     ·     apply  32        69.8 ms HE    1 dec  from node 1  (seq 66)
2026-09-28T13:07:09.157483683Z c5  s5   local  41        70.1 ms HE    1 dec  0 frames
2026-09-28T13:07:09.228086409Z c5  s7   local  42        70.1 ms HE    1 dec  0 frames
2026-09-28T13:07:09.394870780Z     ·     vote   33    YES to node 1          (seq 67)
2026-09-28T13:07:09.468321766Z     ·     apply  33        70.2 ms HE    1 dec  from node 1  (seq 67)
2026-09-28T13:07:09.546350239Z     ·     apply  34        70.0 ms HE    1 dec  from node 1  (seq 68)
2026-09-28T13:07:09.852040463Z     ·     vote   35    YES to node 1          (seq 69)
2026-09-28T13:07:11.353625451Z     ·     vote   35    YES to node 1          (seq 69)
2026-09-28T13:07:12.854323314Z     ·     vote   35    YES to node 1          (seq 69)
2026-09-28T13:07:14.345382628Z     ·     vote   35    YES to node 1          (seq 69)
2026-09-28T13:07:14.420157747Z     ·     apply  35        69.7 ms HE    1 dec  from node 1  (seq 69)
2026-09-28T13:07:14.639576260Z     ·     apply  36        69.9 ms HE    1 dec  from node 1  (seq 70)
2026-09-28T13:07:14.645081390Z     ·     vote   39    YES to node 1          (seq 71)
2026-09-28T13:07:14.719753060Z     ·     apply  39        69.9 ms HE    1 dec  from node 1  (seq 71)
2026-09-28T13:07:14.873228073Z     ·     apply  30        69.6 ms HE    1 dec  from node 1  (seq 72)
2026-09-28T13:07:21.170326858Z     ·     vote   31    YES to node 1          (seq 73)
2026-09-28T13:07:21.243525324Z     ·     apply  31        69.8 ms HE    1 dec  from node 1  (seq 73)
2026-09-28T13:07:21.319214580Z     ·     apply  32        70.1 ms HE    1 dec  from node 1  (seq 74)
2026-09-28T13:07:21.391465894Z c5  s30  local  41        70.1 ms HE    1 dec  0 frames
2026-09-28T13:07:21.461659124Z c5  s31  local  42        69.9 ms HE    1 dec  0 frames
2026-09-28T13:07:21.464696375Z     ·     vote   35    YES to node 1          (seq 75)
2026-09-28T13:07:22.964925214Z     ·     vote   35    YES to node 1          (seq 75)
2026-09-28T13:07:24.465008698Z     ·     vote   35    YES to node 1          (seq 75)
2026-09-28T13:07:24.540136385Z     ·     apply  35        69.7 ms HE    1 dec  from node 1  (seq 75)
2026-09-28T13:07:24.618200676Z     ·     apply  36        70.0 ms HE    1 dec  from node 1  (seq 76)
2026-09-28T13:07:26.809699425Z     ·     vote   33    YES to node 1          (seq 77)
2026-09-28T13:07:28.309031937Z     ·     vote   33    YES to node 1          (seq 77)
2026-09-28T13:07:29.796145632Z     ·     vote   33    YES to node 1          (seq 77)
2026-09-28T13:07:31.298443460Z     ·     vote   33    YES to node 1          (seq 77)
2026-09-28T13:07:31.371064650Z     ·     apply  33        69.8 ms HE    1 dec  from node 1  (seq 77)
2026-09-28T13:07:31.449711019Z     ·     apply  34        70.3 ms HE    1 dec  from node 1  (seq 78)
2026-09-28T13:07:31.595128883Z     ·     vote   37    YES to node 1          (seq 79)
2026-09-28T13:07:31.668054418Z     ·     apply  37        69.9 ms HE    1 dec  from node 1  (seq 79)
2026-09-28T13:07:31.743561587Z     ·     apply  38        69.9 ms HE    1 dec  from node 1  (seq 80)
2026-09-28T13:07:31.747480159Z -- cycle 5/5 done at 153421.2 ms --
2026-09-28T13:07:31.747619325Z 
2026-09-28T13:07:31.747633432Z ============================================================
2026-09-28T13:07:31.747643137Z   SUMMARY — node 3/7 — LOCAL MODULAR — UDP/IP multicast (RFC 1112)
2026-09-28T13:07:31.747653942Z ============================================================
2026-09-28T13:07:31.747663847Z   events this node FIRED:
2026-09-28T13:07:31.747674852Z   local (no network)     n=20   avg    69.93 ms  (HE   69.74 + net    0.00)  min   69.24  max    70.53  100.0%
2026-09-28T13:07:31.747685357Z   shared controllable          (none on this node)
2026-09-28T13:07:31.747695262Z   shared uncontroll.           (none on this node)
2026-09-28T13:07:31.747707568Z   events this node APPLIED for a peer (participant side):
2026-09-28T13:07:31.747718073Z   shared, applied        n=80   avg    69.87 ms  (HE   69.87 + net    0.00)  min   69.30  max    70.79
2026-09-28T13:07:31.747729978Z   run clock, end of cycles 1..5 (ms): 31998.8 68095.2 102021.1 122944.0 153421.2
2026-09-28T13:07:31.747741784Z      a cycle is over at the LATEST node's value; DES_WORK_MS 0 included
2026-09-28T13:07:31.747753089Z   ----------------------------------------------------------
2026-09-28T13:07:31.747762394Z   all events            n=20   avg    69.93 ms  (HE   69.74 + net    0.00)
2026-09-28T13:07:31.747773199Z   PEER-WAIT + WIRE      0.0 % of total step time
2026-09-28T13:07:31.747783304Z      (compare against the round-trip probe above: the excess is
2026-09-28T13:07:31.747794309Z       the peer's own HE work, not the link.)
2026-09-28T13:07:31.747804914Z   frames: tx=776 rx=3993 retransmits=0
2026-09-28T13:07:31.747815419Z   authentication: HMAC-SHA256/128, 2.5 us per frame; 0 rejected (bad tag), 0 stale/replayed dropped, 6 epoch challenges
2026-09-28T13:07:31.747827225Z   rx queue: peak 8/64 frames
2026-09-28T13:07:31.747837730Z   plant check: 0 event reports rejected as physically impossible
2026-09-28T13:07:31.747848735Z      (these supervisors carry the plant: an impossible uncontrollable event is caught)
2026-09-28T13:07:31.747860541Z   injected frame loss: 5 %
2026-09-28T13:07:31.747871046Z   ----------------------------------------------------------
2026-09-28T13:07:31.747881451Z   homomorphic vs cleartext oracle : PASS — every encrypted bit matched
2026-09-28T13:07:31.747892356Z      (PASS certifies the cryptography: each node's encrypted bits
2026-09-28T13:07:31.747975295Z       match its own clear model for the events it applied. It does
2026-09-28T13:07:31.747995005Z       not certify the distributed run — read the skips for that.)
2026-09-28T13:07:31.748007611Z   distributed vs MONOLITHIC sup.  : off — this header has no monolithic supervisor
2026-09-28T13:07:31.748018716Z   safe halt                       : no — ran to completion
2026-09-28T13:07:31.748029621Z ============================================================
2026-09-28T13:07:41.759074735Z @@RESULT {"node":3,"nodes":7,"family":"LOCAL MODULAR","data":"supervisor_data_fms.h","transport":"UDP/IP multicast (RFC 1112)","fingerprint":"04511541","supervisors":["S2"],"fired":{"local":20,"ctrl":0,"unctrl":0},"applied_for_peers":80,"skips":0,"impossible":0,"tx":778,"rx":4030,"retx":0,"auth_bad":0,"replays":0,"challenges":6,"mac_us":2.45,"rxq_peak":8,"rxq_drops":0,"sync_wait_ms":0.0,"oracle":"PASS","safe_halt":false,"halt_reason":"","cycle_end_ms":[31998.8,68095.2,102021.1,122944.0,153421.2],"rounds":5,"work_ms":0,"emu_scalarmul_ms":69.0,"loss_pct":5,"loss_seed":2533594398,"exit":0}
