des_container: node 5 of 7, LOCAL MODULAR, data supervisor_data_fms.h, transport UDP/IP multicast (RFC 1112)
des_container: EMULATING the ESP32 — every decryption takes at least 69.0 ms (DES_EMU_SCALARMUL_MS)
des_container: dropping 10 % of received frames, seed 2892284381 (DES_LOSS_SEED to replay)

============================================================
  Distributed Homomorphic DES — generic engine
  node 5/7   family LOCAL MODULAR   7 supervisors   31 events
  data: supervisor_data_fms.h
============================================================
--- event routing (DERIVED from the header, not hardcoded) ---
  event  ctrl  nodes      owner  class
  11     yes   1          1      local — no network
  12     no    1          1      local — no network
  21     yes   2          2      local — no network
  22     no    2          2      local — no network
  30     no    1 2 3 4 5 6 7  1      SHARED — needs network
  31     yes   1 2 3 4 5 6 7  1      SHARED — needs network
  32     no    1 2 3 4 5 6 7  1      SHARED — needs network
  33     yes   1 2 3 4 5 6 7  1      SHARED — needs network
  34     no    1 2 3 4 5 6 7  1      SHARED — needs network
  35     yes   1 2 3 4 5 6 7  1      SHARED — needs network
  36     no    1 2 3 4 5 6 7  1      SHARED — needs network
  37     yes   1 2 3 4 5 6 7  1      SHARED — needs network
  38     no    1 2 3 4 5 6 7  1      SHARED — needs network
  39     yes   1 2 3 4 5 6 7  1      SHARED — needs network
  41     yes   3          3      local — no network
  42     no    3          3      local — no network
  51     yes   4          4      local — no network
  52     no    4          4      local — no network
  53     yes   4          4      local — no network
  54     no    4          4      local — no network
  61     yes   5 6 7      5      SHARED — needs network
  63     yes   5 6 7      5      SHARED — needs network
  64     no    5 6 7      5      SHARED — needs network
  65     yes   5 6 7      5      SHARED — needs network
  66     no    5 6 7      5      SHARED — needs network
  71     yes   7          7      local — no network
  72     no    7          7      local — no network
  73     yes   7          7      local — no network
  74     no    7          7      local — no network
  81     yes   7          7      local — no network
  82     no    7          7      local — no network
  => 15/31 events shared; 16/31 need ZERO network traffic; 15 concern this node
  NOTE controllability was INFERRED from event labels (the header
       does not carry it). Check the 'ctrl' column above; if it is
       wrong, set DES_CONTROLLABLE_MASK explicitly.

[init] config fingerprint 04511541 — every node must print the same

[net] UDP multicast 239.192.7.1:5077  ttl=1  frame=44 B
--- crypto self-test ---
  Enc(0)->0 Enc(1)->1                PASS
  Enc(1)+Enc(1)->1 homomorphic OR   PASS
  Enc(0)+Enc(0)->0                  PASS
  curve secp192r1, ciphertext 50 B    PASS
  frame tag HMAC-SHA256/128: 3.5 us, 1-bit tamper caught  PASS

--- encrypting my supervisors' initial states ---
[load] S4         idx 4   44 states  15 constraining ev    2200 B ciphertext
[init] my keypair is mine alone; no ciphertext ever leaves this node
[init] my enablement: 11=1 12=1 21=1 22=1 30=0 31=1 32=0 33=1 34=0 35=1 36=0 37=1 38=0 39=1 41=1 42=1 51=1 52=1 53=1 54=1 61=0 63=0 64=0 65=0 66=0 71=1 72=1 73=1 74=1 81=1 82=1

[net] waiting for 6 peer(s)....................... all present.

============================================================
  RUN — SIM_SEQ driver — 5 cycles x 44 steps — LOCAL MODULAR
  columns: cN sNN = cycle/step of MY walk; · = a peer caused this
  'done at': run clock, common to all nodes; a cycle is over at the
  LATEST node's print, machine time (DES_WORK_MS 0) included
============================================================

-- cycle 1/5 --
    ·     vote   31    YES to node 1          (seq 1)
    ·     vote   31    YES to node 1          (seq 1)
    ·     vote   31    YES to node 1          (seq 1)
    ·     vote   31    YES to node 1          (seq 1)
    ·     apply  31        72.4 ms HE    1 dec  from node 1  (seq 1)
    ·     apply  32       140.4 ms HE    2 dec  from node 1  (seq 2)
    ·     vote   33    YES to node 1          (seq 3)
    ·     vote   33    YES to node 1          (seq 3)
    ·     vote   33    YES to node 1          (seq 3)
    ·     vote   33    YES to node 1          (seq 3)
    ·     vote   33    YES to node 1          (seq 3)
    ·     vote   33    YES to node 1          (seq 3)
    ·     vote   33    YES to node 1          (seq 3)
    ·     apply  33        71.8 ms HE    1 dec  from node 1  (seq 3)
    ·     apply  34       140.9 ms HE    2 dec  from node 1  (seq 4)
    ·     vote   35    YES to node 1          (seq 5)
    ·     vote   35    YES to node 1          (seq 5)
    ·     vote   35    YES to node 1          (seq 5)
    ·     vote   35    YES to node 1          (seq 5)
    ·     apply  35        70.0 ms HE    1 dec  from node 1  (seq 5)
    ·     apply  36       139.2 ms HE    2 dec  from node 1  (seq 6)
    ·     vote   39    YES to node 1          (seq 7)
    ·     vote   39    YES to node 1          (seq 7)
    ·     vote   39    YES to node 1          (seq 7)
    ·     apply  39       140.3 ms HE    2 dec  from node 1  (seq 7)
c1  s15  2pc    61        69.3 ms HE    1 dec  6 frames  + 5.9 ms peer-wait  (seq 1)
    ·     apply  30        69.4 ms HE    1 dec  from node 1  (seq 8)
c1  s23  2pc    65        69.3 ms HE    1 dec  6 frames  + 4.9 ms peer-wait  (seq 2)
c1  s24  notify 66        69.5 ms HE    1 dec  3 frames  + 1503.6 ms peer-wait  (seq 3)
    ·     vote   31    YES to node 1          (seq 9)
    ·     vote   31    YES to node 1          (seq 9)
    ·     vote   31    YES to node 1          (seq 9)
    ·     apply  31        69.4 ms HE    1 dec  from node 1  (seq 9)
    ·     apply  32        69.6 ms HE    1 dec  from node 1  (seq 10)
    ·     vote   35    YES to node 1          (seq 11)
    ·     vote   35    YES to node 1          (seq 11)
    ·     vote   35    YES to node 1          (seq 11)
    ·     apply  35        69.3 ms HE    1 dec  from node 1  (seq 11)
    ·     apply  36        69.4 ms HE    1 dec  from node 1  (seq 12)
c1  s35  2pc    61        69.4 ms HE    1 dec  6 frames  + 4506.6 ms peer-wait  (seq 4)
    ·     vote   33    YES to node 1          (seq 13)
    ·     apply  33        69.3 ms HE    1 dec  from node 1  (seq 13)
    ·     apply  34        69.4 ms HE    1 dec  from node 1  (seq 14)
    ·     vote   37    YES to node 1          (seq 15)
    ·     vote   37    YES to node 1          (seq 15)
    ·     vote   37    YES to node 1          (seq 15)
    ·     vote   37    YES to node 1          (seq 15)
    ·     vote   37    YES to node 1          (seq 15)
    ·     vote   37    YES to node 1          (seq 15)
    ·     vote   37    YES to node 1          (seq 15)
    ·     skip   37    node 1 gave up on it — moving on too  (occ 1)
    ·     skip   38    node 1 gave up on it — moving on too  (occ 1)
c1  s42  veto   63    a peer's supervisor disables it here  (3.8 ms)
c1  s42  veto   63    refused 7 more times over 10.6 s, giving up
c1  s42  SKIP   63    a PEER's supervisor kept vetoing it
c1  s43  [!!]   64    IMPOSSIBLE — uncontrollable, but no machine could produce it from here; rejected (sensor fault or attack?)
c1  s43  SKIP   64    physically impossible here — rejected
-- cycle 1/5 done at 86485.7 ms --

-- cycle 2/5 --
    ·     vote   31    YES to node 1          (seq 15)
    ·     vote   31    YES to node 1          (seq 15)
    ·     apply  31        69.4 ms HE    1 dec  from node 1  (seq 15)
    ·     apply  32        69.4 ms HE    1 dec  from node 1  (seq 16)
    ·     vote   33    YES to node 1          (seq 17)
    ·     vote   33    YES to node 1          (seq 17)
    ·     vote   33    YES to node 1          (seq 17)
    ·     vote   33    YES to node 1          (seq 17)
    ·     vote   33    YES to node 1          (seq 17)
    ·     vote   33    YES to node 1          (seq 17)
    ·     vote   33    YES to node 1          (seq 17)
    ·     vote   33    YES to node 1          (seq 17)
    ·     vote   33    YES to node 1          (seq 17)
    ·     skip   33    node 1 gave up on it — moving on too  (occ 3)
    ·     skip   34    node 1 gave up on it — moving on too  (occ 3)
    ·     vote   35    YES to node 1          (seq 17)
    ·     vote   35    YES to node 1          (seq 17)
    ·     vote   35    YES to node 1          (seq 17)
    ·     apply  35        69.4 ms HE    1 dec  from node 1  (seq 17)
    ·     apply  36        69.5 ms HE    1 dec  from node 1  (seq 18)
    ·     vote   39    YES to node 1          (seq 19)
    ·     vote   39    YES to node 1          (seq 19)
    ·     vote   39    YES to node 1          (seq 19)
    ·     vote   39    YES to node 1          (seq 19)
    ·     vote   39    YES to node 1          (seq 19)
    ·     vote   39    YES to node 1          (seq 19)
    ·     vote   39    YES to node 1          (seq 19)
    ·     vote   39    YES to node 1          (seq 19)
    ·     skip   39    node 1 gave up on it — moving on too  (occ 2)
c2  s15  SKIP   61    my own supervisor disables it here
    ·     skip   30    node 1 gave up on it — moving on too  (occ 2)
c2  s23  sync   65    waiting for peers to reach this step (10 s)
c2  s23  sync   65    waiting for peers to reach this step (20 s)
c2  s23  sync   65    waiting for peers to reach this step (30 s)
c2  s23  veto   65    a peer's supervisor disables it here  (13.5 ms)
c2  s23  veto   65    refused 8 more times over 10.1 s, giving up
c2  s23  SKIP   65    a PEER's supervisor kept vetoing it
c2  s24  [!!]   66    IMPOSSIBLE — uncontrollable, but no machine could produce it from here; rejected (sensor fault or attack?)
c2  s24  SKIP   66    physically impossible here — rejected
    ·     vote   31    YES to node 1          (seq 19)
    ·     vote   31    YES to node 1          (seq 19)
    ·     vote   31    YES to node 1          (seq 19)
    ·     vote   31    YES to node 1          (seq 19)
    ·     vote   31    YES to node 1          (seq 19)
    ·     vote   31    YES to node 1          (seq 19)
    ·     skip   31    node 1 gave up on it — moving on too  (occ 4)
    ·     skip   32    node 1 gave up on it — moving on too  (occ 4)
    ·     vote   35    NO  to node 1          (seq 19)
    ·     vote   35    NO  to node 1          (seq 19)
    ·     vote   35    NO  to node 1          (seq 19)
    ·     vote   35    NO  to node 1          (seq 19)
    ·     vote   35    NO  to node 1          (seq 19)
    ·     vote   35    NO  to node 1          (seq 19)
    ·     vote   35    NO  to node 1          (seq 19)
    ·     vote   35    NO  to node 1          (seq 19)
    ·     vote   35    NO  to node 1          (seq 19)
    ·     vote   35    NO  to node 1          (seq 19)
    ·     skip   35    node 1 gave up on it — moving on too  (occ 4)
    ·     skip   36    node 1 gave up on it — moving on too  (occ 4)
c2  s35  SKIP   61    my own supervisor disables it here
    ·     vote   33    YES to node 1          (seq 19)
    ·     vote   33    YES to node 1          (seq 19)
    ·     vote   33    YES to node 1          (seq 19)
    ·     vote   33    YES to node 1          (seq 19)
    ·     vote   33    YES to node 1          (seq 19)
    ·     vote   33    YES to node 1          (seq 19)
    ·     vote   33    YES to node 1          (seq 19)
    ·     vote   33    YES to node 1          (seq 19)
    ·     vote   33    YES to node 1          (seq 19)
    ·     skip   33    node 1 gave up on it — moving on too  (occ 4)
    ·     skip   34    node 1 gave up on it — moving on too  (occ 4)
    ·     vote   37    YES to node 1          (seq 19)
    ·     vote   37    YES to node 1          (seq 19)
    ·     vote   37    YES to node 1          (seq 19)
    ·     apply  37        69.9 ms HE    1 dec  from node 1  (seq 19)
    ·     apply  38        69.3 ms HE    1 dec  from node 1  (seq 20)
c2  s42  2pc    63        69.8 ms HE    1 dec  6 frames  + 3.9 ms peer-wait  (seq 5)
c2  s43  notify 64        69.4 ms HE    1 dec  3 frames  + 1503.1 ms peer-wait  (seq 6)
-- cycle 2/5 done at 263030.0 ms --

-- cycle 3/5 --
    ·     vote   31    YES to node 1          (seq 21)
    ·     vote   31    YES to node 1          (seq 21)
    ·     vote   31    YES to node 1          (seq 21)
    ·     vote   31    YES to node 1          (seq 21)
    ·     vote   31    YES to node 1          (seq 21)
    ·     vote   31    YES to node 1          (seq 21)
    ·     vote   31    YES to node 1          (seq 21)
    ·     vote   31    YES to node 1          (seq 21)
    ·     apply  31        69.5 ms HE    1 dec  from node 1  (seq 21)
    ·     apply  32        69.7 ms HE    1 dec  from node 1  (seq 22)
    ·     vote   33    YES to node 1          (seq 23)
    ·     vote   33    YES to node 1          (seq 23)
    ·     vote   33    YES to node 1          (seq 23)
    ·     vote   33    YES to node 1          (seq 23)
    ·     vote   33    YES to node 1          (seq 23)
    ·     vote   33    YES to node 1          (seq 23)
    ·     vote   33    YES to node 1          (seq 23)
    ·     vote   33    YES to node 1          (seq 23)
    ·     skip   33    node 1 gave up on it — moving on too  (occ 5)
    ·     skip   34    node 1 gave up on it — moving on too  (occ 5)
    ·     vote   35    NO  to node 1          (seq 23)
    ·     vote   35    NO  to node 1          (seq 23)
    ·     vote   35    NO  to node 1          (seq 23)
    ·     vote   35    NO  to node 1          (seq 23)
    ·     vote   35    NO  to node 1          (seq 23)
    ·     vote   35    NO  to node 1          (seq 23)
    ·     vote   35    NO  to node 1          (seq 23)
    ·     vote   35    NO  to node 1          (seq 23)
    ·     vote   35    NO  to node 1          (seq 23)
    ·     vote   35    NO  to node 1          (seq 23)
    ·     vote   35    NO  to node 1          (seq 23)
    ·     skip   35    node 1 gave up on it — moving on too  (occ 5)
    ·     skip   36    node 1 gave up on it — moving on too  (occ 5)
    ·     vote   39    YES to node 1          (seq 23)
    ·     vote   39    YES to node 1          (seq 23)
    ·     vote   39    YES to node 1          (seq 23)
    ·     vote   39    YES to node 1          (seq 23)
    ·     vote   39    YES to node 1          (seq 23)
    ·     vote   39    YES to node 1          (seq 23)
    ·     vote   39    YES to node 1          (seq 23)
    ·     vote   39    YES to node 1          (seq 23)
    ·     vote   39    YES to node 1          (seq 23)
    ·     vote   39    YES to node 1          (seq 23)
    ·     vote   39    YES to node 1          (seq 23)
    ·     vote   39    YES to node 1          (seq 23)
    ·     vote   39    YES to node 1          (seq 23)
    ·     skip   39    node 1 gave up on it — moving on too  (occ 3)
c3  s15  2pc    61        69.4 ms HE    1 dec  6 frames  + 9006.3 ms peer-wait  (seq 7)
    ·     skip   30    node 1 gave up on it — moving on too  (occ 3)
c3  s23  sync   65    waiting for peers to reach this step (10 s)
c3  s23  sync   65    waiting for peers to reach this step (20 s)
c3  s23  sync   65    waiting for peers to reach this step (30 s)
c3  s23  veto   65    a peer's supervisor disables it here  (4.6 ms)
c3  s23  retry  65    no quorum after 4 tries — nothing applied anywhere
c3  s23  veto   65    refused 4 more times over 10.6 s, giving up
c3  s23  SKIP   65    a PEER's supervisor kept vetoing it
c3  s24  [!!]   66    IMPOSSIBLE — uncontrollable, but no machine could produce it from here; rejected (sensor fault or attack?)
c3  s24  SKIP   66    physically impossible here — rejected
    ·     vote   31    YES to node 1          (seq 23)
    ·     vote   31    YES to node 1          (seq 23)
    ·     vote   31    YES to node 1          (seq 23)
    ·     vote   31    YES to node 1          (seq 23)
    ·     vote   31    YES to node 1          (seq 23)
    ·     vote   31    YES to node 1          (seq 23)
    ·     vote   31    YES to node 1          (seq 23)
    ·     vote   31    YES to node 1          (seq 23)
    ·     vote   31    YES to node 1          (seq 23)
    ·     skip   31    node 1 gave up on it — moving on too  (occ 6)
    ·     skip   32    node 1 gave up on it — moving on too  (occ 6)
    ·     vote   35    YES to node 1          (seq 23)
    ·     vote   35    YES to node 1          (seq 23)
    ·     apply  35        69.5 ms HE    1 dec  from node 1  (seq 23)
    ·     apply  36        69.3 ms HE    1 dec  from node 1  (seq 24)
c3  s35  SKIP   61    my own supervisor disables it here
    ·     vote   33    YES to node 1          (seq 25)
    ·     vote   33    YES to node 1          (seq 25)
    ·     vote   33    YES to node 1          (seq 25)
    ·     vote   33    YES to node 1          (seq 25)
    ·     apply  33        69.3 ms HE    1 dec  from node 1  (seq 25)
    ·     apply  34        69.3 ms HE    1 dec  from node 1  (seq 26)
    ·     vote   37    YES to node 1          (seq 27)
    ·     vote   37    YES to node 1          (seq 27)
    ·     vote   37    YES to node 1          (seq 27)
    ·     vote   37    YES to node 1          (seq 27)
    ·     apply  37        69.5 ms HE    1 dec  from node 1  (seq 27)
    ·     apply  38        69.4 ms HE    1 dec  from node 1  (seq 28)
c3  s42  2pc    63        69.3 ms HE    1 dec  6 frames  + 6.3 ms peer-wait  (seq 8)
c3  s43  notify 64        69.5 ms HE    1 dec  3 frames  + 4504.8 ms peer-wait  (seq 9)
-- cycle 3/5 done at 452186.7 ms --

-- cycle 4/5 --
    ·     vote   31    YES to node 1          (seq 29)
    ·     apply  31        69.5 ms HE    1 dec  from node 1  (seq 29)
    ·     apply  32        69.3 ms HE    1 dec  from node 1  (seq 30)
    ·     vote   33    YES to node 1          (seq 31)
    ·     vote   33    YES to node 1          (seq 31)
    ·     vote   33    YES to node 1          (seq 31)
    ·     vote   33    YES to node 1          (seq 31)
    ·     apply  33        69.2 ms HE    1 dec  from node 1  (seq 31)
    ·     apply  34        69.5 ms HE    1 dec  from node 1  (seq 32)
    ·     vote   35    NO  to node 1          (seq 33)
    ·     vote   35    NO  to node 1          (seq 33)
    ·     vote   35    NO  to node 1          (seq 33)
    ·     vote   35    NO  to node 1          (seq 33)
    ·     vote   35    NO  to node 1          (seq 33)
    ·     vote   35    NO  to node 1          (seq 33)
    ·     vote   35    NO  to node 1          (seq 33)
    ·     vote   35    NO  to node 1          (seq 33)
    ·     vote   35    NO  to node 1          (seq 33)
    ·     vote   35    NO  to node 1          (seq 33)
    ·     vote   35    NO  to node 1          (seq 33)
    ·     skip   35    node 1 gave up on it — moving on too  (occ 7)
    ·     skip   36    node 1 gave up on it — moving on too  (occ 7)
    ·     vote   39    YES to node 1          (seq 33)
    ·     vote   39    YES to node 1          (seq 33)
    ·     apply  39        69.3 ms HE    1 dec  from node 1  (seq 33)
c4  s15  2pc    61        69.5 ms HE    1 dec  6 frames  + 6.2 ms peer-wait  (seq 10)
    ·     apply  30        69.4 ms HE    1 dec  from node 1  (seq 34)
c4  s23  2pc    65        69.6 ms HE    1 dec  6 frames  + 1505.8 ms peer-wait  (seq 11)
c4  s24  notify 66        69.2 ms HE    1 dec  3 frames  + 1.4 ms peer-wait  (seq 12)
    ·     vote   31    YES to node 1          (seq 35)
    ·     vote   31    YES to node 1          (seq 35)
    ·     vote   31    YES to node 1          (seq 35)
    ·     vote   31    YES to node 1          (seq 35)
    ·     vote   31    YES to node 1          (seq 35)
    ·     vote   31    YES to node 1          (seq 35)
    ·     vote   31    YES to node 1          (seq 35)
    ·     skip   31    node 1 gave up on it — moving on too  (occ 8)
    ·     skip   32    node 1 gave up on it — moving on too  (occ 8)
    ·     vote   35    YES to node 1          (seq 35)
    ·     vote   35    YES to node 1          (seq 35)
    ·     vote   35    YES to node 1          (seq 35)
    ·     apply  35        69.8 ms HE    1 dec  from node 1  (seq 35)
    ·     apply  36        69.7 ms HE    1 dec  from node 1  (seq 36)
c4  s35  2pc    61        69.5 ms HE    1 dec  6 frames  + 4.9 ms peer-wait  (seq 13)
    ·     vote   33    YES to node 1          (seq 37)
    ·     vote   33    YES to node 1          (seq 37)
    ·     vote   33    YES to node 1          (seq 37)
    ·     vote   33    YES to node 1          (seq 37)
    ·     vote   33    YES to node 1          (seq 37)
    ·     apply  33        69.8 ms HE    1 dec  from node 1  (seq 37)
    ·     apply  34        69.8 ms HE    1 dec  from node 1  (seq 38)
    ·     vote   37    YES to node 1          (seq 39)
    ·     vote   37    YES to node 1          (seq 39)
    ·     vote   37    YES to node 1          (seq 39)
    ·     vote   37    YES to node 1          (seq 39)
    ·     vote   37    YES to node 1          (seq 39)
    ·     vote   37    YES to node 1          (seq 39)
    ·     skip   37    node 1 gave up on it — moving on too  (occ 4)
    ·     skip   38    node 1 gave up on it — moving on too  (occ 4)
c4  s42  veto   63    a peer's supervisor disables it here  (4.6 ms)
c4  s42  veto   63    refused 5 more times over 10.1 s, giving up
c4  s42  SKIP   63    a PEER's supervisor kept vetoing it
c4  s43  [!!]   64    IMPOSSIBLE — uncontrollable, but no machine could produce it from here; rejected (sensor fault or attack?)
c4  s43  SKIP   64    physically impossible here — rejected
-- cycle 4/5 done at 553519.3 ms --

-- cycle 5/5 --
    ·     vote   31    YES to node 1          (seq 39)
    ·     apply  31        69.5 ms HE    1 dec  from node 1  (seq 39)
    ·     apply  32        69.2 ms HE    1 dec  from node 1  (seq 40)
    ·     vote   33    YES to node 1          (seq 41)
    ·     vote   33    YES to node 1          (seq 41)
    ·     vote   33    YES to node 1          (seq 41)
    ·     vote   33    YES to node 1          (seq 41)
    ·     vote   33    YES to node 1          (seq 41)
    ·     vote   33    YES to node 1          (seq 41)
    ·     vote   33    YES to node 1          (seq 41)
    ·     vote   33    YES to node 1          (seq 41)
    ·     vote   33    YES to node 1          (seq 41)
    ·     vote   33    YES to node 1          (seq 41)
    ·     vote   33    YES to node 1          (seq 41)
    ·     vote   33    YES to node 1          (seq 41)
    ·     vote   33    YES to node 1          (seq 41)
    ·     skip   33    node 1 gave up on it — moving on too  (occ 9)
    ·     skip   34    node 1 gave up on it — moving on too  (occ 9)
    ·     vote   35    YES to node 1          (seq 41)
    ·     vote   35    YES to node 1          (seq 41)
    ·     vote   35    YES to node 1          (seq 41)
    ·     apply  35        69.3 ms HE    1 dec  from node 1  (seq 41)
    ·     apply  36        69.2 ms HE    1 dec  from node 1  (seq 42)
    ·     vote   39    YES to node 1          (seq 43)
    ·     vote   39    YES to node 1          (seq 43)
    ·     vote   39    YES to node 1          (seq 43)
    ·     vote   39    YES to node 1          (seq 43)
    ·     vote   39    YES to node 1          (seq 43)
    ·     vote   39    YES to node 1          (seq 43)
    ·     vote   39    YES to node 1          (seq 43)
    ·     vote   39    YES to node 1          (seq 43)
    ·     vote   39    YES to node 1          (seq 43)
    ·     vote   39    YES to node 1          (seq 43)
    ·     skip   39    node 1 gave up on it — moving on too  (occ 5)
c5  s15  SKIP   61    my own supervisor disables it here
    ·     skip   30    node 1 gave up on it — moving on too  (occ 5)
c5  s23  sync   65    waiting for peers to reach this step (10 s)
c5  s23  sync   65    waiting for peers to reach this step (20 s)
c5  s23  sync   65    waiting for peers to reach this step (30 s)
c5  s23  veto   65    a peer's supervisor disables it here  (4.5 ms)
c5  s23  retry  65    no quorum after 4 tries — nothing applied anywhere
c5  s23  veto   65    refused 4 more times over 12.1 s, giving up
c5  s23  SKIP   65    no quorum — a peer never answered
c5  s24  [!!]   66    IMPOSSIBLE — uncontrollable, but no machine could produce it from here; rejected (sensor fault or attack?)
c5  s24  SKIP   66    physically impossible here — rejected
    ·     vote   31    YES to node 1          (seq 43)
    ·     apply  31        69.7 ms HE    1 dec  from node 1  (seq 43)
    ·     apply  32        69.3 ms HE    1 dec  from node 1  (seq 44)
    ·     vote   35    NO  to node 1          (seq 45)
    ·     vote   35    NO  to node 1          (seq 45)
    ·     vote   35    NO  to node 1          (seq 45)
    ·     vote   35    NO  to node 1          (seq 45)
    ·     vote   35    NO  to node 1          (seq 45)
    ·     vote   35    NO  to node 1          (seq 45)
    ·     vote   35    NO  to node 1          (seq 45)
    ·     skip   35    node 1 gave up on it — moving on too  (occ 10)
    ·     skip   36    node 1 gave up on it — moving on too  (occ 10)
c5  s35  SKIP   61    my own supervisor disables it here
    ·     vote   33    YES to node 1          (seq 45)
    ·     vote   33    YES to node 1          (seq 45)
    ·     vote   33    YES to node 1          (seq 45)
    ·     vote   33    YES to node 1          (seq 45)
    ·     vote   33    YES to node 1          (seq 45)
    ·     vote   33    YES to node 1          (seq 45)
    ·     vote   33    YES to node 1          (seq 45)
    ·     vote   33    YES to node 1          (seq 45)
    ·     vote   33    YES to node 1          (seq 45)
    ·     vote   33    YES to node 1          (seq 45)
    ·     skip   33    node 1 gave up on it — moving on too  (occ 10)
    ·     skip   34    node 1 gave up on it — moving on too  (occ 10)
    ·     vote   37    YES to node 1          (seq 45)
    ·     vote   37    YES to node 1          (seq 45)
    ·     vote   37    YES to node 1          (seq 45)
    ·     vote   37    YES to node 1          (seq 45)
    ·     apply  37        69.4 ms HE    1 dec  from node 1  (seq 45)
    ·     apply  38        69.3 ms HE    1 dec  from node 1  (seq 46)
c5  s42  2pc    63        69.6 ms HE    1 dec  6 frames  + 6.2 ms peer-wait  (seq 14)
c5  s43  notify 64        69.4 ms HE    1 dec  3 frames  + 1.5 ms peer-wait  (seq 15)
-- cycle 5/5 done at 712819.4 ms --

============================================================
  SUMMARY — node 5/7 — LOCAL MODULAR — UDP/IP multicast (RFC 1112)
============================================================
  events this node FIRED:
  local (no network)           (none on this node)
  shared controllable    n=10   avg  1575.27 ms  (HE   69.45 + net 1505.70)  min   73.78  max  9075.77   66.7%
  shared uncontroll.     n=5    avg  1572.43 ms  (HE   69.38 + net 1502.88)  min   70.67  max  4574.31   33.3%
  events this node APPLIED for a peer (participant side):
  shared, applied        n=46   avg    75.73 ms  (HE   75.73 + net    0.00)  min   69.21  max   140.86
  sync-wait (peers reaching a shared step): n=30 avg 3291.48 ms, 98.7 s total
     not protocol cost — the plant catching up; kept out of the rows above
  run clock, end of cycles 1..5 (ms): 86485.7 263030.0 452186.7 553519.3 712819.4
     a cycle is over at the LATEST node's value; DES_WORK_MS 0 included
  ----------------------------------------------------------
  all events            n=15   avg  1574.32 ms  (HE   69.43 + net 1504.76)
  PEER-WAIT + WIRE      95.6 % of total step time
     (compare against the round-trip probe above: the excess is
      the peer's own HE work, not the link.)
  frames: tx=2212 rx=12485 retransmits=37
  authentication: HMAC-SHA256/128, 3.5 us per frame; 0 rejected (bad tag), 0 stale/replayed dropped, 6 epoch challenges
  rx queue: peak 19/64 frames
  plant check: 5 event reports rejected as physically impossible
     (these supervisors carry the plant: an impossible uncontrollable event is caught)
  !! 15 STEPS SKIPPED — each SKIP line above says why. Firing a
     step anyway would corrupt every supervisor downstream.
  injected frame loss: 10 %
  ----------------------------------------------------------
  homomorphic vs cleartext oracle : PASS — every encrypted bit matched
     (PASS certifies the cryptography: each node's encrypted bits
      match its own clear model for the events it applied. It does
      not certify the distributed run — read the skips for that.)
  distributed vs MONOLITHIC sup.  : off — this header has no monolithic supervisor
  safe halt                       : no — ran to completion
============================================================
@@RESULT {"node":5,"nodes":7,"family":"LOCAL MODULAR","data":"supervisor_data_fms.h","transport":"UDP/IP multicast (RFC 1112)","fingerprint":"04511541","supervisors":["S4"],"fired":{"local":0,"ctrl":10,"unctrl":5},"applied_for_peers":46,"skips":15,"impossible":5,"tx":2213,"rx":12489,"retx":37,"auth_bad":0,"replays":0,"challenges":6,"mac_us":3.51,"rxq_peak":19,"rxq_drops":0,"sync_wait_ms":98744.4,"oracle":"PASS","safe_halt":false,"halt_reason":"","cycle_end_ms":[86485.7,263030.0,452186.7,553519.3,712819.4],"rounds":5,"work_ms":0,"emu_scalarmul_ms":69.0,"loss_pct":10,"loss_seed":2892284381,"exit":1}
