2026-09-28T03:40:38.491009294Z des_container: node 2 of 4, LOCAL MODULAR, data supervisor_data_fms.h, transport UDP/IP multicast (RFC 1112)
2026-09-28T03:40:38.491107706Z des_container: EMULATING the ESP32 — every decryption takes at least 69.0 ms (DES_EMU_SCALARMUL_MS)
2026-09-28T03:40:38.491113107Z 
2026-09-28T03:40:38.491115607Z ============================================================
2026-09-28T03:40:38.491117807Z   Distributed Homomorphic DES — generic engine
2026-09-28T03:40:38.491120007Z   node 2/4   family LOCAL MODULAR   7 supervisors   31 events
2026-09-28T03:40:38.491122008Z   data: supervisor_data_fms.h
2026-09-28T03:40:38.491124208Z ============================================================
2026-09-28T03:40:38.492028322Z --- event routing (DERIVED from the header, not hardcoded) ---
2026-09-28T03:40:38.492045824Z   event  ctrl  nodes      owner  class
2026-09-28T03:40:38.492048824Z   11     yes   1          1      local — no network
2026-09-28T03:40:38.492051524Z   12     no    1          1      local — no network
2026-09-28T03:40:38.492053425Z   21     yes   1          1      local — no network
2026-09-28T03:40:38.492055325Z   22     no    1          1      local — no network
2026-09-28T03:40:38.492057325Z   30     no    1 2 3 4    1      SHARED — needs network
2026-09-28T03:40:38.492059125Z   31     yes   1 2 3 4    1      SHARED — needs network
2026-09-28T03:40:38.492060826Z   32     no    1 2 3 4    1      SHARED — needs network
2026-09-28T03:40:38.492062726Z   33     yes   1 2 3 4    1      SHARED — needs network
2026-09-28T03:40:38.492064726Z   34     no    1 2 3 4    1      SHARED — needs network
2026-09-28T03:40:38.492066626Z   35     yes   1 2 3 4    1      SHARED — needs network
2026-09-28T03:40:38.492069227Z   36     no    1 2 3 4    1      SHARED — needs network
2026-09-28T03:40:38.492071527Z   37     yes   1 2 3 4    1      SHARED — needs network
2026-09-28T03:40:38.492073927Z   38     no    1 2 3 4    1      SHARED — needs network
2026-09-28T03:40:38.492075727Z   39     yes   1 2 3 4    1      SHARED — needs network
2026-09-28T03:40:38.492077728Z   41     yes   2          2      local — no network
2026-09-28T03:40:38.492080328Z   42     no    2          2      local — no network
2026-09-28T03:40:38.492082428Z   51     yes   2          2      local — no network
2026-09-28T03:40:38.492084229Z   52     no    2          2      local — no network
2026-09-28T03:40:38.492086429Z   53     yes   2          2      local — no network
2026-09-28T03:40:38.492088529Z   54     no    2          2      local — no network
2026-09-28T03:40:38.492090829Z   61     yes   3 4        3      SHARED — needs network
2026-09-28T03:40:38.492093130Z   63     yes   3 4        3      SHARED — needs network
2026-09-28T03:40:38.492095230Z   64     no    3 4        3      SHARED — needs network
2026-09-28T03:40:38.492112032Z   65     yes   3 4        3      SHARED — needs network
2026-09-28T03:40:38.492115332Z   66     no    3 4        3      SHARED — needs network
2026-09-28T03:40:38.492117333Z   71     yes   4          4      local — no network
2026-09-28T03:40:38.492119433Z   72     no    4          4      local — no network
2026-09-28T03:40:38.492121333Z   73     yes   4          4      local — no network
2026-09-28T03:40:38.492123333Z   74     no    4          4      local — no network
2026-09-28T03:40:38.492125234Z   81     yes   4          4      local — no network
2026-09-28T03:40:38.492127234Z   82     no    4          4      local — no network
2026-09-28T03:40:38.492129234Z   => 15/31 events shared; 16/31 need ZERO network traffic; 16 concern this node
2026-09-28T03:40:38.492131835Z   NOTE controllability was INFERRED from event labels (the header
2026-09-28T03:40:38.492134735Z        does not carry it). Check the 'ctrl' column above; if it is
2026-09-28T03:40:38.492136935Z        wrong, set DES_CONTROLLABLE_MASK explicitly.
2026-09-28T03:40:38.492139135Z 
2026-09-28T03:40:38.492141236Z [init] config fingerprint 457cc268 — every node must print the same
2026-09-28T03:40:38.492143736Z 
2026-09-28T03:40:38.492286854Z [net] UDP multicast 239.192.7.1:5077  ttl=1  frame=44 B
2026-09-28T03:40:38.492294755Z --- crypto self-test ---
2026-09-28T03:40:38.495471254Z   Enc(0)->0 Enc(1)->1                PASS
2026-09-28T03:40:38.496098633Z   Enc(1)+Enc(1)->1 homomorphic OR   PASS
2026-09-28T03:40:38.496836225Z   Enc(0)+Enc(0)->0                  PASS
2026-09-28T03:40:38.496849827Z   curve secp192r1, ciphertext 50 B    PASS
2026-09-28T03:40:38.497002346Z   frame tag HMAC-SHA256/128: 1.6 us, 1-bit tamper caught  PASS
2026-09-28T03:40:38.497010847Z 
2026-09-28T03:40:38.497012747Z --- encrypting my supervisors' initial states ---
2026-09-28T03:40:38.497014148Z [load] S2         idx 2   18 states  12 constraining ev     900 B ciphertext
2026-09-28T03:40:38.497015548Z [load] S3         idx 3   21 states  14 constraining ev    1050 B ciphertext
2026-09-28T03:40:40.347050494Z [init] my keypair is mine alone; no ciphertext ever leaves this node
2026-09-28T03:40:40.347143906Z [init] my enablement: 11=1 12=1 21=1 22=1 30=0 31=1 32=0 33=1 34=0 35=0 36=0 37=0 38=0 39=0 41=0 42=0 51=0 52=0 53=0 54=0 61=1 63=1 64=1 65=1 66=1 71=1 72=1 73=1 74=1 81=1 82=1
2026-09-28T03:40:40.347163108Z 
2026-09-28T03:40:40.950254244Z [net] waiting for 3 peer(s)... all present.
2026-09-28T03:40:42.454978307Z 
2026-09-28T03:40:42.455047016Z ============================================================
2026-09-28T03:40:42.455056917Z   RUN — SIM_SEQ driver — 5 cycles x 44 steps — LOCAL MODULAR
2026-09-28T03:40:42.455105323Z   columns: cN sNN = cycle/step of MY walk; · = a peer caused this
2026-09-28T03:40:42.455112924Z   'done at': run clock, common to all nodes; a cycle is over at the
2026-09-28T03:40:42.455118925Z   LATEST node's print, machine time (DES_WORK_MS 0) included
2026-09-28T03:40:42.455125026Z ============================================================
2026-09-28T03:40:42.455130926Z 
2026-09-28T03:40:42.455146128Z -- cycle 1/5 --
2026-09-28T03:40:43.412376437Z     ·     vote   31    YES to node 1          (seq 1)
2026-09-28T03:40:43.555209374Z     ·     apply  31       141.2 ms HE    2 dec  from node 1  (seq 1)
2026-09-28T03:40:43.986022478Z     ·     apply  32       349.8 ms HE    5 dec  from node 1  (seq 2)
2026-09-28T03:40:44.058347361Z c1  s5   local  41        69.4 ms HE    1 dec  0 frames
2026-09-28T03:40:44.128957528Z c1  s7   local  42        69.9 ms HE    1 dec  0 frames
2026-09-28T03:40:44.131580957Z     ·     vote   33    YES to node 1          (seq 3)
2026-09-28T03:40:44.278548613Z     ·     apply  33       139.4 ms HE    2 dec  from node 1  (seq 3)
2026-09-28T03:40:44.496626500Z     ·     apply  34       139.4 ms HE    2 dec  from node 1  (seq 4)
2026-09-28T03:40:44.717801475Z     ·     vote   35    YES to node 1          (seq 5)
2026-09-28T03:40:44.862237513Z     ·     apply  35       139.4 ms HE    2 dec  from node 1  (seq 5)
2026-09-28T03:40:44.934506088Z c1  s11  local  53        69.6 ms HE    1 dec  0 frames
2026-09-28T03:40:45.003572162Z c1  s12  local  54        69.5 ms HE    1 dec  0 frames
2026-09-28T03:40:45.146448104Z     ·     apply  36       139.8 ms HE    2 dec  from node 1  (seq 6)
2026-09-28T03:40:45.372008530Z     ·     vote   39    YES to node 1          (seq 7)
2026-09-28T03:40:45.513732628Z     ·     apply  39       139.4 ms HE    2 dec  from node 1  (seq 7)
2026-09-28T03:40:46.019756174Z     ·     apply  30       139.5 ms HE    2 dec  from node 1  (seq 8)
2026-09-28T03:40:46.800425510Z     ·     vote   31    YES to node 1          (seq 9)
2026-09-28T03:40:46.941110378Z     ·     apply  31       138.5 ms HE    2 dec  from node 1  (seq 9)
2026-09-28T03:40:47.086035377Z     ·     apply  32       138.4 ms HE    2 dec  from node 1  (seq 10)
2026-09-28T03:40:47.157484450Z c1  s30  local  41        69.2 ms HE    1 dec  0 frames
2026-09-28T03:40:47.227211506Z c1  s31  local  42        69.3 ms HE    1 dec  0 frames
2026-09-28T03:40:47.229546799Z     ·     vote   35    YES to node 1          (seq 11)
2026-09-28T03:40:47.374268673Z     ·     apply  35       139.6 ms HE    2 dec  from node 1  (seq 11)
2026-09-28T03:40:47.521514065Z     ·     apply  36       139.4 ms HE    2 dec  from node 1  (seq 12)
2026-09-28T03:40:47.880926599Z     ·     vote   33    YES to node 1          (seq 13)
2026-09-28T03:40:48.023521106Z     ·     apply  33       139.5 ms HE    2 dec  from node 1  (seq 13)
2026-09-28T03:40:48.168054557Z     ·     apply  34       139.7 ms HE    2 dec  from node 1  (seq 14)
2026-09-28T03:40:48.239790466Z c1  s38  local  51        69.6 ms HE    1 dec  0 frames
2026-09-28T03:40:48.309249488Z c1  s39  local  52        69.5 ms HE    1 dec  0 frames
2026-09-28T03:40:48.312165454Z     ·     vote   37    YES to node 1          (seq 15)
2026-09-28T03:40:48.456605393Z     ·     apply  37       139.4 ms HE    2 dec  from node 1  (seq 15)
2026-09-28T03:40:48.599676860Z     ·     apply  38       138.7 ms HE    2 dec  from node 1  (seq 16)
2026-09-28T03:40:48.602265685Z -- cycle 1/5 done at 5566.4 ms --
2026-09-28T03:40:48.602324993Z 
2026-09-28T03:40:48.602330293Z -- cycle 2/5 --
2026-09-28T03:40:48.902294722Z     ·     vote   31    YES to node 1          (seq 17)
2026-09-28T03:40:49.043021994Z     ·     apply  31       138.5 ms HE    2 dec  from node 1  (seq 17)
2026-09-28T03:40:49.189869335Z     ·     apply  32       139.2 ms HE    2 dec  from node 1  (seq 18)
2026-09-28T03:40:49.261834773Z c2  s5   local  41        69.6 ms HE    1 dec  0 frames
2026-09-28T03:40:49.332205810Z c2  s7   local  42        69.8 ms HE    1 dec  0 frames
2026-09-28T03:40:49.335256193Z     ·     vote   33    YES to node 1          (seq 19)
2026-09-28T03:40:49.478058826Z     ·     apply  33       139.8 ms HE    2 dec  from node 1  (seq 19)
2026-09-28T03:40:49.623482988Z     ·     apply  34       139.5 ms HE    2 dec  from node 1  (seq 20)
2026-09-28T03:40:49.628090967Z     ·     vote   35    YES to node 1          (seq 21)
2026-09-28T03:40:49.773172286Z     ·     apply  35       139.7 ms HE    2 dec  from node 1  (seq 21)
2026-09-28T03:40:49.845894219Z c2  s11  local  53        69.9 ms HE    1 dec  0 frames
2026-09-28T03:40:49.916160943Z c2  s12  local  54        69.9 ms HE    1 dec  0 frames
2026-09-28T03:40:50.058442811Z     ·     apply  36       139.6 ms HE    2 dec  from node 1  (seq 22)
2026-09-28T03:40:50.063305421Z     ·     vote   39    YES to node 1          (seq 23)
2026-09-28T03:40:50.206435095Z     ·     apply  39       139.7 ms HE    2 dec  from node 1  (seq 23)
2026-09-28T03:40:50.500226390Z     ·     apply  30       139.3 ms HE    2 dec  from node 1  (seq 24)
2026-09-28T03:40:51.143705398Z     ·     vote   31    YES to node 1          (seq 25)
2026-09-28T03:40:51.286543335Z     ·     apply  31       139.4 ms HE    2 dec  from node 1  (seq 25)
2026-09-28T03:40:51.430778948Z     ·     apply  32       139.4 ms HE    2 dec  from node 1  (seq 26)
2026-09-28T03:40:51.501639147Z c2  s30  local  41        69.4 ms HE    1 dec  0 frames
2026-09-28T03:40:51.571311196Z c2  s31  local  42        69.4 ms HE    1 dec  0 frames
2026-09-28T03:40:51.576363631Z     ·     vote   35    YES to node 1          (seq 27)
2026-09-28T03:40:51.719421196Z     ·     apply  35       139.6 ms HE    2 dec  from node 1  (seq 27)
2026-09-28T03:40:51.864346796Z     ·     apply  36       139.5 ms HE    2 dec  from node 1  (seq 28)
2026-09-28T03:40:52.014455046Z     ·     vote   33    YES to node 1          (seq 29)
2026-09-28T03:40:52.157687433Z     ·     apply  33       139.9 ms HE    2 dec  from node 1  (seq 29)
2026-09-28T03:40:52.305408984Z     ·     apply  34       139.5 ms HE    2 dec  from node 1  (seq 30)
2026-09-28T03:40:52.378027604Z c2  s38  local  51        69.9 ms HE    1 dec  0 frames
2026-09-28T03:40:52.446742233Z c2  s39  local  52        69.4 ms HE    1 dec  0 frames
2026-09-28T03:40:52.449435871Z     ·     vote   37    YES to node 1          (seq 31)
2026-09-28T03:40:52.594107039Z     ·     apply  37       139.4 ms HE    2 dec  from node 1  (seq 31)
2026-09-28T03:40:52.741183909Z     ·     apply  38       139.4 ms HE    2 dec  from node 1  (seq 32)
2026-09-28T03:40:52.743270171Z -- cycle 2/5 done at 9697.8 ms --
2026-09-28T03:40:52.743336479Z 
2026-09-28T03:40:52.743354781Z -- cycle 3/5 --
2026-09-28T03:40:53.036172053Z     ·     vote   31    YES to node 1          (seq 33)
2026-09-28T03:40:53.178992389Z     ·     apply  31       139.7 ms HE    2 dec  from node 1  (seq 33)
2026-09-28T03:40:53.325357969Z     ·     apply  32       139.4 ms HE    2 dec  from node 1  (seq 34)
2026-09-28T03:40:53.397651948Z c3  s5   local  41        69.7 ms HE    1 dec  0 frames
2026-09-28T03:40:53.468048388Z c3  s7   local  42        70.2 ms HE    1 dec  0 frames
2026-09-28T03:40:53.471549528Z     ·     vote   33    YES to node 1          (seq 35)
2026-09-28T03:40:53.613894804Z     ·     apply  33       139.8 ms HE    2 dec  from node 1  (seq 35)
2026-09-28T03:41:05.255830776Z     ·     apply  34       139.4 ms HE    2 dec  from node 1  (seq 36)
2026-09-28T03:41:05.261369272Z     ·     vote   35    YES to node 1          (seq 37)
2026-09-28T03:40:53.906891226Z     ·     apply  35       139.3 ms HE    2 dec  from node 1  (seq 37)
2026-09-28T03:40:53.977985354Z c3  s11  local  53        69.2 ms HE    1 dec  0 frames
2026-09-28T03:40:54.047868930Z c3  s12  local  54        69.3 ms HE    1 dec  0 frames
2026-09-28T03:40:54.189069662Z     ·     apply  36       139.1 ms HE    2 dec  from node 1  (seq 38)
2026-09-28T03:40:54.195933924Z     ·     vote   39    YES to node 1          (seq 39)
2026-09-28T03:40:54.338702052Z     ·     apply  39       139.3 ms HE    2 dec  from node 1  (seq 39)
2026-09-28T03:40:54.628815285Z     ·     apply  30       139.2 ms HE    2 dec  from node 1  (seq 40)
2026-09-28T03:40:55.273658064Z     ·     vote   31    YES to node 1          (seq 41)
2026-09-28T03:40:55.416484900Z     ·     apply  31       139.3 ms HE    2 dec  from node 1  (seq 41)
2026-09-28T03:40:55.562923190Z     ·     apply  32       139.4 ms HE    2 dec  from node 1  (seq 42)
2026-09-28T03:40:55.635360987Z c3  s30  local  41        69.8 ms HE    1 dec  0 frames
2026-09-28T03:40:55.704852913Z c3  s31  local  42        69.5 ms HE    1 dec  0 frames
2026-09-28T03:40:55.707093095Z     ·     vote   35    YES to node 1          (seq 43)
2026-09-28T03:40:55.851890078Z     ·     apply  35       139.5 ms HE    2 dec  from node 1  (seq 43)
2026-09-28T03:40:55.997566772Z     ·     apply  36       139.8 ms HE    2 dec  from node 1  (seq 44)
2026-09-28T03:40:56.149699177Z     ·     vote   33    YES to node 1          (seq 45)
2026-09-28T03:40:56.292297285Z     ·     apply  33       139.6 ms HE    2 dec  from node 1  (seq 45)
2026-09-28T03:40:56.437092268Z     ·     apply  34       139.5 ms HE    2 dec  from node 1  (seq 46)
2026-09-28T03:40:56.509666082Z c3  s38  local  51        69.7 ms HE    1 dec  0 frames
2026-09-28T03:40:56.579265522Z c3  s39  local  52        69.6 ms HE    1 dec  0 frames
2026-09-28T03:40:56.581696327Z     ·     vote   37    YES to node 1          (seq 47)
2026-09-28T03:40:56.726558319Z     ·     apply  37       139.3 ms HE    2 dec  from node 1  (seq 47)
2026-09-28T03:40:56.873269443Z     ·     apply  38       139.3 ms HE    2 dec  from node 1  (seq 48)
2026-09-28T03:40:56.875696848Z -- cycle 3/5 done at 13831.6 ms --
2026-09-28T03:40:56.875739653Z 
2026-09-28T03:40:56.875749554Z -- cycle 4/5 --
2026-09-28T03:40:57.165470037Z     ·     vote   31    YES to node 1          (seq 49)
2026-09-28T03:40:57.308080246Z     ·     apply  31       139.5 ms HE    2 dec  from node 1  (seq 49)
2026-09-28T03:40:57.455468755Z     ·     apply  32       139.6 ms HE    2 dec  from node 1  (seq 50)
2026-09-28T03:40:57.527641019Z c4  s5   local  41        69.5 ms HE    1 dec  0 frames
2026-09-28T03:40:57.597745022Z c4  s7   local  42        69.5 ms HE    1 dec  0 frames
2026-09-28T03:40:57.600126721Z     ·     vote   33    YES to node 1          (seq 51)
2026-09-28T03:40:57.744372436Z     ·     apply  33       139.5 ms HE    2 dec  from node 1  (seq 51)
2026-09-28T03:40:57.888832577Z     ·     apply  34       139.1 ms HE    2 dec  from node 1  (seq 52)
2026-09-28T03:40:57.893281236Z     ·     vote   35    YES to node 1          (seq 53)
2026-09-28T03:40:58.035167954Z     ·     apply  35       139.0 ms HE    2 dec  from node 1  (seq 53)
2026-09-28T03:40:58.107819477Z c4  s11  local  53        69.8 ms HE    1 dec  0 frames
2026-09-28T03:40:58.177443921Z c4  s12  local  54        69.7 ms HE    1 dec  0 frames
2026-09-28T03:40:58.320483384Z     ·     apply  36       139.7 ms HE    2 dec  from node 1  (seq 54)
2026-09-28T03:40:58.325795551Z     ·     vote   39    YES to node 1          (seq 55)
2026-09-28T03:40:58.470067569Z     ·     apply  39       139.5 ms HE    2 dec  from node 1  (seq 55)
2026-09-28T03:41:10.258360312Z     ·     apply  30       139.7 ms HE    2 dec  from node 1  (seq 56)
2026-09-28T03:40:59.389252690Z     ·     vote   31    YES to node 1          (seq 57)
2026-09-28T03:40:59.533782940Z     ·     apply  31       139.5 ms HE    2 dec  from node 1  (seq 57)
2026-09-28T03:40:59.680911717Z     ·     apply  32       139.3 ms HE    2 dec  from node 1  (seq 58)
2026-09-28T03:40:59.753036974Z c4  s30  local  41        69.8 ms HE    1 dec  0 frames
2026-09-28T03:40:59.823002661Z c4  s31  local  42        69.8 ms HE    1 dec  0 frames
2026-09-28T03:40:59.825453568Z     ·     vote   35    YES to node 1          (seq 59)
2026-09-28T03:40:59.972812374Z     ·     apply  35       139.5 ms HE    2 dec  from node 1  (seq 59)
2026-09-28T03:41:00.120108871Z     ·     apply  36       139.4 ms HE    2 dec  from node 1  (seq 60)
2026-09-28T03:41:00.272667229Z     ·     vote   33    YES to node 1          (seq 61)
2026-09-28T03:41:00.415322444Z     ·     apply  33       139.6 ms HE    2 dec  from node 1  (seq 61)
2026-09-28T03:41:00.563004390Z     ·     apply  34       139.2 ms HE    2 dec  from node 1  (seq 62)
2026-09-28T03:41:00.634960026Z c4  s38  local  51        69.6 ms HE    1 dec  0 frames
2026-09-28T03:41:00.704379444Z c4  s39  local  52        69.4 ms HE    1 dec  0 frames
2026-09-28T03:41:00.707389422Z     ·     vote   37    YES to node 1          (seq 63)
2026-09-28T03:41:00.851816259Z     ·     apply  37       139.4 ms HE    2 dec  from node 1  (seq 63)
2026-09-28T03:41:00.996562736Z     ·     apply  38       139.1 ms HE    2 dec  from node 1  (seq 64)
2026-09-28T03:41:00.999224970Z -- cycle 4/5 done at 17965.1 ms --
2026-09-28T03:41:00.999246673Z 
2026-09-28T03:41:00.999255174Z -- cycle 5/5 --
2026-09-28T03:41:01.291173333Z     ·     vote   31    YES to node 1          (seq 65)
2026-09-28T03:41:01.433457601Z     ·     apply  31       139.6 ms HE    2 dec  from node 1  (seq 65)
2026-09-28T03:41:01.577079837Z     ·     apply  32       139.1 ms HE    2 dec  from node 1  (seq 66)
2026-09-28T03:41:01.649264702Z c5  s5   local  41        69.7 ms HE    1 dec  0 frames
2026-09-28T03:41:01.719841765Z c5  s7   local  42        70.1 ms HE    1 dec  0 frames
2026-09-28T03:41:01.722866745Z     ·     vote   33    YES to node 1          (seq 67)
2026-09-28T03:41:01.867157665Z     ·     apply  33       139.6 ms HE    2 dec  from node 1  (seq 67)
2026-09-28T03:41:02.012090966Z     ·     apply  34       139.5 ms HE    2 dec  from node 1  (seq 68)
2026-09-28T03:41:02.017109796Z     ·     vote   35    YES to node 1          (seq 69)
2026-09-28T03:41:02.161483927Z     ·     apply  35       139.4 ms HE    2 dec  from node 1  (seq 69)
2026-09-28T03:41:02.234373380Z c5  s11  local  53        70.1 ms HE    1 dec  0 frames
2026-09-28T03:41:02.304058031Z c5  s12  local  54        69.8 ms HE    1 dec  0 frames
2026-09-28T03:41:02.446976579Z     ·     apply  36       139.8 ms HE    2 dec  from node 1  (seq 70)
2026-09-28T03:41:02.452015912Z     ·     vote   39    YES to node 1          (seq 71)
2026-09-28T03:41:02.595244998Z     ·     apply  39       139.4 ms HE    2 dec  from node 1  (seq 71)
2026-09-28T03:41:02.887731529Z     ·     apply  30       139.2 ms HE    2 dec  from node 1  (seq 72)
2026-09-28T03:41:03.526662166Z     ·     vote   31    YES to node 1          (seq 73)
2026-09-28T03:41:03.667516754Z     ·     apply  31       138.6 ms HE    2 dec  from node 1  (seq 73)
2026-09-28T03:41:15.318331783Z     ·     apply  32       138.4 ms HE    2 dec  from node 1  (seq 74)
2026-09-28T03:41:15.389659440Z c5  s30  local  41        69.2 ms HE    1 dec  0 frames
2026-09-28T03:41:03.953907084Z c5  s31  local  42        69.2 ms HE    1 dec  0 frames
2026-09-28T03:41:03.958256730Z     ·     vote   35    YES to node 1          (seq 75)
2026-09-28T03:41:04.099053312Z     ·     apply  35       138.5 ms HE    2 dec  from node 1  (seq 75)
2026-09-28T03:41:04.242052770Z     ·     apply  36       138.6 ms HE    2 dec  from node 1  (seq 76)
2026-09-28T03:41:04.389455880Z     ·     vote   33    YES to node 1          (seq 77)
2026-09-28T03:41:04.530444286Z     ·     apply  33       138.7 ms HE    2 dec  from node 1  (seq 77)
2026-09-28T03:41:04.673705776Z     ·     apply  34       138.6 ms HE    2 dec  from node 1  (seq 78)
2026-09-28T03:41:04.745162350Z c5  s38  local  51        69.2 ms HE    1 dec  0 frames
2026-09-28T03:41:04.814565866Z c5  s39  local  52        69.3 ms HE    1 dec  0 frames
2026-09-28T03:41:04.816734038Z     ·     vote   37    YES to node 1          (seq 79)
2026-09-28T03:41:04.957802253Z     ·     apply  37       138.7 ms HE    2 dec  from node 1  (seq 79)
2026-09-28T03:41:05.100734303Z     ·     apply  38       138.4 ms HE    2 dec  from node 1  (seq 80)
2026-09-28T03:41:05.102747755Z -- cycle 5/5 done at 22066.9 ms --
2026-09-28T03:41:05.102770058Z 
2026-09-28T03:41:05.102773259Z ============================================================
2026-09-28T03:41:05.102775259Z   SUMMARY — node 2/4 — LOCAL MODULAR — UDP/IP multicast (RFC 1112)
2026-09-28T03:41:05.102781660Z ============================================================
2026-09-28T03:41:05.102783660Z   events this node FIRED:
2026-09-28T03:41:05.102785560Z   local (no network)     n=40   avg    69.75 ms  (HE   69.60 + net    0.00)  min   69.20  max    70.41  100.0%
2026-09-28T03:41:05.102787460Z   shared controllable          (none on this node)
2026-09-28T03:41:05.102789161Z   shared uncontroll.           (none on this node)
2026-09-28T03:41:05.102790861Z   events this node APPLIED for a peer (participant side):
2026-09-28T03:41:05.102792661Z   shared, applied        n=80   avg   141.98 ms  (HE  141.98 + net    0.00)  min  138.40  max   349.81
2026-09-28T03:41:05.102794461Z   run clock, end of cycles 1..5 (ms): 5566.4 9697.8 13831.6 17965.1 22066.9
2026-09-28T03:41:05.102809563Z      a cycle is over at the LATEST node's value; DES_WORK_MS 0 included
2026-09-28T03:41:05.102811663Z   ----------------------------------------------------------
2026-09-28T03:41:05.102813664Z   all events            n=40   avg    69.75 ms  (HE   69.60 + net    0.00)
2026-09-28T03:41:05.102815564Z   PEER-WAIT + WIRE      0.0 % of total step time
2026-09-28T03:41:05.102817364Z      (compare against the round-trip probe above: the excess is
2026-09-28T03:41:05.102819164Z       the peer's own HE work, not the link.)
2026-09-28T03:41:05.102820865Z   frames: tx=249 rx=752 retransmits=0
2026-09-28T03:41:05.102822665Z   authentication: HMAC-SHA256/128, 1.6 us per frame; 0 rejected (bad tag), 0 stale/replayed dropped, 3 epoch challenges
2026-09-28T03:41:05.102824465Z   rx queue: peak 5/64 frames
2026-09-28T03:41:05.102826265Z   plant check: 0 event reports rejected as physically impossible
2026-09-28T03:41:05.102828166Z      (these supervisors carry the plant: an impossible uncontrollable event is caught)
2026-09-28T03:41:05.102829966Z   ----------------------------------------------------------
2026-09-28T03:41:05.102831866Z   homomorphic vs cleartext oracle : PASS — every encrypted bit matched
2026-09-28T03:41:05.102833766Z      (PASS certifies the cryptography: each node's encrypted bits
2026-09-28T03:41:05.102835566Z       match its own clear model for the events it applied. It does
2026-09-28T03:41:05.102837467Z       not certify the distributed run — read the skips for that.)
2026-09-28T03:41:05.102839267Z   distributed vs MONOLITHIC sup.  : off — this header has no monolithic supervisor
2026-09-28T03:41:05.102841167Z   safe halt                       : no — ran to completion
2026-09-28T03:41:05.102843167Z ============================================================
2026-09-28T03:41:15.115522498Z @@RESULT {"node":2,"nodes":4,"family":"LOCAL MODULAR","data":"supervisor_data_fms.h","transport":"UDP/IP multicast (RFC 1112)","fingerprint":"457cc268","supervisors":["S2","S3"],"fired":{"local":40,"ctrl":0,"unctrl":0},"applied_for_peers":80,"skips":0,"impossible":0,"tx":249,"rx":759,"retx":0,"auth_bad":0,"replays":0,"challenges":3,"mac_us":1.64,"rxq_peak":5,"rxq_drops":0,"sync_wait_ms":0.0,"oracle":"PASS","safe_halt":false,"halt_reason":"","cycle_end_ms":[5566.4,9697.8,13831.6,17965.1,22066.9],"rounds":5,"work_ms":0,"emu_scalarmul_ms":69.0,"exit":0}
