2026-09-28T00:08:31.180397575Z des_container: node 1 of 1, LOCAL MODULAR, data supervisor_data_fms.h, transport UDP/IP multicast (RFC 1112)
2026-09-28T00:08:31.180439980Z des_container: EMULATING the ESP32 — every decryption takes at least 69.0 ms (DES_EMU_SCALARMUL_MS)
2026-09-28T00:08:31.180443481Z 
2026-09-28T00:08:31.180444981Z ============================================================
2026-09-28T00:08:31.180446281Z   Distributed Homomorphic DES — generic engine
2026-09-28T00:08:31.180447581Z   node 1/1   family LOCAL MODULAR   7 supervisors   31 events
2026-09-28T00:08:31.180448881Z   data: supervisor_data_fms.h
2026-09-28T00:08:31.180450081Z ============================================================
2026-09-28T00:08:31.181324591Z --- event routing (DERIVED from the header, not hardcoded) ---
2026-09-28T00:08:31.181330592Z   event  ctrl  nodes      owner  class
2026-09-28T00:08:31.181331992Z   11     yes   1          1      local — no network
2026-09-28T00:08:31.181333292Z   12     no    1          1      local — no network
2026-09-28T00:08:31.181334593Z   21     yes   1          1      local — no network
2026-09-28T00:08:31.181335793Z   22     no    1          1      local — no network
2026-09-28T00:08:31.181337093Z   30     no    1          1      local — no network
2026-09-28T00:08:31.181338393Z   31     yes   1          1      local — no network
2026-09-28T00:08:31.181339593Z   32     no    1          1      local — no network
2026-09-28T00:08:31.181340893Z   33     yes   1          1      local — no network
2026-09-28T00:08:31.181342094Z   34     no    1          1      local — no network
2026-09-28T00:08:31.181343594Z   35     yes   1          1      local — no network
2026-09-28T00:08:31.181344894Z   36     no    1          1      local — no network
2026-09-28T00:08:31.181346094Z   37     yes   1          1      local — no network
2026-09-28T00:08:31.181347394Z   38     no    1          1      local — no network
2026-09-28T00:08:31.181348694Z   39     yes   1          1      local — no network
2026-09-28T00:08:31.181349894Z   41     yes   1          1      local — no network
2026-09-28T00:08:31.181351095Z   42     no    1          1      local — no network
2026-09-28T00:08:31.181352395Z   51     yes   1          1      local — no network
2026-09-28T00:08:31.181353595Z   52     no    1          1      local — no network
2026-09-28T00:08:31.181354795Z   53     yes   1          1      local — no network
2026-09-28T00:08:31.181355995Z   54     no    1          1      local — no network
2026-09-28T00:08:31.181357295Z   61     yes   1          1      local — no network
2026-09-28T00:08:31.181358596Z   63     yes   1          1      local — no network
2026-09-28T00:08:31.181359796Z   64     no    1          1      local — no network
2026-09-28T00:08:31.181367497Z   65     yes   1          1      local — no network
2026-09-28T00:08:31.181368997Z   66     no    1          1      local — no network
2026-09-28T00:08:31.181370197Z   71     yes   1          1      local — no network
2026-09-28T00:08:31.181371497Z   72     no    1          1      local — no network
2026-09-28T00:08:31.181372697Z   73     yes   1          1      local — no network
2026-09-28T00:08:31.181373998Z   74     no    1          1      local — no network
2026-09-28T00:08:31.181375298Z   81     yes   1          1      local — no network
2026-09-28T00:08:31.181376498Z   82     no    1          1      local — no network
2026-09-28T00:08:31.181377798Z   => 0/31 events shared; 31/31 need ZERO network traffic; 31 concern this node
2026-09-28T00:08:31.181379298Z   NOTE controllability was INFERRED from event labels (the header
2026-09-28T00:08:31.181380598Z        does not carry it). Check the 'ctrl' column above; if it is
2026-09-28T00:08:31.181381899Z        wrong, set DES_CONTROLLABLE_MASK explicitly.
2026-09-28T00:08:31.181383199Z 
2026-09-28T00:08:31.181384999Z [init] config fingerprint 3f2beff2 — every node must print the same
2026-09-28T00:08:31.181386399Z 
2026-09-28T00:08:31.181400601Z [net] UDP multicast 239.192.7.1:5077  ttl=1  frame=44 B
2026-09-28T00:08:31.181408102Z --- crypto self-test ---
2026-09-28T00:08:31.184137145Z   Enc(0)->0 Enc(1)->1                PASS
2026-09-28T00:08:31.184839833Z   Enc(1)+Enc(1)->1 homomorphic OR   PASS
2026-09-28T00:08:31.185582126Z   Enc(0)+Enc(0)->0                  PASS
2026-09-28T00:08:31.185615530Z   curve secp192r1, ciphertext 50 B    PASS
2026-09-28T00:08:31.186020881Z   frame tag HMAC-SHA256/128: 1.4 us, 1-bit tamper caught  PASS
2026-09-28T00:08:31.186048485Z 
2026-09-28T00:08:31.186051185Z --- encrypting my supervisors' initial states ---
2026-09-28T00:08:31.186053485Z [load] S0         idx 0   18 states  12 constraining ev     900 B ciphertext
2026-09-28T00:08:31.186055485Z [load] S1         idx 1   18 states  12 constraining ev     900 B ciphertext
2026-09-28T00:08:31.186057586Z [load] S2         idx 2   18 states  12 constraining ev     900 B ciphertext
2026-09-28T00:08:31.186059886Z [load] S3         idx 3   21 states  14 constraining ev    1050 B ciphertext
2026-09-28T00:08:31.186062286Z [load] S4         idx 4   44 states  15 constraining ev    2200 B ciphertext
2026-09-28T00:08:31.186064587Z [load] S5         idx 5   44 states  15 constraining ev    2200 B ciphertext
2026-09-28T00:08:31.186066787Z [load] S6         idx 6  164 states  21 constraining ev    8200 B ciphertext
2026-09-28T00:08:38.705319475Z [init] my keypair is mine alone; no ciphertext ever leaves this node
2026-09-28T00:08:38.705416387Z [init] my enablement: 11=1 12=0 21=1 22=0 30=0 31=0 32=0 33=0 34=0 35=0 36=0 37=0 38=0 39=0 41=0 42=0 51=0 52=0 53=0 54=0 61=0 63=0 64=0 65=0 66=0 71=0 72=0 73=0 74=0 81=0 82=0
2026-09-28T00:08:38.705471694Z 
2026-09-28T00:08:38.705480395Z 
2026-09-28T00:08:38.705487096Z ============================================================
2026-09-28T00:08:38.705493997Z   RUN — SIM_SEQ driver — 5 cycles x 44 steps — LOCAL MODULAR
2026-09-28T00:08:38.705503698Z   columns: cN sNN = cycle/step of MY walk; · = a peer caused this
2026-09-28T00:08:38.705510899Z   'done at': run clock, common to all nodes; a cycle is over at the
2026-09-28T00:08:38.705517500Z   LATEST node's print, machine time (DES_WORK_MS 0) included
2026-09-28T00:08:38.705526201Z ============================================================
2026-09-28T00:08:38.705534502Z 
2026-09-28T00:08:38.705540703Z -- cycle 1/5 --
2026-09-28T00:08:38.847582540Z c1  s0   local  21       142.0 ms HE    2 dec  0 frames
2026-09-28T00:08:38.990610802Z c1  s1   local  11       142.8 ms HE    2 dec  0 frames
2026-09-28T00:08:39.059979013Z c1  s2   local  12        69.8 ms HE    1 dec  0 frames
2026-09-28T00:08:39.711558938Z c1  s3   local  31       650.8 ms HE    9 dec  0 frames
2026-09-28T00:08:40.782011076Z c1  s4   local  32      1069.4 ms HE   15 dec  0 frames
2026-09-28T00:08:40.852492827Z c1  s5   local  41        70.0 ms HE    1 dec  0 frames
2026-09-28T00:08:40.922669040Z c1  s6   local  22        70.0 ms HE    1 dec  0 frames
2026-09-28T00:08:40.993193296Z c1  s7   local  42        70.1 ms HE    1 dec  0 frames
2026-09-28T00:08:41.642067481Z c1  s8   local  33       648.5 ms HE    9 dec  0 frames
2026-09-28T00:08:42.508823329Z c1  s9   local  34       866.4 ms HE   12 dec  0 frames
2026-09-28T00:08:43.153297461Z c1  s10  local  35       644.8 ms HE    9 dec  0 frames
2026-09-28T00:08:43.224176562Z c1  s11  local  53        70.1 ms HE    1 dec  0 frames
2026-09-28T00:08:43.294275865Z c1  s12  local  54        70.0 ms HE    1 dec  0 frames
2026-09-28T00:08:44.152863587Z c1  s13  local  36       858.4 ms HE   12 dec  0 frames
2026-09-28T00:08:44.858627717Z c1  s14  local  39       705.3 ms HE   10 dec  0 frames
2026-09-28T00:08:56.820311656Z c1  s15  local  61       279.5 ms HE    4 dec  0 frames
2026-09-28T00:08:45.689174548Z c1  s16  local  30       558.4 ms HE    8 dec  0 frames
2026-09-28T00:08:45.759887428Z c1  s17  local  71        70.2 ms HE    1 dec  0 frames
2026-09-28T00:08:45.829645189Z c1  s18  local  72        69.9 ms HE    1 dec  0 frames
2026-09-28T00:08:45.900223852Z c1  s19  local  81        70.0 ms HE    1 dec  0 frames
2026-09-28T00:08:45.970321355Z c1  s20  local  82        70.1 ms HE    1 dec  0 frames
2026-09-28T00:08:46.040579078Z c1  s21  local  73        69.7 ms HE    1 dec  0 frames
2026-09-28T00:08:46.109036174Z c1  s22  local  74        69.3 ms HE    1 dec  0 frames
2026-09-28T00:08:46.390308697Z c1  s23  local  65       280.2 ms HE    4 dec  0 frames
2026-09-28T00:08:46.670031024Z c1  s24  local  66       279.5 ms HE    4 dec  0 frames
2026-09-28T00:08:46.739867394Z c1  s25  local  11        69.7 ms HE    1 dec  0 frames
2026-09-28T00:08:46.811011828Z c1  s26  local  21        70.6 ms HE    1 dec  0 frames
2026-09-28T00:08:46.881073127Z c1  s27  local  12        69.9 ms HE    1 dec  0 frames
2026-09-28T00:08:47.371870761Z c1  s28  local  31       490.3 ms HE    7 dec  0 frames
2026-09-28T00:08:47.931536044Z c1  s29  local  32       559.5 ms HE    8 dec  0 frames
2026-09-28T00:08:48.001859975Z c1  s30  local  41        70.0 ms HE    1 dec  0 frames
2026-09-28T00:08:48.071984681Z c1  s31  local  42        69.8 ms HE    1 dec  0 frames
2026-09-28T00:08:48.560382214Z c1  s32  local  35       488.1 ms HE    7 dec  0 frames
2026-09-28T00:08:49.119700953Z c1  s33  local  36       559.5 ms HE    8 dec  0 frames
2026-09-28T00:08:49.188922346Z c1  s34  local  22        69.5 ms HE    1 dec  0 frames
2026-09-28T00:08:49.539554478Z c1  s35  local  61       349.7 ms HE    5 dec  0 frames
2026-09-28T00:08:50.030052575Z c1  s36  local  33       490.4 ms HE    7 dec  0 frames
2026-09-28T00:08:50.585244216Z c1  s37  local  34       557.9 ms HE    8 dec  0 frames
2026-09-28T00:08:50.655927893Z c1  s38  local  51        70.3 ms HE    1 dec  0 frames
2026-09-28T00:08:50.726371039Z c1  s39  local  52        70.2 ms HE    1 dec  0 frames
2026-09-28T00:08:51.217018754Z c1  s40  local  37       490.2 ms HE    7 dec  0 frames
2026-09-28T00:08:51.706694148Z c1  s41  local  38       489.5 ms HE    7 dec  0 frames
2026-09-28T00:08:51.916295569Z c1  s42  local  63       209.5 ms HE    3 dec  0 frames
2026-09-28T00:08:52.126411556Z c1  s43  local  64       209.8 ms HE    3 dec  0 frames
2026-09-28T00:08:52.126541872Z -- cycle 1/5 done at 13431.3 ms --
2026-09-28T00:08:52.126560774Z 
2026-09-28T00:08:52.126569175Z -- cycle 2/5 --
2026-09-28T00:08:52.196405345Z c2  s0   local  21        69.9 ms HE    1 dec  0 frames
2026-09-28T00:08:52.266603061Z c2  s1   local  11        69.8 ms HE    1 dec  0 frames
2026-09-28T00:08:52.336968497Z c2  s2   local  12        70.0 ms HE    1 dec  0 frames
2026-09-28T00:08:52.826346053Z c2  s3   local  31       489.5 ms HE    7 dec  0 frames
2026-09-28T00:08:53.315093730Z c2  s4   local  32       488.4 ms HE    7 dec  0 frames
2026-09-28T00:08:53.385326350Z c2  s5   local  41        69.8 ms HE    1 dec  0 frames
2026-09-28T00:08:53.455686086Z c2  s6   local  22        70.0 ms HE    1 dec  0 frames
2026-09-28T00:08:53.525180113Z c2  s7   local  42        69.7 ms HE    1 dec  0 frames
2026-09-28T00:08:54.014907513Z c2  s8   local  33       489.2 ms HE    7 dec  0 frames
2026-09-28T00:08:54.504450489Z c2  s9   local  34       489.2 ms HE    7 dec  0 frames
2026-09-28T00:08:54.994305605Z c2  s10  local  35       489.7 ms HE    7 dec  0 frames
2026-09-28T00:08:55.064032862Z c2  s11  local  53        69.6 ms HE    1 dec  0 frames
2026-09-28T00:09:06.826483383Z c2  s12  local  54        70.4 ms HE    1 dec  0 frames
2026-09-28T00:08:55.632475025Z c2  s13  local  36       488.5 ms HE    7 dec  0 frames
2026-09-28T00:08:56.121410225Z c2  s14  local  39       488.7 ms HE    7 dec  0 frames
2026-09-28T00:08:56.331658328Z c2  s15  local  61       209.8 ms HE    3 dec  0 frames
2026-09-28T00:08:56.820571326Z c2  s16  local  30       488.9 ms HE    7 dec  0 frames
2026-09-28T00:08:56.891114285Z c2  s17  local  71        70.3 ms HE    1 dec  0 frames
2026-09-28T00:08:56.961242991Z c2  s18  local  72        69.9 ms HE    1 dec  0 frames
2026-09-28T00:08:57.031609628Z c2  s19  local  81        70.1 ms HE    1 dec  0 frames
2026-09-28T00:08:57.101986266Z c2  s20  local  82        70.0 ms HE    1 dec  0 frames
2026-09-28T00:08:57.171743326Z c2  s21  local  73        69.7 ms HE    1 dec  0 frames
2026-09-28T00:08:57.242380097Z c2  s22  local  74        70.2 ms HE    1 dec  0 frames
2026-09-28T00:08:57.452165941Z c2  s23  local  65       209.8 ms HE    3 dec  0 frames
2026-09-28T00:08:57.661820570Z c2  s24  local  66       209.1 ms HE    3 dec  0 frames
2026-09-28T00:08:57.730641612Z c2  s25  local  11        69.4 ms HE    1 dec  0 frames
2026-09-28T00:08:57.801291585Z c2  s26  local  21        69.7 ms HE    1 dec  0 frames
2026-09-28T00:08:57.871449495Z c2  s27  local  12        70.0 ms HE    1 dec  0 frames
2026-09-28T00:08:58.360082457Z c2  s28  local  31       488.4 ms HE    7 dec  0 frames
2026-09-28T00:08:58.849088167Z c2  s29  local  32       489.0 ms HE    7 dec  0 frames
2026-09-28T00:08:58.919657429Z c2  s30  local  41        70.0 ms HE    1 dec  0 frames
2026-09-28T00:08:58.989819840Z c2  s31  local  42        70.0 ms HE    1 dec  0 frames
2026-09-28T00:08:59.479316011Z c2  s32  local  35       489.2 ms HE    7 dec  0 frames
2026-09-28T00:08:59.969116220Z c2  s33  local  36       489.6 ms HE    7 dec  0 frames
2026-09-28T00:09:00.039450852Z c2  s34  local  22        69.9 ms HE    1 dec  0 frames
2026-09-28T00:09:11.931534437Z c2  s35  local  61       209.8 ms HE    3 dec  0 frames
2026-09-28T00:09:00.728299485Z c2  s36  local  33       489.1 ms HE    7 dec  0 frames
2026-09-28T00:09:01.218157501Z c2  s37  local  34       489.6 ms HE    7 dec  0 frames
2026-09-28T00:09:01.288316612Z c2  s38  local  51        70.0 ms HE    1 dec  0 frames
2026-09-28T00:09:01.358957783Z c2  s39  local  52        70.3 ms HE    1 dec  0 frames
2026-09-28T00:09:01.849004423Z c2  s40  local  37       489.9 ms HE    7 dec  0 frames
2026-09-28T00:09:02.339099069Z c2  s41  local  38       489.7 ms HE    7 dec  0 frames
2026-09-28T00:09:02.548918718Z c2  s42  local  63       209.8 ms HE    3 dec  0 frames
2026-09-28T00:09:02.759046106Z c2  s43  local  64       209.8 ms HE    3 dec  0 frames
2026-09-28T00:09:02.759210426Z -- cycle 2/5 done at 24065.4 ms --
2026-09-28T00:09:02.759241030Z 
2026-09-28T00:09:02.759255032Z -- cycle 3/5 --
2026-09-28T00:09:02.829292327Z c3  s0   local  21        69.9 ms HE    1 dec  0 frames
2026-09-28T00:09:02.899183704Z c3  s1   local  11        69.7 ms HE    1 dec  0 frames
2026-09-28T00:09:02.969232101Z c3  s2   local  12        69.8 ms HE    1 dec  0 frames
2026-09-28T00:09:03.458527547Z c3  s3   local  31       489.1 ms HE    7 dec  0 frames
2026-09-28T00:09:03.947878899Z c3  s4   local  32       489.0 ms HE    7 dec  0 frames
2026-09-28T00:09:04.017974202Z c3  s5   local  41        69.9 ms HE    1 dec  0 frames
2026-09-28T00:09:04.088317435Z c3  s6   local  22        69.9 ms HE    1 dec  0 frames
2026-09-28T00:09:04.157888372Z c3  s7   local  42        69.5 ms HE    1 dec  0 frames
2026-09-28T00:09:04.647080605Z c3  s8   local  33       488.9 ms HE    7 dec  0 frames
2026-09-28T00:09:16.827849401Z c3  s9   local  34       488.6 ms HE    7 dec  0 frames
2026-09-28T00:09:05.616411668Z c3  s10  local  35       488.7 ms HE    7 dec  0 frames
2026-09-28T00:09:05.686236137Z c3  s11  local  53        69.6 ms HE    1 dec  0 frames
2026-09-28T00:09:05.756609574Z c3  s12  local  54        69.9 ms HE    1 dec  0 frames
2026-09-28T00:09:06.246485993Z c3  s13  local  36       489.7 ms HE    7 dec  0 frames
2026-09-28T00:09:06.735117255Z c3  s14  local  39       488.2 ms HE    7 dec  0 frames
2026-09-28T00:09:06.944806088Z c3  s15  local  61       209.2 ms HE    3 dec  0 frames
2026-09-28T00:09:07.434987145Z c3  s16  local  30       490.1 ms HE    7 dec  0 frames
2026-09-28T00:09:07.505451393Z c3  s17  local  71        70.2 ms HE    1 dec  0 frames
2026-09-28T00:09:07.576257885Z c3  s18  local  72        70.5 ms HE    1 dec  0 frames
2026-09-28T00:09:07.646119159Z c3  s19  local  81        69.7 ms HE    1 dec  0 frames
2026-09-28T00:09:07.716423287Z c3  s20  local  82        70.0 ms HE    1 dec  0 frames
2026-09-28T00:09:07.786040230Z c3  s21  local  73        69.7 ms HE    1 dec  0 frames
2026-09-28T00:09:07.856773712Z c3  s22  local  74        70.2 ms HE    1 dec  0 frames
2026-09-28T00:09:08.067332654Z c3  s23  local  65       210.2 ms HE    3 dec  0 frames
2026-09-28T00:09:08.276227187Z c3  s24  local  66       209.5 ms HE    3 dec  0 frames
2026-09-28T00:09:08.346607726Z c3  s25  local  11        69.7 ms HE    1 dec  0 frames
2026-09-28T00:09:08.416817143Z c3  s26  local  21        69.8 ms HE    1 dec  0 frames
2026-09-28T00:09:08.486638711Z c3  s27  local  12        69.8 ms HE    1 dec  0 frames
2026-09-28T00:09:08.976936882Z c3  s28  local  31       489.9 ms HE    7 dec  0 frames
2026-09-28T00:09:09.467031728Z c3  s29  local  32       489.6 ms HE    7 dec  0 frames
2026-09-28T00:09:09.537048921Z c3  s30  local  41        70.0 ms HE    1 dec  0 frames
2026-09-28T00:09:09.606764176Z c3  s31  local  42        69.7 ms HE    1 dec  0 frames
2026-09-28T00:09:10.096435469Z c3  s32  local  35       489.2 ms HE    7 dec  0 frames
2026-09-28T00:09:10.594114468Z c3  s33  local  36       489.2 ms HE    7 dec  0 frames
2026-09-28T00:09:10.664304282Z c3  s34  local  22        69.9 ms HE    1 dec  0 frames
2026-09-28T00:09:10.874513980Z c3  s35  local  61       209.7 ms HE    3 dec  0 frames
2026-09-28T00:09:11.362327940Z c3  s36  local  33       487.5 ms HE    7 dec  0 frames
2026-09-28T00:09:11.851334149Z c3  s37  local  34       488.9 ms HE    7 dec  0 frames
2026-09-28T00:09:11.921744391Z c3  s38  local  51        70.2 ms HE    1 dec  0 frames
2026-09-28T00:09:11.992029318Z c3  s39  local  52        69.8 ms HE    1 dec  0 frames
2026-09-28T00:09:12.481214049Z c3  s40  local  37       489.0 ms HE    7 dec  0 frames
2026-09-28T00:09:12.965848810Z c3  s41  local  38       485.3 ms HE    7 dec  0 frames
2026-09-28T00:09:13.173810825Z c3  s42  local  63       207.9 ms HE    3 dec  0 frames
2026-09-28T00:09:13.382406121Z c3  s43  local  64       208.5 ms HE    3 dec  0 frames
2026-09-28T00:09:13.382459027Z -- cycle 3/5 done at 34689.6 ms --
2026-09-28T00:09:13.382466828Z 
2026-09-28T00:09:13.382469529Z -- cycle 4/5 --
2026-09-28T00:09:13.451851942Z c4  s0   local  21        69.3 ms HE    1 dec  0 frames
2026-09-28T00:09:13.521295463Z c4  s1   local  11        69.3 ms HE    1 dec  0 frames
2026-09-28T00:09:13.591171138Z c4  s2   local  12        69.5 ms HE    1 dec  0 frames
2026-09-28T00:09:14.082083086Z c4  s3   local  31       490.5 ms HE    7 dec  0 frames
2026-09-28T00:09:14.571343827Z c4  s4   local  32       488.9 ms HE    7 dec  0 frames
2026-09-28T00:09:14.641531942Z c4  s5   local  41        69.9 ms HE    1 dec  0 frames
2026-09-28T00:09:14.711795665Z c4  s6   local  22        69.9 ms HE    1 dec  0 frames
2026-09-28T00:09:14.782031386Z c4  s7   local  42        70.2 ms HE    1 dec  0 frames
2026-09-28T00:09:26.963578331Z c4  s8   local  33       489.9 ms HE    7 dec  0 frames
2026-09-28T00:09:15.763149821Z c4  s9   local  34       488.6 ms HE    7 dec  0 frames
2026-09-28T00:09:16.253069745Z c4  s10  local  35       489.5 ms HE    7 dec  0 frames
2026-09-28T00:09:16.323174248Z c4  s11  local  53        69.9 ms HE    1 dec  0 frames
2026-09-28T00:09:16.393122633Z c4  s12  local  54        69.8 ms HE    1 dec  0 frames
2026-09-28T00:09:16.882743119Z c4  s13  local  36       489.2 ms HE    7 dec  0 frames
2026-09-28T00:09:17.371911849Z c4  s14  local  39       489.2 ms HE    7 dec  0 frames
2026-09-28T00:09:17.581664990Z c4  s15  local  61       209.2 ms HE    3 dec  0 frames
2026-09-28T00:09:18.070361560Z c4  s16  local  30       488.6 ms HE    7 dec  0 frames
2026-09-28T00:09:18.141222459Z c4  s17  local  71        70.3 ms HE    1 dec  0 frames
2026-09-28T00:09:18.210770392Z c4  s18  local  72        69.6 ms HE    1 dec  0 frames
2026-09-28T00:09:18.281366158Z c4  s19  local  81        69.7 ms HE    1 dec  0 frames
2026-09-28T00:09:18.352044734Z c4  s20  local  82        70.8 ms HE    1 dec  0 frames
2026-09-28T00:09:18.421143711Z c4  s21  local  73        69.6 ms HE    1 dec  0 frames
2026-09-28T00:09:18.491868493Z c4  s22  local  74        70.0 ms HE    1 dec  0 frames
2026-09-28T00:09:18.702788180Z c4  s23  local  65       210.4 ms HE    3 dec  0 frames
2026-09-28T00:09:18.911472887Z c4  s24  local  66       209.1 ms HE    3 dec  0 frames
2026-09-28T00:09:18.982173465Z c4  s25  local  11        70.1 ms HE    1 dec  0 frames
2026-09-28T00:09:19.052672718Z c4  s26  local  21        70.0 ms HE    1 dec  0 frames
2026-09-28T00:09:19.122535692Z c4  s27  local  12        69.8 ms HE    1 dec  0 frames
2026-09-28T00:09:19.612267392Z c4  s28  local  31       489.5 ms HE    7 dec  0 frames
2026-09-28T00:09:20.101469226Z c4  s29  local  32       489.1 ms HE    7 dec  0 frames
2026-09-28T00:09:31.860238286Z c4  s30  local  41        69.8 ms HE    1 dec  0 frames
2026-09-28T00:09:31.930204472Z c4  s31  local  42        69.7 ms HE    1 dec  0 frames
2026-09-28T00:09:20.752858795Z c4  s32  local  35       488.0 ms HE    7 dec  0 frames
2026-09-28T00:09:21.242167842Z c4  s33  local  36       488.9 ms HE    7 dec  0 frames
2026-09-28T00:09:21.312344555Z c4  s34  local  22        70.0 ms HE    1 dec  0 frames
2026-09-28T00:09:21.522420836Z c4  s35  local  61       209.6 ms HE    3 dec  0 frames
2026-09-28T00:09:22.012584591Z c4  s36  local  33       489.8 ms HE    7 dec  0 frames
2026-09-28T00:09:22.502041357Z c4  s37  local  34       489.4 ms HE    7 dec  0 frames
2026-09-28T00:09:22.572060750Z c4  s38  local  51        69.6 ms HE    1 dec  0 frames
2026-09-28T00:09:22.642296770Z c4  s39  local  52        70.0 ms HE    1 dec  0 frames
2026-09-28T00:09:23.131533508Z c4  s40  local  37       488.9 ms HE    7 dec  0 frames
2026-09-28T00:09:23.621206501Z c4  s41  local  38       489.1 ms HE    7 dec  0 frames
2026-09-28T00:09:23.830258154Z c4  s42  local  63       209.6 ms HE    3 dec  0 frames
2026-09-28T00:09:24.041413971Z c4  s43  local  64       210.3 ms HE    3 dec  0 frames
2026-09-28T00:09:24.041494181Z -- cycle 4/5 done at 45323.3 ms --
2026-09-28T00:09:24.041505882Z 
2026-09-28T00:09:24.041512983Z -- cycle 5/5 --
2026-09-28T00:09:24.111714799Z c5  s0   local  21        70.0 ms HE    1 dec  0 frames
2026-09-28T00:09:24.181731192Z c5  s1   local  11        69.7 ms HE    1 dec  0 frames
2026-09-28T00:09:24.251170612Z c5  s2   local  12        69.5 ms HE    1 dec  0 frames
2026-09-28T00:09:24.741593899Z c5  s3   local  31       489.9 ms HE    7 dec  0 frames
2026-09-28T00:09:36.896572345Z c5  s4   local  32       489.8 ms HE    7 dec  0 frames
2026-09-28T00:09:36.966771961Z c5  s5   local  41        70.1 ms HE    1 dec  0 frames
2026-09-28T00:09:37.036879165Z c5  s6   local  22        69.7 ms HE    1 dec  0 frames
2026-09-28T00:09:25.411994130Z c5  s7   local  42        69.2 ms HE    1 dec  0 frames
2026-09-28T00:09:25.900653695Z c5  s8   local  33       488.1 ms HE    7 dec  0 frames
2026-09-28T00:09:26.390511312Z c5  s9   local  34       489.4 ms HE    7 dec  0 frames
2026-09-28T00:09:26.880976204Z c5  s10  local  35       490.1 ms HE    7 dec  0 frames
2026-09-28T00:09:26.950934990Z c5  s11  local  53        69.8 ms HE    1 dec  0 frames
2026-09-28T00:09:27.021357733Z c5  s12  local  54        70.1 ms HE    1 dec  0 frames
2026-09-28T00:09:27.511651504Z c5  s13  local  36       490.0 ms HE    7 dec  0 frames
2026-09-28T00:09:28.001116571Z c5  s14  local  39       489.4 ms HE    7 dec  0 frames
2026-09-28T00:09:28.211110342Z c5  s15  local  61       209.7 ms HE    3 dec  0 frames
2026-09-28T00:09:28.699503775Z c5  s16  local  30       488.3 ms HE    7 dec  0 frames
2026-09-28T00:09:28.769837107Z c5  s17  local  71        70.0 ms HE    1 dec  0 frames
2026-09-28T00:09:28.840186741Z c5  s18  local  72        69.9 ms HE    1 dec  0 frames
2026-09-28T00:09:28.910373455Z c5  s19  local  81        70.0 ms HE    1 dec  0 frames
2026-09-28T00:09:28.980904313Z c5  s20  local  82        70.3 ms HE    1 dec  0 frames
2026-09-28T00:09:29.051124631Z c5  s21  local  73        69.9 ms HE    1 dec  0 frames
2026-09-28T00:09:29.121322746Z c5  s22  local  74        70.0 ms HE    1 dec  0 frames
2026-09-28T00:09:29.331768574Z c5  s23  local  65       210.0 ms HE    3 dec  0 frames
2026-09-28T00:09:29.540243154Z c5  s24  local  66       209.0 ms HE    3 dec  0 frames
2026-09-28T00:09:29.610702003Z c5  s25  local  11        70.0 ms HE    1 dec  0 frames
2026-09-28T00:09:29.680432959Z c5  s26  local  21        69.6 ms HE    1 dec  0 frames
2026-09-28T00:09:29.750475155Z c5  s27  local  12        69.6 ms HE    1 dec  0 frames
2026-09-28T00:09:41.933776068Z c5  s28  local  31       490.1 ms HE    7 dec  0 frames
2026-09-28T00:09:30.733041242Z c5  s29  local  32       488.1 ms HE    7 dec  0 frames
2026-09-28T00:09:30.802396451Z c5  s30  local  41        69.5 ms HE    1 dec  0 frames
2026-09-28T00:09:30.872996917Z c5  s31  local  42        70.0 ms HE    1 dec  0 frames
2026-09-28T00:09:31.363181574Z c5  s32  local  35       489.7 ms HE    7 dec  0 frames
2026-09-28T00:09:31.852252792Z c5  s33  local  36       489.0 ms HE    7 dec  0 frames
2026-09-28T00:09:31.922770648Z c5  s34  local  22        70.1 ms HE    1 dec  0 frames
2026-09-28T00:09:32.132977845Z c5  s35  local  61       210.1 ms HE    3 dec  0 frames
2026-09-28T00:09:32.622702545Z c5  s36  local  33       489.4 ms HE    7 dec  0 frames
2026-09-28T00:09:33.111414117Z c5  s37  local  34       488.5 ms HE    7 dec  0 frames
2026-09-28T00:09:33.181652138Z c5  s38  local  51        69.9 ms HE    1 dec  0 frames
2026-09-28T00:09:33.251701534Z c5  s39  local  52        69.7 ms HE    1 dec  0 frames
2026-09-28T00:09:33.740831159Z c5  s40  local  37       489.0 ms HE    7 dec  0 frames
2026-09-28T00:09:34.230939207Z c5  s41  local  38       489.9 ms HE    7 dec  0 frames
2026-09-28T00:09:34.441110200Z c5  s42  local  63       209.8 ms HE    3 dec  0 frames
2026-09-28T00:09:34.650781531Z c5  s43  local  64       209.3 ms HE    3 dec  0 frames
2026-09-28T00:09:34.650872442Z -- cycle 5/5 done at 55957.2 ms --
2026-09-28T00:09:34.650889244Z 
2026-09-28T00:09:34.650900446Z ============================================================
2026-09-28T00:09:34.650911947Z   SUMMARY — node 1/1 — LOCAL MODULAR — UDP/IP multicast (RFC 1112)
2026-09-28T00:09:34.650925049Z ============================================================
2026-09-28T00:09:34.650936450Z   events this node FIRED:
2026-09-28T00:09:34.650947452Z   local (no network)     n=220  avg   254.34 ms  (HE  254.10 + net    0.00)  min   69.34  max  1069.61  100.0%
2026-09-28T00:09:34.650958953Z   shared controllable          (none on this node)
2026-09-28T00:09:34.650969454Z   shared uncontroll.           (none on this node)
2026-09-28T00:09:34.651110572Z   events this node APPLIED for a peer (participant side):
2026-09-28T00:09:34.651133875Z   shared, applied              (none on this node)
2026-09-28T00:09:34.651153477Z   run clock, end of cycles 1..5 (ms): 13431.3 24065.4 34689.6 45323.3 55957.2
2026-09-28T00:09:34.651165379Z      a cycle is over at the LATEST node's value; DES_WORK_MS 0 included
2026-09-28T00:09:34.651176080Z   ----------------------------------------------------------
2026-09-28T00:09:34.651186982Z   all events            n=220  avg   254.34 ms  (HE  254.10 + net    0.00)
2026-09-28T00:09:34.651197983Z   PEER-WAIT + WIRE      0.0 % of total step time
2026-09-28T00:09:34.651220186Z      (compare against the round-trip probe above: the excess is
2026-09-28T00:09:34.651231187Z       the peer's own HE work, not the link.)
2026-09-28T00:09:34.651241588Z   frames: tx=0 rx=0 retransmits=0
2026-09-28T00:09:34.651252190Z   authentication: HMAC-SHA256/128, 1.4 us per frame; 0 rejected (bad tag), 0 stale/replayed dropped, 0 epoch challenges
2026-09-28T00:09:34.651263891Z   rx queue: peak 0/64 frames
2026-09-28T00:09:34.651274393Z   plant check: 0 event reports rejected as physically impossible
2026-09-28T00:09:34.651346702Z      (these supervisors carry the plant: an impossible uncontrollable event is caught)
2026-09-28T00:09:34.651356703Z   ----------------------------------------------------------
2026-09-28T00:09:34.651364404Z   homomorphic vs cleartext oracle : PASS — every encrypted bit matched
2026-09-28T00:09:34.651372805Z      (PASS certifies the cryptography: each node's encrypted bits
2026-09-28T00:09:34.651380406Z       match its own clear model for the events it applied. It does
2026-09-28T00:09:34.651388507Z       not certify the distributed run — read the skips for that.)
2026-09-28T00:09:34.651396808Z   distributed vs MONOLITHIC sup.  : off — this header has no monolithic supervisor
2026-09-28T00:09:34.651404809Z   safe halt                       : no — ran to completion
2026-09-28T00:09:34.651412910Z ============================================================
2026-09-28T00:09:44.659218380Z @@RESULT {"node":1,"nodes":1,"family":"LOCAL MODULAR","data":"supervisor_data_fms.h","transport":"UDP/IP multicast (RFC 1112)","fingerprint":"3f2beff2","supervisors":["S0","S1","S2","S3","S4","S5","S6"],"fired":{"local":220,"ctrl":0,"unctrl":0},"applied_for_peers":0,"skips":0,"impossible":0,"tx":0,"rx":0,"retx":0,"auth_bad":0,"replays":0,"challenges":0,"mac_us":1.40,"rxq_peak":0,"rxq_drops":0,"sync_wait_ms":0.0,"oracle":"PASS","safe_halt":false,"halt_reason":"","cycle_end_ms":[13431.3,24065.4,34689.6,45323.3,55957.2],"rounds":5,"work_ms":0,"emu_scalarmul_ms":69.0,"exit":0}
