2026-09-28T00:15:29.322914798Z des_container: node 2 of 2, LOCAL MODULAR, data supervisor_data_fms.h, transport UDP/IP multicast (RFC 1112)
2026-09-28T00:15:29.322954103Z des_container: EMULATING the ESP32 — every decryption takes at least 69.0 ms (DES_EMU_SCALARMUL_MS)
2026-09-28T00:15:29.322957503Z 
2026-09-28T00:15:29.322958903Z ============================================================
2026-09-28T00:15:29.322960203Z   Distributed Homomorphic DES — generic engine
2026-09-28T00:15:29.322961504Z   node 2/2   family LOCAL MODULAR   7 supervisors   31 events
2026-09-28T00:15:29.322962804Z   data: supervisor_data_fms.h
2026-09-28T00:15:29.322964104Z ============================================================
2026-09-28T00:15:29.323804509Z --- event routing (DERIVED from the header, not hardcoded) ---
2026-09-28T00:15:29.323815811Z   event  ctrl  nodes      owner  class
2026-09-28T00:15:29.323819011Z   11     yes   1          1      local — no network
2026-09-28T00:15:29.323821412Z   12     no    1          1      local — no network
2026-09-28T00:15:29.323823512Z   21     yes   1          1      local — no network
2026-09-28T00:15:29.323825712Z   22     no    1          1      local — no network
2026-09-28T00:15:29.323828112Z   30     no    1 2        1      SHARED — needs network
2026-09-28T00:15:29.323830313Z   31     yes   1 2        1      SHARED — needs network
2026-09-28T00:15:29.323832513Z   32     no    1 2        1      SHARED — needs network
2026-09-28T00:15:29.323834513Z   33     yes   1 2        1      SHARED — needs network
2026-09-28T00:15:29.323836613Z   34     no    1 2        1      SHARED — needs network
2026-09-28T00:15:29.323838714Z   35     yes   1 2        1      SHARED — needs network
2026-09-28T00:15:29.323840714Z   36     no    1 2        1      SHARED — needs network
2026-09-28T00:15:29.323842614Z   37     yes   1 2        1      SHARED — needs network
2026-09-28T00:15:29.323844815Z   38     no    1 2        1      SHARED — needs network
2026-09-28T00:15:29.323847015Z   39     yes   1 2        1      SHARED — needs network
2026-09-28T00:15:29.323849215Z   41     yes   1          1      local — no network
2026-09-28T00:15:29.323851215Z   42     no    1          1      local — no network
2026-09-28T00:15:29.323853416Z   51     yes   1          1      local — no network
2026-09-28T00:15:29.323855516Z   52     no    1          1      local — no network
2026-09-28T00:15:29.323857616Z   53     yes   1          1      local — no network
2026-09-28T00:15:29.323859816Z   54     no    1          1      local — no network
2026-09-28T00:15:29.323861717Z   61     yes   2          2      local — no network
2026-09-28T00:15:29.323864117Z   63     yes   2          2      local — no network
2026-09-28T00:15:29.323865617Z   64     no    2          2      local — no network
2026-09-28T00:15:29.323878419Z   65     yes   2          2      local — no network
2026-09-28T00:15:29.323881819Z   66     no    2          2      local — no network
2026-09-28T00:15:29.323883319Z   71     yes   2          2      local — no network
2026-09-28T00:15:29.323884519Z   72     no    2          2      local — no network
2026-09-28T00:15:29.323885820Z   73     yes   2          2      local — no network
2026-09-28T00:15:29.323887120Z   74     no    2          2      local — no network
2026-09-28T00:15:29.323888420Z   81     yes   2          2      local — no network
2026-09-28T00:15:29.323889620Z   82     no    2          2      local — no network
2026-09-28T00:15:29.323891020Z   => 10/31 events shared; 21/31 need ZERO network traffic; 21 concern this node
2026-09-28T00:15:29.323893021Z   NOTE controllability was INFERRED from event labels (the header
2026-09-28T00:15:29.323895121Z        does not carry it). Check the 'ctrl' column above; if it is
2026-09-28T00:15:29.323898121Z        wrong, set DES_CONTROLLABLE_MASK explicitly.
2026-09-28T00:15:29.323900922Z 
2026-09-28T00:15:29.323902422Z [init] config fingerprint edbd7971 — every node must print the same
2026-09-28T00:15:29.323903722Z 
2026-09-28T00:15:29.323905022Z [net] UDP multicast 239.192.7.1:5077  ttl=1  frame=44 B
2026-09-28T00:15:29.323906322Z --- crypto self-test ---
2026-09-28T00:15:29.326647366Z   Enc(0)->0 Enc(1)->1                PASS
2026-09-28T00:15:29.327439566Z   Enc(1)+Enc(1)->1 homomorphic OR   PASS
2026-09-28T00:15:29.328669620Z   Enc(0)+Enc(0)->0                  PASS
2026-09-28T00:15:29.328761732Z   curve secp192r1, ciphertext 50 B    PASS
2026-09-28T00:15:29.328785235Z   frame tag HMAC-SHA256/128: 1.4 us, 1-bit tamper caught  PASS
2026-09-28T00:15:29.328789936Z 
2026-09-28T00:15:29.328793236Z --- encrypting my supervisors' initial states ---
2026-09-28T00:15:29.328795636Z [load] S4         idx 4   44 states  15 constraining ev    2200 B ciphertext
2026-09-28T00:15:29.328797136Z [load] S5         idx 5   44 states  15 constraining ev    2200 B ciphertext
2026-09-28T00:15:29.328798437Z [load] S6         idx 6  164 states  21 constraining ev    8200 B ciphertext
2026-09-28T00:15:33.264532935Z [init] my keypair is mine alone; no ciphertext ever leaves this node
2026-09-28T00:15:33.264628647Z [init] my enablement: 11=1 12=1 21=1 22=1 30=0 31=1 32=0 33=1 34=0 35=1 36=0 37=1 38=0 39=1 41=1 42=1 51=1 52=1 53=1 54=1 61=0 63=0 64=0 65=0 66=0 71=0 72=0 73=0 74=0 81=0 82=0
2026-09-28T00:15:33.264641648Z 
2026-09-28T00:15:33.466649416Z [net] waiting for 1 peer(s). all present.
2026-09-28T00:15:34.970119322Z 
2026-09-28T00:15:34.970188231Z ============================================================
2026-09-28T00:15:34.970237837Z   RUN — SIM_SEQ driver — 5 cycles x 44 steps — LOCAL MODULAR
2026-09-28T00:15:34.970247438Z   columns: cN sNN = cycle/step of MY walk; · = a peer caused this
2026-09-28T00:15:34.970253839Z   'done at': run clock, common to all nodes; a cycle is over at the
2026-09-28T00:15:34.970259840Z   LATEST node's print, machine time (DES_WORK_MS 0) included
2026-09-28T00:15:34.970266040Z ============================================================
2026-09-28T00:15:34.970271841Z 
2026-09-28T00:15:34.970277342Z -- cycle 1/5 --
2026-09-28T00:15:35.719177088Z     ·     vote   31    YES to node 1          (seq 1)
2026-09-28T00:15:36.076686382Z     ·     apply  31       364.7 ms HE    5 dec  from node 1  (seq 1)
2026-09-28T00:15:36.660642015Z     ·     apply  32       578.3 ms HE    8 dec  from node 1  (seq 2)
2026-09-28T00:15:36.781757824Z     ·     vote   33    YES to node 1          (seq 3)
2026-09-28T00:15:37.153649726Z     ·     apply  33       368.4 ms HE    5 dec  from node 1  (seq 3)
2026-09-28T00:15:37.739489696Z     ·     apply  34       580.3 ms HE    8 dec  from node 1  (seq 4)
2026-09-28T00:15:37.745224216Z     ·     vote   35    YES to node 1          (seq 5)
2026-09-28T00:15:38.113832706Z     ·     apply  35       363.9 ms HE    5 dec  from node 1  (seq 5)
2026-09-28T00:15:38.741826269Z     ·     apply  36       573.2 ms HE    8 dec  from node 1  (seq 6)
2026-09-28T00:15:38.746867703Z     ·     vote   39    YES to node 1          (seq 7)
2026-09-28T00:15:39.169695501Z     ·     apply  39       419.9 ms HE    6 dec  from node 1  (seq 7)
2026-09-28T00:15:39.452245284Z c1  s15  local  61       279.3 ms HE    4 dec  0 frames
2026-09-28T00:15:39.734959387Z     ·     apply  30       279.1 ms HE    4 dec  from node 1  (seq 8)
2026-09-28T00:15:39.807040039Z c1  s17  local  71        69.7 ms HE    1 dec  0 frames
2026-09-28T00:15:39.877128841Z c1  s18  local  72        69.9 ms HE    1 dec  0 frames
2026-09-28T00:15:39.947073924Z c1  s19  local  81        69.7 ms HE    1 dec  0 frames
2026-09-28T00:15:40.017812007Z c1  s20  local  82        70.1 ms HE    1 dec  0 frames
2026-09-28T00:15:40.087721487Z c1  s21  local  73        69.7 ms HE    1 dec  0 frames
2026-09-28T00:15:40.157472046Z c1  s22  local  74        69.6 ms HE    1 dec  0 frames
2026-09-28T00:15:40.437137766Z c1  s23  local  65       279.6 ms HE    4 dec  0 frames
2026-09-28T00:15:40.716685072Z c1  s24  local  66       279.1 ms HE    4 dec  0 frames
2026-09-28T00:15:40.721999939Z     ·     vote   31    YES to node 1          (seq 9)
2026-09-28T00:15:52.617037312Z     ·     apply  31       210.0 ms HE    3 dec  from node 1  (seq 9)
2026-09-28T00:15:41.284438668Z     ·     apply  32       278.5 ms HE    4 dec  from node 1  (seq 10)
2026-09-28T00:15:41.426047751Z     ·     vote   35    YES to node 1          (seq 11)
2026-09-28T00:15:41.640547388Z     ·     apply  35       209.0 ms HE    3 dec  from node 1  (seq 11)
2026-09-28T00:15:41.989688533Z     ·     apply  36       278.9 ms HE    4 dec  from node 1  (seq 12)
2026-09-28T00:15:42.341079761Z c1  s35  local  61       348.7 ms HE    5 dec  0 frames
2026-09-28T00:15:42.343732494Z     ·     vote   33    YES to node 1          (seq 13)
2026-09-28T00:15:42.558432356Z     ·     apply  33       209.3 ms HE    3 dec  from node 1  (seq 13)
2026-09-28T00:15:42.908089666Z     ·     apply  34       279.2 ms HE    4 dec  from node 1  (seq 14)
2026-09-28T00:15:43.051705401Z     ·     vote   37    YES to node 1          (seq 15)
2026-09-28T00:15:43.263695523Z     ·     apply  37       209.2 ms HE    3 dec  from node 1  (seq 15)
2026-09-28T00:15:43.546322515Z     ·     apply  38       209.6 ms HE    3 dec  from node 1  (seq 16)
2026-09-28T00:15:43.758193122Z c1  s42  local  63       209.3 ms HE    3 dec  0 frames
2026-09-28T00:15:43.968141987Z c1  s43  local  64       209.7 ms HE    3 dec  0 frames
2026-09-28T00:15:43.968228398Z -- cycle 1/5 done at 8638.4 ms --
2026-09-28T00:15:43.968241700Z 
2026-09-28T00:15:43.968250501Z -- cycle 2/5 --
2026-09-28T00:15:43.970907134Z     ·     vote   31    YES to node 1          (seq 17)
2026-09-28T00:15:44.183991593Z     ·     apply  31       209.7 ms HE    3 dec  from node 1  (seq 17)
2026-09-28T00:15:44.466338051Z     ·     apply  32       209.1 ms HE    3 dec  from node 1  (seq 18)
2026-09-28T00:15:44.748072031Z     ·     vote   33    YES to node 1          (seq 19)
2026-09-28T00:15:44.962506759Z     ·     apply  33       209.1 ms HE    3 dec  from node 1  (seq 19)
2026-09-28T00:15:45.241909247Z     ·     apply  34       209.2 ms HE    3 dec  from node 1  (seq 20)
2026-09-28T00:15:45.313388523Z     ·     vote   35    YES to node 1          (seq 21)
2026-09-28T00:15:45.527756943Z     ·     apply  35       208.9 ms HE    3 dec  from node 1  (seq 21)
2026-09-28T00:15:57.629587577Z     ·     apply  36       208.7 ms HE    3 dec  from node 1  (seq 22)
2026-09-28T00:15:46.023758569Z     ·     vote   39    YES to node 1          (seq 23)
2026-09-28T00:15:46.234967793Z     ·     apply  39       208.8 ms HE    3 dec  from node 1  (seq 23)
2026-09-28T00:15:46.445133085Z c2  s15  local  61       207.8 ms HE    3 dec  0 frames
2026-09-28T00:15:46.655033944Z     ·     apply  30       207.7 ms HE    3 dec  from node 1  (seq 24)
2026-09-28T00:15:46.726600332Z c2  s17  local  71        69.3 ms HE    1 dec  0 frames
2026-09-28T00:15:46.795899534Z c2  s18  local  72        69.2 ms HE    1 dec  0 frames
2026-09-28T00:15:46.865206938Z c2  s19  local  81        69.2 ms HE    1 dec  0 frames
2026-09-28T00:15:46.934479437Z c2  s20  local  82        69.3 ms HE    1 dec  0 frames
2026-09-28T00:15:47.004326709Z c2  s21  local  73        69.5 ms HE    1 dec  0 frames
2026-09-28T00:15:47.074538526Z c2  s22  local  74        69.6 ms HE    1 dec  0 frames
2026-09-28T00:15:47.284219757Z c2  s23  local  65       209.5 ms HE    3 dec  0 frames
2026-09-28T00:15:47.493715766Z c2  s24  local  66       209.4 ms HE    3 dec  0 frames
2026-09-28T00:15:47.499397879Z     ·     vote   31    YES to node 1          (seq 25)
2026-09-28T00:15:47.710930944Z     ·     apply  31       208.7 ms HE    3 dec  from node 1  (seq 25)
2026-09-28T00:15:47.993321006Z     ·     apply  32       208.4 ms HE    3 dec  from node 1  (seq 26)
2026-09-28T00:15:48.205614266Z     ·     vote   35    YES to node 1          (seq 27)
2026-09-28T00:15:48.415901274Z     ·     apply  35       208.2 ms HE    3 dec  from node 1  (seq 27)
2026-09-28T00:15:48.697328015Z     ·     apply  36       209.3 ms HE    3 dec  from node 1  (seq 28)
2026-09-28T00:15:48.908842877Z c2  s35  local  61       209.1 ms HE    3 dec  0 frames
2026-09-28T00:15:48.914708314Z     ·     vote   33    YES to node 1          (seq 29)
2026-09-28T00:15:49.128445455Z     ·     apply  33       208.7 ms HE    3 dec  from node 1  (seq 29)
2026-09-28T00:15:49.408703150Z     ·     apply  34       208.6 ms HE    3 dec  from node 1  (seq 30)
2026-09-28T00:15:49.618526299Z     ·     vote   37    YES to node 1          (seq 31)
2026-09-28T00:15:49.830853363Z     ·     apply  37       209.3 ms HE    3 dec  from node 1  (seq 31)
2026-09-28T00:15:50.113198620Z     ·     apply  38       209.3 ms HE    3 dec  from node 1  (seq 32)
2026-09-28T00:15:50.324178915Z c2  s42  local  63       208.9 ms HE    3 dec  0 frames
2026-09-28T00:15:50.534043370Z c2  s43  local  64       209.2 ms HE    3 dec  0 frames
2026-09-28T00:15:50.534128480Z -- cycle 2/5 done at 15197.7 ms --
2026-09-28T00:15:50.534139582Z 
2026-09-28T00:15:50.534147283Z -- cycle 3/5 --
2026-09-28T00:15:50.537317681Z     ·     vote   31    YES to node 1          (seq 33)
2026-09-28T00:15:50.749546333Z     ·     apply  31       209.4 ms HE    3 dec  from node 1  (seq 33)
2026-09-28T00:15:51.024424077Z     ·     apply  32       208.7 ms HE    3 dec  from node 1  (seq 34)
2026-09-28T00:15:51.304809688Z     ·     vote   33    YES to node 1          (seq 35)
2026-09-28T00:15:51.517137752Z     ·     apply  33       209.2 ms HE    3 dec  from node 1  (seq 35)
2026-09-28T00:15:51.798636603Z     ·     apply  34       209.0 ms HE    3 dec  from node 1  (seq 36)
2026-09-28T00:15:51.872560286Z     ·     vote   35    YES to node 1          (seq 37)
2026-09-28T00:15:52.084281774Z     ·     apply  35       209.1 ms HE    3 dec  from node 1  (seq 37)
2026-09-28T00:15:52.504558152Z     ·     apply  36       208.6 ms HE    3 dec  from node 1  (seq 38)
2026-09-28T00:15:52.575181321Z     ·     vote   39    YES to node 1          (seq 39)
2026-09-28T00:15:52.789827577Z     ·     apply  39       208.8 ms HE    3 dec  from node 1  (seq 39)
2026-09-28T00:15:53.000668254Z c3  s15  local  61       208.5 ms HE    3 dec  0 frames
2026-09-28T00:15:53.212986117Z     ·     apply  30       209.0 ms HE    3 dec  from node 1  (seq 40)
2026-09-28T00:15:53.284765031Z c3  s17  local  71        69.4 ms HE    1 dec  0 frames
2026-09-28T00:15:53.355089362Z c3  s18  local  72        69.6 ms HE    1 dec  0 frames
2026-09-28T00:15:53.424984739Z c3  s19  local  81        69.7 ms HE    1 dec  0 frames
2026-09-28T00:15:53.494302744Z c3  s20  local  82        69.6 ms HE    1 dec  0 frames
2026-09-28T00:15:53.564930814Z c3  s21  local  73        69.8 ms HE    1 dec  0 frames
2026-09-28T00:15:53.634041093Z c3  s22  local  74        69.5 ms HE    1 dec  0 frames
2026-09-28T00:15:53.842467767Z c3  s23  local  65       208.5 ms HE    3 dec  0 frames
2026-09-28T00:15:54.051923770Z c3  s24  local  66       209.0 ms HE    3 dec  0 frames
2026-09-28T00:15:54.054308670Z     ·     vote   31    YES to node 1          (seq 41)
2026-09-28T00:15:54.269548700Z     ·     apply  31       209.5 ms HE    3 dec  from node 1  (seq 41)
2026-09-28T00:15:54.546339859Z     ·     apply  32       208.1 ms HE    3 dec  from node 1  (seq 42)
2026-09-28T00:15:54.757226142Z     ·     vote   35    YES to node 1          (seq 43)
2026-09-28T00:15:54.971253720Z     ·     apply  35       208.5 ms HE    3 dec  from node 1  (seq 43)
2026-09-28T00:15:55.250910239Z     ·     apply  36       209.1 ms HE    3 dec  from node 1  (seq 44)
2026-09-28T00:15:55.462711037Z c3  s35  local  61       208.8 ms HE    3 dec  0 frames
2026-09-28T00:15:55.465838229Z     ·     vote   33    YES to node 1          (seq 45)
2026-09-28T00:15:55.678039878Z     ·     apply  33       209.3 ms HE    3 dec  from node 1  (seq 45)
2026-09-28T00:16:07.639940555Z     ·     apply  34       208.9 ms HE    3 dec  from node 1  (seq 46)
2026-09-28T00:16:07.852340828Z     ·     vote   37    YES to node 1          (seq 47)
2026-09-28T00:16:08.064389657Z     ·     apply  37       208.7 ms HE    3 dec  from node 1  (seq 47)
2026-09-28T00:16:08.347026251Z     ·     apply  38       209.0 ms HE    3 dec  from node 1  (seq 48)
2026-09-28T00:16:08.558212972Z c3  s42  local  63       209.0 ms HE    3 dec  0 frames
2026-09-28T00:16:08.768409468Z c3  s43  local  64       209.5 ms HE    3 dec  0 frames
2026-09-28T00:16:08.768499679Z -- cycle 3/5 done at 21756.9 ms --
2026-09-28T00:16:08.768512381Z 
2026-09-28T00:16:08.768520782Z -- cycle 4/5 --
2026-09-28T00:16:08.771895206Z     ·     vote   31    YES to node 1          (seq 49)
2026-09-28T00:16:08.984077552Z     ·     apply  31       209.6 ms HE    3 dec  from node 1  (seq 49)
2026-09-28T00:16:09.265932647Z     ·     apply  32       208.8 ms HE    3 dec  from node 1  (seq 50)
2026-09-28T00:16:09.547931060Z     ·     vote   33    YES to node 1          (seq 51)
2026-09-28T00:16:09.759934284Z     ·     apply  33       209.4 ms HE    3 dec  from node 1  (seq 51)
2026-09-28T00:16:10.041320020Z     ·     apply  34       208.4 ms HE    3 dec  from node 1  (seq 52)
2026-09-28T00:16:10.112175618Z     ·     vote   35    YES to node 1          (seq 53)
2026-09-28T00:16:10.327129512Z     ·     apply  35       209.5 ms HE    3 dec  from node 1  (seq 53)
2026-09-28T00:16:10.747339682Z     ·     apply  36       208.7 ms HE    3 dec  from node 1  (seq 54)
2026-09-28T00:16:10.818554525Z     ·     vote   39    YES to node 1          (seq 55)
2026-09-28T00:16:11.032587903Z     ·     apply  39       208.7 ms HE    3 dec  from node 1  (seq 55)
2026-09-28T00:16:11.244389701Z c4  s15  local  61       209.3 ms HE    3 dec  0 frames
2026-09-28T00:16:11.457286837Z     ·     apply  30       209.3 ms HE    3 dec  from node 1  (seq 56)
2026-09-28T00:16:11.529820746Z c4  s17  local  71        69.8 ms HE    1 dec  0 frames
2026-09-28T00:16:11.599571105Z c4  s18  local  72        69.6 ms HE    1 dec  0 frames
2026-09-28T00:16:11.669355668Z c4  s19  local  81        69.7 ms HE    1 dec  0 frames
2026-09-28T00:16:11.739915929Z c4  s20  local  82        70.0 ms HE    1 dec  0 frames
2026-09-28T00:16:11.809944023Z c4  s21  local  73        69.7 ms HE    1 dec  0 frames
2026-09-28T00:16:11.879185319Z c4  s22  local  74        69.7 ms HE    1 dec  0 frames
2026-09-28T00:16:12.088509306Z c4  s23  local  65       208.7 ms HE    3 dec  0 frames
2026-09-28T00:16:12.298125029Z c4  s24  local  66       209.2 ms HE    3 dec  0 frames
2026-09-28T00:16:12.301751485Z     ·     vote   31    YES to node 1          (seq 57)
2026-09-28T00:16:12.516449446Z     ·     apply  31       209.0 ms HE    3 dec  from node 1  (seq 57)
2026-09-28T00:16:12.796271386Z     ·     apply  32       210.0 ms HE    3 dec  from node 1  (seq 58)
2026-09-28T00:16:13.006148143Z     ·     vote   35    YES to node 1          (seq 59)
2026-09-28T00:16:13.219575645Z     ·     apply  35       210.2 ms HE    3 dec  from node 1  (seq 59)
2026-09-28T00:16:13.501866395Z     ·     apply  36       209.6 ms HE    3 dec  from node 1  (seq 60)
2026-09-28T00:16:13.713481969Z c4  s35  local  61       209.2 ms HE    3 dec  0 frames
2026-09-28T00:16:13.716153405Z     ·     vote   33    YES to node 1          (seq 61)
2026-09-28T00:16:13.930867269Z     ·     apply  33       209.4 ms HE    3 dec  from node 1  (seq 61)
2026-09-28T00:16:14.211510512Z     ·     apply  34       209.2 ms HE    3 dec  from node 1  (seq 62)
2026-09-28T00:16:14.422745839Z     ·     vote   37    YES to node 1          (seq 63)
2026-09-28T00:16:14.637689931Z     ·     apply  37       209.5 ms HE    3 dec  from node 1  (seq 63)
2026-09-28T00:16:14.917405358Z     ·     apply  38       208.8 ms HE    3 dec  from node 1  (seq 64)
2026-09-28T00:16:15.127454036Z c4  s42  local  63       207.7 ms HE    3 dec  0 frames
2026-09-28T00:16:15.335840105Z c4  s43  local  64       208.2 ms HE    3 dec  0 frames
2026-09-28T00:16:15.335894212Z -- cycle 4/5 done at 28325.1 ms --
2026-09-28T00:16:15.335897912Z 
2026-09-28T00:16:15.335900212Z -- cycle 5/5 --
2026-09-28T00:16:15.338280111Z     ·     vote   31    YES to node 1          (seq 65)
2026-09-28T00:16:15.548760143Z     ·     apply  31       208.3 ms HE    3 dec  from node 1  (seq 65)
2026-09-28T00:16:15.828568282Z     ·     apply  32       207.8 ms HE    3 dec  from node 1  (seq 66)
2026-09-28T00:16:16.106845328Z     ·     vote   33    YES to node 1          (seq 67)
2026-09-28T00:16:16.317226647Z     ·     apply  33       207.9 ms HE    3 dec  from node 1  (seq 67)
2026-09-28T00:16:16.596654438Z     ·     apply  34       208.0 ms HE    3 dec  from node 1  (seq 68)
2026-09-28T00:16:16.667514436Z     ·     vote   35    YES to node 1          (seq 69)
2026-09-28T00:16:16.877996569Z     ·     apply  35       207.9 ms HE    3 dec  from node 1  (seq 69)
2026-09-28T00:16:17.296794061Z     ·     apply  36       207.8 ms HE    3 dec  from node 1  (seq 70)
2026-09-28T00:16:17.365656009Z     ·     vote   39    YES to node 1          (seq 71)
2026-09-28T00:16:17.576117939Z     ·     apply  39       208.0 ms HE    3 dec  from node 1  (seq 71)
2026-09-28T00:16:17.786047401Z c5  s15  local  61       207.8 ms HE    3 dec  0 frames
2026-09-28T00:16:17.996404618Z     ·     apply  30       208.0 ms HE    3 dec  from node 1  (seq 72)
2026-09-28T00:16:18.068134126Z c5  s17  local  71        69.4 ms HE    1 dec  0 frames
2026-09-28T00:16:18.137427728Z c5  s18  local  72        69.3 ms HE    1 dec  0 frames
2026-09-28T00:16:18.207390914Z c5  s19  local  81        69.5 ms HE    1 dec  0 frames
2026-09-28T00:16:18.277202781Z c5  s20  local  82        69.5 ms HE    1 dec  0 frames
2026-09-28T00:16:18.347392995Z c5  s21  local  73        69.8 ms HE    1 dec  0 frames
2026-09-28T00:16:18.417205162Z c5  s22  local  74        69.6 ms HE    1 dec  0 frames
2026-09-28T00:16:18.626465041Z c5  s23  local  65       209.0 ms HE    3 dec  0 frames
2026-09-28T00:16:18.836046660Z c5  s24  local  66       209.2 ms HE    3 dec  0 frames
2026-09-28T00:16:18.838730497Z     ·     vote   31    YES to node 1          (seq 73)
2026-09-28T00:16:19.051545823Z     ·     apply  31       208.4 ms HE    3 dec  from node 1  (seq 73)
2026-09-28T00:16:19.330498553Z     ·     apply  32       208.3 ms HE    3 dec  from node 1  (seq 74)
2026-09-28T00:16:19.540304401Z     ·     vote   35    YES to node 1          (seq 75)
2026-09-28T00:16:19.750682720Z     ·     apply  35       207.9 ms HE    3 dec  from node 1  (seq 75)
2026-09-28T00:16:20.029494033Z     ·     apply  36       207.7 ms HE    3 dec  from node 1  (seq 76)
2026-09-28T00:16:20.239759438Z c5  s35  local  61       207.7 ms HE    3 dec  0 frames
2026-09-28T00:16:20.241927710Z     ·     vote   33    YES to node 1          (seq 77)
2026-09-28T00:16:20.452105505Z     ·     apply  33       207.7 ms HE    3 dec  from node 1  (seq 77)
2026-09-28T00:16:20.730990927Z     ·     apply  34       208.0 ms HE    3 dec  from node 1  (seq 78)
2026-09-28T00:16:20.941696787Z     ·     vote   37    YES to node 1          (seq 79)
2026-09-28T00:16:21.151742865Z     ·     apply  37       207.7 ms HE    3 dec  from node 1  (seq 79)
2026-09-28T00:16:21.432980983Z     ·     apply  38       209.3 ms HE    3 dec  from node 1  (seq 80)
2026-09-28T00:16:21.644074792Z c5  s42  local  63       208.9 ms HE    3 dec  0 frames
2026-09-28T00:16:21.853500892Z c5  s43  local  64       208.7 ms HE    3 dec  0 frames
2026-09-28T00:16:21.853568800Z -- cycle 5/5 done at 34842.3 ms --
2026-09-28T00:16:21.853578601Z 
2026-09-28T00:16:21.853584502Z ============================================================
2026-09-28T00:16:21.853590703Z   SUMMARY — node 2/2 — LOCAL MODULAR — UDP/IP multicast (RFC 1112)
2026-09-28T00:16:21.853598504Z ============================================================
2026-09-28T00:16:21.853604805Z   events this node FIRED:
2026-09-28T00:16:21.853610505Z   local (no network)     n=60   avg   145.26 ms  (HE  145.08 + net    0.00)  min   69.30  max   348.90  100.0%
2026-09-28T00:16:21.853616706Z   shared controllable          (none on this node)
2026-09-28T00:16:21.853622307Z   shared uncontroll.           (none on this node)
2026-09-28T00:16:21.853627907Z   events this node APPLIED for a peer (participant side):
2026-09-28T00:16:21.853633608Z   shared, applied        n=80   avg   234.66 ms  (HE  234.66 + net    0.00)  min  207.66  max   580.30
2026-09-28T00:16:21.853639609Z   run clock, end of cycles 1..5 (ms): 8638.4 15197.7 21756.9 28325.1 34842.3
2026-09-28T00:16:21.853645510Z      a cycle is over at the LATEST node's value; DES_WORK_MS 0 included
2026-09-28T00:16:21.853651810Z   ----------------------------------------------------------
2026-09-28T00:16:21.853657711Z   all events            n=60   avg   145.26 ms  (HE  145.08 + net    0.00)
2026-09-28T00:16:21.853663612Z   PEER-WAIT + WIRE      0.0 % of total step time
2026-09-28T00:16:21.853669313Z      (compare against the round-trip probe above: the excess is
2026-09-28T00:16:21.853675013Z       the peer's own HE work, not the link.)
2026-09-28T00:16:21.853680614Z   frames: tx=230 rx=150 retransmits=0
2026-09-28T00:16:21.853686315Z   authentication: HMAC-SHA256/128, 1.4 us per frame; 0 rejected (bad tag), 0 stale/replayed dropped, 1 epoch challenges
2026-09-28T00:16:21.853692316Z   rx queue: peak 1/64 frames
2026-09-28T00:16:21.853698316Z   plant check: 0 event reports rejected as physically impossible
2026-09-28T00:16:21.853704217Z      (these supervisors carry the plant: an impossible uncontrollable event is caught)
2026-09-28T00:16:21.853744322Z   ----------------------------------------------------------
2026-09-28T00:16:21.853751323Z   homomorphic vs cleartext oracle : PASS — every encrypted bit matched
2026-09-28T00:16:21.853757324Z      (PASS certifies the cryptography: each node's encrypted bits
2026-09-28T00:16:21.853763024Z       match its own clear model for the events it applied. It does
2026-09-28T00:16:21.853768725Z       not certify the distributed run — read the skips for that.)
2026-09-28T00:16:21.853774526Z   distributed vs MONOLITHIC sup.  : off — this header has no monolithic supervisor
2026-09-28T00:16:21.853780827Z   safe halt                       : no — ran to completion
2026-09-28T00:16:21.853786827Z ============================================================
2026-09-28T00:16:20.179846968Z @@RESULT {"node":2,"nodes":2,"family":"LOCAL MODULAR","data":"supervisor_data_fms.h","transport":"UDP/IP multicast (RFC 1112)","fingerprint":"edbd7971","supervisors":["S4","S5","S6"],"fired":{"local":60,"ctrl":0,"unctrl":0},"applied_for_peers":80,"skips":0,"impossible":0,"tx":230,"rx":150,"retx":0,"auth_bad":0,"replays":0,"challenges":1,"mac_us":1.37,"rxq_peak":1,"rxq_drops":0,"sync_wait_ms":0.0,"oracle":"PASS","safe_halt":false,"halt_reason":"","cycle_end_ms":[8638.4,15197.7,21756.9,28325.1,34842.3],"rounds":5,"work_ms":0,"emu_scalarmul_ms":69.0,"exit":0}
