2026-09-28T03:50:59.398399504Z des_container: node 2 of 7, LOCAL MODULAR, data supervisor_data_fms.h, transport UDP/IP multicast (RFC 1112)
2026-09-28T03:50:59.398469212Z des_container: EMULATING the ESP32 — every decryption takes at least 69.0 ms (DES_EMU_SCALARMUL_MS)
2026-09-28T03:50:59.398474813Z 
2026-09-28T03:50:59.398476313Z ============================================================
2026-09-28T03:50:59.398477613Z   Distributed Homomorphic DES — generic engine
2026-09-28T03:50:59.398478914Z   node 2/7   family LOCAL MODULAR   7 supervisors   31 events
2026-09-28T03:50:59.398480214Z   data: supervisor_data_fms.h
2026-09-28T03:50:59.398481514Z ============================================================
2026-09-28T03:50:59.399686065Z --- event routing (DERIVED from the header, not hardcoded) ---
2026-09-28T03:50:59.399701467Z   event  ctrl  nodes      owner  class
2026-09-28T03:50:59.399704368Z   11     yes   1          1      local — no network
2026-09-28T03:50:59.399706968Z   12     no    1          1      local — no network
2026-09-28T03:50:59.399709268Z   21     yes   2          2      local — no network
2026-09-28T03:50:59.399711468Z   22     no    2          2      local — no network
2026-09-28T03:50:59.399713669Z   30     no    1 2 3 4 5 6 7  1      SHARED — needs network
2026-09-28T03:50:59.399715969Z   31     yes   1 2 3 4 5 6 7  1      SHARED — needs network
2026-09-28T03:50:59.399718269Z   32     no    1 2 3 4 5 6 7  1      SHARED — needs network
2026-09-28T03:50:59.399720470Z   33     yes   1 2 3 4 5 6 7  1      SHARED — needs network
2026-09-28T03:50:59.399722970Z   34     no    1 2 3 4 5 6 7  1      SHARED — needs network
2026-09-28T03:50:59.399725170Z   35     yes   1 2 3 4 5 6 7  1      SHARED — needs network
2026-09-28T03:50:59.399727370Z   36     no    1 2 3 4 5 6 7  1      SHARED — needs network
2026-09-28T03:50:59.399729671Z   37     yes   1 2 3 4 5 6 7  1      SHARED — needs network
2026-09-28T03:50:59.399731871Z   38     no    1 2 3 4 5 6 7  1      SHARED — needs network
2026-09-28T03:50:59.399734171Z   39     yes   1 2 3 4 5 6 7  1      SHARED — needs network
2026-09-28T03:50:59.399736372Z   41     yes   3          3      local — no network
2026-09-28T03:50:59.399738572Z   42     no    3          3      local — no network
2026-09-28T03:50:59.399740872Z   51     yes   4          4      local — no network
2026-09-28T03:50:59.399743172Z   52     no    4          4      local — no network
2026-09-28T03:50:59.399745373Z   53     yes   4          4      local — no network
2026-09-28T03:50:59.399748073Z   54     no    4          4      local — no network
2026-09-28T03:50:59.399750473Z   61     yes   5 6 7      5      SHARED — needs network
2026-09-28T03:50:59.399752774Z   63     yes   5 6 7      5      SHARED — needs network
2026-09-28T03:50:59.399754974Z   64     no    5 6 7      5      SHARED — needs network
2026-09-28T03:50:59.399768376Z   65     yes   5 6 7      5      SHARED — needs network
2026-09-28T03:50:59.399771176Z   66     no    5 6 7      5      SHARED — needs network
2026-09-28T03:50:59.399773376Z   71     yes   7          7      local — no network
2026-09-28T03:50:59.399775576Z   72     no    7          7      local — no network
2026-09-28T03:50:59.399777777Z   73     yes   7          7      local — no network
2026-09-28T03:50:59.399779977Z   74     no    7          7      local — no network
2026-09-28T03:50:59.399782277Z   81     yes   7          7      local — no network
2026-09-28T03:50:59.399784478Z   82     no    7          7      local — no network
2026-09-28T03:50:59.399786778Z   => 15/31 events shared; 16/31 need ZERO network traffic; 12 concern this node
2026-09-28T03:50:59.399789378Z   NOTE controllability was INFERRED from event labels (the header
2026-09-28T03:50:59.399792579Z        does not carry it). Check the 'ctrl' column above; if it is
2026-09-28T03:50:59.399794879Z        wrong, set DES_CONTROLLABLE_MASK explicitly.
2026-09-28T03:50:59.399797079Z 
2026-09-28T03:50:59.399799179Z [init] config fingerprint 04511541 — every node must print the same
2026-09-28T03:50:59.399801480Z 
2026-09-28T03:50:59.399863788Z [net] UDP multicast 239.192.7.1:5077  ttl=1  frame=44 B
2026-09-28T03:50:59.399872989Z --- crypto self-test ---
2026-09-28T03:50:59.403264115Z   Enc(0)->0 Enc(1)->1                PASS
2026-09-28T03:50:59.404716397Z   Enc(1)+Enc(1)->1 homomorphic OR   PASS
2026-09-28T03:50:59.405379080Z   Enc(0)+Enc(0)->0                  PASS
2026-09-28T03:50:59.405423386Z   curve secp192r1, ciphertext 50 B    PASS
2026-09-28T03:50:59.405426386Z   frame tag HMAC-SHA256/128: 1.6 us, 1-bit tamper caught  PASS
2026-09-28T03:50:59.405428786Z 
2026-09-28T03:50:59.405430887Z --- encrypting my supervisors' initial states ---
2026-09-28T03:50:59.405561303Z [load] S1         idx 1   18 states  12 constraining ev     900 B ciphertext
2026-09-28T03:51:00.246400233Z [init] my keypair is mine alone; no ciphertext ever leaves this node
2026-09-28T03:51:00.246454940Z [init] my enablement: 11=1 12=1 21=1 22=0 30=0 31=1 32=0 33=0 34=0 35=1 36=0 37=1 38=0 39=1 41=1 42=1 51=1 52=1 53=1 54=1 61=1 63=1 64=1 65=1 66=1 71=1 72=1 73=1 74=1 81=1 82=1
2026-09-28T03:51:00.246462941Z 
2026-09-28T03:51:01.255319133Z [net] waiting for 6 peer(s)..... all present.
2026-09-28T03:51:02.757702402Z 
2026-09-28T03:51:02.757824017Z ============================================================
2026-09-28T03:51:02.757841019Z   RUN — SIM_SEQ driver — 5 cycles x 44 steps — LOCAL MODULAR
2026-09-28T03:51:02.757849320Z   columns: cN sNN = cycle/step of MY walk; · = a peer caused this
2026-09-28T03:51:02.757890226Z   'done at': run clock, common to all nodes; a cycle is over at the
2026-09-28T03:51:02.757897526Z   LATEST node's print, machine time (DES_WORK_MS 0) included
2026-09-28T03:51:02.757903627Z ============================================================
2026-09-28T03:51:02.757909728Z 
2026-09-28T03:51:02.757915129Z -- cycle 1/5 --
2026-09-28T03:51:02.898972043Z c1  s0   local  21       141.4 ms HE    2 dec  0 frames
2026-09-28T03:51:03.614436290Z     ·     vote   31    YES to node 1          (seq 1)
2026-09-28T03:51:03.686368024Z     ·     apply  31        69.4 ms HE    1 dec  from node 1  (seq 1)
2026-09-28T03:51:03.832561083Z     ·     apply  32        69.4 ms HE    1 dec  from node 1  (seq 2)
2026-09-28T03:51:03.904094766Z c1  s6   local  22        69.3 ms HE    1 dec  0 frames
2026-09-28T03:51:04.049270697Z     ·     vote   33    YES to node 1          (seq 3)
2026-09-28T03:51:04.120587453Z     ·     apply  33        69.3 ms HE    1 dec  from node 1  (seq 3)
2026-09-28T03:51:04.269201716Z     ·     apply  34        69.3 ms HE    1 dec  from node 1  (seq 4)
2026-09-28T03:51:04.415050031Z     ·     vote   35    YES to node 1          (seq 5)
2026-09-28T03:51:04.488921008Z     ·     apply  35        69.3 ms HE    1 dec  from node 1  (seq 5)
2026-09-28T03:51:04.700930432Z     ·     apply  36        69.4 ms HE    1 dec  from node 1  (seq 6)
2026-09-28T03:51:16.344220160Z     ·     vote   39    YES to node 1          (seq 7)
2026-09-28T03:51:16.418078035Z     ·     apply  39        69.3 ms HE    1 dec  from node 1  (seq 7)
2026-09-28T03:51:05.209234782Z     ·     apply  30        69.3 ms HE    1 dec  from node 1  (seq 8)
2026-09-28T03:51:05.280675854Z c1  s26  local  21        69.3 ms HE    1 dec  0 frames
2026-09-28T03:51:05.918849696Z     ·     vote   31    YES to node 1          (seq 9)
2026-09-28T03:51:05.992495144Z     ·     apply  31        69.2 ms HE    1 dec  from node 1  (seq 9)
2026-09-28T03:51:06.066550344Z     ·     apply  32        69.3 ms HE    1 dec  from node 1  (seq 10)
2026-09-28T03:51:06.209865741Z     ·     vote   35    YES to node 1          (seq 11)
2026-09-28T03:51:06.281761070Z     ·     apply  35        69.4 ms HE    1 dec  from node 1  (seq 11)
2026-09-28T03:51:06.357674803Z     ·     apply  36        69.3 ms HE    1 dec  from node 1  (seq 12)
2026-09-28T03:51:06.429828364Z c1  s34  local  22        69.6 ms HE    1 dec  0 frames
2026-09-28T03:51:06.654080626Z     ·     vote   33    YES to node 1          (seq 13)
2026-09-28T03:51:06.726412709Z     ·     apply  33        69.7 ms HE    1 dec  from node 1  (seq 13)
2026-09-28T03:51:06.804144871Z     ·     apply  34        69.9 ms HE    1 dec  from node 1  (seq 14)
2026-09-28T03:51:06.951547082Z     ·     vote   37    YES to node 1          (seq 15)
2026-09-28T03:51:07.023830259Z     ·     apply  37        69.8 ms HE    1 dec  from node 1  (seq 15)
2026-09-28T03:51:07.099738691Z     ·     apply  38        69.8 ms HE    1 dec  from node 1  (seq 16)
2026-09-28T03:51:07.102089387Z -- cycle 1/5 done at 3722.8 ms --
2026-09-28T03:51:07.102136993Z 
2026-09-28T03:51:07.102150794Z -- cycle 2/5 --
2026-09-28T03:51:07.170866424Z c2  s0   local  21        69.3 ms HE    1 dec  0 frames
2026-09-28T03:51:07.259401342Z     ·     vote   31    YES to node 1          (seq 17)
2026-09-28T03:51:07.333168105Z     ·     apply  31        69.4 ms HE    1 dec  from node 1  (seq 17)
2026-09-28T03:51:07.407303315Z     ·     apply  32        69.3 ms HE    1 dec  from node 1  (seq 18)
2026-09-28T03:51:07.478748387Z c2  s6   local  22        69.2 ms HE    1 dec  0 frames
2026-09-28T03:51:07.548970606Z     ·     vote   33    YES to node 1          (seq 19)
2026-09-28T03:51:07.622873187Z     ·     apply  33        69.3 ms HE    1 dec  from node 1  (seq 19)
2026-09-28T03:51:07.698800822Z     ·     apply  34        69.2 ms HE    1 dec  from node 1  (seq 20)
2026-09-28T03:51:07.703729240Z     ·     vote   35    YES to node 1          (seq 21)
2026-09-28T03:51:07.777264175Z     ·     apply  35        69.3 ms HE    1 dec  from node 1  (seq 21)
2026-09-28T03:51:07.989708054Z     ·     apply  36        69.2 ms HE    1 dec  from node 1  (seq 22)
2026-09-28T03:51:07.994211619Z     ·     vote   39    YES to node 1          (seq 23)
2026-09-28T03:51:08.068041291Z     ·     apply  39        69.3 ms HE    1 dec  from node 1  (seq 23)
2026-09-28T03:51:08.219187272Z     ·     apply  30        69.2 ms HE    1 dec  from node 1  (seq 24)
2026-09-28T03:51:08.290502127Z c2  s26  local  21        69.2 ms HE    1 dec  0 frames
2026-09-28T03:51:08.792646987Z     ·     vote   31    YES to node 1          (seq 25)
2026-09-28T03:51:08.864073356Z     ·     apply  31        69.2 ms HE    1 dec  from node 1  (seq 25)
2026-09-28T03:51:08.940178714Z     ·     apply  32        69.5 ms HE    1 dec  from node 1  (seq 26)
2026-09-28T03:51:09.087371698Z     ·     vote   35    YES to node 1          (seq 27)
2026-09-28T03:51:09.158624446Z     ·     apply  35        69.5 ms HE    1 dec  from node 1  (seq 27)
2026-09-28T03:51:09.235929754Z     ·     apply  36        69.9 ms HE    1 dec  from node 1  (seq 28)
2026-09-28T03:51:09.307706468Z c2  s34  local  22        69.6 ms HE    1 dec  0 frames
2026-09-28T03:51:09.319266219Z     ·     vote   33    YES to node 1          (seq 29)
2026-09-28T03:51:09.392025956Z     ·     apply  33        69.6 ms HE    1 dec  from node 1  (seq 29)
2026-09-28T03:51:09.469269957Z     ·     apply  34        69.6 ms HE    1 dec  from node 1  (seq 30)
2026-09-28T03:51:09.615415910Z     ·     vote   37    YES to node 1          (seq 31)
2026-09-28T03:51:09.688753619Z     ·     apply  37        69.7 ms HE    1 dec  from node 1  (seq 31)
2026-09-28T03:51:09.763842449Z     ·     apply  38        69.4 ms HE    1 dec  from node 1  (seq 32)
2026-09-28T03:51:09.766262953Z -- cycle 2/5 done at 6387.5 ms --
2026-09-28T03:51:09.766285156Z 
2026-09-28T03:51:09.766290256Z -- cycle 3/5 --
2026-09-28T03:51:21.334216724Z c3  s0   local  21        69.2 ms HE    1 dec  0 frames
2026-09-28T03:51:21.420532864Z     ·     vote   31    YES to node 1          (seq 33)
2026-09-28T03:51:10.003991850Z     ·     apply  31        69.8 ms HE    1 dec  from node 1  (seq 33)
2026-09-28T03:51:10.080007096Z     ·     apply  32        69.2 ms HE    1 dec  from node 1  (seq 34)
2026-09-28T03:51:10.151452168Z c3  s6   local  22        69.2 ms HE    1 dec  0 frames
2026-09-28T03:51:10.224511143Z     ·     vote   33    YES to node 1          (seq 35)
2026-09-28T03:51:10.297866155Z     ·     apply  33        69.7 ms HE    1 dec  from node 1  (seq 35)
2026-09-28T03:51:10.373575663Z     ·     apply  34        69.4 ms HE    1 dec  from node 1  (seq 36)
2026-09-28T03:51:10.380551639Z     ·     vote   35    YES to node 1          (seq 37)
2026-09-28T03:51:10.453461695Z     ·     apply  35        69.6 ms HE    1 dec  from node 1  (seq 37)
2026-09-28T03:51:10.668929453Z     ·     apply  36        69.7 ms HE    1 dec  from node 1  (seq 38)
2026-09-28T03:51:10.674025893Z     ·     vote   39    YES to node 1          (seq 39)
2026-09-28T03:51:10.748720073Z     ·     apply  39        69.6 ms HE    1 dec  from node 1  (seq 39)
2026-09-28T03:51:10.905542567Z     ·     apply  30        69.8 ms HE    1 dec  from node 1  (seq 40)
2026-09-28T03:51:10.977958661Z c3  s26  local  21        69.7 ms HE    1 dec  0 frames
2026-09-28T03:51:11.488770909Z     ·     vote   31    YES to node 1          (seq 41)
2026-09-28T03:51:11.561384728Z     ·     apply  31        69.9 ms HE    1 dec  from node 1  (seq 41)
2026-09-28T03:51:11.639399325Z     ·     apply  32        70.0 ms HE    1 dec  from node 1  (seq 42)
2026-09-28T03:51:11.785874119Z     ·     vote   35    YES to node 1          (seq 43)
2026-09-28T03:51:11.858481337Z     ·     apply  35        70.0 ms HE    1 dec  from node 1  (seq 43)
2026-09-28T03:51:11.933651777Z     ·     apply  36        69.7 ms HE    1 dec  from node 1  (seq 44)
2026-09-28T03:51:12.006585136Z c3  s34  local  22        69.8 ms HE    1 dec  0 frames
2026-09-28T03:51:12.019153614Z     ·     vote   33    YES to node 1          (seq 45)
2026-09-28T03:51:12.093280823Z     ·     apply  33        69.6 ms HE    1 dec  from node 1  (seq 45)
2026-09-28T03:51:12.169370178Z     ·     apply  34        69.8 ms HE    1 dec  from node 1  (seq 46)
2026-09-28T03:51:12.317160638Z     ·     vote   37    YES to node 1          (seq 47)
2026-09-28T03:51:12.389062867Z     ·     apply  37        69.8 ms HE    1 dec  from node 1  (seq 47)
2026-09-28T03:51:12.467091666Z     ·     apply  38        69.9 ms HE    1 dec  from node 1  (seq 48)
2026-09-28T03:51:12.469749700Z -- cycle 3/5 done at 9081.6 ms --
2026-09-28T03:51:12.469892518Z 
2026-09-28T03:51:12.469917821Z -- cycle 4/5 --
2026-09-28T03:51:12.539921412Z c4  s0   local  21        69.6 ms HE    1 dec  0 frames
2026-09-28T03:51:12.629687385Z     ·     vote   31    YES to node 1          (seq 49)
2026-09-28T03:51:12.702405517Z     ·     apply  31        69.6 ms HE    1 dec  from node 1  (seq 49)
2026-09-28T03:51:12.781524652Z     ·     apply  32        69.8 ms HE    1 dec  from node 1  (seq 50)
2026-09-28T03:51:12.853117943Z c4  s6   local  22        70.1 ms HE    1 dec  0 frames
2026-09-28T03:51:12.926845202Z     ·     vote   33    YES to node 1          (seq 51)
2026-09-28T03:51:13.002845546Z     ·     apply  33        70.1 ms HE    1 dec  from node 1  (seq 51)
2026-09-28T03:51:13.078406635Z     ·     apply  34        69.6 ms HE    1 dec  from node 1  (seq 52)
2026-09-28T03:51:13.086305827Z     ·     vote   35    YES to node 1          (seq 53)
2026-09-28T03:51:13.158992355Z     ·     apply  35        69.8 ms HE    1 dec  from node 1  (seq 53)
2026-09-28T03:51:13.375040986Z     ·     apply  36        69.7 ms HE    1 dec  from node 1  (seq 54)
2026-09-28T03:51:13.381805836Z     ·     vote   39    YES to node 1          (seq 55)
2026-09-28T03:51:13.454189826Z     ·     apply  39        70.1 ms HE    1 dec  from node 1  (seq 55)
2026-09-28T03:51:13.610185016Z     ·     apply  30        69.7 ms HE    1 dec  from node 1  (seq 56)
2026-09-28T03:51:13.681282444Z c4  s26  local  21        69.3 ms HE    1 dec  0 frames
2026-09-28T03:51:14.194981254Z     ·     vote   31    YES to node 1          (seq 57)
2026-09-28T03:51:14.269924365Z     ·     apply  31        69.8 ms HE    1 dec  from node 1  (seq 57)
2026-09-28T03:51:14.346149138Z     ·     apply  32        70.2 ms HE    1 dec  from node 1  (seq 58)
2026-09-28T03:51:14.495358575Z     ·     vote   35    YES to node 1          (seq 59)
2026-09-28T03:51:14.570563820Z     ·     apply  35        70.0 ms HE    1 dec  from node 1  (seq 59)
2026-09-28T03:51:14.645453824Z     ·     apply  36        69.8 ms HE    1 dec  from node 1  (seq 60)
2026-09-28T03:51:14.718213362Z c4  s34  local  22        69.8 ms HE    1 dec  0 frames
2026-09-28T03:51:14.732924909Z     ·     vote   33    YES to node 1          (seq 61)
2026-09-28T03:51:26.296321217Z     ·     apply  33        69.7 ms HE    1 dec  from node 1  (seq 61)
2026-09-28T03:51:26.371585769Z     ·     apply  34        69.8 ms HE    1 dec  from node 1  (seq 62)
2026-09-28T03:51:15.018300593Z     ·     vote   37    YES to node 1          (seq 63)
2026-09-28T03:51:15.099105840Z     ·     apply  37        69.5 ms HE    1 dec  from node 1  (seq 63)
2026-09-28T03:51:15.173290256Z     ·     apply  38        69.5 ms HE    1 dec  from node 1  (seq 64)
2026-09-28T03:51:15.175666855Z -- cycle 4/5 done at 11798.7 ms --
2026-09-28T03:51:15.175700359Z 
2026-09-28T03:51:15.175707060Z -- cycle 5/5 --
2026-09-28T03:51:15.245210288Z c5  s0   local  21        69.5 ms HE    1 dec  0 frames
2026-09-28T03:51:15.331745155Z     ·     vote   31    YES to node 1          (seq 65)
2026-09-28T03:51:15.406347924Z     ·     apply  31        69.7 ms HE    1 dec  from node 1  (seq 65)
2026-09-28T03:51:15.483872459Z     ·     apply  32        69.8 ms HE    1 dec  from node 1  (seq 66)
2026-09-28T03:51:15.556786216Z c5  s6   local  22        69.5 ms HE    1 dec  0 frames
2026-09-28T03:51:15.630529977Z     ·     vote   33    YES to node 1          (seq 67)
2026-09-28T03:51:15.704048709Z     ·     apply  33        69.8 ms HE    1 dec  from node 1  (seq 67)
2026-09-28T03:51:15.784729641Z     ·     apply  34        69.8 ms HE    1 dec  from node 1  (seq 68)
2026-09-28T03:51:15.790214530Z     ·     vote   35    YES to node 1          (seq 69)
2026-09-28T03:51:15.865203147Z     ·     apply  35        70.1 ms HE    1 dec  from node 1  (seq 69)
2026-09-28T03:51:16.082774569Z     ·     apply  36        69.8 ms HE    1 dec  from node 1  (seq 70)
2026-09-28T03:51:16.089434006Z     ·     vote   39    YES to node 1          (seq 71)
2026-09-28T03:51:16.161989717Z     ·     apply  39        70.1 ms HE    1 dec  from node 1  (seq 71)
2026-09-28T03:51:16.316784056Z     ·     apply  30        69.8 ms HE    1 dec  from node 1  (seq 72)
2026-09-28T03:51:16.388710089Z c5  s26  local  21        69.8 ms HE    1 dec  0 frames
2026-09-28T03:51:16.900274731Z     ·     vote   31    YES to node 1          (seq 73)
2026-09-28T03:51:16.972666022Z     ·     apply  31        69.8 ms HE    1 dec  from node 1  (seq 73)
2026-09-28T03:51:17.049627387Z     ·     apply  32        69.9 ms HE    1 dec  from node 1  (seq 74)
2026-09-28T03:51:17.197694081Z     ·     vote   35    YES to node 1          (seq 75)
2026-09-28T03:51:17.273712627Z     ·     apply  35        69.8 ms HE    1 dec  from node 1  (seq 75)
2026-09-28T03:51:17.350620185Z     ·     apply  36        69.8 ms HE    1 dec  from node 1  (seq 76)
2026-09-28T03:51:17.422679734Z c5  s34  local  22        69.6 ms HE    1 dec  0 frames
2026-09-28T03:51:17.434012558Z     ·     vote   33    YES to node 1          (seq 77)
2026-09-28T03:51:17.507768220Z     ·     apply  33        69.5 ms HE    1 dec  from node 1  (seq 77)
2026-09-28T03:51:17.586252976Z     ·     apply  34        70.1 ms HE    1 dec  from node 1  (seq 78)
2026-09-28T03:51:17.732198804Z     ·     vote   37    YES to node 1          (seq 79)
2026-09-28T03:51:17.804684106Z     ·     apply  37        69.8 ms HE    1 dec  from node 1  (seq 79)
2026-09-28T03:51:17.882621594Z     ·     apply  38        70.0 ms HE    1 dec  from node 1  (seq 80)
2026-09-28T03:51:17.885729384Z -- cycle 5/5 done at 14508.2 ms --
2026-09-28T03:51:17.885856700Z 
2026-09-28T03:51:17.885880603Z ============================================================
2026-09-28T03:51:17.885894405Z   SUMMARY — node 2/7 — LOCAL MODULAR — UDP/IP multicast (RFC 1112)
2026-09-28T03:51:17.885908607Z ============================================================
2026-09-28T03:51:17.885919808Z   events this node FIRED:
2026-09-28T03:51:17.885929809Z   local (no network)     n=20   avg    73.23 ms  (HE   73.10 + net    0.00)  min   69.24  max   141.63  100.0%
2026-09-28T03:51:17.885941411Z   shared controllable          (none on this node)
2026-09-28T03:51:17.885951112Z   shared uncontroll.           (none on this node)
2026-09-28T03:51:17.885961213Z   events this node APPLIED for a peer (participant side):
2026-09-28T03:51:17.885971614Z   shared, applied        n=80   avg    69.64 ms  (HE   69.64 + net    0.00)  min   69.19  max    70.16
2026-09-28T03:51:17.885983316Z   run clock, end of cycles 1..5 (ms): 3722.8 6387.5 9081.6 11798.7 14508.2
2026-09-28T03:51:17.885993817Z      a cycle is over at the LATEST node's value; DES_WORK_MS 0 included
2026-09-28T03:51:17.886003719Z   ----------------------------------------------------------
2026-09-28T03:51:17.886013520Z   all events            n=20   avg    73.23 ms  (HE   73.10 + net    0.00)
2026-09-28T03:51:17.886025021Z   PEER-WAIT + WIRE      0.0 % of total step time
2026-09-28T03:51:17.886035723Z      (compare against the round-trip probe above: the excess is
2026-09-28T03:51:17.886046524Z       the peer's own HE work, not the link.)
2026-09-28T03:51:17.886057825Z   frames: tx=250 rx=1592 retransmits=0
2026-09-28T03:51:17.886068527Z   authentication: HMAC-SHA256/128, 1.6 us per frame; 0 rejected (bad tag), 0 stale/replayed dropped, 6 epoch challenges
2026-09-28T03:51:17.886080028Z   rx queue: peak 10/64 frames
2026-09-28T03:51:17.886090629Z   plant check: 0 event reports rejected as physically impossible
2026-09-28T03:51:17.886103131Z      (these supervisors carry the plant: an impossible uncontrollable event is caught)
2026-09-28T03:51:17.886114532Z   ----------------------------------------------------------
2026-09-28T03:51:17.886126034Z   homomorphic vs cleartext oracle : PASS — every encrypted bit matched
2026-09-28T03:51:17.886138035Z      (PASS certifies the cryptography: each node's encrypted bits
2026-09-28T03:51:17.886149337Z       match its own clear model for the events it applied. It does
2026-09-28T03:51:17.886160538Z       not certify the distributed run — read the skips for that.)
2026-09-28T03:51:17.886172840Z   distributed vs MONOLITHIC sup.  : off — this header has no monolithic supervisor
2026-09-28T03:51:17.886185641Z   safe halt                       : no — ran to completion
2026-09-28T03:51:17.886304656Z ============================================================
2026-09-28T03:51:27.902903831Z @@RESULT {"node":2,"nodes":7,"family":"LOCAL MODULAR","data":"supervisor_data_fms.h","transport":"UDP/IP multicast (RFC 1112)","fingerprint":"04511541","supervisors":["S1"],"fired":{"local":20,"ctrl":0,"unctrl":0},"applied_for_peers":80,"skips":0,"impossible":0,"tx":250,"rx":1605,"retx":0,"auth_bad":0,"replays":0,"challenges":6,"mac_us":1.64,"rxq_peak":10,"rxq_drops":0,"sync_wait_ms":0.0,"oracle":"PASS","safe_halt":false,"halt_reason":"","cycle_end_ms":[3722.8,6387.5,9081.6,11798.7,14508.2],"rounds":5,"work_ms":0,"emu_scalarmul_ms":69.0,"exit":0}
