2026-09-28T12:30:24.244925459Z des_container: node 1 of 2, LOCAL MODULAR, data supervisor_data_fms.h, transport UDP/IP multicast (RFC 1112)
2026-09-28T12:30:24.245064325Z des_container: EMULATING the ESP32 — every decryption takes at least 69.0 ms (DES_EMU_SCALARMUL_MS)
2026-09-28T12:30:24.245076331Z des_container: dropping 20 % of received frames, seed 1319608028 (DES_LOSS_SEED to replay)
2026-09-28T12:30:24.245081233Z 
2026-09-28T12:30:24.245085035Z ============================================================
2026-09-28T12:30:24.245088536Z   Distributed Homomorphic DES — generic engine
2026-09-28T12:30:24.245092138Z   node 1/2   family LOCAL MODULAR   7 supervisors   31 events
2026-09-28T12:30:24.245095440Z   data: supervisor_data_fms.h
2026-09-28T12:30:24.245098541Z ============================================================
2026-09-28T12:30:24.262089758Z --- event routing (DERIVED from the header, not hardcoded) ---
2026-09-28T12:30:24.262152588Z   event  ctrl  nodes      owner  class
2026-09-28T12:30:24.262157890Z   11     yes   1          1      local — no network
2026-09-28T12:30:24.262161792Z   12     no    1          1      local — no network
2026-09-28T12:30:24.262164093Z   21     yes   1          1      local — no network
2026-09-28T12:30:24.262166194Z   22     no    1          1      local — no network
2026-09-28T12:30:24.262169696Z   30     no    1 2        1      SHARED — needs network
2026-09-28T12:30:24.262173598Z   31     yes   1 2        1      SHARED — needs network
2026-09-28T12:30:24.262177199Z   32     no    1 2        1      SHARED — needs network
2026-09-28T12:30:24.262180801Z   33     yes   1 2        1      SHARED — needs network
2026-09-28T12:30:24.262184403Z   34     no    1 2        1      SHARED — needs network
2026-09-28T12:30:24.262188005Z   35     yes   1 2        1      SHARED — needs network
2026-09-28T12:30:24.262191706Z   36     no    1 2        1      SHARED — needs network
2026-09-28T12:30:24.262195508Z   37     yes   1 2        1      SHARED — needs network
2026-09-28T12:30:24.262199210Z   38     no    1 2        1      SHARED — needs network
2026-09-28T12:30:24.262203012Z   39     yes   1 2        1      SHARED — needs network
2026-09-28T12:30:24.262206914Z   41     yes   1          1      local — no network
2026-09-28T12:30:24.262210315Z   42     no    1          1      local — no network
2026-09-28T12:30:24.262214217Z   51     yes   1          1      local — no network
2026-09-28T12:30:24.262217819Z   52     no    1          1      local — no network
2026-09-28T12:30:24.262221221Z   53     yes   1          1      local — no network
2026-09-28T12:30:24.262224422Z   54     no    1          1      local — no network
2026-09-28T12:30:24.262228124Z   61     yes   2          2      local — no network
2026-09-28T12:30:24.262231726Z   63     yes   2          2      local — no network
2026-09-28T12:30:24.262259339Z   64     no    2          2      local — no network
2026-09-28T12:30:24.262264341Z   65     yes   2          2      local — no network
2026-09-28T12:30:24.262269444Z   66     no    2          2      local — no network
2026-09-28T12:30:24.262272945Z   71     yes   2          2      local — no network
2026-09-28T12:30:24.262276447Z   72     no    2          2      local — no network
2026-09-28T12:30:24.262280049Z   73     yes   2          2      local — no network
2026-09-28T12:30:24.262283750Z   74     no    2          2      local — no network
2026-09-28T12:30:24.262286752Z   81     yes   2          2      local — no network
2026-09-28T12:30:24.262289953Z   82     no    2          2      local — no network
2026-09-28T12:30:24.262293455Z   => 10/31 events shared; 21/31 need ZERO network traffic; 20 concern this node
2026-09-28T12:30:24.262298157Z   NOTE controllability was INFERRED from event labels (the header
2026-09-28T12:30:24.262301859Z        does not carry it). Check the 'ctrl' column above; if it is
2026-09-28T12:30:24.262310563Z        wrong, set DES_CONTROLLABLE_MASK explicitly.
2026-09-28T12:30:24.262314765Z 
2026-09-28T12:30:24.262318667Z [init] config fingerprint edbd7971 — every node must print the same
2026-09-28T12:30:24.262322569Z 
2026-09-28T12:30:24.262695647Z [net] UDP multicast 239.192.7.1:5077  ttl=1  frame=44 B
2026-09-28T12:30:24.262721760Z --- crypto self-test ---
2026-09-28T12:30:24.269067091Z   Enc(0)->0 Enc(1)->1                PASS
2026-09-28T12:30:24.271008118Z   Enc(1)+Enc(1)->1 homomorphic OR   PASS
2026-09-28T12:30:24.273340132Z   Enc(0)+Enc(0)->0                  PASS
2026-09-28T12:30:24.273371447Z   curve secp192r1, ciphertext 50 B    PASS
2026-09-28T12:30:24.273763334Z   frame tag HMAC-SHA256/128: 4.7 us, 1-bit tamper caught  PASS
2026-09-28T12:30:24.273783844Z 
2026-09-28T12:30:24.274240162Z --- encrypting my supervisors' initial states ---
2026-09-28T12:30:24.274920287Z [load] S0         idx 0   18 states  12 constraining ev     900 B ciphertext
2026-09-28T12:30:24.274981516Z [load] S1         idx 1   18 states  12 constraining ev     900 B ciphertext
2026-09-28T12:30:24.274987119Z [load] S2         idx 2   18 states  12 constraining ev     900 B ciphertext
2026-09-28T12:30:24.274990920Z [load] S3         idx 3   21 states  14 constraining ev    1050 B ciphertext
2026-09-28T12:30:27.914474053Z [init] my keypair is mine alone; no ciphertext ever leaves this node
2026-09-28T12:30:27.914556893Z [init] my enablement: 11=1 12=0 21=1 22=0 30=0 31=0 32=0 33=0 34=0 35=0 36=0 37=0 38=0 39=0 41=0 42=0 51=0 52=0 53=0 54=0 61=1 63=1 64=1 65=1 66=1 71=1 72=1 73=1 74=1 81=1 82=1
2026-09-28T12:30:27.914562895Z 
2026-09-28T12:30:29.329407490Z [net] waiting for 1 peer(s)....... all present.
2026-09-28T12:30:30.833468360Z 
2026-09-28T12:30:30.833543596Z --- transport round-trip probe (UDP/IP multicast (RFC 1112)) ---
2026-09-28T12:30:33.392746693Z   13 probes: avg 3.77 ms  min 2.50 ms  max 5.82 ms
2026-09-28T12:30:33.393016122Z 
2026-09-28T12:30:33.393027627Z ============================================================
2026-09-28T12:30:33.393031629Z   RUN — SIM_SEQ driver — 5 cycles x 44 steps — LOCAL MODULAR
2026-09-28T12:30:33.393038833Z   columns: cN sNN = cycle/step of MY walk; · = a peer caused this
2026-09-28T12:30:33.393042634Z   'done at': run clock, common to all nodes; a cycle is over at the
2026-09-28T12:30:33.393047637Z   LATEST node's print, machine time (DES_WORK_MS 0) included
2026-09-28T12:30:33.393050538Z ============================================================
2026-09-28T12:30:33.393054140Z 
2026-09-28T12:30:33.393057642Z -- cycle 1/5 --
2026-09-28T12:30:33.532642519Z c1  s0   local  21       139.7 ms HE    2 dec  0 frames
2026-09-28T12:30:33.672804173Z c1  s1   local  11       139.6 ms HE    2 dec  0 frames
2026-09-28T12:30:33.742177011Z c1  s2   local  12        69.5 ms HE    1 dec  0 frames
2026-09-28T12:30:38.522220517Z c1  s3   2pc    31       278.4 ms HE    4 dec  4 frames  + 4508.9 ms peer-wait  (seq 1)
2026-09-28T12:30:50.057362435Z c1  s4   notify 32       488.0 ms HE    7 dec  2 frames  + 1.3 ms peer-wait  (seq 2)
2026-09-28T12:30:39.068880089Z c1  s5   local  41        69.4 ms HE    1 dec  0 frames
2026-09-28T12:30:39.138366982Z c1  s6   local  22        69.7 ms HE    1 dec  0 frames
2026-09-28T12:30:39.207693598Z c1  s7   local  42        69.4 ms HE    1 dec  0 frames
2026-09-28T12:30:45.390543844Z c1  s8   retry  33    no quorum after 4 tries — nothing applied anywhere
2026-09-28T12:30:45.724335392Z c1  s8   2pc    33       277.8 ms HE    4 dec  4 frames  + 5.4 ms peer-wait  (seq 3)
2026-09-28T12:30:46.088006012Z c1  s9   notify 34       278.4 ms HE    4 dec  2 frames  + 2.2 ms peer-wait  (seq 4)
2026-09-28T12:30:49.655702077Z c1  s10  2pc    35       278.0 ms HE    4 dec  4 frames  + 3007.1 ms peer-wait  (seq 5)
2026-09-28T12:30:49.725720023Z c1  s11  local  53        69.8 ms HE    1 dec  0 frames
2026-09-28T12:30:49.795370695Z c1  s12  local  54        69.4 ms HE    1 dec  0 frames
2026-09-28T12:30:50.290873090Z c1  s13  notify 36       277.9 ms HE    4 dec  2 frames  + 1.3 ms peer-wait  (seq 6)
2026-09-28T12:31:04.915809043Z c1  s14  2pc    39       278.1 ms HE    4 dec  4 frames  + 3007.1 ms peer-wait  (seq 7)
2026-09-28T12:30:54.586175711Z c1  s16  notify 30       277.9 ms HE    4 dec  2 frames  + 1.6 ms peer-wait  (seq 8)
2026-09-28T12:30:54.656361638Z c1  s25  local  11        69.8 ms HE    1 dec  0 frames
2026-09-28T12:30:54.725532180Z c1  s26  local  21        69.3 ms HE    1 dec  0 frames
2026-09-28T12:30:54.795498302Z c1  s27  local  12        69.4 ms HE    1 dec  0 frames
2026-09-28T12:30:59.131854047Z c1  s28  2pc    31       278.5 ms HE    4 dec  4 frames  + 3007.2 ms peer-wait  (seq 9)
2026-09-28T12:31:02.413026719Z c1  s29  notify 32       277.7 ms HE    4 dec  2 frames  + 3003.5 ms peer-wait  (seq 10)
2026-09-28T12:31:02.482560235Z c1  s30  local  41        69.4 ms HE    1 dec  0 frames
2026-09-28T12:31:02.552047128Z c1  s31  local  42        69.4 ms HE    1 dec  0 frames
2026-09-28T12:31:02.836464090Z c1  s32  2pc    35       278.4 ms HE    4 dec  4 frames  + 5.7 ms peer-wait  (seq 11)
2026-09-28T12:31:03.115820134Z c1  s33  notify 36       277.8 ms HE    4 dec  2 frames  + 1.5 ms peer-wait  (seq 12)
2026-09-28T12:31:03.185633683Z c1  s34  local  22        69.5 ms HE    1 dec  0 frames
2026-09-28T12:31:03.751959710Z c1  s36  2pc    33       278.0 ms HE    4 dec  4 frames  + 4.1 ms peer-wait  (seq 13)
2026-09-28T12:31:04.572954278Z c1  s37  notify 34       277.9 ms HE    4 dec  2 frames  + 1.4 ms peer-wait  (seq 14)
2026-09-28T12:31:04.644016323Z c1  s38  local  51        70.5 ms HE    1 dec  0 frames
2026-09-28T12:31:04.713813765Z c1  s39  local  52        69.4 ms HE    1 dec  0 frames
2026-09-28T12:31:06.961717258Z c1  s40  2pc    37       277.9 ms HE    4 dec  4 frames  + 1505.7 ms peer-wait  (seq 15)
2026-09-28T12:31:07.451292622Z c1  s41  notify 38       277.8 ms HE    4 dec  2 frames  + 1.4 ms peer-wait  (seq 16)
2026-09-28T12:31:07.451324337Z -- cycle 1/5 done at 34077.2 ms --
2026-09-28T12:31:07.451327939Z 
2026-09-28T12:31:07.451329940Z -- cycle 2/5 --
2026-09-28T12:31:07.521719964Z c2  s0   local  21        69.6 ms HE    1 dec  0 frames
2026-09-28T12:31:07.590494817Z c2  s1   local  11        69.3 ms HE    1 dec  0 frames
2026-09-28T12:31:07.660866432Z c2  s2   local  12        70.0 ms HE    1 dec  0 frames
2026-09-28T12:31:09.571288325Z c2  s3   2pc    31       277.7 ms HE    4 dec  4 frames  + 1506.0 ms peer-wait  (seq 17)
2026-09-28T12:31:11.565276226Z c2  s4   notify 32       278.6 ms HE    4 dec  2 frames  + 1503.4 ms peer-wait  (seq 18)
2026-09-28T12:31:11.634886979Z c2  s5   local  41        69.4 ms HE    1 dec  0 frames
2026-09-28T12:31:11.704479522Z c2  s6   local  22        69.6 ms HE    1 dec  0 frames
2026-09-28T12:31:11.774709270Z c2  s7   local  42        69.9 ms HE    1 dec  0 frames
2026-09-28T12:31:12.057147287Z c2  s8   2pc    33       278.4 ms HE    4 dec  4 frames  + 4.0 ms peer-wait  (seq 19)
2026-09-28T12:31:12.336781064Z c2  s9   notify 34       277.6 ms HE    4 dec  2 frames  + 1.7 ms peer-wait  (seq 20)
2026-09-28T12:31:12.621082771Z c2  s10  2pc    35       278.2 ms HE    4 dec  4 frames  + 5.4 ms peer-wait  (seq 21)
2026-09-28T12:31:12.689847419Z c2  s11  local  53        69.3 ms HE    1 dec  0 frames
2026-09-28T12:31:12.759431959Z c2  s12  local  54        69.6 ms HE    1 dec  0 frames
2026-09-28T12:31:16.055531074Z c2  s13  notify 36       278.3 ms HE    4 dec  2 frames  + 3004.4 ms peer-wait  (seq 22)
2026-09-28T12:31:16.339199979Z c2  s14  2pc    39       277.6 ms HE    4 dec  4 frames  + 5.1 ms peer-wait  (seq 23)
2026-09-28T12:31:21.265556144Z c2  s16  notify 30       277.9 ms HE    4 dec  2 frames  + 4503.2 ms peer-wait  (seq 24)
2026-09-28T12:31:21.335045438Z c2  s25  local  11        69.2 ms HE    1 dec  0 frames
2026-09-28T12:31:21.404511221Z c2  s26  local  21        69.3 ms HE    1 dec  0 frames
2026-09-28T12:31:21.475299835Z c2  s27  local  12        70.0 ms HE    1 dec  0 frames
2026-09-28T12:31:24.863587455Z c2  s28  2pc    31       277.7 ms HE    4 dec  4 frames  + 3006.4 ms peer-wait  (seq 25)
2026-09-28T12:31:25.350990481Z c2  s29  notify 32       277.8 ms HE    4 dec  2 frames  + 1.2 ms peer-wait  (seq 26)
2026-09-28T12:31:25.421744079Z c2  s30  local  41        69.8 ms HE    1 dec  0 frames
2026-09-28T12:31:25.490730233Z c2  s31  local  42        69.5 ms HE    1 dec  0 frames
2026-09-28T12:31:25.774092992Z c2  s32  2pc    35       278.1 ms HE    4 dec  4 frames  + 5.1 ms peer-wait  (seq 27)
2026-09-28T12:31:26.053878942Z c2  s33  notify 36       277.9 ms HE    4 dec  2 frames  + 1.5 ms peer-wait  (seq 28)
2026-09-28T12:31:26.123196654Z c2  s34  local  22        69.3 ms HE    1 dec  0 frames
2026-09-28T12:31:27.983997233Z c2  s36  2pc    33       278.2 ms HE    4 dec  4 frames  + 1508.2 ms peer-wait  (seq 29)
2026-09-28T12:31:28.263222516Z c2  s37  notify 34       277.8 ms HE    4 dec  2 frames  + 1.3 ms peer-wait  (seq 30)
2026-09-28T12:31:28.333102296Z c2  s38  local  51        69.4 ms HE    1 dec  0 frames
2026-09-28T12:31:28.402438517Z c2  s39  local  52        69.4 ms HE    1 dec  0 frames
2026-09-28T12:31:30.079178876Z c2  s40  2pc    37       277.9 ms HE    4 dec  4 frames  + 1507.5 ms peer-wait  (seq 31)
2026-09-28T12:31:30.360594505Z c2  s41  notify 38       278.3 ms HE    4 dec  2 frames  + 1.8 ms peer-wait  (seq 32)
2026-09-28T12:31:30.360674443Z -- cycle 2/5 done at 56992.4 ms --
2026-09-28T12:31:30.360681647Z 
2026-09-28T12:31:30.360687449Z -- cycle 3/5 --
2026-09-28T12:31:30.429391768Z c3  s0   local  21        69.5 ms HE    1 dec  0 frames
2026-09-28T12:31:30.498790019Z c3  s1   local  11        69.3 ms HE    1 dec  0 frames
2026-09-28T12:31:30.569200153Z c3  s2   local  12        69.7 ms HE    1 dec  0 frames
2026-09-28T12:31:30.993247615Z c3  s3   2pc    31       278.4 ms HE    4 dec  4 frames  + 3.9 ms peer-wait  (seq 33)
2026-09-28T12:31:31.508907339Z c3  s4   notify 32       277.3 ms HE    4 dec  2 frames  + 1.5 ms peer-wait  (seq 34)
2026-09-28T12:31:31.578213045Z c3  s5   local  41        69.3 ms HE    1 dec  0 frames
2026-09-28T12:31:31.648121339Z c3  s6   local  22        69.5 ms HE    1 dec  0 frames
2026-09-28T12:31:31.717797022Z c3  s7   local  42        69.3 ms HE    1 dec  0 frames
2026-09-28T12:31:33.501942485Z c3  s8   2pc    33       277.9 ms HE    4 dec  4 frames  + 1506.3 ms peer-wait  (seq 35)
2026-09-28T12:31:33.781288825Z c3  s9   notify 34       277.8 ms HE    4 dec  2 frames  + 1.4 ms peer-wait  (seq 36)
2026-09-28T12:31:45.102126315Z c3  s10  2pc    35       277.9 ms HE    4 dec  4 frames  + 5.3 ms peer-wait  (seq 37)
2026-09-28T12:31:45.170981306Z c3  s11  local  53        69.2 ms HE    1 dec  0 frames
2026-09-28T12:31:34.191406039Z c3  s12  local  54        69.3 ms HE    1 dec  0 frames
2026-09-28T12:31:34.470446633Z c3  s13  notify 36       278.0 ms HE    4 dec  2 frames  + 1.5 ms peer-wait  (seq 38)
2026-09-28T12:31:34.754218987Z c3  s14  2pc    39       278.2 ms HE    4 dec  4 frames  + 5.1 ms peer-wait  (seq 39)
2026-09-28T12:31:35.173982703Z c3  s16  notify 30       277.8 ms HE    4 dec  2 frames  + 1.7 ms peer-wait  (seq 40)
2026-09-28T12:31:35.243801454Z c3  s25  local  11        69.6 ms HE    1 dec  0 frames
2026-09-28T12:31:35.312815021Z c3  s26  local  21        69.3 ms HE    1 dec  0 frames
2026-09-28T12:31:35.382964331Z c3  s27  local  12        69.5 ms HE    1 dec  0 frames
2026-09-28T12:31:37.726498406Z c3  s28  2pc    31       277.8 ms HE    4 dec  4 frames  + 1507.0 ms peer-wait  (seq 41)
2026-09-28T12:31:38.007032413Z c3  s29  notify 32       278.2 ms HE    4 dec  2 frames  + 1.8 ms peer-wait  (seq 42)
2026-09-28T12:31:38.076094503Z c3  s30  local  41        69.3 ms HE    1 dec  0 frames
2026-09-28T12:31:38.146116652Z c3  s31  local  42        69.4 ms HE    1 dec  0 frames
2026-09-28T12:31:41.430490147Z c3  s32  2pc    35       278.2 ms HE    4 dec  4 frames  + 3010.0 ms peer-wait  (seq 43)
2026-09-28T12:31:41.921643065Z c3  s33  notify 36       279.6 ms HE    4 dec  2 frames  + 1.4 ms peer-wait  (seq 44)
2026-09-28T12:31:41.991204593Z c3  s34  local  22        69.5 ms HE    1 dec  0 frames
2026-09-28T12:31:42.349274639Z c3  s36  2pc    33       278.7 ms HE    4 dec  4 frames  + 7.4 ms peer-wait  (seq 45)
2026-09-28T12:31:42.629397249Z c3  s37  notify 34       277.9 ms HE    4 dec  2 frames  + 1.9 ms peer-wait  (seq 46)
2026-09-28T12:31:42.698546181Z c3  s38  local  51        69.3 ms HE    1 dec  0 frames
2026-09-28T12:31:42.768669678Z c3  s39  local  52        69.5 ms HE    1 dec  0 frames
2026-09-28T12:31:44.553086865Z c3  s40  2pc    37       278.4 ms HE    4 dec  4 frames  + 1506.0 ms peer-wait  (seq 47)
2026-09-28T12:31:44.833455193Z c3  s41  notify 38       278.8 ms HE    4 dec  2 frames  + 1.4 ms peer-wait  (seq 48)
2026-09-28T12:31:44.833564846Z -- cycle 3/5 done at 71481.9 ms --
2026-09-28T12:31:44.833574250Z 
2026-09-28T12:31:44.833577552Z -- cycle 4/5 --
2026-09-28T12:31:44.902465259Z c4  s0   local  21        69.4 ms HE    1 dec  0 frames
2026-09-28T12:31:44.972809661Z c4  s1   local  11        69.6 ms HE    1 dec  0 frames
2026-09-28T12:31:45.042908346Z c4  s2   local  12        69.4 ms HE    1 dec  0 frames
2026-09-28T12:31:45.770566539Z c4  s3   2pc    31       278.3 ms HE    4 dec  4 frames  + 7.3 ms peer-wait  (seq 49)
2026-09-28T12:31:47.553284820Z c4  s4   notify 32       277.9 ms HE    4 dec  2 frames  + 1504.0 ms peer-wait  (seq 50)
2026-09-28T12:31:47.622635548Z c4  s5   local  41        69.4 ms HE    1 dec  0 frames
2026-09-28T12:31:47.692994057Z c4  s6   local  22        70.1 ms HE    1 dec  0 frames
2026-09-28T12:31:47.762124980Z c4  s7   local  42        69.4 ms HE    1 dec  0 frames
2026-09-28T12:31:51.052057687Z c4  s8   2pc    33       278.4 ms HE    4 dec  4 frames  + 3009.3 ms peer-wait  (seq 51)
2026-09-28T12:31:52.836665371Z c4  s9   notify 34       278.4 ms HE    4 dec  2 frames  + 1505.5 ms peer-wait  (seq 52)
2026-09-28T12:31:53.331327664Z c4  s10  2pc    35       279.0 ms HE    4 dec  4 frames  + 5.0 ms peer-wait  (seq 53)
2026-09-28T12:31:53.400566439Z c4  s11  local  53        69.2 ms HE    1 dec  0 frames
2026-09-28T12:31:53.470214609Z c4  s12  local  54        69.3 ms HE    1 dec  0 frames
2026-09-28T12:31:55.243533486Z c4  s13  notify 36       277.3 ms HE    4 dec  2 frames  + 1503.1 ms peer-wait  (seq 54)
2026-09-28T12:32:00.237499969Z c4  s14  2pc    39       278.6 ms HE    4 dec  4 frames  + 4507.9 ms peer-wait  (seq 55)
2026-09-28T12:32:00.519270166Z c4  s16  notify 30       279.2 ms HE    4 dec  2 frames  + 1.8 ms peer-wait  (seq 56)
2026-09-28T12:32:00.588531652Z c4  s25  local  11        69.7 ms HE    1 dec  0 frames
2026-09-28T12:32:00.657655371Z c4  s26  local  21        69.3 ms HE    1 dec  0 frames
2026-09-28T12:32:00.727121754Z c4  s27  local  12        69.4 ms HE    1 dec  0 frames
2026-09-28T12:32:04.575373507Z c4  s28  2pc    31       278.1 ms HE    4 dec  4 frames  + 3008.1 ms peer-wait  (seq 57)
2026-09-28T12:32:06.358820636Z c4  s29  notify 32       278.2 ms HE    4 dec  2 frames  + 1505.0 ms peer-wait  (seq 58)
2026-09-28T12:32:06.427996480Z c4  s30  local  41        69.3 ms HE    1 dec  0 frames
2026-09-28T12:32:06.497446456Z c4  s31  local  42        69.4 ms HE    1 dec  0 frames
2026-09-28T12:32:08.281295977Z c4  s32  2pc    35       278.3 ms HE    4 dec  4 frames  + 1505.2 ms peer-wait  (seq 59)
2026-09-28T12:32:11.568746438Z c4  s33  notify 36       278.8 ms HE    4 dec  2 frames  + 3003.7 ms peer-wait  (seq 60)
2026-09-28T12:32:11.638143288Z c4  s34  local  22        69.3 ms HE    1 dec  0 frames
2026-09-28T12:32:11.921442116Z c4  s36  2pc    33       278.5 ms HE    4 dec  4 frames  + 4.8 ms peer-wait  (seq 61)
2026-09-28T12:32:13.940162131Z c4  s37  notify 34       277.4 ms HE    4 dec  2 frames  + 1503.8 ms peer-wait  (seq 62)
2026-09-28T12:32:25.046478074Z c4  s38  local  51        69.7 ms HE    1 dec  0 frames
2026-09-28T12:32:25.115991779Z c4  s39  local  52        69.6 ms HE    1 dec  0 frames
2026-09-28T12:32:14.417680857Z c4  s40  2pc    37       277.6 ms HE    4 dec  4 frames  + 3.8 ms peer-wait  (seq 63)
2026-09-28T12:32:15.539728144Z c4  s41  notify 38       278.5 ms HE    4 dec  2 frames  + 2.1 ms peer-wait  (seq 64)
2026-09-28T12:32:15.539832894Z -- cycle 4/5 done at 102203.2 ms --
2026-09-28T12:32:15.539852103Z 
2026-09-28T12:32:15.539855805Z -- cycle 5/5 --
2026-09-28T12:32:15.609404027Z c5  s0   local  21        69.5 ms HE    1 dec  0 frames
2026-09-28T12:32:15.678507037Z c5  s1   local  11        69.3 ms HE    1 dec  0 frames
2026-09-28T12:32:15.749190401Z c5  s2   local  12        70.0 ms HE    1 dec  0 frames
2026-09-28T12:32:30.218985647Z c5  s3   2pc    31       278.0 ms HE    4 dec  4 frames  + 3005.2 ms peer-wait  (seq 65)
2026-09-28T12:32:19.449048455Z c5  s4   notify 32       277.9 ms HE    4 dec  2 frames  + 1.6 ms peer-wait  (seq 66)
2026-09-28T12:32:19.519139636Z c5  s5   local  41        69.8 ms HE    1 dec  0 frames
2026-09-28T12:32:19.588336791Z c5  s6   local  22        69.3 ms HE    1 dec  0 frames
2026-09-28T12:32:19.658110521Z c5  s7   local  42        69.4 ms HE    1 dec  0 frames
2026-09-28T12:32:19.941094399Z c5  s8   2pc    33       277.4 ms HE    4 dec  4 frames  + 5.8 ms peer-wait  (seq 67)
2026-09-28T12:32:21.722519161Z c5  s9   notify 34       277.5 ms HE    4 dec  2 frames  + 1503.6 ms peer-wait  (seq 68)
2026-09-28T12:32:23.506839007Z c5  s10  2pc    35       277.6 ms HE    4 dec  4 frames  + 1506.9 ms peer-wait  (seq 69)
2026-09-28T12:32:23.576776916Z c5  s11  local  53        69.6 ms HE    1 dec  0 frames
2026-09-28T12:32:23.646827978Z c5  s12  local  54        69.7 ms HE    1 dec  0 frames
2026-09-28T12:32:25.489040285Z c5  s13  notify 36       278.6 ms HE    4 dec  2 frames  + 1504.5 ms peer-wait  (seq 70)
2026-09-28T12:32:30.475078802Z c5  s14  2pc    39       277.7 ms HE    4 dec  4 frames  + 4504.4 ms peer-wait  (seq 71)
2026-09-28T12:32:31.200610879Z c5  s16  notify 30       277.3 ms HE    4 dec  2 frames  + 2.0 ms peer-wait  (seq 72)
2026-09-28T12:32:31.270160502Z c5  s25  local  11        69.4 ms HE    1 dec  0 frames
2026-09-28T12:32:31.339391172Z c5  s26  local  21        69.3 ms HE    1 dec  0 frames
2026-09-28T12:32:31.409450839Z c5  s27  local  12        69.6 ms HE    1 dec  0 frames
2026-09-28T12:32:37.072449931Z c5  s28  2pc    31       277.4 ms HE    4 dec  4 frames  + 4509.6 ms peer-wait  (seq 73)
2026-09-28T12:32:37.563503501Z c5  s29  notify 32       277.9 ms HE    4 dec  2 frames  + 1.3 ms peer-wait  (seq 74)
2026-09-28T12:32:37.632314471Z c5  s30  local  41        69.3 ms HE    1 dec  0 frames
2026-09-28T12:32:37.702086500Z c5  s31  local  42        69.4 ms HE    1 dec  0 frames
2026-09-28T12:32:37.984149338Z c5  s32  2pc    35       278.1 ms HE    4 dec  4 frames  + 4.0 ms peer-wait  (seq 75)
2026-09-28T12:32:38.264148190Z c5  s33  notify 36       278.8 ms HE    4 dec  2 frames  + 1.3 ms peer-wait  (seq 76)
2026-09-28T12:32:38.334056584Z c5  s34  local  22        69.5 ms HE    1 dec  0 frames
2026-09-28T12:32:39.299596207Z c5  s36  2pc    33       278.1 ms HE    4 dec  4 frames  + 5.0 ms peer-wait  (seq 77)
2026-09-28T12:32:39.578405191Z c5  s37  notify 34       277.5 ms HE    4 dec  2 frames  + 1.7 ms peer-wait  (seq 78)
2026-09-28T12:32:39.647838558Z c5  s38  local  51        69.3 ms HE    1 dec  0 frames
2026-09-28T12:32:39.717250215Z c5  s39  local  52        69.4 ms HE    1 dec  0 frames
2026-09-28T12:32:41.500022822Z c5  s40  2pc    37       278.1 ms HE    4 dec  4 frames  + 1504.3 ms peer-wait  (seq 79)
2026-09-28T12:32:41.779016293Z c5  s41  notify 38       277.7 ms HE    4 dec  2 frames  + 1.4 ms peer-wait  (seq 80)
2026-09-28T12:32:41.779081824Z -- cycle 5/5 done at 128445.0 ms --
2026-09-28T12:32:41.779085726Z 
2026-09-28T12:32:41.779088027Z ============================================================
2026-09-28T12:32:41.779090529Z   SUMMARY — node 1/2 — LOCAL MODULAR — UDP/IP multicast (RFC 1112)
2026-09-28T12:32:41.779093730Z ============================================================
2026-09-28T12:32:41.779096131Z   events this node FIRED:
2026-09-28T12:32:41.779098432Z   local (no network)     n=80   avg    71.39 ms  (HE   71.24 + net    0.00)  min   69.30  max   139.85    5.1%
2026-09-28T12:32:41.779100734Z   shared controllable    n=40   avg  1709.38 ms  (HE  278.09 + net 1431.16)  min  281.52  max  4787.37   61.6%
2026-09-28T12:32:41.779103035Z   shared uncontroll.     n=40   avg   923.26 ms  (HE  283.29 + net  639.79)  min  278.89  max  4781.19   33.3%
2026-09-28T12:32:41.779105336Z   events this node APPLIED for a peer (participant side):
2026-09-28T12:32:41.779107537Z   shared, applied              (none on this node)
2026-09-28T12:32:41.779109738Z   sync-wait (peers reaching a shared step): n=80 avg 142.17 ms, 11.4 s total
2026-09-28T12:32:41.779112739Z      not protocol cost — the plant catching up; kept out of the rows above
2026-09-28T12:32:41.779115040Z   run clock, end of cycles 1..5 (ms): 34077.2 56992.4 71481.9 102203.2 128445.0
2026-09-28T12:32:41.779117241Z      a cycle is over at the LATEST node's value; DES_WORK_MS 0 included
2026-09-28T12:32:41.779119543Z   ----------------------------------------------------------
2026-09-28T12:32:41.779121744Z   all events            n=160  avg   693.85 ms  (HE  175.96 + net  517.74)
2026-09-28T12:32:41.779123945Z   PEER-WAIT + WIRE      74.6 % of total step time
2026-09-28T12:32:41.779126246Z      (compare against the round-trip probe above: the excess is
2026-09-28T12:32:41.779128447Z       the peer's own HE work, not the link.)
2026-09-28T12:32:41.779130748Z   frames: tx=215 rx=457 retransmits=58
2026-09-28T12:32:41.779132949Z   authentication: HMAC-SHA256/128, 4.7 us per frame; 0 rejected (bad tag), 0 stale/replayed dropped, 2 epoch challenges
2026-09-28T12:32:41.779135250Z   rx queue: peak 2/64 frames
2026-09-28T12:32:41.779137451Z   plant check: 0 event reports rejected as physically impossible
2026-09-28T12:32:41.779139652Z      (these supervisors carry the plant: an impossible uncontrollable event is caught)
2026-09-28T12:32:41.779160262Z   injected frame loss: 20 %
2026-09-28T12:32:41.779162663Z   ----------------------------------------------------------
2026-09-28T12:32:41.779164864Z   homomorphic vs cleartext oracle : PASS — every encrypted bit matched
2026-09-28T12:32:41.779167265Z      (PASS certifies the cryptography: each node's encrypted bits
2026-09-28T12:32:41.779169566Z       match its own clear model for the events it applied. It does
2026-09-28T12:32:41.779172868Z       not certify the distributed run — read the skips for that.)
2026-09-28T12:32:41.779175369Z   distributed vs MONOLITHIC sup.  : off — this header has no monolithic supervisor
2026-09-28T12:32:41.779177670Z   safe halt                       : no — ran to completion
2026-09-28T12:32:41.779180071Z ============================================================
2026-09-28T12:32:51.769546111Z @@RESULT {"node":1,"nodes":2,"family":"LOCAL MODULAR","data":"supervisor_data_fms.h","transport":"UDP/IP multicast (RFC 1112)","fingerprint":"edbd7971","supervisors":["S0","S1","S2","S3"],"fired":{"local":80,"ctrl":40,"unctrl":40},"applied_for_peers":0,"skips":0,"impossible":0,"tx":215,"rx":457,"retx":58,"auth_bad":0,"replays":0,"challenges":2,"mac_us":4.71,"rxq_peak":2,"rxq_drops":0,"sync_wait_ms":11373.7,"oracle":"PASS","safe_halt":false,"halt_reason":"","cycle_end_ms":[34077.2,56992.4,71481.9,102203.2,128445.0],"rounds":5,"work_ms":0,"emu_scalarmul_ms":69.0,"loss_pct":20,"loss_seed":1319608028,"exit":0}
