2026-09-28T12:30:24.642179522Z des_container: node 2 of 2, LOCAL MODULAR, data supervisor_data_fms.h, transport UDP/IP multicast (RFC 1112)
2026-09-28T12:30:24.642305382Z des_container: EMULATING the ESP32 — every decryption takes at least 69.0 ms (DES_EMU_SCALARMUL_MS)
2026-09-28T12:30:24.642315286Z des_container: dropping 20 % of received frames, seed 3291411881 (DES_LOSS_SEED to replay)
2026-09-28T12:30:24.642319388Z 
2026-09-28T12:30:24.642322690Z ============================================================
2026-09-28T12:30:24.642325991Z   Distributed Homomorphic DES — generic engine
2026-09-28T12:30:24.642329593Z   node 2/2   family LOCAL MODULAR   7 supervisors   31 events
2026-09-28T12:30:24.642332895Z   data: supervisor_data_fms.h
2026-09-28T12:30:24.642336797Z ============================================================
2026-09-28T12:30:24.659536913Z --- event routing (DERIVED from the header, not hardcoded) ---
2026-09-28T12:30:24.659586036Z   event  ctrl  nodes      owner  class
2026-09-28T12:30:24.659591739Z   11     yes   1          1      local — no network
2026-09-28T12:30:24.659596541Z   12     no    1          1      local — no network
2026-09-28T12:30:24.659600243Z   21     yes   1          1      local — no network
2026-09-28T12:30:24.659603545Z   22     no    1          1      local — no network
2026-09-28T12:30:24.659607447Z   30     no    1 2        1      SHARED — needs network
2026-09-28T12:30:24.659610948Z   31     yes   1 2        1      SHARED — needs network
2026-09-28T12:30:24.659614450Z   32     no    1 2        1      SHARED — needs network
2026-09-28T12:30:24.659617551Z   33     yes   1 2        1      SHARED — needs network
2026-09-28T12:30:24.659620853Z   34     no    1 2        1      SHARED — needs network
2026-09-28T12:30:24.659624155Z   35     yes   1 2        1      SHARED — needs network
2026-09-28T12:30:24.659627456Z   36     no    1 2        1      SHARED — needs network
2026-09-28T12:30:24.659630958Z   37     yes   1 2        1      SHARED — needs network
2026-09-28T12:30:24.659634460Z   38     no    1 2        1      SHARED — needs network
2026-09-28T12:30:24.659638261Z   39     yes   1 2        1      SHARED — needs network
2026-09-28T12:30:24.659642063Z   41     yes   1          1      local — no network
2026-09-28T12:30:24.659645565Z   42     no    1          1      local — no network
2026-09-28T12:30:24.659648766Z   51     yes   1          1      local — no network
2026-09-28T12:30:24.659651868Z   52     no    1          1      local — no network
2026-09-28T12:30:24.659654969Z   53     yes   1          1      local — no network
2026-09-28T12:30:24.659658271Z   54     no    1          1      local — no network
2026-09-28T12:30:24.659670677Z   61     yes   2          2      local — no network
2026-09-28T12:30:24.659674679Z   63     yes   2          2      local — no network
2026-09-28T12:30:24.659702992Z   64     no    2          2      local — no network
2026-09-28T12:30:24.659708495Z   65     yes   2          2      local — no network
2026-09-28T12:30:24.659712597Z   66     no    2          2      local — no network
2026-09-28T12:30:24.659716399Z   71     yes   2          2      local — no network
2026-09-28T12:30:24.659719700Z   72     no    2          2      local — no network
2026-09-28T12:30:24.659723202Z   73     yes   2          2      local — no network
2026-09-28T12:30:24.659727004Z   74     no    2          2      local — no network
2026-09-28T12:30:24.659730305Z   81     yes   2          2      local — no network
2026-09-28T12:30:24.659734207Z   82     no    2          2      local — no network
2026-09-28T12:30:24.659738009Z   => 10/31 events shared; 21/31 need ZERO network traffic; 21 concern this node
2026-09-28T12:30:24.659742211Z   NOTE controllability was INFERRED from event labels (the header
2026-09-28T12:30:24.659746113Z        does not carry it). Check the 'ctrl' column above; if it is
2026-09-28T12:30:24.659753817Z        wrong, set DES_CONTROLLABLE_MASK explicitly.
2026-09-28T12:30:24.659757518Z 
2026-09-28T12:30:24.659761020Z [init] config fingerprint edbd7971 — every node must print the same
2026-09-28T12:30:24.659766523Z 
2026-09-28T12:30:24.660099081Z [net] UDP multicast 239.192.7.1:5077  ttl=1  frame=44 B
2026-09-28T12:30:24.660117890Z --- crypto self-test ---
2026-09-28T12:30:24.668982825Z   Enc(0)->0 Enc(1)->1                PASS
2026-09-28T12:30:24.671751147Z   Enc(1)+Enc(1)->1 homomorphic OR   PASS
2026-09-28T12:30:24.673312393Z   Enc(0)+Enc(0)->0                  PASS
2026-09-28T12:30:24.673339806Z   curve secp192r1, ciphertext 50 B    PASS
2026-09-28T12:30:24.674026835Z   frame tag HMAC-SHA256/128: 6.8 us, 1-bit tamper caught  PASS
2026-09-28T12:30:24.674050946Z 
2026-09-28T12:30:24.674056949Z --- encrypting my supervisors' initial states ---
2026-09-28T12:30:24.674371499Z [load] S4         idx 4   44 states  15 constraining ev    2200 B ciphertext
2026-09-28T12:30:24.674385706Z [load] S5         idx 5   44 states  15 constraining ev    2200 B ciphertext
2026-09-28T12:30:24.674390608Z [load] S6         idx 6  164 states  21 constraining ev    8200 B ciphertext
2026-09-28T12:30:39.859166658Z [init] my keypair is mine alone; no ciphertext ever leaves this node
2026-09-28T12:30:39.859226587Z [init] my enablement: 11=1 12=1 21=1 22=1 30=0 31=1 32=0 33=1 34=0 35=1 36=0 37=1 38=0 39=1 41=1 42=1 51=1 52=1 53=1 54=1 61=0 63=0 64=0 65=0 66=0 71=0 72=0 73=0 74=0 81=0 82=0
2026-09-28T12:30:39.859235191Z 
2026-09-28T12:30:29.016535935Z [net] waiting for 1 peer(s). all present.
2026-09-28T12:30:30.521826493Z 
2026-09-28T12:30:30.521925340Z ============================================================
2026-09-28T12:30:30.521929142Z   RUN — SIM_SEQ driver — 5 cycles x 44 steps — LOCAL MODULAR
2026-09-28T12:30:30.521932443Z   columns: cN sNN = cycle/step of MY walk; · = a peer caused this
2026-09-28T12:30:30.521934544Z   'done at': run clock, common to all nodes; a cycle is over at the
2026-09-28T12:30:30.521936445Z   LATEST node's print, machine time (DES_WORK_MS 0) included
2026-09-28T12:30:30.521938346Z ============================================================
2026-09-28T12:30:30.521940347Z 
2026-09-28T12:30:30.521942148Z -- cycle 1/5 --
2026-09-28T12:30:35.237911346Z     ·     vote   31    YES to node 1          (seq 1)
2026-09-28T12:30:37.375859615Z     ·     apply  31       356.0 ms HE    5 dec  from node 1  (seq 1)
2026-09-28T12:30:39.073429162Z     ·     apply  32       563.5 ms HE    8 dec  from node 1  (seq 2)
2026-09-28T12:30:40.880518084Z     ·     vote   33    YES to node 1          (seq 3)
2026-09-28T12:30:45.443046323Z     ·     vote   33    YES to node 1          (seq 3)
2026-09-28T12:30:45.802541049Z     ·     apply  33       357.4 ms HE    5 dec  from node 1  (seq 3)
2026-09-28T12:30:46.371194688Z     ·     apply  34       563.2 ms HE    8 dec  from node 1  (seq 4)
2026-09-28T12:30:47.876612005Z     ·     vote   35    YES to node 1          (seq 5)
2026-09-28T12:30:50.007609778Z     ·     apply  35       354.3 ms HE    5 dec  from node 1  (seq 5)
2026-09-28T12:30:50.579372602Z     ·     apply  36       567.4 ms HE    8 dec  from node 1  (seq 6)
2026-09-28T12:30:52.085553084Z     ·     vote   39    YES to node 1          (seq 7)
2026-09-28T12:30:53.587901736Z     ·     vote   39    YES to node 1          (seq 7)
2026-09-28T12:31:05.055415831Z     ·     apply  39       418.1 ms HE    6 dec  from node 1  (seq 7)
2026-09-28T12:30:54.305330255Z c1  s15  local  61       277.7 ms HE    4 dec  0 frames
2026-09-28T12:30:54.585547611Z     ·     apply  30       277.5 ms HE    4 dec  from node 1  (seq 8)
2026-09-28T12:30:54.657334303Z c1  s17  local  71        69.5 ms HE    1 dec  0 frames
2026-09-28T12:30:54.726488537Z c1  s18  local  72        69.3 ms HE    1 dec  0 frames
2026-09-28T12:30:54.796003643Z c1  s19  local  81        69.3 ms HE    1 dec  0 frames
2026-09-28T12:30:54.865538059Z c1  s20  local  82        69.3 ms HE    1 dec  0 frames
2026-09-28T12:30:54.935372118Z c1  s21  local  73        69.7 ms HE    1 dec  0 frames
2026-09-28T12:30:55.005854386Z c1  s22  local  74        69.5 ms HE    1 dec  0 frames
2026-09-28T12:30:55.283333134Z c1  s23  local  65       278.3 ms HE    4 dec  0 frames
2026-09-28T12:30:55.561918811Z c1  s24  local  66       278.3 ms HE    4 dec  0 frames
2026-09-28T12:30:55.867926186Z     ·     vote   31    YES to node 1          (seq 9)
2026-09-28T12:30:56.079622511Z     ·     apply  31       208.7 ms HE    3 dec  from node 1  (seq 9)
2026-09-28T12:30:59.411524242Z     ·     apply  32       278.3 ms HE    4 dec  from node 1  (seq 10)
2026-09-28T12:31:02.554203758Z     ·     vote   35    YES to node 1          (seq 11)
2026-09-28T12:31:02.765580430Z     ·     apply  35       208.5 ms HE    3 dec  from node 1  (seq 11)
2026-09-28T12:31:03.117912334Z     ·     apply  36       278.5 ms HE    4 dec  from node 1  (seq 12)
2026-09-28T12:31:03.467985559Z c1  s35  local  61       347.5 ms HE    5 dec  0 frames
2026-09-28T12:31:03.470689951Z     ·     vote   33    YES to node 1          (seq 13)
2026-09-28T12:31:03.685291563Z     ·     apply  33       208.6 ms HE    3 dec  from node 1  (seq 13)
2026-09-28T12:31:04.572841524Z     ·     apply  34       278.4 ms HE    4 dec  from node 1  (seq 14)
2026-09-28T12:31:05.179698712Z     ·     vote   37    YES to node 1          (seq 15)
2026-09-28T12:31:07.168909231Z     ·     apply  37       208.6 ms HE    3 dec  from node 1  (seq 15)
2026-09-28T12:31:07.384022388Z     ·     apply  38       209.0 ms HE    3 dec  from node 1  (seq 16)
2026-09-28T12:31:07.594843094Z c1  s42  local  63       208.5 ms HE    3 dec  0 frames
2026-09-28T12:31:07.804265332Z c1  s43  local  64       208.5 ms HE    3 dec  0 frames
2026-09-28T12:31:07.804482936Z -- cycle 1/5 done at 34450.8 ms --
2026-09-28T12:31:07.804494642Z 
2026-09-28T12:31:07.804498844Z -- cycle 2/5 --
2026-09-28T12:31:07.806473287Z     ·     vote   31    YES to node 1          (seq 17)
2026-09-28T12:31:09.778589550Z     ·     apply  31       209.2 ms HE    3 dec  from node 1  (seq 17)
2026-09-28T12:31:09.996206703Z     ·     apply  32       210.3 ms HE    3 dec  from node 1  (seq 18)
2026-09-28T12:31:11.775861620Z     ·     vote   33    YES to node 1          (seq 19)
2026-09-28T12:31:11.988000356Z     ·     apply  33       208.9 ms HE    3 dec  from node 1  (seq 19)
2026-09-28T12:31:12.265741729Z     ·     apply  34       207.9 ms HE    3 dec  from node 1  (seq 20)
2026-09-28T12:31:12.340132665Z     ·     vote   35    YES to node 1          (seq 21)
2026-09-28T12:31:12.549892464Z     ·     apply  35       208.0 ms HE    3 dec  from node 1  (seq 21)
2026-09-28T12:31:12.969933613Z     ·     apply  36       208.4 ms HE    3 dec  from node 1  (seq 22)
2026-09-28T12:31:16.057585456Z     ·     vote   39    YES to node 1          (seq 23)
2026-09-28T12:31:16.268128329Z     ·     apply  39       207.9 ms HE    3 dec  from node 1  (seq 23)
2026-09-28T12:31:16.480124997Z c2  s15  local  61       208.5 ms HE    3 dec  0 frames
2026-09-28T12:31:16.691488863Z     ·     apply  30       209.0 ms HE    3 dec  from node 1  (seq 24)
2026-09-28T12:31:16.763478551Z c2  s17  local  71        69.3 ms HE    1 dec  0 frames
2026-09-28T12:31:16.833707099Z c2  s18  local  72        69.5 ms HE    1 dec  0 frames
2026-09-28T12:31:16.902534376Z c2  s19  local  81        69.3 ms HE    1 dec  0 frames
2026-09-28T12:31:16.972073995Z c2  s20  local  82        69.3 ms HE    1 dec  0 frames
2026-09-28T12:31:17.041828515Z c2  s21  local  73        69.5 ms HE    1 dec  0 frames
2026-09-28T12:31:17.111200053Z c2  s22  local  74        69.3 ms HE    1 dec  0 frames
2026-09-28T12:31:17.319499455Z c2  s23  local  65       208.1 ms HE    3 dec  0 frames
2026-09-28T12:31:17.527866289Z c2  s24  local  66       208.3 ms HE    3 dec  0 frames
2026-09-28T12:31:21.476470695Z     ·     vote   31    YES to node 1          (seq 25)
2026-09-28T12:31:25.069249297Z     ·     apply  31       208.1 ms HE    3 dec  from node 1  (seq 25)
2026-09-28T12:31:25.282248344Z     ·     apply  32       208.2 ms HE    3 dec  from node 1  (seq 26)
2026-09-28T12:31:25.493817008Z     ·     vote   35    YES to node 1          (seq 27)
2026-09-28T12:31:25.704140776Z     ·     apply  35       208.0 ms HE    3 dec  from node 1  (seq 27)
2026-09-28T12:31:25.985045961Z     ·     apply  36       208.4 ms HE    3 dec  from node 1  (seq 28)
2026-09-28T12:31:26.195003755Z c2  s35  local  61       207.9 ms HE    3 dec  0 frames
2026-09-28T12:31:26.200604731Z     ·     vote   33    YES to node 1          (seq 29)
2026-09-28T12:31:26.412322665Z     ·     apply  33       208.6 ms HE    3 dec  from node 1  (seq 29)
2026-09-28T12:31:28.194595533Z     ·     apply  34       208.1 ms HE    3 dec  from node 1  (seq 30)
2026-09-28T12:31:28.403871802Z     ·     vote   37    YES to node 1          (seq 31)
2026-09-28T12:31:28.615861567Z     ·     apply  37       208.3 ms HE    3 dec  from node 1  (seq 31)
2026-09-28T12:31:30.288543787Z     ·     apply  38       208.5 ms HE    3 dec  from node 1  (seq 32)
2026-09-28T12:31:30.499858229Z c2  s42  local  63       208.4 ms HE    3 dec  0 frames
2026-09-28T12:31:30.708446069Z c2  s43  local  64       208.6 ms HE    3 dec  0 frames
2026-09-28T12:31:30.708558523Z -- cycle 2/5 done at 57362.5 ms --
2026-09-28T12:31:30.708563825Z 
2026-09-28T12:31:30.708567327Z -- cycle 3/5 --
2026-09-28T12:31:30.711177674Z     ·     vote   31    YES to node 1          (seq 33)
2026-09-28T12:31:30.922346847Z     ·     apply  31       208.6 ms HE    3 dec  from node 1  (seq 33)
2026-09-28T12:31:31.440538180Z     ·     apply  32       208.2 ms HE    3 dec  from node 1  (seq 34)
2026-09-28T12:31:31.718097466Z     ·     vote   33    YES to node 1          (seq 35)
2026-09-28T12:31:31.932118801Z     ·     apply  33       208.5 ms HE    3 dec  from node 1  (seq 35)
2026-09-28T12:31:33.711846953Z     ·     apply  34       208.5 ms HE    3 dec  from node 1  (seq 36)
2026-09-28T12:31:33.782512710Z     ·     vote   35    YES to node 1          (seq 37)
2026-09-28T12:31:45.033000194Z     ·     apply  35       208.3 ms HE    3 dec  from node 1  (seq 37)
2026-09-28T12:31:34.400670702Z     ·     apply  36       208.1 ms HE    3 dec  from node 1  (seq 38)
2026-09-28T12:31:34.472004677Z     ·     vote   39    YES to node 1          (seq 39)
2026-09-28T12:31:34.683232378Z     ·     apply  39       208.6 ms HE    3 dec  from node 1  (seq 39)
2026-09-28T12:31:34.893332840Z c3  s15  local  61       208.0 ms HE    3 dec  0 frames
2026-09-28T12:31:35.105318603Z     ·     apply  30       208.6 ms HE    3 dec  from node 1  (seq 40)
2026-09-28T12:31:35.176328323Z c3  s17  local  71        69.3 ms HE    1 dec  0 frames
2026-09-28T12:31:35.246423107Z c3  s18  local  72        69.7 ms HE    1 dec  0 frames
2026-09-28T12:31:35.315679590Z c3  s19  local  81        69.3 ms HE    1 dec  0 frames
2026-09-28T12:31:35.385556369Z c3  s20  local  82        69.6 ms HE    1 dec  0 frames
2026-09-28T12:31:35.455915378Z c3  s21  local  73        69.6 ms HE    1 dec  0 frames
2026-09-28T12:31:35.524815791Z c3  s22  local  74        69.4 ms HE    1 dec  0 frames
2026-09-28T12:31:35.732816851Z c3  s23  local  65       207.9 ms HE    3 dec  0 frames
2026-09-28T12:31:35.941186986Z c3  s24  local  66       208.4 ms HE    3 dec  0 frames
2026-09-28T12:31:35.944090673Z     ·     vote   31    YES to node 1          (seq 41)
2026-09-28T12:31:36.155007525Z     ·     apply  31       208.7 ms HE    3 dec  from node 1  (seq 41)
2026-09-28T12:31:37.937208459Z     ·     apply  32       208.4 ms HE    3 dec  from node 1  (seq 42)
2026-09-28T12:31:38.149432436Z     ·     vote   35    YES to node 1          (seq 43)
2026-09-28T12:31:41.637228704Z     ·     apply  35       208.3 ms HE    3 dec  from node 1  (seq 43)
2026-09-28T12:31:41.849950118Z     ·     apply  36       208.2 ms HE    3 dec  from node 1  (seq 44)
2026-09-28T12:31:42.060597541Z c3  s35  local  61       208.3 ms HE    3 dec  0 frames
2026-09-28T12:31:42.066198917Z     ·     vote   33    YES to node 1          (seq 45)
2026-09-28T12:31:42.281274056Z     ·     apply  33       208.7 ms HE    3 dec  from node 1  (seq 45)
2026-09-28T12:31:42.557794546Z     ·     apply  34       207.9 ms HE    3 dec  from node 1  (seq 46)
2026-09-28T12:31:42.770107865Z     ·     vote   37    YES to node 1          (seq 47)
2026-09-28T12:31:44.270025351Z     ·     vote   37    YES to node 1          (seq 47)
2026-09-28T12:31:44.481920370Z     ·     apply  37       208.5 ms HE    3 dec  from node 1  (seq 47)
2026-09-28T12:31:44.762688589Z     ·     apply  38       208.6 ms HE    3 dec  from node 1  (seq 48)
2026-09-28T12:31:44.972973640Z c3  s42  local  63       208.3 ms HE    3 dec  0 frames
2026-09-28T12:31:45.182475216Z c3  s43  local  64       208.7 ms HE    3 dec  0 frames
2026-09-28T12:31:45.182528941Z -- cycle 3/5 done at 71852.2 ms --
2026-09-28T12:31:45.182538146Z 
2026-09-28T12:31:45.182584468Z -- cycle 4/5 --
2026-09-28T12:31:45.487861795Z     ·     vote   31    YES to node 1          (seq 49)
2026-09-28T12:31:45.700381012Z     ·     apply  31       208.1 ms HE    3 dec  from node 1  (seq 49)
2026-09-28T12:31:45.980372761Z     ·     apply  32       208.3 ms HE    3 dec  from node 1  (seq 50)
2026-09-28T12:31:47.763094743Z     ·     vote   33    YES to node 1          (seq 51)
2026-09-28T12:31:49.267378170Z     ·     vote   33    YES to node 1          (seq 51)
2026-09-28T12:31:49.481284550Z     ·     apply  33       208.7 ms HE    3 dec  from node 1  (seq 51)
2026-09-28T12:31:53.044823205Z     ·     apply  34       208.5 ms HE    3 dec  from node 1  (seq 52)
2026-09-28T12:31:53.048597308Z     ·     vote   35    YES to node 1          (seq 53)
2026-09-28T12:31:53.263899555Z     ·     apply  35       209.2 ms HE    3 dec  from node 1  (seq 53)
2026-09-28T12:31:55.449807720Z     ·     apply  36       208.2 ms HE    3 dec  from node 1  (seq 54)
2026-09-28T12:31:56.957097733Z     ·     vote   39    YES to node 1          (seq 55)
2026-09-28T12:31:58.456773408Z     ·     vote   39    YES to node 1          (seq 55)
2026-09-28T12:31:58.670619559Z     ·     apply  39       209.3 ms HE    3 dec  from node 1  (seq 55)
2026-09-28T12:31:58.881170536Z c4  s15  local  61       208.5 ms HE    3 dec  0 frames
2026-09-28T12:32:00.448672743Z     ·     apply  30       208.7 ms HE    3 dec  from node 1  (seq 56)
2026-09-28T12:32:00.520597300Z c4  s17  local  71        69.4 ms HE    1 dec  0 frames
2026-09-28T12:32:00.590212154Z c4  s18  local  72        69.4 ms HE    1 dec  0 frames
2026-09-28T12:32:00.659314164Z c4  s19  local  81        69.3 ms HE    1 dec  0 frames
2026-09-28T12:32:00.729057379Z c4  s20  local  82        69.5 ms HE    1 dec  0 frames
2026-09-28T12:32:00.799325345Z c4  s21  local  73        69.6 ms HE    1 dec  0 frames
2026-09-28T12:32:00.868681876Z c4  s22  local  74        69.4 ms HE    1 dec  0 frames
2026-09-28T12:32:01.076745765Z c4  s23  local  65       208.4 ms HE    3 dec  0 frames
2026-09-28T12:32:01.285604934Z c4  s24  local  66       208.3 ms HE    3 dec  0 frames
2026-09-28T12:32:01.288251398Z     ·     vote   31    YES to node 1          (seq 57)
2026-09-28T12:32:01.499363044Z     ·     apply  31       208.1 ms HE    3 dec  from node 1  (seq 57)
2026-09-28T12:32:04.783957445Z     ·     apply  32       208.0 ms HE    3 dec  from node 1  (seq 58)
2026-09-28T12:32:06.497616337Z     ·     vote   35    YES to node 1          (seq 59)
2026-09-28T12:32:07.999402120Z     ·     vote   35    YES to node 1          (seq 59)
2026-09-28T12:32:08.210657134Z     ·     apply  35       208.5 ms HE    3 dec  from node 1  (seq 59)
2026-09-28T12:32:10.275918471Z     ·     apply  36       208.4 ms HE    3 dec  from node 1  (seq 60)
2026-09-28T12:32:10.486730873Z c4  s35  local  61       208.4 ms HE    3 dec  0 frames
2026-09-28T12:32:11.639904729Z     ·     vote   33    YES to node 1          (seq 61)
2026-09-28T12:32:11.851135731Z     ·     apply  33       208.5 ms HE    3 dec  from node 1  (seq 61)
2026-09-28T12:32:25.181418333Z     ·     apply  34       208.3 ms HE    3 dec  from node 1  (seq 62)
2026-09-28T12:32:25.186419522Z     ·     vote   37    YES to node 1          (seq 63)
2026-09-28T12:32:14.347284730Z     ·     apply  37       207.8 ms HE    3 dec  from node 1  (seq 63)
2026-09-28T12:32:15.467979171Z     ·     apply  38       208.6 ms HE    3 dec  from node 1  (seq 64)
2026-09-28T12:32:15.678428199Z c4  s42  local  63       208.4 ms HE    3 dec  0 frames
2026-09-28T12:32:15.887442042Z c4  s43  local  64       208.8 ms HE    3 dec  0 frames
2026-09-28T12:32:15.887490065Z -- cycle 4/5 done at 102572.6 ms --
2026-09-28T12:32:15.887495168Z 
2026-09-28T12:32:15.887498669Z -- cycle 5/5 --
2026-09-28T12:32:17.390857404Z     ·     vote   31    YES to node 1          (seq 65)
2026-09-28T12:32:18.890566995Z     ·     vote   31    YES to node 1          (seq 65)
2026-09-28T12:32:30.147930405Z     ·     apply  31       208.1 ms HE    3 dec  from node 1  (seq 65)
2026-09-28T12:32:19.378622213Z     ·     apply  32       208.3 ms HE    3 dec  from node 1  (seq 66)
2026-09-28T12:32:19.660901654Z     ·     vote   33    YES to node 1          (seq 67)
2026-09-28T12:32:19.872632795Z     ·     apply  33       208.5 ms HE    3 dec  from node 1  (seq 67)
2026-09-28T12:32:20.149583691Z     ·     apply  34       208.1 ms HE    3 dec  from node 1  (seq 68)
2026-09-28T12:32:21.724563838Z     ·     vote   35    YES to node 1          (seq 69)
2026-09-28T12:32:23.714493001Z     ·     apply  35       208.6 ms HE    3 dec  from node 1  (seq 69)
2026-09-28T12:32:25.694914528Z     ·     apply  36       208.2 ms HE    3 dec  from node 1  (seq 70)
2026-09-28T12:32:25.699578256Z     ·     vote   39    YES to node 1          (seq 71)
2026-09-28T12:32:30.193801940Z     ·     vote   39    YES to node 1          (seq 71)
2026-09-28T12:32:30.406820096Z     ·     apply  39       208.1 ms HE    3 dec  from node 1  (seq 71)
2026-09-28T12:32:30.617055622Z c5  s15  local  61       208.1 ms HE    3 dec  0 frames
2026-09-28T12:32:31.132530358Z     ·     apply  30       208.4 ms HE    3 dec  from node 1  (seq 72)
2026-09-28T12:32:31.204421199Z c5  s17  local  71        69.4 ms HE    1 dec  0 frames
2026-09-28T12:32:31.274074372Z c5  s18  local  72        69.4 ms HE    1 dec  0 frames
2026-09-28T12:32:31.343723442Z c5  s19  local  81        69.3 ms HE    1 dec  0 frames
2026-09-28T12:32:31.412785432Z c5  s20  local  82        69.3 ms HE    1 dec  0 frames
2026-09-28T12:32:31.481989690Z c5  s21  local  73        69.2 ms HE    1 dec  0 frames
2026-09-28T12:32:31.551669675Z c5  s22  local  74        69.4 ms HE    1 dec  0 frames
2026-09-28T12:32:31.760800574Z c5  s23  local  65       209.0 ms HE    3 dec  0 frames
2026-09-28T12:32:31.969758791Z c5  s24  local  66       208.4 ms HE    3 dec  0 frames
2026-09-28T12:32:32.275535856Z     ·     vote   31    YES to node 1          (seq 73)
2026-09-28T12:32:33.776383991Z     ·     vote   31    YES to node 1          (seq 73)
2026-09-28T12:32:37.279594582Z     ·     apply  31       208.4 ms HE    3 dec  from node 1  (seq 73)
2026-09-28T12:32:37.493208622Z     ·     apply  32       208.4 ms HE    3 dec  from node 1  (seq 74)
2026-09-28T12:32:37.702776630Z     ·     vote   35    YES to node 1          (seq 75)
2026-09-28T12:32:37.913805736Z     ·     apply  35       208.4 ms HE    3 dec  from node 1  (seq 75)
2026-09-28T12:32:38.194648291Z     ·     apply  36       208.5 ms HE    3 dec  from node 1  (seq 76)
2026-09-28T12:32:38.405336233Z c5  s35  local  61       208.5 ms HE    3 dec  0 frames
2026-09-28T12:32:39.010825467Z     ·     vote   33    YES to node 1          (seq 77)
2026-09-28T12:32:50.267911603Z     ·     apply  33       208.2 ms HE    3 dec  from node 1  (seq 77)
2026-09-28T12:32:39.510142883Z     ·     apply  34       208.3 ms HE    3 dec  from node 1  (seq 78)
2026-09-28T12:32:41.218401595Z     ·     vote   37    YES to node 1          (seq 79)
2026-09-28T12:32:41.429396384Z     ·     apply  37       208.3 ms HE    3 dec  from node 1  (seq 79)
2026-09-28T12:32:41.710905257Z     ·     apply  38       208.1 ms HE    3 dec  from node 1  (seq 80)
2026-09-28T12:32:41.921173900Z c5  s42  local  63       208.0 ms HE    3 dec  0 frames
2026-09-28T12:32:42.129707414Z c5  s43  local  64       208.0 ms HE    3 dec  0 frames
2026-09-28T12:32:42.129763540Z -- cycle 5/5 done at 128816.7 ms --
2026-09-28T12:32:42.129769143Z 
2026-09-28T12:32:42.129771944Z ============================================================
2026-09-28T12:32:42.129774746Z   SUMMARY — node 2/2 — LOCAL MODULAR — UDP/IP multicast (RFC 1112)
2026-09-28T12:32:42.129777947Z ============================================================
2026-09-28T12:32:42.129780549Z   events this node FIRED:
2026-09-28T12:32:42.129783650Z   local (no network)     n=60   avg   144.83 ms  (HE  144.68 + net    0.00)  min   69.31  max   347.68  100.0%
2026-09-28T12:32:42.129786251Z   shared controllable          (none on this node)
2026-09-28T12:32:42.129788853Z   shared uncontroll.           (none on this node)
2026-09-28T12:32:42.129791254Z   events this node APPLIED for a peer (participant side):
2026-09-28T12:32:42.129793755Z   shared, applied        n=80   avg   233.43 ms  (HE  233.43 + net    0.00)  min  207.84  max   567.37
2026-09-28T12:32:42.129796356Z   run clock, end of cycles 1..5 (ms): 34450.8 57362.5 71852.2 102572.6 128816.7
2026-09-28T12:32:42.129798857Z      a cycle is over at the LATEST node's value; DES_WORK_MS 0 included
2026-09-28T12:32:42.129818467Z   ----------------------------------------------------------
2026-09-28T12:32:42.129820768Z   all events            n=60   avg   144.83 ms  (HE  144.68 + net    0.00)
2026-09-28T12:32:42.129822669Z   PEER-WAIT + WIRE      0.0 % of total step time
2026-09-28T12:32:42.129824470Z      (compare against the round-trip probe above: the excess is
2026-09-28T12:32:42.129826370Z       the peer's own HE work, not the link.)
2026-09-28T12:32:42.129828171Z   frames: tx=568 rx=176 retransmits=0
2026-09-28T12:32:42.129829972Z   authentication: HMAC-SHA256/128, 6.8 us per frame; 0 rejected (bad tag), 0 stale/replayed dropped, 1 epoch challenges
2026-09-28T12:32:42.129831973Z   rx queue: peak 1/64 frames
2026-09-28T12:32:42.129833874Z   plant check: 0 event reports rejected as physically impossible
2026-09-28T12:32:42.129835775Z      (these supervisors carry the plant: an impossible uncontrollable event is caught)
2026-09-28T12:32:42.129837776Z   injected frame loss: 20 %
2026-09-28T12:32:42.129839577Z   ----------------------------------------------------------
2026-09-28T12:32:42.129841478Z   homomorphic vs cleartext oracle : PASS — every encrypted bit matched
2026-09-28T12:32:42.129843379Z      (PASS certifies the cryptography: each node's encrypted bits
2026-09-28T12:32:42.129845280Z       match its own clear model for the events it applied. It does
2026-09-28T12:32:42.129847080Z       not certify the distributed run — read the skips for that.)
2026-09-28T12:32:42.129849081Z   distributed vs MONOLITHIC sup.  : off — this header has no monolithic supervisor
2026-09-28T12:32:42.129851082Z   safe halt                       : no — ran to completion
2026-09-28T12:32:42.129852983Z ============================================================
2026-09-28T12:32:52.134668625Z @@RESULT {"node":2,"nodes":2,"family":"LOCAL MODULAR","data":"supervisor_data_fms.h","transport":"UDP/IP multicast (RFC 1112)","fingerprint":"edbd7971","supervisors":["S4","S5","S6"],"fired":{"local":60,"ctrl":0,"unctrl":0},"applied_for_peers":80,"skips":0,"impossible":0,"tx":568,"rx":176,"retx":0,"auth_bad":0,"replays":0,"challenges":1,"mac_us":6.76,"rxq_peak":1,"rxq_drops":0,"sync_wait_ms":0.0,"oracle":"PASS","safe_halt":false,"halt_reason":"","cycle_end_ms":[34450.8,57362.5,71852.2,102572.6,128816.7],"rounds":5,"work_ms":0,"emu_scalarmul_ms":69.0,"loss_pct":20,"loss_seed":3291411881,"exit":0}
