2026-09-28T00:03:56.932558023Z des_container: node 2 of 2, LOCAL MODULAR, data supervisor_data_fms.h, transport UDP/IP multicast (RFC 1112)
2026-09-28T00:03:56.932665737Z des_container: EMULATING the ESP32 — every decryption takes at least 69.0 ms (DES_EMU_SCALARMUL_MS)
2026-09-28T00:03:56.932677838Z 
2026-09-28T00:03:56.932680339Z ============================================================
2026-09-28T00:03:56.932682739Z   Distributed Homomorphic DES — generic engine
2026-09-28T00:03:56.932685039Z   node 2/2   family LOCAL MODULAR   7 supervisors   31 events
2026-09-28T00:03:56.932687339Z   data: supervisor_data_fms.h
2026-09-28T00:03:56.932689540Z ============================================================
2026-09-28T00:03:56.934166725Z --- event routing (DERIVED from the header, not hardcoded) ---
2026-09-28T00:03:56.934267338Z   event  ctrl  nodes      owner  class
2026-09-28T00:03:56.934271838Z   11     yes   1          1      local — no network
2026-09-28T00:03:56.934280239Z   12     no    1          1      local — no network
2026-09-28T00:03:56.934283440Z   21     yes   1          1      local — no network
2026-09-28T00:03:56.934285040Z   22     no    1          1      local — no network
2026-09-28T00:03:56.934287640Z   30     no    1 2        1      SHARED — needs network
2026-09-28T00:03:56.934289441Z   31     yes   1 2        1      SHARED — needs network
2026-09-28T00:03:56.934293041Z   32     no    1 2        1      SHARED — needs network
2026-09-28T00:03:56.934297842Z   33     yes   1 2        1      SHARED — needs network
2026-09-28T00:03:56.934301142Z   34     no    1 2        1      SHARED — needs network
2026-09-28T00:03:56.934302842Z   35     yes   1 2        1      SHARED — needs network
2026-09-28T00:03:56.934305343Z   36     no    1 2        1      SHARED — needs network
2026-09-28T00:03:56.934307043Z   37     yes   1 2        1      SHARED — needs network
2026-09-28T00:03:56.934309243Z   38     no    1 2        1      SHARED — needs network
2026-09-28T00:03:56.934311343Z   39     yes   1 2        1      SHARED — needs network
2026-09-28T00:03:56.934313944Z   41     yes   1          1      local — no network
2026-09-28T00:03:56.934316644Z   42     no    1          1      local — no network
2026-09-28T00:03:56.934318744Z   51     yes   1          1      local — no network
2026-09-28T00:03:56.934320845Z   52     no    1          1      local — no network
2026-09-28T00:03:56.934322345Z   53     yes   1          1      local — no network
2026-09-28T00:03:56.934323545Z   54     no    1          1      local — no network
2026-09-28T00:03:56.934325045Z   61     yes   2          2      local — no network
2026-09-28T00:03:56.934326245Z   63     yes   2          2      local — no network
2026-09-28T00:03:56.934327645Z   64     no    2          2      local — no network
2026-09-28T00:03:56.934393554Z   65     yes   2          2      local — no network
2026-09-28T00:03:56.934398154Z   66     no    2          2      local — no network
2026-09-28T00:03:56.934399454Z   71     yes   2          2      local — no network
2026-09-28T00:03:56.934401555Z   72     no    2          2      local — no network
2026-09-28T00:03:56.934403555Z   73     yes   2          2      local — no network
2026-09-28T00:03:56.934406055Z   74     no    2          2      local — no network
2026-09-28T00:03:56.934407355Z   81     yes   2          2      local — no network
2026-09-28T00:03:56.934411456Z   82     no    2          2      local — no network
2026-09-28T00:03:56.934414556Z   => 10/31 events shared; 21/31 need ZERO network traffic; 21 concern this node
2026-09-28T00:03:56.934417757Z   NOTE controllability was INFERRED from event labels (the header
2026-09-28T00:03:56.934418957Z        does not carry it). Check the 'ctrl' column above; if it is
2026-09-28T00:03:56.934424758Z        wrong, set DES_CONTROLLABLE_MASK explicitly.
2026-09-28T00:03:56.934426758Z 
2026-09-28T00:03:56.934428558Z [init] config fingerprint edbd7971 — every node must print the same
2026-09-28T00:03:56.934430158Z 
2026-09-28T00:03:56.935271964Z [net] UDP multicast 239.192.7.1:5077  ttl=1  frame=44 B
2026-09-28T00:03:56.935295367Z --- crypto self-test ---
2026-09-28T00:03:56.937579254Z   Enc(0)->0 Enc(1)->1                PASS
2026-09-28T00:03:56.938158626Z   Enc(1)+Enc(1)->1 homomorphic OR   PASS
2026-09-28T00:03:56.938766003Z   Enc(0)+Enc(0)->0                  PASS
2026-09-28T00:03:56.938776304Z   curve secp192r1, ciphertext 50 B    PASS
2026-09-28T00:03:56.938802607Z   frame tag HMAC-SHA256/128: 1.4 us, 1-bit tamper caught  PASS
2026-09-28T00:03:56.938806408Z 
2026-09-28T00:03:56.938808208Z --- encrypting my supervisors' initial states ---
2026-09-28T00:03:56.938848713Z [load] S4         idx 4   44 states  15 constraining ev    2200 B ciphertext
2026-09-28T00:03:56.938862515Z [load] S5         idx 5   44 states  15 constraining ev    2200 B ciphertext
2026-09-28T00:03:56.938992431Z [load] S6         idx 6  164 states  21 constraining ev    8200 B ciphertext
2026-09-28T00:04:00.868602845Z [init] my keypair is mine alone; no ciphertext ever leaves this node
2026-09-28T00:04:00.868699457Z [init] my enablement: 11=1 12=1 21=1 22=1 30=0 31=1 32=0 33=1 34=0 35=1 36=0 37=1 38=0 39=1 41=1 42=1 51=1 52=1 53=1 54=1 61=0 63=0 64=0 65=0 66=0 71=0 72=0 73=0 74=0 81=0 82=0
2026-09-28T00:04:00.868714058Z 
2026-09-28T00:04:01.072576059Z [net] waiting for 1 peer(s). all present.
2026-09-28T00:04:02.577473244Z 
2026-09-28T00:04:02.577550654Z ============================================================
2026-09-28T00:04:02.577602660Z   RUN — SIM_SEQ driver — 5 cycles x 44 steps — LOCAL MODULAR
2026-09-28T00:04:02.577613562Z   columns: cN sNN = cycle/step of MY walk; · = a peer caused this
2026-09-28T00:04:02.577620963Z   'done at': run clock, common to all nodes; a cycle is over at the
2026-09-28T00:04:02.577627864Z   LATEST node's print, machine time (DES_WORK_MS 0) included
2026-09-28T00:04:02.577635265Z ============================================================
2026-09-28T00:04:02.577642265Z 
2026-09-28T00:04:02.577648766Z -- cycle 1/5 --
2026-09-28T00:04:03.319054172Z     ·     vote   31    YES to node 1          (seq 1)
2026-09-28T00:04:03.691100293Z     ·     apply  31       368.7 ms HE    5 dec  from node 1  (seq 1)
2026-09-28T00:04:04.279657604Z     ·     apply  32       583.0 ms HE    8 dec  from node 1  (seq 2)
2026-09-28T00:04:04.400981440Z     ·     vote   33    YES to node 1          (seq 3)
2026-09-28T00:04:16.465851986Z     ·     apply  33       369.1 ms HE    5 dec  from node 1  (seq 3)
2026-09-28T00:04:05.350302530Z     ·     apply  34       575.0 ms HE    8 dec  from node 1  (seq 4)
2026-09-28T00:04:05.355040625Z     ·     vote   35    YES to node 1          (seq 5)
2026-09-28T00:04:05.727071345Z     ·     apply  35       366.1 ms HE    5 dec  from node 1  (seq 5)
2026-09-28T00:04:06.337579412Z     ·     apply  36       558.7 ms HE    8 dec  from node 1  (seq 6)
2026-09-28T00:04:06.342316807Z     ·     vote   39    YES to node 1          (seq 7)
2026-09-28T00:04:06.766552283Z     ·     apply  39       421.2 ms HE    6 dec  from node 1  (seq 7)
2026-09-28T00:04:07.048842933Z c1  s15  local  61       279.2 ms HE    4 dec  0 frames
2026-09-28T00:04:07.332803292Z     ·     apply  30       278.5 ms HE    4 dec  from node 1  (seq 8)
2026-09-28T00:04:07.403972730Z c1  s17  local  71        69.3 ms HE    1 dec  0 frames
2026-09-28T00:04:07.473441154Z c1  s18  local  72        69.4 ms HE    1 dec  0 frames
2026-09-28T00:04:07.543979912Z c1  s19  local  81        69.7 ms HE    1 dec  0 frames
2026-09-28T00:04:07.614410957Z c1  s20  local  82        70.0 ms HE    1 dec  0 frames
2026-09-28T00:04:07.683712559Z c1  s21  local  73        69.7 ms HE    1 dec  0 frames
2026-09-28T00:04:07.754168507Z c1  s22  local  74        69.9 ms HE    1 dec  0 frames
2026-09-28T00:04:08.034064357Z c1  s23  local  65       279.6 ms HE    4 dec  0 frames
2026-09-28T00:04:08.314122226Z c1  s24  local  66       279.5 ms HE    4 dec  0 frames
2026-09-28T00:04:08.317496050Z     ·     vote   31    YES to node 1          (seq 9)
2026-09-28T00:04:08.529175132Z     ·     apply  31       209.4 ms HE    3 dec  from node 1  (seq 9)
2026-09-28T00:04:08.879775161Z     ·     apply  32       279.1 ms HE    4 dec  from node 1  (seq 10)
2026-09-28T00:04:09.023286383Z     ·     vote   35    YES to node 1          (seq 11)
2026-09-28T00:04:09.238226775Z     ·     apply  35       209.7 ms HE    3 dec  from node 1  (seq 11)
2026-09-28T00:04:09.590291987Z     ·     apply  36       280.7 ms HE    4 dec  from node 1  (seq 12)
2026-09-28T00:04:09.948044475Z c1  s35  local  61       348.0 ms HE    5 dec  0 frames
2026-09-28T00:04:09.950880631Z     ·     vote   33    YES to node 1          (seq 13)
2026-09-28T00:04:10.165293657Z     ·     apply  33       209.2 ms HE    3 dec  from node 1  (seq 13)
2026-09-28T00:04:10.515732065Z     ·     apply  34       278.7 ms HE    4 dec  from node 1  (seq 14)
2026-09-28T00:04:10.657523371Z     ·     vote   37    YES to node 1          (seq 15)
2026-09-28T00:04:10.869692815Z     ·     apply  37       209.2 ms HE    3 dec  from node 1  (seq 15)
2026-09-28T00:04:11.151038647Z     ·     apply  38       209.2 ms HE    3 dec  from node 1  (seq 16)
2026-09-28T00:04:11.362261072Z c1  s42  local  63       208.9 ms HE    3 dec  0 frames
2026-09-28T00:04:11.572217538Z c1  s43  local  64       209.5 ms HE    3 dec  0 frames
2026-09-28T00:04:11.572312650Z -- cycle 1/5 done at 8628.8 ms --
2026-09-28T00:04:11.572325952Z 
2026-09-28T00:04:11.572334553Z -- cycle 2/5 --
2026-09-28T00:04:11.575488549Z     ·     vote   31    YES to node 1          (seq 17)
2026-09-28T00:04:11.790559358Z     ·     apply  31       209.3 ms HE    3 dec  from node 1  (seq 17)
2026-09-28T00:04:12.071712765Z     ·     apply  32       209.1 ms HE    3 dec  from node 1  (seq 18)
2026-09-28T00:04:12.353201814Z     ·     vote   33    YES to node 1          (seq 19)
2026-09-28T00:04:12.564509350Z     ·     apply  33       208.9 ms HE    3 dec  from node 1  (seq 19)
2026-09-28T00:04:12.843463981Z     ·     apply  34       207.8 ms HE    3 dec  from node 1  (seq 20)
2026-09-28T00:04:12.912589662Z     ·     vote   35    YES to node 1          (seq 21)
2026-09-28T00:04:13.124009012Z     ·     apply  35       208.2 ms HE    3 dec  from node 1  (seq 21)
2026-09-28T00:04:13.541392427Z     ·     apply  36       208.5 ms HE    3 dec  from node 1  (seq 22)
2026-09-28T00:04:13.613621097Z     ·     vote   39    YES to node 1          (seq 23)
2026-09-28T00:04:13.827319534Z     ·     apply  39       208.7 ms HE    3 dec  from node 1  (seq 23)
2026-09-28T00:04:14.038886102Z c2  s15  local  61       209.0 ms HE    3 dec  0 frames
2026-09-28T00:04:14.250704202Z     ·     apply  30       208.9 ms HE    3 dec  from node 1  (seq 24)
2026-09-28T00:04:14.322515420Z c2  s17  local  71        69.5 ms HE    1 dec  0 frames
2026-09-28T00:04:14.392158966Z c2  s18  local  72        69.6 ms HE    1 dec  0 frames
2026-09-28T00:04:14.462890449Z c2  s19  local  81        70.1 ms HE    1 dec  0 frames
2026-09-28T00:04:14.531990526Z c2  s20  local  82        69.4 ms HE    1 dec  0 frames
2026-09-28T00:04:14.602285854Z c2  s21  local  73        69.6 ms HE    1 dec  0 frames
2026-09-28T00:04:26.359284037Z c2  s22  local  74        69.7 ms HE    1 dec  0 frames
2026-09-28T00:04:14.870626321Z c2  s23  local  65       208.4 ms HE    3 dec  0 frames
2026-09-28T00:04:15.080069623Z c2  s24  local  66       208.6 ms HE    3 dec  0 frames
2026-09-28T00:04:15.083058999Z     ·     vote   31    YES to node 1          (seq 25)
2026-09-28T00:04:15.295670298Z     ·     apply  31       209.5 ms HE    3 dec  from node 1  (seq 25)
2026-09-28T00:04:15.577940946Z     ·     apply  32       208.4 ms HE    3 dec  from node 1  (seq 26)
2026-09-28T00:04:15.789368697Z     ·     vote   35    YES to node 1          (seq 27)
2026-09-28T00:04:16.003089536Z     ·     apply  35       208.7 ms HE    3 dec  from node 1  (seq 27)
2026-09-28T00:04:16.284108426Z     ·     apply  36       208.7 ms HE    3 dec  from node 1  (seq 28)
2026-09-28T00:04:16.495124425Z c2  s35  local  61       208.7 ms HE    3 dec  0 frames
2026-09-28T00:04:16.497775758Z     ·     vote   33    YES to node 1          (seq 29)
2026-09-28T00:04:16.710459367Z     ·     apply  33       209.5 ms HE    3 dec  from node 1  (seq 29)
2026-09-28T00:04:16.992753218Z     ·     apply  34       208.9 ms HE    3 dec  from node 1  (seq 30)
2026-09-28T00:04:17.206668781Z     ·     vote   37    YES to node 1          (seq 31)
2026-09-28T00:04:17.418860828Z     ·     apply  37       209.2 ms HE    3 dec  from node 1  (seq 31)
2026-09-28T00:04:17.699200533Z     ·     apply  38       209.1 ms HE    3 dec  from node 1  (seq 32)
2026-09-28T00:04:17.911047637Z c2  s42  local  63       209.2 ms HE    3 dec  0 frames
2026-09-28T00:04:18.121436157Z c2  s43  local  64       209.8 ms HE    3 dec  0 frames
2026-09-28T00:04:18.121536770Z -- cycle 2/5 done at 15187.4 ms --
2026-09-28T00:04:18.121555672Z 
2026-09-28T00:04:18.121567474Z -- cycle 3/5 --
2026-09-28T00:04:18.124199504Z     ·     vote   31    YES to node 1          (seq 33)
2026-09-28T00:04:18.337577200Z     ·     apply  31       208.8 ms HE    3 dec  from node 1  (seq 33)
2026-09-28T00:04:18.618347359Z     ·     apply  32       208.9 ms HE    3 dec  from node 1  (seq 34)
2026-09-28T00:04:18.901511519Z     ·     vote   33    YES to node 1          (seq 35)
2026-09-28T00:04:19.115608505Z     ·     apply  33       209.1 ms HE    3 dec  from node 1  (seq 35)
2026-09-28T00:04:19.397360388Z     ·     apply  34       209.0 ms HE    3 dec  from node 1  (seq 36)
2026-09-28T00:04:19.467772530Z     ·     vote   35    YES to node 1          (seq 37)
2026-09-28T00:04:31.375337573Z     ·     apply  35       208.9 ms HE    3 dec  from node 1  (seq 37)
2026-09-28T00:04:20.099061589Z     ·     apply  36       208.6 ms HE    3 dec  from node 1  (seq 38)
2026-09-28T00:04:20.171259556Z     ·     vote   39    YES to node 1          (seq 39)
2026-09-28T00:04:20.383932263Z     ·     apply  39       209.3 ms HE    3 dec  from node 1  (seq 39)
2026-09-28T00:04:20.594178566Z c3  s15  local  61       208.5 ms HE    3 dec  0 frames
2026-09-28T00:04:20.807080002Z     ·     apply  30       208.9 ms HE    3 dec  from node 1  (seq 40)
2026-09-28T00:04:20.879090445Z c3  s17  local  71        69.7 ms HE    1 dec  0 frames
2026-09-28T00:04:20.949178947Z c3  s18  local  72        69.7 ms HE    1 dec  0 frames
2026-09-28T00:04:21.018818192Z c3  s19  local  81        69.6 ms HE    1 dec  0 frames
2026-09-28T00:04:21.089163026Z c3  s20  local  82        69.8 ms HE    1 dec  0 frames
2026-09-28T00:04:21.159051302Z c3  s21  local  73        69.6 ms HE    1 dec  0 frames
2026-09-28T00:04:21.229373433Z c3  s22  local  74        69.8 ms HE    1 dec  0 frames
2026-09-28T00:04:21.438326274Z c3  s23  local  65       208.9 ms HE    3 dec  0 frames
2026-09-28T00:04:21.647989403Z c3  s24  local  66       209.4 ms HE    3 dec  0 frames
2026-09-28T00:04:21.654350002Z     ·     vote   31    YES to node 1          (seq 41)
2026-09-28T00:04:21.866349625Z     ·     apply  31       209.1 ms HE    3 dec  from node 1  (seq 41)
2026-09-28T00:04:22.147360414Z     ·     apply  32       209.2 ms HE    3 dec  from node 1  (seq 42)
2026-09-28T00:04:22.359800092Z     ·     vote   35    YES to node 1          (seq 43)
2026-09-28T00:04:22.571768511Z     ·     apply  35       209.3 ms HE    3 dec  from node 1  (seq 43)
2026-09-28T00:04:22.853349172Z     ·     apply  36       209.8 ms HE    3 dec  from node 1  (seq 44)
2026-09-28T00:04:23.065416303Z c3  s35  local  61       209.2 ms HE    3 dec  0 frames
2026-09-28T00:04:23.068375175Z     ·     vote   33    YES to node 1          (seq 45)
2026-09-28T00:04:23.282236632Z     ·     apply  33       208.9 ms HE    3 dec  from node 1  (seq 45)
2026-09-28T00:04:23.563741283Z     ·     apply  34       209.5 ms HE    3 dec  from node 1  (seq 46)
2026-09-28T00:04:23.775967334Z     ·     vote   37    YES to node 1          (seq 47)
2026-09-28T00:04:23.990125128Z     ·     apply  37       209.2 ms HE    3 dec  from node 1  (seq 47)
2026-09-28T00:04:24.270154994Z     ·     apply  38       209.6 ms HE    3 dec  from node 1  (seq 48)
2026-09-28T00:04:24.481703360Z c3  s42  local  63       209.1 ms HE    3 dec  0 frames
2026-09-28T00:04:36.388544444Z c3  s43  local  64       209.7 ms HE    3 dec  0 frames
2026-09-28T00:04:36.388632655Z -- cycle 3/5 done at 21759.7 ms --
2026-09-28T00:04:36.388644057Z 
2026-09-28T00:04:36.388651158Z -- cycle 4/5 --
2026-09-28T00:04:36.391511217Z     ·     vote   31    YES to node 1          (seq 49)
2026-09-28T00:04:24.910123944Z     ·     apply  31       209.0 ms HE    3 dec  from node 1  (seq 49)
2026-09-28T00:04:25.192859150Z     ·     apply  32       209.1 ms HE    3 dec  from node 1  (seq 50)
2026-09-28T00:04:25.474978078Z     ·     vote   33    YES to node 1          (seq 51)
2026-09-28T00:04:25.686876288Z     ·     apply  33       209.0 ms HE    3 dec  from node 1  (seq 51)
2026-09-28T00:04:25.969485578Z     ·     apply  34       209.0 ms HE    3 dec  from node 1  (seq 52)
2026-09-28T00:04:26.039384256Z     ·     vote   35    YES to node 1          (seq 53)
2026-09-28T00:04:26.254185631Z     ·     apply  35       209.2 ms HE    3 dec  from node 1  (seq 53)
2026-09-28T00:04:26.674225079Z     ·     apply  36       209.4 ms HE    3 dec  from node 1  (seq 54)
2026-09-28T00:04:26.747935736Z     ·     vote   39    YES to node 1          (seq 55)
2026-09-28T00:04:26.959916656Z     ·     apply  39       209.0 ms HE    3 dec  from node 1  (seq 55)
2026-09-28T00:04:27.171465923Z c4  s15  local  61       209.0 ms HE    3 dec  0 frames
2026-09-28T00:04:27.383451044Z     ·     apply  30       209.1 ms HE    3 dec  from node 1  (seq 56)
2026-09-28T00:04:27.456078464Z c4  s17  local  71        69.9 ms HE    1 dec  0 frames
2026-09-28T00:04:27.526043751Z c4  s18  local  72        69.8 ms HE    1 dec  0 frames
2026-09-28T00:04:27.595756105Z c4  s19  local  81        69.6 ms HE    1 dec  0 frames
2026-09-28T00:04:27.666119641Z c4  s20  local  82        69.9 ms HE    1 dec  0 frames
2026-09-28T00:04:27.736302155Z c4  s21  local  73        69.9 ms HE    1 dec  0 frames
2026-09-28T00:04:27.806710197Z c4  s22  local  74        70.0 ms HE    1 dec  0 frames
2026-09-28T00:04:28.017002605Z c4  s23  local  65       209.8 ms HE    3 dec  0 frames
2026-09-28T00:04:28.226267785Z c4  s24  local  66       209.5 ms HE    3 dec  0 frames
2026-09-28T00:04:28.229754222Z     ·     vote   31    YES to node 1          (seq 57)
2026-09-28T00:04:28.441619929Z     ·     apply  31       208.8 ms HE    3 dec  from node 1  (seq 57)
2026-09-28T00:04:28.723239894Z     ·     apply  32       209.1 ms HE    3 dec  from node 1  (seq 58)
2026-09-28T00:04:28.935377034Z     ·     vote   35    YES to node 1          (seq 59)
2026-09-28T00:04:29.150200412Z     ·     apply  35       209.2 ms HE    3 dec  from node 1  (seq 59)
2026-09-28T00:04:29.430254481Z     ·     apply  36       209.2 ms HE    3 dec  from node 1  (seq 60)
2026-09-28T00:04:29.642086583Z c4  s35  local  61       209.3 ms HE    3 dec  0 frames
2026-09-28T00:04:29.645632928Z     ·     vote   33    YES to node 1          (seq 61)
2026-09-28T00:04:41.549306181Z     ·     apply  33       209.2 ms HE    3 dec  from node 1  (seq 61)
2026-09-28T00:04:30.137019932Z     ·     apply  34       208.7 ms HE    3 dec  from node 1  (seq 62)
2026-09-28T00:04:30.348473487Z     ·     vote   37    YES to node 1          (seq 63)
2026-09-28T00:04:30.561113690Z     ·     apply  37       209.1 ms HE    3 dec  from node 1  (seq 63)
2026-09-28T00:04:30.841317278Z     ·     apply  38       209.1 ms HE    3 dec  from node 1  (seq 64)
2026-09-28T00:04:31.053762757Z c4  s42  local  63       210.1 ms HE    3 dec  0 frames
2026-09-28T00:04:31.263179455Z c4  s43  local  64       209.1 ms HE    3 dec  0 frames
2026-09-28T00:04:31.263226161Z -- cycle 4/5 done at 28327.3 ms --
2026-09-28T00:04:31.263232562Z 
2026-09-28T00:04:31.263238963Z -- cycle 5/5 --
2026-09-28T00:04:31.265452341Z     ·     vote   31    YES to node 1          (seq 65)
2026-09-28T00:04:31.477922223Z     ·     apply  31       209.4 ms HE    3 dec  from node 1  (seq 65)
2026-09-28T00:04:31.759359666Z     ·     apply  32       209.3 ms HE    3 dec  from node 1  (seq 66)
2026-09-28T00:04:32.043967507Z     ·     vote   33    YES to node 1          (seq 67)
2026-09-28T00:04:32.256430088Z     ·     apply  33       209.1 ms HE    3 dec  from node 1  (seq 67)
2026-09-28T00:04:32.537529688Z     ·     apply  34       209.4 ms HE    3 dec  from node 1  (seq 68)
2026-09-28T00:04:32.610115003Z     ·     vote   35    YES to node 1          (seq 69)
2026-09-28T00:04:32.822115226Z     ·     apply  35       208.9 ms HE    3 dec  from node 1  (seq 69)
2026-09-28T00:04:33.244515971Z     ·     apply  36       208.8 ms HE    3 dec  from node 1  (seq 70)
2026-09-28T00:04:33.315079233Z     ·     vote   39    YES to node 1          (seq 71)
2026-09-28T00:04:33.527646427Z     ·     apply  39       209.4 ms HE    3 dec  from node 1  (seq 71)
2026-09-28T00:04:33.739547737Z c5  s15  local  61       209.3 ms HE    3 dec  0 frames
2026-09-28T00:04:33.952218744Z     ·     apply  30       209.4 ms HE    3 dec  from node 1  (seq 72)
2026-09-28T00:04:34.024195483Z c5  s17  local  71        69.7 ms HE    1 dec  0 frames
2026-09-28T00:04:34.094215076Z c5  s18  local  72        69.7 ms HE    1 dec  0 frames
2026-09-28T00:04:34.164806441Z c5  s19  local  81        69.8 ms HE    1 dec  0 frames
2026-09-28T00:04:34.234398481Z c5  s20  local  82        69.7 ms HE    1 dec  0 frames
2026-09-28T00:04:34.304464579Z c5  s21  local  73        69.7 ms HE    1 dec  0 frames
2026-09-28T00:04:34.374090823Z c5  s22  local  74        69.6 ms HE    1 dec  0 frames
2026-09-28T00:04:34.583960378Z c5  s23  local  65       209.2 ms HE    3 dec  0 frames
2026-09-28T00:04:46.485672955Z c5  s24  local  66       210.0 ms HE    3 dec  0 frames
2026-09-28T00:04:46.488762243Z     ·     vote   31    YES to node 1          (seq 73)
2026-09-28T00:04:35.025112448Z     ·     apply  31       208.6 ms HE    3 dec  from node 1  (seq 73)
2026-09-28T00:04:35.306806223Z     ·     apply  32       209.1 ms HE    3 dec  from node 1  (seq 74)
2026-09-28T00:04:35.518517310Z     ·     vote   35    YES to node 1          (seq 75)
2026-09-28T00:04:35.728405868Z     ·     apply  35       207.9 ms HE    3 dec  from node 1  (seq 75)
2026-09-28T00:04:36.008239509Z     ·     apply  36       208.9 ms HE    3 dec  from node 1  (seq 76)
2026-09-28T00:04:36.220683188Z c5  s35  local  61       209.4 ms HE    3 dec  0 frames
2026-09-28T00:04:36.223305417Z     ·     vote   33    YES to node 1          (seq 77)
2026-09-28T00:04:36.434198601Z     ·     apply  33       208.8 ms HE    3 dec  from node 1  (seq 77)
2026-09-28T00:04:36.717397665Z     ·     apply  34       209.0 ms HE    3 dec  from node 1  (seq 78)
2026-09-28T00:04:36.929874148Z     ·     vote   37    YES to node 1          (seq 79)
2026-09-28T00:04:37.142263820Z     ·     apply  37       209.5 ms HE    3 dec  from node 1  (seq 79)
2026-09-28T00:04:37.425605702Z     ·     apply  38       208.9 ms HE    3 dec  from node 1  (seq 80)
2026-09-28T00:04:37.636654805Z c5  s42  local  63       208.9 ms HE    3 dec  0 frames
2026-09-28T00:04:37.847074030Z c5  s43  local  64       209.6 ms HE    3 dec  0 frames
2026-09-28T00:04:37.847156640Z -- cycle 5/5 done at 34895.7 ms --
2026-09-28T00:04:37.847168142Z 
2026-09-28T00:04:37.847175242Z ============================================================
2026-09-28T00:04:37.847182443Z   SUMMARY — node 2/2 — LOCAL MODULAR — UDP/IP multicast (RFC 1112)
2026-09-28T00:04:37.847190844Z ============================================================
2026-09-28T00:04:37.847197945Z   events this node FIRED:
2026-09-28T00:04:37.847204646Z   local (no network)     n=60   avg   145.52 ms  (HE  145.30 + net    0.00)  min   69.36  max   348.20  100.0%
2026-09-28T00:04:37.847211747Z   shared controllable          (none on this node)
2026-09-28T00:04:37.847218148Z   shared uncontroll.           (none on this node)
2026-09-28T00:04:37.847224549Z   events this node APPLIED for a peer (participant side):
2026-09-28T00:04:37.847231049Z   shared, applied        n=80   avg   234.78 ms  (HE  234.78 + net    0.00)  min  207.78  max   583.04
2026-09-28T00:04:37.847237950Z   run clock, end of cycles 1..5 (ms): 8628.8 15187.4 21759.7 28327.3 34895.7
2026-09-28T00:04:37.847244651Z      a cycle is over at the LATEST node's value; DES_WORK_MS 0 included
2026-09-28T00:04:37.847251552Z   ----------------------------------------------------------
2026-09-28T00:04:37.847258253Z   all events            n=60   avg   145.52 ms  (HE  145.30 + net    0.00)
2026-09-28T00:04:37.847265054Z   PEER-WAIT + WIRE      0.0 % of total step time
2026-09-28T00:04:37.847731212Z      (compare against the round-trip probe above: the excess is
2026-09-28T00:04:37.847754515Z       the peer's own HE work, not the link.)
2026-09-28T00:04:37.847767117Z   frames: tx=230 rx=150 retransmits=0
2026-09-28T00:04:37.847779418Z   authentication: HMAC-SHA256/128, 1.4 us per frame; 0 rejected (bad tag), 0 stale/replayed dropped, 1 epoch challenges
2026-09-28T00:04:37.847792320Z   rx queue: peak 1/64 frames
2026-09-28T00:04:37.847804121Z   plant check: 0 event reports rejected as physically impossible
2026-09-28T00:04:37.847816423Z      (these supervisors carry the plant: an impossible uncontrollable event is caught)
2026-09-28T00:04:37.847884531Z   ----------------------------------------------------------
2026-09-28T00:04:37.847901934Z   homomorphic vs cleartext oracle : PASS — every encrypted bit matched
2026-09-28T00:04:37.847913935Z      (PASS certifies the cryptography: each node's encrypted bits
2026-09-28T00:04:37.847924637Z       match its own clear model for the events it applied. It does
2026-09-28T00:04:37.847935638Z       not certify the distributed run — read the skips for that.)
2026-09-28T00:04:37.847947339Z   distributed vs MONOLITHIC sup.  : off — this header has no monolithic supervisor
2026-09-28T00:04:37.847957441Z   safe halt                       : no — ran to completion
2026-09-28T00:04:37.847968942Z ============================================================
2026-09-28T00:04:47.827384671Z @@RESULT {"node":2,"nodes":2,"family":"LOCAL MODULAR","data":"supervisor_data_fms.h","transport":"UDP/IP multicast (RFC 1112)","fingerprint":"edbd7971","supervisors":["S4","S5","S6"],"fired":{"local":60,"ctrl":0,"unctrl":0},"applied_for_peers":80,"skips":0,"impossible":0,"tx":230,"rx":150,"retx":0,"auth_bad":0,"replays":0,"challenges":1,"mac_us":1.35,"rxq_peak":1,"rxq_drops":0,"sync_wait_ms":0.0,"oracle":"PASS","safe_halt":false,"halt_reason":"","cycle_end_ms":[8628.8,15187.4,21759.7,28327.3,34895.7],"rounds":5,"work_ms":0,"emu_scalarmul_ms":69.0,"exit":0}
