des_container: node 2 of 4, LOCAL MODULAR, data supervisor_data_fms.h, transport UDP/IP multicast (RFC 1112)
des_container: EMULATING the ESP32 — every decryption takes at least 69.0 ms (DES_EMU_SCALARMUL_MS)

============================================================
  Distributed Homomorphic DES — generic engine
  node 2/4   family LOCAL MODULAR   7 supervisors   31 events
  data: supervisor_data_fms.h
============================================================
--- event routing (DERIVED from the header, not hardcoded) ---
  event  ctrl  nodes      owner  class
  11     yes   1          1      local — no network
  12     no    1          1      local — no network
  21     yes   1          1      local — no network
  22     no    1          1      local — no network
  30     no    1 2 3 4    1      SHARED — needs network
  31     yes   1 2 3 4    1      SHARED — needs network
  32     no    1 2 3 4    1      SHARED — needs network
  33     yes   1 2 3 4    1      SHARED — needs network
  34     no    1 2 3 4    1      SHARED — needs network
  35     yes   1 2 3 4    1      SHARED — needs network
  36     no    1 2 3 4    1      SHARED — needs network
  37     yes   1 2 3 4    1      SHARED — needs network
  38     no    1 2 3 4    1      SHARED — needs network
  39     yes   1 2 3 4    1      SHARED — needs network
  41     yes   2          2      local — no network
  42     no    2          2      local — no network
  51     yes   3          3      local — no network
  52     no    3          3      local — no network
  53     yes   3          3      local — no network
  54     no    3          3      local — no network
  61     yes   2 3 4      2      SHARED — needs network
  63     yes   2 3 4      2      SHARED — needs network
  64     no    2 3 4      2      SHARED — needs network
  65     yes   2 3 4      2      SHARED — needs network
  66     no    2 3 4      2      SHARED — needs network
  71     yes   2          2      local — no network
  72     no    2          2      local — no network
  73     yes   2          2      local — no network
  74     no    2          2      local — no network
  81     yes   2          2      local — no network
  82     no    2          2      local — no network
  => 15/31 events shared; 16/31 need ZERO network traffic; 23 concern this node
  NOTE controllability was INFERRED from event labels (the header
       does not carry it). Check the 'ctrl' column above; if it is
       wrong, set DES_CONTROLLABLE_MASK explicitly.

[init] config fingerprint 10c88d9b — every node must print the same

[net] UDP multicast 239.192.7.1:5077  ttl=1  frame=44 B
--- crypto self-test ---
  Enc(0)->0 Enc(1)->1                PASS
  Enc(1)+Enc(1)->1 homomorphic OR   PASS
  Enc(0)+Enc(0)->0                  PASS
  curve secp192r1, ciphertext 50 B    PASS
  frame tag HMAC-SHA256/128: 1.5 us, 1-bit tamper caught  PASS

--- encrypting my supervisors' initial states ---
[load] S2         idx 2   18 states  12 constraining ev     900 B ciphertext
[load] S6         idx 6  164 states  21 constraining ev    8200 B ciphertext
[init] my keypair is mine alone; no ciphertext ever leaves this node
[init] my enablement: 11=1 12=1 21=1 22=1 30=0 31=1 32=0 33=1 34=0 35=0 36=0 37=1 38=0 39=1 41=0 42=0 51=1 52=1 53=1 54=1 61=1 63=0 64=0 65=0 66=0 71=0 72=0 73=0 74=0 81=0 82=0

[net] waiting for 3 peer(s). all present.

============================================================
  RUN — SIM_SEQ driver — 5 cycles x 44 steps — LOCAL MODULAR
  columns: cN sNN = cycle/step of MY walk; · = a peer caused this
  'done at': run clock, common to all nodes; a cycle is over at the
  LATEST node's print, machine time (DES_WORK_MS 0) included
============================================================

-- cycle 1/5 --
    ·     vote   31    YES to node 1          (seq 1)
    ·     apply  31       216.7 ms HE    3 dec  from node 1  (seq 1)
    ·     apply  32       294.2 ms HE    4 dec  from node 1  (seq 2)
c1  s5   local  41        69.6 ms HE    1 dec  0 frames
c1  s7   local  42        69.9 ms HE    1 dec  0 frames
    ·     vote   33    YES to node 1          (seq 3)
    ·     apply  33       225.0 ms HE    3 dec  from node 1  (seq 3)
    ·     apply  34       291.4 ms HE    4 dec  from node 1  (seq 4)
    ·     vote   35    YES to node 1          (seq 5)
    ·     apply  35       220.8 ms HE    3 dec  from node 1  (seq 5)
    ·     apply  36       293.3 ms HE    4 dec  from node 1  (seq 6)
    ·     vote   39    YES to node 1          (seq 7)
    ·     apply  39       210.0 ms HE    3 dec  from node 1  (seq 7)
c1  s15  2pc    61        70.0 ms HE    1 dec  6 frames  + 5.8 ms peer-wait  (seq 1)
    ·     apply  30       139.2 ms HE    2 dec  from node 1  (seq 8)
c1  s17  local  71        69.7 ms HE    1 dec  0 frames
c1  s18  local  72        69.5 ms HE    1 dec  0 frames
c1  s19  local  81        69.8 ms HE    1 dec  0 frames
c1  s20  local  82        69.5 ms HE    1 dec  0 frames
c1  s21  local  73        69.7 ms HE    1 dec  0 frames
c1  s22  local  74        69.5 ms HE    1 dec  0 frames
c1  s23  2pc    65        69.6 ms HE    1 dec  6 frames  + 5.4 ms peer-wait  (seq 2)
c1  s24  notify 66        69.7 ms HE    1 dec  3 frames  + 1.7 ms peer-wait  (seq 3)
    ·     vote   31    YES to node 1          (seq 9)
    ·     apply  31       139.2 ms HE    2 dec  from node 1  (seq 9)
    ·     apply  32       139.2 ms HE    2 dec  from node 1  (seq 10)
c1  s30  local  41        69.4 ms HE    1 dec  0 frames
c1  s31  local  42        69.4 ms HE    1 dec  0 frames
    ·     vote   35    YES to node 1          (seq 11)
    ·     apply  35       139.5 ms HE    2 dec  from node 1  (seq 11)
    ·     apply  36       139.3 ms HE    2 dec  from node 1  (seq 12)
c1  s35  2pc    61        69.6 ms HE    1 dec  6 frames  + 6.5 ms peer-wait  (seq 4)
    ·     vote   33    YES to node 1          (seq 13)
    ·     apply  33       139.2 ms HE    2 dec  from node 1  (seq 13)
    ·     apply  34       139.5 ms HE    2 dec  from node 1  (seq 14)
    ·     vote   37    YES to node 1          (seq 15)
    ·     apply  37       139.2 ms HE    2 dec  from node 1  (seq 15)
    ·     apply  38       139.3 ms HE    2 dec  from node 1  (seq 16)
c1  s42  2pc    63        69.8 ms HE    1 dec  6 frames  + 4.3 ms peer-wait  (seq 5)
c1  s43  notify 64        69.8 ms HE    1 dec  3 frames  + 1.5 ms peer-wait  (seq 6)
-- cycle 1/5 done at 5204.8 ms --

-- cycle 2/5 --
    ·     vote   31    YES to node 1          (seq 17)
    ·     apply  31       139.6 ms HE    2 dec  from node 1  (seq 17)
    ·     apply  32       139.7 ms HE    2 dec  from node 1  (seq 18)
c2  s5   local  41        69.6 ms HE    1 dec  0 frames
c2  s7   local  42        69.6 ms HE    1 dec  0 frames
    ·     vote   33    YES to node 1          (seq 19)
    ·     apply  33       139.5 ms HE    2 dec  from node 1  (seq 19)
    ·     apply  34       139.4 ms HE    2 dec  from node 1  (seq 20)
    ·     vote   35    YES to node 1          (seq 21)
    ·     apply  35       139.2 ms HE    2 dec  from node 1  (seq 21)
    ·     apply  36       139.2 ms HE    2 dec  from node 1  (seq 22)
    ·     vote   39    YES to node 1          (seq 23)
    ·     apply  39       139.6 ms HE    2 dec  from node 1  (seq 23)
c2  s15  2pc    61        69.7 ms HE    1 dec  6 frames  + 6.0 ms peer-wait  (seq 7)
    ·     apply  30       139.1 ms HE    2 dec  from node 1  (seq 24)
c2  s17  local  71        69.4 ms HE    1 dec  0 frames
c2  s18  local  72        70.1 ms HE    1 dec  0 frames
c2  s19  local  81        69.7 ms HE    1 dec  0 frames
c2  s20  local  82        69.8 ms HE    1 dec  0 frames
c2  s21  local  73        69.8 ms HE    1 dec  0 frames
c2  s22  local  74        69.5 ms HE    1 dec  0 frames
c2  s23  2pc    65        69.6 ms HE    1 dec  6 frames  + 5.9 ms peer-wait  (seq 8)
c2  s24  notify 66        69.7 ms HE    1 dec  3 frames  + 1.7 ms peer-wait  (seq 9)
    ·     vote   31    YES to node 1          (seq 25)
    ·     apply  31       139.8 ms HE    2 dec  from node 1  (seq 25)
    ·     apply  32       140.0 ms HE    2 dec  from node 1  (seq 26)
c2  s30  local  41        69.4 ms HE    1 dec  0 frames
c2  s31  local  42        69.4 ms HE    1 dec  0 frames
    ·     vote   35    YES to node 1          (seq 27)
    ·     apply  35       139.4 ms HE    2 dec  from node 1  (seq 27)
    ·     apply  36       139.2 ms HE    2 dec  from node 1  (seq 28)
c2  s35  2pc    61        70.0 ms HE    1 dec  6 frames  + 7.4 ms peer-wait  (seq 10)
    ·     vote   33    YES to node 1          (seq 29)
    ·     apply  33       139.3 ms HE    2 dec  from node 1  (seq 29)
    ·     apply  34       139.6 ms HE    2 dec  from node 1  (seq 30)
    ·     vote   37    YES to node 1          (seq 31)
    ·     apply  37       139.2 ms HE    2 dec  from node 1  (seq 31)
    ·     apply  38       139.4 ms HE    2 dec  from node 1  (seq 32)
c2  s42  2pc    63        69.9 ms HE    1 dec  6 frames  + 5.4 ms peer-wait  (seq 11)
c2  s43  notify 64        70.1 ms HE    1 dec  3 frames  + 1.8 ms peer-wait  (seq 12)
-- cycle 2/5 done at 9060.6 ms --

-- cycle 3/5 --
    ·     vote   31    YES to node 1          (seq 33)
    ·     apply  31       139.3 ms HE    2 dec  from node 1  (seq 33)
    ·     apply  32       140.0 ms HE    2 dec  from node 1  (seq 34)
c3  s5   local  41        69.5 ms HE    1 dec  0 frames
c3  s7   local  42        69.6 ms HE    1 dec  0 frames
    ·     vote   33    YES to node 1          (seq 35)
    ·     apply  33       139.6 ms HE    2 dec  from node 1  (seq 35)
    ·     apply  34       138.6 ms HE    2 dec  from node 1  (seq 36)
    ·     vote   35    YES to node 1          (seq 37)
    ·     apply  35       139.2 ms HE    2 dec  from node 1  (seq 37)
    ·     apply  36       139.4 ms HE    2 dec  from node 1  (seq 38)
    ·     vote   39    YES to node 1          (seq 39)
    ·     apply  39       139.1 ms HE    2 dec  from node 1  (seq 39)
c3  s15  2pc    61        69.8 ms HE    1 dec  6 frames  + 4.3 ms peer-wait  (seq 13)
    ·     apply  30       139.5 ms HE    2 dec  from node 1  (seq 40)
c3  s17  local  71        69.3 ms HE    1 dec  0 frames
c3  s18  local  72        69.4 ms HE    1 dec  0 frames
c3  s19  local  81        69.5 ms HE    1 dec  0 frames
c3  s20  local  82        69.6 ms HE    1 dec  0 frames
c3  s21  local  73        70.0 ms HE    1 dec  0 frames
c3  s22  local  74        69.6 ms HE    1 dec  0 frames
c3  s23  2pc    65        70.0 ms HE    1 dec  6 frames  + 4.3 ms peer-wait  (seq 14)
c3  s24  notify 66        69.6 ms HE    1 dec  3 frames  + 1.6 ms peer-wait  (seq 15)
    ·     vote   31    YES to node 1          (seq 41)
    ·     apply  31       139.9 ms HE    2 dec  from node 1  (seq 41)
    ·     apply  32       139.5 ms HE    2 dec  from node 1  (seq 42)
c3  s30  local  41        69.7 ms HE    1 dec  0 frames
c3  s31  local  42        69.6 ms HE    1 dec  0 frames
    ·     vote   35    YES to node 1          (seq 43)
    ·     apply  35       139.3 ms HE    2 dec  from node 1  (seq 43)
    ·     apply  36       139.2 ms HE    2 dec  from node 1  (seq 44)
c3  s35  2pc    61        69.6 ms HE    1 dec  6 frames  + 5.3 ms peer-wait  (seq 16)
    ·     vote   33    YES to node 1          (seq 45)
    ·     apply  33       139.6 ms HE    2 dec  from node 1  (seq 45)
    ·     apply  34       139.2 ms HE    2 dec  from node 1  (seq 46)
    ·     vote   37    YES to node 1          (seq 47)
    ·     apply  37       139.8 ms HE    2 dec  from node 1  (seq 47)
    ·     apply  38       139.2 ms HE    2 dec  from node 1  (seq 48)
c3  s42  2pc    63        69.7 ms HE    1 dec  6 frames  + 5.4 ms peer-wait  (seq 17)
c3  s43  notify 64        69.9 ms HE    1 dec  3 frames  + 1.5 ms peer-wait  (seq 18)
-- cycle 3/5 done at 12906.9 ms --

-- cycle 4/5 --
    ·     vote   31    YES to node 1          (seq 49)
    ·     apply  31       139.3 ms HE    2 dec  from node 1  (seq 49)
    ·     apply  32       139.7 ms HE    2 dec  from node 1  (seq 50)
c4  s5   local  41        69.5 ms HE    1 dec  0 frames
c4  s7   local  42        69.4 ms HE    1 dec  0 frames
    ·     vote   33    YES to node 1          (seq 51)
    ·     apply  33       140.1 ms HE    2 dec  from node 1  (seq 51)
    ·     apply  34       139.5 ms HE    2 dec  from node 1  (seq 52)
    ·     vote   35    YES to node 1          (seq 53)
    ·     apply  35       139.3 ms HE    2 dec  from node 1  (seq 53)
    ·     apply  36       139.8 ms HE    2 dec  from node 1  (seq 54)
    ·     vote   39    YES to node 1          (seq 55)
    ·     apply  39       139.8 ms HE    2 dec  from node 1  (seq 55)
c4  s15  2pc    61        70.0 ms HE    1 dec  6 frames  + 5.7 ms peer-wait  (seq 19)
    ·     apply  30       139.3 ms HE    2 dec  from node 1  (seq 56)
c4  s17  local  71        69.6 ms HE    1 dec  0 frames
c4  s18  local  72        69.7 ms HE    1 dec  0 frames
c4  s19  local  81        69.7 ms HE    1 dec  0 frames
c4  s20  local  82        69.4 ms HE    1 dec  0 frames
c4  s21  local  73        69.3 ms HE    1 dec  0 frames
c4  s22  local  74        69.6 ms HE    1 dec  0 frames
c4  s23  2pc    65        69.7 ms HE    1 dec  6 frames  + 5.5 ms peer-wait  (seq 20)
c4  s24  notify 66        69.8 ms HE    1 dec  3 frames  + 1.9 ms peer-wait  (seq 21)
    ·     vote   31    YES to node 1          (seq 57)
    ·     apply  31       139.7 ms HE    2 dec  from node 1  (seq 57)
    ·     apply  32       138.9 ms HE    2 dec  from node 1  (seq 58)
c4  s30  local  41        69.5 ms HE    1 dec  0 frames
c4  s31  local  42        69.9 ms HE    1 dec  0 frames
    ·     vote   35    YES to node 1          (seq 59)
    ·     apply  35       139.3 ms HE    2 dec  from node 1  (seq 59)
    ·     apply  36       139.3 ms HE    2 dec  from node 1  (seq 60)
c4  s35  2pc    61        69.8 ms HE    1 dec  6 frames  + 5.0 ms peer-wait  (seq 22)
    ·     vote   33    YES to node 1          (seq 61)
    ·     apply  33       139.6 ms HE    2 dec  from node 1  (seq 61)
    ·     apply  34       139.8 ms HE    2 dec  from node 1  (seq 62)
    ·     vote   37    YES to node 1          (seq 63)
    ·     apply  37       138.9 ms HE    2 dec  from node 1  (seq 63)
    ·     apply  38       139.6 ms HE    2 dec  from node 1  (seq 64)
c4  s42  2pc    63        70.1 ms HE    1 dec  6 frames  + 4.5 ms peer-wait  (seq 23)
c4  s43  notify 64        70.1 ms HE    1 dec  3 frames  + 1.6 ms peer-wait  (seq 24)
-- cycle 4/5 done at 16767.5 ms --

-- cycle 5/5 --
    ·     vote   31    YES to node 1          (seq 65)
    ·     apply  31       138.7 ms HE    2 dec  from node 1  (seq 65)
    ·     apply  32       139.6 ms HE    2 dec  from node 1  (seq 66)
c5  s5   local  41        69.7 ms HE    1 dec  0 frames
c5  s7   local  42        69.5 ms HE    1 dec  0 frames
    ·     vote   33    YES to node 1          (seq 67)
    ·     apply  33       139.4 ms HE    2 dec  from node 1  (seq 67)
    ·     apply  34       139.3 ms HE    2 dec  from node 1  (seq 68)
    ·     vote   35    YES to node 1          (seq 69)
    ·     apply  35       139.6 ms HE    2 dec  from node 1  (seq 69)
    ·     apply  36       139.3 ms HE    2 dec  from node 1  (seq 70)
    ·     vote   39    YES to node 1          (seq 71)
    ·     apply  39       139.4 ms HE    2 dec  from node 1  (seq 71)
c5  s15  2pc    61        69.6 ms HE    1 dec  6 frames  + 6.4 ms peer-wait  (seq 25)
    ·     apply  30       139.8 ms HE    2 dec  from node 1  (seq 72)
c5  s17  local  71        69.5 ms HE    1 dec  0 frames
c5  s18  local  72        69.5 ms HE    1 dec  0 frames
c5  s19  local  81        69.8 ms HE    1 dec  0 frames
c5  s20  local  82        69.6 ms HE    1 dec  0 frames
c5  s21  local  73        69.4 ms HE    1 dec  0 frames
c5  s22  local  74        69.9 ms HE    1 dec  0 frames
c5  s23  2pc    65        69.7 ms HE    1 dec  6 frames  + 4.5 ms peer-wait  (seq 26)
c5  s24  notify 66        69.6 ms HE    1 dec  3 frames  + 2.0 ms peer-wait  (seq 27)
    ·     vote   31    YES to node 1          (seq 73)
    ·     apply  31       139.1 ms HE    2 dec  from node 1  (seq 73)
    ·     apply  32       139.5 ms HE    2 dec  from node 1  (seq 74)
c5  s30  local  41        70.1 ms HE    1 dec  0 frames
c5  s31  local  42        69.6 ms HE    1 dec  0 frames
    ·     vote   35    YES to node 1          (seq 75)
    ·     apply  35       139.2 ms HE    2 dec  from node 1  (seq 75)
    ·     apply  36       139.5 ms HE    2 dec  from node 1  (seq 76)
c5  s35  2pc    61        69.3 ms HE    1 dec  6 frames  + 6.1 ms peer-wait  (seq 28)
    ·     vote   33    YES to node 1          (seq 77)
    ·     apply  33       138.9 ms HE    2 dec  from node 1  (seq 77)
    ·     apply  34       139.9 ms HE    2 dec  from node 1  (seq 78)
    ·     vote   37    YES to node 1          (seq 79)
    ·     apply  37       139.6 ms HE    2 dec  from node 1  (seq 79)
    ·     apply  38       139.3 ms HE    2 dec  from node 1  (seq 80)
c5  s42  2pc    63        69.3 ms HE    1 dec  6 frames  + 6.3 ms peer-wait  (seq 29)
c5  s43  notify 64        69.6 ms HE    1 dec  3 frames  + 1.3 ms peer-wait  (seq 30)
-- cycle 5/5 done at 20629.2 ms --

============================================================
  SUMMARY — node 2/4 — LOCAL MODULAR — UDP/IP multicast (RFC 1112)
============================================================
  events this node FIRED:
  local (no network)     n=50   avg    69.76 ms  (HE   69.60 + net    0.00)  min   69.31  max    70.33   61.1%
  shared controllable    n=20   avg    75.41 ms  (HE   69.74 + net    5.50)  min   74.27  max    77.43   26.4%
  shared uncontroll.     n=10   avg    71.64 ms  (HE   69.80 + net    1.65)  min   71.03  max    72.06   12.5%
  events this node APPLIED for a peer (participant side):
  shared, applied        n=80   avg   149.11 ms  (HE  149.11 + net    0.00)  min  138.62  max   294.19
  sync-wait (peers reaching a shared step): n=30 avg 4.55 ms, 0.1 s total
     not protocol cost — the plant catching up; kept out of the rows above
  run clock, end of cycles 1..5 (ms): 5204.8 9060.6 12906.9 16767.5 20629.2
     a cycle is over at the LATEST node's value; DES_WORK_MS 0 included
  ----------------------------------------------------------
  all events            n=80   avg    71.41 ms  (HE   69.66 + net    1.58)
  PEER-WAIT + WIRE      2.2 % of total step time
     (compare against the round-trip probe above: the excess is
      the peer's own HE work, not the link.)
  frames: tx=284 rx=807 retransmits=0
  authentication: HMAC-SHA256/128, 1.5 us per frame; 0 rejected (bad tag), 0 stale/replayed dropped, 3 epoch challenges
  rx queue: peak 4/64 frames
  plant check: 0 event reports rejected as physically impossible
     (these supervisors carry the plant: an impossible uncontrollable event is caught)
  ----------------------------------------------------------
  homomorphic vs cleartext oracle : PASS — every encrypted bit matched
     (PASS certifies the cryptography: each node's encrypted bits
      match its own clear model for the events it applied. It does
      not certify the distributed run — read the skips for that.)
  distributed vs MONOLITHIC sup.  : off — this header has no monolithic supervisor
  safe halt                       : no — ran to completion
============================================================
@@RESULT {"node":2,"nodes":4,"family":"LOCAL MODULAR","data":"supervisor_data_fms.h","transport":"UDP/IP multicast (RFC 1112)","fingerprint":"10c88d9b","supervisors":["S2","S6"],"fired":{"local":50,"ctrl":20,"unctrl":10},"applied_for_peers":80,"skips":0,"impossible":0,"tx":284,"rx":807,"retx":0,"auth_bad":0,"replays":0,"challenges":3,"mac_us":1.49,"rxq_peak":4,"rxq_drops":0,"sync_wait_ms":136.5,"oracle":"PASS","safe_halt":false,"halt_reason":"","cycle_end_ms":[5204.8,9060.6,12906.9,16767.5,20629.2],"rounds":5,"work_ms":0,"emu_scalarmul_ms":69.0,"exit":0}
