2026-09-28T03:30:30.580779303Z des_container: node 1 of 4, LOCAL MODULAR, data supervisor_data_fms.h, transport UDP/IP multicast (RFC 1112)
2026-09-28T03:30:30.580842511Z des_container: EMULATING the ESP32 — every decryption takes at least 69.0 ms (DES_EMU_SCALARMUL_MS)
2026-09-28T03:30:30.580848212Z 
2026-09-28T03:30:30.580851712Z ============================================================
2026-09-28T03:30:30.580854813Z   Distributed Homomorphic DES — generic engine
2026-09-28T03:30:30.580857513Z   node 1/4   family LOCAL MODULAR   7 supervisors   31 events
2026-09-28T03:30:30.580860413Z   data: supervisor_data_fms.h
2026-09-28T03:30:30.580863314Z ============================================================
2026-09-28T03:30:30.581915246Z --- event routing (DERIVED from the header, not hardcoded) ---
2026-09-28T03:30:30.581934448Z   event  ctrl  nodes      owner  class
2026-09-28T03:30:30.581938749Z   11     yes   1          1      local — no network
2026-09-28T03:30:30.581942549Z   12     no    1          1      local — no network
2026-09-28T03:30:30.581945450Z   21     yes   1          1      local — no network
2026-09-28T03:30:30.581948450Z   22     no    1          1      local — no network
2026-09-28T03:30:30.581951450Z   30     no    1 2 3 4    1      SHARED — needs network
2026-09-28T03:30:30.581954351Z   31     yes   1 2 3 4    1      SHARED — needs network
2026-09-28T03:30:30.581957251Z   32     no    1 2 3 4    1      SHARED — needs network
2026-09-28T03:30:30.581960051Z   33     yes   1 2 3 4    1      SHARED — needs network
2026-09-28T03:30:30.581961752Z   34     no    1 2 3 4    1      SHARED — needs network
2026-09-28T03:30:30.581963452Z   35     yes   1 2 3 4    1      SHARED — needs network
2026-09-28T03:30:30.581965152Z   36     no    1 2 3 4    1      SHARED — needs network
2026-09-28T03:30:30.581967252Z   37     yes   1 2 3 4    1      SHARED — needs network
2026-09-28T03:30:30.581969953Z   38     no    1 2 3 4    1      SHARED — needs network
2026-09-28T03:30:30.581972553Z   39     yes   1 2 3 4    1      SHARED — needs network
2026-09-28T03:30:30.581975453Z   41     yes   2          2      local — no network
2026-09-28T03:30:30.581978954Z   42     no    2          2      local — no network
2026-09-28T03:30:30.581981854Z   51     yes   2          2      local — no network
2026-09-28T03:30:30.581984454Z   52     no    2          2      local — no network
2026-09-28T03:30:30.581986855Z   53     yes   2          2      local — no network
2026-09-28T03:30:30.581989555Z   54     no    2          2      local — no network
2026-09-28T03:30:30.581992255Z   61     yes   3 4        3      SHARED — needs network
2026-09-28T03:30:30.581994856Z   63     yes   3 4        3      SHARED — needs network
2026-09-28T03:30:30.581997556Z   64     no    3 4        3      SHARED — needs network
2026-09-28T03:30:30.582014758Z   65     yes   3 4        3      SHARED — needs network
2026-09-28T03:30:30.582018859Z   66     no    3 4        3      SHARED — needs network
2026-09-28T03:30:30.582021759Z   71     yes   4          4      local — no network
2026-09-28T03:30:30.582025060Z   72     no    4          4      local — no network
2026-09-28T03:30:30.582026960Z   73     yes   4          4      local — no network
2026-09-28T03:30:30.582028760Z   74     no    4          4      local — no network
2026-09-28T03:30:30.582030460Z   81     yes   4          4      local — no network
2026-09-28T03:30:30.582032260Z   82     no    4          4      local — no network
2026-09-28T03:30:30.582034061Z   => 15/31 events shared; 16/31 need ZERO network traffic; 14 concern this node
2026-09-28T03:30:30.582036361Z   NOTE controllability was INFERRED from event labels (the header
2026-09-28T03:30:30.582039061Z        does not carry it). Check the 'ctrl' column above; if it is
2026-09-28T03:30:30.582040862Z        wrong, set DES_CONTROLLABLE_MASK explicitly.
2026-09-28T03:30:30.582042662Z 
2026-09-28T03:30:30.582044462Z [init] config fingerprint 457cc268 — every node must print the same
2026-09-28T03:30:30.582046262Z 
2026-09-28T03:30:30.582238786Z [net] UDP multicast 239.192.7.1:5077  ttl=1  frame=44 B
2026-09-28T03:30:30.582248688Z --- crypto self-test ---
2026-09-28T03:30:30.587964405Z   Enc(0)->0 Enc(1)->1                PASS
2026-09-28T03:30:30.589617813Z   Enc(1)+Enc(1)->1 homomorphic OR   PASS
2026-09-28T03:30:30.590415213Z   Enc(0)+Enc(0)->0                  PASS
2026-09-28T03:30:30.590455918Z   curve secp192r1, ciphertext 50 B    PASS
2026-09-28T03:30:30.590677246Z   frame tag HMAC-SHA256/128: 2.8 us, 1-bit tamper caught  PASS
2026-09-28T03:30:30.590694948Z 
2026-09-28T03:30:30.590699049Z --- encrypting my supervisors' initial states ---
2026-09-28T03:30:30.590701949Z [load] S0         idx 0   18 states  12 constraining ev     900 B ciphertext
2026-09-28T03:30:30.590704650Z [load] S1         idx 1   18 states  12 constraining ev     900 B ciphertext
2026-09-28T03:30:32.300668286Z [init] my keypair is mine alone; no ciphertext ever leaves this node
2026-09-28T03:30:32.300699190Z [init] my enablement: 11=1 12=0 21=1 22=0 30=0 31=0 32=0 33=0 34=0 35=1 36=0 37=1 38=0 39=1 41=1 42=1 51=1 52=1 53=1 54=1 61=1 63=1 64=1 65=1 66=1 71=1 72=1 73=1 74=1 81=1 82=1
2026-09-28T03:30:32.300703391Z 
2026-09-28T03:30:32.501122759Z [net] waiting for 3 peer(s). all present.
2026-09-28T03:30:34.014802032Z 
2026-09-28T03:30:34.014826135Z --- transport round-trip probe (UDP/IP multicast (RFC 1112)) ---
2026-09-28T03:30:34.491687719Z   20 probes: avg 2.92 ms  min 2.24 ms  max 3.48 ms
2026-09-28T03:30:34.491731625Z 
2026-09-28T03:30:34.491735025Z ============================================================
2026-09-28T03:30:34.491736626Z   RUN — SIM_SEQ driver — 5 cycles x 44 steps — LOCAL MODULAR
2026-09-28T03:30:34.491738326Z   columns: cN sNN = cycle/step of MY walk; · = a peer caused this
2026-09-28T03:30:34.491739626Z   'done at': run clock, common to all nodes; a cycle is over at the
2026-09-28T03:30:34.491741026Z   LATEST node's print, machine time (DES_WORK_MS 0) included
2026-09-28T03:30:34.491742226Z ============================================================
2026-09-28T03:30:34.491743526Z 
2026-09-28T03:30:34.491744727Z -- cycle 1/5 --
2026-09-28T03:30:34.630418841Z c1  s0   local  21       138.7 ms HE    2 dec  0 frames
2026-09-28T03:30:34.769146363Z c1  s1   local  11       138.6 ms HE    2 dec  0 frames
2026-09-28T03:30:34.838332851Z c1  s2   local  12        69.2 ms HE    1 dec  0 frames
2026-09-28T03:30:34.980253373Z c1  s3   2pc    31       138.4 ms HE    2 dec  8 frames  + 3.5 ms peer-wait  (seq 1)
2026-09-28T03:30:35.195585715Z c1  s4   notify 32       138.4 ms HE    2 dec  4 frames  + 1.2 ms peer-wait  (seq 2)
2026-09-28T03:30:35.264812508Z c1  s6   local  22        69.2 ms HE    1 dec  0 frames
2026-09-28T03:30:35.688322793Z c1  s8   2pc    33       138.3 ms HE    2 dec  8 frames  + 4.6 ms peer-wait  (seq 3)
2026-09-28T03:30:35.901223929Z c1  s9   notify 34       138.5 ms HE    2 dec  4 frames  + 1.2 ms peer-wait  (seq 4)
2026-09-28T03:30:36.256933299Z c1  s10  2pc    35       138.4 ms HE    2 dec  8 frames  + 4.6 ms peer-wait  (seq 5)
2026-09-28T03:30:36.538665279Z c1  s13  notify 36       138.4 ms HE    2 dec  4 frames  + 1.1 ms peer-wait  (seq 6)
2026-09-28T03:30:36.892348494Z c1  s14  2pc    39       138.4 ms HE    2 dec  8 frames  + 4.5 ms peer-wait  (seq 7)
2026-09-28T03:30:37.386140604Z c1  s16  notify 30       138.4 ms HE    2 dec  4 frames  + 1.2 ms peer-wait  (seq 8)
2026-09-28T03:30:37.455460710Z c1  s25  local  11        69.2 ms HE    1 dec  0 frames
2026-09-28T03:30:37.524677502Z c1  s26  local  21        69.2 ms HE    1 dec  0 frames
2026-09-28T03:30:37.593942800Z c1  s27  local  12        69.2 ms HE    1 dec  0 frames
2026-09-28T03:30:38.298136710Z c1  s28  2pc    31       138.5 ms HE    2 dec  8 frames  + 4.5 ms peer-wait  (seq 9)
2026-09-28T03:30:38.440047532Z c1  s29  notify 32       138.5 ms HE    2 dec  4 frames  + 1.2 ms peer-wait  (seq 10)
2026-09-28T03:30:38.725240446Z c1  s32  2pc    35       138.4 ms HE    2 dec  8 frames  + 4.6 ms peer-wait  (seq 11)
2026-09-28T03:30:38.867043854Z c1  s33  notify 36       138.4 ms HE    2 dec  4 frames  + 1.1 ms peer-wait  (seq 12)
2026-09-28T03:30:38.936303051Z c1  s34  local  22        69.2 ms HE    1 dec  0 frames
2026-09-28T03:30:39.365829891Z c1  s36  2pc    33       138.5 ms HE    2 dec  8 frames  + 4.6 ms peer-wait  (seq 13)
2026-09-28T03:30:39.507550588Z c1  s37  notify 34       138.4 ms HE    2 dec  4 frames  + 1.2 ms peer-wait  (seq 14)
2026-09-28T03:30:39.792452866Z c1  s40  2pc    37       138.4 ms HE    2 dec  8 frames  + 4.5 ms peer-wait  (seq 15)
2026-09-28T03:30:39.934236972Z c1  s41  notify 38       138.4 ms HE    2 dec  4 frames  + 1.1 ms peer-wait  (seq 16)
2026-09-28T03:30:39.934292279Z -- cycle 1/5 done at 5443.8 ms --
2026-09-28T03:30:39.934297479Z 
2026-09-28T03:30:39.934299780Z -- cycle 2/5 --
2026-09-28T03:30:40.003452364Z c2  s0   local  21        69.2 ms HE    1 dec  0 frames
2026-09-28T03:30:40.072649753Z c2  s1   local  11        69.2 ms HE    1 dec  0 frames
2026-09-28T03:30:40.141900850Z c2  s2   local  12        69.2 ms HE    1 dec  0 frames
2026-09-28T03:30:40.362471349Z c2  s3   2pc    31       138.4 ms HE    2 dec  8 frames  + 4.6 ms peer-wait  (seq 17)
2026-09-28T03:30:40.506203099Z c2  s4   notify 32       138.3 ms HE    2 dec  4 frames  + 1.2 ms peer-wait  (seq 18)
2026-09-28T03:30:40.575495601Z c2  s6   local  22        69.2 ms HE    1 dec  0 frames
2026-09-28T03:30:40.789562483Z c2  s8   2pc    33       138.4 ms HE    2 dec  8 frames  + 4.4 ms peer-wait  (seq 19)
2026-09-28T03:30:40.933409948Z c2  s9   notify 34       138.5 ms HE    2 dec  4 frames  + 1.1 ms peer-wait  (seq 20)
2026-09-28T03:30:41.080626135Z c2  s10  2pc    35       138.4 ms HE    2 dec  8 frames  + 4.5 ms peer-wait  (seq 21)
2026-09-28T03:30:41.362482230Z c2  s13  notify 36       138.4 ms HE    2 dec  4 frames  + 1.2 ms peer-wait  (seq 22)
2026-09-28T03:30:41.509632009Z c2  s14  2pc    39       138.4 ms HE    2 dec  8 frames  + 4.5 ms peer-wait  (seq 23)
2026-09-28T03:30:41.796716562Z c2  s16  notify 30       138.4 ms HE    2 dec  4 frames  + 1.2 ms peer-wait  (seq 24)
2026-09-28T03:30:41.865991961Z c2  s25  local  11        69.2 ms HE    1 dec  0 frames
2026-09-28T03:30:41.935273661Z c2  s26  local  21        69.2 ms HE    1 dec  0 frames
2026-09-28T03:30:42.004447448Z c2  s27  local  12        69.2 ms HE    1 dec  0 frames
2026-09-28T03:30:42.572988746Z c2  s28  2pc    31       138.4 ms HE    2 dec  8 frames  + 4.6 ms peer-wait  (seq 25)
2026-09-28T03:30:42.716667189Z c2  s29  notify 32       138.3 ms HE    2 dec  4 frames  + 1.1 ms peer-wait  (seq 26)
2026-09-28T03:30:43.001242708Z c2  s32  2pc    35       138.4 ms HE    2 dec  8 frames  + 4.4 ms peer-wait  (seq 27)
2026-09-28T03:30:43.145045967Z c2  s33  notify 36       138.4 ms HE    2 dec  4 frames  + 1.1 ms peer-wait  (seq 28)
2026-09-28T03:30:43.214578099Z c2  s34  local  22        69.3 ms HE    1 dec  0 frames
2026-09-28T03:30:43.433365874Z c2  s36  2pc    33       138.4 ms HE    2 dec  8 frames  + 4.6 ms peer-wait  (seq 29)
2026-09-28T03:30:43.577178034Z c2  s37  notify 34       138.4 ms HE    2 dec  4 frames  + 1.1 ms peer-wait  (seq 30)
2026-09-28T03:30:43.862571574Z c2  s40  2pc    37       138.4 ms HE    2 dec  8 frames  + 4.7 ms peer-wait  (seq 31)
2026-09-28T03:30:44.006361031Z c2  s41  notify 38       138.4 ms HE    2 dec  4 frames  + 1.1 ms peer-wait  (seq 32)
2026-09-28T03:30:44.006386534Z -- cycle 2/5 done at 9516.3 ms --
2026-09-28T03:30:44.006389035Z 
2026-09-28T03:30:44.006390335Z -- cycle 3/5 --
2026-09-28T03:30:44.075601826Z c3  s0   local  21        69.2 ms HE    1 dec  0 frames
2026-09-28T03:30:44.144863324Z c3  s1   local  11        69.2 ms HE    1 dec  0 frames
2026-09-28T03:30:44.214747500Z c3  s2   local  12        69.4 ms HE    1 dec  0 frames
2026-09-28T03:30:44.436163406Z c3  s3   2pc    31       138.4 ms HE    2 dec  8 frames  + 4.5 ms peer-wait  (seq 33)
2026-09-28T03:30:44.580507132Z c3  s4   notify 32       138.9 ms HE    2 dec  4 frames  + 1.1 ms peer-wait  (seq 34)
2026-09-28T03:30:44.649795333Z c3  s6   local  22        69.2 ms HE    1 dec  0 frames
2026-09-28T03:30:44.865987783Z c3  s8   2pc    33       138.4 ms HE    2 dec  8 frames  + 4.6 ms peer-wait  (seq 35)
2026-09-28T03:30:45.007717581Z c3  s9   notify 34       138.4 ms HE    2 dec  4 frames  + 1.1 ms peer-wait  (seq 36)
2026-09-28T03:30:45.154781850Z c3  s10  2pc    35       138.4 ms HE    2 dec  8 frames  + 4.5 ms peer-wait  (seq 37)
2026-09-28T03:30:45.436332807Z c3  s13  notify 36       138.4 ms HE    2 dec  4 frames  + 1.1 ms peer-wait  (seq 38)
2026-09-28T03:30:45.583629504Z c3  s14  2pc    39       138.4 ms HE    2 dec  8 frames  + 4.6 ms peer-wait  (seq 39)
2026-09-28T03:30:45.869278376Z c3  s16  notify 30       138.6 ms HE    2 dec  4 frames  + 1.1 ms peer-wait  (seq 40)
2026-09-28T03:30:45.938526972Z c3  s25  local  11        69.2 ms HE    1 dec  0 frames
2026-09-28T03:30:46.007762967Z c3  s26  local  21        69.1 ms HE    1 dec  0 frames
2026-09-28T03:30:46.076879446Z c3  s27  local  12        69.2 ms HE    1 dec  0 frames
2026-09-28T03:30:46.645587565Z c3  s28  2pc    31       138.4 ms HE    2 dec  8 frames  + 4.5 ms peer-wait  (seq 41)
2026-09-28T03:30:46.789446330Z c3  s29  notify 32       138.4 ms HE    2 dec  4 frames  + 1.2 ms peer-wait  (seq 42)
2026-09-28T03:30:47.072773411Z c3  s32  2pc    35       138.5 ms HE    2 dec  8 frames  + 4.7 ms peer-wait  (seq 43)
2026-09-28T03:30:47.214822549Z c3  s33  notify 36       138.5 ms HE    2 dec  4 frames  + 1.1 ms peer-wait  (seq 44)
2026-09-28T03:30:47.284083847Z c3  s34  local  22        69.2 ms HE    1 dec  0 frames
2026-09-28T03:30:47.504766760Z c3  s36  2pc    33       138.5 ms HE    2 dec  8 frames  + 4.5 ms peer-wait  (seq 45)
2026-09-28T03:30:47.648405998Z c3  s37  notify 34       138.4 ms HE    2 dec  4 frames  + 1.2 ms peer-wait  (seq 46)
2026-09-28T03:30:59.439293419Z c3  s40  2pc    37       138.4 ms HE    2 dec  8 frames  + 4.5 ms peer-wait  (seq 47)
2026-09-28T03:30:48.093885618Z c3  s41  notify 38       138.4 ms HE    2 dec  4 frames  + 1.1 ms peer-wait  (seq 48)
2026-09-28T03:30:48.093903220Z -- cycle 3/5 done at 13585.9 ms --
2026-09-28T03:30:48.093906821Z 
2026-09-28T03:30:48.093912321Z -- cycle 4/5 --
2026-09-28T03:30:48.163152017Z c4  s0   local  21        69.2 ms HE    1 dec  0 frames
2026-09-28T03:30:48.232357107Z c4  s1   local  11        69.2 ms HE    1 dec  0 frames
2026-09-28T03:30:48.301555997Z c4  s2   local  12        69.2 ms HE    1 dec  0 frames
2026-09-28T03:30:48.520299367Z c4  s3   2pc    31       138.4 ms HE    2 dec  8 frames  + 4.5 ms peer-wait  (seq 49)
2026-09-28T03:30:48.664723704Z c4  s4   notify 32       138.7 ms HE    2 dec  4 frames  + 1.4 ms peer-wait  (seq 50)
2026-09-28T03:30:48.733966799Z c4  s6   local  22        69.2 ms HE    1 dec  0 frames
2026-09-28T03:30:48.947677637Z c4  s8   2pc    33       138.3 ms HE    2 dec  8 frames  + 4.5 ms peer-wait  (seq 51)
2026-09-28T03:30:49.091621514Z c4  s9   notify 34       138.4 ms HE    2 dec  4 frames  + 1.1 ms peer-wait  (seq 52)
2026-09-28T03:30:49.238681581Z c4  s10  2pc    35       138.3 ms HE    2 dec  8 frames  + 4.5 ms peer-wait  (seq 53)
2026-09-28T03:30:49.520205635Z c4  s13  notify 36       138.4 ms HE    2 dec  4 frames  + 1.1 ms peer-wait  (seq 54)
2026-09-28T03:30:49.667221697Z c4  s14  2pc    39       138.3 ms HE    2 dec  8 frames  + 4.4 ms peer-wait  (seq 55)
2026-09-28T03:30:49.954131928Z c4  s16  notify 30       139.0 ms HE    2 dec  4 frames  + 1.2 ms peer-wait  (seq 56)
2026-09-28T03:30:50.023233005Z c4  s25  local  11        69.2 ms HE    1 dec  0 frames
2026-09-28T03:30:50.092412093Z c4  s26  local  21        69.1 ms HE    1 dec  0 frames
2026-09-28T03:30:50.161614883Z c4  s27  local  12        69.1 ms HE    1 dec  0 frames
2026-09-28T03:30:50.730004962Z c4  s28  2pc    31       138.3 ms HE    2 dec  8 frames  + 4.5 ms peer-wait  (seq 57)
2026-09-28T03:30:50.873772316Z c4  s29  notify 32       138.4 ms HE    2 dec  4 frames  + 1.1 ms peer-wait  (seq 58)
2026-09-28T03:30:51.159192959Z c4  s32  2pc    35       138.5 ms HE    2 dec  8 frames  + 4.5 ms peer-wait  (seq 59)
2026-09-28T03:30:51.303529785Z c4  s33  notify 36       138.8 ms HE    2 dec  4 frames  + 1.2 ms peer-wait  (seq 60)
2026-09-28T03:30:51.373835314Z c4  s34  local  22        69.7 ms HE    1 dec  0 frames
2026-09-28T03:30:51.595276922Z c4  s36  2pc    33       138.4 ms HE    2 dec  8 frames  + 4.5 ms peer-wait  (seq 61)
2026-09-28T03:30:51.739013773Z c4  s37  notify 34       138.4 ms HE    2 dec  4 frames  + 1.1 ms peer-wait  (seq 62)
2026-09-28T03:30:52.025924803Z c4  s40  2pc    37       138.7 ms HE    2 dec  8 frames  + 4.9 ms peer-wait  (seq 63)
2026-09-28T03:30:52.169770267Z c4  s41  notify 38       138.3 ms HE    2 dec  4 frames  + 1.3 ms peer-wait  (seq 64)
2026-09-28T03:30:52.169803571Z -- cycle 4/5 done at 17661.7 ms --
2026-09-28T03:30:52.169806772Z 
2026-09-28T03:30:52.169808172Z -- cycle 5/5 --
2026-09-28T03:30:52.238895048Z c5  s0   local  21        69.2 ms HE    1 dec  0 frames
2026-09-28T03:30:52.308158046Z c5  s1   local  11        69.2 ms HE    1 dec  0 frames
2026-09-28T03:30:52.377322631Z c5  s2   local  12        69.2 ms HE    1 dec  0 frames
2026-09-28T03:30:52.601507685Z c5  s3   2pc    31       138.4 ms HE    2 dec  8 frames  + 5.2 ms peer-wait  (seq 65)
2026-09-28T03:30:52.745365650Z c5  s4   notify 32       138.5 ms HE    2 dec  4 frames  + 1.1 ms peer-wait  (seq 66)
2026-09-28T03:31:04.303196087Z c5  s6   local  22        69.2 ms HE    1 dec  0 frames
2026-09-28T03:30:53.012272998Z c5  s8   2pc    33       138.4 ms HE    2 dec  8 frames  + 3.6 ms peer-wait  (seq 67)
2026-09-28T03:30:53.154038801Z c5  s9   notify 34       138.4 ms HE    2 dec  4 frames  + 1.2 ms peer-wait  (seq 68)
2026-09-28T03:30:53.299975928Z c5  s10  2pc    35       138.4 ms HE    2 dec  8 frames  + 3.3 ms peer-wait  (seq 69)
2026-09-28T03:30:53.581378867Z c5  s13  notify 36       138.4 ms HE    2 dec  4 frames  + 1.2 ms peer-wait  (seq 70)
2026-09-28T03:30:53.728587053Z c5  s14  2pc    39       138.4 ms HE    2 dec  8 frames  + 4.5 ms peer-wait  (seq 71)
2026-09-28T03:30:54.013760965Z c5  s16  notify 30       138.5 ms HE    2 dec  4 frames  + 1.2 ms peer-wait  (seq 72)
2026-09-28T03:30:54.082852842Z c5  s25  local  11        69.2 ms HE    1 dec  0 frames
2026-09-28T03:30:54.152036330Z c5  s26  local  21        69.2 ms HE    1 dec  0 frames
2026-09-28T03:30:54.221243921Z c5  s27  local  12        69.2 ms HE    1 dec  0 frames
2026-09-28T03:30:54.788560964Z c5  s28  2pc    31       138.3 ms HE    2 dec  8 frames  + 4.6 ms peer-wait  (seq 73)
2026-09-28T03:30:54.932459735Z c5  s29  notify 32       138.4 ms HE    2 dec  4 frames  + 1.1 ms peer-wait  (seq 74)
2026-09-28T03:30:55.217669852Z c5  s32  2pc    35       138.4 ms HE    2 dec  8 frames  + 4.5 ms peer-wait  (seq 75)
2026-09-28T03:30:55.359476560Z c5  s33  notify 36       138.4 ms HE    2 dec  4 frames  + 1.1 ms peer-wait  (seq 76)
2026-09-28T03:30:55.428726456Z c5  s34  local  22        69.2 ms HE    1 dec  0 frames
2026-09-28T03:30:55.647844373Z c5  s36  2pc    33       138.4 ms HE    2 dec  8 frames  + 4.6 ms peer-wait  (seq 77)
2026-09-28T03:30:55.789603975Z c5  s37  notify 34       138.4 ms HE    2 dec  4 frames  + 1.1 ms peer-wait  (seq 78)
2026-09-28T03:30:56.074232719Z c5  s40  2pc    37       138.3 ms HE    2 dec  8 frames  + 4.4 ms peer-wait  (seq 79)
2026-09-28T03:30:56.217949467Z c5  s41  notify 38       138.4 ms HE    2 dec  4 frames  + 1.1 ms peer-wait  (seq 80)
2026-09-28T03:30:56.217974470Z -- cycle 5/5 done at 21727.9 ms --
2026-09-28T03:30:56.217978570Z 
2026-09-28T03:30:56.217981171Z ============================================================
2026-09-28T03:30:56.217982871Z   SUMMARY — node 1/4 — LOCAL MODULAR — UDP/IP multicast (RFC 1112)
2026-09-28T03:30:56.217985871Z ============================================================
2026-09-28T03:30:56.217988171Z   events this node FIRED:
2026-09-28T03:30:56.217990372Z   local (no network)     n=40   avg    72.72 ms  (HE   72.67 + net    0.00)  min   69.18  max   138.72   20.5%
2026-09-28T03:30:56.217992572Z   shared controllable    n=40   avg   142.92 ms  (HE  138.41 + net    4.48)  min  141.75  max   143.67   40.2%
2026-09-28T03:30:56.218062881Z   shared uncontroll.     n=40   avg   139.67 ms  (HE  138.46 + net    1.16)  min  139.51  max   140.17   39.3%
2026-09-28T03:30:56.218068382Z   events this node APPLIED for a peer (participant side):
2026-09-28T03:30:56.218070982Z   shared, applied              (none on this node)
2026-09-28T03:30:56.218073382Z   sync-wait (peers reaching a shared step): n=80 avg 93.94 ms, 7.5 s total
2026-09-28T03:30:56.218075682Z      not protocol cost — the plant catching up; kept out of the rows above
2026-09-28T03:30:56.218078083Z   run clock, end of cycles 1..5 (ms): 5443.8 9516.3 13585.9 17661.7 21727.9
2026-09-28T03:30:56.218080483Z      a cycle is over at the LATEST node's value; DES_WORK_MS 0 included
2026-09-28T03:30:56.218082983Z   ----------------------------------------------------------
2026-09-28T03:30:56.218085684Z   all events            n=120  avg   118.44 ms  (HE  116.51 + net    1.88)
2026-09-28T03:30:56.218088084Z   PEER-WAIT + WIRE      1.6 % of total step time
2026-09-28T03:30:56.218090484Z      (compare against the round-trip probe above: the excess is
2026-09-28T03:30:56.218092685Z       the peer's own HE work, not the link.)
2026-09-28T03:30:56.218094885Z   frames: tx=152 rx=839 retransmits=0
2026-09-28T03:30:56.218097085Z   authentication: HMAC-SHA256/128, 2.8 us per frame; 0 rejected (bad tag), 0 stale/replayed dropped, 3 epoch challenges
2026-09-28T03:30:56.218117988Z   rx queue: peak 5/64 frames
2026-09-28T03:30:56.218121088Z   plant check: 0 event reports rejected as physically impossible
2026-09-28T03:30:56.218123388Z      (these supervisors carry the plant: an impossible uncontrollable event is caught)
2026-09-28T03:30:56.218125789Z   ----------------------------------------------------------
2026-09-28T03:30:56.218128089Z   homomorphic vs cleartext oracle : PASS — every encrypted bit matched
2026-09-28T03:30:56.218130489Z      (PASS certifies the cryptography: each node's encrypted bits
2026-09-28T03:30:56.218132890Z       match its own clear model for the events it applied. It does
2026-09-28T03:30:56.218136590Z       not certify the distributed run — read the skips for that.)
2026-09-28T03:30:56.218139390Z   distributed vs MONOLITHIC sup.  : off — this header has no monolithic supervisor
2026-09-28T03:30:56.218141891Z   safe halt                       : no — ran to completion
2026-09-28T03:30:56.218144291Z ============================================================
2026-09-28T03:31:06.218817599Z @@RESULT {"node":1,"nodes":4,"family":"LOCAL MODULAR","data":"supervisor_data_fms.h","transport":"UDP/IP multicast (RFC 1112)","fingerprint":"457cc268","supervisors":["S0","S1"],"fired":{"local":40,"ctrl":40,"unctrl":40},"applied_for_peers":0,"skips":0,"impossible":0,"tx":152,"rx":846,"retx":0,"auth_bad":0,"replays":0,"challenges":3,"mac_us":2.79,"rxq_peak":5,"rxq_drops":0,"sync_wait_ms":7515.0,"oracle":"PASS","safe_halt":false,"halt_reason":"","cycle_end_ms":[5443.8,9516.3,13585.9,17661.7,21727.9],"rounds":5,"work_ms":0,"emu_scalarmul_ms":69.0,"exit":0}
