2026-09-28T03:24:57.672657324Z des_container: node 1 of 1, LOCAL MODULAR, data supervisor_data_fms.h, transport UDP/IP multicast (RFC 1112)
2026-09-28T03:24:57.673727158Z des_container: EMULATING the ESP32 — every decryption takes at least 69.0 ms (DES_EMU_SCALARMUL_MS)
2026-09-28T03:24:57.673739360Z 
2026-09-28T03:24:57.673742360Z ============================================================
2026-09-28T03:24:57.673744260Z   Distributed Homomorphic DES — generic engine
2026-09-28T03:24:57.673746161Z   node 1/1   family LOCAL MODULAR   7 supervisors   31 events
2026-09-28T03:24:57.673748461Z   data: supervisor_data_fms.h
2026-09-28T03:24:57.673750761Z ============================================================
2026-09-28T03:24:57.673766163Z --- event routing (DERIVED from the header, not hardcoded) ---
2026-09-28T03:24:57.673769163Z   event  ctrl  nodes      owner  class
2026-09-28T03:24:57.673771464Z   11     yes   1          1      local — no network
2026-09-28T03:24:57.673773764Z   12     no    1          1      local — no network
2026-09-28T03:24:57.673775464Z   21     yes   1          1      local — no network
2026-09-28T03:24:57.673777265Z   22     no    1          1      local — no network
2026-09-28T03:24:57.673779065Z   30     no    1          1      local — no network
2026-09-28T03:24:57.673780865Z   31     yes   1          1      local — no network
2026-09-28T03:24:57.673783065Z   32     no    1          1      local — no network
2026-09-28T03:24:57.673785366Z   33     yes   1          1      local — no network
2026-09-28T03:24:57.673787766Z   34     no    1          1      local — no network
2026-09-28T03:24:57.673789966Z   35     yes   1          1      local — no network
2026-09-28T03:24:57.673792266Z   36     no    1          1      local — no network
2026-09-28T03:24:57.673794867Z   37     yes   1          1      local — no network
2026-09-28T03:24:57.673796967Z   38     no    1          1      local — no network
2026-09-28T03:24:57.673798667Z   39     yes   1          1      local — no network
2026-09-28T03:24:57.673800567Z   41     yes   1          1      local — no network
2026-09-28T03:24:57.673802268Z   42     no    1          1      local — no network
2026-09-28T03:24:57.673803968Z   51     yes   1          1      local — no network
2026-09-28T03:24:57.673805668Z   52     no    1          1      local — no network
2026-09-28T03:24:57.673807268Z   53     yes   1          1      local — no network
2026-09-28T03:24:57.673809569Z   54     no    1          1      local — no network
2026-09-28T03:24:57.673811269Z   61     yes   1          1      local — no network
2026-09-28T03:24:57.673812969Z   63     yes   1          1      local — no network
2026-09-28T03:24:57.673814869Z   64     no    1          1      local — no network
2026-09-28T03:24:57.673829671Z   65     yes   1          1      local — no network
2026-09-28T03:24:57.673832671Z   66     no    1          1      local — no network
2026-09-28T03:24:57.673834772Z   71     yes   1          1      local — no network
2026-09-28T03:24:57.673836472Z   72     no    1          1      local — no network
2026-09-28T03:24:57.673839172Z   73     yes   1          1      local — no network
2026-09-28T03:24:57.673840772Z   74     no    1          1      local — no network
2026-09-28T03:24:57.673842473Z   81     yes   1          1      local — no network
2026-09-28T03:24:57.673844273Z   82     no    1          1      local — no network
2026-09-28T03:24:57.673846173Z   => 0/31 events shared; 31/31 need ZERO network traffic; 31 concern this node
2026-09-28T03:24:57.673849074Z   NOTE controllability was INFERRED from event labels (the header
2026-09-28T03:24:57.673850674Z        does not carry it). Check the 'ctrl' column above; if it is
2026-09-28T03:24:57.673852574Z        wrong, set DES_CONTROLLABLE_MASK explicitly.
2026-09-28T03:24:57.673854574Z 
2026-09-28T03:24:57.673857275Z [init] config fingerprint 3f2beff2 — every node must print the same
2026-09-28T03:24:57.673859775Z 
2026-09-28T03:24:57.673861475Z [net] UDP multicast 239.192.7.1:5077  ttl=1  frame=44 B
2026-09-28T03:24:57.673863275Z --- crypto self-test ---
2026-09-28T03:24:57.676730035Z   Enc(0)->0 Enc(1)->1                PASS
2026-09-28T03:24:57.677419922Z   Enc(1)+Enc(1)->1 homomorphic OR   PASS
2026-09-28T03:24:57.678063103Z   Enc(0)+Enc(0)->0                  PASS
2026-09-28T03:24:57.678075404Z   curve secp192r1, ciphertext 50 B    PASS
2026-09-28T03:24:57.678157515Z   frame tag HMAC-SHA256/128: 1.3 us, 1-bit tamper caught  PASS
2026-09-28T03:24:57.678167916Z 
2026-09-28T03:24:57.678170416Z --- encrypting my supervisors' initial states ---
2026-09-28T03:24:57.678172416Z [load] S0         idx 0   18 states  12 constraining ev     900 B ciphertext
2026-09-28T03:24:57.678177317Z [load] S1         idx 1   18 states  12 constraining ev     900 B ciphertext
2026-09-28T03:24:57.678179617Z [load] S2         idx 2   18 states  12 constraining ev     900 B ciphertext
2026-09-28T03:24:57.678181618Z [load] S3         idx 3   21 states  14 constraining ev    1050 B ciphertext
2026-09-28T03:24:57.678183918Z [load] S4         idx 4   44 states  15 constraining ev    2200 B ciphertext
2026-09-28T03:24:57.678185918Z [load] S5         idx 5   44 states  15 constraining ev    2200 B ciphertext
2026-09-28T03:24:57.678353739Z [load] S6         idx 6  164 states  21 constraining ev    8200 B ciphertext
2026-09-28T03:25:05.202304854Z [init] my keypair is mine alone; no ciphertext ever leaves this node
2026-09-28T03:25:05.202456673Z [init] my enablement: 11=1 12=0 21=1 22=0 30=0 31=0 32=0 33=0 34=0 35=0 36=0 37=0 38=0 39=0 41=0 42=0 51=0 52=0 53=0 54=0 61=0 63=0 64=0 65=0 66=0 71=0 72=0 73=0 74=0 81=0 82=0
2026-09-28T03:25:05.202538483Z 
2026-09-28T03:25:05.202552585Z 
2026-09-28T03:25:05.202563386Z ============================================================
2026-09-28T03:25:05.202574188Z   RUN — SIM_SEQ driver — 5 cycles x 44 steps — LOCAL MODULAR
2026-09-28T03:25:05.202589890Z   columns: cN sNN = cycle/step of MY walk; · = a peer caused this
2026-09-28T03:25:05.202601191Z   'done at': run clock, common to all nodes; a cycle is over at the
2026-09-28T03:25:05.202612793Z   LATEST node's print, machine time (DES_WORK_MS 0) included
2026-09-28T03:25:05.202623694Z ============================================================
2026-09-28T03:25:05.202634295Z 
2026-09-28T03:25:05.202643997Z -- cycle 1/5 --
2026-09-28T03:25:05.344066356Z c1  s0   local  21       141.6 ms HE    2 dec  0 frames
2026-09-28T03:25:05.486641961Z c1  s1   local  11       142.4 ms HE    2 dec  0 frames
2026-09-28T03:25:05.557123012Z c1  s2   local  12        70.0 ms HE    1 dec  0 frames
2026-09-28T03:25:06.202794095Z c1  s3   local  31       645.4 ms HE    9 dec  0 frames
2026-09-28T03:25:18.794731347Z c1  s4   local  32      1068.4 ms HE   15 dec  0 frames
2026-09-28T03:25:07.342960113Z c1  s5   local  41        69.6 ms HE    1 dec  0 frames
2026-09-28T03:25:07.412060690Z c1  s6   local  22        69.6 ms HE    1 dec  0 frames
2026-09-28T03:25:07.482718364Z c1  s7   local  42        69.6 ms HE    1 dec  0 frames
2026-09-28T03:25:08.115449122Z c1  s8   local  33       633.5 ms HE    9 dec  0 frames
2026-09-28T03:25:08.955755247Z c1  s9   local  34       839.2 ms HE   12 dec  0 frames
2026-09-28T03:25:09.587536186Z c1  s10  local  35       631.1 ms HE    9 dec  0 frames
2026-09-28T03:25:09.656197409Z c1  s11  local  53        69.3 ms HE    1 dec  0 frames
2026-09-28T03:25:09.725510213Z c1  s12  local  54        69.3 ms HE    1 dec  0 frames
2026-09-28T03:25:10.564018013Z c1  s13  local  36       838.3 ms HE   12 dec  0 frames
2026-09-28T03:25:11.259598964Z c1  s14  local  39       695.3 ms HE   10 dec  0 frames
2026-09-28T03:25:11.537303938Z c1  s15  local  61       277.5 ms HE    4 dec  0 frames
2026-09-28T03:25:12.094939766Z c1  s16  local  30       557.2 ms HE    8 dec  0 frames
2026-09-28T03:25:23.685817342Z c1  s17  local  71        69.8 ms HE    1 dec  0 frames
2026-09-28T03:25:23.755912444Z c1  s18  local  72        69.9 ms HE    1 dec  0 frames
2026-09-28T03:25:23.826303984Z c1  s19  local  81        70.0 ms HE    1 dec  0 frames
2026-09-28T03:25:12.375183806Z c1  s20  local  82        69.3 ms HE    1 dec  0 frames
2026-09-28T03:25:12.444438503Z c1  s21  local  73        69.4 ms HE    1 dec  0 frames
2026-09-28T03:25:12.514694526Z c1  s22  local  74        69.6 ms HE    1 dec  0 frames
2026-09-28T03:25:12.792398200Z c1  s23  local  65       278.1 ms HE    4 dec  0 frames
2026-09-28T03:25:13.070250292Z c1  s24  local  66       277.5 ms HE    4 dec  0 frames
2026-09-28T03:25:13.139707115Z c1  s25  local  11        69.4 ms HE    1 dec  0 frames
2026-09-28T03:25:13.209144034Z c1  s26  local  21        69.3 ms HE    1 dec  0 frames
2026-09-28T03:25:13.278382129Z c1  s27  local  12        69.3 ms HE    1 dec  0 frames
2026-09-28T03:25:13.764530380Z c1  s28  local  31       485.6 ms HE    7 dec  0 frames
2026-09-28T03:25:14.321481122Z c1  s29  local  32       556.3 ms HE    8 dec  0 frames
2026-09-28T03:25:14.391574624Z c1  s30  local  41        69.9 ms HE    1 dec  0 frames
2026-09-28T03:25:14.461554112Z c1  s31  local  42        69.8 ms HE    1 dec  0 frames
2026-09-28T03:25:14.951116391Z c1  s32  local  35       489.4 ms HE    7 dec  0 frames
2026-09-28T03:25:15.509254582Z c1  s33  local  36       558.5 ms HE    8 dec  0 frames
2026-09-28T03:25:15.579722431Z c1  s34  local  22        69.8 ms HE    1 dec  0 frames
2026-09-28T03:25:15.928781366Z c1  s35  local  61       348.9 ms HE    5 dec  0 frames
2026-09-28T03:25:16.417838082Z c1  s36  local  33       488.8 ms HE    7 dec  0 frames
2026-09-28T03:25:16.975890162Z c1  s37  local  34       557.8 ms HE    8 dec  0 frames
2026-09-28T03:25:17.045938558Z c1  s38  local  51        69.9 ms HE    1 dec  0 frames
2026-09-28T03:25:17.116128873Z c1  s39  local  52        69.9 ms HE    1 dec  0 frames
2026-09-28T03:25:17.611033573Z c1  s40  local  37       489.0 ms HE    7 dec  0 frames
2026-09-28T03:25:18.100529544Z c1  s41  local  38       489.1 ms HE    7 dec  0 frames
2026-09-28T03:25:18.309244454Z c1  s42  local  63       208.7 ms HE    3 dec  0 frames
2026-09-28T03:25:18.519488157Z c1  s43  local  64       209.6 ms HE    3 dec  0 frames
2026-09-28T03:25:18.519582168Z -- cycle 1/5 done at 13309.0 ms --
2026-09-28T03:25:18.519594270Z 
2026-09-28T03:25:18.519601571Z -- cycle 2/5 --
2026-09-28T03:25:18.589070295Z c2  s0   local  21        69.7 ms HE    1 dec  0 frames
2026-09-28T03:25:18.659595751Z c2  s1   local  11        70.0 ms HE    1 dec  0 frames
2026-09-28T03:25:18.729910481Z c2  s2   local  12        70.0 ms HE    1 dec  0 frames
2026-09-28T03:25:19.219358546Z c2  s3   local  31       489.4 ms HE    7 dec  0 frames
2026-09-28T03:25:19.708443665Z c2  s4   local  32       488.9 ms HE    7 dec  0 frames
2026-09-28T03:25:19.778569972Z c2  s5   local  41        69.8 ms HE    1 dec  0 frames
2026-09-28T03:25:19.848451048Z c2  s6   local  22        69.7 ms HE    1 dec  0 frames
2026-09-28T03:25:19.918746675Z c2  s7   local  42        69.9 ms HE    1 dec  0 frames
2026-09-28T03:25:20.407623768Z c2  s8   local  33       488.8 ms HE    7 dec  0 frames
2026-09-28T03:25:20.897133641Z c2  s9   local  34       489.2 ms HE    7 dec  0 frames
2026-09-28T03:25:21.386820936Z c2  s10  local  35       489.6 ms HE    7 dec  0 frames
2026-09-28T03:25:21.456835628Z c2  s11  local  53        69.6 ms HE    1 dec  0 frames
2026-09-28T03:25:21.526869123Z c2  s12  local  54        69.8 ms HE    1 dec  0 frames
2026-09-28T03:25:22.015992647Z c2  s13  local  36       488.7 ms HE    7 dec  0 frames
2026-09-28T03:25:22.503452291Z c2  s14  local  39       487.3 ms HE    7 dec  0 frames
2026-09-28T03:25:22.713765502Z c2  s15  local  61       209.6 ms HE    3 dec  0 frames
2026-09-28T03:25:23.203246871Z c2  s16  local  30       489.3 ms HE    7 dec  0 frames
2026-09-28T03:25:23.273772427Z c2  s17  local  71        70.1 ms HE    1 dec  0 frames
2026-09-28T03:25:23.344064454Z c2  s18  local  72        70.1 ms HE    1 dec  0 frames
2026-09-28T03:25:23.413939429Z c2  s19  local  81        69.7 ms HE    1 dec  0 frames
2026-09-28T03:25:23.484011029Z c2  s20  local  82        69.7 ms HE    1 dec  0 frames
2026-09-28T03:25:23.554426272Z c2  s21  local  73        70.0 ms HE    1 dec  0 frames
2026-09-28T03:25:23.624778006Z c2  s22  local  74        69.9 ms HE    1 dec  0 frames
2026-09-28T03:25:23.834596455Z c2  s23  local  65       209.7 ms HE    3 dec  0 frames
2026-09-28T03:25:24.044337695Z c2  s24  local  66       209.5 ms HE    3 dec  0 frames
2026-09-28T03:25:24.114609419Z c2  s25  local  11        70.1 ms HE    1 dec  0 frames
2026-09-28T03:25:24.184322574Z c2  s26  local  21        69.6 ms HE    1 dec  0 frames
2026-09-28T03:25:24.254444380Z c2  s27  local  12        69.7 ms HE    1 dec  0 frames
2026-09-28T03:25:24.743679018Z c2  s28  local  31       489.8 ms HE    7 dec  0 frames
2026-09-28T03:25:25.233757262Z c2  s29  local  32       489.5 ms HE    7 dec  0 frames
2026-09-28T03:25:25.303990982Z c2  s30  local  41        69.9 ms HE    1 dec  0 frames
2026-09-28T03:25:25.373909062Z c2  s31  local  42        69.6 ms HE    1 dec  0 frames
2026-09-28T03:25:25.862279391Z c2  s32  local  35       489.1 ms HE    7 dec  0 frames
2026-09-28T03:25:26.351993190Z c2  s33  local  36       488.7 ms HE    7 dec  0 frames
2026-09-28T03:25:26.420443286Z c2  s34  local  22        69.2 ms HE    1 dec  0 frames
2026-09-28T03:25:26.630947221Z c2  s35  local  61       209.2 ms HE    3 dec  0 frames
2026-09-28T03:25:27.119494072Z c2  s36  local  33       488.3 ms HE    7 dec  0 frames
2026-09-28T03:25:27.598978687Z c2  s37  local  34       488.1 ms HE    7 dec  0 frames
2026-09-28T03:25:27.669028884Z c2  s38  local  51        69.9 ms HE    1 dec  0 frames
2026-09-28T03:25:27.739220498Z c2  s39  local  52        70.0 ms HE    1 dec  0 frames
2026-09-28T03:25:28.228525945Z c2  s40  local  37       489.2 ms HE    7 dec  0 frames
2026-09-28T03:25:28.718903927Z c2  s41  local  38       490.0 ms HE    7 dec  0 frames
2026-09-28T03:25:28.929956231Z c2  s42  local  63       210.3 ms HE    3 dec  0 frames
2026-09-28T03:25:29.139882693Z c2  s43  local  64       209.8 ms HE    3 dec  0 frames
2026-09-28T03:25:29.140014810Z -- cycle 2/5 done at 23937.6 ms --
2026-09-28T03:25:29.140033112Z 
2026-09-28T03:25:29.140041113Z -- cycle 3/5 --
2026-09-28T03:25:29.209926689Z c3  s0   local  21        69.9 ms HE    1 dec  0 frames
2026-09-28T03:25:29.279847570Z c3  s1   local  11        69.8 ms HE    1 dec  0 frames
2026-09-28T03:25:29.349798654Z c3  s2   local  12        69.8 ms HE    1 dec  0 frames
2026-09-28T03:25:29.839468447Z c3  s3   local  31       489.2 ms HE    7 dec  0 frames
2026-09-28T03:25:30.329112536Z c3  s4   local  32       489.5 ms HE    7 dec  0 frames
2026-09-28T03:25:30.398956507Z c3  s5   local  41        69.8 ms HE    1 dec  0 frames
2026-09-28T03:25:30.469071012Z c3  s6   local  22        69.7 ms HE    1 dec  0 frames
2026-09-28T03:25:30.539341737Z c3  s7   local  42        70.0 ms HE    1 dec  0 frames
2026-09-28T03:25:31.028557473Z c3  s8   local  33       489.1 ms HE    7 dec  0 frames
2026-09-28T03:25:31.516097298Z c3  s9   local  34       488.0 ms HE    7 dec  0 frames
2026-09-28T03:25:32.001749986Z c3  s10  local  35       485.5 ms HE    7 dec  0 frames
2026-09-28T03:25:32.070931574Z c3  s11  local  53        69.3 ms HE    1 dec  0 frames
2026-09-28T03:25:32.140365893Z c3  s12  local  54        69.3 ms HE    1 dec  0 frames
2026-09-28T03:25:32.629158971Z c3  s13  local  36       487.2 ms HE    7 dec  0 frames
2026-09-28T03:25:33.118334301Z c3  s14  local  39       489.1 ms HE    7 dec  0 frames
2026-09-28T03:25:33.326501443Z c3  s15  local  61       208.8 ms HE    3 dec  0 frames
2026-09-28T03:25:33.811909600Z c3  s16  local  30       485.2 ms HE    7 dec  0 frames
2026-09-28T03:25:33.881417229Z c3  s17  local  71        69.4 ms HE    1 dec  0 frames
2026-09-28T03:25:33.950586615Z c3  s18  local  72        69.3 ms HE    1 dec  0 frames
2026-09-28T03:25:34.020054739Z c3  s19  local  81        69.2 ms HE    1 dec  0 frames
2026-09-28T03:25:34.089850004Z c3  s20  local  82        69.4 ms HE    1 dec  0 frames
2026-09-28T03:25:34.158766259Z c3  s21  local  73        69.3 ms HE    1 dec  0 frames
2026-09-28T03:25:34.228092265Z c3  s22  local  74        69.2 ms HE    1 dec  0 frames
2026-09-28T03:25:34.436192898Z c3  s23  local  65       207.9 ms HE    3 dec  0 frames
2026-09-28T03:25:34.645646701Z c3  s24  local  66       208.7 ms HE    3 dec  0 frames
2026-09-28T03:25:34.715783609Z c3  s25  local  11        69.7 ms HE    1 dec  0 frames
2026-09-28T03:25:34.785859209Z c3  s26  local  21        69.9 ms HE    1 dec  0 frames
2026-09-28T03:25:34.856225545Z c3  s27  local  12        70.0 ms HE    1 dec  0 frames
2026-09-28T03:25:35.345545794Z c3  s28  local  31       489.3 ms HE    7 dec  0 frames
2026-09-28T03:25:35.835301898Z c3  s29  local  32       489.3 ms HE    7 dec  0 frames
2026-09-28T03:25:35.905289187Z c3  s30  local  41        69.8 ms HE    1 dec  0 frames
2026-09-28T03:25:35.975746135Z c3  s31  local  42        70.1 ms HE    1 dec  0 frames
2026-09-28T03:25:36.465071284Z c3  s32  local  35       489.2 ms HE    7 dec  0 frames
2026-09-28T03:25:36.955643290Z c3  s33  local  36       490.0 ms HE    7 dec  0 frames
2026-09-28T03:25:37.024671758Z c3  s34  local  22        69.6 ms HE    1 dec  0 frames
2026-09-28T03:25:48.753960593Z c3  s35  local  61       209.6 ms HE    3 dec  0 frames
2026-09-28T03:25:37.718490963Z c3  s36  local  33       488.8 ms HE    7 dec  0 frames
2026-09-28T03:25:38.207561681Z c3  s37  local  34       488.7 ms HE    7 dec  0 frames
2026-09-28T03:25:38.276456233Z c3  s38  local  51        69.4 ms HE    1 dec  0 frames
2026-09-28T03:25:38.345831845Z c3  s39  local  52        69.3 ms HE    1 dec  0 frames
2026-09-28T03:25:38.835300212Z c3  s40  local  37       488.5 ms HE    7 dec  0 frames
2026-09-28T03:25:39.322575704Z c3  s41  local  38       487.3 ms HE    7 dec  0 frames
2026-09-28T03:25:39.532851210Z c3  s42  local  63       209.8 ms HE    3 dec  0 frames
2026-09-28T03:25:39.742455933Z c3  s43  local  64       209.2 ms HE    3 dec  0 frames
2026-09-28T03:25:39.742537843Z -- cycle 3/5 done at 34545.2 ms --
2026-09-28T03:25:39.742548844Z 
2026-09-28T03:25:39.742555845Z -- cycle 4/5 --
2026-09-28T03:25:39.812993291Z c4  s0   local  21        70.0 ms HE    1 dec  0 frames
2026-09-28T03:25:39.883137299Z c4  s1   local  11        70.0 ms HE    1 dec  0 frames
2026-09-28T03:25:39.953325213Z c4  s2   local  12        70.0 ms HE    1 dec  0 frames
2026-09-28T03:25:40.442137398Z c4  s3   local  31       488.6 ms HE    7 dec  0 frames
2026-09-28T03:25:40.932118930Z c4  s4   local  32       489.7 ms HE    7 dec  0 frames
2026-09-28T03:25:41.002294343Z c4  s5   local  41        70.0 ms HE    1 dec  0 frames
2026-09-28T03:25:41.071909785Z c4  s6   local  22        69.6 ms HE    1 dec  0 frames
2026-09-28T03:25:41.142055094Z c4  s7   local  42        69.8 ms HE    1 dec  0 frames
2026-09-28T03:25:41.632289758Z c4  s8   local  33       490.0 ms HE    7 dec  0 frames
2026-09-28T03:25:42.122132172Z c4  s9   local  34       489.6 ms HE    7 dec  0 frames
2026-09-28T03:25:42.620895717Z c4  s10  local  35       487.3 ms HE    7 dec  0 frames
2026-09-28T03:25:42.691291558Z c4  s11  local  53        69.9 ms HE    1 dec  0 frames
2026-09-28T03:25:42.761513376Z c4  s12  local  54        70.0 ms HE    1 dec  0 frames
2026-09-28T03:25:43.252070980Z c4  s13  local  36       489.9 ms HE    7 dec  0 frames
2026-09-28T03:25:43.741591454Z c4  s14  local  39       489.6 ms HE    7 dec  0 frames
2026-09-28T03:25:43.950533893Z c4  s15  local  61       209.1 ms HE    3 dec  0 frames
2026-09-28T03:25:44.439486196Z c4  s16  local  30       488.3 ms HE    7 dec  0 frames
2026-09-28T03:25:44.509088036Z c4  s17  local  71        69.7 ms HE    1 dec  0 frames
2026-09-28T03:25:44.579431370Z c4  s18  local  72        69.8 ms HE    1 dec  0 frames
2026-09-28T03:25:44.649726698Z c4  s19  local  81        70.1 ms HE    1 dec  0 frames
2026-09-28T03:25:44.719643678Z c4  s20  local  82        69.7 ms HE    1 dec  0 frames
2026-09-28T03:25:44.789943406Z c4  s21  local  73        70.0 ms HE    1 dec  0 frames
2026-09-28T03:25:44.860722995Z c4  s22  local  74        70.2 ms HE    1 dec  0 frames
2026-09-28T03:25:45.070603551Z c4  s23  local  65       210.1 ms HE    3 dec  0 frames
2026-09-28T03:25:45.280912662Z c4  s24  local  66       210.1 ms HE    3 dec  0 frames
2026-09-28T03:25:45.351567435Z c4  s25  local  11        70.0 ms HE    1 dec  0 frames
2026-09-28T03:25:45.421758049Z c4  s26  local  21        69.9 ms HE    1 dec  0 frames
2026-09-28T03:25:45.491493107Z c4  s27  local  12        69.7 ms HE    1 dec  0 frames
2026-09-28T03:25:45.981688965Z c4  s28  local  31       489.8 ms HE    7 dec  0 frames
2026-09-28T03:25:46.470843393Z c4  s29  local  32       489.7 ms HE    7 dec  0 frames
2026-09-28T03:25:46.540020980Z c4  s30  local  41        69.3 ms HE    1 dec  0 frames
2026-09-28T03:25:46.609945662Z c4  s31  local  42        69.5 ms HE    1 dec  0 frames
2026-09-28T03:25:47.094481109Z c4  s32  local  35       484.8 ms HE    7 dec  0 frames
2026-09-28T03:25:47.571880766Z c4  s33  local  36       488.0 ms HE    7 dec  0 frames
2026-09-28T03:25:47.641972969Z c4  s34  local  22        69.8 ms HE    1 dec  0 frames
2026-09-28T03:25:47.851762514Z c4  s35  local  61       209.5 ms HE    3 dec  0 frames
2026-09-28T03:25:48.340984650Z c4  s36  local  33       489.2 ms HE    7 dec  0 frames
2026-09-28T03:25:48.829006336Z c4  s37  local  34       487.5 ms HE    7 dec  0 frames
2026-09-28T03:25:48.898594375Z c4  s38  local  51        69.5 ms HE    1 dec  0 frames
2026-09-28T03:25:48.968419244Z c4  s39  local  52        69.6 ms HE    1 dec  0 frames
2026-09-28T03:25:49.457220827Z c4  s40  local  37       488.6 ms HE    7 dec  0 frames
2026-09-28T03:25:49.946755103Z c4  s41  local  38       488.9 ms HE    7 dec  0 frames
2026-09-28T03:25:50.156659262Z c4  s42  local  63       209.6 ms HE    3 dec  0 frames
2026-09-28T03:25:50.366506915Z c4  s43  local  64       209.8 ms HE    3 dec  0 frames
2026-09-28T03:25:50.366629831Z -- cycle 4/5 done at 45169.7 ms --
2026-09-28T03:25:50.366647433Z 
2026-09-28T03:25:50.366654534Z -- cycle 5/5 --
2026-09-28T03:25:50.436806743Z c5  s0   local  21        69.9 ms HE    1 dec  0 frames
2026-09-28T03:25:50.506287269Z c5  s1   local  11        69.6 ms HE    1 dec  0 frames
2026-09-28T03:25:50.577036953Z c5  s2   local  12        70.0 ms HE    1 dec  0 frames
2026-09-28T03:25:51.064868115Z c5  s3   local  31       487.9 ms HE    7 dec  0 frames
2026-09-28T03:25:51.551740256Z c5  s4   local  32       486.6 ms HE    7 dec  0 frames
2026-09-28T03:25:51.621959075Z c5  s5   local  41        70.0 ms HE    1 dec  0 frames
2026-09-28T03:25:51.692318710Z c5  s6   local  22        70.0 ms HE    1 dec  0 frames
2026-09-28T03:25:51.762672045Z c5  s7   local  42        70.2 ms HE    1 dec  0 frames
2026-09-28T03:26:03.774240929Z c5  s8   local  33       489.0 ms HE    7 dec  0 frames
2026-09-28T03:25:52.748672849Z c5  s9   local  34       487.8 ms HE    7 dec  0 frames
2026-09-28T03:25:53.238082909Z c5  s10  local  35       489.2 ms HE    7 dec  0 frames
2026-09-28T03:25:53.308768586Z c5  s11  local  53        69.9 ms HE    1 dec  0 frames
2026-09-28T03:25:53.378665964Z c5  s12  local  54        69.9 ms HE    1 dec  0 frames
2026-09-28T03:25:53.867500451Z c5  s13  local  36       488.6 ms HE    7 dec  0 frames
2026-09-28T03:25:54.357379170Z c5  s14  local  39       489.5 ms HE    7 dec  0 frames
2026-09-28T03:25:54.567239625Z c5  s15  local  61       209.6 ms HE    3 dec  0 frames
2026-09-28T03:25:55.056398453Z c5  s16  local  30       488.9 ms HE    7 dec  0 frames
2026-09-28T03:25:55.126571065Z c5  s17  local  71        70.3 ms HE    1 dec  0 frames
2026-09-28T03:25:55.196727375Z c5  s18  local  72        69.7 ms HE    1 dec  0 frames
2026-09-28T03:25:55.266989099Z c5  s19  local  81        70.0 ms HE    1 dec  0 frames
2026-09-28T03:25:55.337174113Z c5  s20  local  82        69.9 ms HE    1 dec  0 frames
2026-09-28T03:25:55.406824759Z c5  s21  local  73        69.7 ms HE    1 dec  0 frames
2026-09-28T03:25:55.477616149Z c5  s22  local  74        70.3 ms HE    1 dec  0 frames
2026-09-28T03:25:55.687345687Z c5  s23  local  65       209.6 ms HE    3 dec  0 frames
2026-09-28T03:25:55.897007717Z c5  s24  local  66       209.6 ms HE    3 dec  0 frames
2026-09-28T03:25:55.967199031Z c5  s25  local  11        69.7 ms HE    1 dec  0 frames
2026-09-28T03:25:56.037332839Z c5  s26  local  21        69.9 ms HE    1 dec  0 frames
2026-09-28T03:25:56.107093199Z c5  s27  local  12        69.6 ms HE    1 dec  0 frames
2026-09-28T03:25:56.595045676Z c5  s28  local  31       488.3 ms HE    7 dec  0 frames
2026-09-28T03:25:57.080802377Z c5  s29  local  32       485.8 ms HE    7 dec  0 frames
2026-09-28T03:25:57.150256399Z c5  s30  local  41        69.3 ms HE    1 dec  0 frames
2026-09-28T03:26:08.732911578Z c5  s31  local  42        69.3 ms HE    1 dec  0 frames
2026-09-28T03:25:57.694589015Z c5  s32  local  35       485.9 ms HE    7 dec  0 frames
2026-09-28T03:25:58.183713139Z c5  s33  local  36       488.2 ms HE    7 dec  0 frames
2026-09-28T03:25:58.253682326Z c5  s34  local  22        69.8 ms HE    1 dec  0 frames
2026-09-28T03:25:58.463200937Z c5  s35  local  61       209.4 ms HE    3 dec  0 frames
2026-09-28T03:25:58.952315860Z c5  s36  local  33       488.3 ms HE    7 dec  0 frames
2026-09-28T03:25:59.440500266Z c5  s37  local  34       488.3 ms HE    7 dec  0 frames
2026-09-28T03:25:59.510475053Z c5  s38  local  51        69.6 ms HE    1 dec  0 frames
2026-09-28T03:25:59.580337127Z c5  s39  local  52        69.9 ms HE    1 dec  0 frames
2026-09-28T03:26:00.069673477Z c5  s40  local  37       489.1 ms HE    7 dec  0 frames
2026-09-28T03:26:00.558242732Z c5  s41  local  38       488.2 ms HE    7 dec  0 frames
2026-09-28T03:26:00.768249904Z c5  s42  local  63       209.8 ms HE    3 dec  0 frames
2026-09-28T03:26:00.978557515Z c5  s43  local  64       210.0 ms HE    3 dec  0 frames
2026-09-28T03:26:00.978628024Z -- cycle 5/5 done at 55783.5 ms --
2026-09-28T03:26:00.978639925Z 
2026-09-28T03:26:00.978648426Z ============================================================
2026-09-28T03:26:00.978657227Z   SUMMARY — node 1/1 — LOCAL MODULAR — UDP/IP multicast (RFC 1112)
2026-09-28T03:26:00.978666829Z ============================================================
2026-09-28T03:26:00.978675230Z   events this node FIRED:
2026-09-28T03:26:00.978683731Z   local (no network)     n=220  avg   253.55 ms  (HE  253.34 + net    0.00)  min   69.26  max  1068.65  100.0%
2026-09-28T03:26:00.978692032Z   shared controllable          (none on this node)
2026-09-28T03:26:00.978700033Z   shared uncontroll.           (none on this node)
2026-09-28T03:26:00.978707734Z   events this node APPLIED for a peer (participant side):
2026-09-28T03:26:00.978715635Z   shared, applied              (none on this node)
2026-09-28T03:26:00.978723536Z   run clock, end of cycles 1..5 (ms): 13309.0 23937.6 34545.2 45169.7 55783.5
2026-09-28T03:26:00.978731837Z      a cycle is over at the LATEST node's value; DES_WORK_MS 0 included
2026-09-28T03:26:00.978740138Z   ----------------------------------------------------------
2026-09-28T03:26:00.978748339Z   all events            n=220  avg   253.55 ms  (HE  253.34 + net    0.00)
2026-09-28T03:26:00.978756440Z   PEER-WAIT + WIRE      0.0 % of total step time
2026-09-28T03:26:00.978764341Z      (compare against the round-trip probe above: the excess is
2026-09-28T03:26:00.978772242Z       the peer's own HE work, not the link.)
2026-09-28T03:26:00.978779943Z   frames: tx=0 rx=0 retransmits=0
2026-09-28T03:26:00.978787744Z   authentication: HMAC-SHA256/128, 1.3 us per frame; 0 rejected (bad tag), 0 stale/replayed dropped, 0 epoch challenges
2026-09-28T03:26:00.978796145Z   rx queue: peak 0/64 frames
2026-09-28T03:26:00.978804246Z   plant check: 0 event reports rejected as physically impossible
2026-09-28T03:26:00.978862053Z      (these supervisors carry the plant: an impossible uncontrollable event is caught)
2026-09-28T03:26:00.978869454Z   ----------------------------------------------------------
2026-09-28T03:26:00.978875455Z   homomorphic vs cleartext oracle : PASS — every encrypted bit matched
2026-09-28T03:26:00.978881556Z      (PASS certifies the cryptography: each node's encrypted bits
2026-09-28T03:26:00.978887356Z       match its own clear model for the events it applied. It does
2026-09-28T03:26:00.978893157Z       not certify the distributed run — read the skips for that.)
2026-09-28T03:26:00.978898958Z   distributed vs MONOLITHIC sup.  : off — this header has no monolithic supervisor
2026-09-28T03:26:00.978905159Z   safe halt                       : no — ran to completion
2026-09-28T03:26:00.978911159Z ============================================================
2026-09-28T03:26:11.007414034Z @@RESULT {"node":1,"nodes":1,"family":"LOCAL MODULAR","data":"supervisor_data_fms.h","transport":"UDP/IP multicast (RFC 1112)","fingerprint":"3f2beff2","supervisors":["S0","S1","S2","S3","S4","S5","S6"],"fired":{"local":220,"ctrl":0,"unctrl":0},"applied_for_peers":0,"skips":0,"impossible":0,"tx":0,"rx":0,"retx":0,"auth_bad":0,"replays":0,"challenges":0,"mac_us":1.33,"rxq_peak":0,"rxq_drops":0,"sync_wait_ms":0.0,"oracle":"PASS","safe_halt":false,"halt_reason":"","cycle_end_ms":[13309.0,23937.6,34545.2,45169.7,55783.5],"rounds":5,"work_ms":0,"emu_scalarmul_ms":69.0,"exit":0}
