2026-09-28T12:57:21.889080854Z des_container: node 1 of 2, LOCAL MODULAR, data supervisor_data_fms.h, transport UDP/IP multicast (RFC 1112)
2026-09-28T12:57:21.889196109Z des_container: EMULATING the ESP32 — every decryption takes at least 69.0 ms (DES_EMU_SCALARMUL_MS)
2026-09-28T12:57:21.889204013Z des_container: dropping 30 % of received frames, seed 3923741015 (DES_LOSS_SEED to replay)
2026-09-28T12:57:21.889205513Z 
2026-09-28T12:57:21.889206714Z ============================================================
2026-09-28T12:57:21.889208315Z   Distributed Homomorphic DES — generic engine
2026-09-28T12:57:21.889210216Z   node 1/2   family LOCAL MODULAR   7 supervisors   31 events
2026-09-28T12:57:21.889212216Z   data: supervisor_data_fms.h
2026-09-28T12:57:21.889214418Z ============================================================
2026-09-28T12:57:21.891352839Z --- event routing (DERIVED from the header, not hardcoded) ---
2026-09-28T12:57:21.891399761Z   event  ctrl  nodes      owner  class
2026-09-28T12:57:21.891403863Z   11     yes   1          1      local — no network
2026-09-28T12:57:21.891407365Z   12     no    1          1      local — no network
2026-09-28T12:57:21.891409666Z   21     yes   1          1      local — no network
2026-09-28T12:57:21.891411967Z   22     no    1          1      local — no network
2026-09-28T12:57:21.891414068Z   30     no    1 2        1      SHARED — needs network
2026-09-28T12:57:21.891416269Z   31     yes   1 2        1      SHARED — needs network
2026-09-28T12:57:21.891418470Z   32     no    1 2        1      SHARED — needs network
2026-09-28T12:57:21.891420471Z   33     yes   1 2        1      SHARED — needs network
2026-09-28T12:57:21.891422572Z   34     no    1 2        1      SHARED — needs network
2026-09-28T12:57:21.891423873Z   35     yes   1 2        1      SHARED — needs network
2026-09-28T12:57:21.891425074Z   36     no    1 2        1      SHARED — needs network
2026-09-28T12:57:21.891426374Z   37     yes   1 2        1      SHARED — needs network
2026-09-28T12:57:21.891427675Z   38     no    1 2        1      SHARED — needs network
2026-09-28T12:57:21.891428975Z   39     yes   1 2        1      SHARED — needs network
2026-09-28T12:57:21.891430176Z   41     yes   1          1      local — no network
2026-09-28T12:57:21.891432577Z   42     no    1          1      local — no network
2026-09-28T12:57:21.891433778Z   51     yes   1          1      local — no network
2026-09-28T12:57:21.891435078Z   52     no    1          1      local — no network
2026-09-28T12:57:21.891436279Z   53     yes   1          1      local — no network
2026-09-28T12:57:21.891437479Z   54     no    1          1      local — no network
2026-09-28T12:57:21.891438780Z   61     yes   2          2      local — no network
2026-09-28T12:57:21.891439981Z   63     yes   2          2      local — no network
2026-09-28T12:57:21.891465393Z   64     no    2          2      local — no network
2026-09-28T12:57:21.891466894Z   65     yes   2          2      local — no network
2026-09-28T12:57:21.891468094Z   66     no    2          2      local — no network
2026-09-28T12:57:21.891469295Z   71     yes   2          2      local — no network
2026-09-28T12:57:21.891470495Z   72     no    2          2      local — no network
2026-09-28T12:57:21.891471796Z   73     yes   2          2      local — no network
2026-09-28T12:57:21.891473096Z   74     no    2          2      local — no network
2026-09-28T12:57:21.891474297Z   81     yes   2          2      local — no network
2026-09-28T12:57:21.891475598Z   82     no    2          2      local — no network
2026-09-28T12:57:21.891476898Z   => 10/31 events shared; 21/31 need ZERO network traffic; 20 concern this node
2026-09-28T12:57:21.891478599Z   NOTE controllability was INFERRED from event labels (the header
2026-09-28T12:57:21.891479800Z        does not carry it). Check the 'ctrl' column above; if it is
2026-09-28T12:57:21.891481901Z        wrong, set DES_CONTROLLABLE_MASK explicitly.
2026-09-28T12:57:21.891483301Z 
2026-09-28T12:57:21.891484502Z [init] config fingerprint edbd7971 — every node must print the same
2026-09-28T12:57:21.891485903Z 
2026-09-28T12:57:21.891487003Z [net] UDP multicast 239.192.7.1:5077  ttl=1  frame=44 B
2026-09-28T12:57:21.891488404Z --- crypto self-test ---
2026-09-28T12:57:21.894031018Z   Enc(0)->0 Enc(1)->1                PASS
2026-09-28T12:57:21.894709342Z   Enc(1)+Enc(1)->1 homomorphic OR   PASS
2026-09-28T12:57:21.895720225Z   Enc(0)+Enc(0)->0                  PASS
2026-09-28T12:57:21.895812970Z   curve secp192r1, ciphertext 50 B    PASS
2026-09-28T12:57:21.895821874Z   frame tag HMAC-SHA256/128: 2.6 us, 1-bit tamper caught  PASS
2026-09-28T12:57:21.895824275Z 
2026-09-28T12:57:21.896132022Z --- encrypting my supervisors' initial states ---
2026-09-28T12:57:21.896307406Z [load] S0         idx 0   18 states  12 constraining ev     900 B ciphertext
2026-09-28T12:57:21.896319311Z [load] S1         idx 1   18 states  12 constraining ev     900 B ciphertext
2026-09-28T12:57:21.896322213Z [load] S2         idx 2   18 states  12 constraining ev     900 B ciphertext
2026-09-28T12:57:21.896324614Z [load] S3         idx 3   21 states  14 constraining ev    1050 B ciphertext
2026-09-28T12:57:25.475859921Z [init] my keypair is mine alone; no ciphertext ever leaves this node
2026-09-28T12:57:25.475947863Z [init] my enablement: 11=1 12=0 21=1 22=0 30=0 31=0 32=0 33=0 34=0 35=0 36=0 37=0 38=0 39=0 41=0 42=0 51=0 52=0 53=0 54=0 61=1 63=1 64=1 65=1 66=1 71=1 72=1 73=1 74=1 81=1 82=1
2026-09-28T12:57:25.475961269Z 
2026-09-28T12:57:25.681251334Z [net] waiting for 1 peer(s). all present.
2026-09-28T12:57:27.186451948Z 
2026-09-28T12:57:27.186532687Z --- transport round-trip probe (UDP/IP multicast (RFC 1112)) ---
2026-09-28T12:57:29.773098724Z   13 probes: avg 3.85 ms  min 2.50 ms  max 5.32 ms
2026-09-28T12:57:29.773197171Z 
2026-09-28T12:57:29.773209176Z ============================================================
2026-09-28T12:57:29.773215079Z   RUN — SIM_SEQ driver — 5 cycles x 44 steps — LOCAL MODULAR
2026-09-28T12:57:29.773222183Z   columns: cN sNN = cycle/step of MY walk; · = a peer caused this
2026-09-28T12:57:29.773227785Z   'done at': run clock, common to all nodes; a cycle is over at the
2026-09-28T12:57:29.773233488Z   LATEST node's print, machine time (DES_WORK_MS 0) included
2026-09-28T12:57:29.773238690Z ============================================================
2026-09-28T12:57:29.773243893Z 
2026-09-28T12:57:29.773248795Z -- cycle 1/5 --
2026-09-28T12:57:29.914794910Z c1  s0   local  21       141.4 ms HE    2 dec  0 frames
2026-09-28T12:57:30.056230572Z c1  s1   local  11       141.3 ms HE    2 dec  0 frames
2026-09-28T12:57:30.125894950Z c1  s2   local  12        69.7 ms HE    1 dec  0 frames
2026-09-28T12:57:33.381796161Z c1  s3   2pc    31       279.7 ms HE    4 dec  4 frames  + 3006.7 ms peer-wait  (seq 1)
2026-09-28T12:57:33.876160212Z c1  s4   notify 32       492.1 ms HE    7 dec  2 frames  + 1.6 ms peer-wait  (seq 2)
2026-09-28T12:57:33.946197168Z c1  s5   local  41        69.6 ms HE    1 dec  0 frames
2026-09-28T12:57:34.015994809Z c1  s6   local  22        69.7 ms HE    1 dec  0 frames
2026-09-28T12:57:34.085655885Z c1  s7   local  42        69.7 ms HE    1 dec  0 frames
2026-09-28T12:57:35.161096509Z c1  s8   2pc    33       279.2 ms HE    4 dec  4 frames  + 7.4 ms peer-wait  (seq 3)
2026-09-28T12:57:35.538782024Z c1  s9   notify 34       279.1 ms HE    4 dec  2 frames  + 1.5 ms peer-wait  (seq 4)
2026-09-28T12:57:41.848467653Z c1  s10  retry  35    no quorum after 4 tries — nothing applied anywhere
2026-09-28T12:57:42.183968917Z c1  s10  2pc    35       279.4 ms HE    4 dec  4 frames  + 5.3 ms peer-wait  (seq 5)
2026-09-28T12:57:53.274924150Z c1  s11  local  53        69.4 ms HE    1 dec  0 frames
2026-09-28T12:57:53.344480276Z c1  s12  local  54        69.4 ms HE    1 dec  0 frames
2026-09-28T12:57:58.378034445Z c1  s13  notify 36       278.3 ms HE    4 dec  2 frames  + 4505.9 ms peer-wait  (seq 6)
2026-09-28T12:57:49.712340712Z c1  s14  2pc    39       278.6 ms HE    4 dec  4 frames  + 1505.1 ms peer-wait  (seq 7)
2026-09-28T12:57:50.419578850Z c1  s16  notify 30       279.2 ms HE    4 dec  2 frames  + 1.6 ms peer-wait  (seq 8)
2026-09-28T12:57:50.490226398Z c1  s25  local  11        69.8 ms HE    1 dec  0 frames
2026-09-28T12:57:50.560692959Z c1  s26  local  21        70.2 ms HE    1 dec  0 frames
2026-09-28T12:57:50.630980334Z c1  s27  local  12        70.0 ms HE    1 dec  0 frames
2026-09-28T12:57:51.684942398Z c1  s28  2pc    31       279.2 ms HE    4 dec  4 frames  + 5.6 ms peer-wait  (seq 9)
2026-09-28T12:57:56.479032816Z c1  s29  notify 32       279.6 ms HE    4 dec  2 frames  + 4504.1 ms peer-wait  (seq 10)
2026-09-28T12:57:56.548747218Z c1  s30  local  41        69.5 ms HE    1 dec  0 frames
2026-09-28T12:57:56.617821213Z c1  s31  local  42        69.3 ms HE    1 dec  0 frames
2026-09-28T12:57:56.900787182Z c1  s32  2pc    35       278.7 ms HE    4 dec  4 frames  + 4.0 ms peer-wait  (seq 11)
2026-09-28T12:58:08.428391417Z c1  s33  notify 36       278.9 ms HE    4 dec  2 frames  + 1.6 ms peer-wait  (seq 12)
2026-09-28T12:58:08.498768335Z c1  s34  local  22        70.0 ms HE    1 dec  0 frames
2026-09-28T12:58:04.646508145Z c1  s36  2pc    33       278.5 ms HE    4 dec  4 frames  + 6007.3 ms peer-wait  (seq 13)
2026-09-28T12:58:06.942180457Z c1  s37  notify 34       278.7 ms HE    4 dec  2 frames  + 1503.2 ms peer-wait  (seq 14)
2026-09-28T12:58:07.012585188Z c1  s38  local  51        69.7 ms HE    1 dec  0 frames
2026-09-28T12:58:07.082416746Z c1  s39  local  52        69.6 ms HE    1 dec  0 frames
2026-09-28T12:58:09.016152239Z c1  s40  2pc    37       278.6 ms HE    4 dec  4 frames  + 1507.9 ms peer-wait  (seq 15)
2026-09-28T12:58:10.799726328Z c1  s41  notify 38       279.2 ms HE    4 dec  2 frames  + 1504.5 ms peer-wait  (seq 16)
2026-09-28T12:58:10.799772451Z -- cycle 1/5 done at 41052.9 ms --
2026-09-28T12:58:10.799782956Z 
2026-09-28T12:58:10.799790159Z -- cycle 2/5 --
2026-09-28T12:58:10.869990893Z c2  s0   local  21        69.7 ms HE    1 dec  0 frames
2026-09-28T12:58:10.939807043Z c2  s1   local  11        69.7 ms HE    1 dec  0 frames
2026-09-28T12:58:11.008974083Z c2  s2   local  12        69.5 ms HE    1 dec  0 frames
2026-09-28T12:58:12.786556767Z c2  s3   2pc    31       280.5 ms HE    4 dec  4 frames  + 1508.6 ms peer-wait  (seq 17)
2026-09-28T12:58:16.068632971Z c2  s4   notify 32       277.4 ms HE    4 dec  2 frames  + 3004.2 ms peer-wait  (seq 18)
2026-09-28T12:58:16.138125767Z c2  s5   local  41        69.4 ms HE    1 dec  0 frames
2026-09-28T12:58:16.208389531Z c2  s6   local  22        69.9 ms HE    1 dec  0 frames
2026-09-28T12:58:16.278394571Z c2  s7   local  42        69.6 ms HE    1 dec  0 frames
2026-09-28T12:58:33.585411706Z c2  s8   2pc    33       278.9 ms HE    4 dec  4 frames  + 6008.8 ms peer-wait  (seq 19)
2026-09-28T12:58:22.846615279Z c2  s9   notify 34       278.5 ms HE    4 dec  2 frames  + 1.4 ms peer-wait  (seq 20)
2026-09-28T12:58:29.089809848Z c2  s10  retry  35    no quorum after 4 tries — nothing applied anywhere
2026-09-28T12:58:35.427803113Z c2  s10  2pc    35       279.5 ms HE    4 dec  4 frames  + 6009.1 ms peer-wait  (seq 21)
2026-09-28T12:58:35.497936015Z c2  s11  local  53        69.7 ms HE    1 dec  0 frames
2026-09-28T12:58:35.568424586Z c2  s12  local  54        70.0 ms HE    1 dec  0 frames
2026-09-28T12:58:35.848001336Z c2  s13  notify 36       278.6 ms HE    4 dec  2 frames  + 1.5 ms peer-wait  (seq 22)
2026-09-28T12:58:40.619684959Z c2  s14  2pc    39       278.3 ms HE    4 dec  4 frames  + 4509.0 ms peer-wait  (seq 23)
2026-09-28T12:58:41.321345033Z c2  s16  notify 30       279.8 ms HE    4 dec  2 frames  + 1.6 ms peer-wait  (seq 24)
2026-09-28T12:58:41.391959364Z c2  s25  local  11        70.0 ms HE    1 dec  0 frames
2026-09-28T12:58:41.461903476Z c2  s26  local  21        69.7 ms HE    1 dec  0 frames
2026-09-28T12:58:41.532333619Z c2  s27  local  12        70.2 ms HE    1 dec  0 frames
2026-09-28T12:58:45.381219067Z c2  s28  2pc    31       278.8 ms HE    4 dec  4 frames  + 3008.8 ms peer-wait  (seq 25)
2026-09-28T12:58:45.662196586Z c2  s29  notify 32       278.9 ms HE    4 dec  2 frames  + 1.6 ms peer-wait  (seq 26)
2026-09-28T12:58:45.731641259Z c2  s30  local  41        69.8 ms HE    1 dec  0 frames
2026-09-28T12:58:45.801235003Z c2  s31  local  42        69.5 ms HE    1 dec  0 frames
2026-09-28T12:58:47.689576807Z c2  s32  2pc    35       279.1 ms HE    4 dec  4 frames  + 1504.4 ms peer-wait  (seq 27)
2026-09-28T12:58:48.206954251Z c2  s33  notify 36       279.3 ms HE    4 dec  2 frames  + 1.8 ms peer-wait  (seq 28)
2026-09-28T12:58:48.278415287Z c2  s34  local  22        69.8 ms HE    1 dec  0 frames
2026-09-28T12:58:51.635075219Z c2  s36  2pc    33       279.4 ms HE    4 dec  4 frames  + 3006.6 ms peer-wait  (seq 29)
2026-09-28T12:58:57.895177060Z c2  s37  notify 34       278.2 ms HE    4 dec  2 frames  + 6005.1 ms peer-wait  (seq 30)
2026-09-28T12:58:57.965524364Z c2  s38  local  51        69.8 ms HE    1 dec  0 frames
2026-09-28T12:58:58.035448966Z c2  s39  local  52        69.6 ms HE    1 dec  0 frames
2026-09-28T12:58:59.891376618Z c2  s40  2pc    37       278.7 ms HE    4 dec  4 frames  + 1506.2 ms peer-wait  (seq 31)
2026-09-28T12:59:00.410435565Z c2  s41  notify 38       279.7 ms HE    4 dec  2 frames  + 1.5 ms peer-wait  (seq 32)
2026-09-28T12:59:00.410547719Z -- cycle 2/5 done at 90703.5 ms --
2026-09-28T12:59:00.410565327Z 
2026-09-28T12:59:00.410578934Z -- cycle 3/5 --
2026-09-28T12:59:00.480154069Z c3  s0   local  21        69.7 ms HE    1 dec  0 frames
2026-09-28T12:59:00.550346199Z c3  s1   local  11        70.0 ms HE    1 dec  0 frames
2026-09-28T12:59:00.620547933Z c3  s2   local  12        70.0 ms HE    1 dec  0 frames
2026-09-28T12:59:07.374773352Z c3  s3   retry  31    no quorum after 4 tries — nothing applied anywhere
2026-09-28T12:59:13.426674345Z c3  s3   retry  31    no quorum after 4 tries — nothing applied anywhere
2026-09-28T12:59:13.477172867Z c3  s3   SKIP   31    no quorum — a peer never answered
2026-09-28T12:59:14.086852503Z c3  s4   [!!]   32    IMPOSSIBLE — uncontrollable, but no machine could produce it from here; rejected (sensor fault or attack?)
2026-09-28T12:59:14.086935042Z c3  s4   SKIP   32    physically impossible here — rejected
2026-09-28T12:59:24.086590157Z c3  s5   SKIP   41    my own supervisor disables it here
2026-09-28T12:59:24.156272743Z c3  s6   local  22        69.4 ms HE    1 dec  0 frames
2026-09-28T12:59:24.156319365Z c3  s7   [!!]   42    IMPOSSIBLE — uncontrollable, but no machine could produce it from here; rejected (sensor fault or attack?)
2026-09-28T12:59:24.156326869Z c3  s7   SKIP   42    physically impossible here — rejected
2026-09-28T12:59:31.943837603Z c3  s8   2pc    33       279.3 ms HE    4 dec  4 frames  + 7508.9 ms peer-wait  (seq 33)
2026-09-28T12:59:33.716242530Z c3  s9   notify 34       278.1 ms HE    4 dec  2 frames  + 1502.7 ms peer-wait  (seq 34)
2026-09-28T12:59:43.939090288Z c3  s10  SKIP   35    my own supervisor disables it here
2026-09-28T12:59:44.010176545Z c3  s11  local  53        69.8 ms HE    1 dec  0 frames
2026-09-28T12:59:44.078985514Z c3  s12  local  54        69.7 ms HE    1 dec  0 frames
2026-09-28T12:59:44.245045438Z c3  s13  [!!]   36    IMPOSSIBLE — uncontrollable, but no machine could produce it from here; rejected (sensor fault or attack?)
2026-09-28T12:59:44.245102165Z c3  s13  SKIP   36    physically impossible here — rejected
2026-09-28T12:59:46.031494301Z c3  s14  2pc    39       277.2 ms HE    4 dec  4 frames  + 1504.3 ms peer-wait  (seq 35)
2026-09-28T12:59:56.233446858Z c3  s16  notify 30       277.3 ms HE    4 dec  2 frames  + 1.2 ms peer-wait  (seq 36)
2026-09-28T13:00:06.232196272Z c3  s25  SKIP   11    my own supervisor disables it here
2026-09-28T13:00:06.301464961Z c3  s26  local  21        69.2 ms HE    1 dec  0 frames
2026-09-28T13:00:06.301489072Z c3  s27  [!!]   12    IMPOSSIBLE — uncontrollable, but no machine could produce it from here; rejected (sensor fault or attack?)
2026-09-28T13:00:06.301492374Z c3  s27  SKIP   12    physically impossible here — rejected
2026-09-28T13:00:08.663443648Z c3  s28  2pc    31       277.2 ms HE    4 dec  4 frames  + 1504.9 ms peer-wait  (seq 37)
2026-09-28T13:00:08.942039930Z c3  s29  notify 32       277.3 ms HE    4 dec  2 frames  + 1.4 ms peer-wait  (seq 38)
2026-09-28T13:00:09.011345836Z c3  s30  local  41        69.3 ms HE    1 dec  0 frames
2026-09-28T13:00:09.080842534Z c3  s31  local  42        69.3 ms HE    1 dec  0 frames
2026-09-28T13:00:10.863380629Z c3  s32  2pc    35       277.1 ms HE    4 dec  4 frames  + 1505.3 ms peer-wait  (seq 39)
2026-09-28T13:00:11.141933289Z c3  s33  notify 36       277.2 ms HE    4 dec  2 frames  + 1.2 ms peer-wait  (seq 40)
2026-09-28T13:00:11.211238095Z c3  s34  local  22        69.3 ms HE    1 dec  0 frames
2026-09-28T13:00:11.565444495Z c3  s36  2pc    33       277.2 ms HE    4 dec  4 frames  + 3.6 ms peer-wait  (seq 41)
2026-09-28T13:00:15.080165327Z c3  s37  notify 34       277.3 ms HE    4 dec  2 frames  + 3004.2 ms peer-wait  (seq 42)
2026-09-28T13:00:15.149654221Z c3  s38  local  51        69.3 ms HE    1 dec  0 frames
2026-09-28T13:00:15.218896497Z c3  s39  local  52        69.3 ms HE    1 dec  0 frames
2026-09-28T13:00:15.500889802Z c3  s40  2pc    37       277.3 ms HE    4 dec  4 frames  + 4.6 ms peer-wait  (seq 43)
2026-09-28T13:00:18.777124436Z c3  s41  notify 38       277.0 ms HE    4 dec  2 frames  + 3002.9 ms peer-wait  (seq 44)
2026-09-28T13:00:18.777159353Z -- cycle 3/5 done at 169101.1 ms --
2026-09-28T13:00:18.777165756Z 
2026-09-28T13:00:18.777169557Z -- cycle 4/5 --
2026-09-28T13:00:18.846347803Z c4  s0   local  21        69.2 ms HE    1 dec  0 frames
2026-09-28T13:00:18.915717440Z c4  s1   local  11        69.3 ms HE    1 dec  0 frames
2026-09-28T13:00:18.985001536Z c4  s2   local  12        69.2 ms HE    1 dec  0 frames
2026-09-28T13:00:25.276478133Z c4  s3   2pc    31       277.2 ms HE    4 dec  4 frames  + 6008.6 ms peer-wait  (seq 45)
2026-09-28T13:00:25.554745457Z c4  s4   notify 32       277.0 ms HE    4 dec  2 frames  + 1.3 ms peer-wait  (seq 46)
2026-09-28T13:00:25.624245056Z c4  s5   local  41        69.3 ms HE    1 dec  0 frames
2026-09-28T13:00:25.693437409Z c4  s6   local  22        69.2 ms HE    1 dec  0 frames
2026-09-28T13:00:25.762859170Z c4  s7   local  42        69.2 ms HE    1 dec  0 frames
2026-09-28T13:00:31.764902913Z c4  s8   retry  33    no quorum after 4 tries — nothing applied anywhere
2026-09-28T13:00:33.597428506Z c4  s8   2pc    33       277.3 ms HE    4 dec  4 frames  + 1504.1 ms peer-wait  (seq 47)
2026-09-28T13:00:34.111171715Z c4  s9   notify 34       277.3 ms HE    4 dec  2 frames  + 1.2 ms peer-wait  (seq 48)
2026-09-28T13:00:37.396162111Z c4  s10  2pc    35       276.9 ms HE    4 dec  4 frames  + 3007.9 ms peer-wait  (seq 49)
2026-09-28T13:00:37.465674616Z c4  s11  local  53        69.4 ms HE    1 dec  0 frames
2026-09-28T13:00:37.535034048Z c4  s12  local  54        69.3 ms HE    1 dec  0 frames
2026-09-28T13:00:38.473443923Z c4  s13  notify 36       277.1 ms HE    4 dec  2 frames  + 1.4 ms peer-wait  (seq 50)
2026-09-28T13:00:41.477443794Z c4  s14  veto   39    a peer's supervisor disables it here  (3003.8 ms)
2026-09-28T13:00:49.036935797Z c4  s14  veto   39    refused 4 more times over 10.6 s, giving up
2026-09-28T13:00:49.036982420Z c4  s14  SKIP   39    a PEER's supervisor kept vetoing it
2026-09-28T13:00:49.551149731Z c4  s16  [!!]   30    IMPOSSIBLE — uncontrollable, but no machine could produce it from here; rejected (sensor fault or attack?)
2026-09-28T13:00:49.551175843Z c4  s16  SKIP   30    physically impossible here — rejected
2026-09-28T13:00:49.620543779Z c4  s25  local  11        69.2 ms HE    1 dec  0 frames
2026-09-28T13:00:49.690001558Z c4  s26  local  21        69.3 ms HE    1 dec  0 frames
2026-09-28T13:00:49.759352686Z c4  s27  local  12        69.3 ms HE    1 dec  0 frames
2026-09-28T13:00:59.755875206Z c4  s28  sync   31    waiting for peers to reach this step (10 s)
2026-09-28T13:01:09.745308172Z c4  s28  sync   31    waiting for peers to reach this step (20 s)
2026-09-28T13:01:19.753740585Z c4  s28  sync   31    waiting for peers to reach this step (30 s)
2026-09-28T13:01:21.754269311Z c4  s28  2pc    31       277.9 ms HE    4 dec  4 frames  + 1504.4 ms peer-wait  (seq 51)
2026-09-28T13:01:22.033023668Z c4  s29  notify 32       277.5 ms HE    4 dec  2 frames  + 1.3 ms peer-wait  (seq 52)
2026-09-28T13:01:22.102762982Z c4  s30  local  41        69.5 ms HE    1 dec  0 frames
2026-09-28T13:01:22.171903909Z c4  s31  local  42        69.3 ms HE    1 dec  0 frames
2026-09-28T13:01:25.546735912Z c4  s32  2pc    35       277.0 ms HE    4 dec  4 frames  + 3007.2 ms peer-wait  (seq 53)
2026-09-28T13:01:26.034426375Z c4  s33  notify 36       277.5 ms HE    4 dec  2 frames  + 1.2 ms peer-wait  (seq 54)
2026-09-28T13:01:26.103995207Z c4  s34  local  22        69.4 ms HE    1 dec  0 frames
2026-09-28T13:01:36.175782611Z c4  s36  SKIP   33    my own supervisor disables it here
2026-09-28T13:01:36.180004228Z c4  s37  [!!]   34    IMPOSSIBLE — uncontrollable, but no machine could produce it from here; rejected (sensor fault or attack?)
2026-09-28T13:01:36.180036043Z c4  s37  SKIP   34    physically impossible here — rejected
2026-09-28T13:01:46.188168136Z c4  s38  SKIP   51    my own supervisor disables it here
2026-09-28T13:01:46.188276788Z c4  s39  [!!]   52    IMPOSSIBLE — uncontrollable, but no machine could produce it from here; rejected (sensor fault or attack?)
2026-09-28T13:01:46.188283591Z c4  s39  SKIP   52    physically impossible here — rejected
2026-09-28T13:01:56.170889451Z c4  s40  SKIP   37    my own supervisor disables it here
2026-09-28T13:01:56.175154888Z c4  s41  [!!]   38    IMPOSSIBLE — uncontrollable, but no machine could produce it from here; rejected (sensor fault or attack?)
2026-09-28T13:01:56.175193307Z c4  s41  SKIP   38    physically impossible here — rejected
2026-09-28T13:01:56.175198709Z -- cycle 4/5 done at 266548.0 ms --
2026-09-28T13:01:56.175202011Z 
2026-09-28T13:01:56.175204912Z -- cycle 5/5 --
2026-09-28T13:02:06.177906049Z c5  s0   SKIP   21    my own supervisor disables it here
2026-09-28T13:02:06.246686705Z c5  s1   local  11        69.3 ms HE    1 dec  0 frames
2026-09-28T13:02:06.315992511Z c5  s2   local  12        69.3 ms HE    1 dec  0 frames
2026-09-28T13:02:11.574772500Z c5  s3   2pc    31       277.3 ms HE    4 dec  4 frames  + 4504.9 ms peer-wait  (seq 55)
2026-09-28T13:02:13.344648179Z c5  s4   notify 32       277.6 ms HE    4 dec  2 frames  + 1503.7 ms peer-wait  (seq 56)
2026-09-28T13:02:13.414140074Z c5  s5   local  41        69.4 ms HE    1 dec  0 frames
2026-09-28T13:02:13.414194701Z c5  s6   [!!]   22    IMPOSSIBLE — uncontrollable, but no machine could produce it from here; rejected (sensor fault or attack?)
2026-09-28T13:02:13.414203905Z c5  s6   SKIP   22    physically impossible here — rejected
2026-09-28T13:02:13.483489502Z c5  s7   local  42        69.3 ms HE    1 dec  0 frames
2026-09-28T13:02:23.556565755Z c5  s8   SKIP   33    my own supervisor disables it here
2026-09-28T13:02:23.560604485Z c5  s9   [!!]   34    IMPOSSIBLE — uncontrollable, but no machine could produce it from here; rejected (sensor fault or attack?)
2026-09-28T13:02:23.560619492Z c5  s9   SKIP   34    physically impossible here — rejected
2026-09-28T13:02:26.845524147Z c5  s10  2pc    35       277.1 ms HE    4 dec  4 frames  + 3003.1 ms peer-wait  (seq 57)
2026-09-28T13:02:36.839833079Z c5  s11  SKIP   53    my own supervisor disables it here
2026-09-28T13:02:36.839954237Z c5  s12  [!!]   54    IMPOSSIBLE — uncontrollable, but no machine could produce it from here; rejected (sensor fault or attack?)
2026-09-28T13:02:36.839961940Z c5  s12  SKIP   54    physically impossible here — rejected
2026-09-28T13:02:38.620322799Z c5  s13  notify 36       277.4 ms HE    4 dec  2 frames  + 1503.8 ms peer-wait  (seq 58)
2026-09-28T13:02:43.402693936Z c5  s14  2pc    39       277.3 ms HE    4 dec  4 frames  + 4508.1 ms peer-wait  (seq 59)
2026-09-28T13:02:53.396036802Z c5  s16  sync   30    waiting for peers to reach this step (10 s)
2026-09-28T13:02:54.185512924Z c5  s16  notify 30       277.4 ms HE    4 dec  2 frames  + 1.4 ms peer-wait  (seq 60)
2026-09-28T13:02:54.254883361Z c5  s25  local  11        69.4 ms HE    1 dec  0 frames
2026-09-28T13:03:04.249811371Z c5  s26  SKIP   21    my own supervisor disables it here
2026-09-28T13:03:04.319378702Z c5  s27  local  12        69.4 ms HE    1 dec  0 frames
2026-09-28T13:03:09.108803721Z c5  s28  2pc    31       277.5 ms HE    4 dec  4 frames  + 4505.5 ms peer-wait  (seq 61)
2026-09-28T13:03:09.622555033Z c5  s29  notify 32       277.6 ms HE    4 dec  2 frames  + 1.2 ms peer-wait  (seq 62)
2026-09-28T13:03:09.692000006Z c5  s30  local  41        69.3 ms HE    1 dec  0 frames
2026-09-28T13:03:09.761628967Z c5  s31  local  42        69.4 ms HE    1 dec  0 frames
2026-09-28T13:03:14.357405042Z c5  s32  veto   35    a peer's supervisor disables it here  (4503.5 ms)
2026-09-28T13:03:20.421340871Z c5  s32  veto   35    refused 4 more times over 10.6 s, giving up
2026-09-28T13:03:20.421366683Z c5  s32  SKIP   35    a PEER's supervisor kept vetoing it
2026-09-28T13:03:21.331159779Z c5  s33  [!!]   36    IMPOSSIBLE — uncontrollable, but no machine could produce it from here; rejected (sensor fault or attack?)
2026-09-28T13:03:21.331265130Z c5  s33  SKIP   36    physically impossible here — rejected
2026-09-28T13:03:21.331299446Z c5  s34  [!!]   22    IMPOSSIBLE — uncontrollable, but no machine could produce it from here; rejected (sensor fault or attack?)
2026-09-28T13:03:21.331307350Z c5  s34  SKIP   22    physically impossible here — rejected
2026-09-28T13:03:24.828837546Z c5  s36  2pc    33       278.0 ms HE    4 dec  4 frames  + 3004.6 ms peer-wait  (seq 63)
2026-09-28T13:03:26.609661822Z c5  s37  notify 34       277.6 ms HE    4 dec  2 frames  + 1502.9 ms peer-wait  (seq 64)
2026-09-28T13:03:26.679723790Z c5  s38  local  51        69.5 ms HE    1 dec  0 frames
2026-09-28T13:03:26.748580282Z c5  s39  local  52        69.3 ms HE    1 dec  0 frames
2026-09-28T13:03:27.101100176Z c5  s40  2pc    37       277.7 ms HE    4 dec  4 frames  + 3.7 ms peer-wait  (seq 65)
2026-09-28T13:03:27.381224687Z c5  s41  notify 38       277.3 ms HE    4 dec  2 frames  + 1.6 ms peer-wait  (seq 66)
2026-09-28T13:03:27.381252501Z -- cycle 5/5 done at 357786.4 ms --
2026-09-28T13:03:27.381255302Z 
2026-09-28T13:03:27.381257003Z ============================================================
2026-09-28T13:03:27.381258804Z   SUMMARY — node 1/2 — LOCAL MODULAR — UDP/IP multicast (RFC 1112)
2026-09-28T13:03:27.381261105Z ============================================================
2026-09-28T13:03:27.381262906Z   events this node FIRED:
2026-09-28T13:03:27.381264706Z   local (no network)     n=68   avg    71.79 ms  (HE   71.65 + net    0.00)  min   69.23  max   141.56    3.4%
2026-09-28T13:03:27.381266507Z   shared controllable    n=33   avg  2875.45 ms  (HE  278.23 + net 2597.11)  min  280.86  max  7788.35   66.7%
2026-09-28T13:03:27.381268308Z   shared uncontroll.     n=33   avg  1287.03 ms  (HE  284.57 + net 1002.35)  min  278.39  max  6283.43   29.9%
2026-09-28T13:03:27.381270209Z   events this node APPLIED for a peer (participant side):
2026-09-28T13:03:27.381274311Z   shared, applied              (none on this node)
2026-09-28T13:03:27.381276012Z   sync-wait (peers reaching a shared step): n=80 avg 801.38 ms, 64.1 s total
2026-09-28T13:03:27.381277813Z      not protocol cost — the plant catching up; kept out of the rows above
2026-09-28T13:03:27.381279514Z   run clock, end of cycles 1..5 (ms): 41052.9 90703.5 169101.1 266548.0 357786.4
2026-09-28T13:03:27.381281314Z      a cycle is over at the LATEST node's value; DES_WORK_MS 0 included
2026-09-28T13:03:27.381283115Z   ----------------------------------------------------------
2026-09-28T13:03:27.381284816Z   all events            n=134  avg  1061.52 ms  (HE  174.96 + net  886.44)
2026-09-28T13:03:27.381286617Z   PEER-WAIT + WIRE      83.5 % of total step time
2026-09-28T13:03:27.381288318Z      (compare against the round-trip probe above: the excess is
2026-09-28T13:03:27.381290119Z       the peer's own HE work, not the link.)
2026-09-28T13:03:27.381291719Z   frames: tx=305 rx=785 retransmits=106
2026-09-28T13:03:27.381293420Z   authentication: HMAC-SHA256/128, 2.6 us per frame; 0 rejected (bad tag), 0 stale/replayed dropped, 1 epoch challenges
2026-09-28T13:03:27.381295421Z   rx queue: peak 3/64 frames
2026-09-28T13:03:27.381297122Z   plant check: 13 event reports rejected as physically impossible
2026-09-28T13:03:27.381298823Z      (these supervisors carry the plant: an impossible uncontrollable event is caught)
2026-09-28T13:03:27.381300624Z   !! 26 STEPS SKIPPED — each SKIP line above says why. Firing a
2026-09-28T13:03:27.381318832Z      step anyway would corrupt every supervisor downstream.
2026-09-28T13:03:27.381320933Z   injected frame loss: 30 %
2026-09-28T13:03:27.381322534Z   ----------------------------------------------------------
2026-09-28T13:03:27.381324235Z   homomorphic vs cleartext oracle : PASS — every encrypted bit matched
2026-09-28T13:03:27.381327036Z      (PASS certifies the cryptography: each node's encrypted bits
2026-09-28T13:03:27.381328837Z       match its own clear model for the events it applied. It does
2026-09-28T13:03:27.381330538Z       not certify the distributed run — read the skips for that.)
2026-09-28T13:03:27.381332339Z   distributed vs MONOLITHIC sup.  : off — this header has no monolithic supervisor
2026-09-28T13:03:27.381334040Z   safe halt                       : no — ran to completion
2026-09-28T13:03:27.381335940Z ============================================================
2026-09-28T13:03:37.393803139Z @@RESULT {"node":1,"nodes":2,"family":"LOCAL MODULAR","data":"supervisor_data_fms.h","transport":"UDP/IP multicast (RFC 1112)","fingerprint":"edbd7971","supervisors":["S0","S1","S2","S3"],"fired":{"local":68,"ctrl":33,"unctrl":33},"applied_for_peers":0,"skips":26,"impossible":13,"tx":305,"rx":785,"retx":106,"auth_bad":0,"replays":0,"challenges":1,"mac_us":2.61,"rxq_peak":3,"rxq_drops":0,"sync_wait_ms":64110.2,"oracle":"PASS","safe_halt":false,"halt_reason":"","cycle_end_ms":[41052.9,90703.5,169101.1,266548.0,357786.4],"rounds":5,"work_ms":0,"emu_scalarmul_ms":69.0,"loss_pct":30,"loss_seed":3923741015,"exit":1}
