2026-09-28T12:39:38.134789271Z des_container: node 1 of 7, LOCAL MODULAR, data supervisor_data_fms.h, transport UDP/IP multicast (RFC 1112)
2026-09-28T12:39:38.135062401Z des_container: EMULATING the ESP32 — every decryption takes at least 69.0 ms (DES_EMU_SCALARMUL_MS)
2026-09-28T12:39:38.135087913Z des_container: dropping 10 % of received frames, seed 2526263994 (DES_LOSS_SEED to replay)
2026-09-28T12:39:38.135094416Z 
2026-09-28T12:39:38.135099219Z ============================================================
2026-09-28T12:39:38.135103221Z   Distributed Homomorphic DES — generic engine
2026-09-28T12:39:38.135108123Z   node 1/7   family LOCAL MODULAR   7 supervisors   31 events
2026-09-28T12:39:38.135112125Z   data: supervisor_data_fms.h
2026-09-28T12:39:38.135116627Z ============================================================
2026-09-28T12:39:38.137850333Z --- event routing (DERIVED from the header, not hardcoded) ---
2026-09-28T12:39:38.137937775Z   event  ctrl  nodes      owner  class
2026-09-28T12:39:38.137945778Z   11     yes   1          1      local — no network
2026-09-28T12:39:38.137951781Z   12     no    1          1      local — no network
2026-09-28T12:39:38.137955583Z   21     yes   2          2      local — no network
2026-09-28T12:39:38.137959685Z   22     no    2          2      local — no network
2026-09-28T12:39:38.137963587Z   30     no    1 2 3 4 5 6 7  1      SHARED — needs network
2026-09-28T12:39:38.137967489Z   31     yes   1 2 3 4 5 6 7  1      SHARED — needs network
2026-09-28T12:39:38.137969890Z   32     no    1 2 3 4 5 6 7  1      SHARED — needs network
2026-09-28T12:39:38.137972391Z   33     yes   1 2 3 4 5 6 7  1      SHARED — needs network
2026-09-28T12:39:38.137974692Z   34     no    1 2 3 4 5 6 7  1      SHARED — needs network
2026-09-28T12:39:38.137977193Z   35     yes   1 2 3 4 5 6 7  1      SHARED — needs network
2026-09-28T12:39:38.137979595Z   36     no    1 2 3 4 5 6 7  1      SHARED — needs network
2026-09-28T12:39:38.137982496Z   37     yes   1 2 3 4 5 6 7  1      SHARED — needs network
2026-09-28T12:39:38.137985597Z   38     no    1 2 3 4 5 6 7  1      SHARED — needs network
2026-09-28T12:39:38.137987899Z   39     yes   1 2 3 4 5 6 7  1      SHARED — needs network
2026-09-28T12:39:38.138007108Z   41     yes   3          3      local — no network
2026-09-28T12:39:38.138012110Z   42     no    3          3      local — no network
2026-09-28T12:39:38.138015612Z   51     yes   4          4      local — no network
2026-09-28T12:39:38.138019714Z   52     no    4          4      local — no network
2026-09-28T12:39:38.138023516Z   53     yes   4          4      local — no network
2026-09-28T12:39:38.138027317Z   54     no    4          4      local — no network
2026-09-28T12:39:38.138030819Z   61     yes   5 6 7      5      SHARED — needs network
2026-09-28T12:39:38.138073840Z   63     yes   5 6 7      5      SHARED — needs network
2026-09-28T12:39:38.138080143Z   64     no    5 6 7      5      SHARED — needs network
2026-09-28T12:39:38.138082744Z   65     yes   5 6 7      5      SHARED — needs network
2026-09-28T12:39:38.138085145Z   66     no    5 6 7      5      SHARED — needs network
2026-09-28T12:39:38.138088146Z   71     yes   7          7      local — no network
2026-09-28T12:39:38.138090748Z   72     no    7          7      local — no network
2026-09-28T12:39:38.138093049Z   73     yes   7          7      local — no network
2026-09-28T12:39:38.138095850Z   74     no    7          7      local — no network
2026-09-28T12:39:38.138098251Z   81     yes   7          7      local — no network
2026-09-28T12:39:38.138101253Z   82     no    7          7      local — no network
2026-09-28T12:39:38.138103654Z   => 15/31 events shared; 16/31 need ZERO network traffic; 12 concern this node
2026-09-28T12:39:38.138106755Z   NOTE controllability was INFERRED from event labels (the header
2026-09-28T12:39:38.138112458Z        does not carry it). Check the 'ctrl' column above; if it is
2026-09-28T12:39:38.138115059Z        wrong, set DES_CONTROLLABLE_MASK explicitly.
2026-09-28T12:39:38.138117360Z 
2026-09-28T12:39:38.138119862Z [init] config fingerprint 04511541 — every node must print the same
2026-09-28T12:39:38.138122363Z 
2026-09-28T12:39:38.138384988Z [net] UDP multicast 239.192.7.1:5077  ttl=1  frame=44 B
2026-09-28T12:39:38.138402597Z --- crypto self-test ---
2026-09-28T12:39:38.146314476Z   Enc(0)->0 Enc(1)->1                PASS
2026-09-28T12:39:38.152702728Z   Enc(1)+Enc(1)->1 homomorphic OR   PASS
2026-09-28T12:39:38.154825442Z   Enc(0)+Enc(0)->0                  PASS
2026-09-28T12:39:38.154860558Z   curve secp192r1, ciphertext 50 B    PASS
2026-09-28T12:39:38.156933649Z   frame tag HMAC-SHA256/128: 6.8 us, 1-bit tamper caught  PASS
2026-09-28T12:39:38.156994878Z 
2026-09-28T12:39:38.157000881Z --- encrypting my supervisors' initial states ---
2026-09-28T12:39:38.157004483Z [load] S0         idx 0   18 states  12 constraining ev     900 B ciphertext
2026-09-28T12:39:39.052835009Z [init] my keypair is mine alone; no ciphertext ever leaves this node
2026-09-28T12:39:39.052937558Z [init] my enablement: 11=1 12=0 21=1 22=1 30=0 31=0 32=0 33=1 34=0 35=1 36=0 37=1 38=0 39=1 41=1 42=1 51=1 52=1 53=1 54=1 61=1 63=1 64=1 65=1 66=1 71=1 72=1 73=1 74=1 81=1 82=1
2026-09-28T12:39:39.052945061Z 
2026-09-28T12:39:41.858433922Z [net] waiting for 6 peer(s).............. all present.
2026-09-28T12:39:43.366475093Z 
2026-09-28T12:39:43.366627966Z --- transport round-trip probe (UDP/IP multicast (RFC 1112)) ---
2026-09-28T12:39:48.012967627Z   6 probes: avg 4.21 ms  min 3.55 ms  max 4.67 ms
2026-09-28T12:39:48.013113196Z 
2026-09-28T12:39:48.013121400Z ============================================================
2026-09-28T12:39:48.013125802Z   RUN — SIM_SEQ driver — 5 cycles x 44 steps — LOCAL MODULAR
2026-09-28T12:39:48.013132205Z   columns: cN sNN = cycle/step of MY walk; · = a peer caused this
2026-09-28T12:39:48.013136107Z   'done at': run clock, common to all nodes; a cycle is over at the
2026-09-28T12:39:48.013139609Z   LATEST node's print, machine time (DES_WORK_MS 0) included
2026-09-28T12:39:48.013143211Z ============================================================
2026-09-28T12:39:48.013146912Z 
2026-09-28T12:39:48.013150414Z -- cycle 1/5 --
2026-09-28T12:39:48.152159517Z c1  s1   local  11       139.5 ms HE    2 dec  0 frames
2026-09-28T12:39:48.221988973Z c1  s2   local  12        69.5 ms HE    1 dec  0 frames
2026-09-28T12:39:54.211007717Z c1  s3   retry  31    no quorum after 4 tries — nothing applied anywhere
2026-09-28T12:40:03.346108007Z c1  s3   2pc    31        69.7 ms HE    1 dec  14 frames  + 9008.0 ms peer-wait  (seq 1)
2026-09-28T12:40:06.409368653Z c1  s4   notify 32        69.6 ms HE    1 dec  7 frames  + 3000.6 ms peer-wait  (seq 2)
2026-09-28T12:40:09.488975540Z c1  s8   2pc    33        69.3 ms HE    1 dec  14 frames  + 3010.1 ms peer-wait  (seq 3)
2026-09-28T12:40:09.560137534Z c1  s9   notify 34        69.4 ms HE    1 dec  7 frames  + 1.7 ms peer-wait  (seq 4)
2026-09-28T12:40:25.322754918Z c1  s10  2pc    35        69.6 ms HE    1 dec  14 frames  + 4509.1 ms peer-wait  (seq 5)
2026-09-28T12:40:28.770527973Z c1  s13  notify 36        69.3 ms HE    1 dec  7 frames  + 3001.4 ms peer-wait  (seq 6)
2026-09-28T12:40:34.852315362Z c1  s14  2pc    39        69.4 ms HE    1 dec  14 frames  + 6012.5 ms peer-wait  (seq 7)
2026-09-28T12:40:31.590462515Z c1  s16  notify 30        69.6 ms HE    1 dec  7 frames  + 3000.7 ms peer-wait  (seq 8)
2026-09-28T12:40:31.659742009Z c1  s25  local  11        69.3 ms HE    1 dec  0 frames
2026-09-28T12:40:31.729655906Z c1  s27  local  12        69.4 ms HE    1 dec  0 frames
2026-09-28T12:40:37.730275632Z c1  s28  retry  31    no quorum after 4 tries — nothing applied anywhere
2026-09-28T12:40:43.782869452Z c1  s28  retry  31    no quorum after 4 tries — nothing applied anywhere
2026-09-28T12:40:43.833665016Z c1  s28  SKIP   31    no quorum — a peer never answered
2026-09-28T12:40:43.838545247Z c1  s29  [!!]   32    IMPOSSIBLE — uncontrollable, but no machine could produce it from here; rejected (sensor fault or attack?)
2026-09-28T12:40:43.838835286Z c1  s29  SKIP   32    physically impossible here — rejected
2026-09-28T12:40:53.843820154Z c1  s32  sync   35    waiting for peers to reach this step (10 s)
2026-09-28T12:40:56.854062190Z c1  s32  veto   35    a peer's supervisor disables it here  (3004.6 ms)
2026-09-28T12:41:03.204939458Z c1  s32  retry  35    no quorum after 4 tries — nothing applied anywhere
2026-09-28T12:41:16.194072904Z c1  s32  veto   35    refused 3 more times over 11.3 s, giving up
2026-09-28T12:41:16.194182156Z c1  s32  SKIP   35    a PEER's supervisor kept vetoing it
2026-09-28T12:41:05.473343476Z c1  s33  [!!]   36    IMPOSSIBLE — uncontrollable, but no machine could produce it from here; rejected (sensor fault or attack?)
2026-09-28T12:41:05.473939061Z c1  s33  SKIP   36    physically impossible here — rejected
2026-09-28T12:41:15.461577424Z c1  s36  sync   33    waiting for peers to reach this step (10 s)
2026-09-28T12:41:15.467631716Z     ·     skip   61    node 5 gave up on it — moving on too  (occ 2)
2026-09-28T12:41:23.366063435Z c1  s36  2pc    33        73.7 ms HE    1 dec  14 frames  + 7522.9 ms peer-wait  (seq 9)
2026-09-28T12:41:23.436966304Z c1  s37  notify 34        69.3 ms HE    1 dec  7 frames  + 1.9 ms peer-wait  (seq 10)
2026-09-28T12:41:36.204053726Z c1  s40  2pc    37        69.5 ms HE    1 dec  14 frames  + 1507.2 ms peer-wait  (seq 11)
2026-09-28T12:41:41.382253104Z c1  s41  notify 38        69.5 ms HE    1 dec  7 frames  + 4503.0 ms peer-wait  (seq 12)
2026-09-28T12:41:41.382384067Z -- cycle 1/5 done at 102388.8 ms --
2026-09-28T12:41:41.382400375Z 
2026-09-28T12:41:41.382405977Z -- cycle 2/5 --
2026-09-28T12:41:35.858032929Z     ·     skip   63    node 5 gave up on it — moving on too  (occ 1)
2026-09-28T12:41:35.858056740Z     ·     skip   64    node 5 gave up on it — moving on too  (occ 1)
2026-09-28T12:41:51.381171285Z c2  s1   SKIP   11    my own supervisor disables it here
2026-09-28T12:41:51.381645611Z c2  s2   [!!]   12    IMPOSSIBLE — uncontrollable, but no machine could produce it from here; rejected (sensor fault or attack?)
2026-09-28T12:41:51.381671223Z c2  s2   SKIP   12    physically impossible here — rejected
2026-09-28T12:41:44.928424977Z c2  s3   2pc    31        71.2 ms HE    1 dec  14 frames  + 4513.0 ms peer-wait  (seq 13)
2026-09-28T12:41:47.995940416Z c2  s4   notify 32        69.4 ms HE    1 dec  7 frames  + 3000.6 ms peer-wait  (seq 14)
2026-09-28T12:41:49.572158955Z c2  s8   2pc    33        69.5 ms HE    1 dec  14 frames  + 1506.7 ms peer-wait  (seq 15)
2026-09-28T12:41:49.643139161Z c2  s9   notify 34        69.4 ms HE    1 dec  7 frames  + 1.4 ms peer-wait  (seq 16)
2026-09-28T12:41:55.950190325Z c2  s10  retry  35    no quorum after 4 tries — nothing applied anywhere
2026-09-28T12:42:02.007922733Z c2  s10  retry  35    no quorum after 4 tries — nothing applied anywhere
2026-09-28T12:42:02.058521504Z c2  s10  SKIP   35    no quorum — a peer never answered
2026-09-28T12:42:02.667712006Z c2  s13  [!!]   36    IMPOSSIBLE — uncontrollable, but no machine could produce it from here; rejected (sensor fault or attack?)
2026-09-28T12:42:02.668230654Z c2  s13  SKIP   36    physically impossible here — rejected
2026-09-28T12:42:07.237799641Z c2  s14  2pc    39        69.5 ms HE    1 dec  14 frames  + 4507.1 ms peer-wait  (seq 17)
2026-09-28T12:42:17.246136637Z c2  s16  sync   30    waiting for peers to reach this step (10 s)
2026-09-28T12:42:17.252657852Z     ·     skip   61    node 5 gave up on it — moving on too  (occ 3)
2026-09-28T12:42:20.616371864Z c2  s16  notify 30        69.4 ms HE    1 dec  7 frames  + 3000.5 ms peer-wait  (seq 18)
2026-09-28T12:42:20.686193517Z c2  s25  local  11        69.7 ms HE    1 dec  0 frames
2026-09-28T12:42:20.755570057Z c2  s27  local  12        69.2 ms HE    1 dec  0 frames
2026-09-28T12:42:28.048714734Z     ·     skip   65    node 5 gave up on it — moving on too  (occ 2)
2026-09-28T12:42:28.053723627Z     ·     skip   66    node 5 gave up on it — moving on too  (occ 2)
2026-09-28T12:42:29.562563380Z c2  s28  veto   31    a peer's supervisor disables it here  (1503.8 ms)
2026-09-28T12:42:38.131044495Z c2  s28  veto   31    refused 5 more times over 10.1 s, giving up
2026-09-28T12:42:38.131409369Z c2  s28  SKIP   31    a PEER's supervisor kept vetoing it
2026-09-28T12:42:38.436233280Z c2  s29  [!!]   32    IMPOSSIBLE — uncontrollable, but no machine could produce it from here; rejected (sensor fault or attack?)
2026-09-28T12:42:38.436836768Z c2  s29  SKIP   32    physically impossible here — rejected
2026-09-28T12:42:48.423138156Z c2  s32  sync   35    waiting for peers to reach this step (10 s)
2026-09-28T12:42:53.030868197Z c2  s32  2pc    35        69.4 ms HE    1 dec  14 frames  + 4505.0 ms peer-wait  (seq 19)
2026-09-28T12:42:53.101559866Z c2  s33  notify 36        69.3 ms HE    1 dec  7 frames  + 1.6 ms peer-wait  (seq 20)
2026-09-28T12:42:58.033962190Z c2  s36  2pc    33        69.4 ms HE    1 dec  14 frames  + 4505.3 ms peer-wait  (seq 21)
2026-09-28T12:43:01.102964970Z c2  s37  notify 34        69.5 ms HE    1 dec  7 frames  + 3000.2 ms peer-wait  (seq 22)
2026-09-28T12:43:01.107134361Z c2  s40  veto   37    a peer's supervisor disables it here  (3.9 ms)
2026-09-28T12:43:07.197606005Z c2  s40  retry  37    no quorum after 4 tries — nothing applied anywhere
2026-09-28T12:43:16.523410644Z c2  s40  retry  37    no quorum after 4 tries — nothing applied anywhere
2026-09-28T12:43:16.573594316Z c2  s40  veto   37    refused 2 more times over 15.5 s, giving up
2026-09-28T12:43:16.573792211Z c2  s40  SKIP   37    no quorum — a peer never answered
2026-09-28T12:43:16.581434461Z c2  s41  [!!]   38    IMPOSSIBLE — uncontrollable, but no machine could produce it from here; rejected (sensor fault or attack?)
2026-09-28T12:43:16.582279765Z c2  s41  SKIP   38    physically impossible here — rejected
2026-09-28T12:43:16.582418331Z -- cycle 2/5 done at 208662.5 ms --
2026-09-28T12:43:16.582438541Z 
2026-09-28T12:43:16.582449046Z -- cycle 3/5 --
2026-09-28T12:43:26.568158459Z c3  s1   SKIP   11    my own supervisor disables it here
2026-09-28T12:43:26.568236397Z c3  s2   [!!]   12    IMPOSSIBLE — uncontrollable, but no machine could produce it from here; rejected (sensor fault or attack?)
2026-09-28T12:43:26.568338645Z c3  s2   SKIP   12    physically impossible here — rejected
2026-09-28T12:43:32.570531439Z c3  s3   retry  31    no quorum after 4 tries — nothing applied anywhere
2026-09-28T12:43:38.687617662Z c3  s3   2pc    31        69.3 ms HE    1 dec  14 frames  + 6004.7 ms peer-wait  (seq 23)
2026-09-28T12:43:38.758400174Z c3  s4   notify 32        69.3 ms HE    1 dec  7 frames  + 1.3 ms peer-wait  (seq 24)
2026-09-28T12:43:40.412743932Z c3  s8   veto   33    a peer's supervisor disables it here  (1508.0 ms)
2026-09-28T12:43:50.482348771Z c3  s8   veto   33    refused 5 more times over 11.6 s, giving up
2026-09-28T12:43:50.482744060Z c3  s8   SKIP   33    a PEER's supervisor kept vetoing it
2026-09-28T12:43:50.806142363Z c3  s9   [!!]   34    IMPOSSIBLE — uncontrollable, but no machine could produce it from here; rejected (sensor fault or attack?)
2026-09-28T12:43:50.806548757Z c3  s9   SKIP   34    physically impossible here — rejected
2026-09-28T12:43:56.868999624Z c3  s10  2pc    35        69.4 ms HE    1 dec  14 frames  + 6005.6 ms peer-wait  (seq 25)
2026-09-28T12:44:06.947626061Z c3  s13  notify 36        69.9 ms HE    1 dec  7 frames  + 3000.8 ms peer-wait  (seq 26)
2026-09-28T12:44:11.451025810Z c3  s14  veto   39    a peer's supervisor disables it here  (4505.2 ms)
2026-09-28T12:44:19.112156890Z c3  s14  retry  39    no quorum after 4 tries — nothing applied anywhere
2026-09-28T12:44:19.162286736Z c3  s14  veto   39    refused 1 more time over 12.2 s, giving up
2026-09-28T12:44:19.162429405Z c3  s14  SKIP   39    no quorum — a peer never answered
2026-09-28T12:44:22.509573262Z c3  s16  [!!]   30    IMPOSSIBLE — uncontrollable, but no machine could produce it from here; rejected (sensor fault or attack?)
2026-09-28T12:44:22.510188956Z c3  s16  SKIP   30    physically impossible here — rejected
2026-09-28T12:44:22.579283846Z c3  s25  local  11        69.2 ms HE    1 dec  0 frames
2026-09-28T12:44:22.648597139Z c3  s27  local  12        69.2 ms HE    1 dec  0 frames
2026-09-28T12:44:32.636460564Z c3  s28  sync   31    waiting for peers to reach this step (10 s)
2026-09-28T12:44:42.629360593Z c3  s28  sync   31    waiting for peers to reach this step (20 s)
2026-09-28T12:44:52.632544382Z c3  s28  sync   31    waiting for peers to reach this step (30 s)
2026-09-28T12:45:12.910830641Z c3  s28  2pc    31        69.4 ms HE    1 dec  14 frames  + 4507.9 ms peer-wait  (seq 27)
2026-09-28T12:45:12.981831757Z c3  s29  notify 32        69.7 ms HE    1 dec  7 frames  + 2.2 ms peer-wait  (seq 28)
2026-09-28T12:45:17.704858384Z c3  s32  2pc    35        69.7 ms HE    1 dec  14 frames  + 4509.3 ms peer-wait  (seq 29)
2026-09-28T12:45:20.777768172Z c3  s33  notify 36        69.3 ms HE    1 dec  7 frames  + 3002.5 ms peer-wait  (seq 30)
2026-09-28T12:45:25.284508682Z c3  s36  veto   33    a peer's supervisor disables it here  (4507.4 ms)
2026-09-28T12:45:20.294434666Z c3  s36  retry  33    no quorum after 4 tries — nothing applied anywhere
2026-09-28T12:45:20.344988915Z c3  s36  SKIP   33    no quorum — a peer never answered
2026-09-28T12:45:20.352870280Z c3  s37  [!!]   34    IMPOSSIBLE — uncontrollable, but no machine could produce it from here; rejected (sensor fault or attack?)
2026-09-28T12:45:20.353532497Z c3  s37  SKIP   34    physically impossible here — rejected
2026-09-28T12:45:30.349343744Z c3  s40  sync   37    waiting for peers to reach this step (10 s)
2026-09-28T12:45:31.938006947Z c3  s40  2pc    37        69.6 ms HE    1 dec  14 frames  + 1505.8 ms peer-wait  (seq 31)
2026-09-28T12:45:33.516270462Z c3  s41  notify 38        69.3 ms HE    1 dec  7 frames  + 1504.2 ms peer-wait  (seq 32)
2026-09-28T12:45:33.516320987Z -- cycle 3/5 done at 345707.6 ms --
2026-09-28T12:45:33.516326189Z 
2026-09-28T12:45:33.516329190Z -- cycle 4/5 --
2026-09-28T12:45:33.586445984Z c4  s1   local  11        69.7 ms HE    1 dec  0 frames
2026-09-28T12:45:33.655936279Z c4  s2   local  12        69.5 ms HE    1 dec  0 frames
2026-09-28T12:45:51.155757972Z c4  s3   2pc    31        69.4 ms HE    1 dec  14 frames  + 7504.8 ms peer-wait  (seq 33)
2026-09-28T12:45:52.728796991Z c4  s4   notify 32        69.2 ms HE    1 dec  7 frames  + 1503.8 ms peer-wait  (seq 34)
2026-09-28T12:45:58.797029239Z c4  s8   retry  33    no quorum after 4 tries — nothing applied anywhere
2026-09-28T12:46:04.860347346Z c4  s8   retry  33    no quorum after 4 tries — nothing applied anywhere
2026-09-28T12:46:04.911637947Z c4  s8   SKIP   33    no quorum — a peer never answered
2026-09-28T12:46:04.916185619Z c4  s9   [!!]   34    IMPOSSIBLE — uncontrollable, but no machine could produce it from here; rejected (sensor fault or attack?)
2026-09-28T12:46:04.916458550Z c4  s9   SKIP   34    physically impossible here — rejected
2026-09-28T12:46:11.206670739Z c4  s10  retry  35    no quorum after 4 tries — nothing applied anywhere
2026-09-28T12:46:14.332009872Z c4  s10  2pc    35        69.5 ms HE    1 dec  14 frames  + 3005.0 ms peer-wait  (seq 35)
2026-09-28T12:46:36.941724414Z c4  s13  notify 36        69.7 ms HE    1 dec  7 frames  + 4504.7 ms peer-wait  (seq 36)
2026-09-28T12:46:30.480910348Z c4  s14  veto   39    a peer's supervisor disables it here  (4504.9 ms)
2026-09-28T12:46:38.744618666Z c4  s14  veto   39    refused 3 more times over 12.8 s, giving up
2026-09-28T12:46:38.744732820Z c4  s14  SKIP   39    a PEER's supervisor kept vetoing it
2026-09-28T12:46:41.836736126Z c4  s16  [!!]   30    IMPOSSIBLE — uncontrollable, but no machine could produce it from here; rejected (sensor fault or attack?)
2026-09-28T12:46:41.836950729Z c4  s16  SKIP   30    physically impossible here — rejected
2026-09-28T12:46:41.906713854Z c4  s25  local  11        69.4 ms HE    1 dec  0 frames
2026-09-28T12:46:41.976186940Z c4  s27  local  12        69.3 ms HE    1 dec  0 frames
2026-09-28T12:46:51.977654910Z c4  s28  sync   31    waiting for peers to reach this step (10 s)
2026-09-28T12:47:01.974817175Z c4  s28  sync   31    waiting for peers to reach this step (20 s)
2026-09-28T12:47:11.958642843Z c4  s28  sync   31    waiting for peers to reach this step (30 s)
2026-09-28T12:47:21.963310740Z c4  s28  sync   31    waiting for peers to reach this step (40 s)
2026-09-28T12:47:23.436755585Z     ·     skip   65    node 5 gave up on it — moving on too  (occ 4)
2026-09-28T12:47:23.444378426Z     ·     skip   66    node 5 gave up on it — moving on too  (occ 4)
2026-09-28T12:47:29.433555194Z c4  s28  retry  31    no quorum after 4 tries — nothing applied anywhere
2026-09-28T12:47:32.559599065Z c4  s28  2pc    31        69.4 ms HE    1 dec  14 frames  + 3003.7 ms peer-wait  (seq 37)
2026-09-28T12:47:35.636428625Z c4  s29  notify 32        69.3 ms HE    1 dec  7 frames  + 3007.3 ms peer-wait  (seq 38)
2026-09-28T12:47:40.208020493Z c4  s32  2pc    35        69.5 ms HE    1 dec  14 frames  + 4508.8 ms peer-wait  (seq 39)
2026-09-28T12:47:42.158454847Z c4  s33  notify 36        69.7 ms HE    1 dec  7 frames  + 1505.1 ms peer-wait  (seq 40)
2026-09-28T12:47:50.654991389Z     ·     skip   61    node 5 gave up on it — moving on too  (occ 8)
2026-09-28T12:47:55.249575706Z c4  s36  2pc    33        69.4 ms HE    1 dec  14 frames  + 4509.8 ms peer-wait  (seq 41)
2026-09-28T12:47:58.316956305Z c4  s37  notify 34        69.4 ms HE    1 dec  7 frames  + 3000.9 ms peer-wait  (seq 42)
2026-09-28T12:48:02.883111407Z c4  s40  2pc    37        69.8 ms HE    1 dec  14 frames  + 4504.2 ms peer-wait  (seq 43)
2026-09-28T12:48:07.452426907Z c4  s41  notify 38        69.8 ms HE    1 dec  7 frames  + 4499.9 ms peer-wait  (seq 44)
2026-09-28T12:48:07.452487836Z -- cycle 4/5 done at 499717.6 ms --
2026-09-28T12:48:07.452494239Z 
2026-09-28T12:48:07.452498842Z -- cycle 5/5 --
2026-09-28T12:48:07.521904396Z c5  s1   local  11        69.4 ms HE    1 dec  0 frames
2026-09-28T12:48:07.591796782Z c5  s2   local  12        69.5 ms HE    1 dec  0 frames
2026-09-28T12:48:13.587175932Z c5  s3   retry  31    no quorum after 4 tries — nothing applied anywhere
2026-09-28T12:48:30.672282210Z c5  s3   retry  31    no quorum after 4 tries — nothing applied anywhere
2026-09-28T12:48:30.722602547Z c5  s3   SKIP   31    no quorum — a peer never answered
2026-09-28T12:48:31.033475547Z c5  s4   [!!]   32    IMPOSSIBLE — uncontrollable, but no machine could produce it from here; rejected (sensor fault or attack?)
2026-09-28T12:48:31.033908054Z c5  s4   SKIP   32    physically impossible here — rejected
2026-09-28T12:48:41.036056247Z c5  s8   sync   33    waiting for peers to reach this step (10 s)
2026-09-28T12:48:31.591907452Z c5  s8   2pc    33        69.7 ms HE    1 dec  14 frames  + 1509.2 ms peer-wait  (seq 45)
2026-09-28T12:48:47.254037700Z c5  s9   notify 34        69.5 ms HE    1 dec  7 frames  + 4505.2 ms peer-wait  (seq 46)
2026-09-28T12:48:42.204744763Z c5  s10  retry  35    no quorum after 4 tries — nothing applied anywhere
2026-09-28T12:48:43.760940437Z c5  s10  veto   35    a peer's supervisor disables it here  (1505.1 ms)
2026-09-28T12:48:49.912897784Z c5  s10  retry  35    no quorum after 4 tries — nothing applied anywhere
2026-09-28T12:48:49.962905271Z c5  s10  veto   35    refused 1 more time over 13.8 s, giving up
2026-09-28T12:48:49.962976606Z c5  s10  SKIP   35    no quorum — a peer never answered
2026-09-28T12:48:50.270605356Z c5  s13  [!!]   36    IMPOSSIBLE — uncontrollable, but no machine could produce it from here; rejected (sensor fault or attack?)
2026-09-28T12:48:50.270638471Z c5  s13  SKIP   36    physically impossible here — rejected
2026-09-28T12:48:57.884550237Z c5  s14  2pc    39        69.9 ms HE    1 dec  14 frames  + 7506.5 ms peer-wait  (seq 47)
2026-09-28T12:49:02.441679918Z c5  s16  notify 30        69.5 ms HE    1 dec  7 frames  + 4502.2 ms peer-wait  (seq 48)
2026-09-28T12:49:12.445331041Z c5  s25  SKIP   11    my own supervisor disables it here
2026-09-28T12:49:12.445398973Z c5  s27  [!!]   12    IMPOSSIBLE — uncontrollable, but no machine could produce it from here; rejected (sensor fault or attack?)
2026-09-28T12:49:12.445409078Z c5  s27  SKIP   12    physically impossible here — rejected
2026-09-28T12:49:17.009672733Z c5  s28  2pc    31        69.5 ms HE    1 dec  14 frames  + 4504.9 ms peer-wait  (seq 49)
2026-09-28T12:49:18.587125060Z c5  s29  notify 32        69.5 ms HE    1 dec  7 frames  + 1503.7 ms peer-wait  (seq 50)
2026-09-28T12:49:27.737001738Z c5  s32  2pc    35        69.6 ms HE    1 dec  14 frames  + 9011.8 ms peer-wait  (seq 51)
2026-09-28T12:49:30.878023362Z c5  s33  notify 36        69.4 ms HE    1 dec  7 frames  + 3001.7 ms peer-wait  (seq 52)
2026-09-28T12:49:32.454925531Z c5  s36  2pc    33        69.3 ms HE    1 dec  14 frames  + 1510.5 ms peer-wait  (seq 53)
2026-09-28T12:49:32.897499643Z c5  s37  notify 34        69.2 ms HE    1 dec  7 frames  + 1.6 ms peer-wait  (seq 54)
2026-09-28T12:49:37.608147456Z c5  s40  2pc    37        69.5 ms HE    1 dec  14 frames  + 4503.4 ms peer-wait  (seq 55)
2026-09-28T12:49:39.199111538Z c5  s41  notify 38        69.3 ms HE    1 dec  7 frames  + 1521.6 ms peer-wait  (seq 56)
2026-09-28T12:49:39.199172167Z -- cycle 5/5 done at 591510.7 ms --
2026-09-28T12:49:39.199179871Z 
2026-09-28T12:49:39.199185173Z ============================================================
2026-09-28T12:49:39.199189976Z   SUMMARY — node 1/7 — LOCAL MODULAR — UDP/IP multicast (RFC 1112)
2026-09-28T12:49:39.199196078Z ============================================================
2026-09-28T12:49:39.199200280Z   events this node FIRED:
2026-09-28T12:49:39.199204382Z   local (no network)     n=14   avg    74.54 ms  (HE   74.42 + net    0.00)  min   69.28  max   139.58    0.5%
2026-09-28T12:49:39.199208584Z   shared controllable    n=28   avg  4685.01 ms  (HE   69.72 + net 4615.11)  min 1575.58  max  9082.01   66.5%
2026-09-28T12:49:39.199214087Z   shared uncontroll.     n=28   avg  2322.51 ms  (HE   69.46 + net 2252.94)  min   70.67  max  4574.90   33.0%
2026-09-28T12:49:39.199742339Z   events this node APPLIED for a peer (participant side):
2026-09-28T12:49:39.199763049Z   shared, applied              (none on this node)
2026-09-28T12:49:39.199767852Z   sync-wait (peers reaching a shared step): n=80 avg 2422.31 ms, 193.8 s total
2026-09-28T12:49:39.199771253Z      not protocol cost — the plant catching up; kept out of the rows above
2026-09-28T12:49:39.199774855Z   run clock, end of cycles 1..5 (ms): 102388.8 208662.5 345707.6 499717.6 591510.7
2026-09-28T12:49:39.199777756Z      a cycle is over at the LATEST node's value; DES_WORK_MS 0 included
2026-09-28T12:49:39.199780658Z   ----------------------------------------------------------
2026-09-28T12:49:39.199783559Z   all events            n=70   avg  2817.92 ms  (HE   70.56 + net 2747.22)
2026-09-28T12:49:39.199786460Z   PEER-WAIT + WIRE      97.5 % of total step time
2026-09-28T12:49:39.199789362Z      (compare against the round-trip probe above: the excess is
2026-09-28T12:49:39.199792563Z       the peer's own HE work, not the link.)
2026-09-28T12:49:39.199796665Z   frames: tx=492 rx=11906 retransmits=190
2026-09-28T12:49:39.199799667Z   authentication: HMAC-SHA256/128, 6.8 us per frame; 0 rejected (bad tag), 0 stale/replayed dropped, 7 epoch challenges
2026-09-28T12:49:39.199802568Z   rx queue: peak 17/64 frames
2026-09-28T12:49:39.199805470Z   plant check: 15 event reports rejected as physically impossible
2026-09-28T12:49:39.199808671Z      (these supervisors carry the plant: an impossible uncontrollable event is caught)
2026-09-28T12:49:39.199811773Z   !! 30 STEPS SKIPPED — each SKIP line above says why. Firing a
2026-09-28T12:49:39.199814874Z      step anyway would corrupt every supervisor downstream.
2026-09-28T12:49:39.199817875Z   injected frame loss: 10 %
2026-09-28T12:49:39.199820677Z   ----------------------------------------------------------
2026-09-28T12:49:39.199823778Z   homomorphic vs cleartext oracle : PASS — every encrypted bit matched
2026-09-28T12:49:39.199833383Z      (PASS certifies the cryptography: each node's encrypted bits
2026-09-28T12:49:39.199837385Z       match its own clear model for the events it applied. It does
2026-09-28T12:49:39.199840486Z       not certify the distributed run — read the skips for that.)
2026-09-28T12:49:39.199843588Z   distributed vs MONOLITHIC sup.  : off — this header has no monolithic supervisor
2026-09-28T12:49:39.199854093Z   safe halt                       : no — ran to completion
2026-09-28T12:49:39.199857594Z ============================================================
2026-09-28T12:49:49.215262412Z @@RESULT {"node":1,"nodes":7,"family":"LOCAL MODULAR","data":"supervisor_data_fms.h","transport":"UDP/IP multicast (RFC 1112)","fingerprint":"04511541","supervisors":["S0"],"fired":{"local":14,"ctrl":28,"unctrl":28},"applied_for_peers":0,"skips":30,"impossible":15,"tx":492,"rx":11918,"retx":190,"auth_bad":0,"replays":0,"challenges":7,"mac_us":6.84,"rxq_peak":17,"rxq_drops":0,"sync_wait_ms":193784.5,"oracle":"PASS","safe_halt":false,"halt_reason":"","cycle_end_ms":[102388.8,208662.5,345707.6,499717.6,591510.7],"rounds":5,"work_ms":0,"emu_scalarmul_ms":69.0,"loss_pct":10,"loss_seed":2526263994,"exit":1}
