2026-09-28T12:39:38.644607904Z des_container: node 5 of 7, LOCAL MODULAR, data supervisor_data_fms.h, transport UDP/IP multicast (RFC 1112)
2026-09-28T12:39:38.644742468Z des_container: EMULATING the ESP32 — every decryption takes at least 69.0 ms (DES_EMU_SCALARMUL_MS)
2026-09-28T12:39:38.644758676Z des_container: dropping 10 % of received frames, seed 835971482 (DES_LOSS_SEED to replay)
2026-09-28T12:39:38.644764379Z 
2026-09-28T12:39:38.644768781Z ============================================================
2026-09-28T12:39:38.644773083Z   Distributed Homomorphic DES — generic engine
2026-09-28T12:39:38.644777985Z   node 5/7   family LOCAL MODULAR   7 supervisors   31 events
2026-09-28T12:39:38.644782488Z   data: supervisor_data_fms.h
2026-09-28T12:39:38.644786790Z ============================================================
2026-09-28T12:39:38.652311384Z --- event routing (DERIVED from the header, not hardcoded) ---
2026-09-28T12:39:38.652352504Z   event  ctrl  nodes      owner  class
2026-09-28T12:39:38.652359507Z   11     yes   1          1      local — no network
2026-09-28T12:39:38.652365010Z   12     no    1          1      local — no network
2026-09-28T12:39:38.652369612Z   21     yes   2          2      local — no network
2026-09-28T12:39:38.652374014Z   22     no    2          2      local — no network
2026-09-28T12:39:38.652378416Z   30     no    1 2 3 4 5 6 7  1      SHARED — needs network
2026-09-28T12:39:38.652382918Z   31     yes   1 2 3 4 5 6 7  1      SHARED — needs network
2026-09-28T12:39:38.652388321Z   32     no    1 2 3 4 5 6 7  1      SHARED — needs network
2026-09-28T12:39:38.652393023Z   33     yes   1 2 3 4 5 6 7  1      SHARED — needs network
2026-09-28T12:39:38.652397625Z   34     no    1 2 3 4 5 6 7  1      SHARED — needs network
2026-09-28T12:39:38.652401827Z   35     yes   1 2 3 4 5 6 7  1      SHARED — needs network
2026-09-28T12:39:38.652406229Z   36     no    1 2 3 4 5 6 7  1      SHARED — needs network
2026-09-28T12:39:38.652410431Z   37     yes   1 2 3 4 5 6 7  1      SHARED — needs network
2026-09-28T12:39:38.652414934Z   38     no    1 2 3 4 5 6 7  1      SHARED — needs network
2026-09-28T12:39:38.652693567Z   39     yes   1 2 3 4 5 6 7  1      SHARED — needs network
2026-09-28T12:39:38.652708674Z   41     yes   3          3      local — no network
2026-09-28T12:39:38.652714277Z   42     no    3          3      local — no network
2026-09-28T12:39:38.652718479Z   51     yes   4          4      local — no network
2026-09-28T12:39:38.652722180Z   52     no    4          4      local — no network
2026-09-28T12:39:38.652725682Z   53     yes   4          4      local — no network
2026-09-28T12:39:38.652729384Z   54     no    4          4      local — no network
2026-09-28T12:39:38.652733186Z   61     yes   5 6 7      5      SHARED — needs network
2026-09-28T12:39:38.652791513Z   63     yes   5 6 7      5      SHARED — needs network
2026-09-28T12:39:38.652847340Z   64     no    5 6 7      5      SHARED — needs network
2026-09-28T12:39:38.652856044Z   65     yes   5 6 7      5      SHARED — needs network
2026-09-28T12:39:38.652865749Z   66     no    5 6 7      5      SHARED — needs network
2026-09-28T12:39:38.652869150Z   71     yes   7          7      local — no network
2026-09-28T12:39:38.652872652Z   72     no    7          7      local — no network
2026-09-28T12:39:38.652875954Z   73     yes   7          7      local — no network
2026-09-28T12:39:38.652879555Z   74     no    7          7      local — no network
2026-09-28T12:39:38.652882957Z   81     yes   7          7      local — no network
2026-09-28T12:39:38.652886559Z   82     no    7          7      local — no network
2026-09-28T12:39:38.652889860Z   => 15/31 events shared; 16/31 need ZERO network traffic; 15 concern this node
2026-09-28T12:39:38.652893862Z   NOTE controllability was INFERRED from event labels (the header
2026-09-28T12:39:38.652903467Z        does not carry it). Check the 'ctrl' column above; if it is
2026-09-28T12:39:38.652907969Z        wrong, set DES_CONTROLLABLE_MASK explicitly.
2026-09-28T12:39:38.652911671Z 
2026-09-28T12:39:38.652914972Z [init] config fingerprint 04511541 — every node must print the same
2026-09-28T12:39:38.652918574Z 
2026-09-28T12:39:38.652921976Z [net] UDP multicast 239.192.7.1:5077  ttl=1  frame=44 B
2026-09-28T12:39:38.652925577Z --- crypto self-test ---
2026-09-28T12:39:38.660629057Z   Enc(0)->0 Enc(1)->1                PASS
2026-09-28T12:39:38.663679615Z   Enc(1)+Enc(1)->1 homomorphic OR   PASS
2026-09-28T12:39:38.664844071Z   Enc(0)+Enc(0)->0                  PASS
2026-09-28T12:39:38.664908001Z   curve secp192r1, ciphertext 50 B    PASS
2026-09-28T12:39:38.665325701Z   frame tag HMAC-SHA256/128: 3.9 us, 1-bit tamper caught  PASS
2026-09-28T12:39:38.665377626Z 
2026-09-28T12:39:38.665385930Z --- encrypting my supervisors' initial states ---
2026-09-28T12:39:38.665390032Z [load] S4         idx 4   44 states  15 constraining ev    2200 B ciphertext
2026-09-28T12:39:39.872103763Z [init] my keypair is mine alone; no ciphertext ever leaves this node
2026-09-28T12:39:39.872196007Z [init] my enablement: 11=1 12=1 21=1 22=1 30=0 31=1 32=0 33=1 34=0 35=1 36=0 37=1 38=0 39=1 41=1 42=1 51=1 52=1 53=1 54=1 61=0 63=0 64=0 65=0 66=0 71=1 72=1 73=1 74=1 81=1 82=1
2026-09-28T12:39:39.872202610Z 
2026-09-28T12:39:41.872400093Z [net] waiting for 6 peer(s).......... all present.
2026-09-28T12:39:43.375427369Z 
2026-09-28T12:39:43.375478193Z ============================================================
2026-09-28T12:39:43.375484396Z   RUN — SIM_SEQ driver — 5 cycles x 44 steps — LOCAL MODULAR
2026-09-28T12:39:43.375517212Z   columns: cN sNN = cycle/step of MY walk; · = a peer caused this
2026-09-28T12:39:43.375523015Z   'done at': run clock, common to all nodes; a cycle is over at the
2026-09-28T12:39:43.375527017Z   LATEST node's print, machine time (DES_WORK_MS 0) included
2026-09-28T12:39:43.375530919Z ============================================================
2026-09-28T12:39:43.375534720Z 
2026-09-28T12:39:43.375538522Z -- cycle 1/5 --
2026-09-28T12:39:49.726732069Z     ·     vote   31    YES to node 1          (seq 1)
2026-09-28T12:39:52.711936631Z     ·     vote   31    YES to node 1          (seq 1)
2026-09-28T12:39:54.263423956Z     ·     vote   31    YES to node 1          (seq 1)
2026-09-28T12:39:57.274010029Z     ·     vote   31    YES to node 1          (seq 1)
2026-09-28T12:39:58.773525228Z     ·     vote   31    YES to node 1          (seq 1)
2026-09-28T12:39:58.849134946Z     ·     apply  31        70.9 ms HE    1 dec  from node 1  (seq 1)
2026-09-28T12:40:03.488600674Z     ·     apply  32       140.6 ms HE    2 dec  from node 1  (seq 2)
2026-09-28T12:40:06.411453749Z     ·     vote   33    YES to node 1          (seq 3)
2026-09-28T12:40:07.912070774Z     ·     vote   33    YES to node 1          (seq 3)
2026-09-28T12:40:07.989792000Z     ·     apply  33        71.1 ms HE    1 dec  from node 1  (seq 3)
2026-09-28T12:40:09.632132024Z     ·     apply  34       140.9 ms HE    2 dec  from node 1  (seq 4)
2026-09-28T12:40:09.714456049Z     ·     vote   35    YES to node 1          (seq 5)
2026-09-28T12:40:22.248246667Z     ·     vote   35    YES to node 1          (seq 5)
2026-09-28T12:40:23.748747636Z     ·     vote   35    YES to node 1          (seq 5)
2026-09-28T12:40:25.248556875Z     ·     vote   35    YES to node 1          (seq 5)
2026-09-28T12:40:25.323909169Z     ·     apply  35        70.0 ms HE    1 dec  from node 1  (seq 5)
2026-09-28T12:40:25.842171436Z     ·     apply  36       139.8 ms HE    2 dec  from node 1  (seq 6)
2026-09-28T12:40:28.773444967Z     ·     vote   39    YES to node 1          (seq 7)
2026-09-28T12:40:30.271785804Z     ·     vote   39    YES to node 1          (seq 7)
2026-09-28T12:40:31.774077129Z     ·     vote   39    YES to node 1          (seq 7)
2026-09-28T12:40:33.275567971Z     ·     vote   39    YES to node 1          (seq 7)
2026-09-28T12:40:33.417798312Z     ·     apply  39       139.3 ms HE    2 dec  from node 1  (seq 7)
2026-09-28T12:40:28.528994368Z c1  s15  2pc    61        69.3 ms HE    1 dec  6 frames  + 4508.2 ms peer-wait  (seq 1)
2026-09-28T12:40:28.601600051Z     ·     apply  30        70.1 ms HE    1 dec  from node 1  (seq 8)
2026-09-28T12:40:30.587584654Z c1  s23  2pc    65        69.5 ms HE    1 dec  6 frames  + 1504.4 ms peer-wait  (seq 2)
2026-09-28T12:40:30.730089426Z c1  s24  notify 66        69.4 ms HE    1 dec  3 frames  + 1.9 ms peer-wait  (seq 3)
2026-09-28T12:40:31.731137914Z     ·     vote   31    YES to node 1          (seq 9)
2026-09-28T12:40:33.232605945Z     ·     vote   31    YES to node 1          (seq 9)
2026-09-28T12:40:34.731837408Z     ·     vote   31    YES to node 1          (seq 9)
2026-09-28T12:40:36.230869086Z     ·     vote   31    YES to node 1          (seq 9)
2026-09-28T12:40:37.782522990Z     ·     vote   31    YES to node 1          (seq 9)
2026-09-28T12:40:39.282975636Z     ·     vote   31    YES to node 1          (seq 9)
2026-09-28T12:40:40.785321563Z     ·     vote   31    YES to node 1          (seq 9)
2026-09-28T12:40:43.835263980Z     ·     skip   31    node 1 gave up on it — moving on too  (occ 2)
2026-09-28T12:40:43.839651476Z     ·     skip   32    node 1 gave up on it — moving on too  (occ 2)
2026-09-28T12:40:55.350765685Z     ·     vote   35    YES to node 1          (seq 9)
2026-09-28T12:40:56.851821520Z     ·     vote   35    YES to node 1          (seq 9)
2026-09-28T12:40:56.905501362Z     ·     vote   35    YES to node 1          (seq 9)
2026-09-28T12:40:57.010140347Z     ·     vote   35    YES to node 1          (seq 9)
2026-09-28T12:40:58.717117047Z     ·     vote   35    YES to node 1          (seq 9)
2026-09-28T12:41:01.705662874Z     ·     vote   35    YES to node 1          (seq 9)
2026-09-28T12:41:03.256793128Z     ·     vote   35    YES to node 1          (seq 9)
2026-09-28T12:41:04.757471082Z     ·     vote   35    YES to node 1          (seq 9)
2026-09-28T12:41:16.195902078Z     ·     skip   35    node 1 gave up on it — moving on too  (occ 2)
2026-09-28T12:41:05.474451806Z     ·     skip   36    node 1 gave up on it — moving on too  (occ 2)
2026-09-28T12:41:15.466906169Z c1  s35  SKIP   61    my own supervisor disables it here
2026-09-28T12:41:15.777981966Z     ·     vote   33    YES to node 1          (seq 9)
2026-09-28T12:41:17.296175687Z     ·     vote   33    YES to node 1          (seq 9)
2026-09-28T12:41:18.789408984Z     ·     vote   33    YES to node 1          (seq 9)
2026-09-28T12:41:31.319857362Z     ·     vote   33    YES to node 1          (seq 9)
2026-09-28T12:41:31.408689796Z     ·     apply  33        69.5 ms HE    1 dec  from node 1  (seq 9)
2026-09-28T12:41:23.436965804Z     ·     apply  34        69.5 ms HE    1 dec  from node 1  (seq 10)
2026-09-28T12:41:23.583270092Z     ·     vote   37    YES to node 1          (seq 11)
2026-09-28T12:41:25.083525243Z     ·     vote   37    YES to node 1          (seq 11)
2026-09-28T12:41:36.202686573Z     ·     apply  37        70.1 ms HE    1 dec  from node 1  (seq 11)
2026-09-28T12:41:25.840260085Z     ·     apply  38        69.4 ms HE    1 dec  from node 1  (seq 12)
2026-09-28T12:41:35.853450840Z c1  s42  SKIP   63    my own supervisor disables it here
2026-09-28T12:41:35.857716177Z c1  s43  [!!]   64    IMPOSSIBLE — uncontrollable, but no machine could produce it from here; rejected (sensor fault or attack?)
2026-09-28T12:41:35.857743490Z c1  s43  SKIP   64    physically impossible here — rejected
2026-09-28T12:41:35.857749293Z -- cycle 1/5 done at 107921.6 ms --
2026-09-28T12:41:35.857753395Z 
2026-09-28T12:41:35.857756897Z -- cycle 2/5 --
2026-09-28T12:41:51.385694445Z     ·     vote   31    YES to node 1          (seq 13)
2026-09-28T12:41:41.851468356Z     ·     vote   31    YES to node 1          (seq 13)
2026-09-28T12:41:41.971171036Z     ·     apply  31       113.1 ms HE    1 dec  from node 1  (seq 13)
2026-09-28T12:41:45.004014485Z     ·     apply  32        72.9 ms HE    1 dec  from node 1  (seq 14)
2026-09-28T12:41:47.998137166Z     ·     vote   33    YES to node 1          (seq 15)
2026-09-28T12:41:48.072644357Z     ·     apply  33        69.4 ms HE    1 dec  from node 1  (seq 15)
2026-09-28T12:41:49.642864830Z     ·     apply  34        69.4 ms HE    1 dec  from node 1  (seq 16)
2026-09-28T12:41:49.951859533Z     ·     vote   35    YES to node 1          (seq 17)
2026-09-28T12:41:51.449698537Z     ·     vote   35    YES to node 1          (seq 17)
2026-09-28T12:41:52.952780940Z     ·     vote   35    YES to node 1          (seq 17)
2026-09-28T12:41:54.453687903Z     ·     vote   35    YES to node 1          (seq 17)
2026-09-28T12:41:56.002472500Z     ·     vote   35    YES to node 1          (seq 17)
2026-09-28T12:41:57.502180090Z     ·     vote   35    YES to node 1          (seq 17)
2026-09-28T12:41:59.001765222Z     ·     vote   35    YES to node 1          (seq 17)
2026-09-28T12:42:00.509087460Z     ·     vote   35    YES to node 1          (seq 17)
2026-09-28T12:42:02.060704546Z     ·     skip   35    node 1 gave up on it — moving on too  (occ 3)
2026-09-28T12:42:02.668088386Z     ·     skip   36    node 1 gave up on it — moving on too  (occ 3)
2026-09-28T12:42:02.675096633Z     ·     vote   39    YES to node 1          (seq 17)
2026-09-28T12:42:04.173510506Z     ·     vote   39    YES to node 1          (seq 17)
2026-09-28T12:42:05.664526610Z     ·     vote   39    YES to node 1          (seq 17)
2026-09-28T12:42:07.163063641Z     ·     vote   39    YES to node 1          (seq 17)
2026-09-28T12:42:07.237457878Z     ·     apply  39        69.6 ms HE    1 dec  from node 1  (seq 17)
2026-09-28T12:42:17.251685488Z c2  s15  SKIP   61    my own supervisor disables it here
2026-09-28T12:42:17.632476387Z     ·     apply  30        69.6 ms HE    1 dec  from node 1  (seq 18)
2026-09-28T12:42:28.047717658Z c2  s23  SKIP   65    my own supervisor disables it here
2026-09-28T12:42:28.052007207Z c2  s24  [!!]   66    IMPOSSIBLE — uncontrollable, but no machine could produce it from here; rejected (sensor fault or attack?)
2026-09-28T12:42:28.052239618Z c2  s24  SKIP   66    physically impossible here — rejected
2026-09-28T12:42:28.059503888Z     ·     vote   31    YES to node 1          (seq 19)
2026-09-28T12:42:29.559853585Z     ·     vote   31    YES to node 1          (seq 19)
2026-09-28T12:42:31.104276444Z     ·     vote   31    YES to node 1          (seq 19)
2026-09-28T12:42:32.603358836Z     ·     vote   31    YES to node 1          (seq 19)
2026-09-28T12:42:34.104188262Z     ·     vote   31    YES to node 1          (seq 19)
2026-09-28T12:42:34.208802335Z     ·     vote   31    YES to node 1          (seq 19)
2026-09-28T12:42:35.710763759Z     ·     vote   31    YES to node 1          (seq 19)
2026-09-28T12:42:35.915341283Z     ·     vote   31    YES to node 1          (seq 19)
2026-09-28T12:42:36.321990034Z     ·     vote   31    YES to node 1          (seq 19)
2026-09-28T12:42:37.129233943Z     ·     vote   31    YES to node 1          (seq 19)
2026-09-28T12:42:38.131362747Z     ·     skip   31    node 1 gave up on it — moving on too  (occ 4)
2026-09-28T12:42:38.438369800Z     ·     skip   32    node 1 gave up on it — moving on too  (occ 4)
2026-09-28T12:42:48.434746602Z     ·     vote   35    YES to node 1          (seq 19)
2026-09-28T12:42:48.507615110Z     ·     apply  35        69.7 ms HE    1 dec  from node 1  (seq 19)
2026-09-28T12:42:53.102201873Z     ·     apply  36        69.3 ms HE    1 dec  from node 1  (seq 20)
2026-09-28T12:42:53.481577695Z c2  s35  2pc    61        69.4 ms HE    1 dec  6 frames  + 4.4 ms peer-wait  (seq 4)
2026-09-28T12:42:54.986547800Z     ·     vote   33    YES to node 1          (seq 21)
2026-09-28T12:42:55.058022542Z     ·     apply  33        69.3 ms HE    1 dec  from node 1  (seq 21)
2026-09-28T12:42:59.674439024Z     ·     apply  34        69.5 ms HE    1 dec  from node 1  (seq 22)
2026-09-28T12:43:01.104670784Z     ·     vote   37    YES to node 1          (seq 23)
2026-09-28T12:43:01.159297279Z     ·     vote   37    YES to node 1          (seq 23)
2026-09-28T12:43:02.662212301Z     ·     vote   37    YES to node 1          (seq 23)
2026-09-28T12:43:04.160730523Z     ·     vote   37    YES to node 1          (seq 23)
2026-09-28T12:43:16.691697450Z     ·     vote   37    YES to node 1          (seq 23)
2026-09-28T12:43:07.252414486Z     ·     vote   37    YES to node 1          (seq 23)
2026-09-28T12:43:08.750856672Z     ·     vote   37    YES to node 1          (seq 23)
2026-09-28T12:43:10.250113547Z     ·     vote   37    YES to node 1          (seq 23)
2026-09-28T12:43:10.356069861Z     ·     vote   37    YES to node 1          (seq 23)
2026-09-28T12:43:21.549196924Z     ·     vote   37    YES to node 1          (seq 23)
2026-09-28T12:43:12.078001991Z     ·     vote   37    YES to node 1          (seq 23)
2026-09-28T12:43:13.577901773Z     ·     vote   37    YES to node 1          (seq 23)
2026-09-28T12:43:15.077469296Z     ·     vote   37    YES to node 1          (seq 23)
2026-09-28T12:43:16.575982857Z     ·     skip   37    node 1 gave up on it — moving on too  (occ 2)
2026-09-28T12:43:16.583140977Z     ·     skip   38    node 1 gave up on it — moving on too  (occ 2)
2026-09-28T12:43:16.664226410Z c2  s42  2pc    63        69.3 ms HE    1 dec  6 frames  + 6.9 ms peer-wait  (seq 5)
2026-09-28T12:43:18.543863588Z c2  s43  notify 64        69.4 ms HE    1 dec  3 frames  + 1502.6 ms peer-wait  (seq 6)
2026-09-28T12:43:18.543892101Z -- cycle 2/5 done at 210646.9 ms --
2026-09-28T12:43:18.543895003Z 
2026-09-28T12:43:18.543896704Z -- cycle 3/5 --
2026-09-28T12:43:26.570049463Z     ·     vote   31    YES to node 1          (seq 23)
2026-09-28T12:43:28.070492004Z     ·     vote   31    YES to node 1          (seq 23)
2026-09-28T12:43:31.072127071Z     ·     vote   31    YES to node 1          (seq 23)
2026-09-28T12:43:32.623534458Z     ·     vote   31    YES to node 1          (seq 23)
2026-09-28T12:43:34.122412151Z     ·     vote   31    YES to node 1          (seq 23)
2026-09-28T12:43:46.656963244Z     ·     vote   31    YES to node 1          (seq 23)
2026-09-28T12:43:46.729424358Z     ·     apply  31        69.4 ms HE    1 dec  from node 1  (seq 23)
2026-09-28T12:43:38.759457879Z     ·     apply  32        69.4 ms HE    1 dec  from node 1  (seq 24)
2026-09-28T12:43:38.905904535Z     ·     vote   33    YES to node 1          (seq 25)
2026-09-28T12:43:40.408748123Z     ·     vote   33    YES to node 1          (seq 25)
2026-09-28T12:43:40.464892742Z     ·     vote   33    YES to node 1          (seq 25)
2026-09-28T12:43:51.606930112Z     ·     vote   33    YES to node 1          (seq 25)
2026-09-28T12:43:40.776673770Z     ·     vote   33    YES to node 1          (seq 25)
2026-09-28T12:43:43.777351454Z     ·     vote   33    YES to node 1          (seq 25)
2026-09-28T12:43:44.180814482Z     ·     vote   33    YES to node 1          (seq 25)
2026-09-28T12:43:44.985931276Z     ·     vote   33    YES to node 1          (seq 25)
2026-09-28T12:43:46.479483256Z     ·     vote   33    YES to node 1          (seq 25)
2026-09-28T12:43:47.978664094Z     ·     vote   33    YES to node 1          (seq 25)
2026-09-28T12:43:49.480422164Z     ·     vote   33    YES to node 1          (seq 25)
2026-09-28T12:43:50.484434067Z     ·     skip   33    node 1 gave up on it — moving on too  (occ 5)
2026-09-28T12:43:50.808165729Z     ·     skip   34    node 1 gave up on it — moving on too  (occ 5)
2026-09-28T12:43:50.816446485Z     ·     vote   35    YES to node 1          (seq 25)
2026-09-28T12:43:53.816909666Z     ·     vote   35    YES to node 1          (seq 25)
2026-09-28T12:43:53.888525576Z     ·     apply  35        69.3 ms HE    1 dec  from node 1  (seq 25)
2026-09-28T12:44:03.946555783Z     ·     apply  36        70.9 ms HE    1 dec  from node 1  (seq 26)
2026-09-28T12:44:06.949125378Z     ·     vote   39    YES to node 1          (seq 27)
2026-09-28T12:44:09.950833353Z     ·     vote   39    YES to node 1          (seq 27)
2026-09-28T12:44:11.448015872Z     ·     vote   39    YES to node 1          (seq 27)
2026-09-28T12:44:11.502688089Z     ·     vote   39    YES to node 1          (seq 27)
2026-09-28T12:44:13.003597453Z     ·     vote   39    YES to node 1          (seq 27)
2026-09-28T12:44:13.107777618Z     ·     vote   39    YES to node 1          (seq 27)
2026-09-28T12:44:14.607522226Z     ·     vote   39    YES to node 1          (seq 27)
2026-09-28T12:44:17.611448922Z     ·     vote   39    YES to node 1          (seq 27)
2026-09-28T12:44:19.162392087Z     ·     skip   39    node 1 gave up on it — moving on too  (occ 3)
2026-09-28T12:44:22.204992439Z c3  s15  2pc    61        69.3 ms HE    1 dec  6 frames  + 3007.7 ms peer-wait  (seq 7)
2026-09-28T12:44:22.510860477Z     ·     skip   30    node 1 gave up on it — moving on too  (occ 3)
2026-09-28T12:44:32.501701723Z c3  s23  sync   65    waiting for peers to reach this step (10 s)
2026-09-28T12:44:42.494870449Z c3  s23  sync   65    waiting for peers to reach this step (20 s)
2026-09-28T12:44:52.500106018Z c3  s23  sync   65    waiting for peers to reach this step (30 s)
2026-09-28T12:44:55.589642248Z c3  s23  2pc    65        69.7 ms HE    1 dec  6 frames  + 3011.3 ms peer-wait  (seq 8)
2026-09-28T12:44:57.231804373Z c3  s24  notify 66        69.2 ms HE    1 dec  3 frames  + 1502.1 ms peer-wait  (seq 9)
2026-09-28T12:44:58.807470447Z     ·     vote   31    YES to node 1          (seq 27)
2026-09-28T12:44:58.879638721Z     ·     apply  31        69.4 ms HE    1 dec  from node 1  (seq 27)
2026-09-28T12:45:12.981590642Z     ·     apply  32        69.5 ms HE    1 dec  from node 1  (seq 28)
2026-09-28T12:45:13.128334640Z     ·     vote   35    YES to node 1          (seq 29)
2026-09-28T12:45:14.627891858Z     ·     vote   35    YES to node 1          (seq 29)
2026-09-28T12:45:16.273692935Z     ·     apply  35        69.8 ms HE    1 dec  from node 1  (seq 29)
2026-09-28T12:45:17.776471693Z     ·     apply  36        69.4 ms HE    1 dec  from node 1  (seq 30)
2026-09-28T12:45:17.858817628Z c3  s35  2pc    61        69.7 ms HE    1 dec  6 frames  + 7.7 ms peer-wait  (seq 10)
2026-09-28T12:45:20.778512828Z     ·     vote   33    YES to node 1          (seq 31)
2026-09-28T12:45:23.780823592Z     ·     vote   33    YES to node 1          (seq 31)
2026-09-28T12:45:25.281836505Z     ·     vote   33    YES to node 1          (seq 31)
2026-09-28T12:45:25.338121092Z     ·     vote   33    YES to node 1          (seq 31)
2026-09-28T12:45:17.294618794Z     ·     vote   33    YES to node 1          (seq 31)
2026-09-28T12:45:18.796574459Z     ·     vote   33    YES to node 1          (seq 31)
2026-09-28T12:45:20.347339638Z     ·     skip   33    node 1 gave up on it — moving on too  (occ 6)
2026-09-28T12:45:20.354499158Z     ·     skip   34    node 1 gave up on it — moving on too  (occ 6)
2026-09-28T12:45:30.358236993Z     ·     vote   37    YES to node 1          (seq 31)
2026-09-28T12:45:31.865261898Z     ·     vote   37    YES to node 1          (seq 31)
2026-09-28T12:45:31.937716308Z     ·     apply  37        69.5 ms HE    1 dec  from node 1  (seq 31)
2026-09-28T12:45:32.015825920Z     ·     apply  38        69.5 ms HE    1 dec  from node 1  (seq 32)
2026-09-28T12:45:38.117784178Z c3  s42  2pc    63        69.5 ms HE    1 dec  6 frames  + 6007.3 ms peer-wait  (seq 11)
2026-09-28T12:45:39.690788881Z c3  s43  notify 64        69.2 ms HE    1 dec  3 frames  + 1503.7 ms peer-wait  (seq 12)
2026-09-28T12:45:39.690857714Z -- cycle 3/5 done at 351881.8 ms --
2026-09-28T12:45:39.690863317Z 
2026-09-28T12:45:39.690867118Z -- cycle 4/5 --
2026-09-28T12:45:45.096072947Z     ·     vote   31    YES to node 1          (seq 33)
2026-09-28T12:45:46.592389825Z     ·     vote   31    YES to node 1          (seq 33)
2026-09-28T12:45:48.092368445Z     ·     vote   31    YES to node 1          (seq 33)
2026-09-28T12:45:48.164769029Z     ·     apply  31        69.7 ms HE    1 dec  from node 1  (seq 33)
2026-09-28T12:45:51.225991021Z     ·     apply  32        69.3 ms HE    1 dec  from node 1  (seq 34)
2026-09-28T12:45:52.804014722Z     ·     vote   33    YES to node 1          (seq 35)
2026-09-28T12:45:54.305732172Z     ·     vote   33    YES to node 1          (seq 35)
2026-09-28T12:45:57.296876236Z     ·     vote   33    YES to node 1          (seq 35)
2026-09-28T12:45:58.850132005Z     ·     vote   33    YES to node 1          (seq 35)
2026-09-28T12:46:00.348937465Z     ·     vote   33    YES to node 1          (seq 35)
2026-09-28T12:46:01.862020485Z     ·     vote   33    YES to node 1          (seq 35)
2026-09-28T12:46:03.362331264Z     ·     vote   33    YES to node 1          (seq 35)
2026-09-28T12:46:04.912847425Z     ·     skip   33    node 1 gave up on it — moving on too  (occ 7)
2026-09-28T12:46:04.917341872Z     ·     skip   34    node 1 gave up on it — moving on too  (occ 7)
2026-09-28T12:46:05.224550621Z     ·     vote   35    YES to node 1          (seq 35)
2026-09-28T12:46:08.222201974Z     ·     vote   35    YES to node 1          (seq 35)
2026-09-28T12:46:09.723664002Z     ·     vote   35    YES to node 1          (seq 35)
2026-09-28T12:46:11.257435789Z     ·     vote   35    YES to node 1          (seq 35)
2026-09-28T12:46:11.331245046Z     ·     apply  35        69.5 ms HE    1 dec  from node 1  (seq 35)
2026-09-28T12:46:21.419898527Z     ·     apply  36        69.4 ms HE    1 dec  from node 1  (seq 36)
2026-09-28T12:46:37.011973471Z     ·     vote   39    YES to node 1          (seq 37)
2026-09-28T12:46:28.979633308Z     ·     vote   39    YES to node 1          (seq 37)
2026-09-28T12:46:30.479108487Z     ·     vote   39    YES to node 1          (seq 37)
2026-09-28T12:46:30.531671496Z     ·     vote   39    YES to node 1          (seq 37)
2026-09-28T12:46:30.636298274Z     ·     vote   39    YES to node 1          (seq 37)
2026-09-28T12:46:32.135506132Z     ·     vote   39    YES to node 1          (seq 37)
2026-09-28T12:46:33.634633946Z     ·     vote   39    YES to node 1          (seq 37)
2026-09-28T12:46:33.839431475Z     ·     vote   39    YES to node 1          (seq 37)
2026-09-28T12:46:35.340505318Z     ·     vote   39    YES to node 1          (seq 37)
2026-09-28T12:46:36.843343752Z     ·     vote   39    YES to node 1          (seq 37)
2026-09-28T12:46:38.342884163Z     ·     vote   39    YES to node 1          (seq 37)
2026-09-28T12:46:38.746385010Z     ·     skip   39    node 1 gave up on it — moving on too  (occ 4)
2026-09-28T12:46:41.836085315Z c4  s15  2pc    61        69.6 ms HE    1 dec  6 frames  + 3009.8 ms peer-wait  (seq 13)
2026-09-28T12:46:41.838597315Z     ·     skip   30    node 1 gave up on it — moving on too  (occ 4)
2026-09-28T12:46:51.843756048Z c4  s23  sync   65    waiting for peers to reach this step (10 s)
2026-09-28T12:47:01.839613790Z c4  s23  sync   65    waiting for peers to reach this step (20 s)
2026-09-28T12:47:11.824890952Z c4  s23  sync   65    waiting for peers to reach this step (30 s)
2026-09-28T12:47:11.833595810Z c4  s23  veto   65    a peer's supervisor disables it here  (4.1 ms)
2026-09-28T12:47:23.435667665Z c4  s23  veto   65    refused 11 more times over 11.6 s, giving up
2026-09-28T12:47:23.436544684Z c4  s23  SKIP   65    a PEER's supervisor kept vetoing it
2026-09-28T12:47:23.441448627Z c4  s24  [!!]   66    IMPOSSIBLE — uncontrollable, but no machine could produce it from here; rejected (sensor fault or attack?)
2026-09-28T12:47:23.441907146Z c4  s24  SKIP   66    physically impossible here — rejected
2026-09-28T12:47:23.449746591Z     ·     vote   31    YES to node 1          (seq 37)
2026-09-28T12:47:24.948316237Z     ·     vote   31    YES to node 1          (seq 37)
2026-09-28T12:47:26.433135433Z     ·     vote   31    YES to node 1          (seq 37)
2026-09-28T12:47:29.484986162Z     ·     vote   31    YES to node 1          (seq 37)
2026-09-28T12:47:29.557327318Z     ·     apply  31        69.5 ms HE    1 dec  from node 1  (seq 37)
2026-09-28T12:47:32.630172076Z     ·     apply  32        69.4 ms HE    1 dec  from node 1  (seq 38)
2026-09-28T12:47:35.637802181Z     ·     vote   35    YES to node 1          (seq 39)
2026-09-28T12:47:37.132344284Z     ·     vote   35    YES to node 1          (seq 39)
2026-09-28T12:47:38.631609763Z     ·     vote   35    YES to node 1          (seq 39)
2026-09-28T12:47:38.703851272Z     ·     apply  35        69.4 ms HE    1 dec  from node 1  (seq 39)
2026-09-28T12:47:40.655148981Z     ·     apply  36        69.4 ms HE    1 dec  from node 1  (seq 40)
2026-09-28T12:47:50.654857525Z c4  s35  SKIP   61    my own supervisor disables it here
2026-09-28T12:47:52.172891015Z     ·     vote   33    YES to node 1          (seq 41)
2026-09-28T12:47:53.673501937Z     ·     vote   33    YES to node 1          (seq 41)
2026-09-28T12:47:53.745968053Z     ·     apply  33        69.4 ms HE    1 dec  from node 1  (seq 41)
2026-09-28T12:47:55.321508767Z     ·     apply  34        69.7 ms HE    1 dec  from node 1  (seq 42)
2026-09-28T12:47:59.818744589Z     ·     vote   37    YES to node 1          (seq 43)
2026-09-28T12:47:59.893101709Z     ·     apply  37        69.4 ms HE    1 dec  from node 1  (seq 43)
2026-09-28T12:48:02.954985540Z     ·     apply  38        69.3 ms HE    1 dec  from node 1  (seq 44)
2026-09-28T12:48:04.601820311Z c4  s42  2pc    63        69.3 ms HE    1 dec  6 frames  + 5.2 ms peer-wait  (seq 14)
2026-09-28T12:48:17.208938521Z c4  s43  notify 64        69.5 ms HE    1 dec  3 frames  + 1503.9 ms peer-wait  (seq 15)
2026-09-28T12:48:17.209007354Z -- cycle 4/5 done at 498466.8 ms --
2026-09-28T12:48:17.209013257Z 
2026-09-28T12:48:17.209016658Z -- cycle 5/5 --
2026-09-28T12:48:07.592739933Z     ·     vote   31    YES to node 1          (seq 45)
2026-09-28T12:48:10.594605084Z     ·     vote   31    YES to node 1          (seq 45)
2026-09-28T12:48:12.087191109Z     ·     vote   31    YES to node 1          (seq 45)
2026-09-28T12:48:27.673132756Z     ·     vote   31    YES to node 1          (seq 45)
2026-09-28T12:48:29.172832043Z     ·     vote   31    YES to node 1          (seq 45)
2026-09-28T12:48:30.724374894Z     ·     skip   31    node 1 gave up on it — moving on too  (occ 9)
2026-09-28T12:48:31.034740752Z     ·     skip   32    node 1 gave up on it — moving on too  (occ 9)
2026-09-28T12:48:41.040177215Z     ·     vote   33    YES to node 1          (seq 45)
2026-09-28T12:48:31.658615617Z     ·     apply  33        69.3 ms HE    1 dec  from node 1  (seq 45)
2026-09-28T12:48:31.732912908Z     ·     apply  34        69.4 ms HE    1 dec  from node 1  (seq 46)
2026-09-28T12:48:47.254010487Z     ·     vote   35    NO  to node 1          (seq 47)
2026-09-28T12:48:37.727455375Z     ·     vote   35    NO  to node 1          (seq 47)
2026-09-28T12:48:39.225822125Z     ·     vote   35    NO  to node 1          (seq 47)
2026-09-28T12:48:40.725852269Z     ·     vote   35    NO  to node 1          (seq 47)
2026-09-28T12:48:42.255842371Z     ·     vote   35    NO  to node 1          (seq 47)
2026-09-28T12:48:43.757953110Z     ·     vote   35    NO  to node 1          (seq 47)
2026-09-28T12:48:43.813850511Z     ·     vote   35    NO  to node 1          (seq 47)
2026-09-28T12:48:43.916169487Z     ·     vote   35    NO  to node 1          (seq 47)
2026-09-28T12:48:45.418750951Z     ·     vote   35    NO  to node 1          (seq 47)
2026-09-28T12:48:46.913734023Z     ·     vote   35    NO  to node 1          (seq 47)
2026-09-28T12:48:48.413971967Z     ·     vote   35    NO  to node 1          (seq 47)
2026-09-28T12:48:49.964836294Z     ·     skip   35    node 1 gave up on it — moving on too  (occ 9)
2026-09-28T12:48:50.271561312Z     ·     skip   36    node 1 gave up on it — moving on too  (occ 9)
2026-09-28T12:48:50.280040163Z     ·     vote   39    YES to node 1          (seq 47)
2026-09-28T12:48:51.792989531Z     ·     vote   39    YES to node 1          (seq 47)
2026-09-28T12:48:53.296044020Z     ·     vote   39    YES to node 1          (seq 47)
2026-09-28T12:48:53.367509958Z     ·     apply  39        69.5 ms HE    1 dec  from node 1  (seq 47)
2026-09-28T12:48:55.017654811Z c5  s15  2pc    61        69.2 ms HE    1 dec  6 frames  + 5.5 ms peer-wait  (seq 16)
2026-09-28T12:48:57.954562781Z     ·     apply  30        69.3 ms HE    1 dec  from node 1  (seq 48)
2026-09-28T12:49:03.315309240Z c5  s23  2pc    65        69.5 ms HE    1 dec  6 frames  + 3009.6 ms peer-wait  (seq 17)
2026-09-28T12:49:17.413036700Z c5  s24  notify 66        69.8 ms HE    1 dec  3 frames  + 3004.7 ms peer-wait  (seq 18)
2026-09-28T12:49:12.446890185Z     ·     vote   31    YES to node 1          (seq 49)
2026-09-28T12:49:15.448181162Z     ·     vote   31    YES to node 1          (seq 49)
2026-09-28T12:49:16.937007621Z     ·     vote   31    YES to node 1          (seq 49)
2026-09-28T12:49:17.008961293Z     ·     apply  31        69.5 ms HE    1 dec  from node 1  (seq 49)
2026-09-28T12:49:17.085095961Z     ·     apply  32        69.5 ms HE    1 dec  from node 1  (seq 50)
2026-09-28T12:49:18.662609518Z     ·     vote   35    YES to node 1          (seq 51)
2026-09-28T12:49:20.161767846Z     ·     vote   35    YES to node 1          (seq 51)
2026-09-28T12:49:21.661070750Z     ·     vote   35    YES to node 1          (seq 51)
2026-09-28T12:49:23.163521551Z     ·     vote   35    YES to node 1          (seq 51)
2026-09-28T12:49:23.236415872Z     ·     apply  35        69.7 ms HE    1 dec  from node 1  (seq 51)
2026-09-28T12:49:27.878746347Z     ·     apply  36        69.5 ms HE    1 dec  from node 1  (seq 52)
2026-09-28T12:49:29.459701649Z c5  s35  2pc    61        69.3 ms HE    1 dec  6 frames  + 1507.3 ms peer-wait  (seq 19)
2026-09-28T12:49:30.879367004Z     ·     vote   33    YES to node 1          (seq 53)
2026-09-28T12:49:30.951494158Z     ·     apply  33        69.3 ms HE    1 dec  from node 1  (seq 53)
2026-09-28T12:49:32.898218986Z     ·     apply  34        69.3 ms HE    1 dec  from node 1  (seq 54)
2026-09-28T12:49:33.043199341Z     ·     vote   37    YES to node 1          (seq 55)
2026-09-28T12:49:33.116249336Z     ·     apply  37        69.6 ms HE    1 dec  from node 1  (seq 55)
2026-09-28T12:49:37.677895674Z     ·     apply  38        69.4 ms HE    1 dec  from node 1  (seq 56)
2026-09-28T12:49:39.329983454Z c5  s42  2pc    63        69.8 ms HE    1 dec  6 frames  + 7.2 ms peer-wait  (seq 20)
2026-09-28T12:49:39.406152939Z c5  s43  notify 64        69.7 ms HE    1 dec  3 frames  + 1.6 ms peer-wait  (seq 21)
2026-09-28T12:49:39.406196360Z -- cycle 5/5 done at 591740.0 ms --
2026-09-28T12:49:39.406203263Z 
2026-09-28T12:49:39.406207365Z ============================================================
2026-09-28T12:49:39.406211767Z   SUMMARY — node 5/7 — LOCAL MODULAR — UDP/IP multicast (RFC 1112)
2026-09-28T12:49:39.406217870Z ============================================================
2026-09-28T12:49:39.406222272Z   events this node FIRED:
2026-09-28T12:49:39.406226174Z   local (no network)           (none on this node)
2026-09-28T12:49:39.406231577Z   shared controllable    n=14   avg  1898.30 ms  (HE   69.44 + net 1828.75)  min   73.83  max  6076.90   73.7%
2026-09-28T12:49:39.406236179Z   shared uncontroll.     n=7    avg  1358.24 ms  (HE   69.49 + net 1288.65)  min   71.40  max  3074.58   26.3%
2026-09-28T12:49:39.406240381Z   events this node APPLIED for a peer (participant side):
2026-09-28T12:49:39.406244283Z   shared, applied        n=56   avg    75.46 ms  (HE   75.46 + net    0.00)  min   69.27  max   140.91
2026-09-28T12:49:39.406248285Z   sync-wait (peers reaching a shared step): n=30 avg 2341.57 ms, 70.2 s total
2026-09-28T12:49:39.406252286Z      not protocol cost — the plant catching up; kept out of the rows above
2026-09-28T12:49:39.406256789Z   run clock, end of cycles 1..5 (ms): 107921.6 210646.9 351881.8 498466.8 591740.0
2026-09-28T12:49:39.406260991Z      a cycle is over at the LATEST node's value; DES_WORK_MS 0 included
2026-09-28T12:49:39.406265093Z   ----------------------------------------------------------
2026-09-28T12:49:39.406268994Z   all events            n=21   avg  1718.28 ms  (HE   69.46 + net 1648.71)
2026-09-28T12:49:39.406272896Z   PEER-WAIT + WIRE      96.0 % of total step time
2026-09-28T12:49:39.406276698Z      (compare against the round-trip probe above: the excess is
2026-09-28T12:49:39.406280700Z       the peer's own HE work, not the link.)
2026-09-28T12:49:39.406284702Z   frames: tx=1885 rx=10595 retransmits=24
2026-09-28T12:49:39.406288904Z   authentication: HMAC-SHA256/128, 3.9 us per frame; 0 rejected (bad tag), 0 stale/replayed dropped, 9 epoch challenges
2026-09-28T12:49:39.406293106Z   rx queue: peak 17/64 frames
2026-09-28T12:49:39.406297108Z   plant check: 3 event reports rejected as physically impossible
2026-09-28T12:49:39.406301110Z      (these supervisors carry the plant: an impossible uncontrollable event is caught)
2026-09-28T12:49:39.406305112Z   !! 9 STEPS SKIPPED — each SKIP line above says why. Firing a
2026-09-28T12:49:39.406474393Z      step anyway would corrupt every supervisor downstream.
2026-09-28T12:49:39.406493101Z   injected frame loss: 10 %
2026-09-28T12:49:39.406497704Z   ----------------------------------------------------------
2026-09-28T12:49:39.406501806Z   homomorphic vs cleartext oracle : PASS — every encrypted bit matched
2026-09-28T12:49:39.406509009Z      (PASS certifies the cryptography: each node's encrypted bits
2026-09-28T12:49:39.406513811Z       match its own clear model for the events it applied. It does
2026-09-28T12:49:39.406517813Z       not certify the distributed run — read the skips for that.)
2026-09-28T12:49:39.406522015Z   distributed vs MONOLITHIC sup.  : off — this header has no monolithic supervisor
2026-09-28T12:49:39.406526217Z   safe halt                       : no — ran to completion
2026-09-28T12:49:39.406530920Z ============================================================
2026-09-28T12:49:49.415400516Z @@RESULT {"node":5,"nodes":7,"family":"LOCAL MODULAR","data":"supervisor_data_fms.h","transport":"UDP/IP multicast (RFC 1112)","fingerprint":"04511541","supervisors":["S4"],"fired":{"local":0,"ctrl":14,"unctrl":7},"applied_for_peers":56,"skips":9,"impossible":3,"tx":1885,"rx":10595,"retx":24,"auth_bad":0,"replays":0,"challenges":9,"mac_us":3.89,"rxq_peak":17,"rxq_drops":0,"sync_wait_ms":70247.1,"oracle":"PASS","safe_halt":false,"halt_reason":"","cycle_end_ms":[107921.6,210646.9,351881.8,498466.8,591740.0],"rounds":5,"work_ms":0,"emu_scalarmul_ms":69.0,"loss_pct":10,"loss_seed":835971482,"exit":1}
