des_container: node 6 of 7, LOCAL MODULAR, data supervisor_data_fms.h, transport UDP/IP multicast (RFC 1112)
des_container: EMULATING the ESP32 — every decryption takes at least 69.0 ms (DES_EMU_SCALARMUL_MS)
des_container: dropping 10 % of received frames, seed 2504582204 (DES_LOSS_SEED to replay)

============================================================
  Distributed Homomorphic DES — generic engine
  node 6/7   family LOCAL MODULAR   7 supervisors   31 events
  data: supervisor_data_fms.h
============================================================
--- event routing (DERIVED from the header, not hardcoded) ---
  event  ctrl  nodes      owner  class
  11     yes   1          1      local — no network
  12     no    1          1      local — no network
  21     yes   2          2      local — no network
  22     no    2          2      local — no network
  30     no    1 2 3 4 5 6 7  1      SHARED — needs network
  31     yes   1 2 3 4 5 6 7  1      SHARED — needs network
  32     no    1 2 3 4 5 6 7  1      SHARED — needs network
  33     yes   1 2 3 4 5 6 7  1      SHARED — needs network
  34     no    1 2 3 4 5 6 7  1      SHARED — needs network
  35     yes   1 2 3 4 5 6 7  1      SHARED — needs network
  36     no    1 2 3 4 5 6 7  1      SHARED — needs network
  37     yes   1 2 3 4 5 6 7  1      SHARED — needs network
  38     no    1 2 3 4 5 6 7  1      SHARED — needs network
  39     yes   1 2 3 4 5 6 7  1      SHARED — needs network
  41     yes   3          3      local — no network
  42     no    3          3      local — no network
  51     yes   4          4      local — no network
  52     no    4          4      local — no network
  53     yes   4          4      local — no network
  54     no    4          4      local — no network
  61     yes   5 6 7      5      SHARED — needs network
  63     yes   5 6 7      5      SHARED — needs network
  64     no    5 6 7      5      SHARED — needs network
  65     yes   5 6 7      5      SHARED — needs network
  66     no    5 6 7      5      SHARED — needs network
  71     yes   7          7      local — no network
  72     no    7          7      local — no network
  73     yes   7          7      local — no network
  74     no    7          7      local — no network
  81     yes   7          7      local — no network
  82     no    7          7      local — no network
  => 15/31 events shared; 16/31 need ZERO network traffic; 15 concern this node
  NOTE controllability was INFERRED from event labels (the header
       does not carry it). Check the 'ctrl' column above; if it is
       wrong, set DES_CONTROLLABLE_MASK explicitly.

[init] config fingerprint 04511541 — every node must print the same

[net] UDP multicast 239.192.7.1:5077  ttl=1  frame=44 B
--- crypto self-test ---
  Enc(0)->0 Enc(1)->1                PASS
  Enc(1)+Enc(1)->1 homomorphic OR   PASS
  Enc(0)+Enc(0)->0                  PASS
  curve secp192r1, ciphertext 50 B    PASS
  frame tag HMAC-SHA256/128: 5.3 us, 1-bit tamper caught  PASS

--- encrypting my supervisors' initial states ---
[load] S5         idx 5   44 states  15 constraining ev    2200 B ciphertext
[init] my keypair is mine alone; no ciphertext ever leaves this node
[init] my enablement: 11=1 12=1 21=1 22=1 30=0 31=1 32=0 33=1 34=0 35=1 36=0 37=1 38=0 39=1 41=1 42=1 51=1 52=1 53=1 54=1 61=1 63=0 64=0 65=0 66=0 71=1 72=1 73=1 74=1 81=1 82=1

[net] waiting for 6 peer(s)................... all present.

============================================================
  RUN — SIM_SEQ driver — 5 cycles x 44 steps — LOCAL MODULAR
  columns: cN sNN = cycle/step of MY walk; · = a peer caused this
  'done at': run clock, common to all nodes; a cycle is over at the
  LATEST node's print, machine time (DES_WORK_MS 0) included
============================================================

-- cycle 1/5 --
    ·     vote   31    YES to node 1          (seq 1)
    ·     vote   31    YES to node 1          (seq 1)
    ·     vote   31    YES to node 1          (seq 1)
    ·     vote   31    YES to node 1          (seq 1)
    ·     vote   31    YES to node 1          (seq 1)
    ·     vote   31    YES to node 1          (seq 1)
    ·     vote   31    YES to node 1          (seq 1)
    ·     apply  31       141.0 ms HE    2 dec  from node 1  (seq 1)
    ·     apply  32       210.1 ms HE    3 dec  from node 1  (seq 2)
    ·     vote   33    YES to node 1          (seq 3)
    ·     apply  33       140.7 ms HE    2 dec  from node 1  (seq 3)
    ·     apply  34       210.3 ms HE    3 dec  from node 1  (seq 4)
    ·     vote   35    YES to node 1          (seq 5)
    ·     vote   35    YES to node 1          (seq 5)
    ·     vote   35    YES to node 1          (seq 5)
    ·     vote   35    YES to node 1          (seq 5)
    ·     apply  35       140.6 ms HE    2 dec  from node 1  (seq 5)
    ·     apply  36       210.2 ms HE    3 dec  from node 1  (seq 6)
    ·     vote   39    YES to node 1          (seq 7)
    ·     vote   39    YES to node 1          (seq 7)
    ·     vote   39    YES to node 1          (seq 7)
    ·     apply  39       140.2 ms HE    2 dec  from node 1  (seq 7)
    ·     vote   61    YES to node 5          (seq 1)
    ·     apply  61       139.2 ms HE    2 dec  from node 5  (seq 1)
    ·     apply  30       139.8 ms HE    2 dec  from node 1  (seq 8)
    ·     vote   65    YES to node 5          (seq 2)
    ·     vote   65    YES to node 5          (seq 2)
    ·     apply  65       138.9 ms HE    2 dec  from node 5  (seq 2)
    ·     apply  66       139.1 ms HE    2 dec  from node 5  (seq 3)
    ·     vote   31    YES to node 1          (seq 9)
    ·     vote   31    YES to node 1          (seq 9)
    ·     vote   31    YES to node 1          (seq 9)
    ·     vote   31    YES to node 1          (seq 9)
    ·     vote   31    YES to node 1          (seq 9)
    ·     vote   31    YES to node 1          (seq 9)
    ·     skip   31    node 1 gave up on it — moving on too  (occ 2)
    ·     skip   32    node 1 gave up on it — moving on too  (occ 2)
    ·     vote   35    YES to node 1          (seq 9)
    ·     vote   35    YES to node 1          (seq 9)
    ·     vote   35    YES to node 1          (seq 9)
    ·     vote   35    YES to node 1          (seq 9)
    ·     vote   35    YES to node 1          (seq 9)
    ·     vote   35    YES to node 1          (seq 9)
    ·     vote   35    YES to node 1          (seq 9)
    ·     vote   35    YES to node 1          (seq 9)
    ·     vote   35    YES to node 1          (seq 9)
    ·     vote   35    YES to node 1          (seq 9)
    ·     skip   35    node 1 gave up on it — moving on too  (occ 2)
    ·     skip   36    node 1 gave up on it — moving on too  (occ 2)
    ·     skip   61    node 5 gave up on it — moving on too  (occ 2)
    ·     vote   33    YES to node 1          (seq 9)
    ·     vote   33    YES to node 1          (seq 9)
    ·     vote   33    YES to node 1          (seq 9)
    ·     vote   33    YES to node 1          (seq 9)
    ·     apply  33        71.5 ms HE    1 dec  from node 1  (seq 9)
    ·     apply  34       138.9 ms HE    2 dec  from node 1  (seq 10)
    ·     vote   37    YES to node 1          (seq 11)
    ·     vote   37    YES to node 1          (seq 11)
    ·     apply  37        71.0 ms HE    1 dec  from node 1  (seq 11)
    ·     apply  38        69.4 ms HE    1 dec  from node 1  (seq 12)
    ·     skip   63    node 5 gave up on it — moving on too  (occ 1)
    ·     skip   64    node 5 gave up on it — moving on too  (occ 1)
-- cycle 1/5 done at 107925.5 ms --

-- cycle 2/5 --
    ·     vote   31    YES to node 1          (seq 13)
    ·     vote   31    YES to node 1          (seq 13)
    ·     apply  31        95.4 ms HE    1 dec  from node 1  (seq 13)
    ·     apply  32        69.8 ms HE    1 dec  from node 1  (seq 14)
    ·     vote   33    YES to node 1          (seq 15)
    ·     apply  33        69.4 ms HE    1 dec  from node 1  (seq 15)
    ·     apply  34        69.5 ms HE    1 dec  from node 1  (seq 16)
    ·     vote   35    YES to node 1          (seq 17)
    ·     vote   35    YES to node 1          (seq 17)
    ·     vote   35    YES to node 1          (seq 17)
    ·     vote   35    YES to node 1          (seq 17)
    ·     vote   35    YES to node 1          (seq 17)
    ·     vote   35    YES to node 1          (seq 17)
    ·     vote   35    YES to node 1          (seq 17)
    ·     vote   35    YES to node 1          (seq 17)
    ·     skip   35    node 1 gave up on it — moving on too  (occ 3)
    ·     skip   36    node 1 gave up on it — moving on too  (occ 3)
    ·     vote   39    YES to node 1          (seq 17)
    ·     vote   39    YES to node 1          (seq 17)
    ·     vote   39    YES to node 1          (seq 17)
    ·     vote   39    YES to node 1          (seq 17)
    ·     apply  39        69.9 ms HE    1 dec  from node 1  (seq 17)
    ·     skip   61    node 5 gave up on it — moving on too  (occ 3)
    ·     apply  30        69.6 ms HE    1 dec  from node 1  (seq 18)
    ·     skip   65    node 5 gave up on it — moving on too  (occ 2)
    ·     skip   66    node 5 gave up on it — moving on too  (occ 2)
    ·     vote   31    YES to node 1          (seq 19)
    ·     vote   31    YES to node 1          (seq 19)
    ·     vote   31    YES to node 1          (seq 19)
    ·     vote   31    YES to node 1          (seq 19)
    ·     vote   31    YES to node 1          (seq 19)
    ·     vote   31    YES to node 1          (seq 19)
    ·     vote   31    YES to node 1          (seq 19)
    ·     vote   31    YES to node 1          (seq 19)
    ·     vote   31    YES to node 1          (seq 19)
    ·     vote   31    YES to node 1          (seq 19)
    ·     skip   31    node 1 gave up on it — moving on too  (occ 4)
    ·     skip   32    node 1 gave up on it — moving on too  (occ 4)
    ·     vote   35    YES to node 1          (seq 19)
    ·     apply  35        69.3 ms HE    1 dec  from node 1  (seq 19)
    ·     apply  36        69.3 ms HE    1 dec  from node 1  (seq 20)
    ·     vote   61    YES to node 5          (seq 4)
    ·     apply  61        69.4 ms HE    1 dec  from node 5  (seq 4)
    ·     vote   33    YES to node 1          (seq 21)
    ·     vote   33    YES to node 1          (seq 21)
    ·     apply  33        69.3 ms HE    1 dec  from node 1  (seq 21)
    ·     apply  34        69.4 ms HE    1 dec  from node 1  (seq 22)
    ·     vote   37    NO  to node 1          (seq 23)
    ·     vote   37    NO  to node 1          (seq 23)
    ·     vote   37    NO  to node 1          (seq 23)
    ·     vote   37    NO  to node 1          (seq 23)
    ·     vote   37    NO  to node 1          (seq 23)
    ·     vote   37    NO  to node 1          (seq 23)
    ·     vote   37    NO  to node 1          (seq 23)
    ·     vote   37    NO  to node 1          (seq 23)
    ·     vote   37    NO  to node 1          (seq 23)
    ·     vote   37    NO  to node 1          (seq 23)
    ·     vote   37    NO  to node 1          (seq 23)
    ·     skip   37    node 1 gave up on it — moving on too  (occ 2)
    ·     skip   38    node 1 gave up on it — moving on too  (occ 2)
    ·     vote   63    YES to node 5          (seq 5)
    ·     apply  63        69.3 ms HE    1 dec  from node 5  (seq 5)
    ·     apply  64        69.4 ms HE    1 dec  from node 5  (seq 6)
-- cycle 2/5 done at 209149.6 ms --

-- cycle 3/5 --
    ·     vote   31    YES to node 1          (seq 23)
    ·     vote   31    YES to node 1          (seq 23)
    ·     vote   31    YES to node 1          (seq 23)
    ·     vote   31    YES to node 1          (seq 23)
    ·     vote   31    YES to node 1          (seq 23)
    ·     vote   31    YES to node 1          (seq 23)
    ·     apply  31        69.4 ms HE    1 dec  from node 1  (seq 23)
    ·     apply  32        69.4 ms HE    1 dec  from node 1  (seq 24)
    ·     vote   33    YES to node 1          (seq 25)
    ·     vote   33    YES to node 1          (seq 25)
    ·     vote   33    YES to node 1          (seq 25)
    ·     vote   33    YES to node 1          (seq 25)
    ·     vote   33    YES to node 1          (seq 25)
    ·     vote   33    YES to node 1          (seq 25)
    ·     vote   33    YES to node 1          (seq 25)
    ·     vote   33    YES to node 1          (seq 25)
    ·     vote   33    YES to node 1          (seq 25)
    ·     vote   33    YES to node 1          (seq 25)
    ·     skip   33    node 1 gave up on it — moving on too  (occ 5)
    ·     skip   34    node 1 gave up on it — moving on too  (occ 5)
    ·     vote   35    YES to node 1          (seq 25)
    ·     vote   35    YES to node 1          (seq 25)
    ·     apply  35        69.7 ms HE    1 dec  from node 1  (seq 25)
    ·     apply  36        71.1 ms HE    1 dec  from node 1  (seq 26)
    ·     vote   39    YES to node 1          (seq 27)
    ·     vote   39    YES to node 1          (seq 27)
    ·     vote   39    YES to node 1          (seq 27)
    ·     vote   39    YES to node 1          (seq 27)
    ·     vote   39    YES to node 1          (seq 27)
    ·     vote   39    YES to node 1          (seq 27)
    ·     vote   39    YES to node 1          (seq 27)
    ·     vote   39    YES to node 1          (seq 27)
    ·     vote   39    YES to node 1          (seq 27)
    ·     skip   39    node 1 gave up on it — moving on too  (occ 3)
    ·     vote   61    YES to node 5          (seq 7)
    ·     apply  61        69.5 ms HE    1 dec  from node 5  (seq 7)
    ·     skip   30    node 1 gave up on it — moving on too  (occ 3)
    ·     vote   65    YES to node 5          (seq 8)
    ·     vote   65    YES to node 5          (seq 8)
    ·     apply  65        69.5 ms HE    1 dec  from node 5  (seq 8)
    ·     apply  66        70.0 ms HE    1 dec  from node 5  (seq 9)
    ·     vote   31    YES to node 1          (seq 27)
    ·     vote   31    YES to node 1          (seq 27)
    ·     apply  31        69.4 ms HE    1 dec  from node 1  (seq 27)
    ·     apply  32        69.4 ms HE    1 dec  from node 1  (seq 28)
    ·     vote   35    YES to node 1          (seq 29)
    ·     vote   35    YES to node 1          (seq 29)
    ·     apply  35        69.8 ms HE    1 dec  from node 1  (seq 29)
    ·     apply  36        69.4 ms HE    1 dec  from node 1  (seq 30)
    ·     vote   61    YES to node 5          (seq 10)
    ·     apply  61        69.4 ms HE    1 dec  from node 5  (seq 10)
    ·     vote   33    YES to node 1          (seq 31)
    ·     vote   33    YES to node 1          (seq 31)
    ·     vote   33    YES to node 1          (seq 31)
    ·     vote   33    YES to node 1          (seq 31)
    ·     vote   33    YES to node 1          (seq 31)
    ·     vote   33    YES to node 1          (seq 31)
    ·     skip   33    node 1 gave up on it — moving on too  (occ 6)
    ·     skip   34    node 1 gave up on it — moving on too  (occ 6)
    ·     vote   37    YES to node 1          (seq 31)
    ·     apply  37        69.5 ms HE    1 dec  from node 1  (seq 31)
    ·     apply  38        69.4 ms HE    1 dec  from node 1  (seq 32)
    ·     vote   63    YES to node 5          (seq 11)
    ·     vote   63    YES to node 5          (seq 11)
    ·     apply  63        69.7 ms HE    1 dec  from node 5  (seq 11)
    ·     apply  64        69.2 ms HE    1 dec  from node 5  (seq 12)
-- cycle 3/5 done at 350383.0 ms --

-- cycle 4/5 --
    ·     vote   31    YES to node 1          (seq 33)
    ·     vote   31    YES to node 1          (seq 33)
    ·     vote   31    YES to node 1          (seq 33)
    ·     vote   31    YES to node 1          (seq 33)
    ·     apply  31        69.4 ms HE    1 dec  from node 1  (seq 33)
    ·     apply  32        69.3 ms HE    1 dec  from node 1  (seq 34)
    ·     vote   33    YES to node 1          (seq 35)
    ·     vote   33    YES to node 1          (seq 35)
    ·     vote   33    YES to node 1          (seq 35)
    ·     vote   33    YES to node 1          (seq 35)
    ·     vote   33    YES to node 1          (seq 35)
    ·     vote   33    YES to node 1          (seq 35)
    ·     vote   33    YES to node 1          (seq 35)
    ·     vote   33    YES to node 1          (seq 35)
    ·     skip   33    node 1 gave up on it — moving on too  (occ 7)
    ·     skip   34    node 1 gave up on it — moving on too  (occ 7)
    ·     vote   35    YES to node 1          (seq 35)
    ·     vote   35    YES to node 1          (seq 35)
    ·     vote   35    YES to node 1          (seq 35)
    ·     apply  35        69.5 ms HE    1 dec  from node 1  (seq 35)
    ·     apply  36        69.5 ms HE    1 dec  from node 1  (seq 36)
    ·     vote   39    YES to node 1          (seq 37)
    ·     vote   39    YES to node 1          (seq 37)
    ·     vote   39    YES to node 1          (seq 37)
    ·     vote   39    YES to node 1          (seq 37)
    ·     vote   39    YES to node 1          (seq 37)
    ·     vote   39    YES to node 1          (seq 37)
    ·     vote   39    YES to node 1          (seq 37)
    ·     vote   39    YES to node 1          (seq 37)
    ·     vote   39    YES to node 1          (seq 37)
    ·     vote   39    YES to node 1          (seq 37)
    ·     vote   39    YES to node 1          (seq 37)
    ·     skip   39    node 1 gave up on it — moving on too  (occ 4)
    ·     vote   61    YES to node 5          (seq 13)
    ·     apply  61        69.5 ms HE    1 dec  from node 5  (seq 13)
    ·     skip   30    node 1 gave up on it — moving on too  (occ 4)
    ·     vote   65    YES to node 5          (seq 14)
    ·     vote   65    YES to node 5          (seq 14)
    ·     vote   65    YES to node 5          (seq 14)
    ·     vote   65    YES to node 5          (seq 14)
    ·     vote   65    YES to node 5          (seq 14)
    ·     vote   65    YES to node 5          (seq 14)
    ·     vote   65    YES to node 5          (seq 14)
    ·     vote   65    YES to node 5          (seq 14)
    ·     vote   65    YES to node 5          (seq 14)
    ·     vote   65    YES to node 5          (seq 14)
    ·     vote   65    YES to node 5          (seq 14)
    ·     vote   65    YES to node 5          (seq 14)
    ·     vote   65    YES to node 5          (seq 14)
    ·     skip   65    node 5 gave up on it — moving on too  (occ 4)
    ·     skip   66    node 5 gave up on it — moving on too  (occ 4)
    ·     vote   31    YES to node 1          (seq 37)
    ·     vote   31    YES to node 1          (seq 37)
    ·     vote   31    YES to node 1          (seq 37)
    ·     apply  31        69.3 ms HE    1 dec  from node 1  (seq 37)
    ·     apply  32        69.8 ms HE    1 dec  from node 1  (seq 38)
    ·     vote   35    YES to node 1          (seq 39)
    ·     vote   35    YES to node 1          (seq 39)
    ·     vote   35    YES to node 1          (seq 39)
    ·     apply  35        69.6 ms HE    1 dec  from node 1  (seq 39)
    ·     apply  36        69.6 ms HE    1 dec  from node 1  (seq 40)
    ·     skip   61    node 5 gave up on it — moving on too  (occ 8)
    ·     vote   33    YES to node 1          (seq 41)
    ·     vote   33    YES to node 1          (seq 41)
    ·     apply  33        69.4 ms HE    1 dec  from node 1  (seq 41)
    ·     apply  34        69.6 ms HE    1 dec  from node 1  (seq 42)
    ·     vote   37    YES to node 1          (seq 43)
    ·     vote   37    YES to node 1          (seq 43)
    ·     apply  37        69.4 ms HE    1 dec  from node 1  (seq 43)
    ·     apply  38        69.3 ms HE    1 dec  from node 1  (seq 44)
    ·     vote   63    YES to node 5          (seq 14)
    ·     apply  63        69.3 ms HE    1 dec  from node 5  (seq 14)
    ·     apply  64        69.4 ms HE    1 dec  from node 5  (seq 15)
-- cycle 4/5 done at 496967.2 ms --

-- cycle 5/5 --
    ·     vote   31    YES to node 1          (seq 45)
    ·     vote   31    YES to node 1          (seq 45)
    ·     vote   31    YES to node 1          (seq 45)
    ·     vote   31    YES to node 1          (seq 45)
    ·     vote   31    YES to node 1          (seq 45)
    ·     vote   31    YES to node 1          (seq 45)
    ·     vote   31    YES to node 1          (seq 45)
    ·     skip   31    node 1 gave up on it — moving on too  (occ 9)
    ·     skip   32    node 1 gave up on it — moving on too  (occ 9)
    ·     vote   33    YES to node 1          (seq 45)
    ·     apply  33        69.3 ms HE    1 dec  from node 1  (seq 45)
    ·     apply  34        69.4 ms HE    1 dec  from node 1  (seq 46)
    ·     vote   35    YES to node 1          (seq 47)
    ·     vote   35    YES to node 1          (seq 47)
    ·     vote   35    YES to node 1          (seq 47)
    ·     vote   35    YES to node 1          (seq 47)
    ·     vote   35    YES to node 1          (seq 47)
    ·     vote   35    YES to node 1          (seq 47)
    ·     vote   35    YES to node 1          (seq 47)
    ·     vote   35    YES to node 1          (seq 47)
    ·     vote   35    YES to node 1          (seq 47)
    ·     skip   35    node 1 gave up on it — moving on too  (occ 9)
    ·     skip   36    node 1 gave up on it — moving on too  (occ 9)
    ·     vote   39    YES to node 1          (seq 47)
    ·     vote   39    YES to node 1          (seq 47)
    ·     vote   39    YES to node 1          (seq 47)
    ·     apply  39        69.4 ms HE    1 dec  from node 1  (seq 47)
    ·     vote   61    YES to node 5          (seq 16)
    ·     apply  61        69.3 ms HE    1 dec  from node 5  (seq 16)
    ·     apply  30        69.3 ms HE    1 dec  from node 1  (seq 48)
    ·     vote   65    YES to node 5          (seq 17)
    ·     vote   65    YES to node 5          (seq 17)
    ·     apply  65        69.4 ms HE    1 dec  from node 5  (seq 17)
    ·     apply  66        69.5 ms HE    1 dec  from node 5  (seq 18)
    ·     vote   31    YES to node 1          (seq 49)
    ·     vote   31    YES to node 1          (seq 49)
    ·     vote   31    YES to node 1          (seq 49)
    ·     vote   31    YES to node 1          (seq 49)
    ·     apply  31        69.5 ms HE    1 dec  from node 1  (seq 49)
    ·     apply  32        69.4 ms HE    1 dec  from node 1  (seq 50)
    ·     vote   35    YES to node 1          (seq 51)
    ·     vote   35    YES to node 1          (seq 51)
    ·     vote   35    YES to node 1          (seq 51)
    ·     apply  35        69.5 ms HE    1 dec  from node 1  (seq 51)
    ·     apply  36        70.5 ms HE    1 dec  from node 1  (seq 52)
    ·     vote   61    YES to node 5          (seq 19)
    ·     apply  61        69.2 ms HE    1 dec  from node 5  (seq 19)
    ·     vote   33    YES to node 1          (seq 53)
    ·     apply  33        69.4 ms HE    1 dec  from node 1  (seq 53)
    ·     apply  34        69.3 ms HE    1 dec  from node 1  (seq 54)
    ·     vote   37    YES to node 1          (seq 55)
    ·     apply  37        69.7 ms HE    1 dec  from node 1  (seq 55)
    ·     apply  38        69.4 ms HE    1 dec  from node 1  (seq 56)
    ·     vote   63    YES to node 5          (seq 20)
    ·     apply  63        69.3 ms HE    1 dec  from node 5  (seq 20)
    ·     apply  64        69.6 ms HE    1 dec  from node 5  (seq 21)
-- cycle 5/5 done at 591741.2 ms --

============================================================
  SUMMARY — node 6/7 — LOCAL MODULAR — UDP/IP multicast (RFC 1112)
============================================================
  events this node FIRED:
  local (no network)           (none on this node)
  shared controllable          (none on this node)
  shared uncontroll.           (none on this node)
  events this node APPLIED for a peer (participant side):
  shared, applied        n=77   avg    83.59 ms  (HE   83.59 + net    0.00)  min   69.24  max   210.27
  run clock, end of cycles 1..5 (ms): 107925.5 209149.6 350383.0 496967.2 591741.2
     a cycle is over at the LATEST node's value; DES_WORK_MS 0 included
  ----------------------------------------------------------
  frames: tx=2415 rx=10165 retransmits=0
  authentication: HMAC-SHA256/128, 5.3 us per frame; 0 rejected (bad tag), 0 stale/replayed dropped, 8 epoch challenges
  rx queue: peak 10/64 frames
  plant check: 0 event reports rejected as physically impossible
     (these supervisors carry the plant: an impossible uncontrollable event is caught)
  injected frame loss: 10 %
  ----------------------------------------------------------
  homomorphic vs cleartext oracle : PASS — every encrypted bit matched
     (PASS certifies the cryptography: each node's encrypted bits
      match its own clear model for the events it applied. It does
      not certify the distributed run — read the skips for that.)
  distributed vs MONOLITHIC sup.  : off — this header has no monolithic supervisor
  safe halt                       : no — ran to completion
============================================================
@@RESULT {"node":6,"nodes":7,"family":"LOCAL MODULAR","data":"supervisor_data_fms.h","transport":"UDP/IP multicast (RFC 1112)","fingerprint":"04511541","supervisors":["S5"],"fired":{"local":0,"ctrl":0,"unctrl":0},"applied_for_peers":77,"skips":0,"impossible":0,"tx":2415,"rx":10165,"retx":0,"auth_bad":0,"replays":0,"challenges":8,"mac_us":5.33,"rxq_peak":10,"rxq_drops":0,"sync_wait_ms":0.0,"oracle":"PASS","safe_halt":false,"halt_reason":"","cycle_end_ms":[107925.5,209149.6,350383.0,496967.2,591741.2],"rounds":5,"work_ms":0,"emu_scalarmul_ms":69.0,"loss_pct":10,"loss_seed":2504582204,"exit":0}
