des_container: node 2 of 2, LOCAL MODULAR, data supervisor_data_fms.h, transport UDP/IP multicast (RFC 1112)

============================================================
  Distributed Homomorphic DES — generic engine
  node 2/2   family LOCAL MODULAR   7 supervisors   31 events
  data: supervisor_data_fms.h
============================================================
--- event routing (DERIVED from the header, not hardcoded) ---
  event  ctrl  nodes      owner  class
  11     yes   1          1      local — no network
  12     no    1          1      local — no network
  21     yes   1          1      local — no network
  22     no    1          1      local — no network
  30     no    1 2        1      SHARED — needs network
  31     yes   1 2        1      SHARED — needs network
  32     no    1 2        1      SHARED — needs network
  33     yes   1 2        1      SHARED — needs network
  34     no    1 2        1      SHARED — needs network
  35     yes   1 2        1      SHARED — needs network
  36     no    1 2        1      SHARED — needs network
  37     yes   1 2        1      SHARED — needs network
  38     no    1 2        1      SHARED — needs network
  39     yes   1 2        1      SHARED — needs network
  41     yes   1          1      local — no network
  42     no    1          1      local — no network
  51     yes   1          1      local — no network
  52     no    1          1      local — no network
  53     yes   1          1      local — no network
  54     no    1          1      local — no network
  61     yes   2          2      local — no network
  63     yes   2          2      local — no network
  64     no    2          2      local — no network
  65     yes   2          2      local — no network
  66     no    2          2      local — no network
  71     yes   2          2      local — no network
  72     no    2          2      local — no network
  73     yes   2          2      local — no network
  74     no    2          2      local — no network
  81     yes   2          2      local — no network
  82     no    2          2      local — no network
  => 10/31 events shared; 21/31 need ZERO network traffic; 21 concern this node
  NOTE controllability was INFERRED from event labels (the header
       does not carry it). Check the 'ctrl' column above; if it is
       wrong, set DES_CONTROLLABLE_MASK explicitly.

[init] config fingerprint edbd7971 — every node must print the same

[net] UDP multicast 239.192.7.1:5077  ttl=1  frame=44 B
--- crypto self-test ---
  Enc(0)->0 Enc(1)->1                PASS
  Enc(1)+Enc(1)->1 homomorphic OR   PASS
  Enc(0)+Enc(0)->0                  PASS
  curve secp192r1, ciphertext 50 B    PASS
  frame tag HMAC-SHA256/128: 1.1 us, 1-bit tamper caught  PASS

--- encrypting my supervisors' initial states ---
[load] S4         idx 4   44 states  15 constraining ev    2200 B ciphertext
[load] S5         idx 5   44 states  15 constraining ev    2200 B ciphertext
[load] S6         idx 6  164 states  21 constraining ev    8200 B ciphertext
[init] my keypair is mine alone; no ciphertext ever leaves this node
[init] my enablement: 11=1 12=1 21=1 22=1 30=0 31=1 32=0 33=1 34=0 35=1 36=0 37=1 38=0 39=1 41=1 42=1 51=1 52=1 53=1 54=1 61=0 63=0 64=0 65=0 66=0 71=0 72=0 73=0 74=0 81=0 82=0

[net] waiting for 1 peer(s). all present.

============================================================
  RUN — SIM_SEQ driver — 5 cycles x 44 steps — LOCAL MODULAR
  columns: cN sNN = cycle/step of MY walk; · = a peer caused this
  'done at': run clock, common to all nodes; a cycle is over at the
  LATEST node's print, machine time (DES_WORK_MS 0) included
============================================================

-- cycle 1/5 --
    ·     vote   31    YES to node 1          (seq 1)
    ·     apply  31         5.0 ms HE    5 dec  from node 1  (seq 1)
    ·     apply  32         7.7 ms HE    8 dec  from node 1  (seq 2)
    ·     vote   33    YES to node 1          (seq 3)
    ·     apply  33         5.6 ms HE    5 dec  from node 1  (seq 3)
    ·     apply  34         7.4 ms HE    8 dec  from node 1  (seq 4)
    ·     vote   35    YES to node 1          (seq 5)
    ·     apply  35         5.2 ms HE    5 dec  from node 1  (seq 5)
    ·     apply  36         6.7 ms HE    8 dec  from node 1  (seq 6)
    ·     vote   39    YES to node 1          (seq 7)
    ·     apply  39         4.9 ms HE    6 dec  from node 1  (seq 7)
c1  s15  local  61         2.3 ms HE    4 dec  0 frames
    ·     apply  30         1.8 ms HE    4 dec  from node 1  (seq 8)
c1  s17  local  71         0.5 ms HE    1 dec  0 frames
c1  s18  local  72         0.5 ms HE    1 dec  0 frames
c1  s19  local  81         0.5 ms HE    1 dec  0 frames
c1  s20  local  82         0.4 ms HE    1 dec  0 frames
c1  s21  local  73         0.4 ms HE    1 dec  0 frames
c1  s22  local  74         0.5 ms HE    1 dec  0 frames
c1  s23  local  65         1.8 ms HE    4 dec  0 frames
c1  s24  local  66         1.8 ms HE    4 dec  0 frames
    ·     vote   31    YES to node 1          (seq 9)
    ·     apply  31         1.3 ms HE    3 dec  from node 1  (seq 9)
    ·     apply  32         1.8 ms HE    4 dec  from node 1  (seq 10)
    ·     vote   35    YES to node 1          (seq 11)
    ·     vote   35    YES to node 1          (seq 11)
    ·     apply  35         1.4 ms HE    3 dec  from node 1  (seq 11)
    ·     apply  36         1.8 ms HE    4 dec  from node 1  (seq 12)
c1  s35  local  61         2.0 ms HE    5 dec  0 frames
    ·     vote   33    YES to node 1          (seq 13)
    ·     apply  33         2.1 ms HE    3 dec  from node 1  (seq 13)
    ·     apply  34         1.9 ms HE    4 dec  from node 1  (seq 14)
    ·     vote   37    YES to node 1          (seq 15)
    ·     apply  37         1.3 ms HE    3 dec  from node 1  (seq 15)
    ·     apply  38         1.4 ms HE    3 dec  from node 1  (seq 16)
c1  s42  local  63         1.4 ms HE    3 dec  0 frames
c1  s43  local  64         1.2 ms HE    3 dec  0 frames
-- cycle 1/5 done at 40711.2 ms --

-- cycle 2/5 --
    ·     vote   31    YES to node 1          (seq 17)
    ·     vote   31    YES to node 1          (seq 17)
    ·     vote   31    YES to node 1          (seq 17)
    ·     apply  31         1.5 ms HE    3 dec  from node 1  (seq 17)
    ·     apply  32         2.1 ms HE    3 dec  from node 1  (seq 18)
    ·     vote   33    YES to node 1          (seq 19)
    ·     vote   33    YES to node 1          (seq 19)
    ·     apply  33         1.3 ms HE    3 dec  from node 1  (seq 19)
    ·     apply  34         1.3 ms HE    3 dec  from node 1  (seq 20)
    ·     vote   35    YES to node 1          (seq 21)
    ·     vote   35    YES to node 1          (seq 21)
    ·     vote   35    YES to node 1          (seq 21)
    ·     vote   35    YES to node 1          (seq 21)
    ·     apply  35         1.4 ms HE    3 dec  from node 1  (seq 21)
    ·     apply  36         1.3 ms HE    3 dec  from node 1  (seq 22)
    ·     vote   39    YES to node 1          (seq 23)
    ·     apply  39         1.2 ms HE    3 dec  from node 1  (seq 23)
c2  s15  local  61         1.3 ms HE    3 dec  0 frames
    ·     apply  30         1.1 ms HE    3 dec  from node 1  (seq 24)
c2  s17  local  71         0.4 ms HE    1 dec  0 frames
c2  s18  local  72         0.4 ms HE    1 dec  0 frames
c2  s19  local  81         0.4 ms HE    1 dec  0 frames
c2  s20  local  82         0.4 ms HE    1 dec  0 frames
c2  s21  local  73         0.4 ms HE    1 dec  0 frames
c2  s22  local  74         0.4 ms HE    1 dec  0 frames
c2  s23  local  65         1.2 ms HE    3 dec  0 frames
c2  s24  local  66         1.4 ms HE    3 dec  0 frames
    ·     vote   31    YES to node 1          (seq 25)
    ·     vote   31    YES to node 1          (seq 25)
    ·     apply  31         1.3 ms HE    3 dec  from node 1  (seq 25)
    ·     apply  32         1.4 ms HE    3 dec  from node 1  (seq 26)
    ·     vote   35    YES to node 1          (seq 27)
    ·     apply  35         1.2 ms HE    3 dec  from node 1  (seq 27)
    ·     apply  36         1.4 ms HE    3 dec  from node 1  (seq 28)
c2  s35  local  61         1.4 ms HE    3 dec  0 frames
    ·     vote   33    YES to node 1          (seq 29)
    ·     apply  33         1.4 ms HE    3 dec  from node 1  (seq 29)
    ·     apply  34         1.3 ms HE    3 dec  from node 1  (seq 30)
    ·     vote   37    YES to node 1          (seq 31)
    ·     apply  37         2.0 ms HE    3 dec  from node 1  (seq 31)
    ·     apply  38         2.0 ms HE    3 dec  from node 1  (seq 32)
c2  s42  local  63         1.8 ms HE    3 dec  0 frames
c2  s43  local  64         2.0 ms HE    3 dec  0 frames
-- cycle 2/5 done at 78653.9 ms --

-- cycle 3/5 --
    ·     vote   31    YES to node 1          (seq 33)
    ·     vote   31    YES to node 1          (seq 33)
    ·     apply  31         2.1 ms HE    3 dec  from node 1  (seq 33)
    ·     apply  32         2.0 ms HE    3 dec  from node 1  (seq 34)
    ·     vote   33    YES to node 1          (seq 35)
    ·     vote   33    YES to node 1          (seq 35)
    ·     apply  33         2.1 ms HE    3 dec  from node 1  (seq 35)
    ·     apply  34         2.1 ms HE    3 dec  from node 1  (seq 36)
    ·     vote   35    YES to node 1          (seq 37)
    ·     apply  35         2.1 ms HE    3 dec  from node 1  (seq 37)
    ·     apply  36         1.3 ms HE    3 dec  from node 1  (seq 38)
    ·     vote   39    YES to node 1          (seq 39)
    ·     apply  39         1.8 ms HE    3 dec  from node 1  (seq 39)
c3  s15  local  61         1.8 ms HE    3 dec  0 frames
    ·     apply  30         1.3 ms HE    3 dec  from node 1  (seq 40)
c3  s17  local  71         0.4 ms HE    1 dec  0 frames
c3  s18  local  72         0.4 ms HE    1 dec  0 frames
c3  s19  local  81         0.4 ms HE    1 dec  0 frames
c3  s20  local  82         0.4 ms HE    1 dec  0 frames
c3  s21  local  73         0.5 ms HE    1 dec  0 frames
c3  s22  local  74         0.4 ms HE    1 dec  0 frames
c3  s23  local  65         1.3 ms HE    3 dec  0 frames
c3  s24  local  66         1.3 ms HE    3 dec  0 frames
    ·     vote   31    YES to node 1          (seq 41)
    ·     apply  31         1.4 ms HE    3 dec  from node 1  (seq 41)
[!!] node 1 reported SAFE HALT

############################################################
  SAFE HALT on node 2: a peer halted
  tx=513 rx=112 retx=0
  This node cannot prove its peers are in the same state, so it
  refuses to act further. Safety preserved, liveness is not —
  the Two Generals trade, made explicit.
############################################################

[!!] node 1 reported SAFE HALT

============================================================
  SUMMARY — node 2/2 — LOCAL MODULAR — UDP/IP multicast (RFC 1112)
============================================================
  events this node FIRED:
  local (no network)     n=33   avg     0.98 ms  (HE    0.96 + net    0.00)  min    0.39  max     2.30  100.0%
  shared controllable          (none on this node)
  shared uncontroll.           (none on this node)
  events this node APPLIED for a peer (participant side):
  shared, applied        n=41   avg     2.35 ms  (HE    2.35 + net    0.00)  min    1.14  max     7.69
  run clock, end of cycles 1..2 (ms): 40711.2 78653.9
     a cycle is over at the LATEST node's value; DES_WORK_MS 0 included
  ----------------------------------------------------------
  all events            n=33   avg     0.98 ms  (HE    0.96 + net    0.00)
  PEER-WAIT + WIRE      0.0 % of total step time
     (compare against the round-trip probe above: the excess is
      the peer's own HE work, not the link.)
  frames: tx=513 rx=112 retransmits=0
  authentication: HMAC-SHA256/128, 1.1 us per frame; 0 rejected (bad tag), 0 stale/replayed dropped, 1 epoch challenges
  rx queue: peak 2/64 frames
  plant check: 0 event reports rejected as physically impossible
     (these supervisors carry the plant: an impossible uncontrollable event is caught)
  injected frame loss: 30 %
  ----------------------------------------------------------
  homomorphic vs cleartext oracle : PASS — every encrypted bit matched
     (PASS certifies the cryptography: each node's encrypted bits
      match its own clear model for the events it applied. It does
      not certify the distributed run — read the skips for that.)
  distributed vs MONOLITHIC sup.  : off — this header has no monolithic supervisor
  safe halt                       : a peer halted
============================================================
@@RESULT {"node":2,"nodes":2,"family":"LOCAL MODULAR","data":"supervisor_data_fms.h","transport":"UDP/IP multicast (RFC 1112)","fingerprint":"edbd7971","supervisors":["S4","S5","S6"],"fired":{"local":33,"ctrl":0,"unctrl":0},"applied_for_peers":41,"skips":0,"impossible":0,"tx":513,"rx":112,"retx":0,"auth_bad":0,"replays":0,"challenges":1,"mac_us":1.11,"rxq_peak":2,"rxq_drops":0,"sync_wait_ms":0.0,"oracle":"PASS","safe_halt":true,"halt_reason":"a peer halted","cycle_end_ms":[40711.2,78653.9],"rounds":5,"work_ms":0,"exit":2}
