2026-09-28T13:45:42.146635487Z des_container: node 3 of 7, LOCAL MODULAR, data supervisor_data_fms.h, transport UDP/IP multicast (RFC 1112)
2026-09-28T13:45:42.146706421Z des_container: EMULATING the ESP32 — every decryption takes at least 69.0 ms (DES_EMU_SCALARMUL_MS)
2026-09-28T13:45:42.146711524Z des_container: dropping 1 % of received frames, seed 712831829 (DES_LOSS_SEED to replay)
2026-09-28T13:45:42.146713025Z 
2026-09-28T13:45:42.146714625Z ============================================================
2026-09-28T13:45:42.146715926Z   Distributed Homomorphic DES — generic engine
2026-09-28T13:45:42.146717126Z   node 3/7   family LOCAL MODULAR   7 supervisors   31 events
2026-09-28T13:45:42.146718827Z   data: supervisor_data_fms.h
2026-09-28T13:45:42.146720128Z ============================================================
2026-09-28T13:45:42.150988867Z --- event routing (DERIVED from the header, not hardcoded) ---
2026-09-28T13:45:42.151117428Z   event  ctrl  nodes      owner  class
2026-09-28T13:45:42.151125032Z   11     yes   1          1      local — no network
2026-09-28T13:45:42.151133336Z   12     no    1          1      local — no network
2026-09-28T13:45:42.151136438Z   21     yes   2          2      local — no network
2026-09-28T13:45:42.151141540Z   22     no    2          2      local — no network
2026-09-28T13:45:42.151144942Z   30     no    1 2 3 4 5 6 7  1      SHARED — needs network
2026-09-28T13:45:42.151148643Z   31     yes   1 2 3 4 5 6 7  1      SHARED — needs network
2026-09-28T13:45:42.151151545Z   32     no    1 2 3 4 5 6 7  1      SHARED — needs network
2026-09-28T13:45:42.151154346Z   33     yes   1 2 3 4 5 6 7  1      SHARED — needs network
2026-09-28T13:45:42.151160349Z   34     no    1 2 3 4 5 6 7  1      SHARED — needs network
2026-09-28T13:45:42.151163550Z   35     yes   1 2 3 4 5 6 7  1      SHARED — needs network
2026-09-28T13:45:42.151183960Z   36     no    1 2 3 4 5 6 7  1      SHARED — needs network
2026-09-28T13:45:42.151186662Z   37     yes   1 2 3 4 5 6 7  1      SHARED — needs network
2026-09-28T13:45:42.151190563Z   38     no    1 2 3 4 5 6 7  1      SHARED — needs network
2026-09-28T13:45:42.151194665Z   39     yes   1 2 3 4 5 6 7  1      SHARED — needs network
2026-09-28T13:45:42.151196966Z   41     yes   3          3      local — no network
2026-09-28T13:45:42.151199568Z   42     no    3          3      local — no network
2026-09-28T13:45:42.151203069Z   51     yes   4          4      local — no network
2026-09-28T13:45:42.151206271Z   52     no    4          4      local — no network
2026-09-28T13:45:42.151210573Z   53     yes   4          4      local — no network
2026-09-28T13:45:42.151214975Z   54     no    4          4      local — no network
2026-09-28T13:45:42.151218077Z   61     yes   5 6 7      5      SHARED — needs network
2026-09-28T13:45:42.151288110Z   63     yes   5 6 7      5      SHARED — needs network
2026-09-28T13:45:42.151296614Z   64     no    5 6 7      5      SHARED — needs network
2026-09-28T13:45:42.151302317Z   65     yes   5 6 7      5      SHARED — needs network
2026-09-28T13:45:42.151305418Z   66     no    5 6 7      5      SHARED — needs network
2026-09-28T13:45:42.151311021Z   71     yes   7          7      local — no network
2026-09-28T13:45:42.151314923Z   72     no    7          7      local — no network
2026-09-28T13:45:42.151319525Z   73     yes   7          7      local — no network
2026-09-28T13:45:42.151321426Z   74     no    7          7      local — no network
2026-09-28T13:45:42.151328729Z   81     yes   7          7      local — no network
2026-09-28T13:45:42.151331331Z   82     no    7          7      local — no network
2026-09-28T13:45:42.151334232Z   => 15/31 events shared; 16/31 need ZERO network traffic; 12 concern this node
2026-09-28T13:45:42.151339234Z   NOTE controllability was INFERRED from event labels (the header
2026-09-28T13:45:42.151354742Z        does not carry it). Check the 'ctrl' column above; if it is
2026-09-28T13:45:42.151359144Z        wrong, set DES_CONTROLLABLE_MASK explicitly.
2026-09-28T13:45:42.151361745Z 
2026-09-28T13:45:42.151364647Z [init] config fingerprint 04511541 — every node must print the same
2026-09-28T13:45:42.151367448Z 
2026-09-28T13:45:42.151370349Z [net] UDP multicast 239.192.7.1:5077  ttl=1  frame=44 B
2026-09-28T13:45:42.151373151Z --- crypto self-test ---
2026-09-28T13:45:42.154120563Z   Enc(0)->0 Enc(1)->1                PASS
2026-09-28T13:45:42.154962665Z   Enc(1)+Enc(1)->1 homomorphic OR   PASS
2026-09-28T13:45:42.155567154Z   Enc(0)+Enc(0)->0                  PASS
2026-09-28T13:45:42.155575458Z   curve secp192r1, ciphertext 50 B    PASS
2026-09-28T13:45:42.155714124Z   frame tag HMAC-SHA256/128: 1.3 us, 1-bit tamper caught  PASS
2026-09-28T13:45:42.155722728Z 
2026-09-28T13:45:42.155724329Z --- encrypting my supervisors' initial states ---
2026-09-28T13:45:42.155725630Z [load] S2         idx 2   18 states  12 constraining ev     900 B ciphertext
2026-09-28T13:45:43.000836928Z [init] my keypair is mine alone; no ciphertext ever leaves this node
2026-09-28T13:45:43.000860239Z [init] my enablement: 11=1 12=1 21=1 22=1 30=0 31=1 32=0 33=1 34=0 35=0 36=0 37=1 38=0 39=1 41=0 42=0 51=1 52=1 53=1 54=1 61=1 63=1 64=1 65=1 66=1 71=1 72=1 73=1 74=1 81=1 82=1
2026-09-28T13:45:43.000864641Z 
2026-09-28T13:45:44.611602077Z [net] waiting for 6 peer(s)........ all present.
2026-09-28T13:45:46.114671673Z 
2026-09-28T13:45:46.114782526Z ============================================================
2026-09-28T13:45:46.114802136Z   RUN — SIM_SEQ driver — 5 cycles x 44 steps — LOCAL MODULAR
2026-09-28T13:45:46.114873570Z   columns: cN sNN = cycle/step of MY walk; · = a peer caused this
2026-09-28T13:45:46.114889878Z   'done at': run clock, common to all nodes; a cycle is over at the
2026-09-28T13:45:46.114903484Z   LATEST node's print, machine time (DES_WORK_MS 0) included
2026-09-28T13:45:46.114915090Z ============================================================
2026-09-28T13:45:46.115033846Z 
2026-09-28T13:45:46.115059058Z -- cycle 1/5 --
2026-09-28T13:45:47.143935239Z     ·     vote   31    YES to node 1          (seq 1)
2026-09-28T13:45:47.215271315Z     ·     apply  31        69.3 ms HE    1 dec  from node 1  (seq 1)
2026-09-28T13:45:47.364228970Z     ·     apply  32        69.3 ms HE    1 dec  from node 1  (seq 2)
2026-09-28T13:45:47.435514823Z c1  s5   local  41        69.2 ms HE    1 dec  0 frames
2026-09-28T13:45:47.504688566Z c1  s7   local  42        69.2 ms HE    1 dec  0 frames
2026-09-28T13:45:47.575122811Z     ·     vote   33    YES to node 1          (seq 3)
2026-09-28T13:45:49.063465595Z     ·     vote   33    YES to node 1          (seq 3)
2026-09-28T13:45:49.137147392Z     ·     apply  33        69.3 ms HE    1 dec  from node 1  (seq 3)
2026-09-28T13:45:49.512745010Z     ·     apply  34        69.8 ms HE    1 dec  from node 1  (seq 4)
2026-09-28T13:45:49.667808881Z     ·     vote   35    YES to node 1          (seq 5)
2026-09-28T13:45:49.743032015Z     ·     apply  35        69.9 ms HE    1 dec  from node 1  (seq 5)
2026-09-28T13:45:49.960464579Z     ·     apply  36        70.3 ms HE    1 dec  from node 1  (seq 6)
2026-09-28T13:45:50.128366084Z     ·     vote   39    YES to node 1          (seq 7)
2026-09-28T13:45:50.202362431Z     ·     apply  39        69.6 ms HE    1 dec  from node 1  (seq 7)
2026-09-28T13:45:52.298993763Z     ·     apply  30        69.6 ms HE    1 dec  from node 1  (seq 8)
2026-09-28T13:45:54.169991431Z     ·     vote   31    YES to node 1          (seq 9)
2026-09-28T13:45:55.669275819Z     ·     vote   31    YES to node 1          (seq 9)
2026-09-28T13:45:55.743977603Z     ·     apply  31        71.1 ms HE    1 dec  from node 1  (seq 9)
2026-09-28T13:45:55.819640446Z     ·     apply  32        70.1 ms HE    1 dec  from node 1  (seq 10)
2026-09-28T13:45:55.891867148Z c1  s30  local  41        69.9 ms HE    1 dec  0 frames
2026-09-28T13:45:55.962364023Z c1  s31  local  42        69.7 ms HE    1 dec  0 frames
2026-09-28T13:45:55.965357754Z     ·     vote   35    YES to node 1          (seq 11)
2026-09-28T13:45:56.039291971Z     ·     apply  35        69.7 ms HE    1 dec  from node 1  (seq 11)
2026-09-28T13:45:56.117288529Z     ·     apply  36        70.0 ms HE    1 dec  from node 1  (seq 12)
2026-09-28T13:45:56.414241279Z     ·     vote   33    YES to node 1          (seq 13)
2026-09-28T13:45:56.485219084Z     ·     apply  33        69.3 ms HE    1 dec  from node 1  (seq 13)
2026-09-28T13:45:56.561853291Z     ·     apply  34        69.6 ms HE    1 dec  from node 1  (seq 14)
2026-09-28T13:45:56.707263052Z     ·     vote   37    YES to node 1          (seq 15)
2026-09-28T13:45:56.782387438Z     ·     apply  37        69.9 ms HE    1 dec  from node 1  (seq 15)
2026-09-28T13:45:56.859887959Z     ·     apply  38        69.7 ms HE    1 dec  from node 1  (seq 16)
2026-09-28T13:45:56.862932713Z -- cycle 1/5 done at 9968.0 ms --
2026-09-28T13:45:56.863022756Z 
2026-09-28T13:45:56.863042466Z -- cycle 2/5 --
2026-09-28T13:45:57.019521614Z     ·     vote   31    YES to node 1          (seq 17)
2026-09-28T13:45:57.095245586Z     ·     apply  31        70.5 ms HE    1 dec  from node 1  (seq 17)
2026-09-28T13:45:57.172187940Z     ·     apply  32        70.2 ms HE    1 dec  from node 1  (seq 18)
2026-09-28T13:45:57.244474270Z c2  s5   local  41        70.0 ms HE    1 dec  0 frames
2026-09-28T13:45:57.313755765Z c2  s7   local  42        69.6 ms HE    1 dec  0 frames
2026-09-28T13:45:57.316874255Z     ·     vote   33    YES to node 1          (seq 19)
2026-09-28T13:45:57.392161219Z     ·     apply  33        69.9 ms HE    1 dec  from node 1  (seq 19)
2026-09-28T13:45:57.469368299Z     ·     apply  34        69.8 ms HE    1 dec  from node 1  (seq 20)
2026-09-28T13:45:57.478674345Z     ·     vote   35    YES to node 1          (seq 21)
2026-09-28T13:45:57.551496131Z     ·     apply  35        70.1 ms HE    1 dec  from node 1  (seq 21)
2026-09-28T13:45:57.769007033Z     ·     apply  36        69.8 ms HE    1 dec  from node 1  (seq 22)
2026-09-28T13:45:57.775113650Z     ·     vote   39    YES to node 1          (seq 23)
2026-09-28T13:45:57.849724690Z     ·     apply  39        69.8 ms HE    1 dec  from node 1  (seq 23)
2026-09-28T13:45:58.009546035Z     ·     apply  30        70.7 ms HE    1 dec  from node 1  (seq 24)
2026-09-28T13:45:58.587863189Z     ·     vote   31    YES to node 1          (seq 25)
2026-09-28T13:45:58.660374927Z     ·     apply  31        70.1 ms HE    1 dec  from node 1  (seq 25)
2026-09-28T13:46:09.716062850Z     ·     apply  32        69.7 ms HE    1 dec  from node 1  (seq 26)
2026-09-28T13:46:09.788959872Z c2  s30  local  41        69.8 ms HE    1 dec  0 frames
2026-09-28T13:46:09.859551092Z c2  s31  local  42        69.6 ms HE    1 dec  0 frames
2026-09-28T13:46:09.865341558Z     ·     vote   35    YES to node 1          (seq 27)
2026-09-28T13:45:58.967783670Z     ·     apply  35        69.4 ms HE    1 dec  from node 1  (seq 27)
2026-09-28T13:46:02.040183915Z     ·     apply  36        69.8 ms HE    1 dec  from node 1  (seq 28)
2026-09-28T13:46:02.125295672Z     ·     vote   33    YES to node 1          (seq 29)
2026-09-28T13:46:02.200767123Z     ·     apply  33        70.1 ms HE    1 dec  from node 1  (seq 29)
2026-09-28T13:46:02.277564508Z     ·     apply  34        69.6 ms HE    1 dec  from node 1  (seq 30)
2026-09-28T13:46:02.426359586Z     ·     vote   37    YES to node 1          (seq 31)
2026-09-28T13:46:02.501443352Z     ·     apply  37        70.0 ms HE    1 dec  from node 1  (seq 31)
2026-09-28T13:46:02.579626199Z     ·     apply  38        70.0 ms HE    1 dec  from node 1  (seq 32)
2026-09-28T13:46:02.582239648Z -- cycle 2/5 done at 15678.3 ms --
2026-09-28T13:46:02.582284569Z 
2026-09-28T13:46:02.582294774Z -- cycle 3/5 --
2026-09-28T13:46:02.745590578Z     ·     vote   31    YES to node 1          (seq 33)
2026-09-28T13:46:02.818884790Z     ·     apply  31        69.8 ms HE    1 dec  from node 1  (seq 33)
2026-09-28T13:46:02.896390814Z     ·     apply  32        69.7 ms HE    1 dec  from node 1  (seq 34)
2026-09-28T13:46:02.968977587Z c3  s5   local  41        69.5 ms HE    1 dec  0 frames
2026-09-28T13:46:03.038898187Z c3  s7   local  42        69.6 ms HE    1 dec  0 frames
2026-09-28T13:46:03.042128230Z     ·     vote   33    YES to node 1          (seq 35)
2026-09-28T13:46:03.116402610Z     ·     apply  33        69.6 ms HE    1 dec  from node 1  (seq 35)
2026-09-28T13:46:04.750790321Z     ·     apply  34        70.0 ms HE    1 dec  from node 1  (seq 36)
2026-09-28T13:46:04.757094132Z     ·     vote   35    YES to node 1          (seq 37)
2026-09-28T13:46:04.830568430Z     ·     apply  35        70.0 ms HE    1 dec  from node 1  (seq 37)
2026-09-28T13:46:05.048201990Z     ·     apply  36        69.9 ms HE    1 dec  from node 1  (seq 38)
2026-09-28T13:46:05.063795539Z     ·     vote   39    YES to node 1          (seq 39)
2026-09-28T13:46:05.131893869Z     ·     apply  39        69.7 ms HE    1 dec  from node 1  (seq 39)
2026-09-28T13:46:05.511587543Z     ·     apply  30        70.0 ms HE    1 dec  from node 1  (seq 40)
2026-09-28T13:46:09.090874325Z     ·     vote   31    YES to node 1          (seq 41)
2026-09-28T13:46:09.163289817Z     ·     apply  31        69.9 ms HE    1 dec  from node 1  (seq 41)
2026-09-28T13:46:09.238675728Z     ·     apply  32        69.6 ms HE    1 dec  from node 1  (seq 42)
2026-09-28T13:46:09.311677900Z c3  s30  local  41        69.8 ms HE    1 dec  0 frames
2026-09-28T13:46:09.380226044Z c3  s31  local  42        69.4 ms HE    1 dec  0 frames
2026-09-28T13:46:09.382752351Z     ·     vote   35    YES to node 1          (seq 43)
2026-09-28T13:46:09.457596503Z     ·     apply  35        69.8 ms HE    1 dec  from node 1  (seq 43)
2026-09-28T13:46:09.533458742Z     ·     apply  36        69.7 ms HE    1 dec  from node 1  (seq 44)
2026-09-28T13:46:09.620730030Z     ·     vote   33    YES to node 1          (seq 45)
2026-09-28T13:46:09.694811218Z     ·     apply  33        70.3 ms HE    1 dec  from node 1  (seq 45)
2026-09-28T13:46:11.271535598Z     ·     apply  34        69.9 ms HE    1 dec  from node 1  (seq 46)
2026-09-28T13:46:11.580382730Z     ·     vote   37    YES to node 1          (seq 47)
2026-09-28T13:46:11.653453935Z     ·     apply  37        70.1 ms HE    1 dec  from node 1  (seq 47)
2026-09-28T13:46:11.730020210Z     ·     apply  38        70.1 ms HE    1 dec  from node 1  (seq 48)
2026-09-28T13:46:11.731885101Z -- cycle 3/5 done at 24842.7 ms --
2026-09-28T13:46:11.731939226Z 
2026-09-28T13:46:11.731956935Z -- cycle 4/5 --
2026-09-28T13:46:11.894491776Z     ·     vote   31    YES to node 1          (seq 49)
2026-09-28T13:46:11.968219894Z     ·     apply  31        69.8 ms HE    1 dec  from node 1  (seq 49)
2026-09-28T13:46:12.047990700Z     ·     apply  32        70.0 ms HE    1 dec  from node 1  (seq 50)
2026-09-28T13:46:12.120415096Z c4  s5   local  41        69.7 ms HE    1 dec  0 frames
2026-09-28T13:46:12.190396725Z c4  s7   local  42        69.7 ms HE    1 dec  0 frames
2026-09-28T13:46:12.193944820Z     ·     vote   33    YES to node 1          (seq 51)
2026-09-28T13:46:13.694826872Z     ·     vote   33    YES to node 1          (seq 51)
2026-09-28T13:46:24.744147561Z     ·     apply  33        69.8 ms HE    1 dec  from node 1  (seq 51)
2026-09-28T13:46:24.823368704Z     ·     apply  34        70.8 ms HE    1 dec  from node 1  (seq 52)
2026-09-28T13:46:24.829534349Z     ·     vote   35    YES to node 1          (seq 53)
2026-09-28T13:46:24.902857275Z     ·     apply  35        70.0 ms HE    1 dec  from node 1  (seq 53)
2026-09-28T13:46:14.146586613Z     ·     apply  36        69.8 ms HE    1 dec  from node 1  (seq 54)
2026-09-28T13:46:14.152385283Z     ·     vote   39    YES to node 1          (seq 55)
2026-09-28T13:46:14.227055452Z     ·     apply  39        70.1 ms HE    1 dec  from node 1  (seq 55)
2026-09-28T13:46:15.888200859Z     ·     apply  30        70.6 ms HE    1 dec  from node 1  (seq 56)
2026-09-28T13:46:17.531362676Z     ·     vote   31    YES to node 1          (seq 57)
2026-09-28T13:46:17.606668548Z     ·     apply  31        69.9 ms HE    1 dec  from node 1  (seq 57)
2026-09-28T13:46:17.681595540Z     ·     apply  32        69.7 ms HE    1 dec  from node 1  (seq 58)
2026-09-28T13:46:17.754371104Z c4  s30  local  41        69.8 ms HE    1 dec  0 frames
2026-09-28T13:46:17.824400256Z c4  s31  local  42        69.7 ms HE    1 dec  0 frames
2026-09-28T13:46:17.827443409Z     ·     vote   35    YES to node 1          (seq 59)
2026-09-28T13:46:17.902180410Z     ·     apply  35        69.6 ms HE    1 dec  from node 1  (seq 59)
2026-09-28T13:46:17.978507071Z     ·     apply  36        69.9 ms HE    1 dec  from node 1  (seq 60)
2026-09-28T13:46:18.067039561Z     ·     vote   33    YES to node 1          (seq 61)
2026-09-28T13:46:18.139795516Z     ·     apply  33        69.7 ms HE    1 dec  from node 1  (seq 61)
2026-09-28T13:46:18.219498589Z     ·     apply  34        70.0 ms HE    1 dec  from node 1  (seq 62)
2026-09-28T13:46:19.711788249Z     ·     vote   37    YES to node 1          (seq 63)
2026-09-28T13:46:19.786852607Z     ·     apply  37        69.9 ms HE    1 dec  from node 1  (seq 63)
2026-09-28T13:46:19.864602447Z     ·     apply  38        69.8 ms HE    1 dec  from node 1  (seq 64)
2026-09-28T13:46:19.867473918Z -- cycle 4/5 done at 32983.5 ms --
2026-09-28T13:46:19.867539250Z 
2026-09-28T13:46:19.867555958Z -- cycle 5/5 --
2026-09-28T13:46:21.530285421Z     ·     vote   31    YES to node 1          (seq 65)
2026-09-28T13:46:21.605516258Z     ·     apply  31        70.2 ms HE    1 dec  from node 1  (seq 65)
2026-09-28T13:46:21.986567981Z     ·     apply  32        70.7 ms HE    1 dec  from node 1  (seq 66)
2026-09-28T13:46:22.062306160Z c5  s5   local  41        69.9 ms HE    1 dec  0 frames
2026-09-28T13:46:22.129262945Z c5  s7   local  42        69.9 ms HE    1 dec  0 frames
2026-09-28T13:46:22.135165664Z     ·     vote   33    YES to node 1          (seq 67)
2026-09-28T13:46:22.211180676Z     ·     apply  33        70.5 ms HE    1 dec  from node 1  (seq 67)
2026-09-28T13:46:22.286812504Z     ·     apply  34        69.7 ms HE    1 dec  from node 1  (seq 68)
2026-09-28T13:46:22.295796496Z     ·     vote   35    YES to node 1          (seq 69)
2026-09-28T13:46:22.369193757Z     ·     apply  35        69.9 ms HE    1 dec  from node 1  (seq 69)
2026-09-28T13:46:22.586339784Z     ·     apply  36        70.0 ms HE    1 dec  from node 1  (seq 70)
2026-09-28T13:46:22.592043909Z     ·     vote   39    YES to node 1          (seq 71)
2026-09-28T13:46:22.664976848Z     ·     apply  39        69.7 ms HE    1 dec  from node 1  (seq 71)
2026-09-28T13:46:24.318686642Z     ·     apply  30        70.0 ms HE    1 dec  from node 1  (seq 72)
2026-09-28T13:46:24.902584762Z     ·     vote   31    YES to node 1          (seq 73)
2026-09-28T13:46:24.975127615Z     ·     apply  31        70.0 ms HE    1 dec  from node 1  (seq 73)
2026-09-28T13:46:25.052620432Z     ·     apply  32        69.8 ms HE    1 dec  from node 1  (seq 74)
2026-09-28T13:46:25.125139073Z c5  s30  local  41        69.6 ms HE    1 dec  0 frames
2026-09-28T13:46:25.195099492Z c5  s31  local  42        69.8 ms HE    1 dec  0 frames
2026-09-28T13:46:25.200629634Z     ·     vote   35    YES to node 1          (seq 75)
2026-09-28T13:46:25.276467561Z     ·     apply  35        70.0 ms HE    1 dec  from node 1  (seq 75)
2026-09-28T13:46:26.921211533Z     ·     apply  36        69.9 ms HE    1 dec  from node 1  (seq 76)
2026-09-28T13:46:27.010399737Z     ·     vote   33    YES to node 1          (seq 77)
2026-09-28T13:46:27.082873357Z     ·     apply  33        69.6 ms HE    1 dec  from node 1  (seq 77)
2026-09-28T13:46:28.732183110Z     ·     apply  34        69.7 ms HE    1 dec  from node 1  (seq 78)
2026-09-28T13:46:39.855847889Z     ·     vote   37    YES to node 1          (seq 79)
2026-09-28T13:46:30.381962795Z     ·     vote   37    YES to node 1          (seq 79)
2026-09-28T13:46:30.455458603Z     ·     apply  37        70.0 ms HE    1 dec  from node 1  (seq 79)
2026-09-28T13:46:32.102289272Z     ·     apply  38        69.8 ms HE    1 dec  from node 1  (seq 80)
2026-09-28T13:46:32.104762754Z -- cycle 5/5 done at 45221.9 ms --
2026-09-28T13:46:32.104882711Z 
2026-09-28T13:46:32.104913726Z ============================================================
2026-09-28T13:46:32.104923030Z   SUMMARY — node 3/7 — LOCAL MODULAR — UDP/IP multicast (RFC 1112)
2026-09-28T13:46:32.104932635Z ============================================================
2026-09-28T13:46:32.104939338Z   events this node FIRED:
2026-09-28T13:46:32.104945841Z   local (no network)     n=20   avg    69.89 ms  (HE   69.68 + net    0.00)  min   69.24  max    70.39  100.0%
2026-09-28T13:46:32.104952845Z   shared controllable          (none on this node)
2026-09-28T13:46:32.104959648Z   shared uncontroll.           (none on this node)
2026-09-28T13:46:32.104966451Z   events this node APPLIED for a peer (participant side):
2026-09-28T13:46:32.104973054Z   shared, applied        n=80   avg    69.91 ms  (HE   69.91 + net    0.00)  min   69.26  max    71.09
2026-09-28T13:46:32.104980058Z   run clock, end of cycles 1..5 (ms): 9968.0 15678.3 24842.7 32983.5 45221.9
2026-09-28T13:46:32.104986761Z      a cycle is over at the LATEST node's value; DES_WORK_MS 0 included
2026-09-28T13:46:32.104993564Z   ----------------------------------------------------------
2026-09-28T13:46:32.105000167Z   all events            n=20   avg    69.89 ms  (HE   69.68 + net    0.00)
2026-09-28T13:46:32.105006870Z   PEER-WAIT + WIRE      0.0 % of total step time
2026-09-28T13:46:32.105013674Z      (compare against the round-trip probe above: the excess is
2026-09-28T13:46:32.105020477Z       the peer's own HE work, not the link.)
2026-09-28T13:46:32.105027080Z   frames: tx=367 rx=2107 retransmits=0
2026-09-28T13:46:32.105035584Z   authentication: HMAC-SHA256/128, 1.3 us per frame; 0 rejected (bad tag), 0 stale/replayed dropped, 6 epoch challenges
2026-09-28T13:46:32.105042888Z   rx queue: peak 8/64 frames
2026-09-28T13:46:32.105049491Z   plant check: 0 event reports rejected as physically impossible
2026-09-28T13:46:32.105056094Z      (these supervisors carry the plant: an impossible uncontrollable event is caught)
2026-09-28T13:46:32.105062897Z   injected frame loss: 1 %
2026-09-28T13:46:32.105069600Z   ----------------------------------------------------------
2026-09-28T13:46:32.105076704Z   homomorphic vs cleartext oracle : PASS — every encrypted bit matched
2026-09-28T13:46:32.105083607Z      (PASS certifies the cryptography: each node's encrypted bits
2026-09-28T13:46:32.105137033Z       match its own clear model for the events it applied. It does
2026-09-28T13:46:32.105153841Z       not certify the distributed run — read the skips for that.)
2026-09-28T13:46:32.105167847Z   distributed vs MONOLITHIC sup.  : off — this header has no monolithic supervisor
2026-09-28T13:46:32.105180854Z   safe halt                       : no — ran to completion
2026-09-28T13:46:32.105193260Z ============================================================
2026-09-28T13:46:42.113537940Z @@RESULT {"node":3,"nodes":7,"family":"LOCAL MODULAR","data":"supervisor_data_fms.h","transport":"UDP/IP multicast (RFC 1112)","fingerprint":"04511541","supervisors":["S2"],"fired":{"local":20,"ctrl":0,"unctrl":0},"applied_for_peers":80,"skips":0,"impossible":0,"tx":367,"rx":2120,"retx":0,"auth_bad":0,"replays":0,"challenges":6,"mac_us":1.34,"rxq_peak":8,"rxq_drops":0,"sync_wait_ms":0.0,"oracle":"PASS","safe_halt":false,"halt_reason":"","cycle_end_ms":[9968.0,15678.3,24842.7,32983.5,45221.9],"rounds":5,"work_ms":0,"emu_scalarmul_ms":69.0,"loss_pct":1,"loss_seed":712831829,"exit":0}
