2026-09-28T04:09:02.865725501Z des_container: node 6 of 7, LOCAL MODULAR, data supervisor_data_fms.h, transport UDP/IP multicast (RFC 1112)
2026-09-28T04:09:02.865776507Z des_container: EMULATING the ESP32 — every decryption takes at least 69.0 ms (DES_EMU_SCALARMUL_MS)
2026-09-28T04:09:02.865781208Z 
2026-09-28T04:09:02.865782708Z ============================================================
2026-09-28T04:09:02.865784108Z   Distributed Homomorphic DES — generic engine
2026-09-28T04:09:02.865785308Z   node 6/7   family LOCAL MODULAR   7 supervisors   31 events
2026-09-28T04:09:02.865786709Z   data: supervisor_data_fms.h
2026-09-28T04:09:02.865787909Z ============================================================
2026-09-28T04:09:02.866456093Z --- event routing (DERIVED from the header, not hardcoded) ---
2026-09-28T04:09:02.866463694Z   event  ctrl  nodes      owner  class
2026-09-28T04:09:02.866465394Z   11     yes   1          1      local — no network
2026-09-28T04:09:02.866467294Z   12     no    1          1      local — no network
2026-09-28T04:09:02.866469294Z   21     yes   2          2      local — no network
2026-09-28T04:09:02.866471294Z   22     no    2          2      local — no network
2026-09-28T04:09:02.866473495Z   30     no    1 2 3 4 5 6 7  1      SHARED — needs network
2026-09-28T04:09:02.866475495Z   31     yes   1 2 3 4 5 6 7  1      SHARED — needs network
2026-09-28T04:09:02.866477595Z   32     no    1 2 3 4 5 6 7  1      SHARED — needs network
2026-09-28T04:09:02.866479596Z   33     yes   1 2 3 4 5 6 7  1      SHARED — needs network
2026-09-28T04:09:02.866481496Z   34     no    1 2 3 4 5 6 7  1      SHARED — needs network
2026-09-28T04:09:02.866483496Z   35     yes   1 2 3 4 5 6 7  1      SHARED — needs network
2026-09-28T04:09:02.866488797Z   36     no    1 2 3 4 5 6 7  1      SHARED — needs network
2026-09-28T04:09:02.866490997Z   37     yes   1 2 3 4 5 6 7  1      SHARED — needs network
2026-09-28T04:09:02.866493097Z   38     no    1 2 3 4 5 6 7  1      SHARED — needs network
2026-09-28T04:09:02.866495097Z   39     yes   1 2 3 4 5 6 7  1      SHARED — needs network
2026-09-28T04:09:02.866497198Z   41     yes   3          3      local — no network
2026-09-28T04:09:02.866499198Z   42     no    3          3      local — no network
2026-09-28T04:09:02.866501398Z   51     yes   4          4      local — no network
2026-09-28T04:09:02.866503399Z   52     no    4          4      local — no network
2026-09-28T04:09:02.866505399Z   53     yes   4          4      local — no network
2026-09-28T04:09:02.866507399Z   54     no    4          4      local — no network
2026-09-28T04:09:02.866509599Z   61     yes   5 6 7      5      SHARED — needs network
2026-09-28T04:09:02.866511600Z   63     yes   5 6 7      5      SHARED — needs network
2026-09-28T04:09:02.866514100Z   64     no    5 6 7      5      SHARED — needs network
2026-09-28T04:09:02.866523301Z   65     yes   5 6 7      5      SHARED — needs network
2026-09-28T04:09:02.866524901Z   66     no    5 6 7      5      SHARED — needs network
2026-09-28T04:09:02.866526201Z   71     yes   7          7      local — no network
2026-09-28T04:09:02.866527402Z   72     no    7          7      local — no network
2026-09-28T04:09:02.866528602Z   73     yes   7          7      local — no network
2026-09-28T04:09:02.866530002Z   74     no    7          7      local — no network
2026-09-28T04:09:02.866531202Z   81     yes   7          7      local — no network
2026-09-28T04:09:02.866532402Z   82     no    7          7      local — no network
2026-09-28T04:09:02.866533702Z   => 15/31 events shared; 16/31 need ZERO network traffic; 15 concern this node
2026-09-28T04:09:02.866535303Z   NOTE controllability was INFERRED from event labels (the header
2026-09-28T04:09:02.866537103Z        does not carry it). Check the 'ctrl' column above; if it is
2026-09-28T04:09:02.866538503Z        wrong, set DES_CONTROLLABLE_MASK explicitly.
2026-09-28T04:09:02.866539703Z 
2026-09-28T04:09:02.866540903Z [init] config fingerprint 04511541 — every node must print the same
2026-09-28T04:09:02.866542303Z 
2026-09-28T04:09:02.866615113Z [net] UDP multicast 239.192.7.1:5077  ttl=1  frame=44 B
2026-09-28T04:09:02.866622013Z --- crypto self-test ---
2026-09-28T04:09:02.868834991Z   Enc(0)->0 Enc(1)->1                PASS
2026-09-28T04:09:02.869527678Z   Enc(1)+Enc(1)->1 homomorphic OR   PASS
2026-09-28T04:09:02.870104951Z   Enc(0)+Enc(0)->0                  PASS
2026-09-28T04:09:02.870111952Z   curve secp192r1, ciphertext 50 B    PASS
2026-09-28T04:09:02.870235967Z   frame tag HMAC-SHA256/128: 1.3 us, 1-bit tamper caught  PASS
2026-09-28T04:09:02.870242868Z 
2026-09-28T04:09:02.870244668Z --- encrypting my supervisors' initial states ---
2026-09-28T04:09:02.870246069Z [load] S5         idx 5   44 states  15 constraining ev    2200 B ciphertext
2026-09-28T04:09:03.947182410Z [init] my keypair is mine alone; no ciphertext ever leaves this node
2026-09-28T04:09:03.947208613Z [init] my enablement: 11=1 12=1 21=1 22=1 30=0 31=1 32=0 33=1 34=0 35=1 36=0 37=1 38=0 39=1 41=1 42=1 51=1 52=1 53=1 54=1 61=1 63=0 64=0 65=0 66=0 71=1 72=1 73=1 74=1 81=1 82=1
2026-09-28T04:09:03.947210914Z 
2026-09-28T04:09:05.352686813Z [net] waiting for 6 peer(s)....... all present.
2026-09-28T04:09:18.333607489Z 
2026-09-28T04:09:18.333703201Z ============================================================
2026-09-28T04:09:18.333724704Z   RUN — SIM_SEQ driver — 5 cycles x 44 steps — LOCAL MODULAR
2026-09-28T04:09:18.333741106Z   columns: cN sNN = cycle/step of MY walk; · = a peer caused this
2026-09-28T04:09:18.333812415Z   'done at': run clock, common to all nodes; a cycle is over at the
2026-09-28T04:09:18.333822516Z   LATEST node's print, machine time (DES_WORK_MS 0) included
2026-09-28T04:09:18.333829417Z ============================================================
2026-09-28T04:09:18.333836318Z 
2026-09-28T04:09:18.333842619Z -- cycle 1/5 --
2026-09-28T04:09:07.788810505Z     ·     vote   31    YES to node 1          (seq 1)
2026-09-28T04:09:07.935144081Z     ·     apply  31       142.7 ms HE    2 dec  from node 1  (seq 1)
2026-09-28T04:09:08.169238979Z     ·     apply  32       214.2 ms HE    3 dec  from node 1  (seq 2)
2026-09-28T04:09:08.242297453Z     ·     vote   33    YES to node 1          (seq 3)
2026-09-28T04:09:08.391385076Z     ·     apply  33       144.5 ms HE    2 dec  from node 1  (seq 3)
2026-09-28T04:09:08.623371909Z     ·     apply  34       215.9 ms HE    3 dec  from node 1  (seq 4)
2026-09-28T04:09:08.641011724Z     ·     vote   35    YES to node 1          (seq 5)
2026-09-28T04:09:08.788253814Z     ·     apply  35       144.7 ms HE    2 dec  from node 1  (seq 5)
2026-09-28T04:09:09.076835054Z     ·     apply  36       216.4 ms HE    3 dec  from node 1  (seq 6)
2026-09-28T04:09:09.094829614Z     ·     vote   39    YES to node 1          (seq 7)
2026-09-28T04:09:09.239696707Z     ·     apply  39       142.7 ms HE    2 dec  from node 1  (seq 7)
2026-09-28T04:09:09.246343441Z     ·     vote   61    YES to node 5          (seq 1)
2026-09-28T04:09:09.388868640Z     ·     apply  61       139.8 ms HE    2 dec  from node 5  (seq 1)
2026-09-28T04:09:09.537331584Z     ·     apply  30       140.3 ms HE    2 dec  from node 1  (seq 8)
2026-09-28T04:09:09.896331567Z     ·     vote   65    YES to node 5          (seq 2)
2026-09-28T04:09:10.038190581Z     ·     apply  65       139.7 ms HE    2 dec  from node 5  (seq 2)
2026-09-28T04:09:10.186759439Z     ·     apply  66       140.6 ms HE    2 dec  from node 5  (seq 3)
2026-09-28T04:09:10.192141114Z     ·     vote   31    YES to node 1          (seq 9)
2026-09-28T04:09:10.267662898Z     ·     apply  31        71.1 ms HE    1 dec  from node 1  (seq 9)
2026-09-28T04:09:10.416279762Z     ·     apply  32       141.1 ms HE    2 dec  from node 1  (seq 10)
2026-09-28T04:09:10.491099158Z     ·     vote   35    YES to node 1          (seq 11)
2026-09-28T04:09:10.565576910Z     ·     apply  35        70.5 ms HE    1 dec  from node 1  (seq 11)
2026-09-28T04:09:10.718275286Z     ·     apply  36       139.8 ms HE    2 dec  from node 1  (seq 12)
2026-09-28T04:09:10.723691666Z     ·     vote   61    YES to node 5          (seq 4)
2026-09-28T04:09:10.939389554Z     ·     apply  61       209.9 ms HE    3 dec  from node 5  (seq 4)
2026-09-28T04:09:10.947151428Z     ·     vote   33    YES to node 1          (seq 13)
2026-09-28T04:09:11.023549523Z     ·     apply  33        70.6 ms HE    1 dec  from node 1  (seq 13)
2026-09-28T04:09:11.169708877Z     ·     apply  34       140.3 ms HE    2 dec  from node 1  (seq 14)
2026-09-28T04:09:11.245076942Z     ·     vote   37    YES to node 1          (seq 15)
2026-09-28T04:09:11.317819177Z     ·     apply  37        69.9 ms HE    1 dec  from node 1  (seq 15)
2026-09-28T04:09:11.394312683Z     ·     apply  38        69.8 ms HE    1 dec  from node 1  (seq 16)
2026-09-28T04:09:11.398858454Z     ·     vote   63    YES to node 5          (seq 5)
2026-09-28T04:09:11.471924229Z     ·     apply  63        69.9 ms HE    1 dec  from node 5  (seq 5)
2026-09-28T04:09:11.546877342Z     ·     apply  64        69.6 ms HE    1 dec  from node 5  (seq 6)
2026-09-28T04:09:11.549139226Z -- cycle 1/5 done at 3998.7 ms --
2026-09-28T04:09:11.549179531Z 
2026-09-28T04:09:11.549187332Z -- cycle 2/5 --
2026-09-28T04:09:11.551995785Z     ·     vote   31    YES to node 1          (seq 17)
2026-09-28T04:09:11.626838884Z     ·     apply  31        69.7 ms HE    1 dec  from node 1  (seq 17)
2026-09-28T04:09:23.181505109Z     ·     apply  32        69.8 ms HE    1 dec  from node 1  (seq 18)
2026-09-28T04:09:23.329510796Z     ·     vote   33    YES to node 1          (seq 19)
2026-09-28T04:09:11.922260899Z     ·     apply  33        70.6 ms HE    1 dec  from node 1  (seq 19)
2026-09-28T04:09:11.998489071Z     ·     apply  34        69.5 ms HE    1 dec  from node 1  (seq 20)
2026-09-28T04:09:12.008235395Z     ·     vote   35    YES to node 1          (seq 21)
2026-09-28T04:09:12.082364004Z     ·     apply  35        69.4 ms HE    1 dec  from node 1  (seq 21)
2026-09-28T04:09:12.301925177Z     ·     apply  36        70.1 ms HE    1 dec  from node 1  (seq 22)
2026-09-28T04:09:12.306687175Z     ·     vote   39    YES to node 1          (seq 23)
2026-09-28T04:09:12.381758802Z     ·     apply  39        69.9 ms HE    1 dec  from node 1  (seq 23)
2026-09-28T04:09:12.388032790Z     ·     vote   61    YES to node 5          (seq 7)
2026-09-28T04:09:12.461952173Z     ·     apply  61        70.8 ms HE    1 dec  from node 5  (seq 7)
2026-09-28T04:09:12.536970994Z     ·     apply  30        69.5 ms HE    1 dec  from node 1  (seq 24)
2026-09-28T04:09:12.961827947Z     ·     vote   65    YES to node 5          (seq 8)
2026-09-28T04:09:13.033549054Z     ·     apply  65        69.3 ms HE    1 dec  from node 5  (seq 8)
2026-09-28T04:09:13.109462887Z     ·     apply  66        69.2 ms HE    1 dec  from node 5  (seq 9)
2026-09-28T04:09:13.113802532Z     ·     vote   31    YES to node 1          (seq 25)
2026-09-28T04:09:13.187768021Z     ·     apply  31        69.3 ms HE    1 dec  from node 1  (seq 25)
2026-09-28T04:09:13.263992793Z     ·     apply  32        69.4 ms HE    1 dec  from node 1  (seq 26)
2026-09-28T04:09:13.407011653Z     ·     vote   35    YES to node 1          (seq 27)
2026-09-28T04:09:13.480755314Z     ·     apply  35        69.3 ms HE    1 dec  from node 1  (seq 27)
2026-09-28T04:09:13.555572510Z     ·     apply  36        69.6 ms HE    1 dec  from node 1  (seq 28)
2026-09-28T04:09:13.560712855Z     ·     vote   61    YES to node 5          (seq 10)
2026-09-28T04:09:13.635500847Z     ·     apply  61        69.6 ms HE    1 dec  from node 5  (seq 10)
2026-09-28T04:09:13.640871121Z     ·     vote   33    YES to node 1          (seq 29)
2026-09-28T04:09:13.714864413Z     ·     apply  33        69.5 ms HE    1 dec  from node 1  (seq 29)
2026-09-28T04:09:13.792260933Z     ·     apply  34        70.3 ms HE    1 dec  from node 1  (seq 30)
2026-09-28T04:09:13.940131302Z     ·     vote   37    YES to node 1          (seq 31)
2026-09-28T04:09:14.013503016Z     ·     apply  37        69.8 ms HE    1 dec  from node 1  (seq 31)
2026-09-28T04:09:14.091109762Z     ·     apply  38        70.5 ms HE    1 dec  from node 1  (seq 32)
2026-09-28T04:09:14.098663711Z     ·     vote   63    YES to node 5          (seq 11)
2026-09-28T04:09:14.170608446Z     ·     apply  63        69.4 ms HE    1 dec  from node 5  (seq 11)
2026-09-28T04:09:14.245035992Z     ·     apply  64        69.4 ms HE    1 dec  from node 5  (seq 12)
2026-09-28T04:09:14.247330280Z -- cycle 2/5 done at 6699.7 ms --
2026-09-28T04:09:14.247390588Z 
2026-09-28T04:09:14.247396889Z -- cycle 3/5 --
2026-09-28T04:09:14.249904504Z     ·     vote   31    YES to node 1          (seq 33)
2026-09-28T04:09:14.324210835Z     ·     apply  31        69.6 ms HE    1 dec  from node 1  (seq 33)
2026-09-28T04:09:14.400613130Z     ·     apply  32        69.8 ms HE    1 dec  from node 1  (seq 34)
2026-09-28T04:09:14.547439668Z     ·     vote   33    YES to node 1          (seq 35)
2026-09-28T04:09:14.619524420Z     ·     apply  33        69.7 ms HE    1 dec  from node 1  (seq 35)
2026-09-28T04:09:14.696895337Z     ·     apply  34        70.0 ms HE    1 dec  from node 1  (seq 36)
2026-09-28T04:09:14.703268837Z     ·     vote   35    YES to node 1          (seq 37)
2026-09-28T04:09:14.778339964Z     ·     apply  35        69.6 ms HE    1 dec  from node 1  (seq 37)
2026-09-28T04:09:14.993784920Z     ·     apply  36        69.6 ms HE    1 dec  from node 1  (seq 38)
2026-09-28T04:09:15.000146019Z     ·     vote   39    YES to node 1          (seq 39)
2026-09-28T04:09:15.072881953Z     ·     apply  39        69.8 ms HE    1 dec  from node 1  (seq 39)
2026-09-28T04:09:15.080670031Z     ·     vote   61    YES to node 5          (seq 13)
2026-09-28T04:09:15.153118229Z     ·     apply  61        69.5 ms HE    1 dec  from node 5  (seq 13)
2026-09-28T04:09:15.228192857Z     ·     apply  30        69.7 ms HE    1 dec  from node 1  (seq 40)
2026-09-28T04:09:15.653384052Z     ·     vote   65    YES to node 5          (seq 14)
2026-09-28T04:09:15.726671556Z     ·     apply  65        69.7 ms HE    1 dec  from node 5  (seq 14)
2026-09-28T04:09:15.801560760Z     ·     apply  66        69.5 ms HE    1 dec  from node 5  (seq 15)
2026-09-28T04:09:15.807417096Z     ·     vote   31    YES to node 1          (seq 41)
2026-09-28T04:09:15.882891474Z     ·     apply  31        69.8 ms HE    1 dec  from node 1  (seq 41)
2026-09-28T04:09:15.960513722Z     ·     apply  32        70.2 ms HE    1 dec  from node 1  (seq 42)
2026-09-28T04:09:16.106200817Z     ·     vote   35    YES to node 1          (seq 43)
2026-09-28T04:09:16.179225587Z     ·     apply  35        69.9 ms HE    1 dec  from node 1  (seq 43)
2026-09-28T04:09:16.257733846Z     ·     apply  36        70.0 ms HE    1 dec  from node 1  (seq 44)
2026-09-28T04:09:16.263551577Z     ·     vote   61    YES to node 5          (seq 16)
2026-09-28T04:09:16.336196900Z     ·     apply  61        69.7 ms HE    1 dec  from node 5  (seq 16)
2026-09-28T04:09:16.341371550Z     ·     vote   33    YES to node 1          (seq 45)
2026-09-28T04:09:16.416770918Z     ·     apply  33        69.7 ms HE    1 dec  from node 1  (seq 45)
2026-09-28T04:09:16.494145435Z     ·     apply  34        69.6 ms HE    1 dec  from node 1  (seq 46)
2026-09-28T04:09:16.639953145Z     ·     vote   37    YES to node 1          (seq 47)
2026-09-28T04:09:28.191808653Z     ·     apply  37        69.6 ms HE    1 dec  from node 1  (seq 47)
2026-09-28T04:09:28.267449952Z     ·     apply  38        69.9 ms HE    1 dec  from node 1  (seq 48)
2026-09-28T04:09:28.273426303Z     ·     vote   63    YES to node 5          (seq 17)
2026-09-28T04:09:28.347870352Z     ·     apply  63        69.7 ms HE    1 dec  from node 5  (seq 17)
2026-09-28T04:09:16.948486953Z     ·     apply  64        69.4 ms HE    1 dec  from node 5  (seq 18)
2026-09-28T04:09:16.950782741Z -- cycle 3/5 done at 9397.2 ms --
2026-09-28T04:09:16.950812445Z 
2026-09-28T04:09:16.950818846Z -- cycle 4/5 --
2026-09-28T04:09:16.953254151Z     ·     vote   31    YES to node 1          (seq 49)
2026-09-28T04:09:17.027200838Z     ·     apply  31        69.3 ms HE    1 dec  from node 1  (seq 49)
2026-09-28T04:09:17.102811233Z     ·     apply  32        70.0 ms HE    1 dec  from node 1  (seq 50)
2026-09-28T04:09:17.248550935Z     ·     vote   33    YES to node 1          (seq 51)
2026-09-28T04:09:17.323649766Z     ·     apply  33        69.8 ms HE    1 dec  from node 1  (seq 51)
2026-09-28T04:09:17.399792428Z     ·     apply  34        69.8 ms HE    1 dec  from node 1  (seq 52)
2026-09-28T04:09:17.405225610Z     ·     vote   35    YES to node 1          (seq 53)
2026-09-28T04:09:17.480845806Z     ·     apply  35        70.0 ms HE    1 dec  from node 1  (seq 53)
2026-09-28T04:09:17.697321291Z     ·     apply  36        69.9 ms HE    1 dec  from node 1  (seq 54)
2026-09-28T04:09:17.706354026Z     ·     vote   39    YES to node 1          (seq 55)
2026-09-28T04:09:17.779013850Z     ·     apply  39        70.1 ms HE    1 dec  from node 1  (seq 55)
2026-09-28T04:09:17.787454710Z     ·     vote   61    YES to node 5          (seq 19)
2026-09-28T04:09:17.859824698Z     ·     apply  61        69.5 ms HE    1 dec  from node 5  (seq 19)
2026-09-28T04:09:17.939715131Z     ·     apply  30        69.8 ms HE    1 dec  from node 1  (seq 56)
2026-09-28T04:09:18.366767160Z     ·     vote   65    YES to node 5          (seq 20)
2026-09-28T04:09:18.439814333Z     ·     apply  65        69.8 ms HE    1 dec  from node 5  (seq 20)
2026-09-28T04:09:18.514934167Z     ·     apply  66        69.7 ms HE    1 dec  from node 5  (seq 21)
2026-09-28T04:09:18.522797754Z     ·     vote   31    YES to node 1          (seq 57)
2026-09-28T04:09:18.598614675Z     ·     apply  31        69.9 ms HE    1 dec  from node 1  (seq 57)
2026-09-28T04:09:18.673529383Z     ·     apply  32        69.7 ms HE    1 dec  from node 1  (seq 58)
2026-09-28T04:09:18.820751371Z     ·     vote   35    YES to node 1          (seq 59)
2026-09-28T04:09:18.897680532Z     ·     apply  35        70.0 ms HE    1 dec  from node 1  (seq 59)
2026-09-28T04:09:18.974082427Z     ·     apply  36        70.2 ms HE    1 dec  from node 1  (seq 60)
2026-09-28T04:09:18.979423197Z     ·     vote   61    YES to node 5          (seq 22)
2026-09-28T04:09:19.051807687Z     ·     apply  61        69.6 ms HE    1 dec  from node 5  (seq 22)
2026-09-28T04:09:19.059465849Z     ·     vote   33    YES to node 1          (seq 61)
2026-09-28T04:09:19.132936575Z     ·     apply  33        69.8 ms HE    1 dec  from node 1  (seq 61)
2026-09-28T04:09:19.211033383Z     ·     apply  34        70.0 ms HE    1 dec  from node 1  (seq 62)
2026-09-28T04:09:19.353973433Z     ·     vote   37    YES to node 1          (seq 63)
2026-09-28T04:09:19.428926746Z     ·     apply  37        70.1 ms HE    1 dec  from node 1  (seq 63)
2026-09-28T04:09:19.507077660Z     ·     apply  38        69.9 ms HE    1 dec  from node 1  (seq 64)
2026-09-28T04:09:19.512766975Z     ·     vote   63    YES to node 5          (seq 23)
2026-09-28T04:09:19.586881682Z     ·     apply  63        69.5 ms HE    1 dec  from node 5  (seq 23)
2026-09-28T04:09:19.663433995Z     ·     apply  64        69.9 ms HE    1 dec  from node 5  (seq 24)
2026-09-28T04:09:19.665793992Z -- cycle 4/5 done at 12111.5 ms --
2026-09-28T04:09:19.665837897Z 
2026-09-28T04:09:19.665855799Z -- cycle 5/5 --
2026-09-28T04:09:19.669608571Z     ·     vote   31    YES to node 1          (seq 65)
2026-09-28T04:09:19.743812489Z     ·     apply  31        69.8 ms HE    1 dec  from node 1  (seq 65)
2026-09-28T04:09:19.819727123Z     ·     apply  32        69.8 ms HE    1 dec  from node 1  (seq 66)
2026-09-28T04:09:19.967493179Z     ·     vote   33    YES to node 1          (seq 67)
2026-09-28T04:09:20.041642191Z     ·     apply  33        70.0 ms HE    1 dec  from node 1  (seq 67)
2026-09-28T04:09:20.119546774Z     ·     apply  34        69.9 ms HE    1 dec  from node 1  (seq 68)
2026-09-28T04:09:20.127458767Z     ·     vote   35    YES to node 1          (seq 69)
2026-09-28T04:09:20.201729594Z     ·     apply  35        70.2 ms HE    1 dec  from node 1  (seq 69)
2026-09-28T04:09:20.418098366Z     ·     apply  36        70.0 ms HE    1 dec  from node 1  (seq 70)
2026-09-28T04:09:20.423467740Z     ·     vote   39    YES to node 1          (seq 71)
2026-09-28T04:09:20.498650382Z     ·     apply  39        70.3 ms HE    1 dec  from node 1  (seq 71)
2026-09-28T04:09:20.507193554Z     ·     vote   61    YES to node 5          (seq 25)
2026-09-28T04:09:20.581972545Z     ·     apply  61        69.6 ms HE    1 dec  from node 5  (seq 25)
2026-09-28T04:09:20.657118982Z     ·     apply  30        69.7 ms HE    1 dec  from node 1  (seq 72)
2026-09-28T04:09:21.087284402Z     ·     vote   65    YES to node 5          (seq 26)
2026-09-28T04:09:21.160463492Z     ·     apply  65        69.9 ms HE    1 dec  from node 5  (seq 26)
2026-09-28T04:09:21.235117767Z     ·     apply  66        69.6 ms HE    1 dec  from node 5  (seq 27)
2026-09-28T04:09:21.240109094Z     ·     vote   31    YES to node 1          (seq 73)
2026-09-28T04:09:21.316089835Z     ·     apply  31        69.7 ms HE    1 dec  from node 1  (seq 73)
2026-09-28T04:09:21.391884854Z     ·     apply  32        69.8 ms HE    1 dec  from node 1  (seq 74)
2026-09-28T04:09:21.539054835Z     ·     vote   35    YES to node 1          (seq 75)
2026-09-28T04:09:21.611483331Z     ·     apply  35        70.1 ms HE    1 dec  from node 1  (seq 75)
2026-09-28T04:09:21.686651971Z     ·     apply  36        70.1 ms HE    1 dec  from node 1  (seq 76)
2026-09-28T04:09:21.692745936Z     ·     vote   61    YES to node 5          (seq 28)
2026-09-28T04:09:33.238126329Z     ·     apply  61        69.6 ms HE    1 dec  from node 5  (seq 28)
2026-09-28T04:09:33.243223269Z     ·     vote   33    YES to node 1          (seq 77)
2026-09-28T04:09:33.317956654Z     ·     apply  33        69.7 ms HE    1 dec  from node 1  (seq 77)
2026-09-28T04:09:33.396134472Z     ·     apply  34        69.9 ms HE    1 dec  from node 1  (seq 78)
2026-09-28T04:09:22.058535413Z     ·     vote   37    YES to node 1          (seq 79)
2026-09-28T04:09:22.131499976Z     ·     apply  37        69.6 ms HE    1 dec  from node 1  (seq 79)
2026-09-28T04:09:22.209259741Z     ·     apply  38        70.4 ms HE    1 dec  from node 1  (seq 80)
2026-09-28T04:09:22.215756056Z     ·     vote   63    YES to node 5          (seq 29)
2026-09-28T04:09:22.289940273Z     ·     apply  63        69.6 ms HE    1 dec  from node 5  (seq 29)
2026-09-28T04:09:22.365813301Z     ·     apply  64        69.9 ms HE    1 dec  from node 5  (seq 30)
2026-09-28T04:09:22.368030179Z -- cycle 5/5 done at 14823.0 ms --
2026-09-28T04:09:22.368085886Z 
2026-09-28T04:09:22.368096487Z ============================================================
2026-09-28T04:09:22.368104188Z   SUMMARY — node 6/7 — LOCAL MODULAR — UDP/IP multicast (RFC 1112)
2026-09-28T04:09:22.368112689Z ============================================================
2026-09-28T04:09:22.368119390Z   events this node FIRED:
2026-09-28T04:09:22.368126391Z   local (no network)           (none on this node)
2026-09-28T04:09:22.368132992Z   shared controllable          (none on this node)
2026-09-28T04:09:22.368139293Z   shared uncontroll.           (none on this node)
2026-09-28T04:09:22.368145794Z   events this node APPLIED for a peer (participant side):
2026-09-28T04:09:22.368154495Z   shared, applied        n=110  avg    82.23 ms  (HE   82.23 + net    0.00)  min   69.18  max   216.42
2026-09-28T04:09:22.368387724Z   run clock, end of cycles 1..5 (ms): 3998.7 6699.7 9397.2 12111.5 14823.0
2026-09-28T04:09:22.368405626Z      a cycle is over at the LATEST node's value; DES_WORK_MS 0 included
2026-09-28T04:09:22.368418428Z   ----------------------------------------------------------
2026-09-28T04:09:22.368429629Z   frames: tx=332 rx=1533 retransmits=0
2026-09-28T04:09:22.368442531Z   authentication: HMAC-SHA256/128, 1.3 us per frame; 0 rejected (bad tag), 0 stale/replayed dropped, 6 epoch challenges
2026-09-28T04:09:22.368454032Z   rx queue: peak 9/64 frames
2026-09-28T04:09:22.368467334Z   plant check: 0 event reports rejected as physically impossible
2026-09-28T04:09:22.368478135Z      (these supervisors carry the plant: an impossible uncontrollable event is caught)
2026-09-28T04:09:22.368489537Z   ----------------------------------------------------------
2026-09-28T04:09:22.368501038Z   homomorphic vs cleartext oracle : PASS — every encrypted bit matched
2026-09-28T04:09:22.368512840Z      (PASS certifies the cryptography: each node's encrypted bits
2026-09-28T04:09:22.368523541Z       match its own clear model for the events it applied. It does
2026-09-28T04:09:22.368534642Z       not certify the distributed run — read the skips for that.)
2026-09-28T04:09:22.368545244Z   distributed vs MONOLITHIC sup.  : off — this header has no monolithic supervisor
2026-09-28T04:09:22.368556545Z   safe halt                       : no — ran to completion
2026-09-28T04:09:22.368571047Z ============================================================
2026-09-28T04:09:32.396717732Z @@RESULT {"node":6,"nodes":7,"family":"LOCAL MODULAR","data":"supervisor_data_fms.h","transport":"UDP/IP multicast (RFC 1112)","fingerprint":"04511541","supervisors":["S5"],"fired":{"local":0,"ctrl":0,"unctrl":0},"applied_for_peers":110,"skips":0,"impossible":0,"tx":332,"rx":1533,"retx":0,"auth_bad":0,"replays":0,"challenges":6,"mac_us":1.33,"rxq_peak":9,"rxq_drops":0,"sync_wait_ms":0.0,"oracle":"PASS","safe_halt":false,"halt_reason":"","cycle_end_ms":[3998.7,6699.7,9397.2,12111.5,14823.0],"rounds":5,"work_ms":0,"emu_scalarmul_ms":69.0,"exit":0}
