2026-09-28T04:09:03.515247168Z des_container: node 3 of 7, LOCAL MODULAR, data supervisor_data_fms.h, transport UDP/IP multicast (RFC 1112)
2026-09-28T04:09:03.515320377Z des_container: EMULATING the ESP32 — every decryption takes at least 69.0 ms (DES_EMU_SCALARMUL_MS)
2026-09-28T04:09:03.515327278Z 
2026-09-28T04:09:03.515329878Z ============================================================
2026-09-28T04:09:03.515332178Z   Distributed Homomorphic DES — generic engine
2026-09-28T04:09:03.515334279Z   node 3/7   family LOCAL MODULAR   7 supervisors   31 events
2026-09-28T04:09:03.515336479Z   data: supervisor_data_fms.h
2026-09-28T04:09:03.515338579Z ============================================================
2026-09-28T04:09:03.516056269Z --- event routing (DERIVED from the header, not hardcoded) ---
2026-09-28T04:09:03.516066170Z   event  ctrl  nodes      owner  class
2026-09-28T04:09:03.516067971Z   11     yes   1          1      local — no network
2026-09-28T04:09:03.516069571Z   12     no    1          1      local — no network
2026-09-28T04:09:03.516070871Z   21     yes   2          2      local — no network
2026-09-28T04:09:03.516072171Z   22     no    2          2      local — no network
2026-09-28T04:09:03.516073371Z   30     no    1 2 3 4 5 6 7  1      SHARED — needs network
2026-09-28T04:09:03.516074672Z   31     yes   1 2 3 4 5 6 7  1      SHARED — needs network
2026-09-28T04:09:03.516075972Z   32     no    1 2 3 4 5 6 7  1      SHARED — needs network
2026-09-28T04:09:03.516077272Z   33     yes   1 2 3 4 5 6 7  1      SHARED — needs network
2026-09-28T04:09:03.516078572Z   34     no    1 2 3 4 5 6 7  1      SHARED — needs network
2026-09-28T04:09:03.516079872Z   35     yes   1 2 3 4 5 6 7  1      SHARED — needs network
2026-09-28T04:09:03.516081072Z   36     no    1 2 3 4 5 6 7  1      SHARED — needs network
2026-09-28T04:09:03.516082473Z   37     yes   1 2 3 4 5 6 7  1      SHARED — needs network
2026-09-28T04:09:03.516083773Z   38     no    1 2 3 4 5 6 7  1      SHARED — needs network
2026-09-28T04:09:03.516085073Z   39     yes   1 2 3 4 5 6 7  1      SHARED — needs network
2026-09-28T04:09:03.516086373Z   41     yes   3          3      local — no network
2026-09-28T04:09:03.516087573Z   42     no    3          3      local — no network
2026-09-28T04:09:03.516088773Z   51     yes   4          4      local — no network
2026-09-28T04:09:03.516090073Z   52     no    4          4      local — no network
2026-09-28T04:09:03.516091274Z   53     yes   4          4      local — no network
2026-09-28T04:09:03.516092574Z   54     no    4          4      local — no network
2026-09-28T04:09:03.516093874Z   61     yes   5 6 7      5      SHARED — needs network
2026-09-28T04:09:03.516095174Z   63     yes   5 6 7      5      SHARED — needs network
2026-09-28T04:09:03.516096474Z   64     no    5 6 7      5      SHARED — needs network
2026-09-28T04:09:03.516105475Z   65     yes   5 6 7      5      SHARED — needs network
2026-09-28T04:09:03.516107076Z   66     no    5 6 7      5      SHARED — needs network
2026-09-28T04:09:03.516108276Z   71     yes   7          7      local — no network
2026-09-28T04:09:03.516109576Z   72     no    7          7      local — no network
2026-09-28T04:09:03.516110876Z   73     yes   7          7      local — no network
2026-09-28T04:09:03.516112176Z   74     no    7          7      local — no network
2026-09-28T04:09:03.516113376Z   81     yes   7          7      local — no network
2026-09-28T04:09:03.516114677Z   82     no    7          7      local — no network
2026-09-28T04:09:03.516115977Z   => 15/31 events shared; 16/31 need ZERO network traffic; 12 concern this node
2026-09-28T04:09:03.516117877Z   NOTE controllability was INFERRED from event labels (the header
2026-09-28T04:09:03.516119677Z        does not carry it). Check the 'ctrl' column above; if it is
2026-09-28T04:09:03.516121377Z        wrong, set DES_CONTROLLABLE_MASK explicitly.
2026-09-28T04:09:03.516122778Z 
2026-09-28T04:09:03.516123978Z [init] config fingerprint 04511541 — every node must print the same
2026-09-28T04:09:03.516125278Z 
2026-09-28T04:09:03.516274797Z [net] UDP multicast 239.192.7.1:5077  ttl=1  frame=44 B
2026-09-28T04:09:03.516284698Z --- crypto self-test ---
2026-09-28T04:09:03.519031843Z   Enc(0)->0 Enc(1)->1                PASS
2026-09-28T04:09:03.519815641Z   Enc(1)+Enc(1)->1 homomorphic OR   PASS
2026-09-28T04:09:03.521313930Z   Enc(0)+Enc(0)->0                  PASS
2026-09-28T04:09:03.521428044Z   curve secp192r1, ciphertext 50 B    PASS
2026-09-28T04:09:03.521435745Z   frame tag HMAC-SHA256/128: 1.6 us, 1-bit tamper caught  PASS
2026-09-28T04:09:03.521438645Z 
2026-09-28T04:09:03.521442046Z --- encrypting my supervisors' initial states ---
2026-09-28T04:09:03.521463548Z [load] S2         idx 2   18 states  12 constraining ev     900 B ciphertext
2026-09-28T04:09:04.368025359Z [init] my keypair is mine alone; no ciphertext ever leaves this node
2026-09-28T04:09:04.368061764Z [init] my enablement: 11=1 12=1 21=1 22=1 30=0 31=1 32=0 33=1 34=0 35=0 36=0 37=1 38=0 39=1 41=0 42=0 51=1 52=1 53=1 54=1 61=1 63=1 64=1 65=1 66=1 71=1 72=1 73=1 74=1 81=1 82=1
2026-09-28T04:09:04.368068365Z 
2026-09-28T04:09:05.373280599Z [net] waiting for 6 peer(s)..... all present.
2026-09-28T04:09:18.354739943Z 
2026-09-28T04:09:18.354849657Z ============================================================
2026-09-28T04:09:18.354872459Z   RUN — SIM_SEQ driver — 5 cycles x 44 steps — LOCAL MODULAR
2026-09-28T04:09:18.354888461Z   columns: cN sNN = cycle/step of MY walk; · = a peer caused this
2026-09-28T04:09:18.354957770Z   'done at': run clock, common to all nodes; a cycle is over at the
2026-09-28T04:09:18.354975072Z   LATEST node's print, machine time (DES_WORK_MS 0) included
2026-09-28T04:09:18.354988574Z ============================================================
2026-09-28T04:09:18.355000275Z 
2026-09-28T04:09:18.355010977Z -- cycle 1/5 --
2026-09-28T04:09:07.786608628Z     ·     vote   31    YES to node 1          (seq 1)
2026-09-28T04:09:07.861716960Z     ·     apply  31        69.7 ms HE    1 dec  from node 1  (seq 1)
2026-09-28T04:09:08.024669924Z     ·     apply  32        69.9 ms HE    1 dec  from node 1  (seq 2)
2026-09-28T04:09:08.097117222Z c1  s5   local  41        69.6 ms HE    1 dec  0 frames
2026-09-28T04:09:08.167341040Z c1  s7   local  42        69.6 ms HE    1 dec  0 frames
2026-09-28T04:09:08.242204242Z     ·     vote   33    YES to node 1          (seq 3)
2026-09-28T04:09:08.317204460Z     ·     apply  33        69.8 ms HE    1 dec  from node 1  (seq 3)
2026-09-28T04:09:08.477802328Z     ·     apply  34        69.7 ms HE    1 dec  from node 1  (seq 4)
2026-09-28T04:09:08.639993096Z     ·     vote   35    YES to node 1          (seq 5)
2026-09-28T04:09:08.713373811Z     ·     apply  35        69.7 ms HE    1 dec  from node 1  (seq 5)
2026-09-28T04:09:08.929483750Z     ·     apply  36        70.1 ms HE    1 dec  from node 1  (seq 6)
2026-09-28T04:09:09.094204836Z     ·     vote   39    YES to node 1          (seq 7)
2026-09-28T04:09:09.167103190Z     ·     apply  39        69.7 ms HE    1 dec  from node 1  (seq 7)
2026-09-28T04:09:09.466279761Z     ·     apply  30        70.4 ms HE    1 dec  from node 1  (seq 8)
2026-09-28T04:09:10.193701010Z     ·     vote   31    YES to node 1          (seq 9)
2026-09-28T04:09:10.267667099Z     ·     apply  31        69.8 ms HE    1 dec  from node 1  (seq 9)
2026-09-28T04:09:10.344685171Z     ·     apply  32        69.9 ms HE    1 dec  from node 1  (seq 10)
2026-09-28T04:09:10.417606128Z c1  s30  local  41        70.0 ms HE    1 dec  0 frames
2026-09-28T04:09:10.487265476Z c1  s31  local  42        69.6 ms HE    1 dec  0 frames
2026-09-28T04:09:10.490149838Z     ·     vote   35    YES to node 1          (seq 11)
2026-09-28T04:09:10.565708527Z     ·     apply  35        69.8 ms HE    1 dec  from node 1  (seq 11)
2026-09-28T04:09:10.643981456Z     ·     apply  36        69.6 ms HE    1 dec  from node 1  (seq 12)
2026-09-28T04:09:10.947926226Z     ·     vote   33    YES to node 1          (seq 13)
2026-09-28T04:09:11.022704916Z     ·     apply  33        69.9 ms HE    1 dec  from node 1  (seq 13)
2026-09-28T04:09:11.099097710Z     ·     apply  34        70.0 ms HE    1 dec  from node 1  (seq 14)
2026-09-28T04:09:11.244927123Z     ·     vote   37    YES to node 1          (seq 15)
2026-09-28T04:09:11.317584847Z     ·     apply  37        69.8 ms HE    1 dec  from node 1  (seq 15)
2026-09-28T04:09:11.394111458Z     ·     apply  38        69.9 ms HE    1 dec  from node 1  (seq 16)
2026-09-28T04:09:11.398623824Z -- cycle 1/5 done at 3845.1 ms --
2026-09-28T04:09:11.398702634Z 
2026-09-28T04:09:11.398781144Z -- cycle 2/5 --
2026-09-28T04:09:11.553252743Z     ·     vote   31    YES to node 1          (seq 17)
2026-09-28T04:09:11.626346622Z     ·     apply  31        70.0 ms HE    1 dec  from node 1  (seq 17)
2026-09-28T04:09:23.181464004Z     ·     apply  32        70.0 ms HE    1 dec  from node 1  (seq 18)
2026-09-28T04:09:23.254458971Z c2  s5   local  41        69.6 ms HE    1 dec  0 frames
2026-09-28T04:09:23.324325645Z c2  s7   local  42        69.7 ms HE    1 dec  0 frames
2026-09-28T04:09:23.327718271Z     ·     vote   33    YES to node 1          (seq 19)
2026-09-28T04:09:11.922551635Z     ·     apply  33        70.3 ms HE    1 dec  from node 1  (seq 19)
2026-09-28T04:09:11.996908673Z     ·     apply  34        69.4 ms HE    1 dec  from node 1  (seq 20)
2026-09-28T04:09:12.009482852Z     ·     vote   35    YES to node 1          (seq 21)
2026-09-28T04:09:12.081523399Z     ·     apply  35        69.7 ms HE    1 dec  from node 1  (seq 21)
2026-09-28T04:09:12.302390335Z     ·     apply  36        70.0 ms HE    1 dec  from node 1  (seq 22)
2026-09-28T04:09:12.307561084Z     ·     vote   39    YES to node 1          (seq 23)
2026-09-28T04:09:12.380182304Z     ·     apply  39        69.8 ms HE    1 dec  from node 1  (seq 23)
2026-09-28T04:09:12.538140041Z     ·     apply  30        69.8 ms HE    1 dec  from node 1  (seq 24)
2026-09-28T04:09:13.115366328Z     ·     vote   31    YES to node 1          (seq 25)
2026-09-28T04:09:13.189458433Z     ·     apply  31        69.3 ms HE    1 dec  from node 1  (seq 25)
2026-09-28T04:09:13.263864677Z     ·     apply  32        69.4 ms HE    1 dec  from node 1  (seq 26)
2026-09-28T04:09:13.334872794Z c2  s30  local  41        69.3 ms HE    1 dec  0 frames
2026-09-28T04:09:13.403997575Z c2  s31  local  42        69.2 ms HE    1 dec  0 frames
2026-09-28T04:09:13.406318266Z     ·     vote   35    YES to node 1          (seq 27)
2026-09-28T04:09:13.480097331Z     ·     apply  35        69.3 ms HE    1 dec  from node 1  (seq 27)
2026-09-28T04:09:13.555202463Z     ·     apply  36        69.6 ms HE    1 dec  from node 1  (seq 28)
2026-09-28T04:09:13.642485924Z     ·     vote   33    YES to node 1          (seq 29)
2026-09-28T04:09:13.714684991Z     ·     apply  33        69.5 ms HE    1 dec  from node 1  (seq 29)
2026-09-28T04:09:13.792512564Z     ·     apply  34        69.8 ms HE    1 dec  from node 1  (seq 30)
2026-09-28T04:09:13.938116849Z     ·     vote   37    YES to node 1          (seq 31)
2026-09-28T04:09:14.013050560Z     ·     apply  37        69.8 ms HE    1 dec  from node 1  (seq 31)
2026-09-28T04:09:14.090293160Z     ·     apply  38        69.9 ms HE    1 dec  from node 1  (seq 32)
2026-09-28T04:09:14.092741067Z -- cycle 2/5 done at 6545.3 ms --
2026-09-28T04:09:14.092771671Z 
2026-09-28T04:09:14.092782172Z -- cycle 3/5 --
2026-09-28T04:09:14.250233845Z     ·     vote   31    YES to node 1          (seq 33)
2026-09-28T04:09:14.323300321Z     ·     apply  31        69.6 ms HE    1 dec  from node 1  (seq 33)
2026-09-28T04:09:14.401130895Z     ·     apply  32        69.7 ms HE    1 dec  from node 1  (seq 34)
2026-09-28T04:09:14.473173842Z c3  s5   local  41        69.7 ms HE    1 dec  0 frames
2026-09-28T04:09:14.542529951Z c3  s7   local  42        69.6 ms HE    1 dec  0 frames
2026-09-28T04:09:14.545470121Z     ·     vote   33    YES to node 1          (seq 35)
2026-09-28T04:09:14.620246111Z     ·     apply  33        69.8 ms HE    1 dec  from node 1  (seq 35)
2026-09-28T04:09:14.695724990Z     ·     apply  34        69.6 ms HE    1 dec  from node 1  (seq 36)
2026-09-28T04:09:14.703602179Z     ·     vote   35    YES to node 1          (seq 37)
2026-09-28T04:09:14.778184845Z     ·     apply  35        69.5 ms HE    1 dec  from node 1  (seq 37)
2026-09-28T04:09:14.993458879Z     ·     apply  36        69.6 ms HE    1 dec  from node 1  (seq 38)
2026-09-28T04:09:15.000019503Z     ·     vote   39    YES to node 1          (seq 39)
2026-09-28T04:09:15.072942661Z     ·     apply  39        69.7 ms HE    1 dec  from node 1  (seq 39)
2026-09-28T04:09:15.229932175Z     ·     apply  30        69.9 ms HE    1 dec  from node 1  (seq 40)
2026-09-28T04:09:15.808561940Z     ·     vote   31    YES to node 1          (seq 41)
2026-09-28T04:09:15.881316776Z     ·     apply  31        69.7 ms HE    1 dec  from node 1  (seq 41)
2026-09-28T04:09:15.959655414Z     ·     apply  32        70.0 ms HE    1 dec  from node 1  (seq 42)
2026-09-28T04:09:16.031741066Z c3  s30  local  41        70.0 ms HE    1 dec  0 frames
2026-09-28T04:09:16.100773735Z c3  s31  local  42        69.4 ms HE    1 dec  0 frames
2026-09-28T04:09:16.106029495Z     ·     vote   35    YES to node 1          (seq 43)
2026-09-28T04:09:16.179225587Z     ·     apply  35        69.8 ms HE    1 dec  from node 1  (seq 43)
2026-09-28T04:09:16.257756449Z     ·     apply  36        70.0 ms HE    1 dec  from node 1  (seq 44)
2026-09-28T04:09:16.343455411Z     ·     vote   33    YES to node 1          (seq 45)
2026-09-28T04:09:16.417805648Z     ·     apply  33        69.9 ms HE    1 dec  from node 1  (seq 45)
2026-09-28T04:09:16.493304429Z     ·     apply  34        69.8 ms HE    1 dec  from node 1  (seq 46)
2026-09-28T04:09:16.640208878Z     ·     vote   37    YES to node 1          (seq 47)
2026-09-28T04:09:28.191837257Z     ·     apply  37        69.7 ms HE    1 dec  from node 1  (seq 47)
2026-09-28T04:09:28.267515161Z     ·     apply  38        70.2 ms HE    1 dec  from node 1  (seq 48)
2026-09-28T04:09:28.269908661Z -- cycle 3/5 done at 9242.1 ms --
2026-09-28T04:09:28.269950366Z 
2026-09-28T04:09:28.269959367Z -- cycle 4/5 --
2026-09-28T04:09:16.953612396Z     ·     vote   31    YES to node 1          (seq 49)
2026-09-28T04:09:17.025602237Z     ·     apply  31        69.4 ms HE    1 dec  from node 1  (seq 49)
2026-09-28T04:09:17.103028560Z     ·     apply  32        70.1 ms HE    1 dec  from node 1  (seq 50)
2026-09-28T04:09:17.175526764Z c4  s5   local  41        69.8 ms HE    1 dec  0 frames
2026-09-28T04:09:17.245627668Z c4  s7   local  42        69.9 ms HE    1 dec  0 frames
2026-09-28T04:09:17.248487327Z     ·     vote   33    YES to node 1          (seq 51)
2026-09-28T04:09:17.323567755Z     ·     apply  33        69.9 ms HE    1 dec  from node 1  (seq 51)
2026-09-28T04:09:17.399298065Z     ·     apply  34        69.7 ms HE    1 dec  from node 1  (seq 52)
2026-09-28T04:09:17.405288518Z     ·     vote   35    YES to node 1          (seq 53)
2026-09-28T04:09:17.482135068Z     ·     apply  35        70.0 ms HE    1 dec  from node 1  (seq 53)
2026-09-28T04:09:17.697655033Z     ·     apply  36        70.0 ms HE    1 dec  from node 1  (seq 54)
2026-09-28T04:09:17.704058537Z     ·     vote   39    YES to node 1          (seq 55)
2026-09-28T04:09:17.778957043Z     ·     apply  39        69.8 ms HE    1 dec  from node 1  (seq 55)
2026-09-28T04:09:17.938981439Z     ·     apply  30        69.8 ms HE    1 dec  from node 1  (seq 56)
2026-09-28T04:09:18.522843260Z     ·     vote   31    YES to node 1          (seq 57)
2026-09-28T04:09:18.598698786Z     ·     apply  31        70.1 ms HE    1 dec  from node 1  (seq 57)
2026-09-28T04:09:18.674032046Z     ·     apply  32        70.3 ms HE    1 dec  from node 1  (seq 58)
2026-09-28T04:09:18.747058017Z c4  s30  local  41        69.8 ms HE    1 dec  0 frames
2026-09-28T04:09:18.816967996Z c4  s31  local  42        69.8 ms HE    1 dec  0 frames
2026-09-28T04:09:18.820868586Z     ·     vote   35    YES to node 1          (seq 59)
2026-09-28T04:09:18.895849002Z     ·     apply  35        69.7 ms HE    1 dec  from node 1  (seq 59)
2026-09-28T04:09:18.973974113Z     ·     apply  36        69.9 ms HE    1 dec  from node 1  (seq 60)
2026-09-28T04:09:19.059386539Z     ·     vote   33    YES to node 1          (seq 61)
2026-09-28T04:09:19.134091621Z     ·     apply  33        69.5 ms HE    1 dec  from node 1  (seq 61)
2026-09-28T04:09:19.210340996Z     ·     apply  34        69.8 ms HE    1 dec  from node 1  (seq 62)
2026-09-28T04:09:19.355483623Z     ·     vote   37    YES to node 1          (seq 63)
2026-09-28T04:09:19.428507593Z     ·     apply  37        69.7 ms HE    1 dec  from node 1  (seq 63)
2026-09-28T04:09:19.506562595Z     ·     apply  38        70.4 ms HE    1 dec  from node 1  (seq 64)
2026-09-28T04:09:19.509330343Z -- cycle 4/5 done at 11955.2 ms --
2026-09-28T04:09:19.509379849Z 
2026-09-28T04:09:19.509397551Z -- cycle 5/5 --
2026-09-28T04:09:19.668467827Z     ·     vote   31    YES to node 1          (seq 65)
2026-09-28T04:09:19.743174609Z     ·     apply  31        69.5 ms HE    1 dec  from node 1  (seq 65)
2026-09-28T04:09:19.821374229Z     ·     apply  32        69.9 ms HE    1 dec  from node 1  (seq 66)
2026-09-28T04:09:19.893701512Z c5  s5   local  41        70.0 ms HE    1 dec  0 frames
2026-09-28T04:09:19.963524081Z c5  s7   local  42        69.5 ms HE    1 dec  0 frames
2026-09-28T04:09:19.967813819Z     ·     vote   33    YES to node 1          (seq 67)
2026-09-28T04:09:20.042417788Z     ·     apply  33        69.7 ms HE    1 dec  from node 1  (seq 67)
2026-09-28T04:09:20.120862039Z     ·     apply  34        69.7 ms HE    1 dec  from node 1  (seq 68)
2026-09-28T04:09:20.126638564Z     ·     vote   35    YES to node 1          (seq 69)
2026-09-28T04:09:20.201946222Z     ·     apply  35        69.9 ms HE    1 dec  from node 1  (seq 69)
2026-09-28T04:09:20.418390703Z     ·     apply  36        70.2 ms HE    1 dec  from node 1  (seq 70)
2026-09-28T04:09:20.424653789Z     ·     vote   39    YES to node 1          (seq 71)
2026-09-28T04:09:20.499603001Z     ·     apply  39        69.9 ms HE    1 dec  from node 1  (seq 71)
2026-09-28T04:09:20.658584966Z     ·     apply  30        69.6 ms HE    1 dec  from node 1  (seq 72)
2026-09-28T04:09:21.242460789Z     ·     vote   31    YES to node 1          (seq 73)
2026-09-28T04:09:21.314901786Z     ·     apply  31        69.8 ms HE    1 dec  from node 1  (seq 73)
2026-09-28T04:09:21.392772965Z     ·     apply  32        70.0 ms HE    1 dec  from node 1  (seq 74)
2026-09-28T04:09:21.463258417Z c5  s30  local  41        69.8 ms HE    1 dec  0 frames
2026-09-28T04:09:21.533290111Z c5  s31  local  42        70.0 ms HE    1 dec  0 frames
2026-09-28T04:09:21.536418404Z     ·     vote   35    YES to node 1          (seq 75)
2026-09-28T04:09:21.611569142Z     ·     apply  35        69.7 ms HE    1 dec  from node 1  (seq 75)
2026-09-28T04:09:21.686999714Z     ·     apply  36        70.0 ms HE    1 dec  from node 1  (seq 76)
2026-09-28T04:09:33.245184815Z     ·     vote   33    YES to node 1          (seq 77)
2026-09-28T04:09:33.317894646Z     ·     apply  33        69.9 ms HE    1 dec  from node 1  (seq 77)
2026-09-28T04:09:33.396242585Z     ·     apply  34        69.8 ms HE    1 dec  from node 1  (seq 78)
2026-09-28T04:09:22.058458303Z     ·     vote   37    YES to node 1          (seq 79)
2026-09-28T04:09:22.131180435Z     ·     apply  37        69.6 ms HE    1 dec  from node 1  (seq 79)
2026-09-28T04:09:22.208956703Z     ·     apply  38        70.3 ms HE    1 dec  from node 1  (seq 80)
2026-09-28T04:09:22.212354629Z -- cycle 5/5 done at 14667.0 ms --
2026-09-28T04:09:22.212438040Z 
2026-09-28T04:09:22.212481845Z ============================================================
2026-09-28T04:09:22.212497047Z   SUMMARY — node 3/7 — LOCAL MODULAR — UDP/IP multicast (RFC 1112)
2026-09-28T04:09:22.212511349Z ============================================================
2026-09-28T04:09:22.212521050Z   events this node FIRED:
2026-09-28T04:09:22.212530951Z   local (no network)     n=20   avg    69.89 ms  (HE   69.69 + net    0.00)  min   69.23  max    70.24  100.0%
2026-09-28T04:09:22.212542153Z   shared controllable          (none on this node)
2026-09-28T04:09:22.212553754Z   shared uncontroll.           (none on this node)
2026-09-28T04:09:22.212563356Z   events this node APPLIED for a peer (participant side):
2026-09-28T04:09:22.212573557Z   shared, applied        n=80   avg    69.82 ms  (HE   69.82 + net    0.00)  min   69.30  max    70.37
2026-09-28T04:09:22.212583758Z   run clock, end of cycles 1..5 (ms): 3845.1 6545.3 9242.1 11955.2 14667.0
2026-09-28T04:09:22.212594759Z      a cycle is over at the LATEST node's value; DES_WORK_MS 0 included
2026-09-28T04:09:22.212604861Z   ----------------------------------------------------------
2026-09-28T04:09:22.212614562Z   all events            n=20   avg    69.89 ms  (HE   69.69 + net    0.00)
2026-09-28T04:09:22.212624563Z   PEER-WAIT + WIRE      0.0 % of total step time
2026-09-28T04:09:22.212634764Z      (compare against the round-trip probe above: the excess is
2026-09-28T04:09:22.212644766Z       the peer's own HE work, not the link.)
2026-09-28T04:09:22.212670169Z   frames: tx=252 rx=1600 retransmits=0
2026-09-28T04:09:22.212680870Z   authentication: HMAC-SHA256/128, 1.6 us per frame; 0 rejected (bad tag), 0 stale/replayed dropped, 6 epoch challenges
2026-09-28T04:09:22.212691972Z   rx queue: peak 7/64 frames
2026-09-28T04:09:22.212702773Z   plant check: 0 event reports rejected as physically impossible
2026-09-28T04:09:22.212713374Z      (these supervisors carry the plant: an impossible uncontrollable event is caught)
2026-09-28T04:09:22.212723276Z   ----------------------------------------------------------
2026-09-28T04:09:22.212733277Z   homomorphic vs cleartext oracle : PASS — every encrypted bit matched
2026-09-28T04:09:22.212744678Z      (PASS certifies the cryptography: each node's encrypted bits
2026-09-28T04:09:22.212755380Z       match its own clear model for the events it applied. It does
2026-09-28T04:09:22.212765481Z       not certify the distributed run — read the skips for that.)
2026-09-28T04:09:22.212903898Z   distributed vs MONOLITHIC sup.  : off — this header has no monolithic supervisor
2026-09-28T04:09:22.212937302Z   safe halt                       : no — ran to completion
2026-09-28T04:09:22.212952104Z ============================================================
2026-09-28T04:09:32.235872133Z @@RESULT {"node":3,"nodes":7,"family":"LOCAL MODULAR","data":"supervisor_data_fms.h","transport":"UDP/IP multicast (RFC 1112)","fingerprint":"04511541","supervisors":["S2"],"fired":{"local":20,"ctrl":0,"unctrl":0},"applied_for_peers":80,"skips":0,"impossible":0,"tx":252,"rx":1613,"retx":0,"auth_bad":0,"replays":0,"challenges":6,"mac_us":1.61,"rxq_peak":8,"rxq_drops":0,"sync_wait_ms":0.0,"oracle":"PASS","safe_halt":false,"halt_reason":"","cycle_end_ms":[3845.1,6545.3,9242.1,11955.2,14667.0],"rounds":5,"work_ms":0,"emu_scalarmul_ms":69.0,"exit":0}
