2026-09-28T12:05:18.078891817Z des_container: node 1 of 2, LOCAL MODULAR, data supervisor_data_fms.h, transport UDP/IP multicast (RFC 1112)
2026-09-28T12:05:18.078939640Z des_container: EMULATING the ESP32 — every decryption takes at least 69.0 ms (DES_EMU_SCALARMUL_MS)
2026-09-28T12:05:18.078944042Z des_container: dropping 30 % of received frames, seed 3848683761 (DES_LOSS_SEED to replay)
2026-09-28T12:05:18.078945843Z 
2026-09-28T12:05:18.078947043Z ============================================================
2026-09-28T12:05:18.078948244Z   Distributed Homomorphic DES — generic engine
2026-09-28T12:05:18.078949544Z   node 1/2   family LOCAL MODULAR   7 supervisors   31 events
2026-09-28T12:05:18.078975257Z   data: supervisor_data_fms.h
2026-09-28T12:05:18.078980559Z ============================================================
2026-09-28T12:05:18.079648278Z --- event routing (DERIVED from the header, not hardcoded) ---
2026-09-28T12:05:18.079665486Z   event  ctrl  nodes      owner  class
2026-09-28T12:05:18.079668388Z   11     yes   1          1      local — no network
2026-09-28T12:05:18.079670989Z   12     no    1          1      local — no network
2026-09-28T12:05:18.079672990Z   21     yes   1          1      local — no network
2026-09-28T12:05:18.079675091Z   22     no    1          1      local — no network
2026-09-28T12:05:18.079676992Z   30     no    1 2        1      SHARED — needs network
2026-09-28T12:05:18.079679093Z   31     yes   1 2        1      SHARED — needs network
2026-09-28T12:05:18.079680894Z   32     no    1 2        1      SHARED — needs network
2026-09-28T12:05:18.079682995Z   33     yes   1 2        1      SHARED — needs network
2026-09-28T12:05:18.079684896Z   34     no    1 2        1      SHARED — needs network
2026-09-28T12:05:18.079686897Z   35     yes   1 2        1      SHARED — needs network
2026-09-28T12:05:18.079688998Z   36     no    1 2        1      SHARED — needs network
2026-09-28T12:05:18.079691299Z   37     yes   1 2        1      SHARED — needs network
2026-09-28T12:05:18.079693700Z   38     no    1 2        1      SHARED — needs network
2026-09-28T12:05:18.079695801Z   39     yes   1 2        1      SHARED — needs network
2026-09-28T12:05:18.079697902Z   41     yes   1          1      local — no network
2026-09-28T12:05:18.079700003Z   42     no    1          1      local — no network
2026-09-28T12:05:18.079702104Z   51     yes   1          1      local — no network
2026-09-28T12:05:18.079704205Z   52     no    1          1      local — no network
2026-09-28T12:05:18.079706306Z   53     yes   1          1      local — no network
2026-09-28T12:05:18.079708507Z   54     no    1          1      local — no network
2026-09-28T12:05:18.079709708Z   61     yes   2          2      local — no network
2026-09-28T12:05:18.079711108Z   63     yes   2          2      local — no network
2026-09-28T12:05:18.079721713Z   64     no    2          2      local — no network
2026-09-28T12:05:18.079723714Z   65     yes   2          2      local — no network
2026-09-28T12:05:18.079724915Z   66     no    2          2      local — no network
2026-09-28T12:05:18.079726215Z   71     yes   2          2      local — no network
2026-09-28T12:05:18.079727416Z   72     no    2          2      local — no network
2026-09-28T12:05:18.079728717Z   73     yes   2          2      local — no network
2026-09-28T12:05:18.079729917Z   74     no    2          2      local — no network
2026-09-28T12:05:18.079731218Z   81     yes   2          2      local — no network
2026-09-28T12:05:18.079732418Z   82     no    2          2      local — no network
2026-09-28T12:05:18.079733719Z   => 10/31 events shared; 21/31 need ZERO network traffic; 20 concern this node
2026-09-28T12:05:18.079735620Z   NOTE controllability was INFERRED from event labels (the header
2026-09-28T12:05:18.079737021Z        does not carry it). Check the 'ctrl' column above; if it is
2026-09-28T12:05:18.079739322Z        wrong, set DES_CONTROLLABLE_MASK explicitly.
2026-09-28T12:05:18.079740622Z 
2026-09-28T12:05:18.079741923Z [init] config fingerprint edbd7971 — every node must print the same
2026-09-28T12:05:18.079743224Z 
2026-09-28T12:05:18.079977435Z [net] UDP multicast 239.192.7.1:5077  ttl=1  frame=44 B
2026-09-28T12:05:18.080003248Z --- crypto self-test ---
2026-09-28T12:05:18.082779374Z   Enc(0)->0 Enc(1)->1                PASS
2026-09-28T12:05:18.084524107Z   Enc(1)+Enc(1)->1 homomorphic OR   PASS
2026-09-28T12:05:18.084734808Z   Enc(0)+Enc(0)->0                  PASS
2026-09-28T12:05:18.084747314Z   curve secp192r1, ciphertext 50 B    PASS
2026-09-28T12:05:18.084919596Z   frame tag HMAC-SHA256/128: 2.3 us, 1-bit tamper caught  PASS
2026-09-28T12:05:18.084925799Z 
2026-09-28T12:05:18.084927400Z --- encrypting my supervisors' initial states ---
2026-09-28T12:05:18.084928801Z [load] S0         idx 0   18 states  12 constraining ev     900 B ciphertext
2026-09-28T12:05:18.084930101Z [load] S1         idx 1   18 states  12 constraining ev     900 B ciphertext
2026-09-28T12:05:18.084931302Z [load] S2         idx 2   18 states  12 constraining ev     900 B ciphertext
2026-09-28T12:05:18.084932703Z [load] S3         idx 3   21 states  14 constraining ev    1050 B ciphertext
2026-09-28T12:05:21.640191797Z [init] my keypair is mine alone; no ciphertext ever leaves this node
2026-09-28T12:05:21.640283841Z [init] my enablement: 11=1 12=0 21=1 22=0 30=0 31=0 32=0 33=0 34=0 35=0 36=0 37=0 38=0 39=0 41=0 42=0 51=0 52=0 53=0 54=0 61=1 63=1 64=1 65=1 66=1 71=1 72=1 73=1 74=1 81=1 82=1
2026-09-28T12:05:21.640297147Z 
2026-09-28T12:05:23.454431735Z [net] waiting for 1 peer(s)......... all present.
2026-09-28T12:05:24.960276457Z 
2026-09-28T12:05:24.960359897Z --- transport round-trip probe (UDP/IP multicast (RFC 1112)) ---
2026-09-28T12:05:28.419133694Z   10 probes: avg 4.20 ms  min 2.65 ms  max 4.89 ms
2026-09-28T12:05:28.419208630Z 
2026-09-28T12:05:28.419218935Z ============================================================
2026-09-28T12:05:28.419225538Z   RUN — SIM_SEQ driver — 5 cycles x 44 steps — LOCAL MODULAR
2026-09-28T12:05:28.419233842Z   columns: cN sNN = cycle/step of MY walk; · = a peer caused this
2026-09-28T12:05:28.419239845Z   'done at': run clock, common to all nodes; a cycle is over at the
2026-09-28T12:05:28.419246048Z   LATEST node's print, machine time (DES_WORK_MS 0) included
2026-09-28T12:05:28.419251950Z ============================================================
2026-09-28T12:05:28.419258053Z 
2026-09-28T12:05:28.419263556Z -- cycle 1/5 --
2026-09-28T12:05:28.560888508Z c1  s0   local  21       141.3 ms HE    2 dec  0 frames
2026-09-28T12:05:28.703950847Z c1  s1   local  11       142.4 ms HE    2 dec  0 frames
2026-09-28T12:05:28.774104259Z c1  s2   local  12        69.9 ms HE    1 dec  0 frames
2026-09-28T12:05:30.557866547Z c1  s3   2pc    31       281.2 ms HE    4 dec  4 frames  + 1507.1 ms peer-wait  (seq 1)
2026-09-28T12:05:31.421498493Z c1  s4   notify 32       490.7 ms HE    7 dec  2 frames  + 1.8 ms peer-wait  (seq 2)
2026-09-28T12:05:31.491902324Z c1  s5   local  41        70.2 ms HE    1 dec  0 frames
2026-09-28T12:05:31.561736583Z c1  s6   local  22        69.7 ms HE    1 dec  0 frames
2026-09-28T12:05:31.631723314Z c1  s7   local  42        69.8 ms HE    1 dec  0 frames
2026-09-28T12:05:36.606594138Z c1  s8   2pc    33       279.2 ms HE    4 dec  4 frames  + 4506.9 ms peer-wait  (seq 3)
2026-09-28T12:05:37.260052787Z c1  s9   notify 34       280.2 ms HE    4 dec  2 frames  + 1.9 ms peer-wait  (seq 4)
2026-09-28T12:05:37.849420020Z c1  s10  2pc    35       279.4 ms HE    4 dec  4 frames  + 6.3 ms peer-wait  (seq 5)
2026-09-28T12:05:37.919183645Z c1  s11  local  53        69.7 ms HE    1 dec  0 frames
2026-09-28T12:05:37.989137961Z c1  s12  local  54        69.6 ms HE    1 dec  0 frames
2026-09-28T12:05:38.270664843Z c1  s13  notify 36       279.6 ms HE    4 dec  2 frames  + 2.0 ms peer-wait  (seq 6)
2026-09-28T12:05:43.962035159Z c1  s14  2pc    39       278.2 ms HE    4 dec  4 frames  + 4506.5 ms peer-wait  (seq 7)
2026-09-28T12:05:47.939511112Z c1  s16  notify 30       279.8 ms HE    4 dec  2 frames  + 3003.6 ms peer-wait  (seq 8)
2026-09-28T12:05:48.009461627Z c1  s25  local  11        69.7 ms HE    1 dec  0 frames
2026-09-28T12:05:48.079461265Z c1  s26  local  21        70.0 ms HE    1 dec  0 frames
2026-09-28T12:05:48.149555848Z c1  s27  local  12        69.6 ms HE    1 dec  0 frames
2026-09-28T12:05:54.146416605Z c1  s28  retry  31    no quorum after 4 tries — nothing applied anywhere
2026-09-28T12:06:01.983081101Z c1  s28  2pc    31       278.5 ms HE    4 dec  4 frames  + 7509.7 ms peer-wait  (seq 9)
2026-09-28T12:06:04.580649525Z c1  s29  notify 32       279.1 ms HE    4 dec  2 frames  + 1504.1 ms peer-wait  (seq 10)
2026-09-28T12:06:04.649866289Z c1  s30  local  41        69.4 ms HE    1 dec  0 frames
2026-09-28T12:06:04.719119870Z c1  s31  local  42        69.2 ms HE    1 dec  0 frames
2026-09-28T12:06:16.518090900Z c1  s32  2pc    35       277.4 ms HE    4 dec  4 frames  + 4.7 ms peer-wait  (seq 11)
2026-09-28T12:06:05.723316648Z c1  s33  notify 36       277.2 ms HE    4 dec  2 frames  + 1.2 ms peer-wait  (seq 12)
2026-09-28T12:06:05.792860168Z c1  s34  local  22        69.4 ms HE    1 dec  0 frames
2026-09-28T12:06:08.157288023Z c1  s36  2pc    33       277.4 ms HE    4 dec  4 frames  + 1503.7 ms peer-wait  (seq 13)
2026-09-28T12:06:08.435922923Z c1  s37  notify 34       277.2 ms HE    4 dec  2 frames  + 1.3 ms peer-wait  (seq 14)
2026-09-28T12:06:08.505197315Z c1  s38  local  51        69.3 ms HE    1 dec  0 frames
2026-09-28T12:06:08.574634584Z c1  s39  local  52        69.2 ms HE    1 dec  0 frames
2026-09-28T12:06:21.432672608Z c1  s40  2pc    37       277.5 ms HE    4 dec  4 frames  + 1509.1 ms peer-wait  (seq 15)
2026-09-28T12:06:10.636849226Z c1  s41  notify 38       278.3 ms HE    4 dec  2 frames  + 1.4 ms peer-wait  (seq 16)
2026-09-28T12:06:10.636893047Z -- cycle 1/5 done at 42238.9 ms --
2026-09-28T12:06:10.636902752Z 
2026-09-28T12:06:10.636909455Z -- cycle 2/5 --
2026-09-28T12:06:10.706400450Z c2  s0   local  21        69.5 ms HE    1 dec  0 frames
2026-09-28T12:06:10.776691727Z c2  s1   local  11        69.6 ms HE    1 dec  0 frames
2026-09-28T12:06:10.846900565Z c2  s2   local  12        70.0 ms HE    1 dec  0 frames
2026-09-28T12:06:14.279999311Z c2  s3   2pc    31       279.6 ms HE    4 dec  4 frames  + 3009.5 ms peer-wait  (seq 17)
2026-09-28T12:06:14.560892489Z c2  s4   notify 32       278.9 ms HE    4 dec  2 frames  + 1.9 ms peer-wait  (seq 18)
2026-09-28T12:06:14.631069012Z c2  s5   local  41        69.9 ms HE    1 dec  0 frames
2026-09-28T12:06:14.701319470Z c2  s6   local  22        69.8 ms HE    1 dec  0 frames
2026-09-28T12:06:14.771372533Z c2  s7   local  42        69.8 ms HE    1 dec  0 frames
2026-09-28T12:06:18.071628166Z c2  s8   2pc    33       279.9 ms HE    4 dec  4 frames  + 3012.7 ms peer-wait  (seq 19)
2026-09-28T12:06:18.353613167Z c2  s9   notify 34       279.7 ms HE    4 dec  2 frames  + 1.9 ms peer-wait  (seq 20)
2026-09-28T12:06:20.141205876Z c2  s10  2pc    35       279.2 ms HE    4 dec  4 frames  + 1508.5 ms peer-wait  (seq 21)
2026-09-28T12:06:20.211159492Z c2  s11  local  53        69.7 ms HE    1 dec  0 frames
2026-09-28T12:06:20.281305700Z c2  s12  local  54        69.8 ms HE    1 dec  0 frames
2026-09-28T12:06:20.627155330Z c2  s13  notify 36       279.2 ms HE    4 dec  2 frames  + 1.7 ms peer-wait  (seq 22)
2026-09-28T12:06:22.414388268Z c2  s14  2pc    39       279.7 ms HE    4 dec  4 frames  + 1506.6 ms peer-wait  (seq 23)
2026-09-28T12:06:26.123104184Z c2  s16  notify 30       279.3 ms HE    4 dec  2 frames  + 3004.0 ms peer-wait  (seq 24)
2026-09-28T12:06:26.192790172Z c2  s25  local  11        69.6 ms HE    1 dec  0 frames
2026-09-28T12:06:26.262947585Z c2  s26  local  21        69.7 ms HE    1 dec  0 frames
2026-09-28T12:06:26.333210249Z c2  s27  local  12        70.1 ms HE    1 dec  0 frames
2026-09-28T12:06:29.621191774Z c2  s28  2pc    31       278.5 ms HE    4 dec  4 frames  + 3009.5 ms peer-wait  (seq 25)
2026-09-28T12:06:30.705567702Z c2  s29  notify 32       278.7 ms HE    4 dec  2 frames  + 1.5 ms peer-wait  (seq 26)
2026-09-28T12:06:30.775294210Z c2  s30  local  41        69.4 ms HE    1 dec  0 frames
2026-09-28T12:06:30.845632509Z c2  s31  local  42        69.6 ms HE    1 dec  0 frames
2026-09-28T12:06:37.832817382Z c2  s32  2pc    35       279.4 ms HE    4 dec  4 frames  + 6010.3 ms peer-wait  (seq 27)
2026-09-28T12:06:45.613902236Z 
2026-09-28T12:06:45.613955961Z ############################################################
2026-09-28T12:06:45.613962464Z   SAFE HALT on node 1: NOTIFY unacknowledged — a participant may have missed an uncontrollable shared event
2026-09-28T12:06:45.613968367Z   tx=125 rx=235 retx=38
2026-09-28T12:06:45.613983174Z   This node cannot prove its peers are in the same state, so it
2026-09-28T12:06:45.613989877Z   refuses to act further. Safety preserved, liveness is not —
2026-09-28T12:06:45.613995980Z   the Two Generals trade, made explicit.
2026-09-28T12:06:45.614000282Z ############################################################
2026-09-28T12:06:45.614005385Z 
2026-09-28T12:06:45.614007886Z 
2026-09-28T12:06:45.614009987Z ============================================================
2026-09-28T12:06:45.614012288Z   SUMMARY — node 1/2 — LOCAL MODULAR — UDP/IP multicast (RFC 1112)
2026-09-28T12:06:45.614014589Z ============================================================
2026-09-28T12:06:45.614016790Z   events this node FIRED:
2026-09-28T12:06:45.614019191Z   local (no network)     n=29   avg    74.84 ms  (HE   74.66 + net    0.00)  min   69.30  max   142.58    3.8%
2026-09-28T12:06:45.614021493Z   shared controllable    n=14   avg  3072.71 ms  (HE  278.93 + net 2793.63)  min  282.10  max  7788.42   76.1%
2026-09-28T12:06:45.614023894Z   shared uncontroll.     n=13   avg   874.47 ms  (HE  295.22 + net  579.10)  min  278.45  max  3283.82   20.1%
2026-09-28T12:06:45.614026195Z   events this node APPLIED for a peer (participant side):
2026-09-28T12:06:45.614028396Z   shared, applied              (none on this node)
2026-09-28T12:06:45.614030597Z   sync-wait (peers reaching a shared step): n=28 avg 244.14 ms, 6.8 s total
2026-09-28T12:06:45.614062012Z      not protocol cost — the plant catching up; kept out of the rows above
2026-09-28T12:06:45.614066314Z   run clock, end of cycles 1..1 (ms): 42238.9
2026-09-28T12:06:45.614068215Z      a cycle is over at the LATEST node's value; DES_WORK_MS 0 included
2026-09-28T12:06:45.614069916Z   ----------------------------------------------------------
2026-09-28T12:06:45.614071516Z   all events            n=56   avg  1009.94 ms  (HE  176.93 + net  832.84)
2026-09-28T12:06:45.614073117Z   PEER-WAIT + WIRE      82.5 % of total step time
2026-09-28T12:06:45.614074718Z      (compare against the round-trip probe above: the excess is
2026-09-28T12:06:45.614076319Z       the peer's own HE work, not the link.)
2026-09-28T12:06:45.614077819Z   frames: tx=125 rx=235 retransmits=38
2026-09-28T12:06:45.614079420Z   authentication: HMAC-SHA256/128, 2.3 us per frame; 0 rejected (bad tag), 0 stale/replayed dropped, 4 epoch challenges
2026-09-28T12:06:45.614081221Z   rx queue: peak 2/64 frames
2026-09-28T12:06:45.614082822Z   plant check: 0 event reports rejected as physically impossible
2026-09-28T12:06:45.614084423Z      (these supervisors carry the plant: an impossible uncontrollable event is caught)
2026-09-28T12:06:45.614086123Z   injected frame loss: 30 %
2026-09-28T12:06:45.614090726Z   ----------------------------------------------------------
2026-09-28T12:06:45.614093927Z   homomorphic vs cleartext oracle : PASS — every encrypted bit matched
2026-09-28T12:06:45.614096528Z      (PASS certifies the cryptography: each node's encrypted bits
2026-09-28T12:06:45.614098930Z       match its own clear model for the events it applied. It does
2026-09-28T12:06:45.614101431Z       not certify the distributed run — read the skips for that.)
2026-09-28T12:06:45.614104132Z   distributed vs MONOLITHIC sup.  : off — this header has no monolithic supervisor
2026-09-28T12:06:45.614106433Z   safe halt                       : NOTIFY unacknowledged — a participant may have missed an uncontrollable shared event
2026-09-28T12:06:45.614109134Z ============================================================
2026-09-28T12:06:45.633965920Z [!!] node 2 reported SAFE HALT
2026-09-28T12:06:45.634049059Z [!!] node 2 reported SAFE HALT
2026-09-28T12:06:55.623179476Z @@RESULT {"node":1,"nodes":2,"family":"LOCAL MODULAR","data":"supervisor_data_fms.h","transport":"UDP/IP multicast (RFC 1112)","fingerprint":"edbd7971","supervisors":["S0","S1","S2","S3"],"fired":{"local":29,"ctrl":14,"unctrl":13},"applied_for_peers":0,"skips":0,"impossible":0,"tx":125,"rx":237,"retx":38,"auth_bad":0,"replays":0,"challenges":4,"mac_us":2.31,"rxq_peak":2,"rxq_drops":0,"sync_wait_ms":6835.8,"oracle":"PASS","safe_halt":true,"halt_reason":"NOTIFY unacknowledged — a participant may have missed an uncontrollable shared event","cycle_end_ms":[42238.9],"rounds":5,"work_ms":0,"emu_scalarmul_ms":69.0,"loss_pct":30,"loss_seed":3848683761,"exit":2}
