2026-09-28T00:17:53.721949064Z des_container: node 1 of 5, LOCAL MODULAR, data supervisor_data_fms.h, transport UDP/IP multicast (RFC 1112)
2026-09-28T00:17:53.721989169Z des_container: EMULATING the ESP32 — every decryption takes at least 69.0 ms (DES_EMU_SCALARMUL_MS)
2026-09-28T00:17:53.721992269Z 
2026-09-28T00:17:53.721993769Z ============================================================
2026-09-28T00:17:53.721995069Z   Distributed Homomorphic DES — generic engine
2026-09-28T00:17:53.721996270Z   node 1/5   family LOCAL MODULAR   7 supervisors   31 events
2026-09-28T00:17:53.721997670Z   data: supervisor_data_fms.h
2026-09-28T00:17:53.721998870Z ============================================================
2026-09-28T00:17:53.722748164Z --- event routing (DERIVED from the header, not hardcoded) ---
2026-09-28T00:17:53.722762266Z   event  ctrl  nodes      owner  class
2026-09-28T00:17:53.722764066Z   11     yes   1          1      local — no network
2026-09-28T00:17:53.722765966Z   12     no    1          1      local — no network
2026-09-28T00:17:53.722767366Z   21     yes   1          1      local — no network
2026-09-28T00:17:53.722768667Z   22     no    1          1      local — no network
2026-09-28T00:17:53.722769867Z   30     no    1 2 3 4 5  1      SHARED — needs network
2026-09-28T00:17:53.722771167Z   31     yes   1 2 3 4 5  1      SHARED — needs network
2026-09-28T00:17:53.722772467Z   32     no    1 2 3 4 5  1      SHARED — needs network
2026-09-28T00:17:53.722773667Z   33     yes   1 2 3 4 5  1      SHARED — needs network
2026-09-28T00:17:53.722774867Z   34     no    1 2 3 4 5  1      SHARED — needs network
2026-09-28T00:17:53.722776268Z   35     yes   1 2 3 4 5  1      SHARED — needs network
2026-09-28T00:17:53.722777468Z   36     no    1 2 3 4 5  1      SHARED — needs network
2026-09-28T00:17:53.722778768Z   37     yes   1 2 3 4 5  1      SHARED — needs network
2026-09-28T00:17:53.722779968Z   38     no    1 2 3 4 5  1      SHARED — needs network
2026-09-28T00:17:53.722781268Z   39     yes   1 2 3 4 5  1      SHARED — needs network
2026-09-28T00:17:53.722782768Z   41     yes   2          2      local — no network
2026-09-28T00:17:53.722784769Z   42     no    2          2      local — no network
2026-09-28T00:17:53.722786669Z   51     yes   3          3      local — no network
2026-09-28T00:17:53.722788769Z   52     no    3          3      local — no network
2026-09-28T00:17:53.722790669Z   53     yes   3          3      local — no network
2026-09-28T00:17:53.722792870Z   54     no    3          3      local — no network
2026-09-28T00:17:53.722795070Z   61     yes   3 4 5      3      SHARED — needs network
2026-09-28T00:17:53.722797070Z   63     yes   3 4 5      3      SHARED — needs network
2026-09-28T00:17:53.722799170Z   64     no    3 4 5      3      SHARED — needs network
2026-09-28T00:17:53.722812172Z   65     yes   3 4 5      3      SHARED — needs network
2026-09-28T00:17:53.722815072Z   66     no    3 4 5      3      SHARED — needs network
2026-09-28T00:17:53.722817273Z   71     yes   5          5      local — no network
2026-09-28T00:17:53.722819373Z   72     no    5          5      local — no network
2026-09-28T00:17:53.722821673Z   73     yes   5          5      local — no network
2026-09-28T00:17:53.722823974Z   74     no    5          5      local — no network
2026-09-28T00:17:53.722825974Z   81     yes   5          5      local — no network
2026-09-28T00:17:53.722828174Z   82     no    5          5      local — no network
2026-09-28T00:17:53.722830574Z   => 15/31 events shared; 16/31 need ZERO network traffic; 14 concern this node
2026-09-28T00:17:53.722832975Z   NOTE controllability was INFERRED from event labels (the header
2026-09-28T00:17:53.722837075Z        does not carry it). Check the 'ctrl' column above; if it is
2026-09-28T00:17:53.722839175Z        wrong, set DES_CONTROLLABLE_MASK explicitly.
2026-09-28T00:17:53.722841076Z 
2026-09-28T00:17:53.722842276Z [init] config fingerprint 6f43d6b9 — every node must print the same
2026-09-28T00:17:53.722843676Z 
2026-09-28T00:17:53.722955290Z [net] UDP multicast 239.192.7.1:5077  ttl=1  frame=44 B
2026-09-28T00:17:53.722965691Z --- crypto self-test ---
2026-09-28T00:17:53.726066281Z   Enc(0)->0 Enc(1)->1                PASS
2026-09-28T00:17:53.726588246Z   Enc(1)+Enc(1)->1 homomorphic OR   PASS
2026-09-28T00:17:53.727385046Z   Enc(0)+Enc(0)->0                  PASS
2026-09-28T00:17:53.727413650Z   curve secp192r1, ciphertext 50 B    PASS
2026-09-28T00:17:53.727542866Z   frame tag HMAC-SHA256/128: 1.4 us, 1-bit tamper caught  PASS
2026-09-28T00:17:53.727552867Z 
2026-09-28T00:17:53.727555768Z --- encrypting my supervisors' initial states ---
2026-09-28T00:17:53.727557868Z [load] S0         idx 0   18 states  12 constraining ev     900 B ciphertext
2026-09-28T00:17:53.727559868Z [load] S1         idx 1   18 states  12 constraining ev     900 B ciphertext
2026-09-28T00:17:55.426232887Z [init] my keypair is mine alone; no ciphertext ever leaves this node
2026-09-28T00:17:55.426320698Z [init] my enablement: 11=1 12=0 21=1 22=0 30=0 31=0 32=0 33=0 34=0 35=1 36=0 37=1 38=0 39=1 41=1 42=1 51=1 52=1 53=1 54=1 61=1 63=1 64=1 65=1 66=1 71=1 72=1 73=1 74=1 81=1 82=1
2026-09-28T00:17:55.426338901Z 
2026-09-28T00:17:56.218412878Z [net] waiting for 4 peer(s).... all present.
2026-09-28T00:17:57.725706263Z 
2026-09-28T00:17:57.725783573Z --- transport round-trip probe (UDP/IP multicast (RFC 1112)) ---
2026-09-28T00:17:58.232381491Z   20 probes: avg 4.63 ms  min 3.21 ms  max 5.76 ms
2026-09-28T00:17:58.232516508Z 
2026-09-28T00:17:58.232530310Z ============================================================
2026-09-28T00:17:58.232538111Z   RUN — SIM_SEQ driver — 5 cycles x 44 steps — LOCAL MODULAR
2026-09-28T00:17:58.232547412Z   columns: cN sNN = cycle/step of MY walk; · = a peer caused this
2026-09-28T00:17:58.232554513Z   'done at': run clock, common to all nodes; a cycle is over at the
2026-09-28T00:17:58.232561514Z   LATEST node's print, machine time (DES_WORK_MS 0) included
2026-09-28T00:17:58.232568315Z ============================================================
2026-09-28T00:17:58.232575116Z 
2026-09-28T00:17:58.232581316Z -- cycle 1/5 --
2026-09-28T00:17:58.375138119Z c1  s0   local  21       142.4 ms HE    2 dec  0 frames
2026-09-28T00:17:58.517725525Z c1  s1   local  11       142.3 ms HE    2 dec  0 frames
2026-09-28T00:17:58.587542292Z c1  s2   local  12        69.8 ms HE    1 dec  0 frames
2026-09-28T00:17:58.733729751Z c1  s3   2pc    31       140.2 ms HE    2 dec  10 frames  + 5.5 ms peer-wait  (seq 1)
2026-09-28T00:17:58.890284011Z c1  s4   notify 32       139.6 ms HE    2 dec  5 frames  + 1.4 ms peer-wait  (seq 2)
2026-09-28T00:17:58.961352535Z c1  s6   local  22        70.2 ms HE    1 dec  0 frames
2026-09-28T00:17:59.321963221Z c1  s8   2pc    33       139.7 ms HE    2 dec  10 frames  + 5.6 ms peer-wait  (seq 3)
2026-09-28T00:17:59.480423320Z c1  s9   notify 34       139.9 ms HE    2 dec  5 frames  + 1.4 ms peer-wait  (seq 4)
2026-09-28T00:17:59.710940068Z c1  s10  2pc    35       139.6 ms HE    2 dec  10 frames  + 6.0 ms peer-wait  (seq 5)
2026-09-28T00:17:59.997897805Z c1  s13  notify 36       139.7 ms HE    2 dec  5 frames  + 1.6 ms peer-wait  (seq 6)
2026-09-28T00:18:00.229582499Z c1  s14  2pc    39       139.6 ms HE    2 dec  10 frames  + 5.6 ms peer-wait  (seq 7)
2026-09-28T00:18:00.591429640Z c1  s16  notify 30       139.8 ms HE    2 dec  5 frames  + 1.7 ms peer-wait  (seq 8)
2026-09-28T00:18:00.661537844Z c1  s25  local  11        69.9 ms HE    1 dec  0 frames
2026-09-28T00:18:00.731805369Z c1  s26  local  21        70.0 ms HE    1 dec  0 frames
2026-09-28T00:18:00.801832563Z c1  s27  local  12        69.8 ms HE    1 dec  0 frames
2026-09-28T00:18:01.382634759Z c1  s28  2pc    31       139.1 ms HE    2 dec  10 frames  + 6.2 ms peer-wait  (seq 9)
2026-09-28T00:18:01.526238693Z c1  s29  notify 32       139.4 ms HE    2 dec  5 frames  + 1.3 ms peer-wait  (seq 10)
2026-09-28T00:18:01.747504980Z c1  s32  2pc    35       139.8 ms HE    2 dec  10 frames  + 6.2 ms peer-wait  (seq 11)
2026-09-28T00:18:01.892203451Z c1  s33  notify 36       140.3 ms HE    2 dec  5 frames  + 1.6 ms peer-wait  (seq 12)
2026-09-28T00:18:01.961381338Z c1  s34  local  22        69.4 ms HE    1 dec  0 frames
2026-09-28T00:18:02.261284400Z c1  s36  2pc    33       139.9 ms HE    2 dec  10 frames  + 5.5 ms peer-wait  (seq 13)
2026-09-28T00:18:02.405484109Z c1  s37  notify 34       139.6 ms HE    2 dec  5 frames  + 1.5 ms peer-wait  (seq 14)
2026-09-28T00:18:02.695285002Z c1  s40  2pc    37       140.0 ms HE    2 dec  10 frames  + 5.6 ms peer-wait  (seq 15)
2026-09-28T00:18:02.841272035Z c1  s41  notify 38       139.9 ms HE    2 dec  5 frames  + 1.8 ms peer-wait  (seq 16)
2026-09-28T00:18:02.841343044Z -- cycle 1/5 done at 4607.7 ms --
2026-09-28T00:18:02.841355245Z 
2026-09-28T00:18:02.841362246Z -- cycle 2/5 --
2026-09-28T00:18:02.911351435Z c2  s0   local  21        69.7 ms HE    1 dec  0 frames
2026-09-28T00:18:02.981467341Z c2  s1   local  11        69.8 ms HE    1 dec  0 frames
2026-09-28T00:18:03.050057954Z c2  s2   local  12        69.3 ms HE    1 dec  0 frames
2026-09-28T00:18:03.195850463Z c2  s3   2pc    31       139.8 ms HE    2 dec  10 frames  + 5.5 ms peer-wait  (seq 17)
2026-09-28T00:18:03.339738932Z c2  s4   notify 32       139.9 ms HE    2 dec  5 frames  + 1.5 ms peer-wait  (seq 18)
2026-09-28T00:18:03.409405681Z c2  s6   local  22        69.5 ms HE    1 dec  0 frames
2026-09-28T00:18:03.560116607Z c2  s8   2pc    33       139.8 ms HE    2 dec  10 frames  + 5.8 ms peer-wait  (seq 19)
2026-09-28T00:18:03.706153947Z c2  s9   notify 34       139.6 ms HE    2 dec  5 frames  + 1.5 ms peer-wait  (seq 20)
2026-09-28T00:18:03.854645394Z c2  s10  2pc    35       139.5 ms HE    2 dec  10 frames  + 6.2 ms peer-wait  (seq 21)
2026-09-28T00:18:04.140199154Z c2  s13  notify 36       139.5 ms HE    2 dec  5 frames  + 1.6 ms peer-wait  (seq 22)
2026-09-28T00:18:04.291051398Z c2  s14  2pc    39       139.7 ms HE    2 dec  10 frames  + 6.6 ms peer-wait  (seq 23)
2026-09-28T00:18:04.515621399Z c2  s16  notify 30       139.6 ms HE    2 dec  5 frames  + 1.6 ms peer-wait  (seq 24)
2026-09-28T00:18:04.585819415Z c2  s25  local  11        69.7 ms HE    1 dec  0 frames
2026-09-28T00:18:04.656173050Z c2  s26  local  21        69.8 ms HE    1 dec  0 frames
2026-09-28T00:18:04.726374566Z c2  s27  local  12        70.2 ms HE    1 dec  0 frames
2026-09-28T00:18:05.169000351Z c2  s28  2pc    31       139.6 ms HE    2 dec  10 frames  + 6.3 ms peer-wait  (seq 25)
2026-09-28T00:18:05.311291419Z c2  s29  notify 32       138.7 ms HE    2 dec  5 frames  + 1.7 ms peer-wait  (seq 26)
2026-09-28T00:18:05.530939603Z c2  s32  2pc    35       139.7 ms HE    2 dec  10 frames  + 5.6 ms peer-wait  (seq 27)
2026-09-28T00:18:05.675904207Z c2  s33  notify 36       140.0 ms HE    2 dec  5 frames  + 2.3 ms peer-wait  (seq 28)
2026-09-28T00:18:05.745402935Z c2  s34  local  22        69.7 ms HE    1 dec  0 frames
2026-09-28T00:18:05.905707866Z c2  s36  2pc    33       139.5 ms HE    2 dec  10 frames  + 6.2 ms peer-wait  (seq 29)
2026-09-28T00:18:17.731644612Z c2  s37  notify 34       139.8 ms HE    2 dec  5 frames  + 1.7 ms peer-wait  (seq 30)
2026-09-28T00:18:06.334087172Z c2  s40  2pc    37       139.1 ms HE    2 dec  10 frames  + 6.5 ms peer-wait  (seq 31)
2026-09-28T00:18:06.479757865Z c2  s41  notify 38       139.8 ms HE    2 dec  5 frames  + 1.4 ms peer-wait  (seq 32)
2026-09-28T00:18:06.479839675Z -- cycle 2/5 done at 8250.1 ms --
2026-09-28T00:18:06.479855677Z 
2026-09-28T00:18:06.479860978Z -- cycle 3/5 --
2026-09-28T00:18:06.550370733Z c3  s0   local  21        69.9 ms HE    1 dec  0 frames
2026-09-28T00:18:06.620855384Z c3  s1   local  11        69.9 ms HE    1 dec  0 frames
2026-09-28T00:18:06.690814369Z c3  s2   local  12        69.9 ms HE    1 dec  0 frames
2026-09-28T00:18:06.836876212Z c3  s3   2pc    31       139.7 ms HE    2 dec  10 frames  + 6.1 ms peer-wait  (seq 33)
2026-09-28T00:18:06.980807187Z c3  s4   notify 32       138.5 ms HE    2 dec  5 frames  + 1.5 ms peer-wait  (seq 34)
2026-09-28T00:18:07.049941769Z c3  s6   local  22        69.1 ms HE    1 dec  0 frames
2026-09-28T00:18:07.195240615Z c3  s8   2pc    33       138.5 ms HE    2 dec  10 frames  + 4.6 ms peer-wait  (seq 35)
2026-09-28T00:18:07.337273452Z c3  s9   notify 34       138.5 ms HE    2 dec  5 frames  + 1.3 ms peer-wait  (seq 36)
2026-09-28T00:18:07.482529493Z c3  s10  2pc    35       138.5 ms HE    2 dec  10 frames  + 4.6 ms peer-wait  (seq 37)
2026-09-28T00:18:07.763167535Z c3  s13  notify 36       138.5 ms HE    2 dec  5 frames  + 1.2 ms peer-wait  (seq 38)
2026-09-28T00:18:07.913021454Z c3  s14  2pc    39       139.4 ms HE    2 dec  10 frames  + 5.0 ms peer-wait  (seq 39)
2026-09-28T00:18:08.136761951Z c3  s16  notify 30       139.8 ms HE    2 dec  5 frames  + 1.8 ms peer-wait  (seq 40)
2026-09-28T00:18:08.206006447Z c3  s25  local  11        69.6 ms HE    1 dec  0 frames
2026-09-28T00:18:08.276019539Z c3  s26  local  21        69.6 ms HE    1 dec  0 frames
2026-09-28T00:18:08.345320042Z c3  s27  local  12        69.6 ms HE    1 dec  0 frames
2026-09-28T00:18:08.793952281Z c3  s28  2pc    31       140.1 ms HE    2 dec  10 frames  + 6.6 ms peer-wait  (seq 41)
2026-09-28T00:18:08.938095783Z c3  s29  notify 32       139.9 ms HE    2 dec  5 frames  + 1.8 ms peer-wait  (seq 42)
2026-09-28T00:18:09.158488360Z c3  s32  2pc    35       139.9 ms HE    2 dec  10 frames  + 6.2 ms peer-wait  (seq 43)
2026-09-28T00:18:09.302980705Z c3  s33  notify 36       140.0 ms HE    2 dec  5 frames  + 1.5 ms peer-wait  (seq 44)
2026-09-28T00:18:09.372403023Z c3  s34  local  22        69.7 ms HE    1 dec  0 frames
2026-09-28T00:18:09.531397889Z c3  s36  2pc    33       139.7 ms HE    2 dec  10 frames  + 6.1 ms peer-wait  (seq 45)
2026-09-28T00:18:09.676116863Z c3  s37  notify 34       139.2 ms HE    2 dec  5 frames  + 1.4 ms peer-wait  (seq 46)
2026-09-28T00:18:09.965290478Z c3  s40  2pc    37       139.8 ms HE    2 dec  10 frames  + 6.0 ms peer-wait  (seq 47)
2026-09-28T00:18:10.109888836Z c3  s41  notify 38       139.5 ms HE    2 dec  5 frames  + 1.7 ms peer-wait  (seq 48)
2026-09-28T00:18:10.109988149Z -- cycle 3/5 done at 11879.3 ms --
2026-09-28T00:18:10.110010351Z 
2026-09-28T00:18:10.110023553Z -- cycle 4/5 --
2026-09-28T00:18:10.179882526Z c4  s0   local  21        69.8 ms HE    1 dec  0 frames
2026-09-28T00:18:10.250033836Z c4  s1   local  11        69.9 ms HE    1 dec  0 frames
2026-09-28T00:18:10.318949490Z c4  s2   local  12        69.4 ms HE    1 dec  0 frames
2026-09-28T00:18:10.463152599Z c4  s3   2pc    31       139.4 ms HE    2 dec  10 frames  + 4.2 ms peer-wait  (seq 49)
2026-09-28T00:18:10.609329056Z c4  s4   notify 32       139.6 ms HE    2 dec  5 frames  + 1.5 ms peer-wait  (seq 50)
2026-09-28T00:18:10.678056487Z c4  s6   local  22        69.5 ms HE    1 dec  0 frames
2026-09-28T00:18:10.827717581Z c4  s8   2pc    33       139.4 ms HE    2 dec  10 frames  + 5.4 ms peer-wait  (seq 51)
2026-09-28T00:18:10.973043131Z c4  s9   notify 34       140.2 ms HE    2 dec  5 frames  + 2.1 ms peer-wait  (seq 52)
2026-09-28T00:18:22.809028085Z c4  s10  2pc    35       139.4 ms HE    2 dec  10 frames  + 6.4 ms peer-wait  (seq 53)
2026-09-28T00:18:11.410146778Z c4  s13  notify 36       139.1 ms HE    2 dec  5 frames  + 1.6 ms peer-wait  (seq 54)
2026-09-28T00:18:11.559926187Z c4  s14  2pc    39       140.1 ms HE    2 dec  10 frames  + 5.2 ms peer-wait  (seq 55)
2026-09-28T00:18:11.779762394Z c4  s16  notify 30       139.7 ms HE    2 dec  5 frames  + 1.4 ms peer-wait  (seq 56)
2026-09-28T00:18:11.849333831Z c4  s25  local  11        69.4 ms HE    1 dec  0 frames
2026-09-28T00:18:11.919476239Z c4  s26  local  21        69.7 ms HE    1 dec  0 frames
2026-09-28T00:18:11.989791169Z c4  s27  local  12        69.9 ms HE    1 dec  0 frames
2026-09-28T00:18:12.434877463Z c4  s28  2pc    31       139.8 ms HE    2 dec  10 frames  + 5.6 ms peer-wait  (seq 57)
2026-09-28T00:18:12.580241918Z c4  s29  notify 32       139.4 ms HE    2 dec  5 frames  + 1.4 ms peer-wait  (seq 58)
2026-09-28T00:18:12.798853771Z c4  s32  2pc    35       138.6 ms HE    2 dec  10 frames  + 4.8 ms peer-wait  (seq 59)
2026-09-28T00:18:12.943005574Z c4  s33  notify 36       138.7 ms HE    2 dec  5 frames  + 1.2 ms peer-wait  (seq 60)
2026-09-28T00:18:13.012347682Z c4  s34  local  22        69.2 ms HE    1 dec  0 frames
2026-09-28T00:18:13.166264911Z c4  s36  2pc    33       138.6 ms HE    2 dec  10 frames  + 4.7 ms peer-wait  (seq 61)
2026-09-28T00:18:13.309240466Z c4  s37  notify 34       138.9 ms HE    2 dec  5 frames  + 1.6 ms peer-wait  (seq 62)
2026-09-28T00:18:13.597368049Z c4  s40  2pc    37       139.5 ms HE    2 dec  10 frames  + 6.3 ms peer-wait  (seq 63)
2026-09-28T00:18:13.743004238Z c4  s41  notify 38       139.4 ms HE    2 dec  5 frames  + 1.5 ms peer-wait  (seq 64)
2026-09-28T00:18:13.743052044Z -- cycle 4/5 done at 15509.5 ms --
2026-09-28T00:18:13.743061145Z 
2026-09-28T00:18:13.743067146Z -- cycle 5/5 --
2026-09-28T00:18:13.813491890Z c5  s0   local  21        69.9 ms HE    1 dec  0 frames
2026-09-28T00:18:13.883294655Z c5  s1   local  11        69.8 ms HE    1 dec  0 frames
2026-09-28T00:18:13.952983807Z c5  s2   local  12        69.6 ms HE    1 dec  0 frames
2026-09-28T00:18:14.098727209Z c5  s3   2pc    31       139.5 ms HE    2 dec  10 frames  + 5.7 ms peer-wait  (seq 65)
2026-09-28T00:18:14.243941345Z c5  s4   notify 32       139.2 ms HE    2 dec  5 frames  + 1.4 ms peer-wait  (seq 66)
2026-09-28T00:18:14.314097856Z c5  s6   local  22        69.8 ms HE    1 dec  0 frames
2026-09-28T00:18:14.462576001Z c5  s8   2pc    33       140.0 ms HE    2 dec  10 frames  + 6.0 ms peer-wait  (seq 67)
2026-09-28T00:18:14.606582286Z c5  s9   notify 34       139.2 ms HE    2 dec  5 frames  + 1.8 ms peer-wait  (seq 68)
2026-09-28T00:18:14.757269509Z c5  s10  2pc    35       140.1 ms HE    2 dec  10 frames  + 5.9 ms peer-wait  (seq 69)
2026-09-28T00:18:15.042428019Z c5  s13  notify 36       140.1 ms HE    2 dec  5 frames  + 1.4 ms peer-wait  (seq 70)
2026-09-28T00:18:15.190875161Z c5  s14  2pc    39       139.7 ms HE    2 dec  10 frames  + 5.6 ms peer-wait  (seq 71)
2026-09-28T00:18:15.416245063Z c5  s16  notify 30       139.4 ms HE    2 dec  5 frames  + 1.5 ms peer-wait  (seq 72)
2026-09-28T00:18:15.485871107Z c5  s25  local  11        69.5 ms HE    1 dec  0 frames
2026-09-28T00:18:15.556056320Z c5  s26  local  21        69.7 ms HE    1 dec  0 frames
2026-09-28T00:18:15.625877689Z c5  s27  local  12        69.6 ms HE    1 dec  0 frames
2026-09-28T00:18:27.750561884Z c5  s28  2pc    31       139.9 ms HE    2 dec  10 frames  + 5.7 ms peer-wait  (seq 73)
2026-09-28T00:18:27.894881907Z c5  s29  notify 32       140.1 ms HE    2 dec  5 frames  + 1.7 ms peer-wait  (seq 74)
2026-09-28T00:18:16.435322714Z c5  s32  2pc    35       139.0 ms HE    2 dec  10 frames  + 4.8 ms peer-wait  (seq 75)
2026-09-28T00:18:16.582978756Z c5  s33  notify 36       140.4 ms HE    2 dec  5 frames  + 1.8 ms peer-wait  (seq 76)
2026-09-28T00:18:16.653265683Z c5  s34  local  22        70.1 ms HE    1 dec  0 frames
2026-09-28T00:18:16.809688527Z c5  s36  2pc    33       139.4 ms HE    2 dec  10 frames  + 5.8 ms peer-wait  (seq 77)
2026-09-28T00:18:16.953317963Z c5  s37  notify 34       139.6 ms HE    2 dec  5 frames  + 1.5 ms peer-wait  (seq 78)
2026-09-28T00:18:17.244043973Z c5  s40  2pc    37       139.3 ms HE    2 dec  10 frames  + 6.2 ms peer-wait  (seq 79)
2026-09-28T00:18:17.391812229Z c5  s41  notify 38       140.1 ms HE    2 dec  5 frames  + 1.6 ms peer-wait  (seq 80)
2026-09-28T00:18:17.391876838Z -- cycle 5/5 done at 19152.9 ms --
2026-09-28T00:18:17.391888139Z 
2026-09-28T00:18:17.391895040Z ============================================================
2026-09-28T00:18:17.391902141Z   SUMMARY — node 1/5 — LOCAL MODULAR — UDP/IP multicast (RFC 1112)
2026-09-28T00:18:17.391910342Z ============================================================
2026-09-28T00:18:17.391918343Z   events this node FIRED:
2026-09-28T00:18:17.391925544Z   local (no network)     n=40   avg    73.52 ms  (HE   73.35 + net    0.00)  min   69.18  max   142.57   20.4%
2026-09-28T00:18:17.391971650Z   shared controllable    n=40   avg   145.41 ms  (HE  139.55 + net    5.71)  min  143.11  max   146.89   40.4%
2026-09-28T00:18:17.391980051Z   shared uncontroll.     n=40   avg   141.26 ms  (HE  139.55 + net    1.56)  min  139.71  max   142.46   39.2%
2026-09-28T00:18:17.391987151Z   events this node APPLIED for a peer (participant side):
2026-09-28T00:18:17.391993752Z   shared, applied              (none on this node)
2026-09-28T00:18:17.392000253Z   sync-wait (peers reaching a shared step): n=80 avg 59.30 ms, 4.7 s total
2026-09-28T00:18:17.392007254Z      not protocol cost — the plant catching up; kept out of the rows above
2026-09-28T00:18:17.392014155Z   run clock, end of cycles 1..5 (ms): 4607.7 8250.1 11879.3 15509.5 19152.9
2026-09-28T00:18:17.392020856Z      a cycle is over at the LATEST node's value; DES_WORK_MS 0 included
2026-09-28T00:18:17.392027657Z   ----------------------------------------------------------
2026-09-28T00:18:17.392034157Z   all events            n=120  avg   120.06 ms  (HE  117.48 + net    2.42)
2026-09-28T00:18:17.392040858Z   PEER-WAIT + WIRE      2.0 % of total step time
2026-09-28T00:18:17.392047459Z      (compare against the round-trip probe above: the excess is
2026-09-28T00:18:17.392053960Z       the peer's own HE work, not the link.)
2026-09-28T00:18:17.392060861Z   frames: tx=157 rx=1165 retransmits=0
2026-09-28T00:18:17.392069462Z   authentication: HMAC-SHA256/128, 1.4 us per frame; 0 rejected (bad tag), 0 stale/replayed dropped, 4 epoch challenges
2026-09-28T00:18:17.392081463Z   rx queue: peak 7/64 frames
2026-09-28T00:18:17.392092065Z   plant check: 0 event reports rejected as physically impossible
2026-09-28T00:18:17.392103066Z      (these supervisors carry the plant: an impossible uncontrollable event is caught)
2026-09-28T00:18:17.392115468Z   ----------------------------------------------------------
2026-09-28T00:18:17.392127669Z   homomorphic vs cleartext oracle : PASS — every encrypted bit matched
2026-09-28T00:18:17.392140471Z      (PASS certifies the cryptography: each node's encrypted bits
2026-09-28T00:18:17.392152672Z       match its own clear model for the events it applied. It does
2026-09-28T00:18:17.392167974Z       not certify the distributed run — read the skips for that.)
2026-09-28T00:18:17.392182776Z   distributed vs MONOLITHIC sup.  : off — this header has no monolithic supervisor
2026-09-28T00:18:17.392190277Z   safe halt                       : no — ran to completion
2026-09-28T00:18:17.392197078Z ============================================================
2026-09-28T00:18:27.371003235Z @@RESULT {"node":1,"nodes":5,"family":"LOCAL MODULAR","data":"supervisor_data_fms.h","transport":"UDP/IP multicast (RFC 1112)","fingerprint":"6f43d6b9","supervisors":["S0","S1"],"fired":{"local":40,"ctrl":40,"unctrl":40},"applied_for_peers":0,"skips":0,"impossible":0,"tx":157,"rx":1176,"retx":0,"auth_bad":0,"replays":0,"challenges":4,"mac_us":1.35,"rxq_peak":7,"rxq_drops":0,"sync_wait_ms":4743.8,"oracle":"PASS","safe_halt":false,"halt_reason":"","cycle_end_ms":[4607.7,8250.1,11879.3,15509.5,19152.9],"rounds":5,"work_ms":0,"emu_scalarmul_ms":69.0,"exit":0}
