des_container: node 5 of 7, LOCAL MODULAR, data supervisor_data_fms.h, transport UDP/IP multicast (RFC 1112)
des_container: EMULATING the ESP32 — every decryption takes at least 69.0 ms (DES_EMU_SCALARMUL_MS)
des_container: dropping 10 % of received frames, seed 2010583743 (DES_LOSS_SEED to replay)

============================================================
  Distributed Homomorphic DES — generic engine
  node 5/7   family LOCAL MODULAR   7 supervisors   31 events
  data: supervisor_data_fms.h
============================================================
--- event routing (DERIVED from the header, not hardcoded) ---
  event  ctrl  nodes      owner  class
  11     yes   1          1      local — no network
  12     no    1          1      local — no network
  21     yes   2          2      local — no network
  22     no    2          2      local — no network
  30     no    1 2 3 4 5 6 7  1      SHARED — needs network
  31     yes   1 2 3 4 5 6 7  1      SHARED — needs network
  32     no    1 2 3 4 5 6 7  1      SHARED — needs network
  33     yes   1 2 3 4 5 6 7  1      SHARED — needs network
  34     no    1 2 3 4 5 6 7  1      SHARED — needs network
  35     yes   1 2 3 4 5 6 7  1      SHARED — needs network
  36     no    1 2 3 4 5 6 7  1      SHARED — needs network
  37     yes   1 2 3 4 5 6 7  1      SHARED — needs network
  38     no    1 2 3 4 5 6 7  1      SHARED — needs network
  39     yes   1 2 3 4 5 6 7  1      SHARED — needs network
  41     yes   3          3      local — no network
  42     no    3          3      local — no network
  51     yes   4          4      local — no network
  52     no    4          4      local — no network
  53     yes   4          4      local — no network
  54     no    4          4      local — no network
  61     yes   5 6 7      5      SHARED — needs network
  63     yes   5 6 7      5      SHARED — needs network
  64     no    5 6 7      5      SHARED — needs network
  65     yes   5 6 7      5      SHARED — needs network
  66     no    5 6 7      5      SHARED — needs network
  71     yes   7          7      local — no network
  72     no    7          7      local — no network
  73     yes   7          7      local — no network
  74     no    7          7      local — no network
  81     yes   7          7      local — no network
  82     no    7          7      local — no network
  => 15/31 events shared; 16/31 need ZERO network traffic; 15 concern this node
  NOTE controllability was INFERRED from event labels (the header
       does not carry it). Check the 'ctrl' column above; if it is
       wrong, set DES_CONTROLLABLE_MASK explicitly.

[init] config fingerprint 04511541 — every node must print the same

[net] UDP multicast 239.192.7.1:5077  ttl=1  frame=44 B
--- crypto self-test ---
  Enc(0)->0 Enc(1)->1                PASS
  Enc(1)+Enc(1)->1 homomorphic OR   PASS
  Enc(0)+Enc(0)->0                  PASS
  curve secp192r1, ciphertext 50 B    PASS
  frame tag HMAC-SHA256/128: 2.0 us, 1-bit tamper caught  PASS

--- encrypting my supervisors' initial states ---
[load] S4         idx 4   44 states  15 constraining ev    2200 B ciphertext
[init] my keypair is mine alone; no ciphertext ever leaves this node
[init] my enablement: 11=1 12=1 21=1 22=1 30=0 31=1 32=0 33=1 34=0 35=1 36=0 37=1 38=0 39=1 41=1 42=1 51=1 52=1 53=1 54=1 61=0 63=0 64=0 65=0 66=0 71=1 72=1 73=1 74=1 81=1 82=1

[net] waiting for 6 peer(s)....... all present.

============================================================
  RUN — SIM_SEQ driver — 5 cycles x 44 steps — LOCAL MODULAR
  columns: cN sNN = cycle/step of MY walk; · = a peer caused this
  'done at': run clock, common to all nodes; a cycle is over at the
  LATEST node's print, machine time (DES_WORK_MS 0) included
============================================================

-- cycle 1/5 --
    ·     vote   31    YES to node 1          (seq 1)
    ·     vote   31    YES to node 1          (seq 1)
    ·     vote   31    YES to node 1          (seq 1)
    ·     vote   31    YES to node 1          (seq 1)
    ·     vote   31    YES to node 1          (seq 1)
    ·     vote   31    YES to node 1          (seq 1)
    ·     vote   31    YES to node 1          (seq 1)
    ·     apply  31        73.1 ms HE    1 dec  from node 1  (seq 1)
    ·     apply  32       145.5 ms HE    2 dec  from node 1  (seq 2)
    ·     vote   33    YES to node 1          (seq 3)
    ·     vote   33    YES to node 1          (seq 3)
    ·     vote   33    YES to node 1          (seq 3)
    ·     apply  33        71.9 ms HE    1 dec  from node 1  (seq 3)
    ·     apply  34       143.3 ms HE    2 dec  from node 1  (seq 4)
    ·     vote   35    YES to node 1          (seq 5)
    ·     vote   35    YES to node 1          (seq 5)
    ·     vote   35    YES to node 1          (seq 5)
    ·     vote   35    YES to node 1          (seq 5)
    ·     vote   35    YES to node 1          (seq 5)
    ·     vote   35    YES to node 1          (seq 5)
    ·     vote   35    YES to node 1          (seq 5)
    ·     vote   35    YES to node 1          (seq 5)
    ·     apply  35        71.9 ms HE    1 dec  from node 1  (seq 5)
    ·     apply  36       142.1 ms HE    2 dec  from node 1  (seq 6)
    ·     vote   39    YES to node 1          (seq 7)
    ·     apply  39       141.5 ms HE    2 dec  from node 1  (seq 7)
c1  s15  2pc    61        69.3 ms HE    1 dec  6 frames  + 3008.9 ms peer-wait  (seq 1)
    ·     apply  30        70.5 ms HE    1 dec  from node 1  (seq 8)
c1  s23  retry  65    no quorum after 4 tries — nothing applied anywhere
c1  s23  2pc    65        69.9 ms HE    1 dec  6 frames  + 3008.8 ms peer-wait  (seq 2)
c1  s24  notify 66        69.5 ms HE    1 dec  3 frames  + 3006.3 ms peer-wait  (seq 3)
    ·     vote   31    YES to node 1          (seq 9)
    ·     apply  31        69.6 ms HE    1 dec  from node 1  (seq 9)
    ·     apply  32        69.5 ms HE    1 dec  from node 1  (seq 10)
    ·     vote   35    YES to node 1          (seq 11)
    ·     apply  35        69.8 ms HE    1 dec  from node 1  (seq 11)
    ·     apply  36        69.8 ms HE    1 dec  from node 1  (seq 12)
c1  s35  2pc    61        69.7 ms HE    1 dec  6 frames  + 6.6 ms peer-wait  (seq 4)
    ·     vote   33    YES to node 1          (seq 13)
    ·     vote   33    YES to node 1          (seq 13)
    ·     vote   33    YES to node 1          (seq 13)
    ·     vote   33    YES to node 1          (seq 13)
    ·     apply  33        69.8 ms HE    1 dec  from node 1  (seq 13)
    ·     apply  34        69.6 ms HE    1 dec  from node 1  (seq 14)
    ·     vote   37    YES to node 1          (seq 15)
    ·     vote   37    YES to node 1          (seq 15)
    ·     apply  37        69.5 ms HE    1 dec  from node 1  (seq 15)
    ·     apply  38        69.3 ms HE    1 dec  from node 1  (seq 16)
c1  s42  2pc    63        69.3 ms HE    1 dec  6 frames  + 4.7 ms peer-wait  (seq 5)
c1  s43  notify 64        69.2 ms HE    1 dec  3 frames  + 1503.3 ms peer-wait  (seq 6)
-- cycle 1/5 done at 79181.6 ms --

-- cycle 2/5 --
    ·     vote   31    YES to node 1          (seq 17)
    ·     apply  31        75.2 ms HE    1 dec  from node 1  (seq 17)
    ·     apply  32        71.2 ms HE    1 dec  from node 1  (seq 18)
    ·     vote   33    YES to node 1          (seq 19)
    ·     vote   33    YES to node 1          (seq 19)
    ·     apply  33        70.1 ms HE    1 dec  from node 1  (seq 19)
    ·     apply  34        69.7 ms HE    1 dec  from node 1  (seq 20)
    ·     vote   35    YES to node 1          (seq 21)
    ·     vote   35    YES to node 1          (seq 21)
    ·     vote   35    YES to node 1          (seq 21)
    ·     apply  35        69.5 ms HE    1 dec  from node 1  (seq 21)
    ·     apply  36        69.7 ms HE    1 dec  from node 1  (seq 22)
    ·     vote   39    YES to node 1          (seq 23)
    ·     vote   39    YES to node 1          (seq 23)
    ·     vote   39    YES to node 1          (seq 23)
    ·     vote   39    YES to node 1          (seq 23)
    ·     vote   39    YES to node 1          (seq 23)
    ·     apply  39        70.0 ms HE    1 dec  from node 1  (seq 23)
c2  s15  2pc    61        69.4 ms HE    1 dec  6 frames  + 1509.6 ms peer-wait  (seq 7)
    ·     apply  30        70.0 ms HE    1 dec  from node 1  (seq 24)
c2  s23  2pc    65        69.8 ms HE    1 dec  6 frames  + 5.5 ms peer-wait  (seq 8)
c2  s24  notify 66        69.9 ms HE    1 dec  3 frames  + 1503.8 ms peer-wait  (seq 9)
    ·     vote   31    YES to node 1          (seq 25)
    ·     vote   31    YES to node 1          (seq 25)
    ·     apply  31        70.1 ms HE    1 dec  from node 1  (seq 25)
    ·     apply  32        70.0 ms HE    1 dec  from node 1  (seq 26)
    ·     vote   35    YES to node 1          (seq 27)
    ·     apply  35        69.9 ms HE    1 dec  from node 1  (seq 27)
    ·     apply  36        69.8 ms HE    1 dec  from node 1  (seq 28)
c2  s35  2pc    61        69.7 ms HE    1 dec  6 frames  + 6010.1 ms peer-wait  (seq 10)
    ·     vote   33    YES to node 1          (seq 29)
    ·     apply  33        70.2 ms HE    1 dec  from node 1  (seq 29)
    ·     apply  34        70.1 ms HE    1 dec  from node 1  (seq 30)
    ·     vote   37    YES to node 1          (seq 31)
    ·     vote   37    YES to node 1          (seq 31)
    ·     apply  37        69.7 ms HE    1 dec  from node 1  (seq 31)
    ·     apply  38        69.8 ms HE    1 dec  from node 1  (seq 32)
c2  s42  2pc    63        69.9 ms HE    1 dec  6 frames  + 3009.5 ms peer-wait  (seq 11)
c2  s43  notify 64        69.8 ms HE    1 dec  3 frames  + 1.8 ms peer-wait  (seq 12)
-- cycle 2/5 done at 140038.8 ms --

-- cycle 3/5 --
    ·     vote   31    YES to node 1          (seq 33)
    ·     apply  31        69.8 ms HE    1 dec  from node 1  (seq 33)
    ·     apply  32        70.4 ms HE    1 dec  from node 1  (seq 34)
    ·     vote   33    YES to node 1          (seq 35)
    ·     vote   33    YES to node 1          (seq 35)
    ·     vote   33    YES to node 1          (seq 35)
    ·     apply  33        70.2 ms HE    1 dec  from node 1  (seq 35)
    ·     apply  34        69.9 ms HE    1 dec  from node 1  (seq 36)
    ·     vote   35    YES to node 1          (seq 37)
    ·     vote   35    YES to node 1          (seq 37)
    ·     apply  35        70.1 ms HE    1 dec  from node 1  (seq 37)
    ·     apply  36        69.8 ms HE    1 dec  from node 1  (seq 38)
    ·     vote   39    YES to node 1          (seq 39)
    ·     vote   39    YES to node 1          (seq 39)
    ·     apply  39        69.8 ms HE    1 dec  from node 1  (seq 39)
c3  s15  2pc    61        69.8 ms HE    1 dec  6 frames  + 4510.0 ms peer-wait  (seq 13)
    ·     apply  30        70.0 ms HE    1 dec  from node 1  (seq 40)
c3  s23  2pc    65        69.7 ms HE    1 dec  6 frames  + 4506.5 ms peer-wait  (seq 14)
c3  s24  notify 66        69.9 ms HE    1 dec  3 frames  + 2.0 ms peer-wait  (seq 15)
    ·     vote   31    YES to node 1          (seq 41)
    ·     vote   31    YES to node 1          (seq 41)
    ·     apply  31        69.8 ms HE    1 dec  from node 1  (seq 41)
    ·     apply  32        70.1 ms HE    1 dec  from node 1  (seq 42)
    ·     vote   35    YES to node 1          (seq 43)
    ·     vote   35    YES to node 1          (seq 43)
    ·     vote   35    YES to node 1          (seq 43)
    ·     vote   35    YES to node 1          (seq 43)
    ·     vote   35    YES to node 1          (seq 43)
    ·     apply  35        69.4 ms HE    1 dec  from node 1  (seq 43)
    ·     apply  36        70.4 ms HE    1 dec  from node 1  (seq 44)
c3  s35  2pc    61        69.9 ms HE    1 dec  6 frames  + 6.5 ms peer-wait  (seq 16)
    ·     vote   33    YES to node 1          (seq 45)
    ·     vote   33    YES to node 1          (seq 45)
    ·     vote   33    YES to node 1          (seq 45)
    ·     vote   33    YES to node 1          (seq 45)
    ·     apply  33        69.7 ms HE    1 dec  from node 1  (seq 45)
    ·     apply  34        69.8 ms HE    1 dec  from node 1  (seq 46)
    ·     vote   37    YES to node 1          (seq 47)
    ·     apply  37        69.7 ms HE    1 dec  from node 1  (seq 47)
    ·     apply  38        70.0 ms HE    1 dec  from node 1  (seq 48)
c3  s42  2pc    63        69.7 ms HE    1 dec  6 frames  + 1506.7 ms peer-wait  (seq 17)
c3  s43  notify 64        69.5 ms HE    1 dec  3 frames  + 2.0 ms peer-wait  (seq 18)
-- cycle 3/5 done at 204431.6 ms --

-- cycle 4/5 --
    ·     vote   31    YES to node 1          (seq 49)
    ·     vote   31    YES to node 1          (seq 49)
    ·     vote   31    YES to node 1          (seq 49)
    ·     vote   31    YES to node 1          (seq 49)
    ·     apply  31        69.9 ms HE    1 dec  from node 1  (seq 49)
    ·     apply  32        69.5 ms HE    1 dec  from node 1  (seq 50)
    ·     vote   33    YES to node 1          (seq 51)
    ·     vote   33    YES to node 1          (seq 51)
    ·     vote   33    YES to node 1          (seq 51)
    ·     vote   33    YES to node 1          (seq 51)
    ·     vote   33    YES to node 1          (seq 51)
    ·     vote   33    YES to node 1          (seq 51)
    ·     apply  33        69.7 ms HE    1 dec  from node 1  (seq 51)
    ·     apply  34        69.8 ms HE    1 dec  from node 1  (seq 52)
    ·     vote   35    YES to node 1          (seq 53)
    ·     vote   35    YES to node 1          (seq 53)
    ·     vote   35    YES to node 1          (seq 53)
    ·     vote   35    YES to node 1          (seq 53)
    ·     vote   35    YES to node 1          (seq 53)
    ·     vote   35    YES to node 1          (seq 53)
    ·     vote   35    YES to node 1          (seq 53)
    ·     vote   35    YES to node 1          (seq 53)
    ·     skip   35    node 1 gave up on it — moving on too  (occ 7)
    ·     skip   36    node 1 gave up on it — moving on too  (occ 7)
    ·     vote   39    YES to node 1          (seq 53)
    ·     apply  39        70.2 ms HE    1 dec  from node 1  (seq 53)
c4  s15  SKIP   61    my own supervisor disables it here
    ·     apply  30        69.8 ms HE    1 dec  from node 1  (seq 54)
c4  s23  SKIP   65    my own supervisor disables it here
c4  s24  [!!]   66    IMPOSSIBLE — uncontrollable, but no machine could produce it from here; rejected (sensor fault or attack?)
c4  s24  SKIP   66    physically impossible here — rejected
    ·     vote   31    YES to node 1          (seq 55)
    ·     vote   31    YES to node 1          (seq 55)
    ·     vote   31    YES to node 1          (seq 55)
    ·     vote   31    YES to node 1          (seq 55)
    ·     vote   31    YES to node 1          (seq 55)
    ·     vote   31    YES to node 1          (seq 55)
    ·     vote   31    YES to node 1          (seq 55)
    ·     vote   31    YES to node 1          (seq 55)
    ·     vote   31    YES to node 1          (seq 55)
    ·     vote   31    YES to node 1          (seq 55)
    ·     skip   31    node 1 gave up on it — moving on too  (occ 8)
    ·     skip   32    node 1 gave up on it — moving on too  (occ 8)
    ·     vote   35    YES to node 1          (seq 55)
    ·     apply  35        71.8 ms HE    1 dec  from node 1  (seq 55)
    ·     apply  36        70.0 ms HE    1 dec  from node 1  (seq 56)
c4  s35  2pc    61        69.8 ms HE    1 dec  6 frames  + 6.0 ms peer-wait  (seq 19)
    ·     vote   33    YES to node 1          (seq 57)
    ·     vote   33    YES to node 1          (seq 57)
    ·     apply  33        69.3 ms HE    1 dec  from node 1  (seq 57)
    ·     apply  34        69.9 ms HE    1 dec  from node 1  (seq 58)
    ·     vote   37    YES to node 1          (seq 59)
    ·     vote   37    YES to node 1          (seq 59)
    ·     vote   37    YES to node 1          (seq 59)
    ·     vote   37    YES to node 1          (seq 59)
    ·     vote   37    YES to node 1          (seq 59)
    ·     skip   37    node 1 gave up on it — moving on too  (occ 4)
    ·     skip   38    node 1 gave up on it — moving on too  (occ 4)
c4  s42  veto   63    a peer's supervisor disables it here  (4.7 ms)
c4  s42  veto   63    refused 7 more times over 10.6 s, giving up
c4  s42  SKIP   63    a PEER's supervisor kept vetoing it
c4  s43  [!!]   64    IMPOSSIBLE — uncontrollable, but no machine could produce it from here; rejected (sensor fault or attack?)
c4  s43  SKIP   64    physically impossible here — rejected
-- cycle 4/5 done at 314064.7 ms --

-- cycle 5/5 --
    ·     vote   31    YES to node 1          (seq 59)
    ·     vote   31    YES to node 1          (seq 59)
    ·     apply  31        69.9 ms HE    1 dec  from node 1  (seq 59)
    ·     apply  32        69.8 ms HE    1 dec  from node 1  (seq 60)
    ·     vote   33    YES to node 1          (seq 61)
    ·     vote   33    YES to node 1          (seq 61)
    ·     vote   33    YES to node 1          (seq 61)
    ·     vote   33    YES to node 1          (seq 61)
    ·     vote   33    YES to node 1          (seq 61)
    ·     vote   33    YES to node 1          (seq 61)
    ·     vote   33    YES to node 1          (seq 61)
    ·     vote   33    YES to node 1          (seq 61)
    ·     vote   33    YES to node 1          (seq 61)
    ·     vote   33    YES to node 1          (seq 61)
    ·     skip   33    node 1 gave up on it — moving on too  (occ 9)
    ·     skip   34    node 1 gave up on it — moving on too  (occ 9)
    ·     vote   35    YES to node 1          (seq 61)
    ·     vote   35    YES to node 1          (seq 61)
    ·     vote   35    YES to node 1          (seq 61)
    ·     apply  35        69.9 ms HE    1 dec  from node 1  (seq 61)
    ·     apply  36        69.9 ms HE    1 dec  from node 1  (seq 62)
    ·     vote   39    YES to node 1          (seq 63)
    ·     vote   39    YES to node 1          (seq 63)
    ·     vote   39    YES to node 1          (seq 63)
    ·     vote   39    YES to node 1          (seq 63)
    ·     vote   39    YES to node 1          (seq 63)
    ·     vote   39    YES to node 1          (seq 63)
    ·     vote   39    YES to node 1          (seq 63)
    ·     vote   39    YES to node 1          (seq 63)
    ·     vote   39    YES to node 1          (seq 63)
    ·     vote   39    YES to node 1          (seq 63)
    ·     vote   39    YES to node 1          (seq 63)
    ·     vote   39    YES to node 1          (seq 63)
    ·     vote   39    YES to node 1          (seq 63)
    ·     skip   39    node 1 gave up on it — moving on too  (occ 5)
c5  s15  SKIP   61    my own supervisor disables it here
    ·     skip   30    node 1 gave up on it — moving on too  (occ 5)
c5  s23  sync   65    waiting for peers to reach this step (10 s)
c5  s23  sync   65    waiting for peers to reach this step (20 s)
c5  s23  sync   65    waiting for peers to reach this step (30 s)
c5  s23  2pc    65        69.8 ms HE    1 dec  6 frames  + 1509.2 ms peer-wait  (seq 20)
c5  s24  notify 66        69.5 ms HE    1 dec  3 frames  + 1.7 ms peer-wait  (seq 21)
    ·     vote   31    YES to node 1          (seq 63)
    ·     apply  31        70.0 ms HE    1 dec  from node 1  (seq 63)
    ·     apply  32        69.9 ms HE    1 dec  from node 1  (seq 64)
    ·     vote   35    NO  to node 1          (seq 65)
    ·     vote   35    NO  to node 1          (seq 65)
    ·     vote   35    NO  to node 1          (seq 65)
    ·     vote   35    NO  to node 1          (seq 65)
    ·     vote   35    NO  to node 1          (seq 65)
    ·     vote   35    NO  to node 1          (seq 65)
    ·     vote   35    NO  to node 1          (seq 65)
    ·     vote   35    NO  to node 1          (seq 65)
    ·     vote   35    NO  to node 1          (seq 65)
    ·     vote   35    NO  to node 1          (seq 65)
    ·     vote   35    NO  to node 1          (seq 65)
    ·     skip   35    node 1 gave up on it — moving on too  (occ 10)
    ·     skip   36    node 1 gave up on it — moving on too  (occ 10)
c5  s35  2pc    61        69.5 ms HE    1 dec  6 frames  + 1508.6 ms peer-wait  (seq 22)
    ·     vote   33    YES to node 1          (seq 65)
    ·     vote   33    YES to node 1          (seq 65)
    ·     vote   33    YES to node 1          (seq 65)
    ·     vote   33    YES to node 1          (seq 65)
    ·     vote   33    YES to node 1          (seq 65)
    ·     vote   33    YES to node 1          (seq 65)
    ·     vote   33    YES to node 1          (seq 65)
    ·     vote   33    YES to node 1          (seq 65)
    ·     skip   33    node 1 gave up on it — moving on too  (occ 10)
    ·     skip   34    node 1 gave up on it — moving on too  (occ 10)
    ·     vote   37    YES to node 1          (seq 65)
    ·     vote   37    YES to node 1          (seq 65)
    ·     apply  37        69.9 ms HE    1 dec  from node 1  (seq 65)
    ·     apply  38        69.9 ms HE    1 dec  from node 1  (seq 66)
c5  s42  2pc    63        69.7 ms HE    1 dec  6 frames  + 6.8 ms peer-wait  (seq 23)
c5  s43  notify 64        69.8 ms HE    1 dec  3 frames  + 4500.8 ms peer-wait  (seq 24)
-- cycle 5/5 done at 457826.3 ms --

============================================================
  SUMMARY — node 5/7 — LOCAL MODULAR — UDP/IP multicast (RFC 1112)
============================================================
  events this node FIRED:
  local (no network)           (none on this node)
  shared controllable    n=16   avg  1952.58 ms  (HE   69.68 + net 1882.75)  min   73.94  max  6080.02   73.8%
  shared uncontroll.     n=8    avg  1385.01 ms  (HE   69.65 + net 1315.20)  min   71.35  max  4570.76   26.2%
  events this node APPLIED for a peer (participant side):
  shared, applied        n=66   avg    74.54 ms  (HE   74.54 + net    0.00)  min   69.27  max   145.53
  sync-wait (peers reaching a shared step): n=30 avg 1170.91 ms, 35.1 s total
     not protocol cost — the plant catching up; kept out of the rows above
  run clock, end of cycles 1..5 (ms): 79181.6 140038.8 204431.6 314064.7 457826.3
     a cycle is over at the LATEST node's value; DES_WORK_MS 0 included
  ----------------------------------------------------------
  all events            n=24   avg  1763.39 ms  (HE   69.67 + net 1693.57)
  PEER-WAIT + WIRE      96.0 % of total step time
     (compare against the round-trip probe above: the excess is
      the peer's own HE work, not the link.)
  frames: tx=1577 rx=8707 retransmits=32
  authentication: HMAC-SHA256/128, 2.0 us per frame; 0 rejected (bad tag), 0 stale/replayed dropped, 11 epoch challenges
  rx queue: peak 16/64 frames
  plant check: 2 event reports rejected as physically impossible
     (these supervisors carry the plant: an impossible uncontrollable event is caught)
  !! 6 STEPS SKIPPED — each SKIP line above says why. Firing a
     step anyway would corrupt every supervisor downstream.
  injected frame loss: 10 %
  ----------------------------------------------------------
  homomorphic vs cleartext oracle : PASS — every encrypted bit matched
     (PASS certifies the cryptography: each node's encrypted bits
      match its own clear model for the events it applied. It does
      not certify the distributed run — read the skips for that.)
  distributed vs MONOLITHIC sup.  : off — this header has no monolithic supervisor
  safe halt                       : no — ran to completion
============================================================
@@RESULT {"node":5,"nodes":7,"family":"LOCAL MODULAR","data":"supervisor_data_fms.h","transport":"UDP/IP multicast (RFC 1112)","fingerprint":"04511541","supervisors":["S4"],"fired":{"local":0,"ctrl":16,"unctrl":8},"applied_for_peers":66,"skips":6,"impossible":2,"tx":1577,"rx":8707,"retx":32,"auth_bad":0,"replays":0,"challenges":11,"mac_us":1.97,"rxq_peak":16,"rxq_drops":0,"sync_wait_ms":35127.4,"oracle":"PASS","safe_halt":false,"halt_reason":"","cycle_end_ms":[79181.6,140038.8,204431.6,314064.7,457826.3],"rounds":5,"work_ms":0,"emu_scalarmul_ms":69.0,"loss_pct":10,"loss_seed":2010583743,"exit":1}
