2026-09-28T13:07:54.174513768Z des_container: node 5 of 7, LOCAL MODULAR, data supervisor_data_fms.h, transport UDP/IP multicast (RFC 1112)
2026-09-28T13:07:54.174592505Z des_container: EMULATING the ESP32 — every decryption takes at least 69.0 ms (DES_EMU_SCALARMUL_MS)
2026-09-28T13:07:54.174599209Z des_container: dropping 10 % of received frames, seed 2010583743 (DES_LOSS_SEED to replay)
2026-09-28T13:07:54.174601310Z 
2026-09-28T13:07:54.174603611Z ============================================================
2026-09-28T13:07:54.174605412Z   Distributed Homomorphic DES — generic engine
2026-09-28T13:07:54.174607313Z   node 5/7   family LOCAL MODULAR   7 supervisors   31 events
2026-09-28T13:07:54.174609314Z   data: supervisor_data_fms.h
2026-09-28T13:07:54.174611615Z ============================================================
2026-09-28T13:07:54.178893060Z --- event routing (DERIVED from the header, not hardcoded) ---
2026-09-28T13:07:54.178912269Z   event  ctrl  nodes      owner  class
2026-09-28T13:07:54.178918772Z   11     yes   1          1      local — no network
2026-09-28T13:07:54.178921774Z   12     no    1          1      local — no network
2026-09-28T13:07:54.178923674Z   21     yes   2          2      local — no network
2026-09-28T13:07:54.178924975Z   22     no    2          2      local — no network
2026-09-28T13:07:54.178926276Z   30     no    1 2 3 4 5 6 7  1      SHARED — needs network
2026-09-28T13:07:54.178927576Z   31     yes   1 2 3 4 5 6 7  1      SHARED — needs network
2026-09-28T13:07:54.178928877Z   32     no    1 2 3 4 5 6 7  1      SHARED — needs network
2026-09-28T13:07:54.178930077Z   33     yes   1 2 3 4 5 6 7  1      SHARED — needs network
2026-09-28T13:07:54.178931478Z   34     no    1 2 3 4 5 6 7  1      SHARED — needs network
2026-09-28T13:07:54.178932679Z   35     yes   1 2 3 4 5 6 7  1      SHARED — needs network
2026-09-28T13:07:54.178933979Z   36     no    1 2 3 4 5 6 7  1      SHARED — needs network
2026-09-28T13:07:54.178935180Z   37     yes   1 2 3 4 5 6 7  1      SHARED — needs network
2026-09-28T13:07:54.178936481Z   38     no    1 2 3 4 5 6 7  1      SHARED — needs network
2026-09-28T13:07:54.178937781Z   39     yes   1 2 3 4 5 6 7  1      SHARED — needs network
2026-09-28T13:07:54.178939182Z   41     yes   3          3      local — no network
2026-09-28T13:07:54.178940382Z   42     no    3          3      local — no network
2026-09-28T13:07:54.178941683Z   51     yes   4          4      local — no network
2026-09-28T13:07:54.178942884Z   52     no    4          4      local — no network
2026-09-28T13:07:54.178944084Z   53     yes   4          4      local — no network
2026-09-28T13:07:54.178945285Z   54     no    4          4      local — no network
2026-09-28T13:07:54.178946585Z   61     yes   5 6 7      5      SHARED — needs network
2026-09-28T13:07:54.178955990Z   63     yes   5 6 7      5      SHARED — needs network
2026-09-28T13:07:54.178957491Z   64     no    5 6 7      5      SHARED — needs network
2026-09-28T13:07:54.178958691Z   65     yes   5 6 7      5      SHARED — needs network
2026-09-28T13:07:54.178960192Z   66     no    5 6 7      5      SHARED — needs network
2026-09-28T13:07:54.178961392Z   71     yes   7          7      local — no network
2026-09-28T13:07:54.178962593Z   72     no    7          7      local — no network
2026-09-28T13:07:54.178963794Z   73     yes   7          7      local — no network
2026-09-28T13:07:54.178965094Z   74     no    7          7      local — no network
2026-09-28T13:07:54.178966395Z   81     yes   7          7      local — no network
2026-09-28T13:07:54.178967595Z   82     no    7          7      local — no network
2026-09-28T13:07:54.178968896Z   => 15/31 events shared; 16/31 need ZERO network traffic; 15 concern this node
2026-09-28T13:07:54.178970597Z   NOTE controllability was INFERRED from event labels (the header
2026-09-28T13:07:54.178972498Z        does not carry it). Check the 'ctrl' column above; if it is
2026-09-28T13:07:54.178973798Z        wrong, set DES_CONTROLLABLE_MASK explicitly.
2026-09-28T13:07:54.178977000Z 
2026-09-28T13:07:54.178978401Z [init] config fingerprint 04511541 — every node must print the same
2026-09-28T13:07:54.178979701Z 
2026-09-28T13:07:54.179101059Z [net] UDP multicast 239.192.7.1:5077  ttl=1  frame=44 B
2026-09-28T13:07:54.179110764Z --- crypto self-test ---
2026-09-28T13:07:54.181733717Z   Enc(0)->0 Enc(1)->1                PASS
2026-09-28T13:07:54.182581122Z   Enc(1)+Enc(1)->1 homomorphic OR   PASS
2026-09-28T13:07:54.183356692Z   Enc(0)+Enc(0)->0                  PASS
2026-09-28T13:07:54.183367197Z   curve secp192r1, ciphertext 50 B    PASS
2026-09-28T13:07:54.183567493Z   frame tag HMAC-SHA256/128: 2.0 us, 1-bit tamper caught  PASS
2026-09-28T13:07:54.183579899Z 
2026-09-28T13:07:54.183581699Z --- encrypting my supervisors' initial states ---
2026-09-28T13:07:54.183583600Z [load] S4         idx 4   44 states  15 constraining ev    2200 B ciphertext
2026-09-28T13:07:55.264821093Z [init] my keypair is mine alone; no ciphertext ever leaves this node
2026-09-28T13:07:55.264850107Z [init] my enablement: 11=1 12=1 21=1 22=1 30=0 31=1 32=0 33=1 34=0 35=1 36=0 37=1 38=0 39=1 41=1 42=1 51=1 52=1 53=1 54=1 61=0 63=0 64=0 65=0 66=0 71=1 72=1 73=1 74=1 81=1 82=1
2026-09-28T13:07:55.264852608Z 
2026-09-28T13:07:56.671311255Z [net] waiting for 6 peer(s)....... all present.
2026-09-28T13:07:58.176318977Z 
2026-09-28T13:07:58.176419925Z ============================================================
2026-09-28T13:07:58.176439634Z   RUN — SIM_SEQ driver — 5 cycles x 44 steps — LOCAL MODULAR
2026-09-28T13:07:58.176633127Z   columns: cN sNN = cycle/step of MY walk; · = a peer caused this
2026-09-28T13:07:58.176649335Z   'done at': run clock, common to all nodes; a cycle is over at the
2026-09-28T13:07:58.176659640Z   LATEST node's print, machine time (DES_WORK_MS 0) included
2026-09-28T13:07:58.176669244Z ============================================================
2026-09-28T13:07:58.176678749Z 
2026-09-28T13:07:58.176688053Z -- cycle 1/5 --
2026-09-28T13:08:03.712236753Z     ·     vote   31    YES to node 1          (seq 1)
2026-09-28T13:08:05.215635407Z     ·     vote   31    YES to node 1          (seq 1)
2026-09-28T13:08:06.716802594Z     ·     vote   31    YES to node 1          (seq 1)
2026-09-28T13:08:08.216892567Z     ·     vote   31    YES to node 1          (seq 1)
2026-09-28T13:08:09.759940474Z     ·     vote   31    YES to node 1          (seq 1)
2026-09-28T13:08:11.259250274Z     ·     vote   31    YES to node 1          (seq 1)
2026-09-28T13:08:12.761719683Z     ·     vote   31    YES to node 1          (seq 1)
2026-09-28T13:08:12.839642406Z     ·     apply  31        73.1 ms HE    1 dec  from node 1  (seq 1)
2026-09-28T13:08:14.564500865Z     ·     apply  32       145.5 ms HE    2 dec  from node 1  (seq 2)
2026-09-28T13:08:17.488375261Z     ·     vote   33    YES to node 1          (seq 3)
2026-09-28T13:08:18.978319583Z     ·     vote   33    YES to node 1          (seq 3)
2026-09-28T13:08:20.477838183Z     ·     vote   33    YES to node 1          (seq 3)
2026-09-28T13:08:20.555422244Z     ·     apply  33        71.9 ms HE    1 dec  from node 1  (seq 3)
2026-09-28T13:08:23.771089557Z     ·     apply  34       143.3 ms HE    2 dec  from node 1  (seq 4)
2026-09-28T13:08:26.704207768Z     ·     vote   35    YES to node 1          (seq 5)
2026-09-28T13:08:28.208319162Z     ·     vote   35    YES to node 1          (seq 5)
2026-09-28T13:08:29.715937312Z     ·     vote   35    YES to node 1          (seq 5)
2026-09-28T13:08:31.217605939Z     ·     vote   35    YES to node 1          (seq 5)
2026-09-28T13:08:32.767541322Z     ·     vote   35    YES to node 1          (seq 5)
2026-09-28T13:08:34.259258161Z     ·     vote   35    YES to node 1          (seq 5)
2026-09-28T13:08:35.760418746Z     ·     vote   35    YES to node 1          (seq 5)
2026-09-28T13:08:37.260948629Z     ·     vote   35    YES to node 1          (seq 5)
2026-09-28T13:08:37.335195396Z     ·     apply  35        71.9 ms HE    1 dec  from node 1  (seq 5)
2026-09-28T13:08:37.623236789Z     ·     apply  36       142.1 ms HE    2 dec  from node 1  (seq 6)
2026-09-28T13:08:42.054965480Z     ·     vote   39    YES to node 1          (seq 7)
2026-09-28T13:08:42.200202758Z     ·     apply  39       141.5 ms HE    2 dec  from node 1  (seq 7)
2026-09-28T13:08:45.277578726Z c1  s15  2pc    61        69.3 ms HE    1 dec  6 frames  + 3008.9 ms peer-wait  (seq 1)
2026-09-28T13:08:45.656716035Z     ·     apply  30        70.5 ms HE    1 dec  from node 1  (seq 8)
2026-09-28T13:08:52.087411762Z c1  s23  retry  65    no quorum after 4 tries — nothing applied anywhere
2026-09-28T13:08:55.207785950Z c1  s23  2pc    65        69.9 ms HE    1 dec  6 frames  + 3008.8 ms peer-wait  (seq 2)
2026-09-28T13:09:09.664981001Z c1  s24  notify 66        69.5 ms HE    1 dec  3 frames  + 3006.3 ms peer-wait  (seq 3)
2026-09-28T13:09:09.669923062Z     ·     vote   31    YES to node 1          (seq 9)
2026-09-28T13:09:09.742826287Z     ·     apply  31        69.6 ms HE    1 dec  from node 1  (seq 9)
2026-09-28T13:09:00.376795199Z     ·     apply  32        69.5 ms HE    1 dec  from node 1  (seq 10)
2026-09-28T13:09:03.378059563Z     ·     vote   35    YES to node 1          (seq 11)
2026-09-28T13:09:03.455403609Z     ·     apply  35        69.8 ms HE    1 dec  from node 1  (seq 11)
2026-09-28T13:09:05.106850710Z     ·     apply  36        69.8 ms HE    1 dec  from node 1  (seq 12)
2026-09-28T13:09:05.560562642Z c1  s35  2pc    61        69.7 ms HE    1 dec  6 frames  + 6.6 ms peer-wait  (seq 4)
2026-09-28T13:09:08.185853708Z     ·     vote   33    YES to node 1          (seq 13)
2026-09-28T13:09:09.682551056Z     ·     vote   33    YES to node 1          (seq 13)
2026-09-28T13:09:11.181763810Z     ·     vote   33    YES to node 1          (seq 13)
2026-09-28T13:09:12.733641921Z     ·     vote   33    YES to node 1          (seq 13)
2026-09-28T13:09:12.805827603Z     ·     apply  33        69.8 ms HE    1 dec  from node 1  (seq 13)
2026-09-28T13:09:17.437395686Z     ·     apply  34        69.6 ms HE    1 dec  from node 1  (seq 14)
2026-09-28T13:09:17.444529293Z     ·     vote   37    YES to node 1          (seq 15)
2026-09-28T13:09:18.943392971Z     ·     vote   37    YES to node 1          (seq 15)
2026-09-28T13:09:19.015346542Z     ·     apply  37        69.5 ms HE    1 dec  from node 1  (seq 15)
2026-09-28T13:09:20.664479811Z     ·     apply  38        69.3 ms HE    1 dec  from node 1  (seq 16)
2026-09-28T13:09:20.742771710Z c1  s42  2pc    63        69.3 ms HE    1 dec  6 frames  + 4.7 ms peer-wait  (seq 5)
2026-09-28T13:09:22.318053301Z c1  s43  notify 64        69.2 ms HE    1 dec  3 frames  + 1503.3 ms peer-wait  (seq 6)
2026-09-28T13:09:22.318121634Z -- cycle 1/5 done at 79181.6 ms --
2026-09-28T13:09:22.318135940Z 
2026-09-28T13:09:22.318146445Z -- cycle 2/5 --
2026-09-28T13:09:34.813493511Z     ·     vote   31    YES to node 1          (seq 17)
2026-09-28T13:09:23.879545532Z     ·     apply  31        75.2 ms HE    1 dec  from node 1  (seq 17)
2026-09-28T13:09:25.527242315Z     ·     apply  32        71.2 ms HE    1 dec  from node 1  (seq 18)
2026-09-28T13:09:28.525915141Z     ·     vote   33    YES to node 1          (seq 19)
2026-09-28T13:09:30.029402246Z     ·     vote   33    YES to node 1          (seq 19)
2026-09-28T13:09:31.674481478Z     ·     apply  33        70.1 ms HE    1 dec  from node 1  (seq 19)
2026-09-28T13:09:31.749537632Z     ·     apply  34        69.7 ms HE    1 dec  from node 1  (seq 20)
2026-09-28T13:09:34.741724855Z     ·     vote   35    YES to node 1          (seq 21)
2026-09-28T13:09:36.242990290Z     ·     vote   35    YES to node 1          (seq 21)
2026-09-28T13:09:39.242502185Z     ·     vote   35    YES to node 1          (seq 21)
2026-09-28T13:09:39.314401930Z     ·     apply  35        69.5 ms HE    1 dec  from node 1  (seq 21)
2026-09-28T13:09:42.384729685Z     ·     apply  36        69.7 ms HE    1 dec  from node 1  (seq 22)
2026-09-28T13:09:42.698815720Z     ·     vote   39    YES to node 1          (seq 23)
2026-09-28T13:09:44.195565107Z     ·     vote   39    YES to node 1          (seq 23)
2026-09-28T13:09:45.695775737Z     ·     vote   39    YES to node 1          (seq 23)
2026-09-28T13:09:47.197210253Z     ·     vote   39    YES to node 1          (seq 23)
2026-09-28T13:09:59.759276533Z     ·     vote   39    YES to node 1          (seq 23)
2026-09-28T13:09:59.832114627Z     ·     apply  39        70.0 ms HE    1 dec  from node 1  (seq 23)
2026-09-28T13:09:50.404897887Z c2  s15  2pc    61        69.4 ms HE    1 dec  6 frames  + 1509.6 ms peer-wait  (seq 7)
2026-09-28T13:09:51.892635460Z     ·     apply  30        70.0 ms HE    1 dec  from node 1  (seq 24)
2026-09-28T13:09:52.392418399Z c2  s23  2pc    65        69.8 ms HE    1 dec  6 frames  + 5.5 ms peer-wait  (seq 8)
2026-09-28T13:09:53.966456246Z c2  s24  notify 66        69.9 ms HE    1 dec  3 frames  + 1503.8 ms peer-wait  (seq 9)
2026-09-28T13:09:55.028881852Z     ·     vote   31    YES to node 1          (seq 25)
2026-09-28T13:09:56.529400430Z     ·     vote   31    YES to node 1          (seq 25)
2026-09-28T13:09:56.604487598Z     ·     apply  31        70.1 ms HE    1 dec  from node 1  (seq 25)
2026-09-28T13:09:59.673646397Z     ·     apply  32        70.0 ms HE    1 dec  from node 1  (seq 26)
2026-09-28T13:10:04.175020843Z     ·     vote   35    YES to node 1          (seq 27)
2026-09-28T13:10:04.247813815Z     ·     apply  35        69.9 ms HE    1 dec  from node 1  (seq 27)
2026-09-28T13:10:07.321004238Z     ·     apply  36        69.8 ms HE    1 dec  from node 1  (seq 28)
2026-09-28T13:10:13.407291471Z c2  s35  2pc    61        69.7 ms HE    1 dec  6 frames  + 6010.1 ms peer-wait  (seq 10)
2026-09-28T13:10:13.484244230Z     ·     vote   33    YES to node 1          (seq 29)
2026-09-28T13:10:13.559332899Z     ·     apply  33        70.2 ms HE    1 dec  from node 1  (seq 29)
2026-09-28T13:10:18.120909242Z     ·     apply  34        70.1 ms HE    1 dec  from node 1  (seq 30)
2026-09-28T13:10:18.267801811Z     ·     vote   37    YES to node 1          (seq 31)
2026-09-28T13:10:19.768091507Z     ·     vote   37    YES to node 1          (seq 31)
2026-09-28T13:10:19.840431663Z     ·     apply  37        69.7 ms HE    1 dec  from node 1  (seq 31)
2026-09-28T13:10:19.917869954Z     ·     apply  38        69.8 ms HE    1 dec  from node 1  (seq 32)
2026-09-28T13:10:23.002417902Z c2  s42  2pc    63        69.9 ms HE    1 dec  6 frames  + 3009.5 ms peer-wait  (seq 11)
2026-09-28T13:10:23.146212390Z c2  s43  notify 64        69.8 ms HE    1 dec  3 frames  + 1.8 ms peer-wait  (seq 12)
2026-09-28T13:10:23.146300633Z -- cycle 2/5 done at 140038.8 ms --
2026-09-28T13:10:23.146322543Z 
2026-09-28T13:10:23.146334849Z -- cycle 3/5 --
2026-09-28T13:10:23.453627539Z     ·     vote   31    YES to node 1          (seq 33)
2026-09-28T13:10:23.527240502Z     ·     apply  31        69.8 ms HE    1 dec  from node 1  (seq 33)
2026-09-28T13:10:26.605573109Z     ·     apply  32        70.4 ms HE    1 dec  from node 1  (seq 34)
2026-09-28T13:10:30.044194068Z     ·     vote   33    YES to node 1          (seq 35)
2026-09-28T13:10:31.545320736Z     ·     vote   33    YES to node 1          (seq 35)
2026-09-28T13:10:33.099129070Z     ·     vote   33    YES to node 1          (seq 35)
2026-09-28T13:10:33.173865470Z     ·     apply  33        70.2 ms HE    1 dec  from node 1  (seq 35)
2026-09-28T13:10:33.249765827Z     ·     apply  34        69.9 ms HE    1 dec  from node 1  (seq 36)
2026-09-28T13:10:33.559811031Z     ·     vote   35    YES to node 1          (seq 37)
2026-09-28T13:10:35.054042970Z     ·     vote   35    YES to node 1          (seq 37)
2026-09-28T13:10:35.128650108Z     ·     apply  35        70.1 ms HE    1 dec  from node 1  (seq 37)
2026-09-28T13:10:35.511017960Z     ·     apply  36        69.8 ms HE    1 dec  from node 1  (seq 38)
2026-09-28T13:10:38.588530047Z     ·     vote   39    YES to node 1          (seq 39)
2026-09-28T13:10:40.085941372Z     ·     vote   39    YES to node 1          (seq 39)
2026-09-28T13:10:40.162052329Z     ·     apply  39        69.8 ms HE    1 dec  from node 1  (seq 39)
2026-09-28T13:10:46.625476516Z c3  s15  2pc    61        69.8 ms HE    1 dec  6 frames  + 4510.0 ms peer-wait  (seq 13)
2026-09-28T13:10:46.698608150Z     ·     apply  30        70.0 ms HE    1 dec  from node 1  (seq 40)
2026-09-28T13:10:51.699857462Z c3  s23  2pc    65        69.7 ms HE    1 dec  6 frames  + 4506.5 ms peer-wait  (seq 14)
2026-09-28T13:10:51.771797227Z c3  s24  notify 66        69.9 ms HE    1 dec  3 frames  + 2.0 ms peer-wait  (seq 15)
2026-09-28T13:10:51.777603300Z     ·     vote   31    YES to node 1          (seq 41)
2026-09-28T13:10:53.278862232Z     ·     vote   31    YES to node 1          (seq 41)
2026-09-28T13:10:53.353749304Z     ·     apply  31        69.8 ms HE    1 dec  from node 1  (seq 41)
2026-09-28T13:10:54.987551963Z     ·     apply  32        70.1 ms HE    1 dec  from node 1  (seq 42)
2026-09-28T13:10:56.494816663Z     ·     vote   35    YES to node 1          (seq 43)
2026-09-28T13:10:57.993398216Z     ·     vote   35    YES to node 1          (seq 43)
2026-09-28T13:10:59.487201223Z     ·     vote   35    YES to node 1          (seq 43)
2026-09-28T13:11:00.991845171Z     ·     vote   35    YES to node 1          (seq 43)
2026-09-28T13:11:02.543081076Z     ·     vote   35    YES to node 1          (seq 43)
2026-09-28T13:11:04.186653498Z     ·     apply  35        69.4 ms HE    1 dec  from node 1  (seq 43)
2026-09-28T13:11:05.688619067Z     ·     apply  36        70.4 ms HE    1 dec  from node 1  (seq 44)
2026-09-28T13:11:05.769654777Z c3  s35  2pc    61        69.9 ms HE    1 dec  6 frames  + 6.5 ms peer-wait  (seq 16)
2026-09-28T13:11:10.185992153Z     ·     vote   33    YES to node 1          (seq 45)
2026-09-28T13:11:11.688639706Z     ·     vote   33    YES to node 1          (seq 45)
2026-09-28T13:11:13.186905791Z     ·     vote   33    YES to node 1          (seq 45)
2026-09-28T13:11:14.261279630Z     ·     vote   33    YES to node 1          (seq 45)
2026-09-28T13:11:14.335154118Z     ·     apply  33        69.7 ms HE    1 dec  from node 1  (seq 45)
2026-09-28T13:11:17.406726468Z     ·     apply  34        69.8 ms HE    1 dec  from node 1  (seq 46)
2026-09-28T13:11:20.477856932Z     ·     vote   37    YES to node 1          (seq 47)
2026-09-28T13:11:20.552071383Z     ·     apply  37        69.7 ms HE    1 dec  from node 1  (seq 47)
2026-09-28T13:11:25.121724011Z     ·     apply  38        70.0 ms HE    1 dec  from node 1  (seq 48)
2026-09-28T13:11:27.004217153Z c3  s42  2pc    63        69.7 ms HE    1 dec  6 frames  + 1506.7 ms peer-wait  (seq 17)
2026-09-28T13:11:27.080601541Z c3  s43  notify 64        69.5 ms HE    1 dec  3 frames  + 2.0 ms peer-wait  (seq 18)
2026-09-28T13:11:27.080717396Z -- cycle 3/5 done at 204431.6 ms --
2026-09-28T13:11:27.080744809Z 
2026-09-28T13:11:27.080763518Z -- cycle 4/5 --
2026-09-28T13:11:28.262740333Z     ·     vote   31    YES to node 1          (seq 49)
2026-09-28T13:11:29.759384007Z     ·     vote   31    YES to node 1          (seq 49)
2026-09-28T13:11:31.262337548Z     ·     vote   31    YES to node 1          (seq 49)
2026-09-28T13:11:32.763207694Z     ·     vote   31    YES to node 1          (seq 49)
2026-09-28T13:11:32.836685793Z     ·     apply  31        69.9 ms HE    1 dec  from node 1  (seq 49)
2026-09-28T13:11:35.908003382Z     ·     apply  32        69.5 ms HE    1 dec  from node 1  (seq 50)
2026-09-28T13:11:37.412470346Z     ·     vote   33    YES to node 1          (seq 51)
2026-09-28T13:11:38.915788060Z     ·     vote   33    YES to node 1          (seq 51)
2026-09-28T13:11:40.416607207Z     ·     vote   33    YES to node 1          (seq 51)
2026-09-28T13:11:41.916408842Z     ·     vote   33    YES to node 1          (seq 51)
2026-09-28T13:11:43.466685288Z     ·     vote   33    YES to node 1          (seq 51)
2026-09-28T13:11:44.969563680Z     ·     vote   33    YES to node 1          (seq 51)
2026-09-28T13:11:45.042902013Z     ·     apply  33        69.7 ms HE    1 dec  from node 1  (seq 51)
2026-09-28T13:11:45.117878928Z     ·     apply  34        69.8 ms HE    1 dec  from node 1  (seq 52)
2026-09-28T13:11:48.118178431Z     ·     vote   35    YES to node 1          (seq 53)
2026-09-28T13:11:49.621028005Z     ·     vote   35    YES to node 1          (seq 53)
2026-09-28T13:11:51.124013561Z     ·     vote   35    YES to node 1          (seq 53)
2026-09-28T13:11:52.623542966Z     ·     vote   35    YES to node 1          (seq 53)
2026-09-28T13:12:05.173087406Z     ·     vote   35    YES to node 1          (seq 53)
2026-09-28T13:11:55.665798449Z     ·     vote   35    YES to node 1          (seq 53)
2026-09-28T13:11:57.164828216Z     ·     vote   35    YES to node 1          (seq 53)
2026-09-28T13:11:58.666616600Z     ·     vote   35    YES to node 1          (seq 53)
2026-09-28T13:12:00.222288879Z     ·     skip   35    node 1 gave up on it — moving on too  (occ 7)
2026-09-28T13:12:00.370227347Z     ·     skip   36    node 1 gave up on it — moving on too  (occ 7)
2026-09-28T13:12:00.378240875Z     ·     vote   39    YES to node 1          (seq 53)
2026-09-28T13:12:00.454451780Z     ·     apply  39        70.2 ms HE    1 dec  from node 1  (seq 53)
2026-09-28T13:12:10.452729300Z c4  s15  SKIP   61    my own supervisor disables it here
2026-09-28T13:12:10.531464511Z     ·     apply  30        69.8 ms HE    1 dec  from node 1  (seq 54)
2026-09-28T13:12:20.946250517Z c4  s23  SKIP   65    my own supervisor disables it here
2026-09-28T13:12:20.953613034Z c4  s24  [!!]   66    IMPOSSIBLE — uncontrollable, but no machine could produce it from here; rejected (sensor fault or attack?)
2026-09-28T13:12:20.953734092Z c4  s24  SKIP   66    physically impossible here — rejected
2026-09-28T13:12:21.265774650Z     ·     vote   31    YES to node 1          (seq 55)
2026-09-28T13:12:22.765115465Z     ·     vote   31    YES to node 1          (seq 55)
2026-09-28T13:12:24.318405557Z     ·     vote   31    YES to node 1          (seq 55)
2026-09-28T13:12:24.421469689Z     ·     vote   31    YES to node 1          (seq 55)
2026-09-28T13:12:25.923597936Z     ·     vote   31    YES to node 1          (seq 55)
2026-09-28T13:12:26.126952776Z     ·     vote   31    YES to node 1          (seq 55)
2026-09-28T13:12:27.628150478Z     ·     vote   31    YES to node 1          (seq 55)
2026-09-28T13:12:40.137116211Z     ·     vote   31    YES to node 1          (seq 55)
2026-09-28T13:12:29.528082504Z     ·     vote   31    YES to node 1          (seq 55)
2026-09-28T13:12:30.334851387Z     ·     vote   31    YES to node 1          (seq 55)
2026-09-28T13:12:31.340604521Z     ·     skip   31    node 1 gave up on it — moving on too  (occ 8)
2026-09-28T13:12:31.347039996Z     ·     skip   32    node 1 gave up on it — moving on too  (occ 8)
2026-09-28T13:12:41.365281932Z     ·     vote   35    YES to node 1          (seq 55)
2026-09-28T13:12:41.439890271Z     ·     apply  35        71.8 ms HE    1 dec  from node 1  (seq 55)
2026-09-28T13:12:43.014329860Z     ·     apply  36        70.0 ms HE    1 dec  from node 1  (seq 56)
2026-09-28T13:12:43.397239071Z c4  s35  2pc    61        69.8 ms HE    1 dec  6 frames  + 6.0 ms peer-wait  (seq 19)
2026-09-28T13:12:46.005041881Z     ·     vote   33    YES to node 1          (seq 57)
2026-09-28T13:12:47.508700858Z     ·     vote   33    YES to node 1          (seq 57)
2026-09-28T13:13:00.154847002Z     ·     apply  33        69.3 ms HE    1 dec  from node 1  (seq 57)
2026-09-28T13:12:50.659153436Z     ·     apply  34        69.9 ms HE    1 dec  from node 1  (seq 58)
2026-09-28T13:12:53.665616884Z     ·     vote   37    YES to node 1          (seq 59)
2026-09-28T13:12:55.154826037Z     ·     vote   37    YES to node 1          (seq 59)
2026-09-28T13:12:56.656735679Z     ·     vote   37    YES to node 1          (seq 59)
2026-09-28T13:12:59.703625515Z     ·     vote   37    YES to node 1          (seq 59)
2026-09-28T13:13:01.202737120Z     ·     vote   37    YES to node 1          (seq 59)
2026-09-28T13:13:05.751767727Z     ·     skip   37    node 1 gave up on it — moving on too  (occ 4)
2026-09-28T13:13:06.062250141Z     ·     skip   38    node 1 gave up on it — moving on too  (occ 4)
2026-09-28T13:13:06.070151815Z c4  s42  veto   63    a peer's supervisor disables it here  (4.7 ms)
2026-09-28T13:13:16.666880301Z c4  s42  veto   63    refused 7 more times over 10.6 s, giving up
2026-09-28T13:13:16.667005061Z c4  s42  SKIP   63    a PEER's supervisor kept vetoing it
2026-09-28T13:13:16.673158600Z c4  s43  [!!]   64    IMPOSSIBLE — uncontrollable, but no machine could produce it from here; rejected (sensor fault or attack?)
2026-09-28T13:13:16.674335663Z c4  s43  SKIP   64    physically impossible here — rejected
2026-09-28T13:13:16.674428007Z -- cycle 4/5 done at 314064.7 ms --
2026-09-28T13:13:16.674456420Z 
2026-09-28T13:13:16.674475129Z -- cycle 5/5 --
2026-09-28T13:13:16.679740244Z     ·     vote   31    YES to node 1          (seq 59)
2026-09-28T13:13:18.180168979Z     ·     vote   31    YES to node 1          (seq 59)
2026-09-28T13:13:18.256202800Z     ·     apply  31        69.9 ms HE    1 dec  from node 1  (seq 59)
2026-09-28T13:13:21.323846399Z     ·     apply  32        69.8 ms HE    1 dec  from node 1  (seq 60)
2026-09-28T13:13:21.472513615Z     ·     vote   33    YES to node 1          (seq 61)
2026-09-28T13:13:22.971965883Z     ·     vote   33    YES to node 1          (seq 61)
2026-09-28T13:13:25.965775149Z     ·     vote   33    YES to node 1          (seq 61)
2026-09-28T13:13:27.513957795Z     ·     vote   33    YES to node 1          (seq 61)
2026-09-28T13:13:29.015669643Z     ·     vote   33    YES to node 1          (seq 61)
2026-09-28T13:13:29.070871512Z     ·     vote   33    YES to node 1          (seq 61)
2026-09-28T13:13:29.176679455Z     ·     vote   33    YES to node 1          (seq 61)
2026-09-28T13:13:40.388067562Z     ·     vote   33    YES to node 1          (seq 61)
2026-09-28T13:13:30.881098856Z     ·     vote   33    YES to node 1          (seq 61)
2026-09-28T13:13:33.886208657Z     ·     vote   33    YES to node 1          (seq 61)
2026-09-28T13:13:35.440403256Z     ·     skip   33    node 1 gave up on it — moving on too  (occ 9)
2026-09-28T13:13:35.749278701Z     ·     skip   34    node 1 gave up on it — moving on too  (occ 9)
2026-09-28T13:13:36.055097987Z     ·     vote   35    YES to node 1          (seq 61)
2026-09-28T13:13:37.556832246Z     ·     vote   35    YES to node 1          (seq 61)
2026-09-28T13:13:39.059450926Z     ·     vote   35    YES to node 1          (seq 61)
2026-09-28T13:13:39.134593921Z     ·     apply  35        69.9 ms HE    1 dec  from node 1  (seq 61)
2026-09-28T13:13:50.767473871Z     ·     apply  36        69.9 ms HE    1 dec  from node 1  (seq 62)
2026-09-28T13:13:52.196324914Z     ·     vote   39    YES to node 1          (seq 63)
2026-09-28T13:13:53.698234657Z     ·     vote   39    YES to node 1          (seq 63)
2026-09-28T13:13:55.201329929Z     ·     vote   39    YES to node 1          (seq 63)
2026-09-28T13:13:55.254570361Z     ·     vote   39    YES to node 1          (seq 63)
2026-09-28T13:13:55.359505888Z     ·     vote   39    YES to node 1          (seq 63)
2026-09-28T13:13:56.860750012Z     ·     vote   39    YES to node 1          (seq 63)
2026-09-28T13:13:58.358852535Z     ·     vote   39    YES to node 1          (seq 63)
2026-09-28T13:13:59.865440205Z     ·     vote   39    YES to node 1          (seq 63)
2026-09-28T13:14:00.070920760Z     ·     vote   39    YES to node 1          (seq 63)
2026-09-28T13:14:01.568989467Z     ·     vote   39    YES to node 1          (seq 63)
2026-09-28T13:14:03.474189256Z     ·     vote   39    YES to node 1          (seq 63)
2026-09-28T13:14:04.970779764Z     ·     vote   39    YES to node 1          (seq 63)
2026-09-28T13:14:06.472113331Z     ·     vote   39    YES to node 1          (seq 63)
2026-09-28T13:14:07.275422861Z     ·     skip   39    node 1 gave up on it — moving on too  (occ 5)
2026-09-28T13:14:17.269193271Z c5  s15  SKIP   61    my own supervisor disables it here
2026-09-28T13:14:17.579570434Z     ·     skip   30    node 1 gave up on it — moving on too  (occ 5)
2026-09-28T13:14:27.583886637Z c5  s23  sync   65    waiting for peers to reach this step (10 s)
2026-09-28T13:14:37.582176673Z c5  s23  sync   65    waiting for peers to reach this step (20 s)
2026-09-28T13:14:47.597154949Z c5  s23  sync   65    waiting for peers to reach this step (30 s)
2026-09-28T13:14:49.180546414Z c5  s23  2pc    65        69.8 ms HE    1 dec  6 frames  + 1509.2 ms peer-wait  (seq 20)
2026-09-28T13:14:49.322970448Z c5  s24  notify 66        69.5 ms HE    1 dec  3 frames  + 1.7 ms peer-wait  (seq 21)
2026-09-28T13:14:49.330726353Z     ·     vote   31    YES to node 1          (seq 63)
2026-09-28T13:14:50.955553359Z     ·     apply  31        70.0 ms HE    1 dec  from node 1  (seq 63)
2026-09-28T13:14:52.454996423Z     ·     apply  32        69.9 ms HE    1 dec  from node 1  (seq 64)
2026-09-28T13:14:55.454660682Z     ·     vote   35    NO  to node 1          (seq 65)
2026-09-28T13:14:56.955472099Z     ·     vote   35    NO  to node 1          (seq 65)
2026-09-28T13:14:58.456059910Z     ·     vote   35    NO  to node 1          (seq 65)
2026-09-28T13:14:59.955530083Z     ·     vote   35    NO  to node 1          (seq 65)
2026-09-28T13:15:00.010597688Z     ·     vote   35    NO  to node 1          (seq 65)
2026-09-28T13:15:01.512024900Z     ·     vote   35    NO  to node 1          (seq 65)
2026-09-28T13:15:01.615589071Z     ·     vote   35    NO  to node 1          (seq 65)
2026-09-28T13:15:01.822092315Z     ·     vote   35    NO  to node 1          (seq 65)
2026-09-28T13:15:03.319383951Z     ·     vote   35    NO  to node 1          (seq 65)
2026-09-28T13:15:04.811039131Z     ·     vote   35    NO  to node 1          (seq 65)
2026-09-28T13:15:06.312653432Z     ·     vote   35    NO  to node 1          (seq 65)
2026-09-28T13:15:07.864804874Z     ·     skip   35    node 1 gave up on it — moving on too  (occ 10)
2026-09-28T13:15:08.170812550Z     ·     skip   36    node 1 gave up on it — moving on too  (occ 10)
2026-09-28T13:15:09.756982281Z c5  s35  2pc    61        69.5 ms HE    1 dec  6 frames  + 1508.6 ms peer-wait  (seq 22)
2026-09-28T13:15:12.833317506Z     ·     vote   33    YES to node 1          (seq 65)
2026-09-28T13:15:12.889178590Z     ·     vote   33    YES to node 1          (seq 65)
2026-09-28T13:15:12.993109236Z     ·     vote   33    YES to node 1          (seq 65)
2026-09-28T13:15:25.496403758Z     ·     vote   33    YES to node 1          (seq 65)
2026-09-28T13:15:14.697782361Z     ·     vote   33    YES to node 1          (seq 65)
2026-09-28T13:15:16.196194933Z     ·     vote   33    YES to node 1          (seq 65)
2026-09-28T13:15:17.697118804Z     ·     vote   33    YES to node 1          (seq 65)
2026-09-28T13:15:19.197433384Z     ·     vote   33    YES to node 1          (seq 65)
2026-09-28T13:15:20.749050156Z     ·     skip   33    node 1 gave up on it — moving on too  (occ 10)
2026-09-28T13:15:21.059290054Z     ·     skip   34    node 1 gave up on it — moving on too  (occ 10)
2026-09-28T13:15:31.067847577Z     ·     vote   37    YES to node 1          (seq 65)
2026-09-28T13:15:32.569962417Z     ·     vote   37    YES to node 1          (seq 65)
2026-09-28T13:15:32.643073041Z     ·     apply  37        69.9 ms HE    1 dec  from node 1  (seq 65)
2026-09-28T13:15:35.714459716Z     ·     apply  38        69.9 ms HE    1 dec  from node 1  (seq 66)
2026-09-28T13:15:35.796172649Z c5  s42  2pc    63        69.7 ms HE    1 dec  6 frames  + 6.8 ms peer-wait  (seq 23)
2026-09-28T13:15:40.355481477Z c5  s43  notify 64        69.8 ms HE    1 dec  3 frames  + 4500.8 ms peer-wait  (seq 24)
2026-09-28T13:15:40.355573821Z -- cycle 5/5 done at 457826.3 ms --
2026-09-28T13:15:40.355587728Z 
2026-09-28T13:15:40.355595532Z ============================================================
2026-09-28T13:15:40.355602535Z   SUMMARY — node 5/7 — LOCAL MODULAR — UDP/IP multicast (RFC 1112)
2026-09-28T13:15:40.355610139Z ============================================================
2026-09-28T13:15:40.355617042Z   events this node FIRED:
2026-09-28T13:15:40.355623345Z   local (no network)           (none on this node)
2026-09-28T13:15:40.355629948Z   shared controllable    n=16   avg  1952.58 ms  (HE   69.68 + net 1882.75)  min   73.94  max  6080.02   73.8%
2026-09-28T13:15:40.355636551Z   shared uncontroll.     n=8    avg  1385.01 ms  (HE   69.65 + net 1315.20)  min   71.35  max  4570.76   26.2%
2026-09-28T13:15:40.355643154Z   events this node APPLIED for a peer (participant side):
2026-09-28T13:15:40.355649457Z   shared, applied        n=66   avg    74.54 ms  (HE   74.54 + net    0.00)  min   69.27  max   145.53
2026-09-28T13:15:40.355655961Z   sync-wait (peers reaching a shared step): n=30 avg 1170.91 ms, 35.1 s total
2026-09-28T13:15:40.355662464Z      not protocol cost — the plant catching up; kept out of the rows above
2026-09-28T13:15:40.355669267Z   run clock, end of cycles 1..5 (ms): 79181.6 140038.8 204431.6 314064.7 457826.3
2026-09-28T13:15:40.355675970Z      a cycle is over at the LATEST node's value; DES_WORK_MS 0 included
2026-09-28T13:15:40.355682773Z   ----------------------------------------------------------
2026-09-28T13:15:40.355689577Z   all events            n=24   avg  1763.39 ms  (HE   69.67 + net 1693.57)
2026-09-28T13:15:40.355696380Z   PEER-WAIT + WIRE      96.0 % of total step time
2026-09-28T13:15:40.355702783Z      (compare against the round-trip probe above: the excess is
2026-09-28T13:15:40.355709086Z       the peer's own HE work, not the link.)
2026-09-28T13:15:40.355715289Z   frames: tx=1577 rx=8707 retransmits=32
2026-09-28T13:15:40.355721892Z   authentication: HMAC-SHA256/128, 2.0 us per frame; 0 rejected (bad tag), 0 stale/replayed dropped, 11 epoch challenges
2026-09-28T13:15:40.355728695Z   rx queue: peak 16/64 frames
2026-09-28T13:15:40.355735098Z   plant check: 2 event reports rejected as physically impossible
2026-09-28T13:15:40.355808133Z      (these supervisors carry the plant: an impossible uncontrollable event is caught)
2026-09-28T13:15:40.355814436Z   !! 6 STEPS SKIPPED — each SKIP line above says why. Firing a
2026-09-28T13:15:40.355819339Z      step anyway would corrupt every supervisor downstream.
2026-09-28T13:15:40.355824241Z   injected frame loss: 10 %
2026-09-28T13:15:40.355828643Z   ----------------------------------------------------------
2026-09-28T13:15:40.355833545Z   homomorphic vs cleartext oracle : PASS — every encrypted bit matched
2026-09-28T13:15:40.355843450Z      (PASS certifies the cryptography: each node's encrypted bits
2026-09-28T13:15:40.355848552Z       match its own clear model for the events it applied. It does
2026-09-28T13:15:40.355853255Z       not certify the distributed run — read the skips for that.)
2026-09-28T13:15:40.355857857Z   distributed vs MONOLITHIC sup.  : off — this header has no monolithic supervisor
2026-09-28T13:15:40.355862659Z   safe halt                       : no — ran to completion
2026-09-28T13:15:40.355873865Z ============================================================
2026-09-28T13:15:50.369657704Z @@RESULT {"node":5,"nodes":7,"family":"LOCAL MODULAR","data":"supervisor_data_fms.h","transport":"UDP/IP multicast (RFC 1112)","fingerprint":"04511541","supervisors":["S4"],"fired":{"local":0,"ctrl":16,"unctrl":8},"applied_for_peers":66,"skips":6,"impossible":2,"tx":1577,"rx":8707,"retx":32,"auth_bad":0,"replays":0,"challenges":11,"mac_us":1.97,"rxq_peak":16,"rxq_drops":0,"sync_wait_ms":35127.4,"oracle":"PASS","safe_halt":false,"halt_reason":"","cycle_end_ms":[79181.6,140038.8,204431.6,314064.7,457826.3],"rounds":5,"work_ms":0,"emu_scalarmul_ms":69.0,"loss_pct":10,"loss_seed":2010583743,"exit":1}
