2026-09-28T13:07:53.772409188Z des_container: node 1 of 7, LOCAL MODULAR, data supervisor_data_fms.h, transport UDP/IP multicast (RFC 1112)
2026-09-28T13:07:53.772630894Z des_container: EMULATING the ESP32 — every decryption takes at least 69.0 ms (DES_EMU_SCALARMUL_MS)
2026-09-28T13:07:53.772639198Z des_container: dropping 10 % of received frames, seed 3668100395 (DES_LOSS_SEED to replay)
2026-09-28T13:07:53.772641099Z 
2026-09-28T13:07:53.772642399Z ============================================================
2026-09-28T13:07:53.772643700Z   Distributed Homomorphic DES — generic engine
2026-09-28T13:07:53.772645001Z   node 1/7   family LOCAL MODULAR   7 supervisors   31 events
2026-09-28T13:07:53.772646301Z   data: supervisor_data_fms.h
2026-09-28T13:07:53.772647602Z ============================================================
2026-09-28T13:07:53.780285150Z --- event routing (DERIVED from the header, not hardcoded) ---
2026-09-28T13:07:53.780304559Z   event  ctrl  nodes      owner  class
2026-09-28T13:07:53.780307661Z   11     yes   1          1      local — no network
2026-09-28T13:07:53.780310262Z   12     no    1          1      local — no network
2026-09-28T13:07:53.780312363Z   21     yes   2          2      local — no network
2026-09-28T13:07:53.780314464Z   22     no    2          2      local — no network
2026-09-28T13:07:53.780316565Z   30     no    1 2 3 4 5 6 7  1      SHARED — needs network
2026-09-28T13:07:53.780318666Z   31     yes   1 2 3 4 5 6 7  1      SHARED — needs network
2026-09-28T13:07:53.780320867Z   32     no    1 2 3 4 5 6 7  1      SHARED — needs network
2026-09-28T13:07:53.780323068Z   33     yes   1 2 3 4 5 6 7  1      SHARED — needs network
2026-09-28T13:07:53.780325169Z   34     no    1 2 3 4 5 6 7  1      SHARED — needs network
2026-09-28T13:07:53.780327470Z   35     yes   1 2 3 4 5 6 7  1      SHARED — needs network
2026-09-28T13:07:53.780329471Z   36     no    1 2 3 4 5 6 7  1      SHARED — needs network
2026-09-28T13:07:53.780331472Z   37     yes   1 2 3 4 5 6 7  1      SHARED — needs network
2026-09-28T13:07:53.780333573Z   38     no    1 2 3 4 5 6 7  1      SHARED — needs network
2026-09-28T13:07:53.780335574Z   39     yes   1 2 3 4 5 6 7  1      SHARED — needs network
2026-09-28T13:07:53.780337575Z   41     yes   3          3      local — no network
2026-09-28T13:07:53.780339476Z   42     no    3          3      local — no network
2026-09-28T13:07:53.780341377Z   51     yes   4          4      local — no network
2026-09-28T13:07:53.780343278Z   52     no    4          4      local — no network
2026-09-28T13:07:53.780345079Z   53     yes   4          4      local — no network
2026-09-28T13:07:53.780347180Z   54     no    4          4      local — no network
2026-09-28T13:07:53.780349581Z   61     yes   5 6 7      5      SHARED — needs network
2026-09-28T13:07:53.780432420Z   63     yes   5 6 7      5      SHARED — needs network
2026-09-28T13:07:53.780438023Z   64     no    5 6 7      5      SHARED — needs network
2026-09-28T13:07:53.780479243Z   65     yes   5 6 7      5      SHARED — needs network
2026-09-28T13:07:53.780483245Z   66     no    5 6 7      5      SHARED — needs network
2026-09-28T13:07:53.780486146Z   71     yes   7          7      local — no network
2026-09-28T13:07:53.780488147Z   72     no    7          7      local — no network
2026-09-28T13:07:53.780490248Z   73     yes   7          7      local — no network
2026-09-28T13:07:53.780492349Z   74     no    7          7      local — no network
2026-09-28T13:07:53.780494450Z   81     yes   7          7      local — no network
2026-09-28T13:07:53.780496651Z   82     no    7          7      local — no network
2026-09-28T13:07:53.780498852Z   => 15/31 events shared; 16/31 need ZERO network traffic; 12 concern this node
2026-09-28T13:07:53.780501553Z   NOTE controllability was INFERRED from event labels (the header
2026-09-28T13:07:53.780505155Z        does not carry it). Check the 'ctrl' column above; if it is
2026-09-28T13:07:53.780519362Z        wrong, set DES_CONTROLLABLE_MASK explicitly.
2026-09-28T13:07:53.780521763Z 
2026-09-28T13:07:53.780523764Z [init] config fingerprint 04511541 — every node must print the same
2026-09-28T13:07:53.780525965Z 
2026-09-28T13:07:53.780598200Z [net] UDP multicast 239.192.7.1:5077  ttl=1  frame=44 B
2026-09-28T13:07:53.780604303Z --- crypto self-test ---
2026-09-28T13:07:53.783254469Z   Enc(0)->0 Enc(1)->1                PASS
2026-09-28T13:07:53.783977914Z   Enc(1)+Enc(1)->1 homomorphic OR   PASS
2026-09-28T13:07:53.784684252Z   Enc(0)+Enc(0)->0                  PASS
2026-09-28T13:07:53.784694556Z   curve secp192r1, ciphertext 50 B    PASS
2026-09-28T13:07:53.785267030Z   frame tag HMAC-SHA256/128: 5.8 us, 1-bit tamper caught  PASS
2026-09-28T13:07:53.785276935Z 
2026-09-28T13:07:53.785616097Z --- encrypting my supervisors' initial states ---
2026-09-28T13:07:53.785721247Z [load] S0         idx 0   18 states  12 constraining ev     900 B ciphertext
2026-09-28T13:07:54.635615730Z [init] my keypair is mine alone; no ciphertext ever leaves this node
2026-09-28T13:07:54.635640542Z [init] my enablement: 11=1 12=0 21=1 22=1 30=0 31=0 32=0 33=1 34=0 35=1 36=0 37=1 38=0 39=1 41=1 42=1 51=1 52=1 53=1 54=1 61=1 63=1 64=1 65=1 66=1 71=1 72=1 73=1 74=1 81=1 82=1
2026-09-28T13:07:54.635643043Z 
2026-09-28T13:07:56.442829912Z [net] waiting for 6 peer(s)......... all present.
2026-09-28T13:07:57.948917850Z 
2026-09-28T13:07:57.948977679Z --- transport round-trip probe (UDP/IP multicast (RFC 1112)) ---
2026-09-28T13:08:14.504088301Z   3 probes: avg 4.39 ms  min 4.16 ms  max 4.72 ms
2026-09-28T13:08:14.504290897Z 
2026-09-28T13:08:14.504310307Z ============================================================
2026-09-28T13:08:14.504322713Z   RUN — SIM_SEQ driver — 5 cycles x 44 steps — LOCAL MODULAR
2026-09-28T13:08:14.504337120Z   columns: cN sNN = cycle/step of MY walk; · = a peer caused this
2026-09-28T13:08:14.504349625Z   'done at': run clock, common to all nodes; a cycle is over at the
2026-09-28T13:08:14.505681562Z   LATEST node's print, machine time (DES_WORK_MS 0) included
2026-09-28T13:08:14.505706674Z ============================================================
2026-09-28T13:08:14.505719180Z 
2026-09-28T13:08:14.505729985Z -- cycle 1/5 --
2026-09-28T13:08:14.647058996Z c1  s1   local  11       142.1 ms HE    2 dec  0 frames
2026-09-28T13:08:03.711085903Z c1  s2   local  12        69.6 ms HE    1 dec  0 frames
2026-09-28T13:08:09.706379588Z c1  s3   retry  31    no quorum after 4 tries — nothing applied anywhere
2026-09-28T13:08:14.343679582Z c1  s3   2pc    31        70.0 ms HE    1 dec  14 frames  + 4512.8 ms peer-wait  (seq 1)
2026-09-28T13:08:17.487604093Z c1  s4   notify 32        69.9 ms HE    1 dec  7 frames  + 3001.3 ms peer-wait  (seq 2)
2026-09-28T13:08:34.569462240Z c1  s8   2pc    33        70.0 ms HE    1 dec  14 frames  + 6011.6 ms peer-wait  (seq 3)
2026-09-28T13:08:26.703064522Z c1  s9   notify 34        70.0 ms HE    1 dec  7 frames  + 3007.4 ms peer-wait  (seq 4)
2026-09-28T13:08:32.715817314Z c1  s10  retry  35    no quorum after 4 tries — nothing applied anywhere
2026-09-28T13:08:37.335037520Z c1  s10  2pc    35        69.8 ms HE    1 dec  14 frames  + 4508.9 ms peer-wait  (seq 5)
2026-09-28T13:08:42.052730113Z c1  s13  notify 36        69.6 ms HE    1 dec  7 frames  + 4500.6 ms peer-wait  (seq 6)
2026-09-28T13:08:54.629542029Z c1  s14  2pc    39        70.0 ms HE    1 dec  14 frames  + 1506.7 ms peer-wait  (seq 7)
2026-09-28T13:08:45.655114370Z c1  s16  notify 30        69.8 ms HE    1 dec  7 frames  + 2.4 ms peer-wait  (seq 8)
2026-09-28T13:08:45.725466276Z c1  s25  local  11        69.8 ms HE    1 dec  0 frames
2026-09-28T13:08:45.795519139Z c1  s27  local  12        69.7 ms HE    1 dec  0 frames
2026-09-28T13:08:55.790617061Z c1  s28  sync   31    waiting for peers to reach this step (10 s)
2026-09-28T13:09:00.233672631Z c1  s28  2pc    31        69.7 ms HE    1 dec  14 frames  + 1507.2 ms peer-wait  (seq 9)
2026-09-28T13:09:03.377573030Z c1  s29  notify 32        69.5 ms HE    1 dec  7 frames  + 3000.7 ms peer-wait  (seq 10)
2026-09-28T13:09:04.961345504Z c1  s32  2pc    35        69.9 ms HE    1 dec  14 frames  + 1510.6 ms peer-wait  (seq 11)
2026-09-28T13:09:06.610507086Z c1  s33  notify 36        69.7 ms HE    1 dec  7 frames  + 1506.2 ms peer-wait  (seq 12)
2026-09-28T13:09:12.681048498Z c1  s36  retry  33    no quorum after 4 tries — nothing applied anywhere
2026-09-28T13:09:15.796268341Z c1  s36  2pc    33        69.9 ms HE    1 dec  14 frames  + 3004.4 ms peer-wait  (seq 13)
2026-09-28T13:09:17.370696425Z c1  s37  notify 34        69.6 ms HE    1 dec  7 frames  + 1504.4 ms peer-wait  (seq 14)
2026-09-28T13:09:20.521202469Z c1  s40  2pc    37        69.6 ms HE    1 dec  14 frames  + 3010.7 ms peer-wait  (seq 15)
2026-09-28T13:09:34.672024633Z c1  s41  notify 38        69.3 ms HE    1 dec  7 frames  + 3001.6 ms peer-wait  (seq 16)
2026-09-28T13:09:34.672117278Z -- cycle 1/5 done at 80206.4 ms --
2026-09-28T13:09:34.672128583Z 
2026-09-28T13:09:34.672132785Z -- cycle 2/5 --
2026-09-28T13:09:34.741353551Z c2  s1   local  11        69.4 ms HE    1 dec  0 frames
2026-09-28T13:09:34.811411817Z c2  s2   local  12        69.5 ms HE    1 dec  0 frames
2026-09-28T13:09:25.379220707Z c2  s3   2pc    31        70.0 ms HE    1 dec  14 frames  + 1510.1 ms peer-wait  (seq 17)
2026-09-28T13:09:28.524047448Z c2  s4   notify 32        70.3 ms HE    1 dec  7 frames  + 3001.5 ms peer-wait  (seq 18)
2026-09-28T13:09:31.606192658Z c2  s8   2pc    33        69.8 ms HE    1 dec  14 frames  + 3010.9 ms peer-wait  (seq 19)
2026-09-28T13:09:34.740757393Z c2  s9   notify 34        69.7 ms HE    1 dec  7 frames  + 3001.0 ms peer-wait  (seq 20)
2026-09-28T13:09:42.313667039Z c2  s10  2pc    35        69.6 ms HE    1 dec  14 frames  + 7504.5 ms peer-wait  (seq 21)
2026-09-28T13:09:42.385269743Z c2  s13  notify 36        69.8 ms HE    1 dec  7 frames  + 2.1 ms peer-wait  (seq 22)
2026-09-28T13:09:59.706258107Z c2  s14  retry  39    no quorum after 4 tries — nothing applied anywhere
2026-09-28T13:09:51.821553705Z c2  s14  2pc    39        70.2 ms HE    1 dec  14 frames  + 3005.2 ms peer-wait  (seq 23)
2026-09-28T13:09:54.887652989Z c2  s16  notify 30        70.1 ms HE    1 dec  7 frames  + 3000.4 ms peer-wait  (seq 24)
2026-09-28T13:09:54.957293355Z c2  s25  local  11        69.5 ms HE    1 dec  0 frames
2026-09-28T13:09:55.027890178Z c2  s27  local  12        69.6 ms HE    1 dec  0 frames
2026-09-28T13:09:59.600453434Z c2  s28  2pc    31        70.3 ms HE    1 dec  14 frames  + 4505.3 ms peer-wait  (seq 25)
2026-09-28T13:10:04.172875719Z c2  s29  notify 32        70.0 ms HE    1 dec  7 frames  + 4502.7 ms peer-wait  (seq 26)
2026-09-28T13:10:07.248292804Z c2  s32  2pc    35        70.0 ms HE    1 dec  14 frames  + 3004.8 ms peer-wait  (seq 27)
2026-09-28T13:10:10.322828464Z c2  s33  notify 36        70.0 ms HE    1 dec  7 frames  + 3003.0 ms peer-wait  (seq 28)
2026-09-28T13:10:18.049039711Z c2  s36  2pc    33        70.0 ms HE    1 dec  14 frames  + 4506.3 ms peer-wait  (seq 29)
2026-09-28T13:10:18.120984478Z c2  s37  notify 34        70.1 ms HE    1 dec  7 frames  + 1.8 ms peer-wait  (seq 30)
2026-09-28T13:10:19.840911492Z c2  s40  2pc    37        69.8 ms HE    1 dec  14 frames  + 1506.5 ms peer-wait  (seq 31)
2026-09-28T13:10:19.917397629Z c2  s41  notify 38        70.1 ms HE    1 dec  7 frames  + 1.8 ms peer-wait  (seq 32)
2026-09-28T13:10:19.917476366Z -- cycle 2/5 done at 136489.5 ms --
2026-09-28T13:10:19.917563608Z 
2026-09-28T13:10:19.917581116Z -- cycle 3/5 --
2026-09-28T13:10:19.988452170Z c3  s1   local  11        70.2 ms HE    1 dec  0 frames
2026-09-28T13:10:20.058709131Z c3  s2   local  12        69.8 ms HE    1 dec  0 frames
2026-09-28T13:10:26.532863377Z c3  s3   2pc    31        69.9 ms HE    1 dec  14 frames  + 3005.7 ms peer-wait  (seq 33)
2026-09-28T13:10:26.604491293Z c3  s4   notify 32        69.7 ms HE    1 dec  7 frames  + 1.9 ms peer-wait  (seq 34)
2026-09-28T13:10:33.046142058Z c3  s8   retry  33    no quorum after 4 tries — nothing applied anywhere
2026-09-28T13:10:33.173012062Z c3  s8   2pc    33        69.9 ms HE    1 dec  14 frames  + 6.9 ms peer-wait  (seq 35)
2026-09-28T13:10:33.249840863Z c3  s9   notify 34        69.7 ms HE    1 dec  7 frames  + 1.7 ms peer-wait  (seq 36)
2026-09-28T13:10:35.129639581Z c3  s10  2pc    35        71.0 ms HE    1 dec  14 frames  + 1507.4 ms peer-wait  (seq 37)
2026-09-28T13:10:38.514299788Z c3  s13  notify 36        69.6 ms HE    1 dec  7 frames  + 3006.1 ms peer-wait  (seq 38)
2026-09-28T13:10:43.159897159Z c3  s14  2pc    39        69.9 ms HE    1 dec  14 frames  + 4506.1 ms peer-wait  (seq 39)
2026-09-28T13:10:49.699080818Z c3  s16  notify 30        70.0 ms HE    1 dec  7 frames  + 3000.4 ms peer-wait  (seq 40)
2026-09-28T13:10:49.769829613Z c3  s25  local  11        70.4 ms HE    1 dec  0 frames
2026-09-28T13:10:49.840276065Z c3  s27  local  12        70.0 ms HE    1 dec  0 frames
2026-09-28T13:10:54.843806398Z c3  s28  2pc    31        69.9 ms HE    1 dec  14 frames  + 3009.5 ms peer-wait  (seq 41)
2026-09-28T13:10:56.491844143Z c3  s29  notify 32        70.0 ms HE    1 dec  7 frames  + 1506.1 ms peer-wait  (seq 42)
2026-09-28T13:11:02.489935289Z c3  s32  retry  35    no quorum after 4 tries — nothing applied anywhere
2026-09-28T13:11:05.616149249Z c3  s32  2pc    35        70.0 ms HE    1 dec  14 frames  + 3005.6 ms peer-wait  (seq 43)
2026-09-28T13:11:10.184223633Z c3  s33  notify 36        69.7 ms HE    1 dec  7 frames  + 4501.0 ms peer-wait  (seq 44)
2026-09-28T13:11:17.334145797Z c3  s36  2pc    33        69.7 ms HE    1 dec  14 frames  + 7506.9 ms peer-wait  (seq 45)
2026-09-28T13:11:20.404381734Z c3  s37  notify 34        69.9 ms HE    1 dec  7 frames  + 3004.9 ms peer-wait  (seq 46)
2026-09-28T13:11:25.048802278Z c3  s40  2pc    37        69.8 ms HE    1 dec  14 frames  + 4507.8 ms peer-wait  (seq 47)
2026-09-28T13:11:28.119846674Z c3  s41  notify 38        69.8 ms HE    1 dec  7 frames  + 3001.5 ms peer-wait  (seq 48)
2026-09-28T13:11:28.119947323Z -- cycle 3/5 done at 205150.5 ms --
2026-09-28T13:11:28.119966332Z 
2026-09-28T13:11:28.119976637Z -- cycle 4/5 --
2026-09-28T13:11:28.190319138Z c4  s1   local  11        69.7 ms HE    1 dec  0 frames
2026-09-28T13:11:28.259982616Z c4  s2   local  12        69.7 ms HE    1 dec  0 frames
2026-09-28T13:11:35.835428314Z c4  s3   2pc    31        70.4 ms HE    1 dec  14 frames  + 7509.7 ms peer-wait  (seq 49)
2026-09-28T13:11:37.410551529Z c4  s4   notify 32        69.7 ms HE    1 dec  7 frames  + 1505.6 ms peer-wait  (seq 50)
2026-09-28T13:11:43.415432706Z c4  s8   retry  33    no quorum after 4 tries — nothing applied anywhere
2026-09-28T13:11:45.042929126Z c4  s8   2pc    33        70.3 ms HE    1 dec  14 frames  + 1506.3 ms peer-wait  (seq 51)
2026-09-28T13:11:48.117570641Z c4  s9   notify 34        69.6 ms HE    1 dec  7 frames  + 3001.2 ms peer-wait  (seq 52)
2026-09-28T13:12:05.119744524Z c4  s10  retry  35    no quorum after 4 tries — nothing applied anywhere
2026-09-28T13:12:00.170815591Z c4  s10  retry  35    no quorum after 4 tries — nothing applied anywhere
2026-09-28T13:12:00.221951618Z c4  s10  SKIP   35    no quorum — a peer never answered
2026-09-28T13:12:00.367709645Z c4  s13  [!!]   36    IMPOSSIBLE — uncontrollable, but no machine could produce it from here; rejected (sensor fault or attack?)
2026-09-28T13:12:00.367796686Z c4  s13  SKIP   36    physically impossible here — rejected
2026-09-28T13:12:01.958274937Z c4  s14  2pc    39        69.9 ms HE    1 dec  14 frames  + 1512.8 ms peer-wait  (seq 53)
2026-09-28T13:12:10.454249626Z     ·     skip   61    node 5 gave up on it — moving on too  (occ 7)
2026-09-28T13:12:12.036946059Z c4  s16  notify 30        70.1 ms HE    1 dec  7 frames  + 1508.4 ms peer-wait  (seq 54)
2026-09-28T13:12:12.106001446Z c4  s25  local  11        69.5 ms HE    1 dec  0 frames
2026-09-28T13:12:12.176284819Z c4  s27  local  12        69.6 ms HE    1 dec  0 frames
2026-09-28T13:12:20.948879173Z     ·     skip   65    node 5 gave up on it — moving on too  (occ 4)
2026-09-28T13:12:20.956020784Z     ·     skip   66    node 5 gave up on it — moving on too  (occ 4)
2026-09-28T13:12:22.768920182Z c4  s28  veto   31    a peer's supervisor disables it here  (1505.1 ms)
2026-09-28T13:12:31.337890125Z c4  s28  veto   31    refused 5 more times over 10.1 s, giving up
2026-09-28T13:12:31.338274809Z c4  s28  SKIP   31    a PEER's supervisor kept vetoing it
2026-09-28T13:12:31.344439353Z c4  s29  [!!]   32    IMPOSSIBLE — uncontrollable, but no machine could produce it from here; rejected (sensor fault or attack?)
2026-09-28T13:12:31.344553508Z c4  s29  SKIP   32    physically impossible here — rejected
2026-09-28T13:12:41.355368496Z c4  s32  sync   35    waiting for peers to reach this step (10 s)
2026-09-28T13:12:42.943182774Z c4  s32  2pc    35        70.3 ms HE    1 dec  14 frames  + 1510.3 ms peer-wait  (seq 55)
2026-09-28T13:12:46.004856492Z c4  s33  notify 36        70.0 ms HE    1 dec  7 frames  + 3000.8 ms peer-wait  (seq 56)
2026-09-28T13:12:50.588041367Z c4  s36  2pc    33        70.4 ms HE    1 dec  14 frames  + 4509.6 ms peer-wait  (seq 57)
2026-09-28T13:12:53.662842959Z c4  s37  notify 34        69.9 ms HE    1 dec  7 frames  + 3004.3 ms peer-wait  (seq 58)
2026-09-28T13:12:59.650515645Z c4  s40  retry  37    no quorum after 4 tries — nothing applied anywhere
2026-09-28T13:13:05.699846225Z c4  s40  retry  37    no quorum after 4 tries — nothing applied anywhere
2026-09-28T13:13:05.751782234Z c4  s40  SKIP   37    no quorum — a peer never answered
2026-09-28T13:13:06.059423791Z c4  s41  [!!]   38    IMPOSSIBLE — uncontrollable, but no machine could produce it from here; rejected (sensor fault or attack?)
2026-09-28T13:13:06.060642173Z c4  s41  SKIP   38    physically impossible here — rejected
2026-09-28T13:13:06.060744922Z -- cycle 4/5 done at 303138.6 ms --
2026-09-28T13:13:06.060771835Z 
2026-09-28T13:13:06.060787242Z -- cycle 5/5 --
2026-09-28T13:13:16.073588594Z c5  s1   SKIP   11    my own supervisor disables it here
2026-09-28T13:13:16.073677636Z c5  s2   [!!]   12    IMPOSSIBLE — uncontrollable, but no machine could produce it from here; rejected (sensor fault or attack?)
2026-09-28T13:13:16.073693044Z c5  s2   SKIP   12    physically impossible here — rejected
2026-09-28T13:13:16.667604247Z     ·     skip   63    node 5 gave up on it — moving on too  (occ 4)
2026-09-28T13:13:16.674594586Z     ·     skip   64    node 5 gave up on it — moving on too  (occ 4)
2026-09-28T13:13:21.251685328Z c5  s3   2pc    31        70.1 ms HE    1 dec  14 frames  + 4507.0 ms peer-wait  (seq 59)
2026-09-28T13:13:21.323528046Z c5  s4   notify 32        69.6 ms HE    1 dec  7 frames  + 2.2 ms peer-wait  (seq 60)
2026-09-28T13:13:27.462158451Z c5  s8   retry  33    no quorum after 4 tries — nothing applied anywhere
2026-09-28T13:13:29.017308226Z c5  s8   veto   33    a peer's supervisor disables it here  (1504.3 ms)
2026-09-28T13:13:35.388521072Z c5  s8   retry  33    no quorum after 4 tries — nothing applied anywhere
2026-09-28T13:13:35.439053811Z c5  s8   veto   33    refused 2 more times over 14.0 s, giving up
2026-09-28T13:13:35.439762550Z c5  s8   SKIP   33    no quorum — a peer never answered
2026-09-28T13:13:35.746940985Z c5  s9   [!!]   34    IMPOSSIBLE — uncontrollable, but no machine could produce it from here; rejected (sensor fault or attack?)
2026-09-28T13:13:35.747047035Z c5  s9   SKIP   34    physically impossible here — rejected
2026-09-28T13:13:40.623490225Z c5  s10  2pc    35        70.0 ms HE    1 dec  14 frames  + 4512.7 ms peer-wait  (seq 61)
2026-09-28T13:13:52.195850888Z c5  s13  notify 36        69.6 ms HE    1 dec  7 frames  + 2999.7 ms peer-wait  (seq 62)
2026-09-28T13:13:55.201535827Z c5  s14  veto   39    a peer's supervisor disables it here  (3004.1 ms)
2026-09-28T13:14:07.274673803Z c5  s14  veto   39    refused 4 more times over 15.1 s, giving up
2026-09-28T13:14:07.276006640Z c5  s14  SKIP   39    a PEER's supervisor kept vetoing it
2026-09-28T13:14:17.261003159Z c5  s16  sync   30    waiting for peers to reach this step (10 s)
2026-09-28T13:14:17.270206055Z     ·     skip   61    node 5 gave up on it — moving on too  (occ 9)
2026-09-28T13:14:17.577650617Z c5  s16  [!!]   30    IMPOSSIBLE — uncontrollable, but no machine could produce it from here; rejected (sensor fault or attack?)
2026-09-28T13:14:17.578646493Z c5  s16  SKIP   30    physically impossible here — rejected
2026-09-28T13:14:17.648652333Z c5  s25  local  11        69.8 ms HE    1 dec  0 frames
2026-09-28T13:14:17.718607350Z c5  s27  local  12        69.9 ms HE    1 dec  0 frames
2026-09-28T13:14:27.720070190Z c5  s28  sync   31    waiting for peers to reach this step (10 s)
2026-09-28T13:14:37.718358025Z c5  s28  sync   31    waiting for peers to reach this step (20 s)
2026-09-28T13:14:47.731398475Z c5  s28  sync   31    waiting for peers to reach this step (30 s)
2026-09-28T13:14:52.383449446Z c5  s28  2pc    31        69.8 ms HE    1 dec  14 frames  + 3006.0 ms peer-wait  (seq 63)
2026-09-28T13:14:55.453882810Z c5  s29  notify 32        69.7 ms HE    1 dec  7 frames  + 3001.6 ms peer-wait  (seq 64)
2026-09-28T13:14:59.957889710Z c5  s32  veto   35    a peer's supervisor disables it here  (4505.7 ms)
2026-09-28T13:15:07.812477878Z c5  s32  retry  35    no quorum after 4 tries — nothing applied anywhere
2026-09-28T13:15:07.863095458Z c5  s32  veto   35    refused 2 more times over 12.4 s, giving up
2026-09-28T13:15:07.863663329Z c5  s32  SKIP   35    no quorum — a peer never answered
2026-09-28T13:15:08.170442873Z c5  s33  [!!]   36    IMPOSSIBLE — uncontrollable, but no machine could produce it from here; rejected (sensor fault or attack?)
2026-09-28T13:15:08.171210140Z c5  s33  SKIP   36    physically impossible here — rejected
2026-09-28T13:15:12.835571482Z c5  s36  veto   33    a peer's supervisor disables it here  (3004.7 ms)
2026-09-28T13:15:20.697554858Z c5  s36  retry  33    no quorum after 4 tries — nothing applied anywhere
2026-09-28T13:15:20.747716019Z c5  s36  veto   33    refused 2 more times over 10.9 s, giving up
2026-09-28T13:15:20.747867792Z c5  s36  SKIP   33    no quorum — a peer never answered
2026-09-28T13:15:21.057017468Z c5  s37  [!!]   34    IMPOSSIBLE — uncontrollable, but no machine could produce it from here; rejected (sensor fault or attack?)
2026-09-28T13:15:21.057131323Z c5  s37  SKIP   34    physically impossible here — rejected
2026-09-28T13:15:31.057043816Z c5  s40  sync   37    waiting for peers to reach this step (10 s)
2026-09-28T13:15:35.643078318Z c5  s40  2pc    37        70.5 ms HE    1 dec  14 frames  + 4506.7 ms peer-wait  (seq 65)
2026-09-28T13:15:37.233025915Z c5  s41  notify 38        69.8 ms HE    1 dec  7 frames  + 1519.9 ms peer-wait  (seq 66)
2026-09-28T13:15:37.233141670Z -- cycle 5/5 done at 454366.9 ms --
2026-09-28T13:15:37.233166782Z 
2026-09-28T13:15:37.233185091Z ============================================================
2026-09-28T13:15:37.233202799Z   SUMMARY — node 1/7 — LOCAL MODULAR — UDP/IP multicast (RFC 1112)
2026-09-28T13:15:37.233222409Z ============================================================
2026-09-28T13:15:37.233240517Z   events this node FIRED:
2026-09-28T13:15:37.233335163Z   local (no network)     n=18   avg    73.95 ms  (HE   73.76 + net    0.00)  min   69.53  max   142.32    0.7%
2026-09-28T13:15:37.233354272Z   shared controllable    n=33   avg  3532.73 ms  (HE   70.01 + net 3462.53)  min   77.13  max  7580.50   60.1%
2026-09-28T13:15:37.233366377Z   shared uncontroll.     n=33   avg  2300.49 ms  (HE   69.82 + net 2230.49)  min   71.58  max  4572.83   39.2%
2026-09-28T13:15:37.233376983Z   events this node APPLIED for a peer (participant side):
2026-09-28T13:15:37.233387988Z   shared, applied              (none on this node)
2026-09-28T13:15:37.233397692Z   sync-wait (peers reaching a shared step): n=80 avg 1518.31 ms, 121.5 s total
2026-09-28T13:15:37.233406997Z      not protocol cost — the plant catching up; kept out of the rows above
2026-09-28T13:15:37.233418002Z   run clock, end of cycles 1..5 (ms): 80206.4 136489.5 205150.5 303138.6 454366.9
2026-09-28T13:15:37.233429308Z      a cycle is over at the LATEST node's value; DES_WORK_MS 0 included
2026-09-28T13:15:37.233440213Z   ----------------------------------------------------------
2026-09-28T13:15:37.233451118Z   all events            n=84   avg  2307.47 ms  (HE   70.74 + net 2236.54)
2026-09-28T13:15:37.233462323Z   PEER-WAIT + WIRE      96.9 % of total step time
2026-09-28T13:15:37.233472828Z      (compare against the round-trip probe above: the excess is
2026-09-28T13:15:37.233483834Z       the peer's own HE work, not the link.)
2026-09-28T13:15:37.233494339Z   frames: tx=420 rx=9686 retransmits=162
2026-09-28T13:15:37.233506144Z   authentication: HMAC-SHA256/128, 5.8 us per frame; 0 rejected (bad tag), 0 stale/replayed dropped, 6 epoch challenges
2026-09-28T13:15:37.233517650Z   rx queue: peak 16/64 frames
2026-09-28T13:15:37.233528155Z   plant check: 8 event reports rejected as physically impossible
2026-09-28T13:15:37.233538960Z      (these supervisors carry the plant: an impossible uncontrollable event is caught)
2026-09-28T13:15:37.233549865Z   !! 16 STEPS SKIPPED — each SKIP line above says why. Firing a
2026-09-28T13:15:37.233560970Z      step anyway would corrupt every supervisor downstream.
2026-09-28T13:15:37.233571876Z   injected frame loss: 10 %
2026-09-28T13:15:37.233582281Z   ----------------------------------------------------------
2026-09-28T13:15:37.233594486Z   homomorphic vs cleartext oracle : PASS — every encrypted bit matched
2026-09-28T13:15:37.233609494Z      (PASS certifies the cryptography: each node's encrypted bits
2026-09-28T13:15:37.233620399Z       match its own clear model for the events it applied. It does
2026-09-28T13:15:37.233630103Z       not certify the distributed run — read the skips for that.)
2026-09-28T13:15:37.233641109Z   distributed vs MONOLITHIC sup.  : off — this header has no monolithic supervisor
2026-09-28T13:15:37.233652314Z   safe halt                       : no — ran to completion
2026-09-28T13:15:37.233684630Z ============================================================
2026-09-28T13:15:47.222909078Z @@RESULT {"node":1,"nodes":7,"family":"LOCAL MODULAR","data":"supervisor_data_fms.h","transport":"UDP/IP multicast (RFC 1112)","fingerprint":"04511541","supervisors":["S0"],"fired":{"local":18,"ctrl":33,"unctrl":33},"applied_for_peers":0,"skips":16,"impossible":8,"tx":420,"rx":9689,"retx":162,"auth_bad":0,"replays":0,"challenges":6,"mac_us":5.82,"rxq_peak":16,"rxq_drops":0,"sync_wait_ms":121465.2,"oracle":"PASS","safe_halt":false,"halt_reason":"","cycle_end_ms":[80206.4,136489.5,205150.5,303138.6,454366.9],"rounds":5,"work_ms":0,"emu_scalarmul_ms":69.0,"loss_pct":10,"loss_seed":3668100395,"exit":1}
