2026-09-28T03:41:59.287737861Z des_container: node 3 of 7, LOCAL MODULAR, data supervisor_data_fms.h, transport UDP/IP multicast (RFC 1112)
2026-09-28T03:41:59.287804370Z des_container: EMULATING the ESP32 — every decryption takes at least 69.0 ms (DES_EMU_SCALARMUL_MS)
2026-09-28T03:41:59.287809771Z 
2026-09-28T03:41:59.287812371Z ============================================================
2026-09-28T03:41:59.287814571Z   Distributed Homomorphic DES — generic engine
2026-09-28T03:41:59.287816571Z   node 3/7   family LOCAL MODULAR   7 supervisors   31 events
2026-09-28T03:41:59.287818972Z   data: supervisor_data_fms.h
2026-09-28T03:41:59.287820972Z ============================================================
2026-09-28T03:41:59.288881505Z --- event routing (DERIVED from the header, not hardcoded) ---
2026-09-28T03:41:59.288891906Z   event  ctrl  nodes      owner  class
2026-09-28T03:41:59.288893807Z   11     yes   1          1      local — no network
2026-09-28T03:41:59.288895407Z   12     no    1          1      local — no network
2026-09-28T03:41:59.288896707Z   21     yes   2          2      local — no network
2026-09-28T03:41:59.288898107Z   22     no    2          2      local — no network
2026-09-28T03:41:59.288900107Z   30     no    1 2 3 4 5 6 7  1      SHARED — needs network
2026-09-28T03:41:59.288902108Z   31     yes   1 2 3 4 5 6 7  1      SHARED — needs network
2026-09-28T03:41:59.288904408Z   32     no    1 2 3 4 5 6 7  1      SHARED — needs network
2026-09-28T03:41:59.288906308Z   33     yes   1 2 3 4 5 6 7  1      SHARED — needs network
2026-09-28T03:41:59.288908308Z   34     no    1 2 3 4 5 6 7  1      SHARED — needs network
2026-09-28T03:41:59.288910309Z   35     yes   1 2 3 4 5 6 7  1      SHARED — needs network
2026-09-28T03:41:59.288912709Z   36     no    1 2 3 4 5 6 7  1      SHARED — needs network
2026-09-28T03:41:59.288914809Z   37     yes   1 2 3 4 5 6 7  1      SHARED — needs network
2026-09-28T03:41:59.288917010Z   38     no    1 2 3 4 5 6 7  1      SHARED — needs network
2026-09-28T03:41:59.288919010Z   39     yes   1 2 3 4 5 6 7  1      SHARED — needs network
2026-09-28T03:41:59.288921010Z   41     yes   3          3      local — no network
2026-09-28T03:41:59.288922810Z   42     no    3          3      local — no network
2026-09-28T03:41:59.288924510Z   51     yes   4          4      local — no network
2026-09-28T03:41:59.288926511Z   52     no    4          4      local — no network
2026-09-28T03:41:59.288928611Z   53     yes   4          4      local — no network
2026-09-28T03:41:59.288930711Z   54     no    4          4      local — no network
2026-09-28T03:41:59.288932712Z   61     yes   5 6 7      5      SHARED — needs network
2026-09-28T03:41:59.288935112Z   63     yes   5 6 7      5      SHARED — needs network
2026-09-28T03:41:59.288937112Z   64     no    5 6 7      5      SHARED — needs network
2026-09-28T03:41:59.288950614Z   65     yes   5 6 7      5      SHARED — needs network
2026-09-28T03:41:59.288953114Z   66     no    5 6 7      5      SHARED — needs network
2026-09-28T03:41:59.288954414Z   71     yes   7          7      local — no network
2026-09-28T03:41:59.288955614Z   72     no    7          7      local — no network
2026-09-28T03:41:59.288956915Z   73     yes   7          7      local — no network
2026-09-28T03:41:59.288958215Z   74     no    7          7      local — no network
2026-09-28T03:41:59.288959515Z   81     yes   7          7      local — no network
2026-09-28T03:41:59.288960715Z   82     no    7          7      local — no network
2026-09-28T03:41:59.288962015Z   => 15/31 events shared; 16/31 need ZERO network traffic; 12 concern this node
2026-09-28T03:41:59.288963615Z   NOTE controllability was INFERRED from event labels (the header
2026-09-28T03:41:59.288965516Z        does not carry it). Check the 'ctrl' column above; if it is
2026-09-28T03:41:59.288966916Z        wrong, set DES_CONTROLLABLE_MASK explicitly.
2026-09-28T03:41:59.288968116Z 
2026-09-28T03:41:59.288969416Z [init] config fingerprint 04511541 — every node must print the same
2026-09-28T03:41:59.288970716Z 
2026-09-28T03:41:59.288971816Z [net] UDP multicast 239.192.7.1:5077  ttl=1  frame=44 B
2026-09-28T03:41:59.288973717Z --- crypto self-test ---
2026-09-28T03:41:59.291678056Z   Enc(0)->0 Enc(1)->1                PASS
2026-09-28T03:41:59.292341940Z   Enc(1)+Enc(1)->1 homomorphic OR   PASS
2026-09-28T03:41:59.293736715Z   Enc(0)+Enc(0)->0                  PASS
2026-09-28T03:41:59.293784721Z   curve secp192r1, ciphertext 50 B    PASS
2026-09-28T03:41:59.293787421Z   frame tag HMAC-SHA256/128: 3.6 us, 1-bit tamper caught  PASS
2026-09-28T03:41:59.293789521Z 
2026-09-28T03:41:59.293790722Z --- encrypting my supervisors' initial states ---
2026-09-28T03:41:59.294078958Z [load] S2         idx 2   18 states  12 constraining ev     900 B ciphertext
2026-09-28T03:42:00.141662697Z [init] my keypair is mine alone; no ciphertext ever leaves this node
2026-09-28T03:42:00.141728505Z [init] my enablement: 11=1 12=1 21=1 22=1 30=0 31=1 32=0 33=1 34=0 35=0 36=0 37=1 38=0 39=1 41=0 42=0 51=1 52=1 53=1 54=1 61=1 63=1 64=1 65=1 66=1 71=1 72=1 73=1 74=1 81=1 82=1
2026-09-28T03:42:00.141738107Z 
2026-09-28T03:42:00.747033220Z [net] waiting for 6 peer(s)... all present.
2026-09-28T03:42:02.253216566Z 
2026-09-28T03:42:02.253281574Z ============================================================
2026-09-28T03:42:02.253292975Z   RUN — SIM_SEQ driver — 5 cycles x 44 steps — LOCAL MODULAR
2026-09-28T03:42:02.253301476Z   columns: cN sNN = cycle/step of MY walk; · = a peer caused this
2026-09-28T03:42:02.253344782Z   'done at': run clock, common to all nodes; a cycle is over at the
2026-09-28T03:42:02.253353083Z   LATEST node's print, machine time (DES_WORK_MS 0) included
2026-09-28T03:42:02.253362984Z ============================================================
2026-09-28T03:42:02.253369885Z 
2026-09-28T03:42:02.253375986Z -- cycle 1/5 --
2026-09-28T03:42:03.014205831Z     ·     vote   31    YES to node 1          (seq 1)
2026-09-28T03:42:03.086966368Z     ·     apply  31        69.9 ms HE    1 dec  from node 1  (seq 1)
2026-09-28T03:42:03.249425770Z     ·     apply  32        69.6 ms HE    1 dec  from node 1  (seq 2)
2026-09-28T03:42:03.322397033Z c1  s5   local  41        69.8 ms HE    1 dec  0 frames
2026-09-28T03:42:03.391094560Z c1  s7   local  42        69.4 ms HE    1 dec  0 frames
2026-09-28T03:42:03.469842449Z     ·     vote   33    YES to node 1          (seq 3)
2026-09-28T03:42:03.542812013Z     ·     apply  33        69.7 ms HE    1 dec  from node 1  (seq 3)
2026-09-28T03:42:03.703742023Z     ·     apply  34        70.0 ms HE    1 dec  from node 1  (seq 4)
2026-09-28T03:42:15.375660518Z     ·     vote   35    YES to node 1          (seq 5)
2026-09-28T03:42:15.448235932Z     ·     apply  35        69.7 ms HE    1 dec  from node 1  (seq 5)
2026-09-28T03:42:04.164468076Z     ·     apply  36        69.7 ms HE    1 dec  from node 1  (seq 6)
2026-09-28T03:42:04.317667314Z     ·     vote   39    YES to node 1          (seq 7)
2026-09-28T03:42:04.390441453Z     ·     apply  39        69.9 ms HE    1 dec  from node 1  (seq 7)
2026-09-28T03:42:04.691463356Z     ·     apply  30        69.8 ms HE    1 dec  from node 1  (seq 8)
2026-09-28T03:42:05.413844272Z     ·     vote   31    YES to node 1          (seq 9)
2026-09-28T03:42:05.489270944Z     ·     apply  31        69.9 ms HE    1 dec  from node 1  (seq 9)
2026-09-28T03:42:05.564642309Z     ·     apply  32        69.7 ms HE    1 dec  from node 1  (seq 10)
2026-09-28T03:42:05.636390319Z c1  s30  local  41        69.7 ms HE    1 dec  0 frames
2026-09-28T03:42:05.706754356Z c1  s31  local  42        70.0 ms HE    1 dec  0 frames
2026-09-28T03:42:05.712179137Z     ·     vote   35    YES to node 1          (seq 11)
2026-09-28T03:42:05.785264215Z     ·     apply  35        69.9 ms HE    1 dec  from node 1  (seq 11)
2026-09-28T03:42:05.864969824Z     ·     apply  36        69.7 ms HE    1 dec  from node 1  (seq 12)
2026-09-28T03:42:06.162465484Z     ·     vote   33    YES to node 1          (seq 13)
2026-09-28T03:42:06.234647048Z     ·     apply  33        69.7 ms HE    1 dec  from node 1  (seq 13)
2026-09-28T03:42:06.311806638Z     ·     apply  34        69.7 ms HE    1 dec  from node 1  (seq 14)
2026-09-28T03:42:06.458732189Z     ·     vote   37    YES to node 1          (seq 15)
2026-09-28T03:42:06.531356209Z     ·     apply  37        69.7 ms HE    1 dec  from node 1  (seq 15)
2026-09-28T03:42:06.607910523Z     ·     apply  38        70.1 ms HE    1 dec  from node 1  (seq 16)
2026-09-28T03:42:06.610586759Z -- cycle 1/5 done at 3825.6 ms --
2026-09-28T03:42:06.610634665Z 
2026-09-28T03:42:06.610643166Z -- cycle 2/5 --
2026-09-28T03:42:06.768331568Z     ·     vote   31    YES to node 1          (seq 17)
2026-09-28T03:42:06.841340537Z     ·     apply  31        69.9 ms HE    1 dec  from node 1  (seq 17)
2026-09-28T03:42:06.919676474Z     ·     apply  32        69.7 ms HE    1 dec  from node 1  (seq 18)
2026-09-28T03:42:06.991348675Z c2  s5   local  41        69.7 ms HE    1 dec  0 frames
2026-09-28T03:42:07.061406373Z c2  s7   local  42        69.8 ms HE    1 dec  0 frames
2026-09-28T03:42:07.065640304Z     ·     vote   33    YES to node 1          (seq 19)
2026-09-28T03:42:07.137843972Z     ·     apply  33        70.2 ms HE    1 dec  from node 1  (seq 19)
2026-09-28T03:42:07.217904226Z     ·     apply  34        71.4 ms HE    1 dec  from node 1  (seq 20)
2026-09-28T03:42:07.224024794Z     ·     vote   35    YES to node 1          (seq 21)
2026-09-28T03:42:07.296433187Z     ·     apply  35        69.7 ms HE    1 dec  from node 1  (seq 21)
2026-09-28T03:42:07.515858043Z     ·     apply  36        69.9 ms HE    1 dec  from node 1  (seq 22)
2026-09-28T03:42:07.521841594Z     ·     vote   39    YES to node 1          (seq 23)
2026-09-28T03:42:07.595115596Z     ·     apply  39        69.9 ms HE    1 dec  from node 1  (seq 23)
2026-09-28T03:42:07.752673082Z     ·     apply  30        70.0 ms HE    1 dec  from node 1  (seq 24)
2026-09-28T03:42:08.334335027Z     ·     vote   31    YES to node 1          (seq 25)
2026-09-28T03:42:08.406874036Z     ·     apply  31        69.9 ms HE    1 dec  from node 1  (seq 25)
2026-09-28T03:42:08.484151041Z     ·     apply  32        69.8 ms HE    1 dec  from node 1  (seq 26)
2026-09-28T03:42:08.556209490Z c2  s30  local  41        69.6 ms HE    1 dec  0 frames
2026-09-28T03:42:08.626355499Z c2  s31  local  42        70.0 ms HE    1 dec  0 frames
2026-09-28T03:42:08.629417683Z     ·     vote   35    YES to node 1          (seq 27)
2026-09-28T03:42:08.704660532Z     ·     apply  35        70.0 ms HE    1 dec  from node 1  (seq 27)
2026-09-28T03:42:08.780028297Z     ·     apply  36        69.8 ms HE    1 dec  from node 1  (seq 28)
2026-09-28T03:42:20.368438486Z     ·     vote   33    YES to node 1          (seq 29)
2026-09-28T03:42:20.443686936Z     ·     apply  33        69.8 ms HE    1 dec  from node 1  (seq 29)
2026-09-28T03:42:20.521111258Z     ·     apply  34        69.7 ms HE    1 dec  from node 1  (seq 30)
2026-09-28T03:42:09.161878421Z     ·     vote   37    YES to node 1          (seq 31)
2026-09-28T03:42:09.234424331Z     ·     apply  37        69.5 ms HE    1 dec  from node 1  (seq 31)
2026-09-28T03:42:09.312326114Z     ·     apply  38        69.8 ms HE    1 dec  from node 1  (seq 32)
2026-09-28T03:42:09.314726416Z -- cycle 2/5 done at 6537.7 ms --
2026-09-28T03:42:09.314782423Z 
2026-09-28T03:42:09.314793224Z -- cycle 3/5 --
2026-09-28T03:42:09.474919733Z     ·     vote   31    YES to node 1          (seq 33)
2026-09-28T03:42:09.549805637Z     ·     apply  31        69.8 ms HE    1 dec  from node 1  (seq 33)
2026-09-28T03:42:09.625943098Z     ·     apply  32        69.8 ms HE    1 dec  from node 1  (seq 34)
2026-09-28T03:42:09.697927538Z c3  s5   local  41        69.7 ms HE    1 dec  0 frames
2026-09-28T03:42:09.767709801Z c3  s7   local  42        69.7 ms HE    1 dec  0 frames
2026-09-28T03:42:09.771701002Z     ·     vote   33    YES to node 1          (seq 35)
2026-09-28T03:42:09.843901469Z     ·     apply  33        69.9 ms HE    1 dec  from node 1  (seq 35)
2026-09-28T03:42:09.919939018Z     ·     apply  34        69.9 ms HE    1 dec  from node 1  (seq 36)
2026-09-28T03:42:09.927981028Z     ·     vote   35    YES to node 1          (seq 37)
2026-09-28T03:42:10.000853779Z     ·     apply  35        69.6 ms HE    1 dec  from node 1  (seq 37)
2026-09-28T03:42:10.218287785Z     ·     apply  36        70.0 ms HE    1 dec  from node 1  (seq 38)
2026-09-28T03:42:10.226087864Z     ·     vote   39    YES to node 1          (seq 39)
2026-09-28T03:42:10.299425474Z     ·     apply  39        70.0 ms HE    1 dec  from node 1  (seq 39)
2026-09-28T03:42:10.456892449Z     ·     apply  30        69.5 ms HE    1 dec  from node 1  (seq 40)
2026-09-28T03:42:11.038523690Z     ·     vote   31    YES to node 1          (seq 41)
2026-09-28T03:42:11.111968613Z     ·     apply  31        69.8 ms HE    1 dec  from node 1  (seq 41)
2026-09-28T03:42:11.188400411Z     ·     apply  32        69.8 ms HE    1 dec  from node 1  (seq 42)
2026-09-28T03:42:11.260612480Z c3  s30  local  41        69.5 ms HE    1 dec  0 frames
2026-09-28T03:42:11.331107632Z c3  s31  local  42        69.5 ms HE    1 dec  0 frames
2026-09-28T03:42:11.334534463Z     ·     vote   35    YES to node 1          (seq 43)
2026-09-28T03:42:11.408779086Z     ·     apply  35        69.7 ms HE    1 dec  from node 1  (seq 43)
2026-09-28T03:42:11.484086644Z     ·     apply  36        69.7 ms HE    1 dec  from node 1  (seq 44)
2026-09-28T03:42:11.574030439Z     ·     vote   33    YES to node 1          (seq 45)
2026-09-28T03:42:11.647440457Z     ·     apply  33        69.9 ms HE    1 dec  from node 1  (seq 45)
2026-09-28T03:42:11.725000697Z     ·     apply  34        69.8 ms HE    1 dec  from node 1  (seq 46)
2026-09-28T03:42:11.872974780Z     ·     vote   37    YES to node 1          (seq 47)
2026-09-28T03:42:11.945812527Z     ·     apply  37        69.9 ms HE    1 dec  from node 1  (seq 47)
2026-09-28T03:42:12.024731338Z     ·     apply  38        69.7 ms HE    1 dec  from node 1  (seq 48)
2026-09-28T03:42:12.027649704Z -- cycle 3/5 done at 9250.2 ms --
2026-09-28T03:42:12.027692509Z 
2026-09-28T03:42:12.027706411Z -- cycle 4/5 --
2026-09-28T03:42:12.185002964Z     ·     vote   31    YES to node 1          (seq 49)
2026-09-28T03:42:12.259874867Z     ·     apply  31        69.5 ms HE    1 dec  from node 1  (seq 49)
2026-09-28T03:42:12.335998026Z     ·     apply  32        69.9 ms HE    1 dec  from node 1  (seq 50)
2026-09-28T03:42:12.408028472Z c4  s5   local  41        69.6 ms HE    1 dec  0 frames
2026-09-28T03:42:12.476960528Z c4  s7   local  42        69.6 ms HE    1 dec  0 frames
2026-09-28T03:42:12.481943854Z     ·     vote   33    YES to node 1          (seq 51)
2026-09-28T03:42:12.555260161Z     ·     apply  33        70.0 ms HE    1 dec  from node 1  (seq 51)
2026-09-28T03:42:12.630876057Z     ·     apply  34        70.8 ms HE    1 dec  from node 1  (seq 52)
2026-09-28T03:42:12.636206727Z     ·     vote   35    YES to node 1          (seq 53)
2026-09-28T03:42:12.709801569Z     ·     apply  35        69.8 ms HE    1 dec  from node 1  (seq 53)
2026-09-28T03:42:12.925134310Z     ·     apply  36        69.2 ms HE    1 dec  from node 1  (seq 54)
2026-09-28T03:42:12.929709085Z     ·     vote   39    YES to node 1          (seq 55)
2026-09-28T03:42:13.003420441Z     ·     apply  39        69.3 ms HE    1 dec  from node 1  (seq 55)
2026-09-28T03:42:13.154990475Z     ·     apply  30        69.3 ms HE    1 dec  from node 1  (seq 56)
2026-09-28T03:42:13.733312501Z     ·     vote   31    YES to node 1          (seq 57)
2026-09-28T03:42:13.804805879Z     ·     apply  31        69.5 ms HE    1 dec  from node 1  (seq 57)
2026-09-28T03:42:25.384965659Z     ·     apply  32        69.4 ms HE    1 dec  from node 1  (seq 58)
2026-09-28T03:42:25.457647986Z c4  s30  local  41        69.6 ms HE    1 dec  0 frames
2026-09-28T03:42:25.526939588Z c4  s31  local  42        69.4 ms HE    1 dec  0 frames
2026-09-28T03:42:25.530334914Z     ·     vote   35    YES to node 1          (seq 59)
2026-09-28T03:42:14.106953986Z     ·     apply  35        69.3 ms HE    1 dec  from node 1  (seq 59)
2026-09-28T03:42:14.181128901Z     ·     apply  36        69.6 ms HE    1 dec  from node 1  (seq 60)
2026-09-28T03:42:14.268210837Z     ·     vote   33    YES to node 1          (seq 61)
2026-09-28T03:42:14.340890364Z     ·     apply  33        69.7 ms HE    1 dec  from node 1  (seq 61)
2026-09-28T03:42:14.415777468Z     ·     apply  34        69.6 ms HE    1 dec  from node 1  (seq 62)
2026-09-28T03:42:14.560854987Z     ·     vote   37    YES to node 1          (seq 63)
2026-09-28T03:42:14.633757442Z     ·     apply  37        69.8 ms HE    1 dec  from node 1  (seq 63)
2026-09-28T03:42:14.712332109Z     ·     apply  38        69.7 ms HE    1 dec  from node 1  (seq 64)
2026-09-28T03:42:14.714163239Z -- cycle 4/5 done at 11930.0 ms --
2026-09-28T03:42:14.714214946Z 
2026-09-28T03:42:14.714228747Z -- cycle 5/5 --
2026-09-28T03:42:14.874434766Z     ·     vote   31    YES to node 1          (seq 65)
2026-09-28T03:42:14.947134296Z     ·     apply  31        69.6 ms HE    1 dec  from node 1  (seq 65)
2026-09-28T03:42:15.024780747Z     ·     apply  32        69.6 ms HE    1 dec  from node 1  (seq 66)
2026-09-28T03:42:15.096898203Z c5  s5   local  41        69.6 ms HE    1 dec  0 frames
2026-09-28T03:42:15.167000206Z c5  s7   local  42        69.6 ms HE    1 dec  0 frames
2026-09-28T03:42:15.170383731Z     ·     vote   33    YES to node 1          (seq 67)
2026-09-28T03:42:15.243354995Z     ·     apply  33        69.8 ms HE    1 dec  from node 1  (seq 67)
2026-09-28T03:42:15.320957040Z     ·     apply  34        70.2 ms HE    1 dec  from node 1  (seq 68)
2026-09-28T03:42:15.327602575Z     ·     vote   35    YES to node 1          (seq 69)
2026-09-28T03:42:15.401712682Z     ·     apply  35        69.7 ms HE    1 dec  from node 1  (seq 69)
2026-09-28T03:42:15.617512982Z     ·     apply  36        69.9 ms HE    1 dec  from node 1  (seq 70)
2026-09-28T03:42:15.623806472Z     ·     vote   39    YES to node 1          (seq 71)
2026-09-28T03:42:15.698392039Z     ·     apply  39        69.8 ms HE    1 dec  from node 1  (seq 71)
2026-09-28T03:42:15.855075015Z     ·     apply  30        69.6 ms HE    1 dec  from node 1  (seq 72)
2026-09-28T03:42:16.435054548Z     ·     vote   31    YES to node 1          (seq 73)
2026-09-28T03:42:16.510743554Z     ·     apply  31        69.9 ms HE    1 dec  from node 1  (seq 73)
2026-09-28T03:42:16.586370151Z     ·     apply  32        69.9 ms HE    1 dec  from node 1  (seq 74)
2026-09-28T03:42:16.658337988Z c5  s30  local  41        69.5 ms HE    1 dec  0 frames
2026-09-28T03:42:16.728909951Z c5  s31  local  42        70.0 ms HE    1 dec  0 frames
2026-09-28T03:42:16.732200864Z     ·     vote   35    YES to node 1          (seq 75)
2026-09-28T03:42:16.806873741Z     ·     apply  35        69.8 ms HE    1 dec  from node 1  (seq 75)
2026-09-28T03:42:16.882453733Z     ·     apply  36        69.7 ms HE    1 dec  from node 1  (seq 76)
2026-09-28T03:42:16.973225932Z     ·     vote   33    YES to node 1          (seq 77)
2026-09-28T03:42:17.048077932Z     ·     apply  33        69.7 ms HE    1 dec  from node 1  (seq 77)
2026-09-28T03:42:17.123052947Z     ·     apply  34        69.7 ms HE    1 dec  from node 1  (seq 78)
2026-09-28T03:42:17.268346093Z     ·     vote   37    YES to node 1          (seq 79)
2026-09-28T03:42:17.343536435Z     ·     apply  37        69.8 ms HE    1 dec  from node 1  (seq 79)
2026-09-28T03:42:17.424751434Z     ·     apply  38        69.7 ms HE    1 dec  from node 1  (seq 80)
2026-09-28T03:42:17.426420244Z -- cycle 5/5 done at 14642.5 ms --
2026-09-28T03:42:17.426488753Z 
2026-09-28T03:42:17.426499254Z ============================================================
2026-09-28T03:42:17.426506055Z   SUMMARY — node 3/7 — LOCAL MODULAR — UDP/IP multicast (RFC 1112)
2026-09-28T03:42:17.426513656Z ============================================================
2026-09-28T03:42:17.426519657Z   events this node FIRED:
2026-09-28T03:42:17.426525357Z   local (no network)     n=20   avg    69.84 ms  (HE   69.66 + net    0.00)  min   69.47  max    70.20  100.0%
2026-09-28T03:42:17.426540159Z   shared controllable          (none on this node)
2026-09-28T03:42:17.426546460Z   shared uncontroll.           (none on this node)
2026-09-28T03:42:17.426552361Z   events this node APPLIED for a peer (participant side):
2026-09-28T03:42:17.426558261Z   shared, applied        n=80   avg    69.79 ms  (HE   69.79 + net    0.00)  min   69.22  max    71.38
2026-09-28T03:42:17.426564762Z   run clock, end of cycles 1..5 (ms): 3825.6 6537.7 9250.2 11930.0 14642.5
2026-09-28T03:42:17.426570663Z      a cycle is over at the LATEST node's value; DES_WORK_MS 0 included
2026-09-28T03:42:17.426576464Z   ----------------------------------------------------------
2026-09-28T03:42:17.426582264Z   all events            n=20   avg    69.84 ms  (HE   69.66 + net    0.00)
2026-09-28T03:42:17.426588065Z   PEER-WAIT + WIRE      0.0 % of total step time
2026-09-28T03:42:17.426593766Z      (compare against the round-trip probe above: the excess is
2026-09-28T03:42:17.426599467Z       the peer's own HE work, not the link.)
2026-09-28T03:42:17.426604967Z   frames: tx=248 rx=1584 retransmits=0
2026-09-28T03:42:17.426611068Z   authentication: HMAC-SHA256/128, 3.6 us per frame; 0 rejected (bad tag), 0 stale/replayed dropped, 6 epoch challenges
2026-09-28T03:42:17.426617269Z   rx queue: peak 10/64 frames
2026-09-28T03:42:17.426623069Z   plant check: 0 event reports rejected as physically impossible
2026-09-28T03:42:17.426629070Z      (these supervisors carry the plant: an impossible uncontrollable event is caught)
2026-09-28T03:42:17.426635071Z   ----------------------------------------------------------
2026-09-28T03:42:17.426640872Z   homomorphic vs cleartext oracle : PASS — every encrypted bit matched
2026-09-28T03:42:17.426646872Z      (PASS certifies the cryptography: each node's encrypted bits
2026-09-28T03:42:17.426653073Z       match its own clear model for the events it applied. It does
2026-09-28T03:42:17.426659474Z       not certify the distributed run — read the skips for that.)
2026-09-28T03:42:17.426665375Z   distributed vs MONOLITHIC sup.  : off — this header has no monolithic supervisor
2026-09-28T03:42:17.426671476Z   safe halt                       : no — ran to completion
2026-09-28T03:42:17.426677376Z ============================================================
2026-09-28T03:42:27.416961537Z @@RESULT {"node":3,"nodes":7,"family":"LOCAL MODULAR","data":"supervisor_data_fms.h","transport":"UDP/IP multicast (RFC 1112)","fingerprint":"04511541","supervisors":["S2"],"fired":{"local":20,"ctrl":0,"unctrl":0},"applied_for_peers":80,"skips":0,"impossible":0,"tx":248,"rx":1596,"retx":0,"auth_bad":0,"replays":0,"challenges":6,"mac_us":3.60,"rxq_peak":10,"rxq_drops":0,"sync_wait_ms":0.0,"oracle":"PASS","safe_halt":false,"halt_reason":"","cycle_end_ms":[3825.6,6537.7,9250.2,11930.0,14642.5],"rounds":5,"work_ms":0,"emu_scalarmul_ms":69.0,"exit":0}
