2026-09-28T00:24:15.671075040Z des_container: node 4 of 6, LOCAL MODULAR, data supervisor_data_fms.h, transport UDP/IP multicast (RFC 1112)
2026-09-28T00:24:15.671128047Z des_container: EMULATING the ESP32 — every decryption takes at least 69.0 ms (DES_EMU_SCALARMUL_MS)
2026-09-28T00:24:15.671133447Z 
2026-09-28T00:24:15.671135748Z ============================================================
2026-09-28T00:24:15.671137848Z   Distributed Homomorphic DES — generic engine
2026-09-28T00:24:15.671139648Z   node 4/6   family LOCAL MODULAR   7 supervisors   31 events
2026-09-28T00:24:15.671141648Z   data: supervisor_data_fms.h
2026-09-28T00:24:15.671143449Z ============================================================
2026-09-28T00:24:15.672586330Z --- event routing (DERIVED from the header, not hardcoded) ---
2026-09-28T00:24:15.672608733Z   event  ctrl  nodes      owner  class
2026-09-28T00:24:15.672612033Z   11     yes   1          1      local — no network
2026-09-28T00:24:15.672614833Z   12     no    1          1      local — no network
2026-09-28T00:24:15.672620534Z   21     yes   1          1      local — no network
2026-09-28T00:24:15.672622734Z   22     no    1          1      local — no network
2026-09-28T00:24:15.672625035Z   30     no    1 2 3 4 5 6  1      SHARED — needs network
2026-09-28T00:24:15.672627235Z   31     yes   1 2 3 4 5 6  1      SHARED — needs network
2026-09-28T00:24:15.672629235Z   32     no    1 2 3 4 5 6  1      SHARED — needs network
2026-09-28T00:24:15.672631035Z   33     yes   1 2 3 4 5 6  1      SHARED — needs network
2026-09-28T00:24:15.672632836Z   34     no    1 2 3 4 5 6  1      SHARED — needs network
2026-09-28T00:24:15.672634536Z   35     yes   1 2 3 4 5 6  1      SHARED — needs network
2026-09-28T00:24:15.672636236Z   36     no    1 2 3 4 5 6  1      SHARED — needs network
2026-09-28T00:24:15.672638236Z   37     yes   1 2 3 4 5 6  1      SHARED — needs network
2026-09-28T00:24:15.672640337Z   38     no    1 2 3 4 5 6  1      SHARED — needs network
2026-09-28T00:24:15.672642237Z   39     yes   1 2 3 4 5 6  1      SHARED — needs network
2026-09-28T00:24:15.672644037Z   41     yes   2          2      local — no network
2026-09-28T00:24:15.672645737Z   42     no    2          2      local — no network
2026-09-28T00:24:15.672647537Z   51     yes   3          3      local — no network
2026-09-28T00:24:15.672649338Z   52     no    3          3      local — no network
2026-09-28T00:24:15.672651338Z   53     yes   3          3      local — no network
2026-09-28T00:24:15.672653238Z   54     no    3          3      local — no network
2026-09-28T00:24:15.672655438Z   61     yes   4 5 6      4      SHARED — needs network
2026-09-28T00:24:15.672657739Z   63     yes   4 5 6      4      SHARED — needs network
2026-09-28T00:24:15.672660039Z   64     no    4 5 6      4      SHARED — needs network
2026-09-28T00:24:15.672678241Z   65     yes   4 5 6      4      SHARED — needs network
2026-09-28T00:24:15.672681442Z   66     no    4 5 6      4      SHARED — needs network
2026-09-28T00:24:15.672683642Z   71     yes   6          6      local — no network
2026-09-28T00:24:15.672685842Z   72     no    6          6      local — no network
2026-09-28T00:24:15.672687742Z   73     yes   6          6      local — no network
2026-09-28T00:24:15.672689943Z   74     no    6          6      local — no network
2026-09-28T00:24:15.672691743Z   81     yes   6          6      local — no network
2026-09-28T00:24:15.672693643Z   82     no    6          6      local — no network
2026-09-28T00:24:15.672695844Z   => 15/31 events shared; 16/31 need ZERO network traffic; 15 concern this node
2026-09-28T00:24:15.672698444Z   NOTE controllability was INFERRED from event labels (the header
2026-09-28T00:24:15.672701844Z        does not carry it). Check the 'ctrl' column above; if it is
2026-09-28T00:24:15.672704045Z        wrong, set DES_CONTROLLABLE_MASK explicitly.
2026-09-28T00:24:15.672706045Z 
2026-09-28T00:24:15.672708145Z [init] config fingerprint 8d540ec9 — every node must print the same
2026-09-28T00:24:15.672710145Z 
2026-09-28T00:24:15.672934674Z [net] UDP multicast 239.192.7.1:5077  ttl=1  frame=44 B
2026-09-28T00:24:15.672948975Z --- crypto self-test ---
2026-09-28T00:24:15.676517223Z   Enc(0)->0 Enc(1)->1                PASS
2026-09-28T00:24:15.677240614Z   Enc(1)+Enc(1)->1 homomorphic OR   PASS
2026-09-28T00:24:15.678001310Z   Enc(0)+Enc(0)->0                  PASS
2026-09-28T00:24:15.678015512Z   curve secp192r1, ciphertext 50 B    PASS
2026-09-28T00:24:15.678230739Z   frame tag HMAC-SHA256/128: 2.2 us, 1-bit tamper caught  PASS
2026-09-28T00:24:15.678238440Z 
2026-09-28T00:24:15.678240340Z --- encrypting my supervisors' initial states ---
2026-09-28T00:24:15.678241740Z [load] S4         idx 4   44 states  15 constraining ev    2200 B ciphertext
2026-09-28T00:24:28.430120004Z [init] my keypair is mine alone; no ciphertext ever leaves this node
2026-09-28T00:24:28.430185512Z [init] my enablement: 11=1 12=1 21=1 22=1 30=0 31=1 32=0 33=1 34=0 35=1 36=0 37=1 38=0 39=1 41=1 42=1 51=1 52=1 53=1 54=1 61=0 63=0 64=0 65=0 66=0 71=1 72=1 73=1 74=1 81=1 82=1
2026-09-28T00:24:28.430193513Z 
2026-09-28T00:24:17.960991655Z [net] waiting for 5 peer(s)...... all present.
2026-09-28T00:24:19.462794451Z 
2026-09-28T00:24:19.462875261Z ============================================================
2026-09-28T00:24:19.462885362Z   RUN — SIM_SEQ driver — 5 cycles x 44 steps — LOCAL MODULAR
2026-09-28T00:24:19.462893463Z   columns: cN sNN = cycle/step of MY walk; · = a peer caused this
2026-09-28T00:24:19.462944570Z   'done at': run clock, common to all nodes; a cycle is over at the
2026-09-28T00:24:19.462952171Z   LATEST node's print, machine time (DES_WORK_MS 0) included
2026-09-28T00:24:19.462958371Z ============================================================
2026-09-28T00:24:19.462964372Z 
2026-09-28T00:24:19.462970073Z -- cycle 1/5 --
2026-09-28T00:24:20.285835308Z     ·     vote   31    YES to node 1          (seq 1)
2026-09-28T00:24:20.366766472Z     ·     apply  31        75.4 ms HE    1 dec  from node 1  (seq 1)
2026-09-28T00:24:20.600380809Z     ·     apply  32       143.4 ms HE    2 dec  from node 1  (seq 2)
2026-09-28T00:24:20.746221423Z     ·     vote   33    YES to node 1          (seq 3)
2026-09-28T00:24:20.821212541Z     ·     apply  33        72.7 ms HE    1 dec  from node 1  (seq 3)
2026-09-28T00:24:21.051785996Z     ·     apply  34       144.4 ms HE    2 dec  from node 1  (seq 4)
2026-09-28T00:24:21.138234352Z     ·     vote   35    YES to node 1          (seq 5)
2026-09-28T00:24:21.212516681Z     ·     apply  35        71.2 ms HE    1 dec  from node 1  (seq 5)
2026-09-28T00:24:21.497474566Z     ·     apply  36       140.6 ms HE    2 dec  from node 1  (seq 6)
2026-09-28T00:24:21.578390927Z     ·     vote   39    YES to node 1          (seq 7)
2026-09-28T00:24:33.394150021Z     ·     apply  39       139.9 ms HE    2 dec  from node 1  (seq 7)
2026-09-28T00:24:33.477283461Z c1  s15  2pc    61        70.0 ms HE    1 dec  6 frames  + 5.7 ms peer-wait  (seq 1)
2026-09-28T00:24:21.946139850Z     ·     apply  30        69.3 ms HE    1 dec  from node 1  (seq 8)
2026-09-28T00:24:22.446599698Z c1  s23  2pc    65        69.8 ms HE    1 dec  6 frames  + 6.1 ms peer-wait  (seq 2)
2026-09-28T00:24:22.593450840Z c1  s24  notify 66        69.8 ms HE    1 dec  3 frames  + 1.8 ms peer-wait  (seq 3)
2026-09-28T00:24:22.669868636Z     ·     vote   31    YES to node 1          (seq 9)
2026-09-28T00:24:22.742576267Z     ·     apply  31        70.1 ms HE    1 dec  from node 1  (seq 9)
2026-09-28T00:24:22.884602902Z     ·     apply  32        69.8 ms HE    1 dec  from node 1  (seq 10)
2026-09-28T00:24:23.030324702Z     ·     vote   35    YES to node 1          (seq 11)
2026-09-28T00:24:23.103213755Z     ·     apply  35        69.8 ms HE    1 dec  from node 1  (seq 11)
2026-09-28T00:24:23.246637767Z     ·     apply  36        69.8 ms HE    1 dec  from node 1  (seq 12)
2026-09-28T00:24:23.395656580Z c1  s35  2pc    61        69.8 ms HE    1 dec  6 frames  + 6.6 ms peer-wait  (seq 4)
2026-09-28T00:24:23.543361929Z     ·     vote   33    YES to node 1          (seq 13)
2026-09-28T00:24:23.615729217Z     ·     apply  33        69.7 ms HE    1 dec  from node 1  (seq 13)
2026-09-28T00:24:23.756931749Z     ·     apply  34        69.9 ms HE    1 dec  from node 1  (seq 14)
2026-09-28T00:24:23.902265700Z     ·     vote   37    YES to node 1          (seq 15)
2026-09-28T00:24:23.974881119Z     ·     apply  37        69.6 ms HE    1 dec  from node 1  (seq 15)
2026-09-28T00:24:24.117352611Z     ·     apply  38        69.9 ms HE    1 dec  from node 1  (seq 16)
2026-09-28T00:24:24.199709353Z c1  s42  2pc    63        70.0 ms HE    1 dec  6 frames  + 7.5 ms peer-wait  (seq 5)
2026-09-28T00:24:24.276236463Z c1  s43  notify 64        69.6 ms HE    1 dec  3 frames  + 2.0 ms peer-wait  (seq 6)
2026-09-28T00:24:24.276275968Z -- cycle 1/5 done at 4371.3 ms --
2026-09-28T00:24:24.276285870Z 
2026-09-28T00:24:24.276292671Z -- cycle 2/5 --
2026-09-28T00:24:24.400961826Z     ·     vote   31    YES to node 1          (seq 17)
2026-09-28T00:24:24.476294587Z     ·     apply  31        69.6 ms HE    1 dec  from node 1  (seq 17)
2026-09-28T00:24:24.616997356Z     ·     apply  32        69.9 ms HE    1 dec  from node 1  (seq 18)
2026-09-28T00:24:24.764256949Z     ·     vote   33    YES to node 1          (seq 19)
2026-09-28T00:24:24.839715625Z     ·     apply  33        69.8 ms HE    1 dec  from node 1  (seq 19)
2026-09-28T00:24:24.980858050Z     ·     apply  34        69.8 ms HE    1 dec  from node 1  (seq 20)
2026-09-28T00:24:25.051340601Z     ·     vote   35    YES to node 1          (seq 21)
2026-09-28T00:24:25.124353670Z     ·     apply  35        70.0 ms HE    1 dec  from node 1  (seq 21)
2026-09-28T00:24:25.340819854Z     ·     apply  36        69.8 ms HE    1 dec  from node 1  (seq 22)
2026-09-28T00:24:25.411230996Z     ·     vote   39    YES to node 1          (seq 23)
2026-09-28T00:24:25.484471193Z     ·     apply  39        69.8 ms HE    1 dec  from node 1  (seq 23)
2026-09-28T00:24:25.565384354Z c2  s15  2pc    61        69.8 ms HE    1 dec  6 frames  + 6.0 ms peer-wait  (seq 7)
2026-09-28T00:24:25.642914891Z     ·     apply  30        71.2 ms HE    1 dec  from node 1  (seq 24)
2026-09-28T00:24:26.140214942Z c2  s23  2pc    65        69.7 ms HE    1 dec  6 frames  + 6.5 ms peer-wait  (seq 8)
2026-09-28T00:24:26.217050491Z c2  s24  notify 66        69.8 ms HE    1 dec  3 frames  + 1.9 ms peer-wait  (seq 9)
2026-09-28T00:24:26.222834817Z     ·     vote   31    YES to node 1          (seq 25)
2026-09-28T00:24:26.297284366Z     ·     apply  31        70.0 ms HE    1 dec  from node 1  (seq 25)
2026-09-28T00:24:26.440497351Z     ·     apply  32        70.0 ms HE    1 dec  from node 1  (seq 26)
2026-09-28T00:24:26.587326390Z     ·     vote   35    YES to node 1          (seq 27)
2026-09-28T00:24:38.336890795Z     ·     apply  35        70.0 ms HE    1 dec  from node 1  (seq 27)
2026-09-28T00:24:38.481066801Z     ·     apply  36        69.7 ms HE    1 dec  from node 1  (seq 28)
2026-09-28T00:24:26.886004874Z c2  s35  2pc    61        70.0 ms HE    1 dec  6 frames  + 4.5 ms peer-wait  (seq 10)
2026-09-28T00:24:26.946405359Z     ·     vote   33    YES to node 1          (seq 29)
2026-09-28T00:24:27.018304988Z     ·     apply  33        69.5 ms HE    1 dec  from node 1  (seq 29)
2026-09-28T00:24:27.160827686Z     ·     apply  34        69.9 ms HE    1 dec  from node 1  (seq 30)
2026-09-28T00:24:27.308865476Z     ·     vote   37    YES to node 1          (seq 31)
2026-09-28T00:24:27.382200386Z     ·     apply  37        70.0 ms HE    1 dec  from node 1  (seq 31)
2026-09-28T00:24:27.525147937Z     ·     apply  38        69.8 ms HE    1 dec  from node 1  (seq 32)
2026-09-28T00:24:27.605780263Z c2  s42  2pc    63        69.6 ms HE    1 dec  6 frames  + 5.9 ms peer-wait  (seq 11)
2026-09-28T00:24:27.681489470Z c2  s43  notify 64        70.0 ms HE    1 dec  3 frames  + 1.5 ms peer-wait  (seq 12)
2026-09-28T00:24:27.681552278Z -- cycle 2/5 done at 7773.0 ms --
2026-09-28T00:24:27.681570081Z 
2026-09-28T00:24:27.681581482Z -- cycle 3/5 --
2026-09-28T00:24:27.807066340Z     ·     vote   31    YES to node 1          (seq 33)
2026-09-28T00:24:27.879421027Z     ·     apply  31        70.0 ms HE    1 dec  from node 1  (seq 33)
2026-09-28T00:24:28.022214659Z     ·     apply  32        69.9 ms HE    1 dec  from node 1  (seq 34)
2026-09-28T00:24:28.163254570Z     ·     vote   33    YES to node 1          (seq 35)
2026-09-28T00:24:28.237906545Z     ·     apply  33        69.6 ms HE    1 dec  from node 1  (seq 35)
2026-09-28T00:24:28.379040269Z     ·     apply  34        69.9 ms HE    1 dec  from node 1  (seq 36)
2026-09-28T00:24:28.453739549Z     ·     vote   35    YES to node 1          (seq 37)
2026-09-28T00:24:28.526772321Z     ·     apply  35        70.1 ms HE    1 dec  from node 1  (seq 37)
2026-09-28T00:24:28.744979023Z     ·     apply  36        69.7 ms HE    1 dec  from node 1  (seq 38)
2026-09-28T00:24:28.815597391Z     ·     vote   39    YES to node 1          (seq 39)
2026-09-28T00:24:28.888178106Z     ·     apply  39        70.1 ms HE    1 dec  from node 1  (seq 39)
2026-09-28T00:24:28.970164802Z c3  s15  2pc    61        70.0 ms HE    1 dec  6 frames  + 6.3 ms peer-wait  (seq 13)
2026-09-28T00:24:29.043393198Z     ·     apply  30        69.9 ms HE    1 dec  from node 1  (seq 40)
2026-09-28T00:24:29.546026419Z c3  s23  2pc    65        70.0 ms HE    1 dec  6 frames  + 6.5 ms peer-wait  (seq 14)
2026-09-28T00:24:29.623026088Z c3  s24  notify 66        69.7 ms HE    1 dec  3 frames  + 1.8 ms peer-wait  (seq 15)
2026-09-28T00:24:29.628625791Z     ·     vote   31    YES to node 1          (seq 41)
2026-09-28T00:24:29.704128773Z     ·     apply  31        69.7 ms HE    1 dec  from node 1  (seq 41)
2026-09-28T00:24:29.845756259Z     ·     apply  32        69.5 ms HE    1 dec  from node 1  (seq 42)
2026-09-28T00:24:29.988229550Z     ·     vote   35    YES to node 1          (seq 43)
2026-09-28T00:24:30.062736707Z     ·     apply  35        70.0 ms HE    1 dec  from node 1  (seq 43)
2026-09-28T00:24:30.204731439Z     ·     apply  36        69.7 ms HE    1 dec  from node 1  (seq 44)
2026-09-28T00:24:30.286466303Z c3  s35  2pc    61        69.6 ms HE    1 dec  6 frames  + 5.9 ms peer-wait  (seq 16)
2026-09-28T00:24:30.345340496Z     ·     vote   33    YES to node 1          (seq 45)
2026-09-28T00:24:30.421411449Z     ·     apply  33        69.9 ms HE    1 dec  from node 1  (seq 45)
2026-09-28T00:24:30.562391654Z     ·     apply  34        69.8 ms HE    1 dec  from node 1  (seq 46)
2026-09-28T00:24:30.709624243Z     ·     vote   37    YES to node 1          (seq 47)
2026-09-28T00:24:30.782955452Z     ·     apply  37        70.2 ms HE    1 dec  from node 1  (seq 47)
2026-09-28T00:24:30.927736734Z     ·     apply  38        70.0 ms HE    1 dec  from node 1  (seq 48)
2026-09-28T00:24:31.008536480Z c3  s42  2pc    63        70.0 ms HE    1 dec  6 frames  + 6.0 ms peer-wait  (seq 17)
2026-09-28T00:24:31.083382179Z c3  s43  notify 64        69.6 ms HE    1 dec  3 frames  + 2.2 ms peer-wait  (seq 18)
2026-09-28T00:24:31.083463990Z -- cycle 3/5 done at 11174.4 ms --
2026-09-28T00:24:31.083475991Z 
2026-09-28T00:24:31.083483192Z -- cycle 4/5 --
2026-09-28T00:24:31.209436509Z     ·     vote   31    YES to node 1          (seq 49)
2026-09-28T00:24:31.284914388Z     ·     apply  31        69.7 ms HE    1 dec  from node 1  (seq 49)
2026-09-28T00:24:31.424375601Z     ·     apply  32        69.6 ms HE    1 dec  from node 1  (seq 50)
2026-09-28T00:24:31.569592338Z     ·     vote   33    YES to node 1          (seq 51)
2026-09-28T00:24:31.644115996Z     ·     apply  33        69.9 ms HE    1 dec  from node 1  (seq 51)
2026-09-28T00:24:43.459101942Z     ·     apply  34        69.7 ms HE    1 dec  from node 1  (seq 52)
2026-09-28T00:24:43.529575192Z     ·     vote   35    YES to node 1          (seq 53)
2026-09-28T00:24:31.927293909Z     ·     apply  35        70.0 ms HE    1 dec  from node 1  (seq 53)
2026-09-28T00:24:32.141644127Z     ·     apply  36        69.8 ms HE    1 dec  from node 1  (seq 54)
2026-09-28T00:24:32.213003188Z     ·     vote   39    YES to node 1          (seq 55)
2026-09-28T00:24:32.287556350Z     ·     apply  39        69.7 ms HE    1 dec  from node 1  (seq 55)
2026-09-28T00:24:32.367049733Z c4  s15  2pc    61        69.6 ms HE    1 dec  6 frames  + 5.2 ms peer-wait  (seq 19)
2026-09-28T00:24:32.442192670Z     ·     apply  30        70.0 ms HE    1 dec  from node 1  (seq 56)
2026-09-28T00:24:32.943567632Z c4  s23  2pc    65        69.6 ms HE    1 dec  6 frames  + 6.2 ms peer-wait  (seq 20)
2026-09-28T00:24:33.019524171Z c4  s24  notify 66        69.8 ms HE    1 dec  3 frames  + 1.8 ms peer-wait  (seq 21)
2026-09-28T00:24:33.026016086Z     ·     vote   31    YES to node 1          (seq 57)
2026-09-28T00:24:33.099273386Z     ·     apply  31        69.9 ms HE    1 dec  from node 1  (seq 57)
2026-09-28T00:24:33.239946551Z     ·     apply  32        69.7 ms HE    1 dec  from node 1  (seq 58)
2026-09-28T00:24:33.389007770Z     ·     vote   35    YES to node 1          (seq 59)
2026-09-28T00:24:33.461794111Z     ·     apply  35        69.9 ms HE    1 dec  from node 1  (seq 59)
2026-09-28T00:24:33.604738762Z     ·     apply  36        69.7 ms HE    1 dec  from node 1  (seq 60)
2026-09-28T00:24:33.682621342Z c4  s35  2pc    61        69.8 ms HE    1 dec  6 frames  + 6.3 ms peer-wait  (seq 22)
2026-09-28T00:24:33.746816804Z     ·     vote   33    YES to node 1          (seq 61)
2026-09-28T00:24:33.819942487Z     ·     apply  33        70.2 ms HE    1 dec  from node 1  (seq 61)
2026-09-28T00:24:33.961060809Z     ·     apply  34        69.7 ms HE    1 dec  from node 1  (seq 62)
2026-09-28T00:24:34.109592261Z     ·     vote   37    YES to node 1          (seq 63)
2026-09-28T00:24:34.184220533Z     ·     apply  37        69.8 ms HE    1 dec  from node 1  (seq 63)
2026-09-28T00:24:34.326373185Z     ·     apply  38        69.8 ms HE    1 dec  from node 1  (seq 64)
2026-09-28T00:24:34.407167431Z c4  s42  2pc    63        70.0 ms HE    1 dec  6 frames  + 6.5 ms peer-wait  (seq 23)
2026-09-28T00:24:34.481563073Z c4  s43  notify 64        69.7 ms HE    1 dec  3 frames  + 1.6 ms peer-wait  (seq 24)
2026-09-28T00:24:34.481612180Z -- cycle 4/5 done at 14576.7 ms --
2026-09-28T00:24:34.481629282Z 
2026-09-28T00:24:34.481642183Z -- cycle 5/5 --
2026-09-28T00:24:34.607974048Z     ·     vote   31    YES to node 1          (seq 65)
2026-09-28T00:24:34.682673229Z     ·     apply  31        69.9 ms HE    1 dec  from node 1  (seq 65)
2026-09-28T00:24:34.824789676Z     ·     apply  32        70.1 ms HE    1 dec  from node 1  (seq 66)
2026-09-28T00:24:34.975500202Z     ·     vote   33    YES to node 1          (seq 67)
2026-09-28T00:24:35.048441962Z     ·     apply  33        69.9 ms HE    1 dec  from node 1  (seq 67)
2026-09-28T00:24:35.192141708Z     ·     apply  34        69.8 ms HE    1 dec  from node 1  (seq 68)
2026-09-28T00:24:35.263920322Z     ·     vote   35    YES to node 1          (seq 69)
2026-09-28T00:24:35.339385799Z     ·     apply  35        69.9 ms HE    1 dec  from node 1  (seq 69)
2026-09-28T00:24:35.554500613Z     ·     apply  36        70.0 ms HE    1 dec  from node 1  (seq 70)
2026-09-28T00:24:35.626602767Z     ·     vote   39    YES to node 1          (seq 71)
2026-09-28T00:24:35.699013461Z     ·     apply  39        69.9 ms HE    1 dec  from node 1  (seq 71)
2026-09-28T00:24:35.780693118Z c5  s15  2pc    61        69.4 ms HE    1 dec  6 frames  + 6.6 ms peer-wait  (seq 25)
2026-09-28T00:24:35.856234904Z     ·     apply  30        69.7 ms HE    1 dec  from node 1  (seq 72)
2026-09-28T00:24:36.360785366Z c5  s23  2pc    65        69.7 ms HE    1 dec  6 frames  + 7.3 ms peer-wait  (seq 26)
2026-09-28T00:24:36.437292974Z c5  s24  notify 66        69.5 ms HE    1 dec  3 frames  + 2.0 ms peer-wait  (seq 27)
2026-09-28T00:24:36.444956336Z     ·     vote   31    YES to node 1          (seq 73)
2026-09-28T00:24:36.519093146Z     ·     apply  31        69.4 ms HE    1 dec  from node 1  (seq 73)
2026-09-28T00:24:36.658285626Z     ·     apply  32        69.6 ms HE    1 dec  from node 1  (seq 74)
2026-09-28T00:24:48.481800259Z     ·     vote   35    YES to node 1          (seq 75)
2026-09-28T00:24:48.555288188Z     ·     apply  35        69.8 ms HE    1 dec  from node 1  (seq 75)
2026-09-28T00:24:37.027779911Z     ·     apply  36        69.4 ms HE    1 dec  from node 1  (seq 76)
2026-09-28T00:24:37.109474970Z c5  s35  2pc    61        69.6 ms HE    1 dec  6 frames  + 6.7 ms peer-wait  (seq 28)
2026-09-28T00:24:37.168275454Z     ·     vote   33    YES to node 1          (seq 77)
2026-09-28T00:24:37.243826842Z     ·     apply  33        69.9 ms HE    1 dec  from node 1  (seq 77)
2026-09-28T00:24:37.384426298Z     ·     apply  34        70.0 ms HE    1 dec  from node 1  (seq 78)
2026-09-28T00:24:37.531644086Z     ·     vote   37    YES to node 1          (seq 79)
2026-09-28T00:24:37.604807974Z     ·     apply  37        69.7 ms HE    1 dec  from node 1  (seq 79)
2026-09-28T00:24:37.748280691Z     ·     apply  38        69.8 ms HE    1 dec  from node 1  (seq 80)
2026-09-28T00:24:37.827775774Z c5  s42  2pc    63        69.9 ms HE    1 dec  6 frames  + 4.6 ms peer-wait  (seq 29)
2026-09-28T00:24:37.904929863Z c5  s43  notify 64        69.8 ms HE    1 dec  3 frames  + 1.8 ms peer-wait  (seq 30)
2026-09-28T00:24:37.904996871Z -- cycle 5/5 done at 17991.4 ms --
2026-09-28T00:24:37.905007973Z 
2026-09-28T00:24:37.905014774Z ============================================================
2026-09-28T00:24:37.905021575Z   SUMMARY — node 4/6 — LOCAL MODULAR — UDP/IP multicast (RFC 1112)
2026-09-28T00:24:37.905029676Z ============================================================
2026-09-28T00:24:37.905037077Z   events this node FIRED:
2026-09-28T00:24:37.905043677Z   local (no network)           (none on this node)
2026-09-28T00:24:37.905050478Z   shared controllable    n=20   avg    76.11 ms  (HE   69.79 + net    6.16)  min   74.68  max    77.63   68.0%
2026-09-28T00:24:37.905057479Z   shared uncontroll.     n=10   avg    71.75 ms  (HE   69.74 + net    1.83)  min   71.47  max    72.05   32.0%
2026-09-28T00:24:37.905064680Z   events this node APPLIED for a peer (participant side):
2026-09-28T00:24:37.905071381Z   shared, applied        n=80   avg    73.58 ms  (HE   73.58 + net    0.00)  min   69.32  max   144.38
2026-09-28T00:24:37.905078382Z   sync-wait (peers reaching a shared step): n=30 avg 77.75 ms, 2.3 s total
2026-09-28T00:24:37.905085083Z      not protocol cost — the plant catching up; kept out of the rows above
2026-09-28T00:24:37.905092283Z   run clock, end of cycles 1..5 (ms): 4371.3 7773.0 11174.4 14576.7 17991.4
2026-09-28T00:24:37.905098884Z      a cycle is over at the LATEST node's value; DES_WORK_MS 0 included
2026-09-28T00:24:37.905140890Z   ----------------------------------------------------------
2026-09-28T00:24:37.905149391Z   all events            n=30   avg    74.66 ms  (HE   69.77 + net    4.71)
2026-09-28T00:24:37.905156191Z   PEER-WAIT + WIRE      6.3 % of total step time
2026-09-28T00:24:37.905162692Z      (compare against the round-trip probe above: the excess is
2026-09-28T00:24:37.905169293Z       the peer's own HE work, not the link.)
2026-09-28T00:24:37.905175694Z   frames: tx=293 rx=1304 retransmits=0
2026-09-28T00:24:37.905182595Z   authentication: HMAC-SHA256/128, 2.2 us per frame; 0 rejected (bad tag), 0 stale/replayed dropped, 5 epoch challenges
2026-09-28T00:24:37.905189596Z   rx queue: peak 7/64 frames
2026-09-28T00:24:37.905196096Z   plant check: 0 event reports rejected as physically impossible
2026-09-28T00:24:37.905202697Z      (these supervisors carry the plant: an impossible uncontrollable event is caught)
2026-09-28T00:24:37.905209498Z   ----------------------------------------------------------
2026-09-28T00:24:37.905216199Z   homomorphic vs cleartext oracle : PASS — every encrypted bit matched
2026-09-28T00:24:37.905223200Z      (PASS certifies the cryptography: each node's encrypted bits
2026-09-28T00:24:37.905229801Z       match its own clear model for the events it applied. It does
2026-09-28T00:24:37.905238702Z       not certify the distributed run — read the skips for that.)
2026-09-28T00:24:37.905248103Z   distributed vs MONOLITHIC sup.  : off — this header has no monolithic supervisor
2026-09-28T00:24:37.905255604Z   safe halt                       : no — ran to completion
2026-09-28T00:24:37.905262605Z ============================================================
2026-09-28T00:24:47.914321823Z @@RESULT {"node":4,"nodes":6,"family":"LOCAL MODULAR","data":"supervisor_data_fms.h","transport":"UDP/IP multicast (RFC 1112)","fingerprint":"8d540ec9","supervisors":["S4"],"fired":{"local":0,"ctrl":20,"unctrl":10},"applied_for_peers":80,"skips":0,"impossible":0,"tx":293,"rx":1304,"retx":0,"auth_bad":0,"replays":0,"challenges":5,"mac_us":2.24,"rxq_peak":7,"rxq_drops":0,"sync_wait_ms":2332.6,"oracle":"PASS","safe_halt":false,"halt_reason":"","cycle_end_ms":[4371.3,7773.0,11174.4,14576.7,17991.4],"rounds":5,"work_ms":0,"emu_scalarmul_ms":69.0,"exit":0}
