2026-09-28T04:00:38.479980508Z des_container: node 5 of 7, LOCAL MODULAR, data supervisor_data_fms.h, transport UDP/IP multicast (RFC 1112)
2026-09-28T04:00:38.480028414Z des_container: EMULATING the ESP32 — every decryption takes at least 69.0 ms (DES_EMU_SCALARMUL_MS)
2026-09-28T04:00:38.480032815Z 
2026-09-28T04:00:38.480035015Z ============================================================
2026-09-28T04:00:38.480037315Z   Distributed Homomorphic DES — generic engine
2026-09-28T04:00:38.480039615Z   node 5/7   family LOCAL MODULAR   7 supervisors   31 events
2026-09-28T04:00:38.480041916Z   data: supervisor_data_fms.h
2026-09-28T04:00:38.480044116Z ============================================================
2026-09-28T04:00:38.480966132Z --- event routing (DERIVED from the header, not hardcoded) ---
2026-09-28T04:00:38.480976933Z   event  ctrl  nodes      owner  class
2026-09-28T04:00:38.480978833Z   11     yes   1          1      local — no network
2026-09-28T04:00:38.480980634Z   12     no    1          1      local — no network
2026-09-28T04:00:38.480981934Z   21     yes   2          2      local — no network
2026-09-28T04:00:38.480983234Z   22     no    2          2      local — no network
2026-09-28T04:00:38.480984534Z   30     no    1 2 3 4 5 6 7  1      SHARED — needs network
2026-09-28T04:00:38.480985834Z   31     yes   1 2 3 4 5 6 7  1      SHARED — needs network
2026-09-28T04:00:38.480987134Z   32     no    1 2 3 4 5 6 7  1      SHARED — needs network
2026-09-28T04:00:38.480988435Z   33     yes   1 2 3 4 5 6 7  1      SHARED — needs network
2026-09-28T04:00:38.480989735Z   34     no    1 2 3 4 5 6 7  1      SHARED — needs network
2026-09-28T04:00:38.480990935Z   35     yes   1 2 3 4 5 6 7  1      SHARED — needs network
2026-09-28T04:00:38.480992235Z   36     no    1 2 3 4 5 6 7  1      SHARED — needs network
2026-09-28T04:00:38.480993735Z   37     yes   1 2 3 4 5 6 7  1      SHARED — needs network
2026-09-28T04:00:38.480995735Z   38     no    1 2 3 4 5 6 7  1      SHARED — needs network
2026-09-28T04:00:38.480997636Z   39     yes   1 2 3 4 5 6 7  1      SHARED — needs network
2026-09-28T04:00:38.480999636Z   41     yes   3          3      local — no network
2026-09-28T04:00:38.481001836Z   42     no    3          3      local — no network
2026-09-28T04:00:38.481003836Z   51     yes   4          4      local — no network
2026-09-28T04:00:38.481006337Z   52     no    4          4      local — no network
2026-09-28T04:00:38.481008537Z   53     yes   4          4      local — no network
2026-09-28T04:00:38.481010637Z   54     no    4          4      local — no network
2026-09-28T04:00:38.481012838Z   61     yes   5 6 7      5      SHARED — needs network
2026-09-28T04:00:38.481014938Z   63     yes   5 6 7      5      SHARED — needs network
2026-09-28T04:00:38.481017238Z   64     no    5 6 7      5      SHARED — needs network
2026-09-28T04:00:38.481031040Z   65     yes   5 6 7      5      SHARED — needs network
2026-09-28T04:00:38.481033740Z   66     no    5 6 7      5      SHARED — needs network
2026-09-28T04:00:38.481035640Z   71     yes   7          7      local — no network
2026-09-28T04:00:38.481037741Z   72     no    7          7      local — no network
2026-09-28T04:00:38.481039841Z   73     yes   7          7      local — no network
2026-09-28T04:00:38.481042041Z   74     no    7          7      local — no network
2026-09-28T04:00:38.481044142Z   81     yes   7          7      local — no network
2026-09-28T04:00:38.481046242Z   82     no    7          7      local — no network
2026-09-28T04:00:38.481048442Z   => 15/31 events shared; 16/31 need ZERO network traffic; 15 concern this node
2026-09-28T04:00:38.481050942Z   NOTE controllability was INFERRED from event labels (the header
2026-09-28T04:00:38.481053943Z        does not carry it). Check the 'ctrl' column above; if it is
2026-09-28T04:00:38.481055543Z        wrong, set DES_CONTROLLABLE_MASK explicitly.
2026-09-28T04:00:38.481056843Z 
2026-09-28T04:00:38.481058043Z [init] config fingerprint 04511541 — every node must print the same
2026-09-28T04:00:38.481059443Z 
2026-09-28T04:00:38.481319276Z [net] UDP multicast 239.192.7.1:5077  ttl=1  frame=44 B
2026-09-28T04:00:38.481327677Z --- crypto self-test ---
2026-09-28T04:00:38.483959108Z   Enc(0)->0 Enc(1)->1                PASS
2026-09-28T04:00:38.484624491Z   Enc(1)+Enc(1)->1 homomorphic OR   PASS
2026-09-28T04:00:38.486181287Z   Enc(0)+Enc(0)->0                  PASS
2026-09-28T04:00:38.486267497Z   curve secp192r1, ciphertext 50 B    PASS
2026-09-28T04:00:38.486270498Z   frame tag HMAC-SHA256/128: 1.6 us, 1-bit tamper caught  PASS
2026-09-28T04:00:38.486271898Z 
2026-09-28T04:00:38.486273098Z --- encrypting my supervisors' initial states ---
2026-09-28T04:00:38.486274398Z [load] S4         idx 4   44 states  15 constraining ev    2200 B ciphertext
2026-09-28T04:00:39.573300807Z [init] my keypair is mine alone; no ciphertext ever leaves this node
2026-09-28T04:00:39.573361715Z [init] my enablement: 11=1 12=1 21=1 22=1 30=0 31=1 32=0 33=1 34=0 35=1 36=0 37=1 38=0 39=1 41=1 42=1 51=1 52=1 53=1 54=1 61=0 63=0 64=0 65=0 66=0 71=1 72=1 73=1 74=1 81=1 82=1
2026-09-28T04:00:39.573371216Z 
2026-09-28T04:00:39.975433407Z [net] waiting for 6 peer(s).. all present.
2026-09-28T04:00:41.482391092Z 
2026-09-28T04:00:41.482490505Z ============================================================
2026-09-28T04:00:41.482511707Z   RUN — SIM_SEQ driver — 5 cycles x 44 steps — LOCAL MODULAR
2026-09-28T04:00:41.482528209Z   columns: cN sNN = cycle/step of MY walk; · = a peer caused this
2026-09-28T04:00:41.482604119Z   'done at': run clock, common to all nodes; a cycle is over at the
2026-09-28T04:00:41.482620021Z   LATEST node's print, machine time (DES_WORK_MS 0) included
2026-09-28T04:00:41.482631622Z ============================================================
2026-09-28T04:00:41.482642924Z 
2026-09-28T04:00:41.482667527Z -- cycle 1/5 --
2026-09-28T04:00:42.282909821Z     ·     vote   31    YES to node 1          (seq 1)
2026-09-28T04:00:42.361501691Z     ·     apply  31        74.7 ms HE    1 dec  from node 1  (seq 1)
2026-09-28T04:00:42.593237292Z     ·     apply  32       143.6 ms HE    2 dec  from node 1  (seq 2)
2026-09-28T04:00:42.737707035Z     ·     vote   33    YES to node 1          (seq 3)
2026-09-28T04:00:42.817104405Z     ·     apply  33        74.4 ms HE    1 dec  from node 1  (seq 3)
2026-09-28T04:00:43.048508465Z     ·     apply  34       145.1 ms HE    2 dec  from node 1  (seq 4)
2026-09-28T04:00:43.132884961Z     ·     vote   35    YES to node 1          (seq 5)
2026-09-28T04:00:43.210097257Z     ·     apply  35        71.8 ms HE    1 dec  from node 1  (seq 5)
2026-09-28T04:00:43.495778833Z     ·     apply  36       142.2 ms HE    2 dec  from node 1  (seq 6)
2026-09-28T04:00:43.586604739Z     ·     vote   39    YES to node 1          (seq 7)
2026-09-28T04:00:43.730743140Z     ·     apply  39       141.0 ms HE    2 dec  from node 1  (seq 7)
2026-09-28T04:00:43.813510534Z c1  s15  2pc    61        69.5 ms HE    1 dec  6 frames  + 5.8 ms peer-wait  (seq 1)
2026-09-28T04:00:43.956905541Z     ·     apply  30        69.7 ms HE    1 dec  from node 1  (seq 8)
2026-09-28T04:00:44.459699382Z c1  s23  2pc    65        70.1 ms HE    1 dec  6 frames  + 5.9 ms peer-wait  (seq 2)
2026-09-28T04:00:44.607250011Z c1  s24  notify 66        70.3 ms HE    1 dec  3 frames  + 1.7 ms peer-wait  (seq 3)
2026-09-28T04:00:44.682360544Z     ·     vote   31    YES to node 1          (seq 9)
2026-09-28T04:00:44.754609317Z     ·     apply  31        69.8 ms HE    1 dec  from node 1  (seq 9)
2026-09-28T04:00:44.831785509Z     ·     apply  32        69.7 ms HE    1 dec  from node 1  (seq 10)
2026-09-28T04:00:44.979022999Z     ·     vote   35    YES to node 1          (seq 11)
2026-09-28T04:00:45.051173259Z     ·     apply  35        69.8 ms HE    1 dec  from node 1  (seq 11)
2026-09-28T04:00:45.128753702Z     ·     apply  36        69.7 ms HE    1 dec  from node 1  (seq 12)
2026-09-28T04:00:45.278256576Z c1  s35  2pc    61        69.5 ms HE    1 dec  6 frames  + 6.0 ms peer-wait  (seq 4)
2026-09-28T04:00:45.427747149Z     ·     vote   33    YES to node 1          (seq 13)
2026-09-28T04:00:45.502560344Z     ·     apply  33        69.7 ms HE    1 dec  from node 1  (seq 13)
2026-09-28T04:00:45.577683778Z     ·     apply  34        69.9 ms HE    1 dec  from node 1  (seq 14)
2026-09-28T04:00:45.724678638Z     ·     vote   37    YES to node 1          (seq 15)
2026-09-28T04:00:57.287207609Z     ·     apply  37        69.9 ms HE    1 dec  from node 1  (seq 15)
2026-09-28T04:00:57.365667262Z     ·     apply  38        69.9 ms HE    1 dec  from node 1  (seq 16)
2026-09-28T04:00:57.447111790Z c1  s42  2pc    63        69.7 ms HE    1 dec  6 frames  + 5.6 ms peer-wait  (seq 5)
2026-09-28T04:00:46.045551609Z c1  s43  notify 64        69.5 ms HE    1 dec  3 frames  + 1.6 ms peer-wait  (seq 6)
2026-09-28T04:00:46.045621518Z -- cycle 1/5 done at 3988.3 ms --
2026-09-28T04:00:46.045638520Z 
2026-09-28T04:00:46.045649021Z -- cycle 2/5 --
2026-09-28T04:00:46.048586690Z     ·     vote   31    YES to node 1          (seq 17)
2026-09-28T04:00:46.122934527Z     ·     apply  31        69.5 ms HE    1 dec  from node 1  (seq 17)
2026-09-28T04:00:46.196961023Z     ·     apply  32        69.3 ms HE    1 dec  from node 1  (seq 18)
2026-09-28T04:00:46.343269697Z     ·     vote   33    YES to node 1          (seq 19)
2026-09-28T04:00:46.415707293Z     ·     apply  33        69.9 ms HE    1 dec  from node 1  (seq 19)
2026-09-28T04:00:46.491214875Z     ·     apply  34        69.9 ms HE    1 dec  from node 1  (seq 20)
2026-09-28T04:00:46.497112916Z     ·     vote   35    YES to node 1          (seq 21)
2026-09-28T04:00:46.571808496Z     ·     apply  35        70.1 ms HE    1 dec  from node 1  (seq 21)
2026-09-28T04:00:46.786295832Z     ·     apply  36        69.2 ms HE    1 dec  from node 1  (seq 22)
2026-09-28T04:00:46.790644778Z     ·     vote   39    YES to node 1          (seq 23)
2026-09-28T04:00:46.862164659Z     ·     apply  39        69.3 ms HE    1 dec  from node 1  (seq 23)
2026-09-28T04:00:46.940678019Z c2  s15  2pc    61        69.2 ms HE    1 dec  6 frames  + 4.7 ms peer-wait  (seq 7)
2026-09-28T04:00:47.014094439Z     ·     apply  30        69.2 ms HE    1 dec  from node 1  (seq 24)
2026-09-28T04:00:47.512678451Z c2  s23  2pc    65        69.8 ms HE    1 dec  6 frames  + 6.4 ms peer-wait  (seq 8)
2026-09-28T04:00:47.586026762Z c2  s24  notify 66        69.5 ms HE    1 dec  3 frames  + 1.4 ms peer-wait  (seq 9)
2026-09-28T04:00:47.590767957Z     ·     vote   31    YES to node 1          (seq 25)
2026-09-28T04:00:47.664249685Z     ·     apply  31        69.9 ms HE    1 dec  from node 1  (seq 25)
2026-09-28T04:00:47.742086760Z     ·     apply  32        70.0 ms HE    1 dec  from node 1  (seq 26)
2026-09-28T04:00:47.889180032Z     ·     vote   35    YES to node 1          (seq 27)
2026-09-28T04:00:47.962801977Z     ·     apply  35        69.9 ms HE    1 dec  from node 1  (seq 27)
2026-09-28T04:00:48.040039877Z     ·     apply  36        69.8 ms HE    1 dec  from node 1  (seq 28)
2026-09-28T04:00:48.118551436Z c2  s35  2pc    61        69.7 ms HE    1 dec  6 frames  + 5.7 ms peer-wait  (seq 10)
2026-09-28T04:00:48.125808647Z     ·     vote   33    YES to node 1          (seq 29)
2026-09-28T04:00:48.200877275Z     ·     apply  33        69.9 ms HE    1 dec  from node 1  (seq 29)
2026-09-28T04:00:48.276806810Z     ·     apply  34        69.8 ms HE    1 dec  from node 1  (seq 30)
2026-09-28T04:00:48.422703231Z     ·     vote   37    YES to node 1          (seq 31)
2026-09-28T04:00:48.496933953Z     ·     apply  37        70.2 ms HE    1 dec  from node 1  (seq 31)
2026-09-28T04:00:48.572915295Z     ·     apply  38        69.8 ms HE    1 dec  from node 1  (seq 32)
2026-09-28T04:00:48.652944245Z c2  s42  2pc    63        70.2 ms HE    1 dec  6 frames  + 5.1 ms peer-wait  (seq 11)
2026-09-28T04:00:48.725808995Z c2  s43  notify 64        69.3 ms HE    1 dec  3 frames  + 1.2 ms peer-wait  (seq 12)
2026-09-28T04:00:48.725860002Z -- cycle 2/5 done at 6668.7 ms --
2026-09-28T04:00:48.725866303Z 
2026-09-28T04:00:48.725869903Z -- cycle 3/5 --
2026-09-28T04:00:48.730659404Z     ·     vote   31    YES to node 1          (seq 33)
2026-09-28T04:00:48.805747534Z     ·     apply  31        69.8 ms HE    1 dec  from node 1  (seq 33)
2026-09-28T04:00:48.880619436Z     ·     apply  32        69.7 ms HE    1 dec  from node 1  (seq 34)
2026-09-28T04:00:49.029436225Z     ·     vote   33    YES to node 1          (seq 35)
2026-09-28T04:00:49.101612989Z     ·     apply  33        69.7 ms HE    1 dec  from node 1  (seq 35)
2026-09-28T04:00:49.178410233Z     ·     apply  34        69.8 ms HE    1 dec  from node 1  (seq 36)
2026-09-28T04:00:49.184971357Z     ·     vote   35    YES to node 1          (seq 37)
2026-09-28T04:00:49.259087464Z     ·     apply  35        69.8 ms HE    1 dec  from node 1  (seq 37)
2026-09-28T04:00:49.477473489Z     ·     apply  36        69.8 ms HE    1 dec  from node 1  (seq 38)
2026-09-28T04:00:49.483103496Z     ·     vote   39    YES to node 1          (seq 39)
2026-09-28T04:00:49.556321691Z     ·     apply  39        69.8 ms HE    1 dec  from node 1  (seq 39)
2026-09-28T04:00:49.636402047Z c3  s15  2pc    61        69.7 ms HE    1 dec  6 frames  + 5.7 ms peer-wait  (seq 13)
2026-09-28T04:00:49.711298453Z     ·     apply  30        70.2 ms HE    1 dec  from node 1  (seq 40)
2026-09-28T04:00:50.211947124Z c3  s23  2pc    65        69.6 ms HE    1 dec  6 frames  + 6.2 ms peer-wait  (seq 14)
2026-09-28T04:00:50.286582297Z c3  s24  notify 66        69.9 ms HE    1 dec  3 frames  + 1.5 ms peer-wait  (seq 15)
2026-09-28T04:00:50.291997877Z     ·     vote   31    YES to node 1          (seq 41)
2026-09-28T04:00:50.365087256Z     ·     apply  31        69.9 ms HE    1 dec  from node 1  (seq 41)
2026-09-28T04:00:50.442612991Z     ·     apply  32        69.8 ms HE    1 dec  from node 1  (seq 42)
2026-09-28T04:00:50.587500586Z     ·     vote   35    YES to node 1          (seq 43)
2026-09-28T04:00:50.662504405Z     ·     apply  35        69.5 ms HE    1 dec  from node 1  (seq 43)
2026-09-28T04:00:50.737433815Z     ·     apply  36        69.7 ms HE    1 dec  from node 1  (seq 44)
2026-09-28T04:01:02.292328629Z c3  s35  2pc    61        69.4 ms HE    1 dec  6 frames  + 4.6 ms peer-wait  (seq 16)
2026-09-28T04:01:02.296916505Z     ·     vote   33    YES to node 1          (seq 45)
2026-09-28T04:01:02.372621812Z     ·     apply  33        69.8 ms HE    1 dec  from node 1  (seq 45)
2026-09-28T04:01:02.449920419Z     ·     apply  34        69.7 ms HE    1 dec  from node 1  (seq 46)
2026-09-28T04:00:51.106386550Z     ·     vote   37    YES to node 1          (seq 47)
2026-09-28T04:00:51.179053475Z     ·     apply  37        69.6 ms HE    1 dec  from node 1  (seq 47)
2026-09-28T04:00:51.253577134Z     ·     apply  38        70.1 ms HE    1 dec  from node 1  (seq 48)
2026-09-28T04:00:51.333670792Z c3  s42  2pc    63        69.9 ms HE    1 dec  6 frames  + 4.9 ms peer-wait  (seq 17)
2026-09-28T04:00:51.409777850Z c3  s43  notify 64        69.7 ms HE    1 dec  3 frames  + 1.5 ms peer-wait  (seq 18)
2026-09-28T04:00:51.409855460Z -- cycle 3/5 done at 9365.5 ms --
2026-09-28T04:00:51.409875662Z 
2026-09-28T04:00:51.409887164Z -- cycle 4/5 --
2026-09-28T04:00:51.415090917Z     ·     vote   31    YES to node 1          (seq 49)
2026-09-28T04:00:51.489185222Z     ·     apply  31        69.4 ms HE    1 dec  from node 1  (seq 49)
2026-09-28T04:00:51.563896904Z     ·     apply  32        69.7 ms HE    1 dec  from node 1  (seq 50)
2026-09-28T04:00:51.710550121Z     ·     vote   33    YES to node 1          (seq 51)
2026-09-28T04:00:51.783112733Z     ·     apply  33        69.7 ms HE    1 dec  from node 1  (seq 51)
2026-09-28T04:00:51.858627216Z     ·     apply  34        70.1 ms HE    1 dec  from node 1  (seq 52)
2026-09-28T04:00:51.863992890Z     ·     vote   35    YES to node 1          (seq 53)
2026-09-28T04:00:51.938278119Z     ·     apply  35        69.7 ms HE    1 dec  from node 1  (seq 53)
2026-09-28T04:00:52.153255416Z     ·     apply  36        69.8 ms HE    1 dec  from node 1  (seq 54)
2026-09-28T04:00:52.160234692Z     ·     vote   39    YES to node 1          (seq 55)
2026-09-28T04:00:52.232678089Z     ·     apply  39        69.6 ms HE    1 dec  from node 1  (seq 55)
2026-09-28T04:00:52.312169372Z c4  s15  2pc    61        69.5 ms HE    1 dec  6 frames  + 5.2 ms peer-wait  (seq 19)
2026-09-28T04:00:52.386599219Z     ·     apply  30        69.9 ms HE    1 dec  from node 1  (seq 56)
2026-09-28T04:00:52.885482269Z c4  s23  2pc    65        69.8 ms HE    1 dec  6 frames  + 5.8 ms peer-wait  (seq 20)
2026-09-28T04:00:52.960165347Z c4  s24  notify 66        70.3 ms HE    1 dec  3 frames  + 1.7 ms peer-wait  (seq 21)
2026-09-28T04:00:52.965586628Z     ·     vote   31    YES to node 1          (seq 57)
2026-09-28T04:00:53.040392622Z     ·     apply  31        69.8 ms HE    1 dec  from node 1  (seq 57)
2026-09-28T04:00:53.115391941Z     ·     apply  32        69.8 ms HE    1 dec  from node 1  (seq 58)
2026-09-28T04:00:53.262952571Z     ·     vote   35    YES to node 1          (seq 59)
2026-09-28T04:00:53.338592770Z     ·     apply  35        69.9 ms HE    1 dec  from node 1  (seq 59)
2026-09-28T04:00:53.413083525Z     ·     apply  36        69.8 ms HE    1 dec  from node 1  (seq 60)
2026-09-28T04:00:53.493855168Z c4  s35  2pc    61        69.7 ms HE    1 dec  6 frames  + 6.3 ms peer-wait  (seq 22)
2026-09-28T04:00:53.499765810Z     ·     vote   33    YES to node 1          (seq 61)
2026-09-28T04:00:53.574406684Z     ·     apply  33        69.8 ms HE    1 dec  from node 1  (seq 61)
2026-09-28T04:00:53.650535144Z     ·     apply  34        70.0 ms HE    1 dec  from node 1  (seq 62)
2026-09-28T04:00:53.796795611Z     ·     vote   37    YES to node 1          (seq 63)
2026-09-28T04:00:53.869256811Z     ·     apply  37        69.7 ms HE    1 dec  from node 1  (seq 63)
2026-09-28T04:00:53.946508312Z     ·     apply  38        70.0 ms HE    1 dec  from node 1  (seq 64)
2026-09-28T04:00:54.025621847Z c4  s42  2pc    63        69.8 ms HE    1 dec  6 frames  + 4.3 ms peer-wait  (seq 23)
2026-09-28T04:00:54.102139456Z c4  s43  notify 64        69.7 ms HE    1 dec  3 frames  + 1.5 ms peer-wait  (seq 24)
2026-09-28T04:00:54.102203664Z -- cycle 4/5 done at 12057.3 ms --
2026-09-28T04:00:54.102214566Z 
2026-09-28T04:00:54.102221766Z -- cycle 5/5 --
2026-09-28T04:00:54.106584514Z     ·     vote   31    YES to node 1          (seq 65)
2026-09-28T04:00:54.181631239Z     ·     apply  31        69.8 ms HE    1 dec  from node 1  (seq 65)
2026-09-28T04:00:54.257385952Z     ·     apply  32        69.7 ms HE    1 dec  from node 1  (seq 66)
2026-09-28T04:00:54.404901177Z     ·     vote   33    YES to node 1          (seq 67)
2026-09-28T04:00:54.477712020Z     ·     apply  33        69.8 ms HE    1 dec  from node 1  (seq 67)
2026-09-28T04:00:54.555125942Z     ·     apply  34        70.2 ms HE    1 dec  from node 1  (seq 68)
2026-09-28T04:00:54.561518345Z     ·     vote   35    YES to node 1          (seq 69)
2026-09-28T04:00:54.635709262Z     ·     apply  35        70.1 ms HE    1 dec  from node 1  (seq 69)
2026-09-28T04:00:54.852009325Z     ·     apply  36        69.9 ms HE    1 dec  from node 1  (seq 70)
2026-09-28T04:00:54.857212678Z     ·     vote   39    YES to node 1          (seq 71)
2026-09-28T04:00:54.932142088Z     ·     apply  39        70.0 ms HE    1 dec  from node 1  (seq 71)
2026-09-28T04:00:55.011166512Z c5  s15  2pc    61        70.0 ms HE    1 dec  6 frames  + 5.8 ms peer-wait  (seq 25)
2026-09-28T04:00:55.086086020Z     ·     apply  30        69.7 ms HE    1 dec  from node 1  (seq 72)
2026-09-28T04:00:55.586513964Z c5  s23  2pc    65        70.3 ms HE    1 dec  6 frames  + 5.5 ms peer-wait  (seq 26)
2026-09-28T04:00:55.660304030Z c5  s24  notify 66        69.6 ms HE    1 dec  3 frames  + 1.7 ms peer-wait  (seq 27)
2026-09-28T04:00:55.666251377Z     ·     vote   31    YES to node 1          (seq 73)
2026-09-28T04:00:55.741326005Z     ·     apply  31        70.1 ms HE    1 dec  from node 1  (seq 73)
2026-09-28T04:01:07.305444166Z     ·     apply  32        69.8 ms HE    1 dec  from node 1  (seq 74)
2026-09-28T04:01:07.452137588Z     ·     vote   35    YES to node 1          (seq 75)
2026-09-28T04:00:56.036782450Z     ·     apply  35        69.8 ms HE    1 dec  from node 1  (seq 75)
2026-09-28T04:00:56.114111761Z     ·     apply  36        69.6 ms HE    1 dec  from node 1  (seq 76)
2026-09-28T04:00:56.191250848Z c5  s35  2pc    61        69.3 ms HE    1 dec  6 frames  + 5.6 ms peer-wait  (seq 28)
2026-09-28T04:00:56.197413722Z     ·     vote   33    YES to node 1          (seq 77)
2026-09-28T04:00:56.272030893Z     ·     apply  33        69.9 ms HE    1 dec  from node 1  (seq 77)
2026-09-28T04:00:56.347691894Z     ·     apply  34        69.7 ms HE    1 dec  from node 1  (seq 78)
2026-09-28T04:00:56.496031523Z     ·     vote   37    YES to node 1          (seq 79)
2026-09-28T04:00:56.568487922Z     ·     apply  37        69.7 ms HE    1 dec  from node 1  (seq 79)
2026-09-28T04:00:56.645394780Z     ·     apply  38        69.8 ms HE    1 dec  from node 1  (seq 80)
2026-09-28T04:00:56.726508866Z c5  s42  2pc    63        70.0 ms HE    1 dec  6 frames  + 5.8 ms peer-wait  (seq 29)
2026-09-28T04:00:56.802611723Z c5  s43  notify 64        69.6 ms HE    1 dec  3 frames  + 1.5 ms peer-wait  (seq 30)
2026-09-28T04:00:56.802667130Z -- cycle 5/5 done at 14758.2 ms --
2026-09-28T04:00:56.802676831Z 
2026-09-28T04:00:56.802683632Z ============================================================
2026-09-28T04:00:56.802690433Z   SUMMARY — node 5/7 — LOCAL MODULAR — UDP/IP multicast (RFC 1112)
2026-09-28T04:00:56.802698534Z ============================================================
2026-09-28T04:00:56.802705635Z   events this node FIRED:
2026-09-28T04:00:56.802714436Z   local (no network)           (none on this node)
2026-09-28T04:00:56.802721337Z   shared controllable    n=20   avg    75.42 ms  (HE   69.74 + net    5.55)  min   73.94  max    76.39   67.9%
2026-09-28T04:00:56.802728138Z   shared uncontroll.     n=10   avg    71.46 ms  (HE   69.75 + net    1.53)  min   70.66  max    72.17   32.1%
2026-09-28T04:00:56.802735238Z   events this node APPLIED for a peer (participant side):
2026-09-28T04:00:56.802741639Z   shared, applied        n=80   avg    73.59 ms  (HE   73.59 + net    0.00)  min   69.23  max   145.07
2026-09-28T04:00:56.802748440Z   sync-wait (peers reaching a shared step): n=30 avg 77.23 ms, 2.3 s total
2026-09-28T04:00:56.802754941Z      not protocol cost — the plant catching up; kept out of the rows above
2026-09-28T04:00:56.802762242Z   run clock, end of cycles 1..5 (ms): 3988.3 6668.7 9365.5 12057.3 14758.2
2026-09-28T04:00:56.802768843Z      a cycle is over at the LATEST node's value; DES_WORK_MS 0 included
2026-09-28T04:00:56.802827850Z   ----------------------------------------------------------
2026-09-28T04:00:56.802836551Z   all events            n=30   avg    74.10 ms  (HE   69.74 + net    4.21)
2026-09-28T04:00:56.802843352Z   PEER-WAIT + WIRE      5.7 % of total step time
2026-09-28T04:00:56.802849753Z      (compare against the round-trip probe above: the excess is
2026-09-28T04:00:56.802856454Z       the peer's own HE work, not the link.)
2026-09-28T04:00:56.802862855Z   frames: tx=291 rx=1565 retransmits=0
2026-09-28T04:00:56.802869755Z   authentication: HMAC-SHA256/128, 1.6 us per frame; 0 rejected (bad tag), 0 stale/replayed dropped, 6 epoch challenges
2026-09-28T04:00:56.802876956Z   rx queue: peak 9/64 frames
2026-09-28T04:00:56.802883457Z   plant check: 0 event reports rejected as physically impossible
2026-09-28T04:00:56.802890358Z      (these supervisors carry the plant: an impossible uncontrollable event is caught)
2026-09-28T04:00:56.802897059Z   ----------------------------------------------------------
2026-09-28T04:00:56.802903460Z   homomorphic vs cleartext oracle : PASS — every encrypted bit matched
2026-09-28T04:00:56.802910460Z      (PASS certifies the cryptography: each node's encrypted bits
2026-09-28T04:00:56.802916961Z       match its own clear model for the events it applied. It does
2026-09-28T04:00:56.802924062Z       not certify the distributed run — read the skips for that.)
2026-09-28T04:00:56.802933163Z   distributed vs MONOLITHIC sup.  : off — this header has no monolithic supervisor
2026-09-28T04:00:56.802940564Z   safe halt                       : no — ran to completion
2026-09-28T04:00:56.802947565Z ============================================================
2026-09-28T04:01:06.812506407Z @@RESULT {"node":5,"nodes":7,"family":"LOCAL MODULAR","data":"supervisor_data_fms.h","transport":"UDP/IP multicast (RFC 1112)","fingerprint":"04511541","supervisors":["S4"],"fired":{"local":0,"ctrl":20,"unctrl":10},"applied_for_peers":80,"skips":0,"impossible":0,"tx":291,"rx":1565,"retx":0,"auth_bad":0,"replays":0,"challenges":6,"mac_us":1.55,"rxq_peak":9,"rxq_drops":0,"sync_wait_ms":2316.8,"oracle":"PASS","safe_halt":false,"halt_reason":"","cycle_end_ms":[3988.3,6668.7,9365.5,12057.3,14758.2],"rounds":5,"work_ms":0,"emu_scalarmul_ms":69.0,"exit":0}
