des_container: node 1 of 2, LOCAL MODULAR, data supervisor_data_fms.h, transport UDP/IP multicast (RFC 1112)

============================================================
  Distributed Homomorphic DES — generic engine
  node 1/2   family LOCAL MODULAR   7 supervisors   31 events
  data: supervisor_data_fms.h
============================================================
--- event routing (DERIVED from the header, not hardcoded) ---
  event  ctrl  nodes      owner  class
  11     yes   1          1      local — no network
  12     no    1          1      local — no network
  21     yes   1          1      local — no network
  22     no    1          1      local — no network
  30     no    1 2        1      SHARED — needs network
  31     yes   1 2        1      SHARED — needs network
  32     no    1 2        1      SHARED — needs network
  33     yes   1 2        1      SHARED — needs network
  34     no    1 2        1      SHARED — needs network
  35     yes   1 2        1      SHARED — needs network
  36     no    1 2        1      SHARED — needs network
  37     yes   1 2        1      SHARED — needs network
  38     no    1 2        1      SHARED — needs network
  39     yes   1 2        1      SHARED — needs network
  41     yes   1          1      local — no network
  42     no    1          1      local — no network
  51     yes   1          1      local — no network
  52     no    1          1      local — no network
  53     yes   1          1      local — no network
  54     no    1          1      local — no network
  61     yes   2          2      local — no network
  63     yes   2          2      local — no network
  64     no    2          2      local — no network
  65     yes   2          2      local — no network
  66     no    2          2      local — no network
  71     yes   2          2      local — no network
  72     no    2          2      local — no network
  73     yes   2          2      local — no network
  74     no    2          2      local — no network
  81     yes   2          2      local — no network
  82     no    2          2      local — no network
  => 10/31 events shared; 21/31 need ZERO network traffic; 20 concern this node
  NOTE controllability was INFERRED from event labels (the header
       does not carry it). Check the 'ctrl' column above; if it is
       wrong, set DES_CONTROLLABLE_MASK explicitly.

[init] config fingerprint edbd7971 — every node must print the same

[net] UDP multicast 239.192.7.1:5077  ttl=1  frame=44 B
--- crypto self-test ---
  Enc(0)->0 Enc(1)->1                PASS
  Enc(1)+Enc(1)->1 homomorphic OR   PASS
  Enc(0)+Enc(0)->0                  PASS
  curve secp192r1, ciphertext 50 B    PASS
  frame tag HMAC-SHA256/128: 1.6 us, 1-bit tamper caught  PASS

--- encrypting my supervisors' initial states ---
[load] S0         idx 0   18 states  12 constraining ev     900 B ciphertext
[load] S1         idx 1   18 states  12 constraining ev     900 B ciphertext
[load] S2         idx 2   18 states  12 constraining ev     900 B ciphertext
[load] S3         idx 3   21 states  14 constraining ev    1050 B ciphertext
[init] my keypair is mine alone; no ciphertext ever leaves this node
[init] my enablement: 11=1 12=0 21=1 22=0 30=0 31=0 32=0 33=0 34=0 35=0 36=0 37=0 38=0 39=0 41=0 42=0 51=0 52=0 53=0 54=0 61=1 63=1 64=1 65=1 66=1 71=1 72=1 73=1 74=1 81=1 82=1

[net] waiting for 1 peer(s). all present.

--- transport round-trip probe (UDP/IP multicast (RFC 1112)) ---
  6 probes: avg 4.16 ms  min 3.14 ms  max 4.73 ms

============================================================
  RUN — SIM_SEQ driver — 5 cycles x 44 steps — LOCAL MODULAR
  columns: cN sNN = cycle/step of MY walk; · = a peer caused this
  'done at': run clock, common to all nodes; a cycle is over at the
  LATEST node's print, machine time (DES_WORK_MS 0) included
============================================================

-- cycle 1/5 --
c1  s0   local  21         5.7 ms HE    2 dec  0 frames
c1  s1   local  11         5.6 ms HE    2 dec  0 frames
c1  s2   local  12         2.0 ms HE    1 dec  0 frames
c1  s3   2pc    31         5.4 ms HE    4 dec  4 frames  + 6006.9 ms peer-wait  (seq 1)
c1  s4   notify 32         8.3 ms HE    7 dec  2 frames  + 1502.7 ms peer-wait  (seq 2)
c1  s5   local  41         1.1 ms HE    1 dec  0 frames
c1  s6   local  22         1.2 ms HE    1 dec  0 frames
c1  s7   local  42         1.2 ms HE    1 dec  0 frames
c1  s8   2pc    33         2.8 ms HE    4 dec  4 frames  + 3007.3 ms peer-wait  (seq 3)
c1  s9   notify 34         4.5 ms HE    4 dec  2 frames  + 1504.3 ms peer-wait  (seq 4)
c1  s10  2pc    35         9.3 ms HE    4 dec  4 frames  + 3007.9 ms peer-wait  (seq 5)
c1  s11  local  53         1.7 ms HE    1 dec  0 frames
c1  s12  local  54         1.5 ms HE    1 dec  0 frames
c1  s13  notify 36         4.2 ms HE    4 dec  2 frames  + 1.2 ms peer-wait  (seq 6)
c1  s14  2pc    39         6.4 ms HE    4 dec  4 frames  + 6006.2 ms peer-wait  (seq 7)
c1  s16  notify 30         8.8 ms HE    4 dec  2 frames  + 1.5 ms peer-wait  (seq 8)
c1  s25  local  11         1.7 ms HE    1 dec  0 frames
c1  s26  local  21         1.5 ms HE    1 dec  0 frames
c1  s27  local  12         1.7 ms HE    1 dec  0 frames
c1  s28  2pc    31         3.0 ms HE    4 dec  4 frames  + 1508.4 ms peer-wait  (seq 9)
c1  s29  notify 32         7.3 ms HE    4 dec  2 frames  + 1.4 ms peer-wait  (seq 10)
c1  s30  local  41         1.3 ms HE    1 dec  0 frames
c1  s31  local  42         1.0 ms HE    1 dec  0 frames
c1  s32  retry  35    no quorum after 4 tries — nothing applied anywhere

############################################################
  SAFE HALT on node 1: COMMIT unacknowledged — a participant may not have applied a shared event
  tx=73 rx=132 retx=23
  This node cannot prove its peers are in the same state, so it
  refuses to act further. Safety preserved, liveness is not —
  the Two Generals trade, made explicit.
############################################################


============================================================
  SUMMARY — node 1/2 — LOCAL MODULAR — UDP/IP multicast (RFC 1112)
============================================================
  events this node FIRED:
  local (no network)     n=13   avg     2.16 ms  (HE    2.07 + net    0.00)  min    1.09  max     5.78    0.1%
  shared controllable    n=5    avg  3912.82 ms  (HE    5.37 + net 3907.33)  min 1511.55  max  6012.70   86.4%
  shared uncontroll.     n=5    avg   608.97 ms  (HE    6.61 + net  602.24)  min    5.51  max  1511.14   13.5%
  events this node APPLIED for a peer (participant side):
  shared, applied              (none on this node)
  sync-wait (peers reaching a shared step): n=11 avg 92.23 ms, 1.0 s total
     not protocol cost — the plant catching up; kept out of the rows above
  ----------------------------------------------------------
  all events            n=23   avg   984.22 ms  (HE    3.78 + net  980.34)
  PEER-WAIT + WIRE      99.6 % of total step time
     (compare against the round-trip probe above: the excess is
      the peer's own HE work, not the link.)
  frames: tx=73 rx=132 retransmits=23
  authentication: HMAC-SHA256/128, 1.6 us per frame; 0 rejected (bad tag), 0 stale/replayed dropped, 1 epoch challenges
  rx queue: peak 1/64 frames
  plant check: 0 event reports rejected as physically impossible
     (these supervisors carry the plant: an impossible uncontrollable event is caught)
  injected frame loss: 30 %
  ----------------------------------------------------------
  homomorphic vs cleartext oracle : PASS — every encrypted bit matched
     (PASS certifies the cryptography: each node's encrypted bits
      match its own clear model for the events it applied. It does
      not certify the distributed run — read the skips for that.)
  distributed vs MONOLITHIC sup.  : off — this header has no monolithic supervisor
  safe halt                       : COMMIT unacknowledged — a participant may not have applied a shared event
============================================================
[!!] node 2 reported SAFE HALT
@@RESULT {"node":1,"nodes":2,"family":"LOCAL MODULAR","data":"supervisor_data_fms.h","transport":"UDP/IP multicast (RFC 1112)","fingerprint":"edbd7971","supervisors":["S0","S1","S2","S3"],"fired":{"local":13,"ctrl":5,"unctrl":5},"applied_for_peers":0,"skips":0,"impossible":0,"tx":73,"rx":133,"retx":23,"auth_bad":0,"replays":0,"challenges":1,"mac_us":1.56,"rxq_peak":1,"rxq_drops":0,"sync_wait_ms":1014.5,"oracle":"PASS","safe_halt":true,"halt_reason":"COMMIT unacknowledged — a participant may not have applied a shared event","cycle_end_ms":[],"rounds":5,"work_ms":0,"exit":2}
