2026-09-28T12:51:35.084869319Z des_container: node 1 of 2, LOCAL MODULAR, data supervisor_data_fms.h, transport UDP/IP multicast (RFC 1112)
2026-09-28T12:51:35.085197475Z des_container: EMULATING the ESP32 — every decryption takes at least 69.0 ms (DES_EMU_SCALARMUL_MS)
2026-09-28T12:51:35.085215684Z des_container: dropping 5 % of received frames, seed 3079455312 (DES_LOSS_SEED to replay)
2026-09-28T12:51:35.085219786Z 
2026-09-28T12:51:35.085225189Z ============================================================
2026-09-28T12:51:35.085228890Z   Distributed Homomorphic DES — generic engine
2026-09-28T12:51:35.085233092Z   node 1/2   family LOCAL MODULAR   7 supervisors   31 events
2026-09-28T12:51:35.085236394Z   data: supervisor_data_fms.h
2026-09-28T12:51:35.085239496Z ============================================================
2026-09-28T12:51:35.094587661Z --- event routing (DERIVED from the header, not hardcoded) ---
2026-09-28T12:51:35.094808867Z   event  ctrl  nodes      owner  class
2026-09-28T12:51:35.094819072Z   11     yes   1          1      local — no network
2026-09-28T12:51:35.094827075Z   12     no    1          1      local — no network
2026-09-28T12:51:35.094832078Z   21     yes   1          1      local — no network
2026-09-28T12:51:35.094839581Z   22     no    1          1      local — no network
2026-09-28T12:51:35.094843683Z   30     no    1 2        1      SHARED — needs network
2026-09-28T12:51:35.094848286Z   31     yes   1 2        1      SHARED — needs network
2026-09-28T12:51:35.094853288Z   32     no    1 2        1      SHARED — needs network
2026-09-28T12:51:35.094857590Z   33     yes   1 2        1      SHARED — needs network
2026-09-28T12:51:35.094862692Z   34     no    1 2        1      SHARED — needs network
2026-09-28T12:51:35.094869396Z   35     yes   1 2        1      SHARED — needs network
2026-09-28T12:51:35.094873398Z   36     no    1 2        1      SHARED — needs network
2026-09-28T12:51:35.094877499Z   37     yes   1 2        1      SHARED — needs network
2026-09-28T12:51:35.094882202Z   38     no    1 2        1      SHARED — needs network
2026-09-28T12:51:35.094886304Z   39     yes   1 2        1      SHARED — needs network
2026-09-28T12:51:35.094892407Z   41     yes   1          1      local — no network
2026-09-28T12:51:35.094897009Z   42     no    1          1      local — no network
2026-09-28T12:51:35.094901011Z   51     yes   1          1      local — no network
2026-09-28T12:51:35.094905013Z   52     no    1          1      local — no network
2026-09-28T12:51:35.094909415Z   53     yes   1          1      local — no network
2026-09-28T12:51:35.094913717Z   54     no    1          1      local — no network
2026-09-28T12:51:35.094917919Z   61     yes   2          2      local — no network
2026-09-28T12:51:35.094922321Z   63     yes   2          2      local — no network
2026-09-28T12:51:35.095043079Z   64     no    2          2      local — no network
2026-09-28T12:51:35.095055384Z   65     yes   2          2      local — no network
2026-09-28T12:51:35.095060487Z   66     no    2          2      local — no network
2026-09-28T12:51:35.095064589Z   71     yes   2          2      local — no network
2026-09-28T12:51:35.095069191Z   72     no    2          2      local — no network
2026-09-28T12:51:35.095074794Z   73     yes   2          2      local — no network
2026-09-28T12:51:35.095079096Z   74     no    2          2      local — no network
2026-09-28T12:51:35.095083598Z   81     yes   2          2      local — no network
2026-09-28T12:51:35.095088800Z   82     no    2          2      local — no network
2026-09-28T12:51:35.095093903Z   => 10/31 events shared; 21/31 need ZERO network traffic; 20 concern this node
2026-09-28T12:51:35.095106209Z   NOTE controllability was INFERRED from event labels (the header
2026-09-28T12:51:35.095113412Z        does not carry it). Check the 'ctrl' column above; if it is
2026-09-28T12:51:35.095122116Z        wrong, set DES_CONTROLLABLE_MASK explicitly.
2026-09-28T12:51:35.095129920Z 
2026-09-28T12:51:35.095134722Z [init] config fingerprint edbd7971 — every node must print the same
2026-09-28T12:51:35.095139525Z 
2026-09-28T12:51:35.095144127Z [net] UDP multicast 239.192.7.1:5077  ttl=1  frame=44 B
2026-09-28T12:51:35.095150130Z --- crypto self-test ---
2026-09-28T12:51:35.098195284Z   Enc(0)->0 Enc(1)->1                PASS
2026-09-28T12:51:35.100451362Z   Enc(1)+Enc(1)->1 homomorphic OR   PASS
2026-09-28T12:51:35.101792403Z   Enc(0)+Enc(0)->0                  PASS
2026-09-28T12:51:35.101824618Z   curve secp192r1, ciphertext 50 B    PASS
2026-09-28T12:51:35.102489636Z   frame tag HMAC-SHA256/128: 6.3 us, 1-bit tamper caught  PASS
2026-09-28T12:51:35.102511446Z 
2026-09-28T12:51:35.102516348Z --- encrypting my supervisors' initial states ---
2026-09-28T12:51:35.102520250Z [load] S0         idx 0   18 states  12 constraining ev     900 B ciphertext
2026-09-28T12:51:35.102523852Z [load] S1         idx 1   18 states  12 constraining ev     900 B ciphertext
2026-09-28T12:51:35.102527454Z [load] S2         idx 2   18 states  12 constraining ev     900 B ciphertext
2026-09-28T12:51:35.102589684Z [load] S3         idx 3   21 states  14 constraining ev    1050 B ciphertext
2026-09-28T12:51:38.749362884Z [init] my keypair is mine alone; no ciphertext ever leaves this node
2026-09-28T12:51:38.749420611Z [init] my enablement: 11=1 12=0 21=1 22=0 30=0 31=0 32=0 33=0 34=0 35=0 36=0 37=0 38=0 39=0 41=0 42=0 51=0 52=0 53=0 54=0 61=1 63=1 64=1 65=1 66=1 71=1 72=1 73=1 74=1 81=1 82=1
2026-09-28T12:51:38.749427615Z 
2026-09-28T12:51:39.351741132Z [net] waiting for 1 peer(s)... all present.
2026-09-28T12:51:40.852962545Z 
2026-09-28T12:51:40.853023274Z --- transport round-trip probe (UDP/IP multicast (RFC 1112)) ---
2026-09-28T12:51:41.922295895Z   18 probes: avg 3.64 ms  min 2.33 ms  max 4.54 ms
2026-09-28T12:51:41.922359325Z 
2026-09-28T12:51:41.922365628Z ============================================================
2026-09-28T12:51:41.922369730Z   RUN — SIM_SEQ driver — 5 cycles x 44 steps — LOCAL MODULAR
2026-09-28T12:51:41.922375733Z   columns: cN sNN = cycle/step of MY walk; · = a peer caused this
2026-09-28T12:51:41.922380135Z   'done at': run clock, common to all nodes; a cycle is over at the
2026-09-28T12:51:41.922384437Z   LATEST node's print, machine time (DES_WORK_MS 0) included
2026-09-28T12:51:41.922388239Z ============================================================
2026-09-28T12:51:41.922392141Z 
2026-09-28T12:51:41.922395842Z -- cycle 1/5 --
2026-09-28T12:51:42.061535207Z c1  s0   local  21       139.6 ms HE    2 dec  0 frames
2026-09-28T12:51:42.201485760Z c1  s1   local  11       139.8 ms HE    2 dec  0 frames
2026-09-28T12:51:42.271047388Z c1  s2   local  12        69.4 ms HE    1 dec  0 frames
2026-09-28T12:51:42.556415605Z c1  s3   2pc    31       279.0 ms HE    4 dec  4 frames  + 5.8 ms peer-wait  (seq 1)
2026-09-28T12:51:44.630444641Z c1  s4   notify 32       487.9 ms HE    7 dec  2 frames  + 1505.8 ms peer-wait  (seq 2)
2026-09-28T12:51:44.700013273Z c1  s5   local  41        69.5 ms HE    1 dec  0 frames
2026-09-28T12:51:44.769498265Z c1  s6   local  22        69.4 ms HE    1 dec  0 frames
2026-09-28T12:51:44.839390852Z c1  s7   local  42        69.6 ms HE    1 dec  0 frames
2026-09-28T12:51:57.651237437Z c1  s8   2pc    33       277.8 ms HE    4 dec  4 frames  + 1505.5 ms peer-wait  (seq 3)
2026-09-28T12:51:46.984661227Z c1  s9   notify 34       277.6 ms HE    4 dec  2 frames  + 1.6 ms peer-wait  (seq 4)
2026-09-28T12:51:47.556517595Z c1  s10  2pc    35       277.8 ms HE    4 dec  4 frames  + 4.5 ms peer-wait  (seq 5)
2026-09-28T12:51:47.626569058Z c1  s11  local  53        69.9 ms HE    1 dec  0 frames
2026-09-28T12:51:47.695657560Z c1  s12  local  54        69.3 ms HE    1 dec  0 frames
2026-09-28T12:51:47.974635724Z c1  s13  notify 36       277.7 ms HE    4 dec  2 frames  + 1.3 ms peer-wait  (seq 6)
2026-09-28T12:51:53.054313464Z c1  s14  2pc    39       278.0 ms HE    4 dec  4 frames  + 4507.8 ms peer-wait  (seq 7)
2026-09-28T12:51:55.536801515Z c1  s16  notify 30       278.0 ms HE    4 dec  2 frames  + 1503.5 ms peer-wait  (seq 8)
2026-09-28T12:51:55.606866484Z c1  s25  local  11        69.6 ms HE    1 dec  0 frames
2026-09-28T12:51:55.675828527Z c1  s26  local  21        69.4 ms HE    1 dec  0 frames
2026-09-28T12:51:55.745611861Z c1  s27  local  12        69.4 ms HE    1 dec  0 frames
2026-09-28T12:51:57.070952335Z c1  s28  2pc    31       278.1 ms HE    4 dec  4 frames  + 5.9 ms peer-wait  (seq 9)
2026-09-28T12:51:57.350474959Z c1  s29  notify 32       277.7 ms HE    4 dec  2 frames  + 1.6 ms peer-wait  (seq 10)
2026-09-28T12:51:57.419335252Z c1  s30  local  41        69.3 ms HE    1 dec  0 frames
2026-09-28T12:51:57.489549593Z c1  s31  local  42        69.4 ms HE    1 dec  0 frames
2026-09-28T12:51:57.771399329Z c1  s32  2pc    35       277.6 ms HE    4 dec  4 frames  + 4.7 ms peer-wait  (seq 11)
2026-09-28T12:51:58.051563960Z c1  s33  notify 36       278.6 ms HE    4 dec  2 frames  + 1.5 ms peer-wait  (seq 12)
2026-09-28T12:51:58.121414326Z c1  s34  local  22        69.7 ms HE    1 dec  0 frames
2026-09-28T12:51:58.685557810Z c1  s36  2pc    33       277.6 ms HE    4 dec  4 frames  + 5.3 ms peer-wait  (seq 13)
2026-09-28T12:51:58.965133660Z c1  s37  notify 34       278.0 ms HE    4 dec  2 frames  + 1.6 ms peer-wait  (seq 14)
2026-09-28T12:51:59.034632358Z c1  s38  local  51        69.3 ms HE    1 dec  0 frames
2026-09-28T12:51:59.104217498Z c1  s39  local  52        69.4 ms HE    1 dec  0 frames
2026-09-28T12:51:59.388145527Z c1  s40  2pc    37       277.9 ms HE    4 dec  4 frames  + 5.6 ms peer-wait  (seq 15)
2026-09-28T12:51:59.667779304Z c1  s41  notify 38       277.9 ms HE    4 dec  2 frames  + 1.6 ms peer-wait  (seq 16)
2026-09-28T12:51:59.667831329Z -- cycle 1/5 done at 17750.0 ms --
2026-09-28T12:51:59.667837732Z 
2026-09-28T12:51:59.667843635Z -- cycle 2/5 --
2026-09-28T12:51:59.737634273Z c2  s0   local  21        69.8 ms HE    1 dec  0 frames
2026-09-28T12:51:59.807057535Z c2  s1   local  11        69.4 ms HE    1 dec  0 frames
2026-09-28T12:51:59.876994043Z c2  s2   local  12        69.7 ms HE    1 dec  0 frames
2026-09-28T12:52:01.801565304Z c2  s3   2pc    31       278.7 ms HE    4 dec  4 frames  + 1506.7 ms peer-wait  (seq 17)
2026-09-28T12:52:02.292230488Z c2  s4   notify 32       278.2 ms HE    4 dec  2 frames  + 1.7 ms peer-wait  (seq 18)
2026-09-28T12:52:02.361345103Z c2  s5   local  41        69.3 ms HE    1 dec  0 frames
2026-09-28T12:52:02.430794578Z c2  s6   local  22        69.4 ms HE    1 dec  0 frames
2026-09-28T12:52:02.500027950Z c2  s7   local  42        69.3 ms HE    1 dec  0 frames
2026-09-28T12:52:02.811930842Z c2  s8   2pc    33       278.2 ms HE    4 dec  4 frames  + 4.1 ms peer-wait  (seq 19)
2026-09-28T12:52:04.594888237Z c2  s9   notify 34       277.5 ms HE    4 dec  2 frames  + 1505.6 ms peer-wait  (seq 20)
2026-09-28T12:52:05.087927255Z c2  s10  2pc    35       277.9 ms HE    4 dec  4 frames  + 5.9 ms peer-wait  (seq 21)
2026-09-28T12:52:05.157014257Z c2  s11  local  53        69.3 ms HE    1 dec  0 frames
2026-09-28T12:52:05.227528241Z c2  s12  local  54        69.4 ms HE    1 dec  0 frames
2026-09-28T12:52:05.507100489Z c2  s13  notify 36       278.3 ms HE    4 dec  2 frames  + 1.4 ms peer-wait  (seq 22)
2026-09-28T12:52:05.790486859Z c2  s14  2pc    39       277.7 ms HE    4 dec  4 frames  + 5.7 ms peer-wait  (seq 23)
2026-09-28T12:52:06.517832502Z c2  s16  notify 30       277.8 ms HE    4 dec  2 frames  + 1.5 ms peer-wait  (seq 24)
2026-09-28T12:52:17.612939084Z c2  s25  local  11        69.4 ms HE    1 dec  0 frames
2026-09-28T12:52:17.682896802Z c2  s26  local  21        69.4 ms HE    1 dec  0 frames
2026-09-28T12:52:17.752502352Z c2  s27  local  12        69.4 ms HE    1 dec  0 frames
2026-09-28T12:52:07.574703373Z c2  s28  2pc    31       277.8 ms HE    4 dec  4 frames  + 4.6 ms peer-wait  (seq 25)
2026-09-28T12:52:07.853665029Z c2  s29  notify 32       277.7 ms HE    4 dec  2 frames  + 1.6 ms peer-wait  (seq 26)
2026-09-28T12:52:07.922951226Z c2  s30  local  41        69.4 ms HE    1 dec  0 frames
2026-09-28T12:52:07.992742464Z c2  s31  local  42        69.4 ms HE    1 dec  0 frames
2026-09-28T12:52:09.872997137Z c2  s32  2pc    35       277.7 ms HE    4 dec  4 frames  + 1507.9 ms peer-wait  (seq 27)
2026-09-28T12:52:10.151937683Z c2  s33  notify 36       277.6 ms HE    4 dec  2 frames  + 1.2 ms peer-wait  (seq 28)
2026-09-28T12:52:10.222481481Z c2  s34  local  22        69.7 ms HE    1 dec  0 frames
2026-09-28T12:52:10.575879094Z c2  s36  2pc    33       277.9 ms HE    4 dec  4 frames  + 3.8 ms peer-wait  (seq 29)
2026-09-28T12:52:10.855876745Z c2  s37  notify 34       278.4 ms HE    4 dec  2 frames  + 1.4 ms peer-wait  (seq 30)
2026-09-28T12:52:10.927398710Z c2  s38  local  51        71.2 ms HE    1 dec  0 frames
2026-09-28T12:52:10.996604369Z c2  s39  local  52        69.3 ms HE    1 dec  0 frames
2026-09-28T12:52:11.282454116Z c2  s40  2pc    37       278.0 ms HE    4 dec  4 frames  + 7.0 ms peer-wait  (seq 31)
2026-09-28T12:52:11.563091172Z c2  s41  notify 38       279.6 ms HE    4 dec  2 frames  + 1.4 ms peer-wait  (seq 32)
2026-09-28T12:52:11.563207828Z -- cycle 2/5 done at 29644.1 ms --
2026-09-28T12:52:11.563223836Z 
2026-09-28T12:52:11.563229538Z -- cycle 3/5 --
2026-09-28T12:52:22.652081838Z c3  s0   local  21        69.6 ms HE    1 dec  0 frames
2026-09-28T12:52:22.722670157Z c3  s1   local  11        70.2 ms HE    1 dec  0 frames
2026-09-28T12:52:22.792415773Z c3  s2   local  12        69.7 ms HE    1 dec  0 frames
2026-09-28T12:52:12.186657629Z c3  s3   2pc    31       278.5 ms HE    4 dec  4 frames  + 4.3 ms peer-wait  (seq 33)
2026-09-28T12:52:12.466574341Z c3  s4   notify 32       278.3 ms HE    4 dec  2 frames  + 1.5 ms peer-wait  (seq 34)
2026-09-28T12:52:12.535576202Z c3  s5   local  41        69.3 ms HE    1 dec  0 frames
2026-09-28T12:52:12.605538622Z c3  s6   local  22        69.5 ms HE    1 dec  0 frames
2026-09-28T12:52:12.675583582Z c3  s7   local  42        69.9 ms HE    1 dec  0 frames
2026-09-28T12:52:12.957888135Z c3  s8   2pc    33       278.0 ms HE    4 dec  4 frames  + 4.3 ms peer-wait  (seq 35)
2026-09-28T12:52:13.237818154Z c3  s9   notify 34       277.7 ms HE    4 dec  2 frames  + 2.1 ms peer-wait  (seq 36)
2026-09-28T12:52:13.519837771Z c3  s10  2pc    35       277.6 ms HE    4 dec  4 frames  + 4.3 ms peer-wait  (seq 37)
2026-09-28T12:52:13.589674131Z c3  s11  local  53        69.5 ms HE    1 dec  0 frames
2026-09-28T12:52:13.659042767Z c3  s12  local  54        69.4 ms HE    1 dec  0 frames
2026-09-28T12:52:13.938851328Z c3  s13  notify 36       278.0 ms HE    4 dec  2 frames  + 1.4 ms peer-wait  (seq 38)
2026-09-28T12:52:14.222237498Z c3  s14  2pc    39       278.4 ms HE    4 dec  4 frames  + 4.7 ms peer-wait  (seq 39)
2026-09-28T12:52:14.643945442Z c3  s16  notify 30       277.6 ms HE    4 dec  2 frames  + 1.5 ms peer-wait  (seq 40)
2026-09-28T12:52:14.713192621Z c3  s25  local  11        69.3 ms HE    1 dec  0 frames
2026-09-28T12:52:14.782627489Z c3  s26  local  21        69.6 ms HE    1 dec  0 frames
2026-09-28T12:52:14.853281539Z c3  s27  local  12        69.8 ms HE    1 dec  0 frames
2026-09-28T12:52:17.196228179Z c3  s28  2pc    31       277.8 ms HE    4 dec  4 frames  + 1505.9 ms peer-wait  (seq 41)
2026-09-28T12:52:17.685919498Z c3  s29  notify 32       277.9 ms HE    4 dec  2 frames  + 1.3 ms peer-wait  (seq 42)
2026-09-28T12:52:17.755882318Z c3  s30  local  41        69.7 ms HE    1 dec  0 frames
2026-09-28T12:52:17.825382418Z c3  s31  local  42        69.4 ms HE    1 dec  0 frames
2026-09-28T12:52:18.107650453Z c3  s32  2pc    35       277.2 ms HE    4 dec  4 frames  + 5.0 ms peer-wait  (seq 43)
2026-09-28T12:52:18.387540953Z c3  s33  notify 36       278.4 ms HE    4 dec  2 frames  + 1.3 ms peer-wait  (seq 44)
2026-09-28T12:52:18.457063863Z c3  s34  local  22        69.4 ms HE    1 dec  0 frames
2026-09-28T12:52:18.817820692Z c3  s36  2pc    33       278.3 ms HE    4 dec  4 frames  + 8.5 ms peer-wait  (seq 45)
2026-09-28T12:52:19.096870290Z c3  s37  notify 34       277.7 ms HE    4 dec  2 frames  + 1.4 ms peer-wait  (seq 46)
2026-09-28T12:52:19.166684240Z c3  s38  local  51        69.4 ms HE    1 dec  0 frames
2026-09-28T12:52:19.235892199Z c3  s39  local  52        69.4 ms HE    1 dec  0 frames
2026-09-28T12:52:19.517757443Z c3  s40  2pc    37       277.8 ms HE    4 dec  4 frames  + 3.9 ms peer-wait  (seq 47)
2026-09-28T12:52:19.797803017Z c3  s41  notify 38       277.8 ms HE    4 dec  2 frames  + 1.5 ms peer-wait  (seq 48)
2026-09-28T12:52:19.797896862Z -- cycle 3/5 done at 37889.8 ms --
2026-09-28T12:52:19.797911068Z 
2026-09-28T12:52:19.797917471Z -- cycle 4/5 --
2026-09-28T12:52:19.867106022Z c4  s0   local  21        69.5 ms HE    1 dec  0 frames
2026-09-28T12:52:19.939880485Z c4  s1   local  11        71.5 ms HE    1 dec  0 frames
2026-09-28T12:52:20.009124262Z c4  s2   local  12        69.5 ms HE    1 dec  0 frames
2026-09-28T12:52:21.920174799Z c4  s3   2pc    31       277.4 ms HE    4 dec  4 frames  + 1505.8 ms peer-wait  (seq 49)
2026-09-28T12:52:22.410040201Z c4  s4   notify 32       277.8 ms HE    4 dec  2 frames  + 1.5 ms peer-wait  (seq 50)
2026-09-28T12:52:22.479175026Z c4  s5   local  41        69.2 ms HE    1 dec  0 frames
2026-09-28T12:52:22.549301824Z c4  s6   local  22        69.6 ms HE    1 dec  0 frames
2026-09-28T12:52:22.618368817Z c4  s7   local  42        69.3 ms HE    1 dec  0 frames
2026-09-28T12:52:22.901102475Z c4  s8   2pc    33       277.7 ms HE    4 dec  4 frames  + 4.9 ms peer-wait  (seq 51)
2026-09-28T12:52:26.184036288Z c4  s9   notify 34       278.4 ms HE    4 dec  2 frames  + 3004.1 ms peer-wait  (seq 52)
2026-09-28T12:52:27.923729830Z c4  s10  2pc    35       277.5 ms HE    4 dec  4 frames  + 1505.8 ms peer-wait  (seq 53)
2026-09-28T12:52:27.993092764Z c4  s11  local  53        69.2 ms HE    1 dec  0 frames
2026-09-28T12:52:28.062767947Z c4  s12  local  54        69.4 ms HE    1 dec  0 frames
2026-09-28T12:52:28.341859666Z c4  s13  notify 36       277.6 ms HE    4 dec  2 frames  + 1.4 ms peer-wait  (seq 54)
2026-09-28T12:52:42.700756896Z c4  s14  2pc    39       277.3 ms HE    4 dec  4 frames  + 3006.0 ms peer-wait  (seq 55)
2026-09-28T12:52:33.593886615Z c4  s16  notify 30       277.7 ms HE    4 dec  2 frames  + 1504.3 ms peer-wait  (seq 56)
2026-09-28T12:52:33.664134771Z c4  s25  local  11        69.8 ms HE    1 dec  0 frames
2026-09-28T12:52:33.733034384Z c4  s26  local  21        69.3 ms HE    1 dec  0 frames
2026-09-28T12:52:33.802281762Z c4  s27  local  12        69.3 ms HE    1 dec  0 frames
2026-09-28T12:52:34.085476240Z c4  s28  2pc    31       277.5 ms HE    4 dec  4 frames  + 5.5 ms peer-wait  (seq 57)
2026-09-28T12:52:37.380850712Z c4  s29  notify 32       277.4 ms HE    4 dec  2 frames  + 3005.0 ms peer-wait  (seq 58)
2026-09-28T12:52:37.450429449Z c4  s30  local  41        69.3 ms HE    1 dec  0 frames
2026-09-28T12:52:37.519992278Z c4  s31  local  42        69.3 ms HE    1 dec  0 frames
2026-09-28T12:52:37.804484376Z c4  s32  2pc    35       278.9 ms HE    4 dec  4 frames  + 5.3 ms peer-wait  (seq 59)
2026-09-28T12:52:38.084427001Z c4  s33  notify 36       277.9 ms HE    4 dec  2 frames  + 1.7 ms peer-wait  (seq 60)
2026-09-28T12:52:38.153767524Z c4  s34  local  22        69.6 ms HE    1 dec  0 frames
2026-09-28T12:52:40.011926142Z c4  s36  2pc    33       278.1 ms HE    4 dec  4 frames  + 1505.7 ms peer-wait  (seq 61)
2026-09-28T12:52:40.292133493Z c4  s37  notify 34       278.1 ms HE    4 dec  2 frames  + 1.5 ms peer-wait  (seq 62)
2026-09-28T12:52:40.361063820Z c4  s38  local  51        69.3 ms HE    1 dec  0 frames
2026-09-28T12:52:40.431646337Z c4  s39  local  52        69.5 ms HE    1 dec  0 frames
2026-09-28T12:52:40.714174797Z c4  s40  2pc    37       277.8 ms HE    4 dec  4 frames  + 5.5 ms peer-wait  (seq 63)
2026-09-28T12:52:40.993566658Z c4  s41  notify 38       277.7 ms HE    4 dec  2 frames  + 1.6 ms peer-wait  (seq 64)
2026-09-28T12:52:40.993604376Z -- cycle 4/5 done at 59083.3 ms --
2026-09-28T12:52:40.993611680Z 
2026-09-28T12:52:40.993639693Z -- cycle 5/5 --
2026-09-28T12:52:41.063965887Z c5  s0   local  21        69.5 ms HE    1 dec  0 frames
2026-09-28T12:52:41.132951741Z c5  s1   local  11        69.5 ms HE    1 dec  0 frames
2026-09-28T12:52:41.203749460Z c5  s2   local  12        69.7 ms HE    1 dec  0 frames
2026-09-28T12:52:41.627219546Z c5  s3   2pc    31       277.9 ms HE    4 dec  4 frames  + 4.3 ms peer-wait  (seq 65)
2026-09-28T12:52:41.919813438Z c5  s4   notify 32       277.6 ms HE    4 dec  2 frames  + 1.5 ms peer-wait  (seq 66)
2026-09-28T12:52:41.989150660Z c5  s5   local  41        69.6 ms HE    1 dec  0 frames
2026-09-28T12:52:42.058507691Z c5  s6   local  22        69.3 ms HE    1 dec  0 frames
2026-09-28T12:52:42.127602296Z c5  s7   local  42        69.3 ms HE    1 dec  0 frames
2026-09-28T12:52:42.411286909Z c5  s8   2pc    33       278.3 ms HE    4 dec  4 frames  + 5.2 ms peer-wait  (seq 67)
2026-09-28T12:52:42.690932092Z c5  s9   notify 34       278.4 ms HE    4 dec  2 frames  + 1.4 ms peer-wait  (seq 68)
2026-09-28T12:52:42.972073589Z c5  s10  2pc    35       277.5 ms HE    4 dec  4 frames  + 3.5 ms peer-wait  (seq 69)
2026-09-28T12:52:43.042293032Z c5  s11  local  53        70.0 ms HE    1 dec  0 frames
2026-09-28T12:52:43.111552216Z c5  s12  local  54        69.3 ms HE    1 dec  0 frames
2026-09-28T12:52:43.391709844Z c5  s13  notify 36       278.0 ms HE    4 dec  2 frames  + 1.3 ms peer-wait  (seq 70)
2026-09-28T12:52:43.674547051Z c5  s14  2pc    39       277.9 ms HE    4 dec  4 frames  + 5.2 ms peer-wait  (seq 71)
2026-09-28T12:52:44.097399242Z c5  s16  notify 30       278.4 ms HE    4 dec  2 frames  + 1.5 ms peer-wait  (seq 72)
2026-09-28T12:52:44.166405405Z c5  s25  local  11        69.4 ms HE    1 dec  0 frames
2026-09-28T12:52:44.236656063Z c5  s26  local  21        69.5 ms HE    1 dec  0 frames
2026-09-28T12:52:44.306377768Z c5  s27  local  12        69.6 ms HE    1 dec  0 frames
2026-09-28T12:52:46.656072386Z c5  s28  2pc    31       277.6 ms HE    4 dec  4 frames  + 1508.8 ms peer-wait  (seq 73)
2026-09-28T12:52:46.899378943Z c5  s29  notify 32       278.2 ms HE    4 dec  2 frames  + 1.5 ms peer-wait  (seq 74)
2026-09-28T12:52:46.968909657Z c5  s30  local  41        69.3 ms HE    1 dec  0 frames
2026-09-28T12:52:47.038667479Z c5  s31  local  42        69.4 ms HE    1 dec  0 frames
2026-09-28T12:52:48.826483996Z c5  s32  2pc    35       277.9 ms HE    4 dec  4 frames  + 1509.5 ms peer-wait  (seq 75)
2026-09-28T12:52:49.105664656Z c5  s33  notify 36       277.8 ms HE    4 dec  2 frames  + 1.6 ms peer-wait  (seq 76)
2026-09-28T12:52:49.176038273Z c5  s34  local  22        69.7 ms HE    1 dec  0 frames
2026-09-28T12:52:49.533779661Z c5  s36  2pc    33       278.0 ms HE    4 dec  4 frames  + 6.2 ms peer-wait  (seq 77)
2026-09-28T12:52:49.812903195Z c5  s37  notify 34       278.1 ms HE    4 dec  2 frames  + 1.5 ms peer-wait  (seq 78)
2026-09-28T12:52:49.882940351Z c5  s38  local  51        69.5 ms HE    1 dec  0 frames
2026-09-28T12:52:49.952304485Z c5  s39  local  52        69.3 ms HE    1 dec  0 frames
2026-09-28T12:52:50.235434132Z c5  s40  2pc    37       277.8 ms HE    4 dec  4 frames  + 5.2 ms peer-wait  (seq 79)
2026-09-28T12:52:50.515842580Z c5  s41  notify 38       278.7 ms HE    4 dec  2 frames  + 1.4 ms peer-wait  (seq 80)
2026-09-28T12:52:50.515950131Z -- cycle 5/5 done at 68625.2 ms --
2026-09-28T12:52:50.515958335Z 
2026-09-28T12:52:50.515960636Z ============================================================
2026-09-28T12:52:50.515962637Z   SUMMARY — node 1/2 — LOCAL MODULAR — UDP/IP multicast (RFC 1112)
2026-09-28T12:52:50.515965338Z ============================================================
2026-09-28T12:52:50.515967639Z   events this node FIRED:
2026-09-28T12:52:50.515969640Z   local (no network)     n=80   avg    71.43 ms  (HE   71.28 + net    0.00)  min   69.26  max   139.93    9.3%
2026-09-28T12:52:50.515972842Z   shared controllable    n=40   avg   808.67 ms  (HE  277.91 + net  530.61)  min  281.09  max  4785.92   52.6%
2026-09-28T12:52:50.515976143Z   shared uncontroll.     n=40   avg   585.33 ms  (HE  283.24 + net  301.97)  min  278.88  max  3282.67   38.1%
2026-09-28T12:52:50.515979345Z   events this node APPLIED for a peer (participant side):
2026-09-28T12:52:50.515982847Z   shared, applied              (none on this node)
2026-09-28T12:52:50.515986448Z   sync-wait (peers reaching a shared step): n=80 avg 89.36 ms, 7.1 s total
2026-09-28T12:52:50.515989550Z      not protocol cost — the plant catching up; kept out of the rows above
2026-09-28T12:52:50.515993051Z   run clock, end of cycles 1..5 (ms): 17750.0 29644.1 37889.8 59083.3 68625.2
2026-09-28T12:52:50.515996453Z      a cycle is over at the LATEST node's value; DES_WORK_MS 0 included
2026-09-28T12:52:50.516000055Z   ----------------------------------------------------------
2026-09-28T12:52:50.516004057Z   all events            n=160  avg   384.22 ms  (HE  175.93 + net  208.14)
2026-09-28T12:52:50.516006758Z   PEER-WAIT + WIRE      54.2 % of total step time
2026-09-28T12:52:50.516008659Z      (compare against the round-trip probe above: the excess is
2026-09-28T12:52:50.516010560Z       the peer's own HE work, not the link.)
2026-09-28T12:52:50.516012561Z   frames: tx=173 rx=336 retransmits=22
2026-09-28T12:52:50.516014562Z   authentication: HMAC-SHA256/128, 6.3 us per frame; 0 rejected (bad tag), 0 stale/replayed dropped, 2 epoch challenges
2026-09-28T12:52:50.516017063Z   rx queue: peak 2/64 frames
2026-09-28T12:52:50.516019064Z   plant check: 0 event reports rejected as physically impossible
2026-09-28T12:52:50.516021065Z      (these supervisors carry the plant: an impossible uncontrollable event is caught)
2026-09-28T12:52:50.516022966Z   injected frame loss: 5 %
2026-09-28T12:52:50.516024967Z   ----------------------------------------------------------
2026-09-28T12:52:50.516048378Z   homomorphic vs cleartext oracle : PASS — every encrypted bit matched
2026-09-28T12:52:50.516050779Z      (PASS certifies the cryptography: each node's encrypted bits
2026-09-28T12:52:50.516052980Z       match its own clear model for the events it applied. It does
2026-09-28T12:52:50.516058083Z       not certify the distributed run — read the skips for that.)
2026-09-28T12:52:50.516060284Z   distributed vs MONOLITHIC sup.  : off — this header has no monolithic supervisor
2026-09-28T12:52:50.516062285Z   safe halt                       : no — ran to completion
2026-09-28T12:52:50.516064285Z ============================================================
2026-09-28T12:53:00.536636177Z @@RESULT {"node":1,"nodes":2,"family":"LOCAL MODULAR","data":"supervisor_data_fms.h","transport":"UDP/IP multicast (RFC 1112)","fingerprint":"edbd7971","supervisors":["S0","S1","S2","S3"],"fired":{"local":80,"ctrl":40,"unctrl":40},"applied_for_peers":0,"skips":0,"impossible":0,"tx":173,"rx":336,"retx":22,"auth_bad":0,"replays":0,"challenges":2,"mac_us":6.32,"rxq_peak":2,"rxq_drops":0,"sync_wait_ms":7148.6,"oracle":"PASS","safe_halt":false,"halt_reason":"","cycle_end_ms":[17750.0,29644.1,37889.8,59083.3,68625.2],"rounds":5,"work_ms":0,"emu_scalarmul_ms":69.0,"loss_pct":5,"loss_seed":3079455312,"exit":0}
