2026-09-28T03:58:39.791776313Z des_container: node 2 of 4, LOCAL MODULAR, data supervisor_data_fms.h, transport UDP/IP multicast (RFC 1112)
2026-09-28T03:58:39.791824719Z des_container: EMULATING the ESP32 — every decryption takes at least 69.0 ms (DES_EMU_SCALARMUL_MS)
2026-09-28T03:58:39.791828519Z 
2026-09-28T03:58:39.791830020Z ============================================================
2026-09-28T03:58:39.791831320Z   Distributed Homomorphic DES — generic engine
2026-09-28T03:58:39.791832720Z   node 2/4   family LOCAL MODULAR   7 supervisors   31 events
2026-09-28T03:58:39.791834020Z   data: supervisor_data_fms.h
2026-09-28T03:58:39.791835320Z ============================================================
2026-09-28T03:58:39.792580414Z --- event routing (DERIVED from the header, not hardcoded) ---
2026-09-28T03:58:39.792593416Z   event  ctrl  nodes      owner  class
2026-09-28T03:58:39.792596216Z   11     yes   1          1      local — no network
2026-09-28T03:58:39.792598416Z   12     no    1          1      local — no network
2026-09-28T03:58:39.792600416Z   21     yes   1          1      local — no network
2026-09-28T03:58:39.792602417Z   22     no    1          1      local — no network
2026-09-28T03:58:39.792604417Z   30     no    1 2 3 4    1      SHARED — needs network
2026-09-28T03:58:39.792606217Z   31     yes   1 2 3 4    1      SHARED — needs network
2026-09-28T03:58:39.792608017Z   32     no    1 2 3 4    1      SHARED — needs network
2026-09-28T03:58:39.792610318Z   33     yes   1 2 3 4    1      SHARED — needs network
2026-09-28T03:58:39.792612118Z   34     no    1 2 3 4    1      SHARED — needs network
2026-09-28T03:58:39.792613818Z   35     yes   1 2 3 4    1      SHARED — needs network
2026-09-28T03:58:39.792615818Z   36     no    1 2 3 4    1      SHARED — needs network
2026-09-28T03:58:39.792617719Z   37     yes   1 2 3 4    1      SHARED — needs network
2026-09-28T03:58:39.792619819Z   38     no    1 2 3 4    1      SHARED — needs network
2026-09-28T03:58:39.792621719Z   39     yes   1 2 3 4    1      SHARED — needs network
2026-09-28T03:58:39.792623619Z   41     yes   2          2      local — no network
2026-09-28T03:58:39.792625620Z   42     no    2          2      local — no network
2026-09-28T03:58:39.792627520Z   51     yes   2          2      local — no network
2026-09-28T03:58:39.792629420Z   52     no    2          2      local — no network
2026-09-28T03:58:39.792631420Z   53     yes   2          2      local — no network
2026-09-28T03:58:39.792633321Z   54     no    2          2      local — no network
2026-09-28T03:58:39.792635321Z   61     yes   3 4        3      SHARED — needs network
2026-09-28T03:58:39.792637221Z   63     yes   3 4        3      SHARED — needs network
2026-09-28T03:58:39.792639321Z   64     no    3 4        3      SHARED — needs network
2026-09-28T03:58:39.792654023Z   65     yes   3 4        3      SHARED — needs network
2026-09-28T03:58:39.792657324Z   66     no    3 4        3      SHARED — needs network
2026-09-28T03:58:39.792659424Z   71     yes   4          4      local — no network
2026-09-28T03:58:39.792661324Z   72     no    4          4      local — no network
2026-09-28T03:58:39.792712631Z   73     yes   4          4      local — no network
2026-09-28T03:58:39.792715331Z   74     no    4          4      local — no network
2026-09-28T03:58:39.792717831Z   81     yes   4          4      local — no network
2026-09-28T03:58:39.792719631Z   82     no    4          4      local — no network
2026-09-28T03:58:39.792721832Z   => 15/31 events shared; 16/31 need ZERO network traffic; 16 concern this node
2026-09-28T03:58:39.792724232Z   NOTE controllability was INFERRED from event labels (the header
2026-09-28T03:58:39.792727632Z        does not carry it). Check the 'ctrl' column above; if it is
2026-09-28T03:58:39.792729933Z        wrong, set DES_CONTROLLABLE_MASK explicitly.
2026-09-28T03:58:39.792732033Z 
2026-09-28T03:58:39.792734033Z [init] config fingerprint 457cc268 — every node must print the same
2026-09-28T03:58:39.792736133Z 
2026-09-28T03:58:39.792757536Z [net] UDP multicast 239.192.7.1:5077  ttl=1  frame=44 B
2026-09-28T03:58:39.792766837Z --- crypto self-test ---
2026-09-28T03:58:39.795841123Z   Enc(0)->0 Enc(1)->1                PASS
2026-09-28T03:58:39.796850650Z   Enc(1)+Enc(1)->1 homomorphic OR   PASS
2026-09-28T03:58:39.797516934Z   Enc(0)+Enc(0)->0                  PASS
2026-09-28T03:58:39.797533236Z   curve secp192r1, ciphertext 50 B    PASS
2026-09-28T03:58:39.797577841Z   frame tag HMAC-SHA256/128: 1.6 us, 1-bit tamper caught  PASS
2026-09-28T03:58:39.797588943Z 
2026-09-28T03:58:39.797591843Z --- encrypting my supervisors' initial states ---
2026-09-28T03:58:39.797673253Z [load] S2         idx 2   18 states  12 constraining ev     900 B ciphertext
2026-09-28T03:58:39.797680454Z [load] S3         idx 3   21 states  14 constraining ev    1050 B ciphertext
2026-09-28T03:58:41.646755871Z [init] my keypair is mine alone; no ciphertext ever leaves this node
2026-09-28T03:58:41.646826779Z [init] my enablement: 11=1 12=1 21=1 22=1 30=0 31=1 32=0 33=1 34=0 35=0 36=0 37=0 38=0 39=0 41=0 42=0 51=0 52=0 53=0 54=0 61=1 63=1 64=1 65=1 66=1 71=1 72=1 73=1 74=1 81=1 82=1
2026-09-28T03:58:41.646836581Z 
2026-09-28T03:58:42.046895820Z [net] waiting for 3 peer(s).. all present.
2026-09-28T03:58:43.552984154Z 
2026-09-28T03:58:43.553067565Z ============================================================
2026-09-28T03:58:43.553080066Z   RUN — SIM_SEQ driver — 5 cycles x 44 steps — LOCAL MODULAR
2026-09-28T03:58:43.553143274Z   columns: cN sNN = cycle/step of MY walk; · = a peer caused this
2026-09-28T03:58:43.553152075Z   'done at': run clock, common to all nodes; a cycle is over at the
2026-09-28T03:58:43.553159076Z   LATEST node's print, machine time (DES_WORK_MS 0) included
2026-09-28T03:58:43.553166277Z ============================================================
2026-09-28T03:58:43.553172978Z 
2026-09-28T03:58:43.553179379Z -- cycle 1/5 --
2026-09-28T03:58:44.428473498Z     ·     vote   31    YES to node 1          (seq 1)
2026-09-28T03:58:44.574881084Z     ·     apply  31       141.2 ms HE    2 dec  from node 1  (seq 1)
2026-09-28T03:58:45.003305685Z     ·     apply  32       350.2 ms HE    5 dec  from node 1  (seq 2)
2026-09-28T03:58:45.075400339Z c1  s5   local  41        69.4 ms HE    1 dec  0 frames
2026-09-28T03:58:45.145912094Z c1  s7   local  42        69.9 ms HE    1 dec  0 frames
2026-09-28T03:58:45.148574928Z     ·     vote   33    YES to node 1          (seq 3)
2026-09-28T03:58:45.293261998Z     ·     apply  33       139.4 ms HE    2 dec  from node 1  (seq 3)
2026-09-28T03:58:45.512305206Z     ·     apply  34       139.2 ms HE    2 dec  from node 1  (seq 4)
2026-09-28T03:58:57.226184450Z     ·     vote   35    YES to node 1          (seq 5)
2026-09-28T03:58:45.877786719Z     ·     apply  35       139.0 ms HE    2 dec  from node 1  (seq 5)
2026-09-28T03:58:45.949501425Z c1  s11  local  53        69.6 ms HE    1 dec  0 frames
2026-09-28T03:58:46.018983851Z c1  s12  local  54        69.2 ms HE    1 dec  0 frames
2026-09-28T03:58:46.161974307Z     ·     apply  36       139.5 ms HE    2 dec  from node 1  (seq 6)
2026-09-28T03:58:46.386661423Z     ·     vote   39    YES to node 1          (seq 7)
2026-09-28T03:58:46.529450555Z     ·     apply  39       139.4 ms HE    2 dec  from node 1  (seq 7)
2026-09-28T03:58:47.034601392Z     ·     apply  30       139.5 ms HE    2 dec  from node 1  (seq 8)
2026-09-28T03:58:47.818789370Z     ·     vote   31    YES to node 1          (seq 9)
2026-09-28T03:58:47.962630833Z     ·     apply  31       139.8 ms HE    2 dec  from node 1  (seq 9)
2026-09-28T03:58:48.107832868Z     ·     apply  32       139.8 ms HE    2 dec  from node 1  (seq 10)
2026-09-28T03:58:48.179856013Z c1  s30  local  41        69.6 ms HE    1 dec  0 frames
2026-09-28T03:58:48.249329137Z c1  s31  local  42        69.5 ms HE    1 dec  0 frames
2026-09-28T03:58:48.251893759Z     ·     vote   35    YES to node 1          (seq 11)
2026-09-28T03:58:48.394559475Z     ·     apply  35       138.6 ms HE    2 dec  from node 1  (seq 11)
2026-09-28T03:58:48.537582536Z     ·     apply  36       138.6 ms HE    2 dec  from node 1  (seq 12)
2026-09-28T03:58:48.896463304Z     ·     vote   33    YES to node 1          (seq 13)
2026-09-28T03:58:49.037636332Z     ·     apply  33       138.8 ms HE    2 dec  from node 1  (seq 13)
2026-09-28T03:58:49.183034892Z     ·     apply  34       138.9 ms HE    2 dec  from node 1  (seq 14)
2026-09-28T03:58:49.254751998Z c1  s38  local  51        69.3 ms HE    1 dec  0 frames
2026-09-28T03:58:49.323970390Z c1  s39  local  52        69.2 ms HE    1 dec  0 frames
2026-09-28T03:58:49.326668429Z     ·     vote   37    YES to node 1          (seq 15)
2026-09-28T03:58:49.467374899Z     ·     apply  37       138.6 ms HE    2 dec  from node 1  (seq 15)
2026-09-28T03:58:49.611444691Z     ·     apply  38       139.0 ms HE    2 dec  from node 1  (seq 16)
2026-09-28T03:58:49.613793086Z -- cycle 1/5 done at 5559.2 ms --
2026-09-28T03:58:49.613840592Z 
2026-09-28T03:58:49.613849193Z -- cycle 2/5 --
2026-09-28T03:58:49.906160902Z     ·     vote   31    YES to node 1          (seq 17)
2026-09-28T03:58:50.048409765Z     ·     apply  31       139.6 ms HE    2 dec  from node 1  (seq 17)
2026-09-28T03:58:50.194769945Z     ·     apply  32       139.4 ms HE    2 dec  from node 1  (seq 18)
2026-09-28T03:58:50.267254648Z c2  s5   local  41        69.7 ms HE    1 dec  0 frames
2026-09-28T03:58:50.337183329Z c2  s7   local  42        69.6 ms HE    1 dec  0 frames
2026-09-28T03:58:50.339567529Z     ·     vote   33    YES to node 1          (seq 19)
2026-09-28T03:58:50.482439971Z     ·     apply  33       138.6 ms HE    2 dec  from node 1  (seq 19)
2026-09-28T03:59:02.116157135Z     ·     apply  34       139.6 ms HE    2 dec  from node 1  (seq 20)
2026-09-28T03:59:02.120509082Z     ·     vote   35    YES to node 1          (seq 21)
2026-09-28T03:59:02.264220729Z     ·     apply  35       139.1 ms HE    2 dec  from node 1  (seq 21)
2026-09-28T03:58:50.856591920Z c2  s11  local  53        69.4 ms HE    1 dec  0 frames
2026-09-28T03:58:50.925470570Z c2  s12  local  54        69.1 ms HE    1 dec  0 frames
2026-09-28T03:58:51.066431372Z     ·     apply  36       138.6 ms HE    2 dec  from node 1  (seq 22)
2026-09-28T03:58:51.071338788Z     ·     vote   39    YES to node 1          (seq 23)
2026-09-28T03:58:51.214070012Z     ·     apply  39       139.2 ms HE    2 dec  from node 1  (seq 23)
2026-09-28T03:58:51.503372143Z     ·     apply  30       139.5 ms HE    2 dec  from node 1  (seq 24)
2026-09-28T03:58:52.151053878Z     ·     vote   31    YES to node 1          (seq 25)
2026-09-28T03:58:52.293334846Z     ·     apply  31       139.6 ms HE    2 dec  from node 1  (seq 25)
2026-09-28T03:58:52.440175986Z     ·     apply  32       139.4 ms HE    2 dec  from node 1  (seq 26)
2026-09-28T03:58:52.512613283Z c2  s30  local  41        69.6 ms HE    1 dec  0 frames
2026-09-28T03:58:52.582808098Z c2  s31  local  42        69.8 ms HE    1 dec  0 frames
2026-09-28T03:58:52.585216500Z     ·     vote   35    YES to node 1          (seq 27)
2026-09-28T03:58:52.730479242Z     ·     apply  35       139.8 ms HE    2 dec  from node 1  (seq 27)
2026-09-28T03:58:52.876251449Z     ·     apply  36       139.7 ms HE    2 dec  from node 1  (seq 28)
2026-09-28T03:58:53.025349172Z     ·     vote   33    YES to node 1          (seq 29)
2026-09-28T03:58:53.169707201Z     ·     apply  33       139.3 ms HE    2 dec  from node 1  (seq 29)
2026-09-28T03:58:53.313709984Z     ·     apply  34       139.1 ms HE    2 dec  from node 1  (seq 30)
2026-09-28T03:58:53.385501400Z c2  s38  local  51        69.5 ms HE    1 dec  0 frames
2026-09-28T03:58:53.456115168Z c2  s39  local  52        69.8 ms HE    1 dec  0 frames
2026-09-28T03:58:53.458682590Z     ·     vote   37    YES to node 1          (seq 31)
2026-09-28T03:58:53.602978411Z     ·     apply  37       139.2 ms HE    2 dec  from node 1  (seq 31)
2026-09-28T03:58:53.749237378Z     ·     apply  38       139.3 ms HE    2 dec  from node 1  (seq 32)
2026-09-28T03:58:53.752156845Z -- cycle 2/5 done at 9688.2 ms --
2026-09-28T03:58:53.752227553Z 
2026-09-28T03:58:53.752240755Z -- cycle 3/5 --
2026-09-28T03:58:54.040695279Z     ·     vote   31    YES to node 1          (seq 33)
2026-09-28T03:58:54.183636630Z     ·     apply  31       139.7 ms HE    2 dec  from node 1  (seq 33)
2026-09-28T03:58:54.328943777Z     ·     apply  32       139.8 ms HE    2 dec  from node 1  (seq 34)
2026-09-28T03:58:54.401643307Z c3  s5   local  41        69.6 ms HE    1 dec  0 frames
2026-09-28T03:58:54.471968138Z c3  s7   local  42        70.0 ms HE    1 dec  0 frames
2026-09-28T03:58:54.475177841Z     ·     vote   33    YES to node 1          (seq 35)
2026-09-28T03:58:54.618786176Z     ·     apply  33       139.2 ms HE    2 dec  from node 1  (seq 35)
2026-09-28T03:58:54.763749380Z     ·     apply  34       139.8 ms HE    2 dec  from node 1  (seq 36)
2026-09-28T03:58:54.769267473Z     ·     vote   35    YES to node 1          (seq 37)
2026-09-28T03:58:54.914013550Z     ·     apply  35       139.7 ms HE    2 dec  from node 1  (seq 37)
2026-09-28T03:58:54.986805392Z c3  s11  local  53        70.0 ms HE    1 dec  0 frames
2026-09-28T03:58:55.056415333Z c3  s12  local  54        69.6 ms HE    1 dec  0 frames
2026-09-28T03:58:55.199371886Z     ·     apply  36       139.4 ms HE    2 dec  from node 1  (seq 38)
2026-09-28T03:58:55.206770115Z     ·     vote   39    YES to node 1          (seq 39)
2026-09-28T03:58:55.348614127Z     ·     apply  39       139.3 ms HE    2 dec  from node 1  (seq 39)
2026-09-28T03:59:07.117474198Z     ·     apply  30       139.1 ms HE    2 dec  from node 1  (seq 40)
2026-09-28T03:58:56.267226253Z     ·     vote   31    YES to node 1          (seq 41)
2026-09-28T03:58:56.409749551Z     ·     apply  31       139.3 ms HE    2 dec  from node 1  (seq 41)
2026-09-28T03:58:56.556214944Z     ·     apply  32       139.1 ms HE    2 dec  from node 1  (seq 42)
2026-09-28T03:58:56.628640840Z c3  s30  local  41        69.7 ms HE    1 dec  0 frames
2026-09-28T03:58:56.698657932Z c3  s31  local  42        69.7 ms HE    1 dec  0 frames
2026-09-28T03:58:56.704895616Z     ·     vote   35    YES to node 1          (seq 43)
2026-09-28T03:58:56.846457593Z     ·     apply  35       139.4 ms HE    2 dec  from node 1  (seq 43)
2026-09-28T03:58:56.990881130Z     ·     apply  36       139.3 ms HE    2 dec  from node 1  (seq 44)
2026-09-28T03:58:57.141901895Z     ·     vote   33    YES to node 1          (seq 45)
2026-09-28T03:58:57.285553135Z     ·     apply  33       139.8 ms HE    2 dec  from node 1  (seq 45)
2026-09-28T03:58:57.429763144Z     ·     apply  34       139.7 ms HE    2 dec  from node 1  (seq 46)
2026-09-28T03:58:57.502381564Z c3  s38  local  51        69.7 ms HE    1 dec  0 frames
2026-09-28T03:58:57.571308920Z c3  s39  local  52        69.3 ms HE    1 dec  0 frames
2026-09-28T03:58:57.573657315Z     ·     vote   37    YES to node 1          (seq 47)
2026-09-28T03:58:57.720785991Z     ·     apply  37       139.4 ms HE    2 dec  from node 1  (seq 47)
2026-09-28T03:58:57.864888687Z     ·     apply  38       139.3 ms HE    2 dec  from node 1  (seq 48)
2026-09-28T03:58:57.867090064Z -- cycle 3/5 done at 13817.1 ms --
2026-09-28T03:58:57.867136070Z 
2026-09-28T03:58:57.867151772Z -- cycle 4/5 --
2026-09-28T03:58:58.158863005Z     ·     vote   31    YES to node 1          (seq 49)
2026-09-28T03:58:58.301557024Z     ·     apply  31       139.4 ms HE    2 dec  from node 1  (seq 49)
2026-09-28T03:58:58.445943456Z     ·     apply  32       139.4 ms HE    2 dec  from node 1  (seq 50)
2026-09-28T03:58:58.518202130Z c4  s5   local  41        69.7 ms HE    1 dec  0 frames
2026-09-28T03:58:58.588668680Z c4  s7   local  42        69.9 ms HE    1 dec  0 frames
2026-09-28T03:58:58.591051879Z     ·     vote   33    YES to node 1          (seq 51)
2026-09-28T03:58:58.736360927Z     ·     apply  33       139.6 ms HE    2 dec  from node 1  (seq 51)
2026-09-28T03:58:58.880022968Z     ·     apply  34       138.9 ms HE    2 dec  from node 1  (seq 52)
2026-09-28T03:58:58.884816170Z     ·     vote   35    YES to node 1          (seq 53)
2026-09-28T03:58:59.027747619Z     ·     apply  35       139.3 ms HE    2 dec  from node 1  (seq 53)
2026-09-28T03:58:59.099844273Z c4  s11  local  53        69.7 ms HE    1 dec  0 frames
2026-09-28T03:58:59.170356228Z c4  s12  local  54        69.9 ms HE    1 dec  0 frames
2026-09-28T03:58:59.312996241Z     ·     apply  36       139.6 ms HE    2 dec  from node 1  (seq 54)
2026-09-28T03:58:59.318374016Z     ·     vote   39    YES to node 1          (seq 55)
2026-09-28T03:58:59.462754647Z     ·     apply  39       139.3 ms HE    2 dec  from node 1  (seq 55)
2026-09-28T03:58:59.754563893Z     ·     apply  30       139.2 ms HE    2 dec  from node 1  (seq 56)
2026-09-28T03:59:00.395833223Z     ·     vote   31    YES to node 1          (seq 57)
2026-09-28T03:59:00.539874612Z     ·     apply  31       139.4 ms HE    2 dec  from node 1  (seq 57)
2026-09-28T03:59:12.178956482Z     ·     apply  32       139.6 ms HE    2 dec  from node 1  (seq 58)
2026-09-28T03:59:12.251782328Z c4  s30  local  41        69.6 ms HE    1 dec  0 frames
2026-09-28T03:59:12.321012421Z c4  s31  local  42        69.4 ms HE    1 dec  0 frames
2026-09-28T03:59:12.323328512Z     ·     vote   35    YES to node 1          (seq 59)
2026-09-28T03:59:00.970706473Z     ·     apply  35       138.6 ms HE    2 dec  from node 1  (seq 59)
2026-09-28T03:59:01.115679579Z     ·     apply  36       139.2 ms HE    2 dec  from node 1  (seq 60)
2026-09-28T03:59:01.266710945Z     ·     vote   33    YES to node 1          (seq 61)
2026-09-28T03:59:01.408922304Z     ·     apply  33       139.4 ms HE    2 dec  from node 1  (seq 61)
2026-09-28T03:59:01.553497260Z     ·     apply  34       139.3 ms HE    2 dec  from node 1  (seq 62)
2026-09-28T03:59:01.625579312Z c4  s38  local  51        69.6 ms HE    1 dec  0 frames
2026-09-28T03:59:01.695097042Z c4  s39  local  52        69.5 ms HE    1 dec  0 frames
2026-09-28T03:59:01.697687667Z     ·     vote   37    YES to node 1          (seq 63)
2026-09-28T03:59:01.843070025Z     ·     apply  37       139.7 ms HE    2 dec  from node 1  (seq 63)
2026-09-28T03:59:01.987679485Z     ·     apply  38       139.6 ms HE    2 dec  from node 1  (seq 64)
2026-09-28T03:59:01.990138193Z -- cycle 4/5 done at 17941.2 ms --
2026-09-28T03:59:01.990181399Z 
2026-09-28T03:59:01.990190600Z -- cycle 5/5 --
2026-09-28T03:59:02.280327435Z     ·     vote   31    YES to node 1          (seq 65)
2026-09-28T03:59:02.425027107Z     ·     apply  31       139.5 ms HE    2 dec  from node 1  (seq 65)
2026-09-28T03:59:02.569980310Z     ·     apply  32       139.5 ms HE    2 dec  from node 1  (seq 66)
2026-09-28T03:59:02.642122969Z c5  s5   local  41        69.6 ms HE    1 dec  0 frames
2026-09-28T03:59:02.712531811Z c5  s7   local  42        69.8 ms HE    1 dec  0 frames
2026-09-28T03:59:02.715077331Z     ·     vote   33    YES to node 1          (seq 67)
2026-09-28T03:59:02.859612582Z     ·     apply  33       139.4 ms HE    2 dec  from node 1  (seq 67)
2026-09-28T03:59:03.004439269Z     ·     apply  34       139.6 ms HE    2 dec  from node 1  (seq 68)
2026-09-28T03:59:03.009763638Z     ·     vote   35    YES to node 1          (seq 69)
2026-09-28T03:59:03.154476611Z     ·     apply  35       139.5 ms HE    2 dec  from node 1  (seq 69)
2026-09-28T03:59:03.226728684Z c5  s11  local  53        69.7 ms HE    1 dec  0 frames
2026-09-28T03:59:03.296037088Z c5  s12  local  54        69.6 ms HE    1 dec  0 frames
2026-09-28T03:59:03.438789715Z     ·     apply  36       139.5 ms HE    2 dec  from node 1  (seq 70)
2026-09-28T03:59:03.446469879Z     ·     vote   39    YES to node 1          (seq 71)
2026-09-28T03:59:03.588820856Z     ·     apply  39       139.3 ms HE    2 dec  from node 1  (seq 71)
2026-09-28T03:59:03.879914111Z     ·     apply  30       139.3 ms HE    2 dec  from node 1  (seq 72)
2026-09-28T03:59:04.521012920Z     ·     vote   31    YES to node 1          (seq 73)
2026-09-28T03:59:04.665518967Z     ·     apply  31       139.1 ms HE    2 dec  from node 1  (seq 73)
2026-09-28T03:59:04.810625090Z     ·     apply  32       139.7 ms HE    2 dec  from node 1  (seq 74)
2026-09-28T03:59:04.883741271Z c5  s30  local  41        69.8 ms HE    1 dec  0 frames
2026-09-28T03:59:04.953160589Z c5  s31  local  42        69.5 ms HE    1 dec  0 frames
2026-09-28T03:59:04.955545889Z     ·     vote   35    YES to node 1          (seq 75)
2026-09-28T03:59:05.099970426Z     ·     apply  35       139.5 ms HE    2 dec  from node 1  (seq 75)
2026-09-28T03:59:05.247942208Z     ·     apply  36       139.9 ms HE    2 dec  from node 1  (seq 76)
2026-09-28T03:59:05.397930243Z     ·     vote   33    YES to node 1          (seq 77)
2026-09-28T03:59:05.540665968Z     ·     apply  33       140.0 ms HE    2 dec  from node 1  (seq 77)
2026-09-28T03:59:17.180577572Z     ·     apply  34       139.3 ms HE    2 dec  from node 1  (seq 78)
2026-09-28T03:59:17.253489828Z c5  s38  local  51        70.1 ms HE    1 dec  0 frames
2026-09-28T03:59:17.322719522Z c5  s39  local  52        69.5 ms HE    1 dec  0 frames
2026-09-28T03:59:17.325075218Z     ·     vote   37    YES to node 1          (seq 79)
2026-09-28T03:59:05.975009072Z     ·     apply  37       138.5 ms HE    2 dec  from node 1  (seq 79)
2026-09-28T03:59:06.119950374Z     ·     apply  38       139.3 ms HE    2 dec  from node 1  (seq 80)
2026-09-28T03:59:06.122141449Z -- cycle 5/5 done at 22073.5 ms --
2026-09-28T03:59:06.122186555Z 
2026-09-28T03:59:06.122196356Z ============================================================
2026-09-28T03:59:06.122203657Z   SUMMARY — node 2/4 — LOCAL MODULAR — UDP/IP multicast (RFC 1112)
2026-09-28T03:59:06.122212258Z ============================================================
2026-09-28T03:59:06.122219059Z   events this node FIRED:
2026-09-28T03:59:06.122225660Z   local (no network)     n=40   avg    69.78 ms  (HE   69.62 + net    0.00)  min   69.18  max    70.31  100.0%
2026-09-28T03:59:06.122232760Z   shared controllable          (none on this node)
2026-09-28T03:59:06.122239361Z   shared uncontroll.           (none on this node)
2026-09-28T03:59:06.122245762Z   events this node APPLIED for a peer (participant side):
2026-09-28T03:59:06.122252263Z   shared, applied        n=80   avg   142.00 ms  (HE  142.00 + net    0.00)  min  138.47  max   350.16
2026-09-28T03:59:06.122259164Z   run clock, end of cycles 1..5 (ms): 5559.2 9688.2 13817.1 17941.2 22073.5
2026-09-28T03:59:06.122308270Z      a cycle is over at the LATEST node's value; DES_WORK_MS 0 included
2026-09-28T03:59:06.122317171Z   ----------------------------------------------------------
2026-09-28T03:59:06.122323772Z   all events            n=40   avg    69.78 ms  (HE   69.62 + net    0.00)
2026-09-28T03:59:06.122330473Z   PEER-WAIT + WIRE      0.0 % of total step time
2026-09-28T03:59:06.122336974Z      (compare against the round-trip probe above: the excess is
2026-09-28T03:59:06.122343574Z       the peer's own HE work, not the link.)
2026-09-28T03:59:06.122349875Z   frames: tx=247 rx=750 retransmits=0
2026-09-28T03:59:06.122358276Z   authentication: HMAC-SHA256/128, 1.6 us per frame; 0 rejected (bad tag), 0 stale/replayed dropped, 3 epoch challenges
2026-09-28T03:59:06.122365877Z   rx queue: peak 5/64 frames
2026-09-28T03:59:06.122372378Z   plant check: 0 event reports rejected as physically impossible
2026-09-28T03:59:06.122379279Z      (these supervisors carry the plant: an impossible uncontrollable event is caught)
2026-09-28T03:59:06.122386180Z   ----------------------------------------------------------
2026-09-28T03:59:06.122392781Z   homomorphic vs cleartext oracle : PASS — every encrypted bit matched
2026-09-28T03:59:06.122399781Z      (PASS certifies the cryptography: each node's encrypted bits
2026-09-28T03:59:06.122406282Z       match its own clear model for the events it applied. It does
2026-09-28T03:59:06.122412783Z       not certify the distributed run — read the skips for that.)
2026-09-28T03:59:06.122419784Z   distributed vs MONOLITHIC sup.  : off — this header has no monolithic supervisor
2026-09-28T03:59:06.122426685Z   safe halt                       : no — ran to completion
2026-09-28T03:59:06.122433586Z ============================================================
2026-09-28T03:59:16.139501723Z @@RESULT {"node":2,"nodes":4,"family":"LOCAL MODULAR","data":"supervisor_data_fms.h","transport":"UDP/IP multicast (RFC 1112)","fingerprint":"457cc268","supervisors":["S2","S3"],"fired":{"local":40,"ctrl":0,"unctrl":0},"applied_for_peers":80,"skips":0,"impossible":0,"tx":247,"rx":757,"retx":0,"auth_bad":0,"replays":0,"challenges":3,"mac_us":1.65,"rxq_peak":5,"rxq_drops":0,"sync_wait_ms":0.0,"oracle":"PASS","safe_halt":false,"halt_reason":"","cycle_end_ms":[5559.2,9688.2,13817.1,17941.2,22073.5],"rounds":5,"work_ms":0,"emu_scalarmul_ms":69.0,"exit":0}
