2026-09-28T03:58:39.667272178Z des_container: node 3 of 4, LOCAL MODULAR, data supervisor_data_fms.h, transport UDP/IP multicast (RFC 1112)
2026-09-28T03:58:39.667319684Z des_container: EMULATING the ESP32 — every decryption takes at least 69.0 ms (DES_EMU_SCALARMUL_MS)
2026-09-28T03:58:39.667323584Z 
2026-09-28T03:58:39.667325084Z ============================================================
2026-09-28T03:58:39.667326385Z   Distributed Homomorphic DES — generic engine
2026-09-28T03:58:39.667327685Z   node 3/4   family LOCAL MODULAR   7 supervisors   31 events
2026-09-28T03:58:39.667328985Z   data: supervisor_data_fms.h
2026-09-28T03:58:39.667330285Z ============================================================
2026-09-28T03:58:39.668013071Z --- event routing (DERIVED from the header, not hardcoded) ---
2026-09-28T03:58:39.668022072Z   event  ctrl  nodes      owner  class
2026-09-28T03:58:39.668023772Z   11     yes   1          1      local — no network
2026-09-28T03:58:39.668025572Z   12     no    1          1      local — no network
2026-09-28T03:58:39.668026872Z   21     yes   1          1      local — no network
2026-09-28T03:58:39.668028173Z   22     no    1          1      local — no network
2026-09-28T03:58:39.668029573Z   30     no    1 2 3 4    1      SHARED — needs network
2026-09-28T03:58:39.668030773Z   31     yes   1 2 3 4    1      SHARED — needs network
2026-09-28T03:58:39.668032073Z   32     no    1 2 3 4    1      SHARED — needs network
2026-09-28T03:58:39.668033273Z   33     yes   1 2 3 4    1      SHARED — needs network
2026-09-28T03:58:39.668034573Z   34     no    1 2 3 4    1      SHARED — needs network
2026-09-28T03:58:39.668035774Z   35     yes   1 2 3 4    1      SHARED — needs network
2026-09-28T03:58:39.668037074Z   36     no    1 2 3 4    1      SHARED — needs network
2026-09-28T03:58:39.668038274Z   37     yes   1 2 3 4    1      SHARED — needs network
2026-09-28T03:58:39.668039574Z   38     no    1 2 3 4    1      SHARED — needs network
2026-09-28T03:58:39.668041174Z   39     yes   1 2 3 4    1      SHARED — needs network
2026-09-28T03:58:39.668042474Z   41     yes   2          2      local — no network
2026-09-28T03:58:39.668044275Z   42     no    2          2      local — no network
2026-09-28T03:58:39.668046275Z   51     yes   2          2      local — no network
2026-09-28T03:58:39.668048275Z   52     no    2          2      local — no network
2026-09-28T03:58:39.668050375Z   53     yes   2          2      local — no network
2026-09-28T03:58:39.668052476Z   54     no    2          2      local — no network
2026-09-28T03:58:39.668054676Z   61     yes   3 4        3      SHARED — needs network
2026-09-28T03:58:39.668056776Z   63     yes   3 4        3      SHARED — needs network
2026-09-28T03:58:39.668058977Z   64     no    3 4        3      SHARED — needs network
2026-09-28T03:58:39.668088680Z   65     yes   3 4        3      SHARED — needs network
2026-09-28T03:58:39.668093381Z   66     no    3 4        3      SHARED — needs network
2026-09-28T03:58:39.668095581Z   71     yes   4          4      local — no network
2026-09-28T03:58:39.668097781Z   72     no    4          4      local — no network
2026-09-28T03:58:39.668099882Z   73     yes   4          4      local — no network
2026-09-28T03:58:39.668101982Z   74     no    4          4      local — no network
2026-09-28T03:58:39.668104282Z   81     yes   4          4      local — no network
2026-09-28T03:58:39.668106482Z   82     no    4          4      local — no network
2026-09-28T03:58:39.668108683Z   => 15/31 events shared; 16/31 need ZERO network traffic; 15 concern this node
2026-09-28T03:58:39.668111183Z   NOTE controllability was INFERRED from event labels (the header
2026-09-28T03:58:39.668114283Z        does not carry it). Check the 'ctrl' column above; if it is
2026-09-28T03:58:39.668116384Z        wrong, set DES_CONTROLLABLE_MASK explicitly.
2026-09-28T03:58:39.668118484Z 
2026-09-28T03:58:39.668120384Z [init] config fingerprint 457cc268 — every node must print the same
2026-09-28T03:58:39.668122484Z 
2026-09-28T03:58:39.668231998Z [net] UDP multicast 239.192.7.1:5077  ttl=1  frame=44 B
2026-09-28T03:58:39.668242500Z --- crypto self-test ---
2026-09-28T03:58:39.671539214Z   Enc(0)->0 Enc(1)->1                PASS
2026-09-28T03:58:39.672274406Z   Enc(1)+Enc(1)->1 homomorphic OR   PASS
2026-09-28T03:58:39.672978794Z   Enc(0)+Enc(0)->0                  PASS
2026-09-28T03:58:39.673006398Z   curve secp192r1, ciphertext 50 B    PASS
2026-09-28T03:58:39.673139915Z   frame tag HMAC-SHA256/128: 1.8 us, 1-bit tamper caught  PASS
2026-09-28T03:58:39.673147916Z 
2026-09-28T03:58:39.673149716Z --- encrypting my supervisors' initial states ---
2026-09-28T03:58:39.673154616Z [load] S4         idx 4   44 states  15 constraining ev    2200 B ciphertext
2026-09-28T03:58:39.673156017Z [load] S5         idx 5   44 states  15 constraining ev    2200 B ciphertext
2026-09-28T03:58:41.874286844Z [init] my keypair is mine alone; no ciphertext ever leaves this node
2026-09-28T03:58:41.874378955Z [init] my enablement: 11=1 12=1 21=1 22=1 30=0 31=1 32=0 33=1 34=0 35=1 36=0 37=1 38=0 39=1 41=1 42=1 51=1 52=1 53=1 54=1 61=0 63=0 64=0 65=0 66=0 71=1 72=1 73=1 74=1 81=1 82=1
2026-09-28T03:58:41.874392257Z 
2026-09-28T03:58:42.075980372Z [net] waiting for 3 peer(s). all present.
2026-09-28T03:58:43.577909284Z 
2026-09-28T03:58:43.578101009Z ============================================================
2026-09-28T03:58:43.578123211Z   RUN — SIM_SEQ driver — 5 cycles x 44 steps — LOCAL MODULAR
2026-09-28T03:58:43.578189820Z   columns: cN sNN = cycle/step of MY walk; · = a peer caused this
2026-09-28T03:58:43.578207822Z   'done at': run clock, common to all nodes; a cycle is over at the
2026-09-28T03:58:43.578220424Z   LATEST node's print, machine time (DES_WORK_MS 0) included
2026-09-28T03:58:43.578231125Z ============================================================
2026-09-28T03:58:43.578242626Z 
2026-09-28T03:58:43.578253328Z -- cycle 1/5 --
2026-09-28T03:58:44.428567010Z     ·     vote   31    YES to node 1          (seq 1)
2026-09-28T03:58:44.648115981Z     ·     apply  31       214.6 ms HE    3 dec  from node 1  (seq 1)
2026-09-28T03:58:45.010552996Z     ·     apply  32       357.4 ms HE    5 dec  from node 1  (seq 2)
2026-09-28T03:58:45.147281466Z     ·     vote   33    YES to node 1          (seq 3)
2026-09-28T03:58:45.367247389Z     ·     apply  33       214.9 ms HE    3 dec  from node 1  (seq 3)
2026-09-28T03:58:57.221168721Z     ·     apply  34       356.1 ms HE    5 dec  from node 1  (seq 4)
2026-09-28T03:58:57.226116842Z     ·     vote   35    YES to node 1          (seq 5)
2026-09-28T03:58:45.949605338Z     ·     apply  35       211.0 ms HE    3 dec  from node 1  (seq 5)
2026-09-28T03:58:46.378456693Z     ·     apply  36       354.5 ms HE    5 dec  from node 1  (seq 6)
2026-09-28T03:58:46.386412792Z     ·     vote   39    YES to node 1          (seq 7)
2026-09-28T03:58:46.671848537Z     ·     apply  39       283.7 ms HE    4 dec  from node 1  (seq 7)
2026-09-28T03:58:46.889884218Z c1  s15  2pc    61       209.5 ms HE    3 dec  4 frames  + 5.5 ms peer-wait  (seq 1)
2026-09-28T03:58:47.102431210Z     ·     apply  30       209.5 ms HE    3 dec  from node 1  (seq 8)
2026-09-28T03:58:47.602193770Z c1  s23  2pc    65       209.5 ms HE    3 dec  4 frames  + 5.3 ms peer-wait  (seq 2)
2026-09-28T03:58:47.813970265Z c1  s24  notify 66       209.8 ms HE    3 dec  2 frames  + 1.5 ms peer-wait  (seq 3)
2026-09-28T03:58:47.817338988Z     ·     vote   31    YES to node 1          (seq 9)
2026-09-28T03:58:47.962883165Z     ·     apply  31       139.8 ms HE    2 dec  from node 1  (seq 9)
2026-09-28T03:58:48.179719095Z     ·     apply  32       209.6 ms HE    3 dec  from node 1  (seq 10)
2026-09-28T03:58:48.252770569Z     ·     vote   35    YES to node 1          (seq 11)
2026-09-28T03:58:48.393684365Z     ·     apply  35       138.9 ms HE    2 dec  from node 1  (seq 11)
2026-09-28T03:58:48.608010780Z     ·     apply  36       207.9 ms HE    3 dec  from node 1  (seq 12)
2026-09-28T03:58:48.891964339Z c1  s35  2pc    61       277.0 ms HE    4 dec  4 frames  + 4.5 ms peer-wait  (seq 4)
2026-09-28T03:58:48.896364492Z     ·     vote   33    YES to node 1          (seq 13)
2026-09-28T03:58:49.037605629Z     ·     apply  33       138.9 ms HE    2 dec  from node 1  (seq 13)
2026-09-28T03:58:49.250071510Z     ·     apply  34       208.0 ms HE    3 dec  from node 1  (seq 14)
2026-09-28T03:58:49.326765641Z     ·     vote   37    YES to node 1          (seq 15)
2026-09-28T03:58:49.467762048Z     ·     apply  37       138.6 ms HE    2 dec  from node 1  (seq 15)
2026-09-28T03:58:49.611735928Z     ·     apply  38       139.0 ms HE    2 dec  from node 1  (seq 16)
2026-09-28T03:58:49.759558491Z c1  s42  2pc    63       139.9 ms HE    2 dec  4 frames  + 5.6 ms peer-wait  (seq 5)
2026-09-28T03:58:49.901678339Z c1  s43  notify 64       140.0 ms HE    2 dec  2 frames  + 1.5 ms peer-wait  (seq 6)
2026-09-28T03:58:49.901764650Z -- cycle 1/5 done at 5845.6 ms --
2026-09-28T03:58:49.901776651Z 
2026-09-28T03:58:49.901783852Z -- cycle 2/5 --
2026-09-28T03:58:49.904508394Z     ·     vote   31    YES to node 1          (seq 17)
2026-09-28T03:58:50.048352858Z     ·     apply  31       139.4 ms HE    2 dec  from node 1  (seq 17)
2026-09-28T03:58:50.193673107Z     ·     apply  32       139.4 ms HE    2 dec  from node 1  (seq 18)
2026-09-28T03:58:50.341415961Z     ·     vote   33    YES to node 1          (seq 19)
2026-09-28T03:58:50.481872499Z     ·     apply  33       138.5 ms HE    2 dec  from node 1  (seq 19)
2026-09-28T03:59:02.117983265Z     ·     apply  34       139.4 ms HE    2 dec  from node 1  (seq 20)
2026-09-28T03:59:02.122807571Z     ·     vote   35    YES to node 1          (seq 21)
2026-09-28T03:59:02.264260734Z     ·     apply  35       139.5 ms HE    2 dec  from node 1  (seq 21)
2026-09-28T03:58:51.066321758Z     ·     apply  36       138.7 ms HE    2 dec  from node 1  (seq 22)
2026-09-28T03:58:51.071191369Z     ·     vote   39    YES to node 1          (seq 23)
2026-09-28T03:58:51.214536371Z     ·     apply  39       139.7 ms HE    2 dec  from node 1  (seq 23)
2026-09-28T03:58:51.362593464Z c2  s15  2pc    61       139.6 ms HE    2 dec  4 frames  + 6.2 ms peer-wait  (seq 7)
2026-09-28T03:58:51.504792521Z     ·     apply  30       139.5 ms HE    2 dec  from node 1  (seq 24)
2026-09-28T03:58:52.005698625Z c2  s23  2pc    65       139.4 ms HE    2 dec  4 frames  + 5.7 ms peer-wait  (seq 8)
2026-09-28T03:58:52.147532636Z c2  s24  notify 66       139.7 ms HE    2 dec  2 frames  + 1.8 ms peer-wait  (seq 9)
2026-09-28T03:58:52.150101359Z     ·     vote   31    YES to node 1          (seq 25)
2026-09-28T03:58:52.294852237Z     ·     apply  31       139.7 ms HE    2 dec  from node 1  (seq 25)
2026-09-28T03:58:52.440026167Z     ·     apply  32       139.7 ms HE    2 dec  from node 1  (seq 26)
2026-09-28T03:58:52.585290910Z     ·     vote   35    YES to node 1          (seq 27)
2026-09-28T03:58:52.730392732Z     ·     apply  35       139.7 ms HE    2 dec  from node 1  (seq 27)
2026-09-28T03:58:52.876130233Z     ·     apply  36       139.5 ms HE    2 dec  from node 1  (seq 28)
2026-09-28T03:58:53.024089414Z c2  s35  2pc    61       139.4 ms HE    2 dec  4 frames  + 6.2 ms peer-wait  (seq 10)
2026-09-28T03:58:53.026630433Z     ·     vote   33    YES to node 1          (seq 29)
2026-09-28T03:58:53.169391061Z     ·     apply  33       139.5 ms HE    2 dec  from node 1  (seq 29)
2026-09-28T03:58:53.313624174Z     ·     apply  34       139.3 ms HE    2 dec  from node 1  (seq 30)
2026-09-28T03:58:53.459551499Z     ·     vote   37    YES to node 1          (seq 31)
2026-09-28T03:58:53.601808464Z     ·     apply  37       139.3 ms HE    2 dec  from node 1  (seq 31)
2026-09-28T03:58:53.748430977Z     ·     apply  38       139.3 ms HE    2 dec  from node 1  (seq 32)
2026-09-28T03:58:53.895149602Z c2  s42  2pc    63       139.4 ms HE    2 dec  4 frames  + 4.7 ms peer-wait  (seq 11)
2026-09-28T03:58:54.036034694Z c2  s43  notify 64       139.2 ms HE    2 dec  2 frames  + 1.3 ms peer-wait  (seq 12)
2026-09-28T03:58:54.036098202Z -- cycle 2/5 done at 9970.9 ms --
2026-09-28T03:58:54.036107003Z 
2026-09-28T03:58:54.036112504Z -- cycle 3/5 --
2026-09-28T03:58:54.038807942Z     ·     vote   31    YES to node 1          (seq 33)
2026-09-28T03:58:54.183907264Z     ·     apply  31       139.8 ms HE    2 dec  from node 1  (seq 33)
2026-09-28T03:58:54.328613136Z     ·     apply  32       139.4 ms HE    2 dec  from node 1  (seq 34)
2026-09-28T03:58:54.475566590Z     ·     vote   33    YES to node 1          (seq 35)
2026-09-28T03:58:54.618305015Z     ·     apply  33       139.7 ms HE    2 dec  from node 1  (seq 35)
2026-09-28T03:58:54.763177908Z     ·     apply  34       139.3 ms HE    2 dec  from node 1  (seq 36)
2026-09-28T03:58:54.771366737Z     ·     vote   35    YES to node 1          (seq 37)
2026-09-28T03:58:54.914087660Z     ·     apply  35       139.5 ms HE    2 dec  from node 1  (seq 37)
2026-09-28T03:58:55.200653146Z     ·     apply  36       139.4 ms HE    2 dec  from node 1  (seq 38)
2026-09-28T03:58:55.206337960Z     ·     vote   39    YES to node 1          (seq 39)
2026-09-28T03:58:55.348396600Z     ·     apply  39       139.4 ms HE    2 dec  from node 1  (seq 39)
2026-09-28T03:58:55.494545953Z c3  s15  2pc    61       139.4 ms HE    2 dec  4 frames  + 4.3 ms peer-wait  (seq 13)
2026-09-28T03:59:07.116143031Z     ·     apply  30       139.6 ms HE    2 dec  from node 1  (seq 40)
2026-09-28T03:58:56.122104129Z c3  s23  2pc    65       139.4 ms HE    2 dec  4 frames  + 4.1 ms peer-wait  (seq 14)
2026-09-28T03:58:56.263860831Z c3  s24  notify 66       140.0 ms HE    2 dec  2 frames  + 1.5 ms peer-wait  (seq 15)
2026-09-28T03:58:56.266380647Z     ·     vote   31    YES to node 1          (seq 41)
2026-09-28T03:58:56.411232938Z     ·     apply  31       140.1 ms HE    2 dec  from node 1  (seq 41)
2026-09-28T03:58:56.555878702Z     ·     apply  32       139.0 ms HE    2 dec  from node 1  (seq 42)
2026-09-28T03:58:56.705047935Z     ·     vote   35    YES to node 1          (seq 43)
2026-09-28T03:58:56.846408087Z     ·     apply  35       139.7 ms HE    2 dec  from node 1  (seq 43)
2026-09-28T03:58:56.991189468Z     ·     apply  36       139.4 ms HE    2 dec  from node 1  (seq 44)
2026-09-28T03:58:57.138881616Z c3  s35  2pc    61       139.8 ms HE    2 dec  4 frames  + 4.9 ms peer-wait  (seq 16)
2026-09-28T03:58:57.142034512Z     ·     vote   33    YES to node 1          (seq 45)
2026-09-28T03:58:57.284857447Z     ·     apply  33       139.7 ms HE    2 dec  from node 1  (seq 45)
2026-09-28T03:58:57.429540116Z     ·     apply  34       139.8 ms HE    2 dec  from node 1  (seq 46)
2026-09-28T03:58:57.573573104Z     ·     vote   37    YES to node 1          (seq 47)
2026-09-28T03:58:57.721236348Z     ·     apply  37       139.5 ms HE    2 dec  from node 1  (seq 47)
2026-09-28T03:58:57.865007402Z     ·     apply  38       139.1 ms HE    2 dec  from node 1  (seq 48)
2026-09-28T03:58:58.011847543Z c3  s42  2pc    63       139.7 ms HE    2 dec  4 frames  + 4.7 ms peer-wait  (seq 17)
2026-09-28T03:58:58.153596143Z c3  s43  notify 64       139.7 ms HE    2 dec  2 frames  + 2.0 ms peer-wait  (seq 18)
2026-09-28T03:58:58.153679154Z -- cycle 3/5 done at 14102.2 ms --
2026-09-28T03:58:58.153690055Z 
2026-09-28T03:58:58.153697056Z -- cycle 4/5 --
2026-09-28T03:58:58.157169192Z     ·     vote   31    YES to node 1          (seq 49)
2026-09-28T03:58:58.301541922Z     ·     apply  31       139.4 ms HE    2 dec  from node 1  (seq 49)
2026-09-28T03:58:58.446098876Z     ·     apply  32       139.7 ms HE    2 dec  from node 1  (seq 50)
2026-09-28T03:58:58.594066557Z     ·     vote   33    YES to node 1          (seq 51)
2026-09-28T03:58:58.736170303Z     ·     apply  33       139.6 ms HE    2 dec  from node 1  (seq 51)
2026-09-28T03:58:58.880120480Z     ·     apply  34       139.0 ms HE    2 dec  from node 1  (seq 52)
2026-09-28T03:58:58.884805668Z     ·     vote   35    YES to node 1          (seq 53)
2026-09-28T03:58:59.027591699Z     ·     apply  35       139.3 ms HE    2 dec  from node 1  (seq 53)
2026-09-28T03:58:59.313465900Z     ·     apply  36       139.8 ms HE    2 dec  from node 1  (seq 54)
2026-09-28T03:58:59.318478629Z     ·     vote   39    YES to node 1          (seq 55)
2026-09-28T03:58:59.463834083Z     ·     apply  39       139.8 ms HE    2 dec  from node 1  (seq 55)
2026-09-28T03:58:59.610104151Z c4  s15  2pc    61       139.2 ms HE    2 dec  4 frames  + 4.6 ms peer-wait  (seq 19)
2026-09-28T03:58:59.754455779Z     ·     apply  30       139.7 ms HE    2 dec  from node 1  (seq 56)
2026-09-28T03:59:00.252260693Z c4  s23  2pc    65       139.4 ms HE    2 dec  4 frames  + 5.6 ms peer-wait  (seq 20)
2026-09-28T03:59:00.393915982Z c4  s24  notify 66       139.8 ms HE    2 dec  2 frames  + 1.7 ms peer-wait  (seq 21)
2026-09-28T03:59:00.396683130Z     ·     vote   31    YES to node 1          (seq 57)
2026-09-28T03:59:00.541409004Z     ·     apply  31       139.6 ms HE    2 dec  from node 1  (seq 57)
2026-09-28T03:59:12.178827666Z     ·     apply  32       139.5 ms HE    2 dec  from node 1  (seq 58)
2026-09-28T03:59:12.321892132Z     ·     vote   35    YES to node 1          (seq 59)
2026-09-28T03:59:00.971832815Z     ·     apply  35       138.5 ms HE    2 dec  from node 1  (seq 59)
2026-09-28T03:59:01.115838899Z     ·     apply  36       139.5 ms HE    2 dec  from node 1  (seq 60)
2026-09-28T03:59:01.263830284Z c4  s35  2pc    61       139.6 ms HE    2 dec  4 frames  + 4.8 ms peer-wait  (seq 22)
2026-09-28T03:59:01.266588630Z     ·     vote   33    YES to node 1          (seq 61)
2026-09-28T03:59:01.409173236Z     ·     apply  33       139.4 ms HE    2 dec  from node 1  (seq 61)
2026-09-28T03:59:01.553767094Z     ·     apply  34       139.3 ms HE    2 dec  from node 1  (seq 62)
2026-09-28T03:59:01.700005759Z     ·     vote   37    YES to node 1          (seq 63)
2026-09-28T03:59:01.842878901Z     ·     apply  37       140.0 ms HE    2 dec  from node 1  (seq 63)
2026-09-28T03:59:01.987693186Z     ·     apply  38       139.5 ms HE    2 dec  from node 1  (seq 64)
2026-09-28T03:59:02.136618288Z c4  s42  2pc    63       140.2 ms HE    2 dec  4 frames  + 5.9 ms peer-wait  (seq 23)
2026-09-28T03:59:02.278259376Z c4  s43  notify 64       140.0 ms HE    2 dec  2 frames  + 1.4 ms peer-wait  (seq 24)
2026-09-28T03:59:02.278341786Z -- cycle 4/5 done at 18227.9 ms --
2026-09-28T03:59:02.278353487Z 
2026-09-28T03:59:02.278360188Z -- cycle 5/5 --
2026-09-28T03:59:02.280466953Z     ·     vote   31    YES to node 1          (seq 65)
2026-09-28T03:59:02.425235733Z     ·     apply  31       139.5 ms HE    2 dec  from node 1  (seq 65)
2026-09-28T03:59:02.570219640Z     ·     apply  32       139.8 ms HE    2 dec  from node 1  (seq 66)
2026-09-28T03:59:02.716456504Z     ·     vote   33    YES to node 1          (seq 67)
2026-09-28T03:59:02.859364551Z     ·     apply  33       139.4 ms HE    2 dec  from node 1  (seq 67)
2026-09-28T03:59:03.003519054Z     ·     apply  34       139.3 ms HE    2 dec  from node 1  (seq 68)
2026-09-28T03:59:03.011369139Z     ·     vote   35    YES to node 1          (seq 69)
2026-09-28T03:59:03.153702914Z     ·     apply  35       139.7 ms HE    2 dec  from node 1  (seq 69)
2026-09-28T03:59:03.440120582Z     ·     apply  36       139.5 ms HE    2 dec  from node 1  (seq 70)
2026-09-28T03:59:03.446225549Z     ·     vote   39    YES to node 1          (seq 71)
2026-09-28T03:59:03.588584926Z     ·     apply  39       139.4 ms HE    2 dec  from node 1  (seq 71)
2026-09-28T03:59:03.736908352Z c5  s15  2pc    61       139.4 ms HE    2 dec  4 frames  + 6.5 ms peer-wait  (seq 25)
2026-09-28T03:59:03.879515361Z     ·     apply  30       139.5 ms HE    2 dec  from node 1  (seq 72)
2026-09-28T03:59:04.376914924Z c5  s23  2pc    65       139.3 ms HE    2 dec  4 frames  + 4.1 ms peer-wait  (seq 26)
2026-09-28T03:59:04.518632121Z c5  s24  notify 66       139.3 ms HE    2 dec  2 frames  + 1.6 ms peer-wait  (seq 27)
2026-09-28T03:59:04.520761989Z     ·     vote   31    YES to node 1          (seq 73)
2026-09-28T03:59:04.665466761Z     ·     apply  31       139.6 ms HE    2 dec  from node 1  (seq 73)
2026-09-28T03:59:04.810685197Z     ·     apply  32       139.4 ms HE    2 dec  from node 1  (seq 74)
2026-09-28T03:59:04.956628425Z     ·     vote   35    YES to node 1          (seq 75)
2026-09-28T03:59:05.099265137Z     ·     apply  35       139.6 ms HE    2 dec  from node 1  (seq 75)
2026-09-28T03:59:05.245790338Z     ·     apply  36       139.4 ms HE    2 dec  from node 1  (seq 76)
2026-09-28T03:59:05.392949118Z c5  s35  2pc    61       139.6 ms HE    2 dec  4 frames  + 4.7 ms peer-wait  (seq 28)
2026-09-28T03:59:05.397704015Z     ·     vote   33    YES to node 1          (seq 77)
2026-09-28T03:59:05.540554654Z     ·     apply  33       139.6 ms HE    2 dec  from node 1  (seq 77)
2026-09-28T03:59:17.181457682Z     ·     apply  34       139.9 ms HE    2 dec  from node 1  (seq 78)
2026-09-28T03:59:17.326700022Z     ·     vote   37    YES to node 1          (seq 79)
2026-09-28T03:59:05.974476005Z     ·     apply  37       138.6 ms HE    2 dec  from node 1  (seq 79)
2026-09-28T03:59:06.119831159Z     ·     apply  38       139.7 ms HE    2 dec  from node 1  (seq 80)
2026-09-28T03:59:06.266908029Z c5  s42  2pc    63       139.8 ms HE    2 dec  4 frames  + 4.6 ms peer-wait  (seq 29)
2026-09-28T03:59:06.407037826Z c5  s43  notify 64       139.1 ms HE    2 dec  2 frames  + 1.4 ms peer-wait  (seq 30)
2026-09-28T03:59:06.407099334Z -- cycle 5/5 done at 22357.3 ms --
2026-09-28T03:59:06.407108435Z 
2026-09-28T03:59:06.407116136Z ============================================================
2026-09-28T03:59:06.407124237Z   SUMMARY — node 3/4 — LOCAL MODULAR — UDP/IP multicast (RFC 1112)
2026-09-28T03:59:06.407133338Z ============================================================
2026-09-28T03:59:06.407141539Z   events this node FIRED:
2026-09-28T03:59:06.407149140Z   local (no network)           (none on this node)
2026-09-28T03:59:06.407156741Z   shared controllable    n=20   avg   158.77 ms  (HE  153.43 + net    5.12)  min  143.48  max   281.63   68.1%
2026-09-28T03:59:06.407165442Z   shared uncontroll.     n=10   avg   148.46 ms  (HE  146.66 + net    1.59)  min  140.69  max   211.75   31.9%
2026-09-28T03:59:06.407174043Z   events this node APPLIED for a peer (participant side):
2026-09-28T03:59:06.407183544Z   shared, applied        n=80   avg   155.60 ms  (HE  155.60 + net    0.00)  min  138.48  max   357.41
2026-09-28T03:59:06.407190845Z   sync-wait (peers reaching a shared step): n=30 avg 56.34 ms, 1.7 s total
2026-09-28T03:59:06.407195546Z      not protocol cost — the plant catching up; kept out of the rows above
2026-09-28T03:59:06.407200447Z   run clock, end of cycles 1..5 (ms): 5845.6 9970.9 14102.2 18227.9 22357.3
2026-09-28T03:59:06.407237851Z      a cycle is over at the LATEST node's value; DES_WORK_MS 0 included
2026-09-28T03:59:06.407243652Z   ----------------------------------------------------------
2026-09-28T03:59:06.407248253Z   all events            n=30   avg   155.33 ms  (HE  151.17 + net    3.94)
2026-09-28T03:59:06.407253053Z   PEER-WAIT + WIRE      2.5 % of total step time
2026-09-28T03:59:06.407257654Z      (compare against the round-trip probe above: the excess is
2026-09-28T03:59:06.407262254Z       the peer's own HE work, not the link.)
2026-09-28T03:59:06.407266755Z   frames: tx=284 rx=720 retransmits=0
2026-09-28T03:59:06.407271256Z   authentication: HMAC-SHA256/128, 1.8 us per frame; 0 rejected (bad tag), 0 stale/replayed dropped, 3 epoch challenges
2026-09-28T03:59:06.407276456Z   rx queue: peak 4/64 frames
2026-09-28T03:59:06.407280957Z   plant check: 0 event reports rejected as physically impossible
2026-09-28T03:59:06.407285657Z      (these supervisors carry the plant: an impossible uncontrollable event is caught)
2026-09-28T03:59:06.407290358Z   ----------------------------------------------------------
2026-09-28T03:59:06.407295058Z   homomorphic vs cleartext oracle : PASS — every encrypted bit matched
2026-09-28T03:59:06.407299759Z      (PASS certifies the cryptography: each node's encrypted bits
2026-09-28T03:59:06.407304360Z       match its own clear model for the events it applied. It does
2026-09-28T03:59:06.407309260Z       not certify the distributed run — read the skips for that.)
2026-09-28T03:59:06.407316561Z   distributed vs MONOLITHIC sup.  : off — this header has no monolithic supervisor
2026-09-28T03:59:06.407321662Z   safe halt                       : no — ran to completion
2026-09-28T03:59:06.407326562Z ============================================================
2026-09-28T03:59:16.422562470Z @@RESULT {"node":3,"nodes":4,"family":"LOCAL MODULAR","data":"supervisor_data_fms.h","transport":"UDP/IP multicast (RFC 1112)","fingerprint":"457cc268","supervisors":["S4","S5"],"fired":{"local":0,"ctrl":20,"unctrl":10},"applied_for_peers":80,"skips":0,"impossible":0,"tx":284,"rx":720,"retx":0,"auth_bad":0,"replays":0,"challenges":3,"mac_us":1.76,"rxq_peak":4,"rxq_drops":0,"sync_wait_ms":1690.1,"oracle":"PASS","safe_halt":false,"halt_reason":"","cycle_end_ms":[5845.6,9970.9,14102.2,18227.9,22357.3],"rounds":5,"work_ms":0,"emu_scalarmul_ms":69.0,"exit":0}
