2026-09-28T13:44:45.777729892Z des_container: node 2 of 2, LOCAL MODULAR, data supervisor_data_fms.h, transport UDP/IP multicast (RFC 1112)
2026-09-28T13:44:45.777781017Z des_container: EMULATING the ESP32 — every decryption takes at least 69.0 ms (DES_EMU_SCALARMUL_MS)
2026-09-28T13:44:45.777786319Z des_container: dropping 30 % of received frames, seed 3874045143 (DES_LOSS_SEED to replay)
2026-09-28T13:44:45.777791021Z 
2026-09-28T13:44:45.777793823Z ============================================================
2026-09-28T13:44:45.777795624Z   Distributed Homomorphic DES — generic engine
2026-09-28T13:44:45.777797525Z   node 2/2   family LOCAL MODULAR   7 supervisors   31 events
2026-09-28T13:44:45.777799325Z   data: supervisor_data_fms.h
2026-09-28T13:44:45.777801426Z ============================================================
2026-09-28T13:44:45.778612914Z --- event routing (DERIVED from the header, not hardcoded) ---
2026-09-28T13:44:45.778636225Z   event  ctrl  nodes      owner  class
2026-09-28T13:44:45.778638726Z   11     yes   1          1      local — no network
2026-09-28T13:44:45.778641027Z   12     no    1          1      local — no network
2026-09-28T13:44:45.778643128Z   21     yes   1          1      local — no network
2026-09-28T13:44:45.778645229Z   22     no    1          1      local — no network
2026-09-28T13:44:45.778647130Z   30     no    1 2        1      SHARED — needs network
2026-09-28T13:44:45.778649131Z   31     yes   1 2        1      SHARED — needs network
2026-09-28T13:44:45.778651032Z   32     no    1 2        1      SHARED — needs network
2026-09-28T13:44:45.778653133Z   33     yes   1 2        1      SHARED — needs network
2026-09-28T13:44:45.778655034Z   34     no    1 2        1      SHARED — needs network
2026-09-28T13:44:45.778656935Z   35     yes   1 2        1      SHARED — needs network
2026-09-28T13:44:45.778658836Z   36     no    1 2        1      SHARED — needs network
2026-09-28T13:44:45.778660737Z   37     yes   1 2        1      SHARED — needs network
2026-09-28T13:44:45.778662938Z   38     no    1 2        1      SHARED — needs network
2026-09-28T13:44:45.778664939Z   39     yes   1 2        1      SHARED — needs network
2026-09-28T13:44:45.778667040Z   41     yes   1          1      local — no network
2026-09-28T13:44:45.778669141Z   42     no    1          1      local — no network
2026-09-28T13:44:45.778671142Z   51     yes   1          1      local — no network
2026-09-28T13:44:45.778673343Z   52     no    1          1      local — no network
2026-09-28T13:44:45.778675544Z   53     yes   1          1      local — no network
2026-09-28T13:44:45.778677845Z   54     no    1          1      local — no network
2026-09-28T13:44:45.778680046Z   61     yes   2          2      local — no network
2026-09-28T13:44:45.778682647Z   63     yes   2          2      local — no network
2026-09-28T13:44:45.778696454Z   64     no    2          2      local — no network
2026-09-28T13:44:45.778698755Z   65     yes   2          2      local — no network
2026-09-28T13:44:45.778700556Z   66     no    2          2      local — no network
2026-09-28T13:44:45.778702457Z   71     yes   2          2      local — no network
2026-09-28T13:44:45.778704158Z   72     no    2          2      local — no network
2026-09-28T13:44:45.778705858Z   73     yes   2          2      local — no network
2026-09-28T13:44:45.778708059Z   74     no    2          2      local — no network
2026-09-28T13:44:45.778709760Z   81     yes   2          2      local — no network
2026-09-28T13:44:45.778711661Z   82     no    2          2      local — no network
2026-09-28T13:44:45.778713662Z   => 10/31 events shared; 21/31 need ZERO network traffic; 21 concern this node
2026-09-28T13:44:45.778715763Z   NOTE controllability was INFERRED from event labels (the header
2026-09-28T13:44:45.778717564Z        does not carry it). Check the 'ctrl' column above; if it is
2026-09-28T13:44:45.778720665Z        wrong, set DES_CONTROLLABLE_MASK explicitly.
2026-09-28T13:44:45.778722666Z 
2026-09-28T13:44:45.778724567Z [init] config fingerprint edbd7971 — every node must print the same
2026-09-28T13:44:45.778726568Z 
2026-09-28T13:44:45.778800704Z [net] UDP multicast 239.192.7.1:5077  ttl=1  frame=44 B
2026-09-28T13:44:45.778808407Z --- crypto self-test ---
2026-09-28T13:44:45.781778726Z   Enc(0)->0 Enc(1)->1                PASS
2026-09-28T13:44:45.783296451Z   Enc(1)+Enc(1)->1 homomorphic OR   PASS
2026-09-28T13:44:45.783528862Z   Enc(0)+Enc(0)->0                  PASS
2026-09-28T13:44:45.783537366Z   curve secp192r1, ciphertext 50 B    PASS
2026-09-28T13:44:45.783693541Z   frame tag HMAC-SHA256/128: 1.5 us, 1-bit tamper caught  PASS
2026-09-28T13:44:45.783702545Z 
2026-09-28T13:44:45.783705247Z --- encrypting my supervisors' initial states ---
2026-09-28T13:44:45.783707548Z [load] S4         idx 4   44 states  15 constraining ev    2200 B ciphertext
2026-09-28T13:44:45.783710849Z [load] S5         idx 5   44 states  15 constraining ev    2200 B ciphertext
2026-09-28T13:44:45.783817600Z [load] S6         idx 6  164 states  21 constraining ev    8200 B ciphertext
2026-09-28T13:44:49.737112843Z [init] my keypair is mine alone; no ciphertext ever leaves this node
2026-09-28T13:44:49.737209689Z [init] my enablement: 11=1 12=1 21=1 22=1 30=0 31=1 32=0 33=1 34=0 35=1 36=0 37=1 38=0 39=1 41=1 42=1 51=1 52=1 53=1 54=1 61=0 63=0 64=0 65=0 66=0 71=0 72=0 73=0 74=0 81=0 82=0
2026-09-28T13:44:49.737224296Z 
2026-09-28T13:44:49.938540562Z [net] waiting for 1 peer(s). all present.
2026-09-28T13:44:51.445759540Z 
2026-09-28T13:44:51.445893504Z ============================================================
2026-09-28T13:44:51.445908512Z   RUN — SIM_SEQ driver — 5 cycles x 44 steps — LOCAL MODULAR
2026-09-28T13:44:51.445919517Z   columns: cN sNN = cycle/step of MY walk; · = a peer caused this
2026-09-28T13:44:51.445929922Z   'done at': run clock, common to all nodes; a cycle is over at the
2026-09-28T13:44:51.445938326Z   LATEST node's print, machine time (DES_WORK_MS 0) included
2026-09-28T13:44:51.445947830Z ============================================================
2026-09-28T13:44:51.445956334Z 
2026-09-28T13:44:51.445964038Z -- cycle 1/5 --
2026-09-28T13:45:02.538141988Z     ·     vote   31    YES to node 1          (seq 1)
2026-09-28T13:45:05.576890756Z     ·     vote   31    YES to node 1          (seq 1)
2026-09-28T13:45:07.724575577Z     ·     apply  31       363.2 ms HE    5 dec  from node 1  (seq 1)
2026-09-28T13:45:10.940693209Z     ·     apply  32       580.2 ms HE    8 dec  from node 1  (seq 2)
2026-09-28T13:45:11.249760747Z     ·     vote   33    YES to node 1          (seq 3)
2026-09-28T13:45:12.749852921Z     ·     vote   33    YES to node 1          (seq 3)
2026-09-28T13:45:13.113399782Z     ·     apply  33       360.8 ms HE    5 dec  from node 1  (seq 3)
2026-09-28T13:45:15.779294278Z     ·     apply  34       572.5 ms HE    8 dec  from node 1  (seq 4)
2026-09-28T13:45:15.784321180Z     ·     vote   35    YES to node 1          (seq 5)
2026-09-28T13:45:17.285807720Z     ·     vote   35    YES to node 1          (seq 5)
2026-09-28T13:45:19.428150637Z     ·     apply  35       365.0 ms HE    5 dec  from node 1  (seq 5)
2026-09-28T13:45:20.007746703Z     ·     apply  36       574.6 ms HE    8 dec  from node 1  (seq 6)
2026-09-28T13:45:27.214936991Z [!!] node 1 reported SAFE HALT
2026-09-28T13:45:27.215019130Z 
2026-09-28T13:45:27.215037839Z ############################################################
2026-09-28T13:45:27.215052046Z   SAFE HALT on node 2: a peer halted
2026-09-28T13:45:27.215064051Z   tx=149 rx=44 retx=0
2026-09-28T13:45:27.215075057Z   This node cannot prove its peers are in the same state, so it
2026-09-28T13:45:27.215087062Z   refuses to act further. Safety preserved, liveness is not —
2026-09-28T13:45:27.215100969Z   the Two Generals trade, made explicit.
2026-09-28T13:45:27.215112274Z ############################################################
2026-09-28T13:45:27.215124380Z 
2026-09-28T13:45:27.215135986Z [!!] node 1 reported SAFE HALT
2026-09-28T13:45:27.215148292Z [!!] node 1 reported SAFE HALT
2026-09-28T13:45:27.217111830Z 
2026-09-28T13:45:27.217142844Z ============================================================
2026-09-28T13:45:27.217150648Z   SUMMARY — node 2/2 — LOCAL MODULAR — UDP/IP multicast (RFC 1112)
2026-09-28T13:45:27.217199271Z ============================================================
2026-09-28T13:45:27.217204074Z   events this node FIRED:
2026-09-28T13:45:27.217207775Z   local (no network)           (none on this node)
2026-09-28T13:45:27.217211677Z   shared controllable          (none on this node)
2026-09-28T13:45:27.217215379Z   shared uncontroll.           (none on this node)
2026-09-28T13:45:27.217218981Z   events this node APPLIED for a peer (participant side):
2026-09-28T13:45:27.217222683Z   shared, applied        n=6    avg   469.38 ms  (HE  469.38 + net    0.00)  min  360.81  max   580.17
2026-09-28T13:45:27.217226484Z   ----------------------------------------------------------
2026-09-28T13:45:27.217230186Z   frames: tx=149 rx=44 retransmits=0
2026-09-28T13:45:27.217233688Z   authentication: HMAC-SHA256/128, 1.5 us per frame; 0 rejected (bad tag), 0 stale/replayed dropped, 1 epoch challenges
2026-09-28T13:45:27.217237590Z   rx queue: peak 3/64 frames
2026-09-28T13:45:27.217241492Z   plant check: 0 event reports rejected as physically impossible
2026-09-28T13:45:27.217245293Z      (these supervisors carry the plant: an impossible uncontrollable event is caught)
2026-09-28T13:45:27.217248995Z   injected frame loss: 30 %
2026-09-28T13:45:27.217253397Z   ----------------------------------------------------------
2026-09-28T13:45:27.217257099Z   homomorphic vs cleartext oracle : PASS — every encrypted bit matched
2026-09-28T13:45:27.217260801Z      (PASS certifies the cryptography: each node's encrypted bits
2026-09-28T13:45:27.217264403Z       match its own clear model for the events it applied. It does
2026-09-28T13:45:27.217267904Z       not certify the distributed run — read the skips for that.)
2026-09-28T13:45:27.217271706Z   distributed vs MONOLITHIC sup.  : off — this header has no monolithic supervisor
2026-09-28T13:45:27.217275508Z   safe halt                       : a peer halted
2026-09-28T13:45:27.217279410Z ============================================================
2026-09-28T13:45:37.227826698Z @@RESULT {"node":2,"nodes":2,"family":"LOCAL MODULAR","data":"supervisor_data_fms.h","transport":"UDP/IP multicast (RFC 1112)","fingerprint":"edbd7971","supervisors":["S4","S5","S6"],"fired":{"local":0,"ctrl":0,"unctrl":0},"applied_for_peers":6,"skips":0,"impossible":0,"tx":149,"rx":44,"retx":0,"auth_bad":0,"replays":0,"challenges":1,"mac_us":1.46,"rxq_peak":3,"rxq_drops":0,"sync_wait_ms":0.0,"oracle":"PASS","safe_halt":true,"halt_reason":"a peer halted","cycle_end_ms":[],"rounds":5,"work_ms":0,"emu_scalarmul_ms":69.0,"loss_pct":30,"loss_seed":3874045143,"exit":2}
