2026-09-28T00:23:35.216775590Z des_container: node 1 of 5, LOCAL MODULAR, data supervisor_data_fms.h, transport UDP/IP multicast (RFC 1112)
2026-09-28T00:23:35.216823196Z des_container: EMULATING the ESP32 — every decryption takes at least 69.0 ms (DES_EMU_SCALARMUL_MS)
2026-09-28T00:23:35.216827297Z 
2026-09-28T00:23:35.216828797Z ============================================================
2026-09-28T00:23:35.216830097Z   Distributed Homomorphic DES — generic engine
2026-09-28T00:23:35.216831397Z   node 1/5   family LOCAL MODULAR   7 supervisors   31 events
2026-09-28T00:23:35.216832698Z   data: supervisor_data_fms.h
2026-09-28T00:23:35.216833998Z ============================================================
2026-09-28T00:23:35.217651100Z --- event routing (DERIVED from the header, not hardcoded) ---
2026-09-28T00:23:35.217680104Z   event  ctrl  nodes      owner  class
2026-09-28T00:23:35.217683304Z   11     yes   1          1      local — no network
2026-09-28T00:23:35.217686205Z   12     no    1          1      local — no network
2026-09-28T00:23:35.217688305Z   21     yes   1          1      local — no network
2026-09-28T00:23:35.217691105Z   22     no    1          1      local — no network
2026-09-28T00:23:35.217692906Z   30     no    1 2 3 4 5  1      SHARED — needs network
2026-09-28T00:23:35.217694806Z   31     yes   1 2 3 4 5  1      SHARED — needs network
2026-09-28T00:23:35.217696806Z   32     no    1 2 3 4 5  1      SHARED — needs network
2026-09-28T00:23:35.217698706Z   33     yes   1 2 3 4 5  1      SHARED — needs network
2026-09-28T00:23:35.217702007Z   34     no    1 2 3 4 5  1      SHARED — needs network
2026-09-28T00:23:35.217704807Z   35     yes   1 2 3 4 5  1      SHARED — needs network
2026-09-28T00:23:35.217707507Z   36     no    1 2 3 4 5  1      SHARED — needs network
2026-09-28T00:23:35.217710508Z   37     yes   1 2 3 4 5  1      SHARED — needs network
2026-09-28T00:23:35.217712708Z   38     no    1 2 3 4 5  1      SHARED — needs network
2026-09-28T00:23:35.217714708Z   39     yes   1 2 3 4 5  1      SHARED — needs network
2026-09-28T00:23:35.217716809Z   41     yes   2          2      local — no network
2026-09-28T00:23:35.217718809Z   42     no    2          2      local — no network
2026-09-28T00:23:35.217721809Z   51     yes   3          3      local — no network
2026-09-28T00:23:35.217724409Z   52     no    3          3      local — no network
2026-09-28T00:23:35.217725810Z   53     yes   3          3      local — no network
2026-09-28T00:23:35.217727110Z   54     no    3          3      local — no network
2026-09-28T00:23:35.217728410Z   61     yes   3 4 5      3      SHARED — needs network
2026-09-28T00:23:35.217729710Z   63     yes   3 4 5      3      SHARED — needs network
2026-09-28T00:23:35.217731010Z   64     no    3 4 5      3      SHARED — needs network
2026-09-28T00:23:35.217750613Z   65     yes   3 4 5      3      SHARED — needs network
2026-09-28T00:23:35.217753813Z   66     no    3 4 5      3      SHARED — needs network
2026-09-28T00:23:35.217755913Z   71     yes   5          5      local — no network
2026-09-28T00:23:35.217757814Z   72     no    5          5      local — no network
2026-09-28T00:23:35.217760014Z   73     yes   5          5      local — no network
2026-09-28T00:23:35.217762014Z   74     no    5          5      local — no network
2026-09-28T00:23:35.217763914Z   81     yes   5          5      local — no network
2026-09-28T00:23:35.217766015Z   82     no    5          5      local — no network
2026-09-28T00:23:35.217768415Z   => 15/31 events shared; 16/31 need ZERO network traffic; 14 concern this node
2026-09-28T00:23:35.217771215Z   NOTE controllability was INFERRED from event labels (the header
2026-09-28T00:23:35.217774416Z        does not carry it). Check the 'ctrl' column above; if it is
2026-09-28T00:23:35.217776616Z        wrong, set DES_CONTROLLABLE_MASK explicitly.
2026-09-28T00:23:35.217778616Z 
2026-09-28T00:23:35.217780917Z [init] config fingerprint 6f43d6b9 — every node must print the same
2026-09-28T00:23:35.217782317Z 
2026-09-28T00:23:35.217992543Z [net] UDP multicast 239.192.7.1:5077  ttl=1  frame=44 B
2026-09-28T00:23:35.218006145Z --- crypto self-test ---
2026-09-28T00:23:35.221949140Z   Enc(0)->0 Enc(1)->1                PASS
2026-09-28T00:23:35.222418699Z   Enc(1)+Enc(1)->1 homomorphic OR   PASS
2026-09-28T00:23:35.223218299Z   Enc(0)+Enc(0)->0                  PASS
2026-09-28T00:23:35.223238902Z   curve secp192r1, ciphertext 50 B    PASS
2026-09-28T00:23:35.223508036Z   frame tag HMAC-SHA256/128: 2.1 us, 1-bit tamper caught  PASS
2026-09-28T00:23:35.223522138Z 
2026-09-28T00:23:35.223525438Z --- encrypting my supervisors' initial states ---
2026-09-28T00:23:35.223527638Z [load] S0         idx 0   18 states  12 constraining ev     900 B ciphertext
2026-09-28T00:23:35.223529739Z [load] S1         idx 1   18 states  12 constraining ev     900 B ciphertext
2026-09-28T00:23:36.929474070Z [init] my keypair is mine alone; no ciphertext ever leaves this node
2026-09-28T00:23:36.929513275Z [init] my enablement: 11=1 12=0 21=1 22=0 30=0 31=0 32=0 33=0 34=0 35=1 36=0 37=1 38=0 39=1 41=1 42=1 51=1 52=1 53=1 54=1 61=1 63=1 64=1 65=1 66=1 71=1 72=1 73=1 74=1 81=1 82=1
2026-09-28T00:23:36.929518276Z 
2026-09-28T00:23:37.129575499Z [net] waiting for 4 peer(s). all present.
2026-09-28T00:23:38.634085335Z 
2026-09-28T00:23:38.634115739Z --- transport round-trip probe (UDP/IP multicast (RFC 1112)) ---
2026-09-28T00:23:39.127000035Z   20 probes: avg 3.84 ms  min 2.47 ms  max 5.11 ms
2026-09-28T00:23:39.127126151Z 
2026-09-28T00:23:39.127139453Z ============================================================
2026-09-28T00:23:39.127147254Z   RUN — SIM_SEQ driver — 5 cycles x 44 steps — LOCAL MODULAR
2026-09-28T00:23:39.127156555Z   columns: cN sNN = cycle/step of MY walk; · = a peer caused this
2026-09-28T00:23:39.127163556Z   'done at': run clock, common to all nodes; a cycle is over at the
2026-09-28T00:23:39.127170657Z   LATEST node's print, machine time (DES_WORK_MS 0) included
2026-09-28T00:23:39.127177458Z ============================================================
2026-09-28T00:23:39.127184359Z 
2026-09-28T00:23:39.127190559Z -- cycle 1/5 --
2026-09-28T00:23:39.268451299Z c1  s0   local  21       141.3 ms HE    2 dec  0 frames
2026-09-28T00:23:39.409492211Z c1  s1   local  11       141.3 ms HE    2 dec  0 frames
2026-09-28T00:23:39.479426193Z c1  s2   local  12        69.7 ms HE    1 dec  0 frames
2026-09-28T00:23:39.626109313Z c1  s3   2pc    31       139.7 ms HE    2 dec  10 frames  + 6.3 ms peer-wait  (seq 1)
2026-09-28T00:23:39.784791341Z c1  s4   notify 32       139.7 ms HE    2 dec  5 frames  + 1.6 ms peer-wait  (seq 2)
2026-09-28T00:23:39.855306396Z c1  s6   local  22        70.3 ms HE    1 dec  0 frames
2026-09-28T00:23:40.212307628Z c1  s8   2pc    33       138.7 ms HE    2 dec  10 frames  + 5.1 ms peer-wait  (seq 3)
2026-09-28T00:23:40.360758671Z c1  s9   notify 34       139.4 ms HE    2 dec  5 frames  + 1.5 ms peer-wait  (seq 4)
2026-09-28T00:23:40.585276365Z c1  s10  2pc    35       139.8 ms HE    2 dec  10 frames  + 5.7 ms peer-wait  (seq 5)
2026-09-28T00:23:40.871464905Z c1  s13  notify 36       139.6 ms HE    2 dec  5 frames  + 1.6 ms peer-wait  (seq 6)
2026-09-28T00:23:41.101650212Z c1  s14  2pc    39       139.1 ms HE    2 dec  10 frames  + 6.7 ms peer-wait  (seq 7)
2026-09-28T00:23:41.467995417Z c1  s16  notify 30       139.9 ms HE    2 dec  5 frames  + 1.7 ms peer-wait  (seq 8)
2026-09-28T00:23:41.537646964Z c1  s25  local  11        69.7 ms HE    1 dec  0 frames
2026-09-28T00:23:53.283469167Z c1  s26  local  21        69.3 ms HE    1 dec  0 frames
2026-09-28T00:23:53.353945617Z c1  s27  local  12        69.9 ms HE    1 dec  0 frames
2026-09-28T00:23:42.260594915Z c1  s28  2pc    31       140.2 ms HE    2 dec  10 frames  + 5.6 ms peer-wait  (seq 9)
2026-09-28T00:23:42.404773921Z c1  s29  notify 32       139.6 ms HE    2 dec  5 frames  + 1.5 ms peer-wait  (seq 10)
2026-09-28T00:23:42.623669910Z c1  s32  2pc    35       140.0 ms HE    2 dec  10 frames  + 5.4 ms peer-wait  (seq 11)
2026-09-28T00:23:42.766511448Z c1  s33  notify 36       139.7 ms HE    2 dec  5 frames  + 1.4 ms peer-wait  (seq 12)
2026-09-28T00:23:42.836366420Z c1  s34  local  22        69.4 ms HE    1 dec  0 frames
2026-09-28T00:23:43.132351090Z c1  s36  2pc    33       138.7 ms HE    2 dec  10 frames  + 6.3 ms peer-wait  (seq 13)
2026-09-28T00:23:43.276534696Z c1  s37  notify 34       139.7 ms HE    2 dec  5 frames  + 1.4 ms peer-wait  (seq 14)
2026-09-28T00:23:43.561990244Z c1  s40  2pc    37       139.1 ms HE    2 dec  10 frames  + 4.9 ms peer-wait  (seq 15)
2026-09-28T00:23:43.706282964Z c1  s41  notify 38       139.9 ms HE    2 dec  5 frames  + 1.6 ms peer-wait  (seq 16)
2026-09-28T00:23:43.706364474Z -- cycle 1/5 done at 4580.8 ms --
2026-09-28T00:23:43.706387177Z 
2026-09-28T00:23:43.706399479Z -- cycle 2/5 --
2026-09-28T00:23:43.776027923Z c2  s0   local  21        69.6 ms HE    1 dec  0 frames
2026-09-28T00:23:43.845722675Z c2  s1   local  11        69.6 ms HE    1 dec  0 frames
2026-09-28T00:23:43.915063783Z c2  s2   local  12        69.4 ms HE    1 dec  0 frames
2026-09-28T00:23:44.061021212Z c2  s3   2pc    31       139.6 ms HE    2 dec  10 frames  + 5.4 ms peer-wait  (seq 17)
2026-09-28T00:23:44.207176166Z c2  s4   notify 32       139.8 ms HE    2 dec  5 frames  + 1.7 ms peer-wait  (seq 18)
2026-09-28T00:23:44.277425588Z c2  s6   local  22        69.7 ms HE    1 dec  0 frames
2026-09-28T00:23:44.426470405Z c2  s8   2pc    33       139.6 ms HE    2 dec  10 frames  + 6.5 ms peer-wait  (seq 19)
2026-09-28T00:23:44.569590778Z c2  s9   notify 34       139.5 ms HE    2 dec  5 frames  + 1.5 ms peer-wait  (seq 20)
2026-09-28T00:23:44.720556236Z c2  s10  2pc    35       139.8 ms HE    2 dec  10 frames  + 6.2 ms peer-wait  (seq 21)
2026-09-28T00:23:45.004613508Z c2  s13  notify 36       139.2 ms HE    2 dec  5 frames  + 1.9 ms peer-wait  (seq 22)
2026-09-28T00:23:45.152517282Z c2  s14  2pc    39       139.3 ms HE    2 dec  10 frames  + 6.0 ms peer-wait  (seq 23)
2026-09-28T00:23:45.375028725Z c2  s16  notify 30       139.9 ms HE    2 dec  5 frames  + 2.5 ms peer-wait  (seq 24)
2026-09-28T00:23:45.443967782Z c2  s25  local  11        69.4 ms HE    1 dec  0 frames
2026-09-28T00:23:45.513739644Z c2  s26  local  21        69.5 ms HE    1 dec  0 frames
2026-09-28T00:23:45.583634122Z c2  s27  local  12        69.7 ms HE    1 dec  0 frames
2026-09-28T00:23:46.027389748Z c2  s28  2pc    31       139.4 ms HE    2 dec  10 frames  + 4.9 ms peer-wait  (seq 25)
2026-09-28T00:23:46.170300795Z c2  s29  notify 32       139.3 ms HE    2 dec  5 frames  + 1.4 ms peer-wait  (seq 26)
2026-09-28T00:23:46.390635365Z c2  s32  2pc    35       140.2 ms HE    2 dec  10 frames  + 5.5 ms peer-wait  (seq 27)
2026-09-28T00:23:46.532915332Z c2  s33  notify 36       139.1 ms HE    2 dec  5 frames  + 1.4 ms peer-wait  (seq 28)
2026-09-28T00:23:58.281151925Z c2  s34  local  22        69.9 ms HE    1 dec  0 frames
2026-09-28T00:23:58.436836076Z c2  s36  2pc    33       139.4 ms HE    2 dec  10 frames  + 6.2 ms peer-wait  (seq 29)
2026-09-28T00:23:46.912539555Z c2  s37  notify 34       138.6 ms HE    2 dec  5 frames  + 1.4 ms peer-wait  (seq 30)
2026-09-28T00:23:47.202891817Z c2  s40  2pc    37       140.2 ms HE    2 dec  10 frames  + 6.6 ms peer-wait  (seq 31)
2026-09-28T00:23:47.347019117Z c2  s41  notify 38       139.6 ms HE    2 dec  5 frames  + 1.7 ms peer-wait  (seq 32)
2026-09-28T00:23:47.347123630Z -- cycle 2/5 done at 8212.5 ms --
2026-09-28T00:23:47.347137132Z 
2026-09-28T00:23:47.347144233Z -- cycle 3/5 --
2026-09-28T00:23:47.417003706Z c3  s0   local  21        69.8 ms HE    1 dec  0 frames
2026-09-28T00:23:47.487100208Z c3  s1   local  11        69.9 ms HE    1 dec  0 frames
2026-09-28T00:23:47.557512651Z c3  s2   local  12        70.1 ms HE    1 dec  0 frames
2026-09-28T00:23:47.703137438Z c3  s3   2pc    31       139.6 ms HE    2 dec  10 frames  + 6.0 ms peer-wait  (seq 33)
2026-09-28T00:23:47.848363576Z c3  s4   notify 32       140.3 ms HE    2 dec  5 frames  + 1.7 ms peer-wait  (seq 34)
2026-09-28T00:23:47.917910309Z c3  s6   local  22        69.8 ms HE    1 dec  0 frames
2026-09-28T00:23:48.067513796Z c3  s8   2pc    33       139.8 ms HE    2 dec  10 frames  + 4.5 ms peer-wait  (seq 35)
2026-09-28T00:23:48.215747412Z c3  s9   notify 34       140.5 ms HE    2 dec  5 frames  + 1.9 ms peer-wait  (seq 36)
2026-09-28T00:23:48.364557199Z c3  s10  2pc    35       140.2 ms HE    2 dec  10 frames  + 5.9 ms peer-wait  (seq 37)
2026-09-28T00:23:48.647057375Z c3  s13  notify 36       140.2 ms HE    2 dec  5 frames  + 1.4 ms peer-wait  (seq 38)
2026-09-28T00:23:48.797859113Z c3  s14  2pc    39       139.8 ms HE    2 dec  10 frames  + 5.5 ms peer-wait  (seq 39)
2026-09-28T00:23:49.021835840Z c3  s16  notify 30       139.8 ms HE    2 dec  5 frames  + 1.9 ms peer-wait  (seq 40)
2026-09-28T00:23:49.092310190Z c3  s25  local  11        69.9 ms HE    1 dec  0 frames
2026-09-28T00:23:49.161772613Z c3  s26  local  21        69.7 ms HE    1 dec  0 frames
2026-09-28T00:23:49.232049339Z c3  s27  local  12        69.8 ms HE    1 dec  0 frames
2026-09-28T00:23:49.676264623Z c3  s28  2pc    31       139.8 ms HE    2 dec  10 frames  + 6.3 ms peer-wait  (seq 41)
2026-09-28T00:23:49.823020453Z c3  s29  notify 32       139.8 ms HE    2 dec  5 frames  + 1.7 ms peer-wait  (seq 42)
2026-09-28T00:23:50.043430632Z c3  s32  2pc    35       140.2 ms HE    2 dec  10 frames  + 7.1 ms peer-wait  (seq 43)
2026-09-28T00:23:50.188808688Z c3  s33  notify 36       139.6 ms HE    2 dec  5 frames  + 1.5 ms peer-wait  (seq 44)
2026-09-28T00:23:50.260462187Z c3  s34  local  22        70.5 ms HE    1 dec  0 frames
2026-09-28T00:23:50.415074903Z c3  s36  2pc    33       140.1 ms HE    2 dec  10 frames  + 5.4 ms peer-wait  (seq 45)
2026-09-28T00:23:50.559538244Z c3  s37  notify 34       139.9 ms HE    2 dec  5 frames  + 1.8 ms peer-wait  (seq 46)
2026-09-28T00:23:50.849928012Z c3  s40  2pc    37       140.5 ms HE    2 dec  10 frames  + 6.0 ms peer-wait  (seq 47)
2026-09-28T00:23:50.994925120Z c3  s41  notify 38       139.9 ms HE    2 dec  5 frames  + 2.3 ms peer-wait  (seq 48)
2026-09-28T00:23:50.994980527Z -- cycle 3/5 done at 11860.7 ms --
2026-09-28T00:23:50.994990829Z 
2026-09-28T00:23:50.994997529Z -- cycle 4/5 --
2026-09-28T00:23:51.065408772Z c4  s0   local  21        70.0 ms HE    1 dec  0 frames
2026-09-28T00:23:51.135607287Z c4  s1   local  11        69.8 ms HE    1 dec  0 frames
2026-09-28T00:23:51.205281437Z c4  s2   local  12        70.0 ms HE    1 dec  0 frames
2026-09-28T00:23:51.351671020Z c4  s3   2pc    31       139.8 ms HE    2 dec  10 frames  + 5.9 ms peer-wait  (seq 49)
2026-09-28T00:23:51.496674630Z c4  s4   notify 32       139.6 ms HE    2 dec  5 frames  + 1.3 ms peer-wait  (seq 50)
2026-09-28T00:23:51.566795036Z c4  s6   local  22        69.6 ms HE    1 dec  0 frames
2026-09-28T00:24:03.384025165Z c4  s8   2pc    33       139.0 ms HE    2 dec  10 frames  + 5.8 ms peer-wait  (seq 51)
2026-09-28T00:23:51.854548027Z c4  s9   notify 34       140.0 ms HE    2 dec  5 frames  + 1.6 ms peer-wait  (seq 52)
2026-09-28T00:23:52.000067801Z c4  s10  2pc    35       138.8 ms HE    2 dec  10 frames  + 3.9 ms peer-wait  (seq 53)
2026-09-28T00:23:52.286336351Z c4  s13  notify 36       140.1 ms HE    2 dec  5 frames  + 1.6 ms peer-wait  (seq 54)
2026-09-28T00:23:52.436034450Z c4  s14  2pc    39       140.1 ms HE    2 dec  10 frames  + 6.7 ms peer-wait  (seq 55)
2026-09-28T00:23:52.659036754Z c4  s16  notify 30       139.8 ms HE    2 dec  5 frames  + 1.4 ms peer-wait  (seq 56)
2026-09-28T00:23:52.729202166Z c4  s25  local  11        69.6 ms HE    1 dec  0 frames
2026-09-28T00:23:52.798955825Z c4  s26  local  21        69.6 ms HE    1 dec  0 frames
2026-09-28T00:23:52.868931413Z c4  s27  local  12        69.6 ms HE    1 dec  0 frames
2026-09-28T00:23:53.320061266Z c4  s28  2pc    31       140.2 ms HE    2 dec  10 frames  + 6.2 ms peer-wait  (seq 57)
2026-09-28T00:23:53.466270226Z c4  s29  notify 32       139.7 ms HE    2 dec  5 frames  + 1.5 ms peer-wait  (seq 58)
2026-09-28T00:23:53.685209521Z c4  s32  2pc    35       140.0 ms HE    2 dec  10 frames  + 5.9 ms peer-wait  (seq 59)
2026-09-28T00:23:53.829529945Z c4  s33  notify 36       139.7 ms HE    2 dec  5 frames  + 1.6 ms peer-wait  (seq 60)
2026-09-28T00:23:53.899888780Z c4  s34  local  22        70.1 ms HE    1 dec  0 frames
2026-09-28T00:23:54.056861393Z c4  s36  2pc    33       139.4 ms HE    2 dec  10 frames  + 5.9 ms peer-wait  (seq 61)
2026-09-28T00:23:54.203625523Z c4  s37  notify 34       140.0 ms HE    2 dec  5 frames  + 1.7 ms peer-wait  (seq 62)
2026-09-28T00:23:54.494617666Z c4  s40  2pc    37       140.0 ms HE    2 dec  10 frames  + 6.0 ms peer-wait  (seq 63)
2026-09-28T00:23:54.638026475Z c4  s41  notify 38       138.9 ms HE    2 dec  5 frames  + 1.9 ms peer-wait  (seq 64)
2026-09-28T00:23:54.638078082Z -- cycle 4/5 done at 15510.9 ms --
2026-09-28T00:23:54.638086383Z 
2026-09-28T00:23:54.638091684Z -- cycle 5/5 --
2026-09-28T00:23:54.708220390Z c5  s0   local  21        69.9 ms HE    1 dec  0 frames
2026-09-28T00:23:54.778231282Z c5  s1   local  11        69.9 ms HE    1 dec  0 frames
2026-09-28T00:23:54.848380792Z c5  s2   local  12        70.1 ms HE    1 dec  0 frames
2026-09-28T00:23:54.994598954Z c5  s3   2pc    31       139.4 ms HE    2 dec  10 frames  + 6.3 ms peer-wait  (seq 65)
2026-09-28T00:23:55.140917128Z c5  s4   notify 32       140.0 ms HE    2 dec  5 frames  + 1.9 ms peer-wait  (seq 66)
2026-09-28T00:23:55.211230758Z c5  s6   local  22        69.7 ms HE    1 dec  0 frames
2026-09-28T00:23:55.360048147Z c5  s8   2pc    33       140.0 ms HE    2 dec  10 frames  + 6.5 ms peer-wait  (seq 67)
2026-09-28T00:23:55.506465434Z c5  s9   notify 34       139.9 ms HE    2 dec  5 frames  + 1.6 ms peer-wait  (seq 68)
2026-09-28T00:23:55.655810489Z c5  s10  2pc    35       138.8 ms HE    2 dec  10 frames  + 6.0 ms peer-wait  (seq 69)
2026-09-28T00:23:55.942592703Z c5  s13  notify 36       139.8 ms HE    2 dec  5 frames  + 1.7 ms peer-wait  (seq 70)
2026-09-28T00:23:56.093797491Z c5  s14  2pc    39       139.9 ms HE    2 dec  10 frames  + 6.6 ms peer-wait  (seq 71)
2026-09-28T00:23:56.316817898Z c5  s16  notify 30       139.4 ms HE    2 dec  5 frames  + 1.6 ms peer-wait  (seq 72)
2026-09-28T00:23:56.386626364Z c5  s25  local  11        70.0 ms HE    1 dec  0 frames
2026-09-28T00:23:56.456905990Z c5  s26  local  21        70.0 ms HE    1 dec  0 frames
2026-09-28T00:23:56.526375214Z c5  s27  local  12        69.6 ms HE    1 dec  0 frames
2026-09-28T00:23:56.977140315Z c5  s28  2pc    31       138.9 ms HE    2 dec  10 frames  + 7.3 ms peer-wait  (seq 73)
2026-09-28T00:23:57.122932424Z c5  s29  notify 32       139.3 ms HE    2 dec  5 frames  + 1.5 ms peer-wait  (seq 74)
2026-09-28T00:23:57.342697622Z c5  s32  2pc    35       140.3 ms HE    2 dec  10 frames  + 5.7 ms peer-wait  (seq 75)
2026-09-28T00:23:57.487514308Z c5  s33  notify 36       139.7 ms HE    2 dec  5 frames  + 1.7 ms peer-wait  (seq 76)
2026-09-28T00:23:57.556028012Z c5  s34  local  22        69.4 ms HE    1 dec  0 frames
2026-09-28T00:23:57.713213651Z c5  s36  2pc    33       139.2 ms HE    2 dec  10 frames  + 5.3 ms peer-wait  (seq 77)
2026-09-28T00:23:57.857905122Z c5  s37  notify 34       139.7 ms HE    2 dec  5 frames  + 1.8 ms peer-wait  (seq 78)
2026-09-28T00:23:58.147916541Z c5  s40  2pc    37       139.9 ms HE    2 dec  10 frames  + 6.2 ms peer-wait  (seq 79)
2026-09-28T00:23:58.294998912Z c5  s41  notify 38       140.2 ms HE    2 dec  5 frames  + 2.0 ms peer-wait  (seq 80)
2026-09-28T00:23:58.295233041Z -- cycle 5/5 done at 19166.9 ms --
2026-09-28T00:23:58.295253144Z 
2026-09-28T00:23:58.295260345Z ============================================================
2026-09-28T00:23:58.295267446Z   SUMMARY — node 1/5 — LOCAL MODULAR — UDP/IP multicast (RFC 1112)
2026-09-28T00:23:58.295276247Z ============================================================
2026-09-28T00:23:58.295283048Z   events this node FIRED:
2026-09-28T00:23:58.295290048Z   local (no network)     n=40   avg    73.53 ms  (HE   73.34 + net    0.00)  min   69.44  max   141.53   20.4%
2026-09-28T00:23:58.295342755Z   shared controllable    n=40   avg   145.72 ms  (HE  139.66 + net    5.90)  min  142.81  max   147.49   40.4%
2026-09-28T00:23:58.295353156Z   shared uncontroll.     n=40   avg   141.53 ms  (HE  139.70 + net    1.66)  min  139.98  max   143.12   39.2%
2026-09-28T00:23:58.295360657Z   events this node APPLIED for a peer (participant side):
2026-09-28T00:23:58.295367458Z   shared, applied              (none on this node)
2026-09-28T00:23:58.295374159Z   sync-wait (peers reaching a shared step): n=80 avg 59.18 ms, 4.7 s total
2026-09-28T00:23:58.295381160Z      not protocol cost — the plant catching up; kept out of the rows above
2026-09-28T00:23:58.295388261Z   run clock, end of cycles 1..5 (ms): 4580.8 8212.5 11860.7 15510.9 19166.9
2026-09-28T00:23:58.295395362Z      a cycle is over at the LATEST node's value; DES_WORK_MS 0 included
2026-09-28T00:23:58.295402163Z   ----------------------------------------------------------
2026-09-28T00:23:58.295408963Z   all events            n=120  avg   120.26 ms  (HE  117.57 + net    2.52)
2026-09-28T00:23:58.295415764Z   PEER-WAIT + WIRE      2.1 % of total step time
2026-09-28T00:23:58.295422565Z      (compare against the round-trip probe above: the excess is
2026-09-28T00:23:58.295429366Z       the peer's own HE work, not the link.)
2026-09-28T00:23:58.295517177Z   frames: tx=154 rx=1164 retransmits=0
2026-09-28T00:23:58.295540880Z   authentication: HMAC-SHA256/128, 2.1 us per frame; 0 rejected (bad tag), 0 stale/replayed dropped, 4 epoch challenges
2026-09-28T00:23:58.295550481Z   rx queue: peak 7/64 frames
2026-09-28T00:23:58.295557482Z   plant check: 0 event reports rejected as physically impossible
2026-09-28T00:23:58.295564783Z      (these supervisors carry the plant: an impossible uncontrollable event is caught)
2026-09-28T00:23:58.295571784Z   ----------------------------------------------------------
2026-09-28T00:23:58.295578485Z   homomorphic vs cleartext oracle : PASS — every encrypted bit matched
2026-09-28T00:23:58.295585886Z      (PASS certifies the cryptography: each node's encrypted bits
2026-09-28T00:23:58.295592786Z       match its own clear model for the events it applied. It does
2026-09-28T00:23:58.295602388Z       not certify the distributed run — read the skips for that.)
2026-09-28T00:23:58.295609589Z   distributed vs MONOLITHIC sup.  : off — this header has no monolithic supervisor
2026-09-28T00:23:58.295616689Z   safe halt                       : no — ran to completion
2026-09-28T00:23:58.295623590Z ============================================================
2026-09-28T00:24:08.316231422Z @@RESULT {"node":1,"nodes":5,"family":"LOCAL MODULAR","data":"supervisor_data_fms.h","transport":"UDP/IP multicast (RFC 1112)","fingerprint":"6f43d6b9","supervisors":["S0","S1"],"fired":{"local":40,"ctrl":40,"unctrl":40},"applied_for_peers":0,"skips":0,"impossible":0,"tx":154,"rx":1175,"retx":0,"auth_bad":0,"replays":0,"challenges":4,"mac_us":2.12,"rxq_peak":7,"rxq_drops":0,"sync_wait_ms":4734.5,"oracle":"PASS","safe_halt":false,"halt_reason":"","cycle_end_ms":[4580.8,8212.5,11860.7,15510.9,19166.9],"rounds":5,"work_ms":0,"emu_scalarmul_ms":69.0,"exit":0}
