2026-09-28T04:06:59.795706735Z des_container: node 1 of 4, LOCAL MODULAR, data supervisor_data_fms.h, transport UDP/IP multicast (RFC 1112)
2026-09-28T04:06:59.795746440Z des_container: EMULATING the ESP32 — every decryption takes at least 69.0 ms (DES_EMU_SCALARMUL_MS)
2026-09-28T04:06:59.795749640Z 
2026-09-28T04:06:59.795751040Z ============================================================
2026-09-28T04:06:59.795752441Z   Distributed Homomorphic DES — generic engine
2026-09-28T04:06:59.795753641Z   node 1/4   family LOCAL MODULAR   7 supervisors   31 events
2026-09-28T04:06:59.795755441Z   data: supervisor_data_fms.h
2026-09-28T04:06:59.795756741Z ============================================================
2026-09-28T04:06:59.796550941Z --- event routing (DERIVED from the header, not hardcoded) ---
2026-09-28T04:06:59.796567143Z   event  ctrl  nodes      owner  class
2026-09-28T04:06:59.796570043Z   11     yes   1          1      local — no network
2026-09-28T04:06:59.796572844Z   12     no    1          1      local — no network
2026-09-28T04:06:59.796575244Z   21     yes   1          1      local — no network
2026-09-28T04:06:59.796577244Z   22     no    1          1      local — no network
2026-09-28T04:06:59.796579744Z   30     no    1 2 3 4    1      SHARED — needs network
2026-09-28T04:06:59.796581645Z   31     yes   1 2 3 4    1      SHARED — needs network
2026-09-28T04:06:59.796583745Z   32     no    1 2 3 4    1      SHARED — needs network
2026-09-28T04:06:59.796585945Z   33     yes   1 2 3 4    1      SHARED — needs network
2026-09-28T04:06:59.796587946Z   34     no    1 2 3 4    1      SHARED — needs network
2026-09-28T04:06:59.796590046Z   35     yes   1 2 3 4    1      SHARED — needs network
2026-09-28T04:06:59.796592146Z   36     no    1 2 3 4    1      SHARED — needs network
2026-09-28T04:06:59.796594246Z   37     yes   1 2 3 4    1      SHARED — needs network
2026-09-28T04:06:59.796596347Z   38     no    1 2 3 4    1      SHARED — needs network
2026-09-28T04:06:59.796598147Z   39     yes   1 2 3 4    1      SHARED — needs network
2026-09-28T04:06:59.796599447Z   41     yes   2          2      local — no network
2026-09-28T04:06:59.796600647Z   42     no    2          2      local — no network
2026-09-28T04:06:59.796601947Z   51     yes   2          2      local — no network
2026-09-28T04:06:59.796603147Z   52     no    2          2      local — no network
2026-09-28T04:06:59.796604348Z   53     yes   2          2      local — no network
2026-09-28T04:06:59.796605548Z   54     no    2          2      local — no network
2026-09-28T04:06:59.796607048Z   61     yes   3 4        3      SHARED — needs network
2026-09-28T04:06:59.796609048Z   63     yes   3 4        3      SHARED — needs network
2026-09-28T04:06:59.796610948Z   64     no    3 4        3      SHARED — needs network
2026-09-28T04:06:59.796624250Z   65     yes   3 4        3      SHARED — needs network
2026-09-28T04:06:59.796627350Z   66     no    3 4        3      SHARED — needs network
2026-09-28T04:06:59.796629451Z   71     yes   4          4      local — no network
2026-09-28T04:06:59.796631251Z   72     no    4          4      local — no network
2026-09-28T04:06:59.796633151Z   73     yes   4          4      local — no network
2026-09-28T04:06:59.796635451Z   74     no    4          4      local — no network
2026-09-28T04:06:59.796637552Z   81     yes   4          4      local — no network
2026-09-28T04:06:59.796639552Z   82     no    4          4      local — no network
2026-09-28T04:06:59.796641752Z   => 15/31 events shared; 16/31 need ZERO network traffic; 14 concern this node
2026-09-28T04:06:59.796644053Z   NOTE controllability was INFERRED from event labels (the header
2026-09-28T04:06:59.796646953Z        does not carry it). Check the 'ctrl' column above; if it is
2026-09-28T04:06:59.796649253Z        wrong, set DES_CONTROLLABLE_MASK explicitly.
2026-09-28T04:06:59.796651453Z 
2026-09-28T04:06:59.796653454Z [init] config fingerprint 457cc268 — every node must print the same
2026-09-28T04:06:59.796655454Z 
2026-09-28T04:06:59.796696259Z [net] UDP multicast 239.192.7.1:5077  ttl=1  frame=44 B
2026-09-28T04:06:59.796705260Z --- crypto self-test ---
2026-09-28T04:06:59.799481809Z   Enc(0)->0 Enc(1)->1                PASS
2026-09-28T04:06:59.800249005Z   Enc(1)+Enc(1)->1 homomorphic OR   PASS
2026-09-28T04:06:59.800937592Z   Enc(0)+Enc(0)->0                  PASS
2026-09-28T04:06:59.800970796Z   curve secp192r1, ciphertext 50 B    PASS
2026-09-28T04:06:59.800983898Z   frame tag HMAC-SHA256/128: 1.4 us, 1-bit tamper caught  PASS
2026-09-28T04:06:59.800992899Z 
2026-09-28T04:06:59.800994799Z --- encrypting my supervisors' initial states ---
2026-09-28T04:06:59.801130616Z [load] S0         idx 0   18 states  12 constraining ev     900 B ciphertext
2026-09-28T04:06:59.801136817Z [load] S1         idx 1   18 states  12 constraining ev     900 B ciphertext
2026-09-28T04:07:12.981885728Z [init] my keypair is mine alone; no ciphertext ever leaves this node
2026-09-28T04:07:12.981998942Z [init] my enablement: 11=1 12=0 21=1 22=0 30=0 31=0 32=0 33=0 34=0 35=1 36=0 37=1 38=0 39=1 41=1 42=1 51=1 52=1 53=1 54=1 61=1 63=1 64=1 65=1 66=1 71=1 72=1 73=1 74=1 81=1 82=1
2026-09-28T04:07:12.982022945Z 
2026-09-28T04:07:02.301875085Z [net] waiting for 3 peer(s).... all present.
2026-09-28T04:07:03.807327240Z 
2026-09-28T04:07:03.807883309Z --- transport round-trip probe (UDP/IP multicast (RFC 1112)) ---
2026-09-28T04:07:04.315996218Z   20 probes: avg 4.50 ms  min 2.90 ms  max 5.04 ms
2026-09-28T04:07:04.316113633Z 
2026-09-28T04:07:04.316129835Z ============================================================
2026-09-28T04:07:04.316137936Z   RUN — SIM_SEQ driver — 5 cycles x 44 steps — LOCAL MODULAR
2026-09-28T04:07:04.316146837Z   columns: cN sNN = cycle/step of MY walk; · = a peer caused this
2026-09-28T04:07:04.316153838Z   'done at': run clock, common to all nodes; a cycle is over at the
2026-09-28T04:07:04.316160939Z   LATEST node's print, machine time (DES_WORK_MS 0) included
2026-09-28T04:07:04.316167440Z ============================================================
2026-09-28T04:07:04.316174641Z 
2026-09-28T04:07:04.316181041Z -- cycle 1/5 --
2026-09-28T04:07:04.457713715Z c1  s0   local  21       141.7 ms HE    2 dec  0 frames
2026-09-28T04:07:04.598799833Z c1  s1   local  11       140.8 ms HE    2 dec  0 frames
2026-09-28T04:07:04.669267282Z c1  s2   local  12        70.2 ms HE    1 dec  0 frames
2026-09-28T04:07:04.816528675Z c1  s3   2pc    31       140.3 ms HE    2 dec  8 frames  + 6.5 ms peer-wait  (seq 1)
2026-09-28T04:07:05.036226265Z c1  s4   notify 32       140.1 ms HE    2 dec  4 frames  + 1.7 ms peer-wait  (seq 2)
2026-09-28T04:07:05.106043132Z c1  s6   local  22        69.7 ms HE    1 dec  0 frames
2026-09-28T04:07:05.535827904Z c1  s8   2pc    33       140.1 ms HE    2 dec  8 frames  + 6.1 ms peer-wait  (seq 3)
2026-09-28T04:07:05.754377250Z c1  s9   notify 34       139.6 ms HE    2 dec  4 frames  + 1.9 ms peer-wait  (seq 4)
2026-09-28T04:07:06.123005042Z c1  s10  2pc    35       139.5 ms HE    2 dec  8 frames  + 6.0 ms peer-wait  (seq 5)
2026-09-28T04:07:06.407666090Z c1  s13  notify 36       139.3 ms HE    2 dec  4 frames  + 1.8 ms peer-wait  (seq 6)
2026-09-28T04:07:06.780064322Z c1  s14  2pc    39       138.8 ms HE    2 dec  8 frames  + 6.2 ms peer-wait  (seq 7)
2026-09-28T04:07:07.285105545Z c1  s16  notify 30       139.6 ms HE    2 dec  4 frames  + 1.8 ms peer-wait  (seq 8)
2026-09-28T04:07:07.354260130Z c1  s25  local  11        69.5 ms HE    1 dec  0 frames
2026-09-28T04:07:07.423882573Z c1  s26  local  21        69.5 ms HE    1 dec  0 frames
2026-09-28T04:07:07.494391027Z c1  s27  local  12        70.1 ms HE    1 dec  0 frames
2026-09-28T04:07:08.211909033Z c1  s28  2pc    31       139.8 ms HE    2 dec  8 frames  + 5.6 ms peer-wait  (seq 9)
2026-09-28T04:07:08.358574551Z c1  s29  notify 32       139.8 ms HE    2 dec  4 frames  + 1.4 ms peer-wait  (seq 10)
2026-09-28T04:07:08.647737964Z c1  s32  2pc    35       140.2 ms HE    2 dec  8 frames  + 5.5 ms peer-wait  (seq 11)
2026-09-28T04:07:08.795375505Z c1  s33  notify 36       140.1 ms HE    2 dec  4 frames  + 1.6 ms peer-wait  (seq 12)
2026-09-28T04:07:08.864687509Z c1  s34  local  22        69.6 ms HE    1 dec  0 frames
2026-09-28T04:07:09.300946294Z c1  s36  2pc    33       140.2 ms HE    2 dec  8 frames  + 6.4 ms peer-wait  (seq 13)
2026-09-28T04:07:09.447669820Z c1  s37  notify 34       140.2 ms HE    2 dec  4 frames  + 1.7 ms peer-wait  (seq 14)
2026-09-28T04:07:09.736365874Z c1  s40  2pc    37       140.1 ms HE    2 dec  8 frames  + 5.6 ms peer-wait  (seq 15)
2026-09-28T04:07:09.880754106Z c1  s41  notify 38       139.7 ms HE    2 dec  4 frames  + 1.7 ms peer-wait  (seq 16)
2026-09-28T04:07:09.880944130Z -- cycle 1/5 done at 5555.5 ms --
2026-09-28T04:07:09.880979635Z 
2026-09-28T04:07:09.880994636Z -- cycle 2/5 --
2026-09-28T04:07:09.951074237Z c2  s0   local  21        70.1 ms HE    1 dec  0 frames
2026-09-28T04:07:10.021526084Z c2  s1   local  11        69.9 ms HE    1 dec  0 frames
2026-09-28T04:07:10.091185332Z c2  s2   local  12        69.6 ms HE    1 dec  0 frames
2026-09-28T04:07:10.318279251Z c2  s3   2pc    31       139.4 ms HE    2 dec  8 frames  + 6.0 ms peer-wait  (seq 17)
2026-09-28T04:07:10.464566721Z c2  s4   notify 32       139.3 ms HE    2 dec  4 frames  + 1.5 ms peer-wait  (seq 18)
2026-09-28T04:07:10.534130157Z c2  s6   local  22        69.7 ms HE    1 dec  0 frames
2026-09-28T04:07:10.751421344Z c2  s8   2pc    33       138.9 ms HE    2 dec  8 frames  + 5.7 ms peer-wait  (seq 19)
2026-09-28T04:07:10.897699414Z c2  s9   notify 34       139.4 ms HE    2 dec  4 frames  + 1.8 ms peer-wait  (seq 20)
2026-09-28T04:07:11.049447671Z c2  s10  2pc    35       139.9 ms HE    2 dec  8 frames  + 6.4 ms peer-wait  (seq 21)
2026-09-28T04:07:11.335830434Z c2  s13  notify 36       139.6 ms HE    2 dec  4 frames  + 1.5 ms peer-wait  (seq 22)
2026-09-28T04:07:22.960881785Z c2  s14  2pc    39       139.9 ms HE    2 dec  8 frames  + 6.0 ms peer-wait  (seq 23)
2026-09-28T04:07:11.767181073Z c2  s16  notify 30       138.7 ms HE    2 dec  4 frames  + 1.9 ms peer-wait  (seq 24)
2026-09-28T04:07:11.837140959Z c2  s25  local  11        69.5 ms HE    1 dec  0 frames
2026-09-28T04:07:11.907504495Z c2  s26  local  21        69.6 ms HE    1 dec  0 frames
2026-09-28T04:07:11.977064831Z c2  s27  local  12        69.6 ms HE    1 dec  0 frames
2026-09-28T04:07:12.554756877Z c2  s28  2pc    31       139.6 ms HE    2 dec  8 frames  + 5.9 ms peer-wait  (seq 25)
2026-09-28T04:07:12.699737984Z c2  s29  notify 32       140.3 ms HE    2 dec  4 frames  + 1.6 ms peer-wait  (seq 26)
2026-09-28T04:07:12.983698444Z c2  s32  2pc    35       138.7 ms HE    2 dec  8 frames  + 4.7 ms peer-wait  (seq 27)
2026-09-28T04:07:13.126161934Z c2  s33  notify 36       138.7 ms HE    2 dec  4 frames  + 1.2 ms peer-wait  (seq 28)
2026-09-28T04:07:13.195401129Z c2  s34  local  22        69.3 ms HE    1 dec  0 frames
2026-09-28T04:07:13.416307370Z c2  s36  2pc    33       138.6 ms HE    2 dec  8 frames  + 4.8 ms peer-wait  (seq 29)
2026-09-28T04:07:13.561766937Z c2  s37  notify 34       139.2 ms HE    2 dec  4 frames  + 1.3 ms peer-wait  (seq 30)
2026-09-28T04:07:13.849448164Z c2  s40  2pc    37       138.9 ms HE    2 dec  8 frames  + 5.3 ms peer-wait  (seq 31)
2026-09-28T04:07:13.995736035Z c2  s41  notify 38       139.4 ms HE    2 dec  4 frames  + 1.6 ms peer-wait  (seq 32)
2026-09-28T04:07:13.995878553Z -- cycle 2/5 done at 9680.6 ms --
2026-09-28T04:07:13.995895155Z 
2026-09-28T04:07:13.995901756Z -- cycle 3/5 --
2026-09-28T04:07:14.065924449Z c3  s0   local  21        69.8 ms HE    1 dec  0 frames
2026-09-28T04:07:14.135567795Z c3  s1   local  11        69.6 ms HE    1 dec  0 frames
2026-09-28T04:07:14.205449171Z c3  s2   local  12        69.6 ms HE    1 dec  0 frames
2026-09-28T04:07:14.432526287Z c3  s3   2pc    31       139.6 ms HE    2 dec  8 frames  + 6.1 ms peer-wait  (seq 33)
2026-09-28T04:07:14.577838935Z c3  s4   notify 32       139.5 ms HE    2 dec  4 frames  + 1.4 ms peer-wait  (seq 34)
2026-09-28T04:07:14.648204772Z c3  s6   local  22        69.7 ms HE    1 dec  0 frames
2026-09-28T04:07:14.868204199Z c3  s8   2pc    33       139.5 ms HE    2 dec  8 frames  + 7.3 ms peer-wait  (seq 35)
2026-09-28T04:07:15.015064642Z c3  s9   notify 34       139.5 ms HE    2 dec  4 frames  + 1.6 ms peer-wait  (seq 36)
2026-09-28T04:07:15.166549666Z c3  s10  2pc    35       139.8 ms HE    2 dec  8 frames  + 6.5 ms peer-wait  (seq 37)
2026-09-28T04:07:15.450565832Z c3  s13  notify 36       140.0 ms HE    2 dec  4 frames  + 2.0 ms peer-wait  (seq 38)
2026-09-28T04:07:15.600319038Z c3  s14  2pc    39       139.4 ms HE    2 dec  8 frames  + 6.3 ms peer-wait  (seq 39)
2026-09-28T04:07:15.891011543Z c3  s16  notify 30       140.2 ms HE    2 dec  4 frames  + 1.7 ms peer-wait  (seq 40)
2026-09-28T04:07:15.960851614Z c3  s25  local  11        69.6 ms HE    1 dec  0 frames
2026-09-28T04:07:16.030553367Z c3  s26  local  21        69.5 ms HE    1 dec  0 frames
2026-09-28T04:07:16.100615265Z c3  s27  local  12        69.8 ms HE    1 dec  0 frames
2026-09-28T04:07:16.677229145Z c3  s28  2pc    31       139.3 ms HE    2 dec  8 frames  + 5.6 ms peer-wait  (seq 41)
2026-09-28T04:07:16.820625152Z c3  s29  notify 32       138.9 ms HE    2 dec  4 frames  + 1.6 ms peer-wait  (seq 42)
2026-09-28T04:07:17.112569215Z c3  s32  2pc    35       139.4 ms HE    2 dec  8 frames  + 6.2 ms peer-wait  (seq 43)
2026-09-28T04:07:17.257336094Z c3  s33  notify 36       139.5 ms HE    2 dec  4 frames  + 1.5 ms peer-wait  (seq 44)
2026-09-28T04:07:17.328071477Z c3  s34  local  22        69.9 ms HE    1 dec  0 frames
2026-09-28T04:07:17.553455881Z c3  s36  2pc    33       139.8 ms HE    2 dec  8 frames  + 5.7 ms peer-wait  (seq 45)
2026-09-28T04:07:17.700013586Z c3  s37  notify 34       140.0 ms HE    2 dec  4 frames  + 1.5 ms peer-wait  (seq 46)
2026-09-28T04:07:17.989418729Z c3  s40  2pc    37       139.6 ms HE    2 dec  8 frames  + 5.9 ms peer-wait  (seq 47)
2026-09-28T04:07:18.132429989Z c3  s41  notify 38       139.0 ms HE    2 dec  4 frames  + 1.5 ms peer-wait  (seq 48)
2026-09-28T04:07:18.132512999Z -- cycle 3/5 done at 13816.1 ms --
2026-09-28T04:07:18.132529201Z 
2026-09-28T04:07:18.132536402Z -- cycle 4/5 --
2026-09-28T04:07:18.202734317Z c4  s0   local  21        69.7 ms HE    1 dec  0 frames
2026-09-28T04:07:18.273176664Z c4  s1   local  11        69.9 ms HE    1 dec  0 frames
2026-09-28T04:07:18.342747600Z c4  s2   local  12        69.7 ms HE    1 dec  0 frames
2026-09-28T04:07:18.569924129Z c4  s3   2pc    31       139.6 ms HE    2 dec  8 frames  + 6.2 ms peer-wait  (seq 49)
2026-09-28T04:07:18.714417975Z c4  s4   notify 32       139.6 ms HE    2 dec  4 frames  + 1.6 ms peer-wait  (seq 50)
2026-09-28T04:07:18.783814189Z c4  s6   local  22        69.6 ms HE    1 dec  0 frames
2026-09-28T04:07:19.004681326Z c4  s8   2pc    33       139.9 ms HE    2 dec  8 frames  + 6.3 ms peer-wait  (seq 51)
2026-09-28T04:07:19.151152420Z c4  s9   notify 34       139.8 ms HE    2 dec  4 frames  + 1.7 ms peer-wait  (seq 52)
2026-09-28T04:07:19.301934055Z c4  s10  2pc    35       139.4 ms HE    2 dec  8 frames  + 6.0 ms peer-wait  (seq 53)
2026-09-28T04:07:19.588054686Z c4  s13  notify 36       139.6 ms HE    2 dec  4 frames  + 1.6 ms peer-wait  (seq 54)
2026-09-28T04:07:19.737523056Z c4  s14  2pc    39       139.5 ms HE    2 dec  8 frames  + 5.1 ms peer-wait  (seq 55)
2026-09-28T04:07:20.029809961Z c4  s16  notify 30       140.4 ms HE    2 dec  4 frames  + 1.8 ms peer-wait  (seq 56)
2026-09-28T04:07:20.099413402Z c4  s25  local  11        69.4 ms HE    1 dec  0 frames
2026-09-28T04:07:20.169136858Z c4  s26  local  21        69.7 ms HE    1 dec  0 frames
2026-09-28T04:07:20.239243162Z c4  s27  local  12        69.9 ms HE    1 dec  0 frames
2026-09-28T04:07:20.818786841Z c4  s28  2pc    31       140.1 ms HE    2 dec  8 frames  + 6.7 ms peer-wait  (seq 57)
2026-09-28T04:07:20.963219179Z c4  s29  notify 32       140.1 ms HE    2 dec  4 frames  + 1.6 ms peer-wait  (seq 58)
2026-09-28T04:07:21.251590692Z c4  s32  2pc    35       140.1 ms HE    2 dec  8 frames  + 6.6 ms peer-wait  (seq 59)
2026-09-28T04:07:21.397211979Z c4  s33  notify 36       140.0 ms HE    2 dec  4 frames  + 1.6 ms peer-wait  (seq 60)
2026-09-28T04:07:32.949362939Z c4  s34  local  22        69.9 ms HE    1 dec  0 frames
2026-09-28T04:07:33.170319087Z c4  s36  2pc    33       139.4 ms HE    2 dec  8 frames  + 5.4 ms peer-wait  (seq 61)
2026-09-28T04:07:21.831060142Z c4  s37  notify 34       138.7 ms HE    2 dec  4 frames  + 1.4 ms peer-wait  (seq 62)
2026-09-28T04:07:22.121879763Z c4  s40  2pc    37       139.5 ms HE    2 dec  8 frames  + 6.0 ms peer-wait  (seq 63)
2026-09-28T04:07:22.269721529Z c4  s41  notify 38       140.2 ms HE    2 dec  4 frames  + 2.2 ms peer-wait  (seq 64)
2026-09-28T04:07:22.269785737Z -- cycle 4/5 done at 17953.0 ms --
2026-09-28T04:07:22.269797338Z 
2026-09-28T04:07:22.269805139Z -- cycle 5/5 --
2026-09-28T04:07:22.339256461Z c5  s0   local  21        69.6 ms HE    1 dec  0 frames
2026-09-28T04:07:22.409759415Z c5  s1   local  11        70.0 ms HE    1 dec  0 frames
2026-09-28T04:07:22.479911224Z c5  s2   local  12        69.8 ms HE    1 dec  0 frames
2026-09-28T04:07:22.704463924Z c5  s3   2pc    31       139.9 ms HE    2 dec  8 frames  + 6.1 ms peer-wait  (seq 65)
2026-09-28T04:07:22.848440504Z c5  s4   notify 32       140.2 ms HE    2 dec  4 frames  + 1.6 ms peer-wait  (seq 66)
2026-09-28T04:07:22.919155484Z c5  s6   local  22        69.9 ms HE    1 dec  0 frames
2026-09-28T04:07:23.136589590Z c5  s8   2pc    33       139.7 ms HE    2 dec  8 frames  + 5.3 ms peer-wait  (seq 67)
2026-09-28T04:07:23.281425078Z c5  s9   notify 34       139.9 ms HE    2 dec  4 frames  + 1.5 ms peer-wait  (seq 68)
2026-09-28T04:07:23.431425615Z c5  s10  2pc    35       139.8 ms HE    2 dec  8 frames  + 5.5 ms peer-wait  (seq 69)
2026-09-28T04:07:23.716599427Z c5  s13  notify 36       140.1 ms HE    2 dec  4 frames  + 1.4 ms peer-wait  (seq 70)
2026-09-28T04:07:23.867661798Z c5  s14  2pc    39       139.9 ms HE    2 dec  8 frames  + 6.1 ms peer-wait  (seq 71)
2026-09-28T04:07:24.160184333Z c5  s16  notify 30       140.0 ms HE    2 dec  4 frames  + 1.7 ms peer-wait  (seq 72)
2026-09-28T04:07:24.229923791Z c5  s25  local  11        69.9 ms HE    1 dec  0 frames
2026-09-28T04:07:24.299903779Z c5  s26  local  21        69.7 ms HE    1 dec  0 frames
2026-09-28T04:07:24.369999881Z c5  s27  local  12        70.0 ms HE    1 dec  0 frames
2026-09-28T04:07:24.948935384Z c5  s28  2pc    31       139.9 ms HE    2 dec  8 frames  + 5.7 ms peer-wait  (seq 73)
2026-09-28T04:07:25.095010428Z c5  s29  notify 32       139.9 ms HE    2 dec  4 frames  + 1.6 ms peer-wait  (seq 74)
2026-09-28T04:07:25.384070228Z c5  s32  2pc    35       139.6 ms HE    2 dec  8 frames  + 6.1 ms peer-wait  (seq 75)
2026-09-28T04:07:25.530649035Z c5  s33  notify 36       139.7 ms HE    2 dec  4 frames  + 2.0 ms peer-wait  (seq 76)
2026-09-28T04:07:25.601298207Z c5  s34  local  22        69.9 ms HE    1 dec  0 frames
2026-09-28T04:07:25.825231129Z c5  s36  2pc    33       139.6 ms HE    2 dec  8 frames  + 5.9 ms peer-wait  (seq 77)
2026-09-28T04:07:25.972256192Z c5  s37  notify 34       139.7 ms HE    2 dec  4 frames  + 1.6 ms peer-wait  (seq 78)
2026-09-28T04:07:26.261949272Z c5  s40  2pc    37       139.8 ms HE    2 dec  8 frames  + 5.9 ms peer-wait  (seq 79)
2026-09-28T04:07:26.409179261Z c5  s41  notify 38       140.1 ms HE    2 dec  4 frames  + 1.8 ms peer-wait  (seq 80)
2026-09-28T04:07:26.409319779Z -- cycle 5/5 done at 22092.2 ms --
2026-09-28T04:07:26.409339681Z 
2026-09-28T04:07:26.409346882Z ============================================================
2026-09-28T04:07:26.409354483Z   SUMMARY — node 1/4 — LOCAL MODULAR — UDP/IP multicast (RFC 1112)
2026-09-28T04:07:26.409362784Z ============================================================
2026-09-28T04:07:26.409369785Z   events this node FIRED:
2026-09-28T04:07:26.409376286Z   local (no network)     n=40   avg    73.50 ms  (HE   73.31 + net    0.00)  min   69.32  max   141.92   20.4%
2026-09-28T04:07:26.409383287Z   shared controllable    n=40   avg   145.70 ms  (HE  139.62 + net    5.92)  min  143.39  max   146.97   40.4%
2026-09-28T04:07:26.409431593Z   shared uncontroll.     n=40   avg   141.51 ms  (HE  139.69 + net    1.64)  min  140.00  max   142.69   39.2%
2026-09-28T04:07:26.409440194Z   events this node APPLIED for a peer (participant side):
2026-09-28T04:07:26.409446595Z   shared, applied              (none on this node)
2026-09-28T04:07:26.409453695Z   sync-wait (peers reaching a shared step): n=80 avg 95.78 ms, 7.7 s total
2026-09-28T04:07:26.409460396Z      not protocol cost — the plant catching up; kept out of the rows above
2026-09-28T04:07:26.409467297Z   run clock, end of cycles 1..5 (ms): 5555.5 9680.6 13816.1 17953.0 22092.2
2026-09-28T04:07:26.409474098Z      a cycle is over at the LATEST node's value; DES_WORK_MS 0 included
2026-09-28T04:07:26.409480699Z   ----------------------------------------------------------
2026-09-28T04:07:26.409487100Z   all events            n=120  avg   120.24 ms  (HE  117.54 + net    2.52)
2026-09-28T04:07:26.409494201Z   PEER-WAIT + WIRE      2.1 % of total step time
2026-09-28T04:07:26.409501201Z      (compare against the round-trip probe above: the excess is
2026-09-28T04:07:26.409508302Z       the peer's own HE work, not the link.)
2026-09-28T04:07:26.409514803Z   frames: tx=155 rx=842 retransmits=0
2026-09-28T04:07:26.409521304Z   authentication: HMAC-SHA256/128, 1.4 us per frame; 0 rejected (bad tag), 0 stale/replayed dropped, 3 epoch challenges
2026-09-28T04:07:26.409528405Z   rx queue: peak 5/64 frames
2026-09-28T04:07:26.409534806Z   plant check: 0 event reports rejected as physically impossible
2026-09-28T04:07:26.409541307Z      (these supervisors carry the plant: an impossible uncontrollable event is caught)
2026-09-28T04:07:26.409548007Z   ----------------------------------------------------------
2026-09-28T04:07:26.409554508Z   homomorphic vs cleartext oracle : PASS — every encrypted bit matched
2026-09-28T04:07:26.409561509Z      (PASS certifies the cryptography: each node's encrypted bits
2026-09-28T04:07:26.409568210Z       match its own clear model for the events it applied. It does
2026-09-28T04:07:26.409580511Z       not certify the distributed run — read the skips for that.)
2026-09-28T04:07:26.409677324Z   distributed vs MONOLITHIC sup.  : off — this header has no monolithic supervisor
2026-09-28T04:07:26.409700927Z   safe halt                       : no — ran to completion
2026-09-28T04:07:26.409709028Z ============================================================
2026-09-28T04:07:36.419840488Z @@RESULT {"node":1,"nodes":4,"family":"LOCAL MODULAR","data":"supervisor_data_fms.h","transport":"UDP/IP multicast (RFC 1112)","fingerprint":"457cc268","supervisors":["S0","S1"],"fired":{"local":40,"ctrl":40,"unctrl":40},"applied_for_peers":0,"skips":0,"impossible":0,"tx":155,"rx":849,"retx":0,"auth_bad":0,"replays":0,"challenges":3,"mac_us":1.39,"rxq_peak":5,"rxq_drops":0,"sync_wait_ms":7662.6,"oracle":"PASS","safe_halt":false,"halt_reason":"","cycle_end_ms":[5555.5,9680.6,13816.1,17953.0,22092.2],"rounds":5,"work_ms":0,"emu_scalarmul_ms":69.0,"exit":0}
