2026-09-28T04:06:59.634400778Z des_container: node 2 of 4, LOCAL MODULAR, data supervisor_data_fms.h, transport UDP/IP multicast (RFC 1112)
2026-09-28T04:06:59.634447384Z des_container: EMULATING the ESP32 — every decryption takes at least 69.0 ms (DES_EMU_SCALARMUL_MS)
2026-09-28T04:06:59.634451784Z 
2026-09-28T04:06:59.634454085Z ============================================================
2026-09-28T04:06:59.634456385Z   Distributed Homomorphic DES — generic engine
2026-09-28T04:06:59.634458585Z   node 2/4   family LOCAL MODULAR   7 supervisors   31 events
2026-09-28T04:06:59.634460886Z   data: supervisor_data_fms.h
2026-09-28T04:06:59.634462986Z ============================================================
2026-09-28T04:06:59.635283589Z --- event routing (DERIVED from the header, not hardcoded) ---
2026-09-28T04:06:59.635293890Z   event  ctrl  nodes      owner  class
2026-09-28T04:06:59.635295690Z   11     yes   1          1      local — no network
2026-09-28T04:06:59.635297291Z   12     no    1          1      local — no network
2026-09-28T04:06:59.635298691Z   21     yes   1          1      local — no network
2026-09-28T04:06:59.635299991Z   22     no    1          1      local — no network
2026-09-28T04:06:59.635301291Z   30     no    1 2 3 4    1      SHARED — needs network
2026-09-28T04:06:59.635302591Z   31     yes   1 2 3 4    1      SHARED — needs network
2026-09-28T04:06:59.635303891Z   32     no    1 2 3 4    1      SHARED — needs network
2026-09-28T04:06:59.635305492Z   33     yes   1 2 3 4    1      SHARED — needs network
2026-09-28T04:06:59.635306792Z   34     no    1 2 3 4    1      SHARED — needs network
2026-09-28T04:06:59.635308092Z   35     yes   1 2 3 4    1      SHARED — needs network
2026-09-28T04:06:59.635309392Z   36     no    1 2 3 4    1      SHARED — needs network
2026-09-28T04:06:59.635310692Z   37     yes   1 2 3 4    1      SHARED — needs network
2026-09-28T04:06:59.635311892Z   38     no    1 2 3 4    1      SHARED — needs network
2026-09-28T04:06:59.635313193Z   39     yes   1 2 3 4    1      SHARED — needs network
2026-09-28T04:06:59.635314393Z   41     yes   2          2      local — no network
2026-09-28T04:06:59.635315693Z   42     no    2          2      local — no network
2026-09-28T04:06:59.635316893Z   51     yes   2          2      local — no network
2026-09-28T04:06:59.635318293Z   52     no    2          2      local — no network
2026-09-28T04:06:59.635319493Z   53     yes   2          2      local — no network
2026-09-28T04:06:59.635320794Z   54     no    2          2      local — no network
2026-09-28T04:06:59.635321994Z   61     yes   3 4        3      SHARED — needs network
2026-09-28T04:06:59.635323294Z   63     yes   3 4        3      SHARED — needs network
2026-09-28T04:06:59.635324494Z   64     no    3 4        3      SHARED — needs network
2026-09-28T04:06:59.635335095Z   65     yes   3 4        3      SHARED — needs network
2026-09-28T04:06:59.635336696Z   66     no    3 4        3      SHARED — needs network
2026-09-28T04:06:59.635338096Z   71     yes   4          4      local — no network
2026-09-28T04:06:59.635339296Z   72     no    4          4      local — no network
2026-09-28T04:06:59.635340596Z   73     yes   4          4      local — no network
2026-09-28T04:06:59.635341796Z   74     no    4          4      local — no network
2026-09-28T04:06:59.635343096Z   81     yes   4          4      local — no network
2026-09-28T04:06:59.635344297Z   82     no    4          4      local — no network
2026-09-28T04:06:59.635345597Z   => 15/31 events shared; 16/31 need ZERO network traffic; 16 concern this node
2026-09-28T04:06:59.635347797Z   NOTE controllability was INFERRED from event labels (the header
2026-09-28T04:06:59.635350697Z        does not carry it). Check the 'ctrl' column above; if it is
2026-09-28T04:06:59.635352998Z        wrong, set DES_CONTROLLABLE_MASK explicitly.
2026-09-28T04:06:59.635354998Z 
2026-09-28T04:06:59.635357098Z [init] config fingerprint 457cc268 — every node must print the same
2026-09-28T04:06:59.635359298Z 
2026-09-28T04:06:59.635474013Z [net] UDP multicast 239.192.7.1:5077  ttl=1  frame=44 B
2026-09-28T04:06:59.635482614Z --- crypto self-test ---
2026-09-28T04:06:59.638196655Z   Enc(0)->0 Enc(1)->1                PASS
2026-09-28T04:06:59.638806431Z   Enc(1)+Enc(1)->1 homomorphic OR   PASS
2026-09-28T04:06:59.639531322Z   Enc(0)+Enc(0)->0                  PASS
2026-09-28T04:06:59.639550125Z   curve secp192r1, ciphertext 50 B    PASS
2026-09-28T04:06:59.639562626Z   frame tag HMAC-SHA256/128: 1.5 us, 1-bit tamper caught  PASS
2026-09-28T04:06:59.639564627Z 
2026-09-28T04:06:59.639565827Z --- encrypting my supervisors' initial states ---
2026-09-28T04:06:59.639678741Z [load] S2         idx 2   18 states  12 constraining ev     900 B ciphertext
2026-09-28T04:06:59.639686442Z [load] S3         idx 3   21 states  14 constraining ev    1050 B ciphertext
2026-09-28T04:07:12.962497293Z [init] my keypair is mine alone; no ciphertext ever leaves this node
2026-09-28T04:07:12.962593405Z [init] my enablement: 11=1 12=1 21=1 22=1 30=0 31=1 32=0 33=1 34=0 35=0 36=0 37=0 38=0 39=0 41=0 42=0 51=0 52=0 53=0 54=0 61=1 63=1 64=1 65=1 66=1 71=1 72=1 73=1 74=1 81=1 82=1
2026-09-28T04:07:12.962605407Z 
2026-09-28T04:07:02.280396888Z [net] waiting for 3 peer(s).... all present.
2026-09-28T04:07:03.783287621Z 
2026-09-28T04:07:03.783538352Z ============================================================
2026-09-28T04:07:03.783584458Z   RUN — SIM_SEQ driver — 5 cycles x 44 steps — LOCAL MODULAR
2026-09-28T04:07:03.783672569Z   columns: cN sNN = cycle/step of MY walk; · = a peer caused this
2026-09-28T04:07:03.783694572Z   'done at': run clock, common to all nodes; a cycle is over at the
2026-09-28T04:07:03.783707974Z   LATEST node's print, machine time (DES_WORK_MS 0) included
2026-09-28T04:07:03.783718675Z ============================================================
2026-09-28T04:07:03.783729976Z 
2026-09-28T04:07:03.783740678Z -- cycle 1/5 --
2026-09-28T04:07:04.672193349Z     ·     vote   31    YES to node 1          (seq 1)
2026-09-28T04:07:04.816332250Z     ·     apply  31       141.4 ms HE    2 dec  from node 1  (seq 1)
2026-09-28T04:07:05.245258815Z     ·     apply  32       350.3 ms HE    5 dec  from node 1  (seq 2)
2026-09-28T04:07:05.317830128Z c1  s5   local  41        69.8 ms HE    1 dec  0 frames
2026-09-28T04:07:05.386806990Z c1  s7   local  42        69.3 ms HE    1 dec  0 frames
2026-09-28T04:07:05.391710906Z     ·     vote   33    YES to node 1          (seq 3)
2026-09-28T04:07:05.534539043Z     ·     apply  33       139.6 ms HE    2 dec  from node 1  (seq 3)
2026-09-28T04:07:05.755529595Z     ·     apply  34       140.3 ms HE    2 dec  from node 1  (seq 4)
2026-09-28T04:07:05.980520649Z     ·     vote   35    YES to node 1          (seq 5)
2026-09-28T04:07:06.122746010Z     ·     apply  35       139.4 ms HE    2 dec  from node 1  (seq 5)
2026-09-28T04:07:06.194906471Z c1  s11  local  53        69.8 ms HE    1 dec  0 frames
2026-09-28T04:07:06.264944067Z c1  s12  local  54        69.9 ms HE    1 dec  0 frames
2026-09-28T04:07:06.407899419Z     ·     apply  36       139.6 ms HE    2 dec  from node 1  (seq 6)
2026-09-28T04:07:18.113234188Z     ·     vote   39    YES to node 1          (seq 7)
2026-09-28T04:07:06.779633368Z     ·     apply  39       138.8 ms HE    2 dec  from node 1  (seq 7)
2026-09-28T04:07:07.285281167Z     ·     apply  30       139.5 ms HE    2 dec  from node 1  (seq 8)
2026-09-28T04:07:08.068928077Z     ·     vote   31    YES to node 1          (seq 9)
2026-09-28T04:07:08.211215846Z     ·     apply  31       139.4 ms HE    2 dec  from node 1  (seq 9)
2026-09-28T04:07:08.358869188Z     ·     apply  32       139.6 ms HE    2 dec  from node 1  (seq 10)
2026-09-28T04:07:08.430398771Z c1  s30  local  41        69.4 ms HE    1 dec  0 frames
2026-09-28T04:07:08.499805187Z c1  s31  local  42        69.5 ms HE    1 dec  0 frames
2026-09-28T04:07:08.502639543Z     ·     vote   35    YES to node 1          (seq 11)
2026-09-28T04:07:08.647711961Z     ·     apply  35       139.4 ms HE    2 dec  from node 1  (seq 11)
2026-09-28T04:07:08.795665141Z     ·     apply  36       139.9 ms HE    2 dec  from node 1  (seq 12)
2026-09-28T04:07:09.156645773Z     ·     vote   33    YES to node 1          (seq 13)
2026-09-28T04:07:09.299727841Z     ·     apply  33       139.6 ms HE    2 dec  from node 1  (seq 13)
2026-09-28T04:07:09.447380883Z     ·     apply  34       139.3 ms HE    2 dec  from node 1  (seq 14)
2026-09-28T04:07:09.518529318Z c1  s38  local  51        69.4 ms HE    1 dec  0 frames
2026-09-28T04:07:09.588631021Z c1  s39  local  52        69.5 ms HE    1 dec  0 frames
2026-09-28T04:07:09.591448075Z     ·     vote   37    YES to node 1          (seq 15)
2026-09-28T04:07:09.735678188Z     ·     apply  37       139.3 ms HE    2 dec  from node 1  (seq 15)
2026-09-28T04:07:09.880228340Z     ·     apply  38       139.3 ms HE    2 dec  from node 1  (seq 16)
2026-09-28T04:07:09.883044194Z -- cycle 1/5 done at 5578.9 ms --
2026-09-28T04:07:09.883114603Z 
2026-09-28T04:07:09.883127604Z -- cycle 2/5 --
2026-09-28T04:07:10.176513948Z     ·     vote   31    YES to node 1          (seq 17)
2026-09-28T04:07:10.317635270Z     ·     apply  31       139.4 ms HE    2 dec  from node 1  (seq 17)
2026-09-28T04:07:10.464569922Z     ·     apply  32       139.4 ms HE    2 dec  from node 1  (seq 18)
2026-09-28T04:07:10.536053199Z c2  s5   local  41        69.4 ms HE    1 dec  0 frames
2026-09-28T04:07:10.606111696Z c2  s7   local  42        69.6 ms HE    1 dec  0 frames
2026-09-28T04:07:10.609051766Z     ·     vote   33    YES to node 1          (seq 19)
2026-09-28T04:07:10.752337259Z     ·     apply  33       138.8 ms HE    2 dec  from node 1  (seq 19)
2026-09-28T04:07:10.896926517Z     ·     apply  34       139.1 ms HE    2 dec  from node 1  (seq 20)
2026-09-28T04:07:10.905617208Z     ·     vote   35    YES to node 1          (seq 21)
2026-09-28T04:07:11.049603390Z     ·     apply  35       139.3 ms HE    2 dec  from node 1  (seq 21)
2026-09-28T04:07:11.122596457Z c2  s11  local  53        70.1 ms HE    1 dec  0 frames
2026-09-28T04:07:11.193367244Z c2  s12  local  54        70.1 ms HE    1 dec  0 frames
2026-09-28T04:07:11.335666114Z     ·     apply  36       139.3 ms HE    2 dec  from node 1  (seq 22)
2026-09-28T04:07:11.343502998Z     ·     vote   39    YES to node 1          (seq 23)
2026-09-28T04:07:22.960157394Z     ·     apply  39       139.4 ms HE    2 dec  from node 1  (seq 23)
2026-09-28T04:07:11.767378998Z     ·     apply  30       138.6 ms HE    2 dec  from node 1  (seq 24)
2026-09-28T04:07:12.411596099Z     ·     vote   31    YES to node 1          (seq 25)
2026-09-28T04:07:12.554640663Z     ·     apply  31       139.4 ms HE    2 dec  from node 1  (seq 25)
2026-09-28T04:07:12.699705780Z     ·     apply  32       139.7 ms HE    2 dec  from node 1  (seq 26)
2026-09-28T04:07:12.770586881Z c2  s30  local  41        69.2 ms HE    1 dec  0 frames
2026-09-28T04:07:12.839676157Z c2  s31  local  42        69.2 ms HE    1 dec  0 frames
2026-09-28T04:07:12.841879434Z     ·     vote   35    YES to node 1          (seq 27)
2026-09-28T04:07:12.982904144Z     ·     apply  35       138.5 ms HE    2 dec  from node 1  (seq 27)
2026-09-28T04:07:13.126160234Z     ·     apply  36       138.7 ms HE    2 dec  from node 1  (seq 28)
2026-09-28T04:07:13.274168321Z     ·     vote   33    YES to node 1          (seq 29)
2026-09-28T04:07:13.416950951Z     ·     apply  33       138.4 ms HE    2 dec  from node 1  (seq 29)
2026-09-28T04:07:13.560800216Z     ·     apply  34       139.0 ms HE    2 dec  from node 1  (seq 30)
2026-09-28T04:07:13.633627762Z c2  s38  local  51        69.8 ms HE    1 dec  0 frames
2026-09-28T04:07:13.703139591Z c2  s39  local  52        69.6 ms HE    1 dec  0 frames
2026-09-28T04:07:13.705611901Z     ·     vote   37    YES to node 1          (seq 31)
2026-09-28T04:07:13.849674793Z     ·     apply  37       139.4 ms HE    2 dec  from node 1  (seq 31)
2026-09-28T04:07:13.996215995Z     ·     apply  38       139.4 ms HE    2 dec  from node 1  (seq 32)
2026-09-28T04:07:13.998680805Z -- cycle 2/5 done at 9704.9 ms --
2026-09-28T04:07:13.998720410Z 
2026-09-28T04:07:13.998729311Z -- cycle 3/5 --
2026-09-28T04:07:14.288185861Z     ·     vote   31    YES to node 1          (seq 33)
2026-09-28T04:07:14.432638501Z     ·     apply  31       139.4 ms HE    2 dec  from node 1  (seq 33)
2026-09-28T04:07:14.577074739Z     ·     apply  32       139.3 ms HE    2 dec  from node 1  (seq 34)
2026-09-28T04:07:14.649266205Z c3  s5   local  41        69.6 ms HE    1 dec  0 frames
2026-09-28T04:07:14.719429516Z c3  s7   local  42        69.8 ms HE    1 dec  0 frames
2026-09-28T04:07:14.722198864Z     ·     vote   33    YES to node 1          (seq 35)
2026-09-28T04:07:14.867176270Z     ·     apply  33       139.5 ms HE    2 dec  from node 1  (seq 35)
2026-09-28T04:07:15.015040639Z     ·     apply  34       139.6 ms HE    2 dec  from node 1  (seq 36)
2026-09-28T04:07:15.022665997Z     ·     vote   35    YES to node 1          (seq 37)
2026-09-28T04:07:15.165324912Z     ·     apply  35       139.2 ms HE    2 dec  from node 1  (seq 37)
2026-09-28T04:07:15.237678098Z c3  s11  local  53        69.8 ms HE    1 dec  0 frames
2026-09-28T04:07:15.307511468Z c3  s12  local  54        69.7 ms HE    1 dec  0 frames
2026-09-28T04:07:15.451552056Z     ·     apply  36       140.4 ms HE    2 dec  from node 1  (seq 38)
2026-09-28T04:07:15.456697602Z     ·     vote   39    YES to node 1          (seq 39)
2026-09-28T04:07:15.599852780Z     ·     apply  39       138.9 ms HE    2 dec  from node 1  (seq 39)
2026-09-28T04:07:15.890622194Z     ·     apply  30       139.2 ms HE    2 dec  from node 1  (seq 40)
2026-09-28T04:07:28.016895880Z     ·     vote   31    YES to node 1          (seq 41)
2026-09-28T04:07:16.677445972Z     ·     apply  31       139.3 ms HE    2 dec  from node 1  (seq 41)
2026-09-28T04:07:16.820794874Z     ·     apply  32       139.2 ms HE    2 dec  from node 1  (seq 42)
2026-09-28T04:07:16.894035171Z c3  s30  local  41        70.0 ms HE    1 dec  0 frames
2026-09-28T04:07:16.964178080Z c3  s31  local  42        69.9 ms HE    1 dec  0 frames
2026-09-28T04:07:16.967143352Z     ·     vote   35    YES to node 1          (seq 43)
2026-09-28T04:07:17.112555413Z     ·     apply  35       139.6 ms HE    2 dec  from node 1  (seq 43)
2026-09-28T04:07:17.257215079Z     ·     apply  36       139.3 ms HE    2 dec  from node 1  (seq 44)
2026-09-28T04:07:17.410350410Z     ·     vote   33    YES to node 1          (seq 45)
2026-09-28T04:07:17.552580071Z     ·     apply  33       139.2 ms HE    2 dec  from node 1  (seq 45)
2026-09-28T04:07:17.699239289Z     ·     apply  34       139.5 ms HE    2 dec  from node 1  (seq 46)
2026-09-28T04:07:17.772031330Z c3  s38  local  51        69.8 ms HE    1 dec  0 frames
2026-09-28T04:07:17.841434445Z c3  s39  local  52        69.7 ms HE    1 dec  0 frames
2026-09-28T04:07:17.844309306Z     ·     vote   37    YES to node 1          (seq 47)
2026-09-28T04:07:17.989305515Z     ·     apply  37       139.3 ms HE    2 dec  from node 1  (seq 47)
2026-09-28T04:07:18.132612612Z     ·     apply  38       138.9 ms HE    2 dec  from node 1  (seq 48)
2026-09-28T04:07:18.134491948Z -- cycle 3/5 done at 13839.8 ms --
2026-09-28T04:07:18.134509950Z 
2026-09-28T04:07:18.134514450Z -- cycle 4/5 --
2026-09-28T04:07:18.427082591Z     ·     vote   31    YES to node 1          (seq 49)
2026-09-28T04:07:18.569364159Z     ·     apply  31       139.3 ms HE    2 dec  from node 1  (seq 49)
2026-09-28T04:07:18.714789921Z     ·     apply  32       139.6 ms HE    2 dec  from node 1  (seq 50)
2026-09-28T04:07:18.787320530Z c4  s5   local  41        69.6 ms HE    1 dec  0 frames
2026-09-28T04:07:18.857366326Z c4  s7   local  42        69.8 ms HE    1 dec  0 frames
2026-09-28T04:07:18.860731349Z     ·     vote   33    YES to node 1          (seq 51)
2026-09-28T04:07:19.004775738Z     ·     apply  33       139.4 ms HE    2 dec  from node 1  (seq 51)
2026-09-28T04:07:19.152173048Z     ·     apply  34       139.8 ms HE    2 dec  from node 1  (seq 52)
2026-09-28T04:07:19.157799254Z     ·     vote   35    YES to node 1          (seq 53)
2026-09-28T04:07:19.302046069Z     ·     apply  35       139.3 ms HE    2 dec  from node 1  (seq 53)
2026-09-28T04:07:19.374451561Z c4  s11  local  53        69.6 ms HE    1 dec  0 frames
2026-09-28T04:07:19.444672680Z c4  s12  local  54        69.7 ms HE    1 dec  0 frames
2026-09-28T04:07:19.588995104Z     ·     apply  36       139.4 ms HE    2 dec  from node 1  (seq 54)
2026-09-28T04:07:19.593609183Z     ·     vote   39    YES to node 1          (seq 55)
2026-09-28T04:07:19.737793690Z     ·     apply  39       139.1 ms HE    2 dec  from node 1  (seq 55)
2026-09-28T04:07:20.029835464Z     ·     apply  30       139.6 ms HE    2 dec  from node 1  (seq 56)
2026-09-28T04:07:20.674481219Z     ·     vote   31    YES to node 1          (seq 57)
2026-09-28T04:07:20.817133033Z     ·     apply  31       139.7 ms HE    2 dec  from node 1  (seq 57)
2026-09-28T04:07:20.962295763Z     ·     apply  32       139.8 ms HE    2 dec  from node 1  (seq 58)
2026-09-28T04:07:21.034367413Z c4  s30  local  41        69.6 ms HE    1 dec  0 frames
2026-09-28T04:07:21.103772829Z c4  s31  local  42        69.7 ms HE    1 dec  0 frames
2026-09-28T04:07:21.106730501Z     ·     vote   35    YES to node 1          (seq 59)
2026-09-28T04:07:21.251594693Z     ·     apply  35       139.7 ms HE    2 dec  from node 1  (seq 59)
2026-09-28T04:07:21.397334295Z     ·     apply  36       139.4 ms HE    2 dec  from node 1  (seq 60)
2026-09-28T04:07:33.027608565Z     ·     vote   33    YES to node 1          (seq 61)
2026-09-28T04:07:33.170164868Z     ·     apply  33       139.3 ms HE    2 dec  from node 1  (seq 61)
2026-09-28T04:07:21.831931251Z     ·     apply  34       138.5 ms HE    2 dec  from node 1  (seq 62)
2026-09-28T04:07:21.904737794Z c4  s38  local  51        69.8 ms HE    1 dec  0 frames
2026-09-28T04:07:21.974751486Z c4  s39  local  52        69.6 ms HE    1 dec  0 frames
2026-09-28T04:07:21.978045700Z     ·     vote   37    YES to node 1          (seq 63)
2026-09-28T04:07:22.122359123Z     ·     apply  37       139.4 ms HE    2 dec  from node 1  (seq 63)
2026-09-28T04:07:22.268744506Z     ·     apply  38       139.6 ms HE    2 dec  from node 1  (seq 64)
2026-09-28T04:07:22.270705552Z -- cycle 4/5 done at 17975.2 ms --
2026-09-28T04:07:22.270746457Z 
2026-09-28T04:07:22.270755559Z -- cycle 5/5 --
2026-09-28T04:07:22.560863290Z     ·     vote   31    YES to node 1          (seq 65)
2026-09-28T04:07:22.703448096Z     ·     apply  31       139.7 ms HE    2 dec  from node 1  (seq 65)
2026-09-28T04:07:22.848185872Z     ·     apply  32       139.3 ms HE    2 dec  from node 1  (seq 66)
2026-09-28T04:07:22.920727082Z c5  s5   local  41        69.7 ms HE    1 dec  0 frames
2026-09-28T04:07:22.990007082Z c5  s7   local  42        69.5 ms HE    1 dec  0 frames
2026-09-28T04:07:22.992898445Z     ·     vote   33    YES to node 1          (seq 67)
2026-09-28T04:07:23.136494378Z     ·     apply  33       139.0 ms HE    2 dec  from node 1  (seq 67)
2026-09-28T04:07:23.281348569Z     ·     apply  34       139.7 ms HE    2 dec  from node 1  (seq 68)
2026-09-28T04:07:23.286556123Z     ·     vote   35    YES to node 1          (seq 69)
2026-09-28T04:07:23.431816864Z     ·     apply  35       139.5 ms HE    2 dec  from node 1  (seq 69)
2026-09-28T04:07:23.503397854Z c5  s11  local  53        69.6 ms HE    1 dec  0 frames
2026-09-28T04:07:23.573359039Z c5  s12  local  54        69.6 ms HE    1 dec  0 frames
2026-09-28T04:07:23.716251484Z     ·     apply  36       139.4 ms HE    2 dec  from node 1  (seq 70)
2026-09-28T04:07:23.723830235Z     ·     vote   39    YES to node 1          (seq 71)
2026-09-28T04:07:23.866266222Z     ·     apply  39       139.4 ms HE    2 dec  from node 1  (seq 71)
2026-09-28T04:07:24.159900697Z     ·     apply  30       139.4 ms HE    2 dec  from node 1  (seq 72)
2026-09-28T04:07:24.805591483Z     ·     vote   31    YES to node 1          (seq 73)
2026-09-28T04:07:24.947768837Z     ·     apply  31       139.4 ms HE    2 dec  from node 1  (seq 73)
2026-09-28T04:07:25.094879712Z     ·     apply  32       139.4 ms HE    2 dec  from node 1  (seq 74)
2026-09-28T04:07:25.167666852Z c5  s30  local  41        69.7 ms HE    1 dec  0 frames
2026-09-28T04:07:25.237292896Z c5  s31  local  42        69.5 ms HE    1 dec  0 frames
2026-09-28T04:07:25.240672320Z     ·     vote   35    YES to node 1          (seq 75)
2026-09-28T04:07:25.384234749Z     ·     apply  35       139.1 ms HE    2 dec  from node 1  (seq 75)
2026-09-28T04:07:25.531741073Z     ·     apply  36       139.5 ms HE    2 dec  from node 1  (seq 76)
2026-09-28T04:07:25.682628921Z     ·     vote   33    YES to node 1          (seq 77)
2026-09-28T04:07:25.824536842Z     ·     apply  33       139.3 ms HE    2 dec  from node 1  (seq 77)
2026-09-28T04:07:25.971837040Z     ·     apply  34       139.5 ms HE    2 dec  from node 1  (seq 78)
2026-09-28T04:07:26.043968098Z c5  s38  local  51        69.7 ms HE    1 dec  0 frames
2026-09-28T04:07:26.114069201Z c5  s39  local  52        69.9 ms HE    1 dec  0 frames
2026-09-28T04:07:26.117337912Z     ·     vote   37    YES to node 1          (seq 79)
2026-09-28T04:07:26.262068387Z     ·     apply  37       139.6 ms HE    2 dec  from node 1  (seq 79)
2026-09-28T04:07:26.409303677Z     ·     apply  38       139.3 ms HE    2 dec  from node 1  (seq 80)
2026-09-28T04:07:26.412091127Z -- cycle 5/5 done at 22116.3 ms --
2026-09-28T04:07:26.412159435Z 
2026-09-28T04:07:26.412170037Z ============================================================
2026-09-28T04:07:26.412177938Z   SUMMARY — node 2/4 — LOCAL MODULAR — UDP/IP multicast (RFC 1112)
2026-09-28T04:07:26.412187639Z ============================================================
2026-09-28T04:07:26.412194340Z   events this node FIRED:
2026-09-28T04:07:26.412203441Z   local (no network)     n=40   avg    69.85 ms  (HE   69.66 + net    0.00)  min   69.19  max    70.34  100.0%
2026-09-28T04:07:26.412210642Z   shared controllable          (none on this node)
2026-09-28T04:07:26.412217243Z   shared uncontroll.           (none on this node)
2026-09-28T04:07:26.412223643Z   events this node APPLIED for a peer (participant side):
2026-09-28T04:07:26.412230344Z   shared, applied        n=80   avg   142.02 ms  (HE  142.02 + net    0.00)  min  138.42  max   350.31
2026-09-28T04:07:26.412237345Z   run clock, end of cycles 1..5 (ms): 5578.9 9704.9 13839.8 17975.2 22116.3
2026-09-28T04:07:26.412456273Z      a cycle is over at the LATEST node's value; DES_WORK_MS 0 included
2026-09-28T04:07:26.412522981Z   ----------------------------------------------------------
2026-09-28T04:07:26.412540883Z   all events            n=40   avg    69.85 ms  (HE   69.66 + net    0.00)
2026-09-28T04:07:26.412553385Z   PEER-WAIT + WIRE      0.0 % of total step time
2026-09-28T04:07:26.412564086Z      (compare against the round-trip probe above: the excess is
2026-09-28T04:07:26.412572987Z       the peer's own HE work, not the link.)
2026-09-28T04:07:26.412582888Z   frames: tx=249 rx=748 retransmits=0
2026-09-28T04:07:26.412593690Z   authentication: HMAC-SHA256/128, 1.5 us per frame; 0 rejected (bad tag), 0 stale/replayed dropped, 3 epoch challenges
2026-09-28T04:07:26.412605891Z   rx queue: peak 4/64 frames
2026-09-28T04:07:26.412617593Z   plant check: 0 event reports rejected as physically impossible
2026-09-28T04:07:26.412629894Z      (these supervisors carry the plant: an impossible uncontrollable event is caught)
2026-09-28T04:07:26.412642096Z   ----------------------------------------------------------
2026-09-28T04:07:26.412652897Z   homomorphic vs cleartext oracle : PASS — every encrypted bit matched
2026-09-28T04:07:26.412664199Z      (PASS certifies the cryptography: each node's encrypted bits
2026-09-28T04:07:26.412674600Z       match its own clear model for the events it applied. It does
2026-09-28T04:07:26.412685901Z       not certify the distributed run — read the skips for that.)
2026-09-28T04:07:26.412698103Z   distributed vs MONOLITHIC sup.  : off — this header has no monolithic supervisor
2026-09-28T04:07:26.412708704Z   safe halt                       : no — ran to completion
2026-09-28T04:07:26.412720706Z ============================================================
2026-09-28T04:07:36.418895869Z @@RESULT {"node":2,"nodes":4,"family":"LOCAL MODULAR","data":"supervisor_data_fms.h","transport":"UDP/IP multicast (RFC 1112)","fingerprint":"457cc268","supervisors":["S2","S3"],"fired":{"local":40,"ctrl":0,"unctrl":0},"applied_for_peers":80,"skips":0,"impossible":0,"tx":249,"rx":755,"retx":0,"auth_bad":0,"replays":0,"challenges":3,"mac_us":1.51,"rxq_peak":4,"rxq_drops":0,"sync_wait_ms":0.0,"oracle":"PASS","safe_halt":false,"halt_reason":"","cycle_end_ms":[5578.9,9704.9,13839.8,17975.2,22116.3],"rounds":5,"work_ms":0,"emu_scalarmul_ms":69.0,"exit":0}
