2026-09-28T12:50:23.302428758Z des_container: node 1 of 2, LOCAL MODULAR, data supervisor_data_fms.h, transport UDP/IP multicast (RFC 1112)
2026-09-28T12:50:23.302584032Z des_container: EMULATING the ESP32 — every decryption takes at least 69.0 ms (DES_EMU_SCALARMUL_MS)
2026-09-28T12:50:23.302594937Z des_container: dropping 1 % of received frames, seed 2764541011 (DES_LOSS_SEED to replay)
2026-09-28T12:50:23.302599539Z 
2026-09-28T12:50:23.302603141Z ============================================================
2026-09-28T12:50:23.302607143Z   Distributed Homomorphic DES — generic engine
2026-09-28T12:50:23.302611145Z   node 1/2   family LOCAL MODULAR   7 supervisors   31 events
2026-09-28T12:50:23.302615147Z   data: supervisor_data_fms.h
2026-09-28T12:50:23.302619149Z ============================================================
2026-09-28T12:50:23.305500825Z --- event routing (DERIVED from the header, not hardcoded) ---
2026-09-28T12:50:23.305611478Z   event  ctrl  nodes      owner  class
2026-09-28T12:50:23.305618781Z   11     yes   1          1      local — no network
2026-09-28T12:50:23.305624384Z   12     no    1          1      local — no network
2026-09-28T12:50:23.305628986Z   21     yes   1          1      local — no network
2026-09-28T12:50:23.305632188Z   22     no    1          1      local — no network
2026-09-28T12:50:23.305635589Z   30     no    1 2        1      SHARED — needs network
2026-09-28T12:50:23.305638991Z   31     yes   1 2        1      SHARED — needs network
2026-09-28T12:50:23.305642393Z   32     no    1 2        1      SHARED — needs network
2026-09-28T12:50:23.305645494Z   33     yes   1 2        1      SHARED — needs network
2026-09-28T12:50:23.305648496Z   34     no    1 2        1      SHARED — needs network
2026-09-28T12:50:23.305651497Z   35     yes   1 2        1      SHARED — needs network
2026-09-28T12:50:23.305654899Z   36     no    1 2        1      SHARED — needs network
2026-09-28T12:50:23.305658200Z   37     yes   1 2        1      SHARED — needs network
2026-09-28T12:50:23.305661602Z   38     no    1 2        1      SHARED — needs network
2026-09-28T12:50:23.305665404Z   39     yes   1 2        1      SHARED — needs network
2026-09-28T12:50:23.305670606Z   41     yes   1          1      local — no network
2026-09-28T12:50:23.305674508Z   42     no    1          1      local — no network
2026-09-28T12:50:23.305677910Z   51     yes   1          1      local — no network
2026-09-28T12:50:23.305681411Z   52     no    1          1      local — no network
2026-09-28T12:50:23.305685413Z   53     yes   1          1      local — no network
2026-09-28T12:50:23.305688515Z   54     no    1          1      local — no network
2026-09-28T12:50:23.305691516Z   61     yes   2          2      local — no network
2026-09-28T12:50:23.305695118Z   63     yes   2          2      local — no network
2026-09-28T12:50:23.305726633Z   64     no    2          2      local — no network
2026-09-28T12:50:23.305734137Z   65     yes   2          2      local — no network
2026-09-28T12:50:23.305738539Z   66     no    2          2      local — no network
2026-09-28T12:50:23.305742040Z   71     yes   2          2      local — no network
2026-09-28T12:50:23.305745842Z   72     no    2          2      local — no network
2026-09-28T12:50:23.305749044Z   73     yes   2          2      local — no network
2026-09-28T12:50:23.305753946Z   74     no    2          2      local — no network
2026-09-28T12:50:23.305757648Z   81     yes   2          2      local — no network
2026-09-28T12:50:23.305761950Z   82     no    2          2      local — no network
2026-09-28T12:50:23.305765351Z   => 10/31 events shared; 21/31 need ZERO network traffic; 20 concern this node
2026-09-28T12:50:23.305771154Z   NOTE controllability was INFERRED from event labels (the header
2026-09-28T12:50:23.305777057Z        does not carry it). Check the 'ctrl' column above; if it is
2026-09-28T12:50:23.305818277Z        wrong, set DES_CONTROLLABLE_MASK explicitly.
2026-09-28T12:50:23.305822679Z 
2026-09-28T12:50:23.305825780Z [init] config fingerprint edbd7971 — every node must print the same
2026-09-28T12:50:23.305830783Z 
2026-09-28T12:50:23.306120621Z [net] UDP multicast 239.192.7.1:5077  ttl=1  frame=44 B
2026-09-28T12:50:23.306145033Z --- crypto self-test ---
2026-09-28T12:50:23.315735414Z   Enc(0)->0 Enc(1)->1                PASS
2026-09-28T12:50:23.318248615Z   Enc(1)+Enc(1)->1 homomorphic OR   PASS
2026-09-28T12:50:23.326617912Z   Enc(0)+Enc(0)->0                  PASS
2026-09-28T12:50:23.327292435Z   curve secp192r1, ciphertext 50 B    PASS
2026-09-28T12:50:23.327300338Z   frame tag HMAC-SHA256/128: 11.4 us, 1-bit tamper caught  PASS
2026-09-28T12:50:23.327303440Z 
2026-09-28T12:50:23.327306541Z --- encrypting my supervisors' initial states ---
2026-09-28T12:50:23.327309443Z [load] S0         idx 0   18 states  12 constraining ev     900 B ciphertext
2026-09-28T12:50:23.327321148Z [load] S1         idx 1   18 states  12 constraining ev     900 B ciphertext
2026-09-28T12:50:23.327323850Z [load] S2         idx 2   18 states  12 constraining ev     900 B ciphertext
2026-09-28T12:50:23.327326551Z [load] S3         idx 3   21 states  14 constraining ev    1050 B ciphertext
2026-09-28T12:50:26.970190394Z [init] my keypair is mine alone; no ciphertext ever leaves this node
2026-09-28T12:50:26.970267030Z [init] my enablement: 11=1 12=0 21=1 22=0 30=0 31=0 32=0 33=0 34=0 35=0 36=0 37=0 38=0 39=0 41=0 42=0 51=0 52=0 53=0 54=0 61=1 63=1 64=1 65=1 66=1 71=1 72=1 73=1 74=1 81=1 82=1
2026-09-28T12:50:26.970284039Z 
2026-09-28T12:50:27.171277550Z [net] waiting for 1 peer(s). all present.
2026-09-28T12:50:28.675038477Z 
2026-09-28T12:50:28.675091302Z --- transport round-trip probe (UDP/IP multicast (RFC 1112)) ---
2026-09-28T12:50:29.155408944Z   20 probes: avg 3.63 ms  min 2.43 ms  max 5.47 ms
2026-09-28T12:50:29.155501288Z 
2026-09-28T12:50:29.155510692Z ============================================================
2026-09-28T12:50:29.155515094Z   RUN — SIM_SEQ driver — 5 cycles x 44 steps — LOCAL MODULAR
2026-09-28T12:50:29.155519496Z   columns: cN sNN = cycle/step of MY walk; · = a peer caused this
2026-09-28T12:50:29.155522998Z   'done at': run clock, common to all nodes; a cycle is over at the
2026-09-28T12:50:29.155526500Z   LATEST node's print, machine time (DES_WORK_MS 0) included
2026-09-28T12:50:29.155529501Z ============================================================
2026-09-28T12:50:29.155532803Z 
2026-09-28T12:50:29.155539206Z -- cycle 1/5 --
2026-09-28T12:50:29.294855755Z c1  s0   local  21       139.4 ms HE    2 dec  0 frames
2026-09-28T12:50:29.434434030Z c1  s1   local  11       139.5 ms HE    2 dec  0 frames
2026-09-28T12:50:29.505279372Z c1  s2   local  12        69.7 ms HE    1 dec  0 frames
2026-09-28T12:50:29.788740778Z c1  s3   2pc    31       278.4 ms HE    4 dec  4 frames  + 5.4 ms peer-wait  (seq 1)
2026-09-28T12:50:30.358803289Z c1  s4   notify 32       486.7 ms HE    7 dec  2 frames  + 1.3 ms peer-wait  (seq 2)
2026-09-28T12:50:30.427970529Z c1  s5   local  41        69.3 ms HE    1 dec  0 frames
2026-09-28T12:50:30.497819495Z c1  s6   local  22        69.4 ms HE    1 dec  0 frames
2026-09-28T12:50:30.567858352Z c1  s7   local  42        69.4 ms HE    1 dec  0 frames
2026-09-28T12:50:30.849721894Z c1  s8   2pc    33       277.8 ms HE    4 dec  4 frames  + 4.1 ms peer-wait  (seq 3)
2026-09-28T12:50:31.210981163Z c1  s9   notify 34       277.5 ms HE    4 dec  2 frames  + 1.4 ms peer-wait  (seq 4)
2026-09-28T12:50:31.783021564Z c1  s10  2pc    35       278.6 ms HE    4 dec  4 frames  + 5.3 ms peer-wait  (seq 5)
2026-09-28T12:50:31.852084254Z c1  s11  local  53        69.5 ms HE    1 dec  0 frames
2026-09-28T12:50:31.922995327Z c1  s12  local  54        69.7 ms HE    1 dec  0 frames
2026-09-28T12:50:32.441098418Z c1  s13  notify 36       277.3 ms HE    4 dec  2 frames  + 1.6 ms peer-wait  (seq 6)
2026-09-28T12:50:33.011704389Z c1  s14  2pc    39       277.8 ms HE    4 dec  4 frames  + 3.8 ms peer-wait  (seq 7)
2026-09-28T12:50:33.715277676Z c1  s16  notify 30       278.4 ms HE    4 dec  2 frames  + 1.9 ms peer-wait  (seq 8)
2026-09-28T12:50:33.784600291Z c1  s25  local  11        69.3 ms HE    1 dec  0 frames
2026-09-28T12:50:33.855321874Z c1  s26  local  21        69.7 ms HE    1 dec  0 frames
2026-09-28T12:50:33.924874598Z c1  s27  local  12        70.0 ms HE    1 dec  0 frames
2026-09-28T12:50:34.976033223Z c1  s28  2pc    31       278.7 ms HE    4 dec  4 frames  + 4.9 ms peer-wait  (seq 9)
2026-09-28T12:50:35.256052184Z c1  s29  notify 32       277.8 ms HE    4 dec  2 frames  + 2.0 ms peer-wait  (seq 10)
2026-09-28T12:50:35.325443031Z c1  s30  local  41        69.7 ms HE    1 dec  0 frames
2026-09-28T12:50:35.394591062Z c1  s31  local  42        69.3 ms HE    1 dec  0 frames
2026-09-28T12:50:35.678408938Z c1  s32  2pc    35       278.5 ms HE    4 dec  4 frames  + 3.9 ms peer-wait  (seq 11)
2026-09-28T12:50:35.956965601Z c1  s33  notify 36       277.7 ms HE    4 dec  2 frames  + 1.8 ms peer-wait  (seq 12)
2026-09-28T12:50:36.026893605Z c1  s34  local  22        69.4 ms HE    1 dec  0 frames
2026-09-28T12:50:47.622177618Z c1  s36  2pc    33       277.6 ms HE    4 dec  4 frames  + 5.8 ms peer-wait  (seq 13)
2026-09-28T12:50:36.865966024Z c1  s37  notify 34       278.6 ms HE    4 dec  2 frames  + 2.4 ms peer-wait  (seq 14)
2026-09-28T12:50:36.935270230Z c1  s38  local  51        69.4 ms HE    1 dec  0 frames
2026-09-28T12:50:37.004540819Z c1  s39  local  52        69.3 ms HE    1 dec  0 frames
2026-09-28T12:50:37.287282881Z c1  s40  2pc    37       277.7 ms HE    4 dec  4 frames  + 4.9 ms peer-wait  (seq 15)
2026-09-28T12:50:37.566557587Z c1  s41  notify 38       277.6 ms HE    4 dec  2 frames  + 1.6 ms peer-wait  (seq 16)
2026-09-28T12:50:37.566606310Z -- cycle 1/5 done at 8420.5 ms --
2026-09-28T12:50:37.566610012Z 
2026-09-28T12:50:37.566612213Z -- cycle 2/5 --
2026-09-28T12:50:37.636413456Z c2  s0   local  21        69.6 ms HE    1 dec  0 frames
2026-09-28T12:50:37.707162352Z c2  s1   local  11        69.7 ms HE    1 dec  0 frames
2026-09-28T12:50:37.775819749Z c2  s2   local  12        69.6 ms HE    1 dec  0 frames
2026-09-28T12:50:38.503400304Z c2  s3   2pc    31       278.0 ms HE    4 dec  4 frames  + 3.7 ms peer-wait  (seq 17)
2026-09-28T12:50:38.784106494Z c2  s4   notify 32       278.1 ms HE    4 dec  2 frames  + 2.1 ms peer-wait  (seq 18)
2026-09-28T12:50:38.854113035Z c2  s5   local  41        69.8 ms HE    1 dec  0 frames
2026-09-28T12:50:38.923086583Z c2  s6   local  22        69.2 ms HE    1 dec  0 frames
2026-09-28T12:50:38.993117736Z c2  s7   local  42        69.5 ms HE    1 dec  0 frames
2026-09-28T12:50:39.275643595Z c2  s8   2pc    33       278.1 ms HE    4 dec  4 frames  + 4.1 ms peer-wait  (seq 19)
2026-09-28T12:50:39.555313189Z c2  s9   notify 34       278.0 ms HE    4 dec  2 frames  + 1.6 ms peer-wait  (seq 20)
2026-09-28T12:50:39.839938051Z c2  s10  2pc    35       278.2 ms HE    4 dec  4 frames  + 5.8 ms peer-wait  (seq 21)
2026-09-28T12:50:39.908468787Z c2  s11  local  53        69.2 ms HE    1 dec  0 frames
2026-09-28T12:50:39.978039420Z c2  s12  local  54        69.4 ms HE    1 dec  0 frames
2026-09-28T12:50:40.258899383Z c2  s13  notify 36       278.6 ms HE    4 dec  2 frames  + 1.7 ms peer-wait  (seq 22)
2026-09-28T12:50:40.541201435Z c2  s14  2pc    39       278.4 ms HE    4 dec  4 frames  + 4.1 ms peer-wait  (seq 23)
2026-09-28T12:50:42.480003407Z c2  s16  notify 30       278.4 ms HE    4 dec  2 frames  + 1504.7 ms peer-wait  (seq 24)
2026-09-28T12:50:42.549749524Z c2  s25  local  11        69.4 ms HE    1 dec  0 frames
2026-09-28T12:50:42.618927469Z c2  s26  local  21        69.3 ms HE    1 dec  0 frames
2026-09-28T12:50:42.688437173Z c2  s27  local  12        69.4 ms HE    1 dec  0 frames
2026-09-28T12:50:43.807701331Z c2  s28  2pc    31       277.4 ms HE    4 dec  4 frames  + 4.3 ms peer-wait  (seq 25)
2026-09-28T12:50:44.087309496Z c2  s29  notify 32       278.1 ms HE    4 dec  2 frames  + 1.4 ms peer-wait  (seq 26)
2026-09-28T12:50:44.156580486Z c2  s30  local  41        69.3 ms HE    1 dec  0 frames
2026-09-28T12:50:44.226411543Z c2  s31  local  42        69.5 ms HE    1 dec  0 frames
2026-09-28T12:50:44.510186098Z c2  s32  2pc    35       278.1 ms HE    4 dec  4 frames  + 4.4 ms peer-wait  (seq 27)
2026-09-28T12:50:44.788496644Z c2  s33  notify 36       277.6 ms HE    4 dec  2 frames  + 1.6 ms peer-wait  (seq 28)
2026-09-28T12:50:44.857592950Z c2  s34  local  22        69.3 ms HE    1 dec  0 frames
2026-09-28T12:50:45.212345511Z c2  s36  2pc    33       278.0 ms HE    4 dec  4 frames  + 5.4 ms peer-wait  (seq 29)
2026-09-28T12:50:45.492995173Z c2  s37  notify 34       278.7 ms HE    4 dec  2 frames  + 1.6 ms peer-wait  (seq 30)
2026-09-28T12:50:45.562884458Z c2  s38  local  51        69.6 ms HE    1 dec  0 frames
2026-09-28T12:50:45.632155948Z c2  s39  local  52        69.3 ms HE    1 dec  0 frames
2026-09-28T12:50:45.917502755Z c2  s40  2pc    37       277.9 ms HE    4 dec  4 frames  + 6.8 ms peer-wait  (seq 31)
2026-09-28T12:50:46.197259591Z c2  s41  notify 38       278.2 ms HE    4 dec  2 frames  + 1.7 ms peer-wait  (seq 32)
2026-09-28T12:50:46.197340329Z -- cycle 2/5 done at 17037.9 ms --
2026-09-28T12:50:46.197354936Z 
2026-09-28T12:50:46.197366042Z -- cycle 3/5 --
2026-09-28T12:50:46.267111158Z c3  s0   local  21        69.4 ms HE    1 dec  0 frames
2026-09-28T12:50:46.336742420Z c3  s1   local  11        69.9 ms HE    1 dec  0 frames
2026-09-28T12:50:57.423139592Z c3  s2   local  12        69.8 ms HE    1 dec  0 frames
2026-09-28T12:50:46.817685635Z c3  s3   2pc    31       277.5 ms HE    4 dec  4 frames  + 5.2 ms peer-wait  (seq 33)
2026-09-28T12:50:47.097087001Z c3  s4   notify 32       277.7 ms HE    4 dec  2 frames  + 1.4 ms peer-wait  (seq 34)
2026-09-28T12:50:47.166441230Z c3  s5   local  41        69.5 ms HE    1 dec  0 frames
2026-09-28T12:50:47.235940029Z c3  s6   local  22        69.4 ms HE    1 dec  0 frames
2026-09-28T12:50:47.305752478Z c3  s7   local  42        69.4 ms HE    1 dec  0 frames
2026-09-28T12:50:47.587997802Z c3  s8   2pc    33       277.9 ms HE    4 dec  4 frames  + 4.3 ms peer-wait  (seq 35)
2026-09-28T12:50:47.867528731Z c3  s9   notify 34       277.8 ms HE    4 dec  2 frames  + 1.5 ms peer-wait  (seq 36)
2026-09-28T12:50:48.149682212Z c3  s10  2pc    35       277.9 ms HE    4 dec  4 frames  + 4.3 ms peer-wait  (seq 37)
2026-09-28T12:50:48.219486856Z c3  s11  local  53        69.4 ms HE    1 dec  0 frames
2026-09-28T12:50:48.289346927Z c3  s12  local  54        69.5 ms HE    1 dec  0 frames
2026-09-28T12:50:48.568305682Z c3  s13  notify 36       277.3 ms HE    4 dec  2 frames  + 1.5 ms peer-wait  (seq 38)
2026-09-28T12:50:48.850431150Z c3  s14  2pc    39       278.0 ms HE    4 dec  4 frames  + 4.1 ms peer-wait  (seq 39)
2026-09-28T12:50:49.274323938Z c3  s16  notify 30       277.5 ms HE    4 dec  2 frames  + 1.3 ms peer-wait  (seq 40)
2026-09-28T12:50:49.343771812Z c3  s25  local  11        69.3 ms HE    1 dec  0 frames
2026-09-28T12:50:49.413784456Z c3  s26  local  21        69.5 ms HE    1 dec  0 frames
2026-09-28T12:50:49.482851849Z c3  s27  local  12        69.3 ms HE    1 dec  0 frames
2026-09-28T12:50:50.326497447Z c3  s28  2pc    31       277.6 ms HE    4 dec  4 frames  + 4.1 ms peer-wait  (seq 41)
2026-09-28T12:50:50.606118318Z c3  s29  notify 32       277.6 ms HE    4 dec  2 frames  + 1.6 ms peer-wait  (seq 42)
2026-09-28T12:50:50.675358793Z c3  s30  local  41        69.4 ms HE    1 dec  0 frames
2026-09-28T12:50:50.745822353Z c3  s31  local  42        69.7 ms HE    1 dec  0 frames
2026-09-28T12:50:51.027668587Z c3  s32  2pc    35       277.4 ms HE    4 dec  4 frames  + 5.2 ms peer-wait  (seq 43)
2026-09-28T12:50:51.307659135Z c3  s33  notify 36       277.8 ms HE    4 dec  2 frames  + 1.4 ms peer-wait  (seq 44)
2026-09-28T12:50:51.376710020Z c3  s34  local  22        69.4 ms HE    1 dec  0 frames
2026-09-28T12:50:51.735087198Z c3  s36  2pc    33       277.8 ms HE    4 dec  4 frames  + 4.4 ms peer-wait  (seq 45)
2026-09-28T12:50:52.014096277Z c3  s37  notify 34       278.0 ms HE    4 dec  2 frames  + 1.4 ms peer-wait  (seq 46)
2026-09-28T12:50:52.084090412Z c3  s38  local  51        69.4 ms HE    1 dec  0 frames
2026-09-28T12:50:52.152964012Z c3  s39  local  52        69.2 ms HE    1 dec  0 frames
2026-09-28T12:50:52.437104642Z c3  s40  2pc    37       278.2 ms HE    4 dec  4 frames  + 5.5 ms peer-wait  (seq 47)
2026-09-28T12:50:52.718218727Z c3  s41  notify 38       278.8 ms HE    4 dec  2 frames  + 1.7 ms peer-wait  (seq 48)
2026-09-28T12:50:52.718453339Z -- cycle 3/5 done at 23571.6 ms --
2026-09-28T12:50:52.718482853Z 
2026-09-28T12:50:52.718495259Z -- cycle 4/5 --
2026-09-28T12:50:52.787211583Z c4  s0   local  21        69.4 ms HE    1 dec  0 frames
2026-09-28T12:50:52.856769110Z c4  s1   local  11        69.4 ms HE    1 dec  0 frames
2026-09-28T12:50:52.926928624Z c4  s2   local  12        69.6 ms HE    1 dec  0 frames
2026-09-28T12:50:53.351814387Z c4  s3   2pc    31       277.9 ms HE    4 dec  4 frames  + 4.2 ms peer-wait  (seq 49)
2026-09-28T12:50:53.632052353Z c4  s4   notify 32       278.5 ms HE    4 dec  2 frames  + 2.2 ms peer-wait  (seq 50)
2026-09-28T12:50:53.701604077Z c4  s5   local  41        69.3 ms HE    1 dec  0 frames
2026-09-28T12:50:53.771051251Z c4  s6   local  22        69.4 ms HE    1 dec  0 frames
2026-09-28T12:50:53.840209687Z c4  s7   local  42        69.2 ms HE    1 dec  0 frames
2026-09-28T12:50:54.124005452Z c4  s8   2pc    33       278.6 ms HE    4 dec  4 frames  + 4.8 ms peer-wait  (seq 51)
2026-09-28T12:50:54.403681650Z c4  s9   notify 34       278.4 ms HE    4 dec  2 frames  + 1.4 ms peer-wait  (seq 52)
2026-09-28T12:50:54.685291971Z c4  s10  2pc    35       277.5 ms HE    4 dec  4 frames  + 3.8 ms peer-wait  (seq 53)
2026-09-28T12:50:54.754367267Z c4  s11  local  53        69.3 ms HE    1 dec  0 frames
2026-09-28T12:50:54.824621627Z c4  s12  local  54        69.4 ms HE    1 dec  0 frames
2026-09-28T12:50:55.104429888Z c4  s13  notify 36       277.9 ms HE    4 dec  2 frames  + 1.8 ms peer-wait  (seq 54)
2026-09-28T12:50:55.388378126Z c4  s14  2pc    39       278.0 ms HE    4 dec  4 frames  + 5.5 ms peer-wait  (seq 55)
2026-09-28T12:50:55.812982854Z c4  s16  notify 30       277.9 ms HE    4 dec  2 frames  + 2.8 ms peer-wait  (seq 56)
2026-09-28T12:50:55.882190714Z c4  s25  local  11        69.4 ms HE    1 dec  0 frames
2026-09-28T12:50:55.951676006Z c4  s26  local  21        69.4 ms HE    1 dec  0 frames
2026-09-28T12:50:56.021080660Z c4  s27  local  12        69.3 ms HE    1 dec  0 frames
2026-09-28T12:50:56.859132145Z c4  s28  2pc    31       278.1 ms HE    4 dec  4 frames  + 5.1 ms peer-wait  (seq 57)
2026-09-28T12:50:57.139247652Z c4  s29  notify 32       278.2 ms HE    4 dec  2 frames  + 1.5 ms peer-wait  (seq 58)
2026-09-28T12:50:57.209012478Z c4  s30  local  41        69.6 ms HE    1 dec  0 frames
2026-09-28T12:50:57.278326689Z c4  s31  local  42        69.4 ms HE    1 dec  0 frames
2026-09-28T12:50:57.561800200Z c4  s32  2pc    35       278.3 ms HE    4 dec  4 frames  + 3.9 ms peer-wait  (seq 59)
2026-09-28T12:50:57.841882092Z c4  s33  notify 36       277.7 ms HE    4 dec  2 frames  + 2.3 ms peer-wait  (seq 60)
2026-09-28T12:50:57.911691739Z c4  s34  local  22        69.6 ms HE    1 dec  0 frames
2026-09-28T12:50:58.265103059Z c4  s36  2pc    33       278.1 ms HE    4 dec  4 frames  + 4.1 ms peer-wait  (seq 61)
2026-09-28T12:50:58.544104334Z c4  s37  notify 34       277.6 ms HE    4 dec  2 frames  + 1.3 ms peer-wait  (seq 62)
2026-09-28T12:50:58.614186311Z c4  s38  local  51        69.6 ms HE    1 dec  0 frames
2026-09-28T12:50:58.683247701Z c4  s39  local  52        69.3 ms HE    1 dec  0 frames
2026-09-28T12:51:00.467243392Z c4  s40  2pc    37       277.8 ms HE    4 dec  4 frames  + 1506.0 ms peer-wait  (seq 63)
2026-09-28T12:51:00.748037623Z c4  s41  notify 38       278.6 ms HE    4 dec  2 frames  + 1.4 ms peer-wait  (seq 64)
2026-09-28T12:51:00.748158981Z -- cycle 4/5 done at 31607.6 ms --
2026-09-28T12:51:00.748179491Z 
2026-09-28T12:51:00.748193998Z -- cycle 5/5 --
2026-09-28T12:51:00.816941738Z c5  s0   local  21        69.3 ms HE    1 dec  0 frames
2026-09-28T12:51:00.886287263Z c5  s1   local  11        69.3 ms HE    1 dec  0 frames
2026-09-28T12:51:00.956092008Z c5  s2   local  12        69.4 ms HE    1 dec  0 frames
2026-09-28T12:51:01.381460801Z c5  s3   2pc    31       278.7 ms HE    4 dec  4 frames  + 5.2 ms peer-wait  (seq 65)
2026-09-28T12:51:12.689183580Z c5  s4   notify 32       277.5 ms HE    4 dec  2 frames  + 1.6 ms peer-wait  (seq 66)
2026-09-28T12:51:01.734176361Z c5  s5   local  41        69.3 ms HE    1 dec  0 frames
2026-09-28T12:51:01.803473563Z c5  s6   local  22        69.3 ms HE    1 dec  0 frames
2026-09-28T12:51:01.874052878Z c5  s7   local  42        69.8 ms HE    1 dec  0 frames
2026-09-28T12:51:02.156534115Z c5  s8   2pc    33       277.3 ms HE    4 dec  4 frames  + 5.8 ms peer-wait  (seq 67)
2026-09-28T12:51:02.436540170Z c5  s9   notify 34       278.2 ms HE    4 dec  2 frames  + 1.4 ms peer-wait  (seq 68)
2026-09-28T12:51:02.719126358Z c5  s10  2pc    35       277.6 ms HE    4 dec  4 frames  + 4.5 ms peer-wait  (seq 69)
2026-09-28T12:51:02.788126418Z c5  s11  local  53        69.3 ms HE    1 dec  0 frames
2026-09-28T12:51:02.858031611Z c5  s12  local  54        69.3 ms HE    1 dec  0 frames
2026-09-28T12:51:03.137541830Z c5  s13  notify 36       277.8 ms HE    4 dec  2 frames  + 1.8 ms peer-wait  (seq 70)
2026-09-28T12:51:03.421754394Z c5  s14  2pc    39       277.9 ms HE    4 dec  4 frames  + 6.2 ms peer-wait  (seq 71)
2026-09-28T12:51:03.844236008Z c5  s16  notify 30       278.3 ms HE    4 dec  2 frames  + 1.6 ms peer-wait  (seq 72)
2026-09-28T12:51:03.913646164Z c5  s25  local  11        69.4 ms HE    1 dec  0 frames
2026-09-28T12:51:03.983558060Z c5  s26  local  21        69.4 ms HE    1 dec  0 frames
2026-09-28T12:51:04.053928275Z c5  s27  local  12        69.7 ms HE    1 dec  0 frames
2026-09-28T12:51:04.894963927Z c5  s28  2pc    31       277.5 ms HE    4 dec  4 frames  + 5.5 ms peer-wait  (seq 73)
2026-09-28T12:51:05.174795298Z c5  s29  notify 32       277.9 ms HE    4 dec  2 frames  + 1.6 ms peer-wait  (seq 74)
2026-09-28T12:51:05.244105207Z c5  s30  local  41        69.3 ms HE    1 dec  0 frames
2026-09-28T12:51:05.313967379Z c5  s31  local  42        69.7 ms HE    1 dec  0 frames
2026-09-28T12:51:05.596762366Z c5  s32  2pc    35       277.7 ms HE    4 dec  4 frames  + 4.7 ms peer-wait  (seq 75)
2026-09-28T12:51:05.876925897Z c5  s33  notify 36       278.7 ms HE    4 dec  2 frames  + 1.5 ms peer-wait  (seq 76)
2026-09-28T12:51:05.946256715Z c5  s34  local  22        69.3 ms HE    1 dec  0 frames
2026-09-28T12:51:06.304249724Z c5  s36  2pc    33       277.7 ms HE    4 dec  4 frames  + 5.5 ms peer-wait  (seq 77)
2026-09-28T12:51:08.078374044Z c5  s37  notify 34       277.5 ms HE    4 dec  2 frames  + 1505.1 ms peer-wait  (seq 78)
2026-09-28T12:51:08.148120761Z c5  s38  local  51        69.3 ms HE    1 dec  0 frames
2026-09-28T12:51:08.218034158Z c5  s39  local  52        69.3 ms HE    1 dec  0 frames
2026-09-28T12:51:10.003429918Z c5  s40  2pc    37       277.8 ms HE    4 dec  4 frames  + 1508.2 ms peer-wait  (seq 79)
2026-09-28T12:51:10.282519335Z c5  s41  notify 38       277.9 ms HE    4 dec  2 frames  + 1.3 ms peer-wait  (seq 80)
2026-09-28T12:51:10.282574661Z -- cycle 5/5 done at 41146.4 ms --
2026-09-28T12:51:10.282579664Z 
2026-09-28T12:51:10.282581665Z ============================================================
2026-09-28T12:51:10.282584566Z   SUMMARY — node 1/2 — LOCAL MODULAR — UDP/IP multicast (RFC 1112)
2026-09-28T12:51:10.282588868Z ============================================================
2026-09-28T12:51:10.282591970Z   events this node FIRED:
2026-09-28T12:51:10.282595371Z   local (no network)     n=80   avg    71.34 ms  (HE   71.20 + net    0.00)  min   69.30  max   139.59   16.6%
2026-09-28T12:51:10.282598773Z   shared controllable    n=40   avg   358.04 ms  (HE  277.95 + net   79.92)  min  281.32  max  1786.05   41.6%
2026-09-28T12:51:10.282601874Z   shared uncontroll.     n=40   avg   360.19 ms  (HE  283.21 + net   76.82)  min  278.95  max  1783.19   41.8%
2026-09-28T12:51:10.282604876Z   events this node APPLIED for a peer (participant side):
2026-09-28T12:51:10.282607977Z   shared, applied              (none on this node)
2026-09-28T12:51:10.282610979Z   sync-wait (peers reaching a shared step): n=80 avg 83.85 ms, 6.7 s total
2026-09-28T12:51:10.282613680Z      not protocol cost — the plant catching up; kept out of the rows above
2026-09-28T12:51:10.282616882Z   run clock, end of cycles 1..5 (ms): 8420.5 17037.9 23571.6 31607.6 41146.4
2026-09-28T12:51:10.282619583Z      a cycle is over at the LATEST node's value; DES_WORK_MS 0 included
2026-09-28T12:51:10.282622384Z   ----------------------------------------------------------
2026-09-28T12:51:10.282625085Z   all events            n=160  avg   215.23 ms  (HE  175.89 + net   39.19)
2026-09-28T12:51:10.282628187Z   PEER-WAIT + WIRE      18.2 % of total step time
2026-09-28T12:51:10.282631589Z      (compare against the round-trip probe above: the excess is
2026-09-28T12:51:10.282634790Z       the peer's own HE work, not the link.)
2026-09-28T12:51:10.282637792Z   frames: tx=152 rx=250 retransmits=4
2026-09-28T12:51:10.282640793Z   authentication: HMAC-SHA256/128, 11.4 us per frame; 0 rejected (bad tag), 0 stale/replayed dropped, 1 epoch challenges
2026-09-28T12:51:10.282644495Z   rx queue: peak 2/64 frames
2026-09-28T12:51:10.282647196Z   plant check: 0 event reports rejected as physically impossible
2026-09-28T12:51:10.282650998Z      (these supervisors carry the plant: an impossible uncontrollable event is caught)
2026-09-28T12:51:10.282653899Z   injected frame loss: 1 %
2026-09-28T12:51:10.282657301Z   ----------------------------------------------------------
2026-09-28T12:51:10.282692918Z   homomorphic vs cleartext oracle : PASS — every encrypted bit matched
2026-09-28T12:51:10.282695919Z      (PASS certifies the cryptography: each node's encrypted bits
2026-09-28T12:51:10.282697920Z       match its own clear model for the events it applied. It does
2026-09-28T12:51:10.282704523Z       not certify the distributed run — read the skips for that.)
2026-09-28T12:51:10.282706925Z   distributed vs MONOLITHIC sup.  : off — this header has no monolithic supervisor
2026-09-28T12:51:10.282709126Z   safe halt                       : no — ran to completion
2026-09-28T12:51:10.282711127Z ============================================================
2026-09-28T12:51:20.230574598Z @@RESULT {"node":1,"nodes":2,"family":"LOCAL MODULAR","data":"supervisor_data_fms.h","transport":"UDP/IP multicast (RFC 1112)","fingerprint":"edbd7971","supervisors":["S0","S1","S2","S3"],"fired":{"local":80,"ctrl":40,"unctrl":40},"applied_for_peers":0,"skips":0,"impossible":0,"tx":152,"rx":250,"retx":4,"auth_bad":0,"replays":0,"challenges":1,"mac_us":11.36,"rxq_peak":2,"rxq_drops":0,"sync_wait_ms":6708.3,"oracle":"PASS","safe_halt":false,"halt_reason":"","cycle_end_ms":[8420.5,17037.9,23571.6,31607.6,41146.4],"rounds":5,"work_ms":0,"emu_scalarmul_ms":69.0,"loss_pct":1,"loss_seed":2764541011,"exit":0}
