2026-09-28T12:50:22.823869956Z des_container: node 2 of 2, LOCAL MODULAR, data supervisor_data_fms.h, transport UDP/IP multicast (RFC 1112)
2026-09-28T12:50:22.823993115Z des_container: EMULATING the ESP32 — every decryption takes at least 69.0 ms (DES_EMU_SCALARMUL_MS)
2026-09-28T12:50:22.824004421Z des_container: dropping 1 % of received frames, seed 631048459 (DES_LOSS_SEED to replay)
2026-09-28T12:50:22.824008623Z 
2026-09-28T12:50:22.824012224Z ============================================================
2026-09-28T12:50:22.824015926Z   Distributed Homomorphic DES — generic engine
2026-09-28T12:50:22.824019428Z   node 2/2   family LOCAL MODULAR   7 supervisors   31 events
2026-09-28T12:50:22.824022830Z   data: supervisor_data_fms.h
2026-09-28T12:50:22.824025931Z ============================================================
2026-09-28T12:50:22.829286244Z --- event routing (DERIVED from the header, not hardcoded) ---
2026-09-28T12:50:22.829590689Z   event  ctrl  nodes      owner  class
2026-09-28T12:50:22.829601794Z   11     yes   1          1      local — no network
2026-09-28T12:50:22.829607297Z   12     no    1          1      local — no network
2026-09-28T12:50:22.829612400Z   21     yes   1          1      local — no network
2026-09-28T12:50:22.829615701Z   22     no    1          1      local — no network
2026-09-28T12:50:22.829618803Z   30     no    1 2        1      SHARED — needs network
2026-09-28T12:50:22.829622304Z   31     yes   1 2        1      SHARED — needs network
2026-09-28T12:50:22.829625606Z   32     no    1 2        1      SHARED — needs network
2026-09-28T12:50:22.829629108Z   33     yes   1 2        1      SHARED — needs network
2026-09-28T12:50:22.829632309Z   34     no    1 2        1      SHARED — needs network
2026-09-28T12:50:22.829636211Z   35     yes   1 2        1      SHARED — needs network
2026-09-28T12:50:22.829639613Z   36     no    1 2        1      SHARED — needs network
2026-09-28T12:50:22.829642714Z   37     yes   1 2        1      SHARED — needs network
2026-09-28T12:50:22.829645816Z   38     no    1 2        1      SHARED — needs network
2026-09-28T12:50:22.829649017Z   39     yes   1 2        1      SHARED — needs network
2026-09-28T12:50:22.829652519Z   41     yes   1          1      local — no network
2026-09-28T12:50:22.829656020Z   42     no    1          1      local — no network
2026-09-28T12:50:22.829660122Z   51     yes   1          1      local — no network
2026-09-28T12:50:22.829663424Z   52     no    1          1      local — no network
2026-09-28T12:50:22.829667326Z   53     yes   1          1      local — no network
2026-09-28T12:50:22.829670928Z   54     no    1          1      local — no network
2026-09-28T12:50:22.829674829Z   61     yes   2          2      local — no network
2026-09-28T12:50:22.829678631Z   63     yes   2          2      local — no network
2026-09-28T12:50:22.829711047Z   64     no    2          2      local — no network
2026-09-28T12:50:22.829715949Z   65     yes   2          2      local — no network
2026-09-28T12:50:22.829719351Z   66     no    2          2      local — no network
2026-09-28T12:50:22.829722852Z   71     yes   2          2      local — no network
2026-09-28T12:50:22.829725854Z   72     no    2          2      local — no network
2026-09-28T12:50:22.829729055Z   73     yes   2          2      local — no network
2026-09-28T12:50:22.829732457Z   74     no    2          2      local — no network
2026-09-28T12:50:22.829736159Z   81     yes   2          2      local — no network
2026-09-28T12:50:22.829739660Z   82     no    2          2      local — no network
2026-09-28T12:50:22.829743762Z   => 10/31 events shared; 21/31 need ZERO network traffic; 21 concern this node
2026-09-28T12:50:22.829748565Z   NOTE controllability was INFERRED from event labels (the header
2026-09-28T12:50:22.829752266Z        does not carry it). Check the 'ctrl' column above; if it is
2026-09-28T12:50:22.829768574Z        wrong, set DES_CONTROLLABLE_MASK explicitly.
2026-09-28T12:50:22.829774577Z 
2026-09-28T12:50:22.829777578Z [init] config fingerprint edbd7971 — every node must print the same
2026-09-28T12:50:22.829781480Z 
2026-09-28T12:50:22.830735236Z [net] UDP multicast 239.192.7.1:5077  ttl=1  frame=44 B
2026-09-28T12:50:22.830758847Z --- crypto self-test ---
2026-09-28T12:50:22.846697161Z   Enc(0)->0 Enc(1)->1                PASS
2026-09-28T12:50:22.848766549Z   Enc(1)+Enc(1)->1 homomorphic OR   PASS
2026-09-28T12:50:22.850474865Z   Enc(0)+Enc(0)->0                  PASS
2026-09-28T12:50:22.850551502Z   curve secp192r1, ciphertext 50 B    PASS
2026-09-28T12:50:22.851187005Z   frame tag HMAC-SHA256/128: 6.7 us, 1-bit tamper caught  PASS
2026-09-28T12:50:22.851244033Z 
2026-09-28T12:50:22.851252637Z --- encrypting my supervisors' initial states ---
2026-09-28T12:50:22.851472142Z [load] S4         idx 4   44 states  15 constraining ev    2200 B ciphertext
2026-09-28T12:50:22.851501156Z [load] S5         idx 5   44 states  15 constraining ev    2200 B ciphertext
2026-09-28T12:50:22.851510060Z [load] S6         idx 6  164 states  21 constraining ev    8200 B ciphertext
2026-09-28T12:50:27.073795885Z [init] my keypair is mine alone; no ciphertext ever leaves this node
2026-09-28T12:50:27.073925747Z [init] my enablement: 11=1 12=1 21=1 22=1 30=0 31=1 32=0 33=1 34=0 35=1 36=0 37=1 38=0 39=1 41=1 42=1 51=1 52=1 53=1 54=1 61=0 63=0 64=0 65=0 66=0 71=0 72=0 73=0 74=0 81=0 82=0
2026-09-28T12:50:27.073941855Z 
2026-09-28T12:50:27.276023086Z [net] waiting for 1 peer(s). all present.
2026-09-28T12:50:28.779811126Z 
2026-09-28T12:50:28.779880058Z ============================================================
2026-09-28T12:50:28.779885861Z   RUN — SIM_SEQ driver — 5 cycles x 44 steps — LOCAL MODULAR
2026-09-28T12:50:28.779890163Z   columns: cN sNN = cycle/step of MY walk; · = a peer caused this
2026-09-28T12:50:28.779893165Z   'done at': run clock, common to all nodes; a cycle is over at the
2026-09-28T12:50:28.779895766Z   LATEST node's print, machine time (DES_WORK_MS 0) included
2026-09-28T12:50:28.779898667Z ============================================================
2026-09-28T12:50:28.779901869Z 
2026-09-28T12:50:28.779904570Z -- cycle 1/5 --
2026-09-28T12:50:29.506952771Z     ·     vote   31    YES to node 1          (seq 1)
2026-09-28T12:50:29.867247279Z     ·     apply  31       357.9 ms HE    5 dec  from node 1  (seq 1)
2026-09-28T12:50:30.439840399Z     ·     apply  32       567.5 ms HE    8 dec  from node 1  (seq 2)
2026-09-28T12:50:30.568499158Z     ·     vote   33    YES to node 1          (seq 3)
2026-09-28T12:50:30.929456382Z     ·     apply  33       356.5 ms HE    5 dec  from node 1  (seq 3)
2026-09-28T12:50:42.525509829Z     ·     apply  34       564.9 ms HE    8 dec  from node 1  (seq 4)
2026-09-28T12:50:42.530324930Z     ·     vote   35    YES to node 1          (seq 5)
2026-09-28T12:50:31.855530100Z     ·     apply  35       352.5 ms HE    5 dec  from node 1  (seq 5)
2026-09-28T12:50:32.726349779Z     ·     apply  36       563.2 ms HE    8 dec  from node 1  (seq 6)
2026-09-28T12:50:32.730749180Z     ·     vote   39    YES to node 1          (seq 7)
2026-09-28T12:50:33.153172867Z     ·     apply  39       420.1 ms HE    6 dec  from node 1  (seq 7)
2026-09-28T12:50:33.433353405Z c1  s15  local  61       277.5 ms HE    4 dec  0 frames
2026-09-28T12:50:33.714384750Z     ·     apply  30       278.2 ms HE    4 dec  from node 1  (seq 8)
2026-09-28T12:50:33.785723928Z c1  s17  local  71        69.3 ms HE    1 dec  0 frames
2026-09-28T12:50:33.855996796Z c1  s18  local  72        69.6 ms HE    1 dec  0 frames
2026-09-28T12:50:33.925047881Z c1  s19  local  81        69.5 ms HE    1 dec  0 frames
2026-09-28T12:50:33.994540176Z c1  s20  local  82        69.3 ms HE    1 dec  0 frames
2026-09-28T12:50:34.064151129Z c1  s21  local  73        69.4 ms HE    1 dec  0 frames
2026-09-28T12:50:34.133685744Z c1  s22  local  74        69.5 ms HE    1 dec  0 frames
2026-09-28T12:50:34.411539972Z c1  s23  local  65       277.8 ms HE    4 dec  0 frames
2026-09-28T12:50:34.690285425Z c1  s24  local  66       278.6 ms HE    4 dec  0 frames
2026-09-28T12:50:34.692766310Z     ·     vote   31    YES to node 1          (seq 9)
2026-09-28T12:50:34.903767802Z     ·     apply  31       208.5 ms HE    3 dec  from node 1  (seq 9)
2026-09-28T12:50:35.256288097Z     ·     apply  32       278.4 ms HE    4 dec  from node 1  (seq 10)
2026-09-28T12:50:35.394866093Z     ·     vote   35    YES to node 1          (seq 11)
2026-09-28T12:50:35.605607262Z     ·     apply  35       208.3 ms HE    3 dec  from node 1  (seq 11)
2026-09-28T12:50:35.957196211Z     ·     apply  36       277.7 ms HE    4 dec  from node 1  (seq 12)
2026-09-28T12:50:36.306947383Z c1  s35  local  61       347.1 ms HE    5 dec  0 frames
2026-09-28T12:50:36.310749399Z     ·     vote   33    YES to node 1          (seq 13)
2026-09-28T12:50:47.548780757Z     ·     apply  33       208.5 ms HE    3 dec  from node 1  (seq 13)
2026-09-28T12:50:36.865539420Z     ·     apply  34       277.9 ms HE    4 dec  from node 1  (seq 14)
2026-09-28T12:50:37.006226925Z     ·     vote   37    YES to node 1          (seq 15)
2026-09-28T12:50:37.217400299Z     ·     apply  37       208.2 ms HE    3 dec  from node 1  (seq 15)
2026-09-28T12:50:37.496599869Z     ·     apply  38       208.1 ms HE    3 dec  from node 1  (seq 16)
2026-09-28T12:50:37.708761716Z c1  s42  local  63       208.8 ms HE    3 dec  0 frames
2026-09-28T12:50:37.916640717Z c1  s43  local  64       208.7 ms HE    3 dec  0 frames
2026-09-28T12:50:37.916716353Z -- cycle 1/5 done at 8792.5 ms --
2026-09-28T12:50:37.916729660Z 
2026-09-28T12:50:37.916738464Z -- cycle 2/5 --
2026-09-28T12:50:38.221492041Z     ·     vote   31    YES to node 1          (seq 17)
2026-09-28T12:50:38.434065484Z     ·     apply  31       207.9 ms HE    3 dec  from node 1  (seq 17)
2026-09-28T12:50:38.713459547Z     ·     apply  32       208.7 ms HE    3 dec  from node 1  (seq 18)
2026-09-28T12:50:38.994049181Z     ·     vote   33    YES to node 1          (seq 19)
2026-09-28T12:50:39.205190540Z     ·     apply  33       208.5 ms HE    3 dec  from node 1  (seq 19)
2026-09-28T12:50:39.485727649Z     ·     apply  34       208.1 ms HE    3 dec  from node 1  (seq 20)
2026-09-28T12:50:39.557246212Z     ·     vote   35    YES to node 1          (seq 21)
2026-09-28T12:50:39.769297407Z     ·     apply  35       208.5 ms HE    3 dec  from node 1  (seq 21)
2026-09-28T12:50:40.188803599Z     ·     apply  36       209.0 ms HE    3 dec  from node 1  (seq 22)
2026-09-28T12:50:40.259574405Z     ·     vote   39    YES to node 1          (seq 23)
2026-09-28T12:50:40.471154274Z     ·     apply  39       208.4 ms HE    3 dec  from node 1  (seq 23)
2026-09-28T12:50:40.682254214Z c2  s15  local  61       208.5 ms HE    3 dec  0 frames
2026-09-28T12:50:42.687595371Z     ·     apply  30       208.5 ms HE    3 dec  from node 1  (seq 24)
2026-09-28T12:50:42.758328359Z c2  s17  local  71        69.3 ms HE    1 dec  0 frames
2026-09-28T12:50:42.828189331Z c2  s18  local  72        69.5 ms HE    1 dec  0 frames
2026-09-28T12:50:42.897692132Z c2  s19  local  81        69.3 ms HE    1 dec  0 frames
2026-09-28T12:50:42.968398107Z c2  s20  local  82        69.5 ms HE    1 dec  0 frames
2026-09-28T12:50:43.037365852Z c2  s21  local  73        69.6 ms HE    1 dec  0 frames
2026-09-28T12:50:43.106665055Z c2  s22  local  74        69.4 ms HE    1 dec  0 frames
2026-09-28T12:50:43.315315325Z c2  s23  local  65       208.5 ms HE    3 dec  0 frames
2026-09-28T12:50:43.524011216Z c2  s24  local  66       208.4 ms HE    3 dec  0 frames
2026-09-28T12:50:43.526420567Z     ·     vote   31    YES to node 1          (seq 25)
2026-09-28T12:50:43.739091057Z     ·     apply  31       208.1 ms HE    3 dec  from node 1  (seq 25)
2026-09-28T12:50:44.019053191Z     ·     apply  32       208.6 ms HE    3 dec  from node 1  (seq 26)
2026-09-28T12:50:44.227825218Z     ·     vote   35    YES to node 1          (seq 27)
2026-09-28T12:50:44.438968779Z     ·     apply  35       208.4 ms HE    3 dec  from node 1  (seq 27)
2026-09-28T12:50:44.718044790Z     ·     apply  36       208.1 ms HE    3 dec  from node 1  (seq 28)
2026-09-28T12:50:44.928262808Z c2  s35  local  61       207.8 ms HE    3 dec  0 frames
2026-09-28T12:50:44.931013922Z     ·     vote   33    YES to node 1          (seq 29)
2026-09-28T12:50:45.141934076Z     ·     apply  33       208.2 ms HE    3 dec  from node 1  (seq 29)
2026-09-28T12:50:45.421733733Z     ·     apply  34       208.5 ms HE    3 dec  from node 1  (seq 30)
2026-09-28T12:50:45.635554472Z     ·     vote   37    YES to node 1          (seq 31)
2026-09-28T12:50:45.848397944Z     ·     apply  37       208.5 ms HE    3 dec  from node 1  (seq 31)
2026-09-28T12:50:46.127677953Z     ·     apply  38       209.1 ms HE    3 dec  from node 1  (seq 32)
2026-09-28T12:50:46.339062528Z c2  s42  local  63       208.8 ms HE    3 dec  0 frames
2026-09-28T12:50:57.563787478Z c2  s43  local  64       208.2 ms HE    3 dec  0 frames
2026-09-28T12:50:57.563820794Z -- cycle 2/5 done at 17410.2 ms --
2026-09-28T12:50:57.563824195Z 
2026-09-28T12:50:57.563826296Z -- cycle 3/5 --
2026-09-28T12:50:57.568393878Z     ·     vote   31    YES to node 1          (seq 33)
2026-09-28T12:50:46.748883469Z     ·     apply  31       208.3 ms HE    3 dec  from node 1  (seq 33)
2026-09-28T12:50:47.026623441Z     ·     apply  32       208.0 ms HE    3 dec  from node 1  (seq 34)
2026-09-28T12:50:47.306313846Z     ·     vote   33    YES to node 1          (seq 35)
2026-09-28T12:50:47.516970574Z     ·     apply  33       208.0 ms HE    3 dec  from node 1  (seq 35)
2026-09-28T12:50:47.798483248Z     ·     apply  34       208.0 ms HE    3 dec  from node 1  (seq 36)
2026-09-28T12:50:47.868092900Z     ·     vote   35    YES to node 1          (seq 37)
2026-09-28T12:50:48.082791359Z     ·     apply  35       208.6 ms HE    3 dec  from node 1  (seq 37)
2026-09-28T12:50:48.500040173Z     ·     apply  36       209.4 ms HE    3 dec  from node 1  (seq 38)
2026-09-28T12:50:48.568716278Z     ·     vote   39    YES to node 1          (seq 39)
2026-09-28T12:50:48.782787437Z     ·     apply  39       208.6 ms HE    3 dec  from node 1  (seq 39)
2026-09-28T12:50:48.993112807Z c3  s15  local  61       208.2 ms HE    3 dec  0 frames
2026-09-28T12:50:49.205801105Z     ·     apply  30       208.0 ms HE    3 dec  from node 1  (seq 40)
2026-09-28T12:50:49.277332375Z c3  s17  local  71        69.4 ms HE    1 dec  0 frames
2026-09-28T12:50:49.346539134Z c3  s18  local  72        69.2 ms HE    1 dec  0 frames
2026-09-28T12:50:49.416181902Z c3  s19  local  81        69.4 ms HE    1 dec  0 frames
2026-09-28T12:50:49.485511519Z c3  s20  local  82        69.3 ms HE    1 dec  0 frames
2026-09-28T12:50:49.554974701Z c3  s21  local  73        69.3 ms HE    1 dec  0 frames
2026-09-28T12:50:49.625274382Z c3  s22  local  74        69.6 ms HE    1 dec  0 frames
2026-09-28T12:50:49.833488143Z c3  s23  local  65       208.4 ms HE    3 dec  0 frames
2026-09-28T12:50:50.041796749Z c3  s24  local  66       208.2 ms HE    3 dec  0 frames
2026-09-28T12:50:50.044644610Z     ·     vote   31    YES to node 1          (seq 41)
2026-09-28T12:50:50.257261774Z     ·     apply  31       207.9 ms HE    3 dec  from node 1  (seq 41)
2026-09-28T12:50:50.534972233Z     ·     apply  32       208.2 ms HE    3 dec  from node 1  (seq 42)
2026-09-28T12:50:50.748393281Z     ·     vote   35    YES to node 1          (seq 43)
2026-09-28T12:50:50.958943658Z     ·     apply  35       208.4 ms HE    3 dec  from node 1  (seq 43)
2026-09-28T12:50:51.238394548Z     ·     apply  36       208.7 ms HE    3 dec  from node 1  (seq 44)
2026-09-28T12:51:02.477928326Z c3  s35  local  61       208.2 ms HE    3 dec  0 frames
2026-09-28T12:51:02.480300559Z     ·     vote   33    YES to node 1          (seq 45)
2026-09-28T12:50:51.665809405Z     ·     apply  33       208.1 ms HE    3 dec  from node 1  (seq 45)
2026-09-28T12:50:51.947279259Z     ·     apply  34       208.4 ms HE    3 dec  from node 1  (seq 46)
2026-09-28T12:50:52.154463728Z     ·     vote   37    YES to node 1          (seq 47)
2026-09-28T12:50:52.367535010Z     ·     apply  37       208.0 ms HE    3 dec  from node 1  (seq 47)
2026-09-28T12:50:52.647552970Z     ·     apply  38       209.4 ms HE    3 dec  from node 1  (seq 48)
2026-09-28T12:50:52.858086740Z c3  s42  local  63       208.3 ms HE    3 dec  0 frames
2026-09-28T12:50:53.067415733Z c3  s43  local  64       208.6 ms HE    3 dec  0 frames
2026-09-28T12:50:53.067478363Z -- cycle 3/5 done at 23943.3 ms --
2026-09-28T12:50:53.067492970Z 
2026-09-28T12:50:53.067502275Z -- cycle 4/5 --
2026-09-28T12:50:53.069877709Z     ·     vote   31    YES to node 1          (seq 49)
2026-09-28T12:50:53.281008564Z     ·     apply  31       208.6 ms HE    3 dec  from node 1  (seq 49)
2026-09-28T12:50:53.562026402Z     ·     apply  32       208.8 ms HE    3 dec  from node 1  (seq 50)
2026-09-28T12:50:53.842409537Z     ·     vote   33    YES to node 1          (seq 51)
2026-09-28T12:50:54.053745190Z     ·     apply  33       208.4 ms HE    3 dec  from node 1  (seq 51)
2026-09-28T12:50:54.333824580Z     ·     apply  34       208.5 ms HE    3 dec  from node 1  (seq 52)
2026-09-28T12:50:54.404861113Z     ·     vote   35    YES to node 1          (seq 53)
2026-09-28T12:50:54.615269022Z     ·     apply  35       208.0 ms HE    3 dec  from node 1  (seq 53)
2026-09-28T12:50:55.034462865Z     ·     apply  36       208.0 ms HE    3 dec  from node 1  (seq 54)
2026-09-28T12:50:55.105520008Z     ·     vote   39    YES to node 1          (seq 55)
2026-09-28T12:50:55.318194000Z     ·     apply  39       208.0 ms HE    3 dec  from node 1  (seq 55)
2026-09-28T12:50:55.529700034Z c4  s15  local  61       208.7 ms HE    3 dec  0 frames
2026-09-28T12:50:55.744774972Z     ·     apply  30       208.7 ms HE    3 dec  from node 1  (seq 56)
2026-09-28T12:50:55.815984288Z c4  s17  local  71        69.6 ms HE    1 dec  0 frames
2026-09-28T12:50:55.885198551Z c4  s18  local  72        69.4 ms HE    1 dec  0 frames
2026-09-28T12:50:55.955111747Z c4  s19  local  81        69.5 ms HE    1 dec  0 frames
2026-09-28T12:50:56.024467677Z c4  s20  local  82        69.4 ms HE    1 dec  0 frames
2026-09-28T12:50:56.094419092Z c4  s21  local  73        69.7 ms HE    1 dec  0 frames
2026-09-28T12:50:56.163763117Z c4  s22  local  74        69.4 ms HE    1 dec  0 frames
2026-09-28T12:50:56.372651600Z c4  s23  local  65       208.5 ms HE    3 dec  0 frames
2026-09-28T12:51:07.606571404Z c4  s24  local  66       208.8 ms HE    3 dec  0 frames
2026-09-28T12:51:07.609589345Z     ·     vote   31    YES to node 1          (seq 57)
2026-09-28T12:50:56.789072679Z     ·     apply  31       208.2 ms HE    3 dec  from node 1  (seq 57)
2026-09-28T12:50:57.069571969Z     ·     apply  32       208.2 ms HE    3 dec  from node 1  (seq 58)
2026-09-28T12:50:57.278985003Z     ·     vote   35    YES to node 1          (seq 59)
2026-09-28T12:50:57.491302224Z     ·     apply  35       208.5 ms HE    3 dec  from node 1  (seq 59)
2026-09-28T12:50:57.771060861Z     ·     apply  36       208.3 ms HE    3 dec  from node 1  (seq 60)
2026-09-28T12:50:57.981272476Z c4  s35  local  61       208.4 ms HE    3 dec  0 frames
2026-09-28T12:50:57.983672823Z     ·     vote   33    YES to node 1          (seq 61)
2026-09-28T12:50:58.194176078Z     ·     apply  33       208.0 ms HE    3 dec  from node 1  (seq 61)
2026-09-28T12:50:58.476200997Z     ·     apply  34       208.4 ms HE    3 dec  from node 1  (seq 62)
2026-09-28T12:50:58.684266287Z     ·     vote   37    YES to node 1          (seq 63)
2026-09-28T12:50:58.895592635Z     ·     apply  37       208.3 ms HE    3 dec  from node 1  (seq 63)
2026-09-28T12:51:00.677372167Z     ·     apply  38       208.2 ms HE    3 dec  from node 1  (seq 64)
2026-09-28T12:51:00.886968589Z c4  s42  local  63       208.3 ms HE    3 dec  0 frames
2026-09-28T12:51:01.096100788Z c4  s43  local  64       208.7 ms HE    3 dec  0 frames
2026-09-28T12:51:01.096223747Z -- cycle 4/5 done at 31978.2 ms --
2026-09-28T12:51:01.096231051Z 
2026-09-28T12:51:01.096234752Z -- cycle 5/5 --
2026-09-28T12:51:01.098311144Z     ·     vote   31    YES to node 1          (seq 65)
2026-09-28T12:51:01.312296962Z     ·     apply  31       208.6 ms HE    3 dec  from node 1  (seq 65)
2026-09-28T12:51:12.621532864Z     ·     apply  32       208.7 ms HE    3 dec  from node 1  (seq 66)
2026-09-28T12:51:01.877104335Z     ·     vote   33    YES to node 1          (seq 67)
2026-09-28T12:51:02.087791378Z     ·     apply  33       208.3 ms HE    3 dec  from node 1  (seq 67)
2026-09-28T12:51:02.366370051Z     ·     apply  34       208.7 ms HE    3 dec  from node 1  (seq 68)
2026-09-28T12:51:02.436639618Z     ·     vote   35    YES to node 1          (seq 69)
2026-09-28T12:51:02.649780633Z     ·     apply  35       208.0 ms HE    3 dec  from node 1  (seq 69)
2026-09-28T12:51:03.069806473Z     ·     apply  36       208.6 ms HE    3 dec  from node 1  (seq 70)
2026-09-28T12:51:03.140783578Z     ·     vote   39    YES to node 1          (seq 71)
2026-09-28T12:51:03.351352864Z     ·     apply  39       208.3 ms HE    3 dec  from node 1  (seq 71)
2026-09-28T12:51:03.562070321Z c5  s15  local  61       208.4 ms HE    3 dec  0 frames
2026-09-28T12:51:03.773815669Z     ·     apply  30       208.6 ms HE    3 dec  from node 1  (seq 72)
2026-09-28T12:51:03.845462194Z c5  s17  local  71        69.5 ms HE    1 dec  0 frames
2026-09-28T12:51:03.915758073Z c5  s18  local  72        69.6 ms HE    1 dec  0 frames
2026-09-28T12:51:03.984965232Z c5  s19  local  81        69.4 ms HE    1 dec  0 frames
2026-09-28T12:51:04.054691740Z c5  s20  local  82        69.6 ms HE    1 dec  0 frames
2026-09-28T12:51:04.124016355Z c5  s21  local  73        69.3 ms HE    1 dec  0 frames
2026-09-28T12:51:04.193922048Z c5  s22  local  74        69.8 ms HE    1 dec  0 frames
2026-09-28T12:51:04.402367720Z c5  s23  local  65       208.2 ms HE    3 dec  0 frames
2026-09-28T12:51:04.610778675Z c5  s24  local  66       208.1 ms HE    3 dec  0 frames
2026-09-28T12:51:04.613266263Z     ·     vote   31    YES to node 1          (seq 73)
2026-09-28T12:51:04.827033677Z     ·     apply  31       208.3 ms HE    3 dec  from node 1  (seq 73)
2026-09-28T12:51:05.104019790Z     ·     apply  32       208.2 ms HE    3 dec  from node 1  (seq 74)
2026-09-28T12:51:05.314974060Z     ·     vote   35    YES to node 1          (seq 75)
2026-09-28T12:51:05.527915279Z     ·     apply  35       208.2 ms HE    3 dec  from node 1  (seq 75)
2026-09-28T12:51:05.808778043Z     ·     apply  36       208.6 ms HE    3 dec  from node 1  (seq 76)
2026-09-28T12:51:06.019526115Z c5  s35  local  61       208.4 ms HE    3 dec  0 frames
2026-09-28T12:51:06.022592680Z     ·     vote   33    YES to node 1          (seq 77)
2026-09-28T12:51:06.233363462Z     ·     apply  33       208.3 ms HE    3 dec  from node 1  (seq 77)
2026-09-28T12:51:17.534770706Z     ·     apply  34       208.0 ms HE    3 dec  from node 1  (seq 78)
2026-09-28T12:51:08.218734392Z     ·     vote   37    YES to node 1          (seq 79)
2026-09-28T12:51:09.722302927Z     ·     vote   37    YES to node 1          (seq 79)
2026-09-28T12:51:09.933198269Z     ·     apply  37       208.3 ms HE    3 dec  from node 1  (seq 79)
2026-09-28T12:51:10.212887573Z     ·     apply  38       208.3 ms HE    3 dec  from node 1  (seq 80)
2026-09-28T12:51:10.424054945Z c5  s42  local  63       208.6 ms HE    3 dec  0 frames
2026-09-28T12:51:10.632269106Z c5  s43  local  64       208.4 ms HE    3 dec  0 frames
2026-09-28T12:51:10.632320931Z -- cycle 5/5 done at 41518.2 ms --
2026-09-28T12:51:10.632326133Z 
2026-09-28T12:51:10.632328334Z ============================================================
2026-09-28T12:51:10.632330535Z   SUMMARY — node 2/2 — LOCAL MODULAR — UDP/IP multicast (RFC 1112)
2026-09-28T12:51:10.632333436Z ============================================================
2026-09-28T12:51:10.632335638Z   events this node FIRED:
2026-09-28T12:51:10.632337638Z   local (no network)     n=60   avg   144.87 ms  (HE  144.73 + net    0.00)  min   69.30  max   347.32  100.0%
2026-09-28T12:51:10.632339739Z   shared controllable          (none on this node)
2026-09-28T12:51:10.632341740Z   shared uncontroll.           (none on this node)
2026-09-28T12:51:10.632343841Z   events this node APPLIED for a peer (participant side):
2026-09-28T12:51:10.632345942Z   shared, applied        n=80   avg   233.41 ms  (HE  233.41 + net    0.00)  min  207.87  max   567.45
2026-09-28T12:51:10.632348043Z   run clock, end of cycles 1..5 (ms): 8792.5 17410.2 23943.3 31978.2 41518.2
2026-09-28T12:51:10.632350044Z      a cycle is over at the LATEST node's value; DES_WORK_MS 0 included
2026-09-28T12:51:10.632352245Z   ----------------------------------------------------------
2026-09-28T12:51:10.632354947Z   all events            n=60   avg   144.87 ms  (HE  144.73 + net    0.00)
2026-09-28T12:51:10.632357048Z   PEER-WAIT + WIRE      0.0 % of total step time
2026-09-28T12:51:10.632358949Z      (compare against the round-trip probe above: the excess is
2026-09-28T12:51:10.632360950Z       the peer's own HE work, not the link.)
2026-09-28T12:51:10.632362951Z   frames: tx=255 rx=151 retransmits=0
2026-09-28T12:51:10.632365052Z   authentication: HMAC-SHA256/128, 6.7 us per frame; 0 rejected (bad tag), 0 stale/replayed dropped, 1 epoch challenges
2026-09-28T12:51:10.632367153Z   rx queue: peak 1/64 frames
2026-09-28T12:51:10.632390864Z   plant check: 0 event reports rejected as physically impossible
2026-09-28T12:51:10.632393365Z      (these supervisors carry the plant: an impossible uncontrollable event is caught)
2026-09-28T12:51:10.632395466Z   injected frame loss: 1 %
2026-09-28T12:51:10.632397367Z   ----------------------------------------------------------
2026-09-28T12:51:10.632399368Z   homomorphic vs cleartext oracle : PASS — every encrypted bit matched
2026-09-28T12:51:10.632401469Z      (PASS certifies the cryptography: each node's encrypted bits
2026-09-28T12:51:10.632403470Z       match its own clear model for the events it applied. It does
2026-09-28T12:51:10.632405471Z       not certify the distributed run — read the skips for that.)
2026-09-28T12:51:10.632407672Z   distributed vs MONOLITHIC sup.  : off — this header has no monolithic supervisor
2026-09-28T12:51:10.632409773Z   safe halt                       : no — ran to completion
2026-09-28T12:51:10.632411874Z ============================================================
2026-09-28T12:51:20.572513237Z @@RESULT {"node":2,"nodes":2,"family":"LOCAL MODULAR","data":"supervisor_data_fms.h","transport":"UDP/IP multicast (RFC 1112)","fingerprint":"edbd7971","supervisors":["S4","S5","S6"],"fired":{"local":60,"ctrl":0,"unctrl":0},"applied_for_peers":80,"skips":0,"impossible":0,"tx":255,"rx":151,"retx":0,"auth_bad":0,"replays":0,"challenges":1,"mac_us":6.65,"rxq_peak":1,"rxq_drops":0,"sync_wait_ms":0.0,"oracle":"PASS","safe_halt":false,"halt_reason":"","cycle_end_ms":[8792.5,17410.2,23943.3,31978.2,41518.2],"rounds":5,"work_ms":0,"emu_scalarmul_ms":69.0,"loss_pct":1,"loss_seed":631048459,"exit":0}
