2026-09-28T13:03:45.273173502Z des_container: node 7 of 7, LOCAL MODULAR, data supervisor_data_fms.h, transport UDP/IP multicast (RFC 1112)
2026-09-28T13:03:45.273306065Z des_container: EMULATING the ESP32 — every decryption takes at least 69.0 ms (DES_EMU_SCALARMUL_MS)
2026-09-28T13:03:45.273314669Z des_container: dropping 1 % of received frames, seed 416806703 (DES_LOSS_SEED to replay)
2026-09-28T13:03:45.273317271Z 
2026-09-28T13:03:45.273319472Z ============================================================
2026-09-28T13:03:45.273321773Z   Distributed Homomorphic DES — generic engine
2026-09-28T13:03:45.273323874Z   node 7/7   family LOCAL MODULAR   7 supervisors   31 events
2026-09-28T13:03:45.273325975Z   data: supervisor_data_fms.h
2026-09-28T13:03:45.273327976Z ============================================================
2026-09-28T13:03:45.275642281Z --- event routing (DERIVED from the header, not hardcoded) ---
2026-09-28T13:03:45.275666093Z   event  ctrl  nodes      owner  class
2026-09-28T13:03:45.275668994Z   11     yes   1          1      local — no network
2026-09-28T13:03:45.275672196Z   12     no    1          1      local — no network
2026-09-28T13:03:45.275674497Z   21     yes   2          2      local — no network
2026-09-28T13:03:45.275676698Z   22     no    2          2      local — no network
2026-09-28T13:03:45.275678999Z   30     no    1 2 3 4 5 6 7  1      SHARED — needs network
2026-09-28T13:03:45.275681200Z   31     yes   1 2 3 4 5 6 7  1      SHARED — needs network
2026-09-28T13:03:45.275683501Z   32     no    1 2 3 4 5 6 7  1      SHARED — needs network
2026-09-28T13:03:45.275685702Z   33     yes   1 2 3 4 5 6 7  1      SHARED — needs network
2026-09-28T13:03:45.275687803Z   34     no    1 2 3 4 5 6 7  1      SHARED — needs network
2026-09-28T13:03:45.275689904Z   35     yes   1 2 3 4 5 6 7  1      SHARED — needs network
2026-09-28T13:03:45.275692005Z   36     no    1 2 3 4 5 6 7  1      SHARED — needs network
2026-09-28T13:03:45.275693906Z   37     yes   1 2 3 4 5 6 7  1      SHARED — needs network
2026-09-28T13:03:45.275695807Z   38     no    1 2 3 4 5 6 7  1      SHARED — needs network
2026-09-28T13:03:45.275697708Z   39     yes   1 2 3 4 5 6 7  1      SHARED — needs network
2026-09-28T13:03:45.275699809Z   41     yes   3          3      local — no network
2026-09-28T13:03:45.275701810Z   42     no    3          3      local — no network
2026-09-28T13:03:45.275703911Z   51     yes   4          4      local — no network
2026-09-28T13:03:45.275705812Z   52     no    4          4      local — no network
2026-09-28T13:03:45.275707713Z   53     yes   4          4      local — no network
2026-09-28T13:03:45.275711014Z   54     no    4          4      local — no network
2026-09-28T13:03:45.275713315Z   61     yes   5 6 7      5      SHARED — needs network
2026-09-28T13:03:45.275734926Z   63     yes   5 6 7      5      SHARED — needs network
2026-09-28T13:03:45.275738427Z   64     no    5 6 7      5      SHARED — needs network
2026-09-28T13:03:45.275740628Z   65     yes   5 6 7      5      SHARED — needs network
2026-09-28T13:03:45.275742829Z   66     no    5 6 7      5      SHARED — needs network
2026-09-28T13:03:45.275744930Z   71     yes   7          7      local — no network
2026-09-28T13:03:45.275747031Z   72     no    7          7      local — no network
2026-09-28T13:03:45.275749232Z   73     yes   7          7      local — no network
2026-09-28T13:03:45.275751634Z   74     no    7          7      local — no network
2026-09-28T13:03:45.275753835Z   81     yes   7          7      local — no network
2026-09-28T13:03:45.275756036Z   82     no    7          7      local — no network
2026-09-28T13:03:45.275758337Z   => 15/31 events shared; 16/31 need ZERO network traffic; 21 concern this node
2026-09-28T13:03:45.275761038Z   NOTE controllability was INFERRED from event labels (the header
2026-09-28T13:03:45.275764240Z        does not carry it). Check the 'ctrl' column above; if it is
2026-09-28T13:03:45.275766541Z        wrong, set DES_CONTROLLABLE_MASK explicitly.
2026-09-28T13:03:45.275768842Z 
2026-09-28T13:03:45.275806360Z [init] config fingerprint 04511541 — every node must print the same
2026-09-28T13:03:45.275809961Z 
2026-09-28T13:03:45.275864087Z [net] UDP multicast 239.192.7.1:5077  ttl=1  frame=44 B
2026-09-28T13:03:45.275872091Z --- crypto self-test ---
2026-09-28T13:03:45.278373786Z   Enc(0)->0 Enc(1)->1                PASS
2026-09-28T13:03:45.278940457Z   Enc(1)+Enc(1)->1 homomorphic OR   PASS
2026-09-28T13:03:45.279653898Z   Enc(0)+Enc(0)->0                  PASS
2026-09-28T13:03:45.279664803Z   curve secp192r1, ciphertext 50 B    PASS
2026-09-28T13:03:45.279948939Z   frame tag HMAC-SHA256/128: 2.6 us, 1-bit tamper caught  PASS
2026-09-28T13:03:45.279957343Z 
2026-09-28T13:03:45.279959844Z --- encrypting my supervisors' initial states ---
2026-09-28T13:03:45.280679187Z [load] S6         idx 6  164 states  21 constraining ev    8200 B ciphertext
2026-09-28T13:03:46.998697462Z [init] my keypair is mine alone; no ciphertext ever leaves this node
2026-09-28T13:03:46.998799911Z [init] my enablement: 11=1 12=1 21=1 22=1 30=0 31=1 32=0 33=1 34=0 35=1 36=0 37=1 38=0 39=1 41=1 42=1 51=1 52=1 53=1 54=1 61=1 63=0 64=0 65=0 66=0 71=0 72=0 73=0 74=0 81=0 82=0
2026-09-28T13:03:46.998820320Z 
2026-09-28T13:03:47.201528551Z [net] waiting for 6 peer(s). all present.
2026-09-28T13:03:48.696202327Z 
2026-09-28T13:03:48.696284166Z ============================================================
2026-09-28T13:03:48.696298673Z   RUN — SIM_SEQ driver — 5 cycles x 44 steps — LOCAL MODULAR
2026-09-28T13:03:48.696653342Z   columns: cN sNN = cycle/step of MY walk; · = a peer caused this
2026-09-28T13:03:48.696679255Z   'done at': run clock, common to all nodes; a cycle is over at the
2026-09-28T13:03:48.696690760Z   LATEST node's print, machine time (DES_WORK_MS 0) included
2026-09-28T13:03:48.696701565Z ============================================================
2026-09-28T13:03:48.696711870Z 
2026-09-28T13:03:48.696721375Z -- cycle 1/5 --
2026-09-28T13:03:50.457918775Z     ·     vote   31    YES to node 1          (seq 1)
2026-09-28T13:03:50.619523071Z     ·     apply  31       155.8 ms HE    2 dec  from node 1  (seq 1)
2026-09-28T13:03:50.851430851Z     ·     apply  32       226.6 ms HE    3 dec  from node 1  (seq 2)
2026-09-28T13:03:50.911949860Z     ·     vote   33    YES to node 1          (seq 3)
2026-09-28T13:03:51.069938129Z     ·     apply  33       154.7 ms HE    2 dec  from node 1  (seq 3)
2026-09-28T13:03:51.300201322Z     ·     apply  34       224.3 ms HE    3 dec  from node 1  (seq 4)
2026-09-28T13:03:51.307912606Z     ·     vote   35    YES to node 1          (seq 5)
2026-09-28T13:03:51.467431506Z     ·     apply  35       156.8 ms HE    2 dec  from node 1  (seq 5)
2026-09-28T13:03:51.754534351Z     ·     apply  36       227.5 ms HE    3 dec  from node 1  (seq 6)
2026-09-28T13:03:51.762308365Z     ·     vote   39    YES to node 1          (seq 7)
2026-09-28T13:03:51.907864395Z     ·     apply  39       140.6 ms HE    2 dec  from node 1  (seq 7)
2026-09-28T13:03:51.918122995Z     ·     vote   61    YES to node 5          (seq 1)
2026-09-28T13:03:51.992712426Z     ·     apply  61        69.5 ms HE    1 dec  from node 5  (seq 1)
2026-09-28T13:03:52.136103222Z     ·     apply  30        69.3 ms HE    1 dec  from node 1  (seq 8)
2026-09-28T13:03:52.207362461Z c1  s17  local  71        69.2 ms HE    1 dec  0 frames
2026-09-28T13:03:52.276925891Z c1  s18  local  72        69.3 ms HE    1 dec  0 frames
2026-09-28T13:03:52.346587367Z c1  s19  local  81        69.5 ms HE    1 dec  0 frames
2026-09-28T13:03:52.416157600Z c1  s20  local  82        69.4 ms HE    1 dec  0 frames
2026-09-28T13:03:52.486435070Z c1  s21  local  73        69.8 ms HE    1 dec  0 frames
2026-09-28T13:03:52.555698957Z c1  s22  local  74        69.6 ms HE    1 dec  0 frames
2026-09-28T13:03:52.558092600Z     ·     vote   65    YES to node 5          (seq 2)
2026-09-28T13:03:52.632164283Z     ·     apply  65        69.3 ms HE    1 dec  from node 5  (seq 2)
2026-09-28T13:03:52.776162369Z     ·     apply  66        69.3 ms HE    1 dec  from node 5  (seq 3)
2026-09-28T13:03:53.778141292Z     ·     vote   31    YES to node 1          (seq 9)
2026-09-28T13:03:53.851476723Z     ·     apply  31        69.7 ms HE    1 dec  from node 1  (seq 9)
2026-09-28T13:03:53.926610714Z     ·     apply  32        70.2 ms HE    1 dec  from node 1  (seq 10)
2026-09-28T13:03:54.073211943Z     ·     vote   35    YES to node 1          (seq 11)
2026-09-28T13:03:54.147846095Z     ·     apply  35        69.7 ms HE    1 dec  from node 1  (seq 11)
2026-09-28T13:03:54.222985188Z     ·     apply  36        69.8 ms HE    1 dec  from node 1  (seq 12)
2026-09-28T13:03:54.301657869Z     ·     vote   61    YES to node 5          (seq 4)
2026-09-28T13:03:54.375886027Z     ·     apply  61        69.4 ms HE    1 dec  from node 5  (seq 4)
2026-09-28T13:03:54.536593194Z     ·     vote   33    YES to node 1          (seq 13)
2026-09-28T13:03:54.608868219Z     ·     apply  33        69.8 ms HE    1 dec  from node 1  (seq 13)
2026-09-28T13:03:54.986275101Z     ·     apply  34        69.9 ms HE    1 dec  from node 1  (seq 14)
2026-09-28T13:03:55.133618285Z     ·     vote   37    YES to node 1          (seq 15)
2026-09-28T13:03:55.206720705Z     ·     apply  37        70.0 ms HE    1 dec  from node 1  (seq 15)
2026-09-28T13:03:55.285333357Z     ·     apply  38        70.0 ms HE    1 dec  from node 1  (seq 16)
2026-09-28T13:03:55.293244537Z     ·     vote   63    YES to node 5          (seq 5)
2026-09-28T13:03:55.365757175Z     ·     apply  63        69.7 ms HE    1 dec  from node 5  (seq 5)
2026-09-28T13:03:55.441492953Z     ·     apply  64        69.8 ms HE    1 dec  from node 5  (seq 6)
2026-09-28T13:03:55.443829469Z -- cycle 1/5 done at 5223.5 ms --
2026-09-28T13:03:55.443880493Z 
2026-09-28T13:03:55.443944624Z -- cycle 2/5 --
2026-09-28T13:03:55.446382488Z     ·     vote   31    YES to node 1          (seq 17)
2026-09-28T13:03:55.521741887Z     ·     apply  31        69.8 ms HE    1 dec  from node 1  (seq 17)
2026-09-28T13:03:55.899459817Z     ·     apply  32        69.8 ms HE    1 dec  from node 1  (seq 18)
2026-09-28T13:03:56.282586132Z     ·     vote   33    YES to node 1          (seq 19)
2026-09-28T13:03:57.925088533Z     ·     apply  33        69.8 ms HE    1 dec  from node 1  (seq 19)
2026-09-28T13:04:09.016526174Z     ·     apply  34        69.8 ms HE    1 dec  from node 1  (seq 20)
2026-09-28T13:04:09.024203141Z     ·     vote   35    YES to node 1          (seq 21)
2026-09-28T13:04:09.099671191Z     ·     apply  35        70.1 ms HE    1 dec  from node 1  (seq 21)
2026-09-28T13:03:58.296839624Z     ·     apply  36        69.3 ms HE    1 dec  from node 1  (seq 22)
2026-09-28T13:03:58.608066092Z     ·     vote   39    YES to node 1          (seq 23)
2026-09-28T13:04:00.105975524Z     ·     vote   39    YES to node 1          (seq 23)
2026-09-28T13:04:00.180863797Z     ·     apply  39        70.0 ms HE    1 dec  from node 1  (seq 23)
2026-09-28T13:04:00.187508571Z     ·     vote   61    YES to node 5          (seq 7)
2026-09-28T13:04:00.260055125Z     ·     apply  61        69.6 ms HE    1 dec  from node 5  (seq 7)
2026-09-28T13:04:00.335238339Z     ·     apply  30        69.9 ms HE    1 dec  from node 1  (seq 24)
2026-09-28T13:04:00.407807505Z c2  s17  local  71        69.7 ms HE    1 dec  0 frames
2026-09-28T13:04:00.477088199Z c2  s18  local  72        69.6 ms HE    1 dec  0 frames
2026-09-28T13:04:00.546704454Z c2  s19  local  81        69.5 ms HE    1 dec  0 frames
2026-09-28T13:04:00.616879376Z c2  s20  local  82        69.8 ms HE    1 dec  0 frames
2026-09-28T13:04:00.687192763Z c2  s21  local  73        69.7 ms HE    1 dec  0 frames
2026-09-28T13:04:00.756957189Z c2  s22  local  74        69.9 ms HE    1 dec  0 frames
2026-09-28T13:04:00.759649975Z     ·     vote   65    YES to node 5          (seq 8)
2026-09-28T13:04:00.833686341Z     ·     apply  65        69.5 ms HE    1 dec  from node 5  (seq 8)
2026-09-28T13:04:00.908110993Z     ·     apply  66        69.5 ms HE    1 dec  from node 5  (seq 9)
2026-09-28T13:04:00.915495821Z     ·     vote   31    YES to node 1          (seq 25)
2026-09-28T13:04:00.989054059Z     ·     apply  31        69.9 ms HE    1 dec  from node 1  (seq 25)
2026-09-28T13:04:01.063550344Z     ·     apply  32        69.7 ms HE    1 dec  from node 1  (seq 26)
2026-09-28T13:04:01.210211803Z     ·     vote   35    YES to node 1          (seq 27)
2026-09-28T13:04:01.283057300Z     ·     apply  35        70.3 ms HE    1 dec  from node 1  (seq 27)
2026-09-28T13:04:01.361758795Z     ·     apply  36        70.5 ms HE    1 dec  from node 1  (seq 28)
2026-09-28T13:04:01.367409894Z     ·     vote   61    YES to node 5          (seq 10)
2026-09-28T13:04:01.442054151Z     ·     apply  61        69.9 ms HE    1 dec  from node 5  (seq 10)
2026-09-28T13:04:02.864232206Z     ·     vote   33    YES to node 1          (seq 29)
2026-09-28T13:04:02.938207743Z     ·     apply  33        70.0 ms HE    1 dec  from node 1  (seq 29)
2026-09-28T13:04:14.030027632Z     ·     apply  34        69.9 ms HE    1 dec  from node 1  (seq 30)
2026-09-28T13:04:14.177293679Z     ·     vote   37    YES to node 1          (seq 31)
2026-09-28T13:04:14.252819657Z     ·     apply  37        70.0 ms HE    1 dec  from node 1  (seq 31)
2026-09-28T13:04:15.827231333Z     ·     apply  38        69.8 ms HE    1 dec  from node 1  (seq 32)
2026-09-28T13:04:15.835124003Z     ·     vote   63    YES to node 5          (seq 11)
2026-09-28T13:04:15.910337231Z     ·     apply  63        70.0 ms HE    1 dec  from node 5  (seq 11)
2026-09-28T13:04:15.987623350Z     ·     apply  64        69.8 ms HE    1 dec  from node 5  (seq 12)
2026-09-28T13:04:15.990341748Z -- cycle 2/5 done at 14756.6 ms --
2026-09-28T13:04:15.990430791Z 
2026-09-28T13:04:15.990510629Z -- cycle 3/5 --
2026-09-28T13:04:15.994374575Z     ·     vote   31    YES to node 1          (seq 33)
2026-09-28T13:04:16.069907856Z     ·     apply  31        70.3 ms HE    1 dec  from node 1  (seq 33)
2026-09-28T13:04:16.145305172Z     ·     apply  32        69.8 ms HE    1 dec  from node 1  (seq 34)
2026-09-28T13:04:16.291890494Z     ·     vote   33    YES to node 1          (seq 35)
2026-09-28T13:04:16.364938788Z     ·     apply  33        69.7 ms HE    1 dec  from node 1  (seq 35)
2026-09-28T13:04:17.939616891Z     ·     apply  34        69.9 ms HE    1 dec  from node 1  (seq 36)
2026-09-28T13:04:17.944637489Z     ·     vote   35    YES to node 1          (seq 37)
2026-09-28T13:04:19.445127853Z     ·     vote   35    YES to node 1          (seq 37)
2026-09-28T13:04:20.945670943Z     ·     vote   35    YES to node 1          (seq 37)
2026-09-28T13:04:21.019417971Z     ·     apply  35        69.6 ms HE    1 dec  from node 1  (seq 37)
2026-09-28T13:04:21.234162551Z     ·     apply  36        70.2 ms HE    1 dec  from node 1  (seq 38)
2026-09-28T13:04:21.239216366Z     ·     vote   39    YES to node 1          (seq 39)
2026-09-28T13:04:21.315572040Z     ·     apply  39        69.9 ms HE    1 dec  from node 1  (seq 39)
2026-09-28T13:04:21.320717998Z     ·     vote   61    YES to node 5          (seq 13)
2026-09-28T13:04:21.395015789Z     ·     apply  61        69.8 ms HE    1 dec  from node 5  (seq 13)
2026-09-28T13:04:21.471495622Z     ·     apply  30        69.7 ms HE    1 dec  from node 1  (seq 40)
2026-09-28T13:04:21.545881155Z c3  s17  local  71        69.8 ms HE    1 dec  0 frames
2026-09-28T13:04:21.612535095Z c3  s18  local  72        69.5 ms HE    1 dec  0 frames
2026-09-28T13:04:21.682086819Z c3  s19  local  81        69.3 ms HE    1 dec  0 frames
2026-09-28T13:04:21.751545398Z c3  s20  local  82        69.4 ms HE    1 dec  0 frames
2026-09-28T13:04:21.821409071Z c3  s21  local  73        69.6 ms HE    1 dec  0 frames
2026-09-28T13:04:21.890785011Z c3  s22  local  74        69.4 ms HE    1 dec  0 frames
2026-09-28T13:04:21.893570442Z     ·     vote   65    YES to node 5          (seq 14)
2026-09-28T13:04:21.967751377Z     ·     apply  65        69.6 ms HE    1 dec  from node 5  (seq 14)
2026-09-28T13:04:22.042308692Z     ·     apply  66        69.4 ms HE    1 dec  from node 5  (seq 15)
2026-09-28T13:04:22.047842736Z     ·     vote   31    YES to node 1          (seq 41)
2026-09-28T13:04:22.122926902Z     ·     apply  31        69.7 ms HE    1 dec  from node 1  (seq 41)
2026-09-28T13:04:22.198099011Z     ·     apply  32        70.0 ms HE    1 dec  from node 1  (seq 42)
2026-09-28T13:04:22.346394850Z     ·     vote   35    YES to node 1          (seq 43)
2026-09-28T13:04:22.422379647Z     ·     apply  35        69.7 ms HE    1 dec  from node 1  (seq 43)
2026-09-28T13:04:22.497568263Z     ·     apply  36        69.8 ms HE    1 dec  from node 1  (seq 44)
2026-09-28T13:04:22.502990253Z     ·     vote   61    YES to node 5          (seq 16)
2026-09-28T13:04:22.575509695Z     ·     apply  61        69.7 ms HE    1 dec  from node 5  (seq 16)
2026-09-28T13:04:24.082740779Z     ·     vote   33    YES to node 1          (seq 45)
2026-09-28T13:04:24.155903928Z     ·     apply  33        69.8 ms HE    1 dec  from node 1  (seq 45)
2026-09-28T13:04:24.230886446Z     ·     apply  34        69.7 ms HE    1 dec  from node 1  (seq 46)
2026-09-28T13:04:24.378149492Z     ·     vote   37    YES to node 1          (seq 47)
2026-09-28T13:04:24.453957605Z     ·     apply  37        70.2 ms HE    1 dec  from node 1  (seq 47)
2026-09-28T13:04:26.030296701Z     ·     apply  38        70.0 ms HE    1 dec  from node 1  (seq 48)
2026-09-28T13:04:26.035785923Z     ·     vote   63    YES to node 5          (seq 17)
2026-09-28T13:04:26.109702332Z     ·     apply  63        69.3 ms HE    1 dec  from node 5  (seq 17)
2026-09-28T13:04:26.185143369Z     ·     apply  64        69.6 ms HE    1 dec  from node 5  (seq 18)
2026-09-28T13:04:26.187248374Z -- cycle 3/5 done at 24953.9 ms --
2026-09-28T13:04:26.187290294Z 
2026-09-28T13:04:26.187393944Z -- cycle 4/5 --
2026-09-28T13:04:26.190587770Z     ·     vote   31    YES to node 1          (seq 49)
2026-09-28T13:04:26.267118827Z     ·     apply  31        69.8 ms HE    1 dec  from node 1  (seq 49)
2026-09-28T13:04:26.642948456Z     ·     apply  32        69.8 ms HE    1 dec  from node 1  (seq 50)
2026-09-28T13:04:26.789321077Z     ·     vote   33    YES to node 1          (seq 51)
2026-09-28T13:04:26.865802211Z     ·     apply  33        69.7 ms HE    1 dec  from node 1  (seq 51)
2026-09-28T13:04:26.943089930Z     ·     apply  34        69.8 ms HE    1 dec  from node 1  (seq 52)
2026-09-28T13:04:26.948773845Z     ·     vote   35    YES to node 1          (seq 53)
2026-09-28T13:04:27.022196418Z     ·     apply  35        69.9 ms HE    1 dec  from node 1  (seq 53)
2026-09-28T13:04:27.238997981Z     ·     apply  36        69.9 ms HE    1 dec  from node 1  (seq 54)
2026-09-28T13:04:27.245045570Z     ·     vote   39    YES to node 1          (seq 55)
2026-09-28T13:04:27.320056502Z     ·     apply  39        70.0 ms HE    1 dec  from node 1  (seq 55)
2026-09-28T13:04:27.325268091Z     ·     vote   61    YES to node 5          (seq 19)
2026-09-28T13:04:27.400505331Z     ·     apply  61        69.8 ms HE    1 dec  from node 5  (seq 19)
2026-09-28T13:04:27.478014056Z     ·     apply  30        70.0 ms HE    1 dec  from node 1  (seq 56)
2026-09-28T13:04:27.551104370Z c4  s17  local  71        69.8 ms HE    1 dec  0 frames
2026-09-28T13:04:27.620596065Z c4  s18  local  72        69.7 ms HE    1 dec  0 frames
2026-09-28T13:04:27.690824012Z c4  s19  local  81        69.7 ms HE    1 dec  0 frames
2026-09-28T13:04:27.760664074Z c4  s20  local  82        69.8 ms HE    1 dec  0 frames
2026-09-28T13:04:27.830578671Z c4  s21  local  73        69.8 ms HE    1 dec  0 frames
2026-09-28T13:04:27.901568382Z c4  s22  local  74        70.3 ms HE    1 dec  0 frames
2026-09-28T13:04:27.904294184Z     ·     vote   65    YES to node 5          (seq 20)
2026-09-28T13:04:27.978940042Z     ·     apply  65        69.7 ms HE    1 dec  from node 5  (seq 20)
2026-09-28T13:04:18.600083415Z     ·     apply  66        69.3 ms HE    1 dec  from node 5  (seq 21)
2026-09-28T13:04:18.604600573Z     ·     vote   31    YES to node 1          (seq 57)
2026-09-28T13:04:18.678313084Z     ·     apply  31        69.3 ms HE    1 dec  from node 1  (seq 57)
2026-09-28T13:04:18.752312032Z     ·     apply  32        69.4 ms HE    1 dec  from node 1  (seq 58)
2026-09-28T13:04:18.897273479Z     ·     vote   35    YES to node 1          (seq 59)
2026-09-28T13:04:20.400687339Z     ·     vote   35    YES to node 1          (seq 59)
2026-09-28T13:04:20.475255560Z     ·     apply  35        70.6 ms HE    1 dec  from node 1  (seq 59)
2026-09-28T13:04:20.550135229Z     ·     apply  36        69.8 ms HE    1 dec  from node 1  (seq 60)
2026-09-28T13:04:20.557447221Z     ·     vote   61    YES to node 5          (seq 22)
2026-09-28T13:04:20.633173495Z     ·     apply  61        69.9 ms HE    1 dec  from node 5  (seq 22)
2026-09-28T13:04:20.640266683Z     ·     vote   33    YES to node 1          (seq 61)
2026-09-28T13:04:20.713105177Z     ·     apply  33        70.0 ms HE    1 dec  from node 1  (seq 61)
2026-09-28T13:04:20.787485207Z     ·     apply  34        69.7 ms HE    1 dec  from node 1  (seq 62)
2026-09-28T13:04:20.935549636Z     ·     vote   37    YES to node 1          (seq 63)
2026-09-28T13:04:21.008472470Z     ·     apply  37        69.8 ms HE    1 dec  from node 1  (seq 63)
2026-09-28T13:04:21.085559894Z     ·     apply  38        69.9 ms HE    1 dec  from node 1  (seq 64)
2026-09-28T13:04:21.092064801Z     ·     vote   63    YES to node 5          (seq 23)
2026-09-28T13:04:21.167195990Z     ·     apply  63        69.9 ms HE    1 dec  from node 5  (seq 23)
2026-09-28T13:04:21.242611315Z     ·     apply  64        69.6 ms HE    1 dec  from node 5  (seq 24)
2026-09-28T13:04:21.244913415Z -- cycle 4/5 done at 31033.0 ms --
2026-09-28T13:04:21.244953434Z 
2026-09-28T13:04:21.244963039Z -- cycle 5/5 --
2026-09-28T13:04:21.247835311Z     ·     vote   31    YES to node 1          (seq 65)
2026-09-28T13:04:21.322905671Z     ·     apply  31        69.8 ms HE    1 dec  from node 1  (seq 65)
2026-09-28T13:04:21.400440408Z     ·     apply  32        69.9 ms HE    1 dec  from node 1  (seq 66)
2026-09-28T13:04:21.548955452Z     ·     vote   33    YES to node 1          (seq 67)
2026-09-28T13:04:21.622647954Z     ·     apply  33        70.1 ms HE    1 dec  from node 1  (seq 67)
2026-09-28T13:04:21.998214757Z     ·     apply  34        69.8 ms HE    1 dec  from node 1  (seq 68)
2026-09-28T13:04:22.004052445Z     ·     vote   35    YES to node 1          (seq 69)
2026-09-28T13:04:22.076650224Z     ·     apply  35        69.9 ms HE    1 dec  from node 1  (seq 69)
2026-09-28T13:04:25.142042005Z     ·     apply  36        70.0 ms HE    1 dec  from node 1  (seq 70)
2026-09-28T13:04:25.147228983Z     ·     vote   39    YES to node 1          (seq 71)
2026-09-28T13:04:25.223648887Z     ·     apply  39        69.9 ms HE    1 dec  from node 1  (seq 71)
2026-09-28T13:04:25.229665061Z     ·     vote   61    YES to node 5          (seq 25)
2026-09-28T13:04:25.302508758Z     ·     apply  61        69.9 ms HE    1 dec  from node 5  (seq 25)
2026-09-28T13:04:25.379855705Z     ·     apply  30        70.1 ms HE    1 dec  from node 1  (seq 72)
2026-09-28T13:04:25.453525196Z c5  s17  local  71        70.2 ms HE    1 dec  0 frames
2026-09-28T13:04:25.523187373Z c5  s18  local  72        69.7 ms HE    1 dec  0 frames
2026-09-28T13:04:25.593296863Z c5  s19  local  81        69.6 ms HE    1 dec  0 frames
2026-09-28T13:04:25.663046982Z c5  s20  local  82        69.5 ms HE    1 dec  0 frames
2026-09-28T13:04:25.733037115Z c5  s21  local  73        69.8 ms HE    1 dec  0 frames
2026-09-28T13:04:25.802690788Z c5  s22  local  74        69.6 ms HE    1 dec  0 frames
2026-09-28T13:04:25.806455186Z     ·     vote   65    YES to node 5          (seq 26)
2026-09-28T13:04:25.880605407Z     ·     apply  65        69.7 ms HE    1 dec  from node 5  (seq 26)
2026-09-28T13:04:25.956325577Z     ·     apply  66        69.7 ms HE    1 dec  from node 5  (seq 27)
2026-09-28T13:04:25.964172726Z     ·     vote   31    YES to node 1          (seq 73)
2026-09-28T13:04:27.462597003Z     ·     vote   31    YES to node 1          (seq 73)
2026-09-28T13:04:27.539763664Z     ·     apply  31        69.8 ms HE    1 dec  from node 1  (seq 73)
2026-09-28T13:04:27.615320957Z     ·     apply  32        69.8 ms HE    1 dec  from node 1  (seq 74)
2026-09-28T13:04:27.759377971Z     ·     vote   35    YES to node 1          (seq 75)
2026-09-28T13:04:27.831536040Z     ·     apply  35        69.5 ms HE    1 dec  from node 1  (seq 75)
2026-09-28T13:04:29.421247052Z     ·     apply  36        69.9 ms HE    1 dec  from node 1  (seq 76)
2026-09-28T13:04:29.428414876Z     ·     vote   61    YES to node 5          (seq 28)
2026-09-28T13:04:29.500899201Z     ·     apply  61        70.2 ms HE    1 dec  from node 5  (seq 28)
2026-09-28T13:04:29.506788915Z     ·     vote   33    YES to node 1          (seq 77)
2026-09-28T13:04:29.582366917Z     ·     apply  33        69.8 ms HE    1 dec  from node 1  (seq 77)
2026-09-28T13:04:29.657976335Z     ·     apply  34        69.8 ms HE    1 dec  from node 1  (seq 78)
2026-09-28T13:04:29.805454883Z     ·     vote   37    YES to node 1          (seq 79)
2026-09-28T13:04:29.877904592Z     ·     apply  37        70.1 ms HE    1 dec  from node 1  (seq 79)
2026-09-28T13:04:29.955651130Z     ·     apply  38        70.3 ms HE    1 dec  from node 1  (seq 80)
2026-09-28T13:04:29.962447176Z     ·     vote   63    YES to node 5          (seq 29)
2026-09-28T13:04:30.037800572Z     ·     apply  63        69.9 ms HE    1 dec  from node 5  (seq 29)
2026-09-28T13:04:30.113934140Z     ·     apply  64        70.0 ms HE    1 dec  from node 5  (seq 30)
2026-09-28T13:04:30.116356997Z -- cycle 5/5 done at 39900.2 ms --
2026-09-28T13:04:30.116433634Z 
2026-09-28T13:04:30.116448741Z ============================================================
2026-09-28T13:04:30.116459446Z   SUMMARY — node 7/7 — LOCAL MODULAR — UDP/IP multicast (RFC 1112)
2026-09-28T13:04:30.116471352Z ============================================================
2026-09-28T13:04:30.116481256Z   events this node FIRED:
2026-09-28T13:04:30.116490861Z   local (no network)     n=30   avg    69.82 ms  (HE   69.66 + net    0.00)  min   69.32  max    70.58  100.0%
2026-09-28T13:04:30.116501266Z   shared controllable          (none on this node)
2026-09-28T13:04:30.116511071Z   shared uncontroll.           (none on this node)
2026-09-28T13:04:30.116544687Z   events this node APPLIED for a peer (participant side):
2026-09-28T13:04:30.116553791Z   shared, applied        n=110  avg    77.07 ms  (HE   77.07 + net    0.00)  min   69.28  max   227.47
2026-09-28T13:04:30.116563496Z   run clock, end of cycles 1..5 (ms): 5223.5 14756.6 24953.9 31033.0 39900.2
2026-09-28T13:04:30.116573300Z      a cycle is over at the LATEST node's value; DES_WORK_MS 0 included
2026-09-28T13:04:30.116583205Z   ----------------------------------------------------------
2026-09-28T13:04:30.116592510Z   all events            n=30   avg    69.82 ms  (HE   69.66 + net    0.00)
2026-09-28T13:04:30.116602514Z   PEER-WAIT + WIRE      0.0 % of total step time
2026-09-28T13:04:30.116612519Z      (compare against the round-trip probe above: the excess is
2026-09-28T13:04:30.116621423Z       the peer's own HE work, not the link.)
2026-09-28T13:04:30.116630028Z   frames: tx=414 rx=1997 retransmits=0
2026-09-28T13:04:30.116639432Z   authentication: HMAC-SHA256/128, 2.6 us per frame; 0 rejected (bad tag), 0 stale/replayed dropped, 6 epoch challenges
2026-09-28T13:04:30.116649237Z   rx queue: peak 10/64 frames
2026-09-28T13:04:30.116658441Z   plant check: 0 event reports rejected as physically impossible
2026-09-28T13:04:30.116667846Z      (these supervisors carry the plant: an impossible uncontrollable event is caught)
2026-09-28T13:04:30.116676850Z   injected frame loss: 1 %
2026-09-28T13:04:30.116686755Z   ----------------------------------------------------------
2026-09-28T13:04:30.116696859Z   homomorphic vs cleartext oracle : PASS — every encrypted bit matched
2026-09-28T13:04:30.116706964Z      (PASS certifies the cryptography: each node's encrypted bits
2026-09-28T13:04:30.117018913Z       match its own clear model for the events it applied. It does
2026-09-28T13:04:30.117038623Z       not certify the distributed run — read the skips for that.)
2026-09-28T13:04:30.117045726Z   distributed vs MONOLITHIC sup.  : off — this header has no monolithic supervisor
2026-09-28T13:04:30.117051929Z   safe halt                       : no — ran to completion
2026-09-28T13:04:30.117058032Z ============================================================
2026-09-28T13:04:40.104682362Z @@RESULT {"node":7,"nodes":7,"family":"LOCAL MODULAR","data":"supervisor_data_fms.h","transport":"UDP/IP multicast (RFC 1112)","fingerprint":"04511541","supervisors":["S6"],"fired":{"local":30,"ctrl":0,"unctrl":0},"applied_for_peers":110,"skips":0,"impossible":0,"tx":414,"rx":1997,"retx":0,"auth_bad":0,"replays":0,"challenges":6,"mac_us":2.60,"rxq_peak":10,"rxq_drops":0,"sync_wait_ms":0.0,"oracle":"PASS","safe_halt":false,"halt_reason":"","cycle_end_ms":[5223.5,14756.6,24953.9,31033.0,39900.2],"rounds":5,"work_ms":0,"emu_scalarmul_ms":69.0,"loss_pct":1,"loss_seed":416806703,"exit":0}
