2026-09-28T13:03:45.050047518Z des_container: node 5 of 7, LOCAL MODULAR, data supervisor_data_fms.h, transport UDP/IP multicast (RFC 1112)
2026-09-28T13:03:45.050452611Z des_container: EMULATING the ESP32 — every decryption takes at least 69.0 ms (DES_EMU_SCALARMUL_MS)
2026-09-28T13:03:45.050486327Z des_container: dropping 1 % of received frames, seed 1323852438 (DES_LOSS_SEED to replay)
2026-09-28T13:03:45.050494331Z 
2026-09-28T13:03:45.050500434Z ============================================================
2026-09-28T13:03:45.050504136Z   Distributed Homomorphic DES — generic engine
2026-09-28T13:03:45.050509638Z   node 5/7   family LOCAL MODULAR   7 supervisors   31 events
2026-09-28T13:03:45.050517342Z   data: supervisor_data_fms.h
2026-09-28T13:03:45.050522945Z ============================================================
2026-09-28T13:03:45.054404899Z --- event routing (DERIVED from the header, not hardcoded) ---
2026-09-28T13:03:45.054477134Z   event  ctrl  nodes      owner  class
2026-09-28T13:03:45.054480235Z   11     yes   1          1      local — no network
2026-09-28T13:03:45.054483036Z   12     no    1          1      local — no network
2026-09-28T13:03:45.054485238Z   21     yes   2          2      local — no network
2026-09-28T13:03:45.054487238Z   22     no    2          2      local — no network
2026-09-28T13:03:45.054489139Z   30     no    1 2 3 4 5 6 7  1      SHARED — needs network
2026-09-28T13:03:45.054491040Z   31     yes   1 2 3 4 5 6 7  1      SHARED — needs network
2026-09-28T13:03:45.054492941Z   32     no    1 2 3 4 5 6 7  1      SHARED — needs network
2026-09-28T13:03:45.054494842Z   33     yes   1 2 3 4 5 6 7  1      SHARED — needs network
2026-09-28T13:03:45.054496643Z   34     no    1 2 3 4 5 6 7  1      SHARED — needs network
2026-09-28T13:03:45.054498544Z   35     yes   1 2 3 4 5 6 7  1      SHARED — needs network
2026-09-28T13:03:45.054501145Z   36     no    1 2 3 4 5 6 7  1      SHARED — needs network
2026-09-28T13:03:45.054503246Z   37     yes   1 2 3 4 5 6 7  1      SHARED — needs network
2026-09-28T13:03:45.054505247Z   38     no    1 2 3 4 5 6 7  1      SHARED — needs network
2026-09-28T13:03:45.054507748Z   39     yes   1 2 3 4 5 6 7  1      SHARED — needs network
2026-09-28T13:03:45.054509649Z   41     yes   3          3      local — no network
2026-09-28T13:03:45.054511550Z   42     no    3          3      local — no network
2026-09-28T13:03:45.054513451Z   51     yes   4          4      local — no network
2026-09-28T13:03:45.054515352Z   52     no    4          4      local — no network
2026-09-28T13:03:45.054517053Z   53     yes   4          4      local — no network
2026-09-28T13:03:45.054519054Z   54     no    4          4      local — no network
2026-09-28T13:03:45.054585786Z   61     yes   5 6 7      5      SHARED — needs network
2026-09-28T13:03:45.054615000Z   63     yes   5 6 7      5      SHARED — needs network
2026-09-28T13:03:45.054617601Z   64     no    5 6 7      5      SHARED — needs network
2026-09-28T13:03:45.054619502Z   65     yes   5 6 7      5      SHARED — needs network
2026-09-28T13:03:45.054621403Z   66     no    5 6 7      5      SHARED — needs network
2026-09-28T13:03:45.054623303Z   71     yes   7          7      local — no network
2026-09-28T13:03:45.054625204Z   72     no    7          7      local — no network
2026-09-28T13:03:45.054627205Z   73     yes   7          7      local — no network
2026-09-28T13:03:45.054629306Z   74     no    7          7      local — no network
2026-09-28T13:03:45.054631307Z   81     yes   7          7      local — no network
2026-09-28T13:03:45.054633108Z   82     no    7          7      local — no network
2026-09-28T13:03:45.054635109Z   => 15/31 events shared; 16/31 need ZERO network traffic; 15 concern this node
2026-09-28T13:03:45.054638311Z   NOTE controllability was INFERRED from event labels (the header
2026-09-28T13:03:45.054641912Z        does not carry it). Check the 'ctrl' column above; if it is
2026-09-28T13:03:45.054643813Z        wrong, set DES_CONTROLLABLE_MASK explicitly.
2026-09-28T13:03:45.054645914Z 
2026-09-28T13:03:45.054647715Z [init] config fingerprint 04511541 — every node must print the same
2026-09-28T13:03:45.054649716Z 
2026-09-28T13:03:45.054651517Z [net] UDP multicast 239.192.7.1:5077  ttl=1  frame=44 B
2026-09-28T13:03:45.054653318Z --- crypto self-test ---
2026-09-28T13:03:45.058696849Z   Enc(0)->0 Enc(1)->1                PASS
2026-09-28T13:03:45.059631096Z   Enc(1)+Enc(1)->1 homomorphic OR   PASS
2026-09-28T13:03:45.060091616Z   Enc(0)+Enc(0)->0                  PASS
2026-09-28T13:03:45.060105522Z   curve secp192r1, ciphertext 50 B    PASS
2026-09-28T13:03:45.060397462Z   frame tag HMAC-SHA256/128: 2.7 us, 1-bit tamper caught  PASS
2026-09-28T13:03:45.060409968Z 
2026-09-28T13:03:45.060411869Z --- encrypting my supervisors' initial states ---
2026-09-28T13:03:45.060413269Z [load] S4         idx 4   44 states  15 constraining ev    2200 B ciphertext
2026-09-28T13:03:46.154866875Z [init] my keypair is mine alone; no ciphertext ever leaves this node
2026-09-28T13:03:46.154963021Z [init] my enablement: 11=1 12=1 21=1 22=1 30=0 31=1 32=0 33=1 34=0 35=1 36=0 37=1 38=0 39=1 41=1 42=1 51=1 52=1 53=1 54=1 61=0 63=0 64=0 65=0 66=0 71=1 72=1 73=1 74=1 81=1 82=1
2026-09-28T13:03:46.154982330Z 
2026-09-28T13:03:47.161171273Z [net] waiting for 6 peer(s)..... all present.
2026-09-28T13:03:48.658671999Z 
2026-09-28T13:03:48.658745634Z ============================================================
2026-09-28T13:03:48.658756539Z   RUN — SIM_SEQ driver — 5 cycles x 44 steps — LOCAL MODULAR
2026-09-28T13:03:48.658811966Z   columns: cN sNN = cycle/step of MY walk; · = a peer caused this
2026-09-28T13:03:48.658820070Z   'done at': run clock, common to all nodes; a cycle is over at the
2026-09-28T13:03:48.658826273Z   LATEST node's print, machine time (DES_WORK_MS 0) included
2026-09-28T13:03:48.658832076Z ============================================================
2026-09-28T13:03:48.658838279Z 
2026-09-28T13:03:48.658843881Z -- cycle 1/5 --
2026-09-28T13:03:50.457448751Z     ·     vote   31    YES to node 1          (seq 1)
2026-09-28T13:03:50.537657365Z     ·     apply  31        74.7 ms HE    1 dec  from node 1  (seq 1)
2026-09-28T13:03:50.769294815Z     ·     apply  32       144.6 ms HE    2 dec  from node 1  (seq 2)
2026-09-28T13:03:50.912411780Z     ·     vote   33    YES to node 1          (seq 3)
2026-09-28T13:03:50.988597974Z     ·     apply  33        73.3 ms HE    1 dec  from node 1  (seq 3)
2026-09-28T13:03:51.218854564Z     ·     apply  34       145.1 ms HE    2 dec  from node 1  (seq 4)
2026-09-28T13:03:51.307096216Z     ·     vote   35    YES to node 1          (seq 5)
2026-09-28T13:03:51.381799101Z     ·     apply  35        71.7 ms HE    1 dec  from node 1  (seq 5)
2026-09-28T13:03:51.667730986Z     ·     apply  36       140.7 ms HE    2 dec  from node 1  (seq 6)
2026-09-28T13:03:51.762026330Z     ·     vote   39    YES to node 1          (seq 7)
2026-09-28T13:03:51.908979227Z     ·     apply  39       141.3 ms HE    2 dec  from node 1  (seq 7)
2026-09-28T13:03:51.991710847Z c1  s15  2pc    61        69.5 ms HE    1 dec  6 frames  + 6.1 ms peer-wait  (seq 1)
2026-09-28T13:03:52.135982264Z     ·     apply  30        69.3 ms HE    1 dec  from node 1  (seq 8)
2026-09-28T13:03:52.632533460Z c1  s23  2pc    65        69.4 ms HE    1 dec  6 frames  + 5.4 ms peer-wait  (seq 2)
2026-09-28T13:03:52.775348681Z c1  s24  notify 66        69.4 ms HE    1 dec  3 frames  + 1.3 ms peer-wait  (seq 3)
2026-09-28T13:03:53.777782721Z     ·     vote   31    YES to node 1          (seq 9)
2026-09-28T13:03:53.851427000Z     ·     apply  31        69.7 ms HE    1 dec  from node 1  (seq 9)
2026-09-28T13:03:53.926101471Z     ·     apply  32        69.7 ms HE    1 dec  from node 1  (seq 10)
2026-09-28T13:03:54.073389428Z     ·     vote   35    YES to node 1          (seq 11)
2026-09-28T13:03:54.147552555Z     ·     apply  35        69.6 ms HE    1 dec  from node 1  (seq 11)
2026-09-28T13:03:54.223127456Z     ·     apply  36        69.9 ms HE    1 dec  from node 1  (seq 12)
2026-09-28T13:03:54.376052306Z c1  s35  2pc    61        69.8 ms HE    1 dec  6 frames  + 6.5 ms peer-wait  (seq 4)
2026-09-28T13:03:54.535737285Z     ·     vote   33    YES to node 1          (seq 13)
2026-09-28T13:03:54.608544364Z     ·     apply  33        69.9 ms HE    1 dec  from node 1  (seq 13)
2026-09-28T13:03:54.986282805Z     ·     apply  34        69.8 ms HE    1 dec  from node 1  (seq 14)
2026-09-28T13:03:55.131857644Z     ·     vote   37    YES to node 1          (seq 15)
2026-09-28T13:03:55.206759924Z     ·     apply  37        69.6 ms HE    1 dec  from node 1  (seq 15)
2026-09-28T13:03:55.285368574Z     ·     apply  38        70.1 ms HE    1 dec  from node 1  (seq 16)
2026-09-28T13:03:55.366760154Z c1  s42  2pc    63        70.0 ms HE    1 dec  6 frames  + 6.4 ms peer-wait  (seq 5)
2026-09-28T13:03:55.440695572Z c1  s43  notify 64        69.6 ms HE    1 dec  3 frames  + 1.6 ms peer-wait  (seq 6)
2026-09-28T13:03:55.440796620Z -- cycle 1/5 done at 5220.7 ms --
2026-09-28T13:03:55.440933185Z 
2026-09-28T13:03:55.440950894Z -- cycle 2/5 --
2026-09-28T13:03:55.446275037Z     ·     vote   31    YES to node 1          (seq 17)
2026-09-28T13:03:55.521500972Z     ·     apply  31        69.9 ms HE    1 dec  from node 1  (seq 17)
2026-09-28T13:03:55.899277330Z     ·     apply  32        69.8 ms HE    1 dec  from node 1  (seq 18)
2026-09-28T13:03:56.282539309Z     ·     vote   33    YES to node 1          (seq 19)
2026-09-28T13:03:56.354892171Z     ·     apply  33        70.1 ms HE    1 dec  from node 1  (seq 19)
2026-09-28T13:04:09.017488233Z     ·     apply  34        70.5 ms HE    1 dec  from node 1  (seq 20)
2026-09-28T13:04:09.024029058Z     ·     vote   35    YES to node 1          (seq 21)
2026-09-28T13:04:09.097627214Z     ·     apply  35        69.9 ms HE    1 dec  from node 1  (seq 21)
2026-09-28T13:03:58.296793902Z     ·     apply  36        69.3 ms HE    1 dec  from node 1  (seq 22)
2026-09-28T13:03:58.607060912Z     ·     vote   39    YES to node 1          (seq 23)
2026-09-28T13:04:00.105731407Z     ·     vote   39    YES to node 1          (seq 23)
2026-09-28T13:04:00.179282441Z     ·     apply  39        69.9 ms HE    1 dec  from node 1  (seq 23)
2026-09-28T13:04:00.260650210Z c2  s15  2pc    61        69.5 ms HE    1 dec  6 frames  + 5.1 ms peer-wait  (seq 7)
2026-09-28T13:04:00.336412000Z     ·     apply  30        69.8 ms HE    1 dec  from node 1  (seq 24)
2026-09-28T13:04:00.833863526Z c2  s23  2pc    65        69.6 ms HE    1 dec  6 frames  + 5.3 ms peer-wait  (seq 8)
2026-09-28T13:04:00.907966024Z c2  s24  notify 66        69.4 ms HE    1 dec  3 frames  + 1.6 ms peer-wait  (seq 9)
2026-09-28T13:04:00.915522834Z     ·     vote   31    YES to node 1          (seq 25)
2026-09-28T13:04:00.989293773Z     ·     apply  31        70.8 ms HE    1 dec  from node 1  (seq 25)
2026-09-28T13:04:01.064554924Z     ·     apply  32        69.5 ms HE    1 dec  from node 1  (seq 26)
2026-09-28T13:04:01.210596887Z     ·     vote   35    YES to node 1          (seq 27)
2026-09-28T13:04:01.283084413Z     ·     apply  35        70.0 ms HE    1 dec  from node 1  (seq 27)
2026-09-28T13:04:01.359792655Z     ·     apply  36        69.8 ms HE    1 dec  from node 1  (seq 28)
2026-09-28T13:04:01.441463669Z c2  s35  2pc    61        69.8 ms HE    1 dec  6 frames  + 4.7 ms peer-wait  (seq 10)
2026-09-28T13:04:02.864224002Z     ·     vote   33    YES to node 1          (seq 29)
2026-09-28T13:04:02.937211167Z     ·     apply  33        69.9 ms HE    1 dec  from node 1  (seq 29)
2026-09-28T13:04:14.029095587Z     ·     apply  34        69.8 ms HE    1 dec  from node 1  (seq 30)
2026-09-28T13:04:14.179035511Z     ·     vote   37    YES to node 1          (seq 31)
2026-09-28T13:04:14.252332324Z     ·     apply  37        70.0 ms HE    1 dec  from node 1  (seq 31)
2026-09-28T13:04:15.828749858Z     ·     apply  38        69.9 ms HE    1 dec  from node 1  (seq 32)
2026-09-28T13:04:15.910239484Z c2  s42  2pc    63        69.8 ms HE    1 dec  6 frames  + 6.3 ms peer-wait  (seq 11)
2026-09-28T13:04:15.987384235Z c2  s43  notify 64        70.1 ms HE    1 dec  3 frames  + 1.6 ms peer-wait  (seq 12)
2026-09-28T13:04:15.987502592Z -- cycle 2/5 done at 14753.6 ms --
2026-09-28T13:04:15.987524502Z 
2026-09-28T13:04:15.987536108Z -- cycle 3/5 --
2026-09-28T13:04:15.996090194Z     ·     vote   31    YES to node 1          (seq 33)
2026-09-28T13:04:16.069395111Z     ·     apply  31        69.9 ms HE    1 dec  from node 1  (seq 33)
2026-09-28T13:04:16.146331963Z     ·     apply  32        70.0 ms HE    1 dec  from node 1  (seq 34)
2026-09-28T13:04:16.291775539Z     ·     vote   33    YES to node 1          (seq 35)
2026-09-28T13:04:16.364559007Z     ·     apply  33        69.8 ms HE    1 dec  from node 1  (seq 35)
2026-09-28T13:04:17.938974784Z     ·     apply  34        69.9 ms HE    1 dec  from node 1  (seq 36)
2026-09-28T13:04:17.944295726Z     ·     vote   35    YES to node 1          (seq 37)
2026-09-28T13:04:19.445037610Z     ·     vote   35    YES to node 1          (seq 37)
2026-09-28T13:04:20.945833621Z     ·     vote   35    YES to node 1          (seq 37)
2026-09-28T13:04:21.017587196Z     ·     apply  35        69.7 ms HE    1 dec  from node 1  (seq 37)
2026-09-28T13:04:21.233659011Z     ·     apply  36        69.7 ms HE    1 dec  from node 1  (seq 38)
2026-09-28T13:04:21.239320615Z     ·     vote   39    YES to node 1          (seq 39)
2026-09-28T13:04:21.315768634Z     ·     apply  39        70.0 ms HE    1 dec  from node 1  (seq 39)
2026-09-28T13:04:21.394115859Z c3  s15  2pc    61        69.6 ms HE    1 dec  6 frames  + 5.1 ms peer-wait  (seq 13)
2026-09-28T13:04:21.469446343Z     ·     apply  30        69.7 ms HE    1 dec  from node 1  (seq 40)
2026-09-28T13:04:21.968571669Z c3  s23  2pc    65        69.8 ms HE    1 dec  6 frames  + 5.6 ms peer-wait  (seq 14)
2026-09-28T13:04:22.042620941Z c3  s24  notify 66        69.7 ms HE    1 dec  3 frames  + 1.7 ms peer-wait  (seq 15)
2026-09-28T13:04:22.048192102Z     ·     vote   31    YES to node 1          (seq 41)
2026-09-28T13:04:22.121062011Z     ·     apply  31        69.6 ms HE    1 dec  from node 1  (seq 41)
2026-09-28T13:04:22.199188131Z     ·     apply  32        69.7 ms HE    1 dec  from node 1  (seq 42)
2026-09-28T13:04:22.347323894Z     ·     vote   35    YES to node 1          (seq 43)
2026-09-28T13:04:22.420357381Z     ·     apply  35        70.2 ms HE    1 dec  from node 1  (seq 43)
2026-09-28T13:04:22.498794849Z     ·     apply  36        70.2 ms HE    1 dec  from node 1  (seq 44)
2026-09-28T13:04:24.077889262Z c3  s35  2pc    61        69.5 ms HE    1 dec  6 frames  + 1507.1 ms peer-wait  (seq 16)
2026-09-28T13:04:24.083020513Z     ·     vote   33    YES to node 1          (seq 45)
2026-09-28T13:04:24.155127958Z     ·     apply  33        69.5 ms HE    1 dec  from node 1  (seq 45)
2026-09-28T13:04:24.231222007Z     ·     apply  34        69.9 ms HE    1 dec  from node 1  (seq 46)
2026-09-28T13:04:24.378611713Z     ·     vote   37    YES to node 1          (seq 47)
2026-09-28T13:04:24.453849653Z     ·     apply  37        69.9 ms HE    1 dec  from node 1  (seq 47)
2026-09-28T13:04:26.030376739Z     ·     apply  38        70.0 ms HE    1 dec  from node 1  (seq 48)
2026-09-28T13:04:26.109084236Z c3  s42  2pc    63        69.3 ms HE    1 dec  6 frames  + 4.8 ms peer-wait  (seq 17)
2026-09-28T13:04:26.185116556Z c3  s43  notify 64        69.5 ms HE    1 dec  3 frames  + 1.5 ms peer-wait  (seq 18)
2026-09-28T13:04:26.185168781Z -- cycle 3/5 done at 24951.8 ms --
2026-09-28T13:04:26.185185189Z 
2026-09-28T13:04:26.185196694Z -- cycle 4/5 --
2026-09-28T13:04:26.191449881Z     ·     vote   31    YES to node 1          (seq 49)
2026-09-28T13:04:26.267111924Z     ·     apply  31        69.8 ms HE    1 dec  from node 1  (seq 49)
2026-09-28T13:04:26.643600468Z     ·     apply  32        70.0 ms HE    1 dec  from node 1  (seq 50)
2026-09-28T13:04:26.789090466Z     ·     vote   33    YES to node 1          (seq 51)
2026-09-28T13:04:26.866025217Z     ·     apply  33        69.8 ms HE    1 dec  from node 1  (seq 51)
2026-09-28T13:04:26.943039206Z     ·     apply  34        69.7 ms HE    1 dec  from node 1  (seq 52)
2026-09-28T13:04:26.948684002Z     ·     vote   35    YES to node 1          (seq 53)
2026-09-28T13:04:27.022098671Z     ·     apply  35        69.8 ms HE    1 dec  from node 1  (seq 53)
2026-09-28T13:04:27.239069615Z     ·     apply  36        70.0 ms HE    1 dec  from node 1  (seq 54)
2026-09-28T13:04:27.245125808Z     ·     vote   39    YES to node 1          (seq 55)
2026-09-28T13:04:27.319717640Z     ·     apply  39        69.8 ms HE    1 dec  from node 1  (seq 55)
2026-09-28T13:04:27.401138934Z c4  s15  2pc    61        71.0 ms HE    1 dec  6 frames  + 5.1 ms peer-wait  (seq 19)
2026-09-28T13:04:27.477012377Z     ·     apply  30        69.9 ms HE    1 dec  from node 1  (seq 56)
2026-09-28T13:04:18.457901296Z c4  s23  2pc    65        69.8 ms HE    1 dec  6 frames  + 1506.9 ms peer-wait  (seq 20)
2026-09-28T13:04:18.599004600Z c4  s24  notify 66        69.4 ms HE    1 dec  3 frames  + 1.2 ms peer-wait  (seq 21)
2026-09-28T13:04:18.605741818Z     ·     vote   31    YES to node 1          (seq 57)
2026-09-28T13:04:18.677400948Z     ·     apply  31        69.4 ms HE    1 dec  from node 1  (seq 57)
2026-09-28T13:04:18.753696594Z     ·     apply  32        69.3 ms HE    1 dec  from node 1  (seq 58)
2026-09-28T13:04:18.895808179Z     ·     vote   35    YES to node 1          (seq 59)
2026-09-28T13:04:20.400278144Z     ·     vote   35    YES to node 1          (seq 59)
2026-09-28T13:04:20.473103031Z     ·     apply  35        69.9 ms HE    1 dec  from node 1  (seq 59)
2026-09-28T13:04:20.549859497Z     ·     apply  36        69.8 ms HE    1 dec  from node 1  (seq 60)
2026-09-28T13:04:20.631605446Z c4  s35  2pc    61        69.7 ms HE    1 dec  6 frames  + 6.9 ms peer-wait  (seq 22)
2026-09-28T13:04:20.639668397Z     ·     vote   33    YES to node 1          (seq 61)
2026-09-28T13:04:20.712466272Z     ·     apply  33        70.0 ms HE    1 dec  from node 1  (seq 61)
2026-09-28T13:04:20.788511698Z     ·     apply  34        69.8 ms HE    1 dec  from node 1  (seq 62)
2026-09-28T13:04:20.935092217Z     ·     vote   37    YES to node 1          (seq 63)
2026-09-28T13:04:21.008419745Z     ·     apply  37        69.9 ms HE    1 dec  from node 1  (seq 63)
2026-09-28T13:04:21.085096172Z     ·     apply  38        69.7 ms HE    1 dec  from node 1  (seq 64)
2026-09-28T13:04:21.166829715Z c4  s42  2pc    63        69.7 ms HE    1 dec  6 frames  + 6.2 ms peer-wait  (seq 23)
2026-09-28T13:04:21.243743056Z c4  s43  notify 64        69.8 ms HE    1 dec  3 frames  + 2.0 ms peer-wait  (seq 24)
2026-09-28T13:04:21.243980469Z -- cycle 4/5 done at 31031.9 ms --
2026-09-28T13:04:21.244018087Z 
2026-09-28T13:04:21.244029693Z -- cycle 5/5 --
2026-09-28T13:04:21.248924631Z     ·     vote   31    YES to node 1          (seq 65)
2026-09-28T13:04:21.324465016Z     ·     apply  31        70.0 ms HE    1 dec  from node 1  (seq 65)
2026-09-28T13:04:21.400183985Z     ·     apply  32        69.9 ms HE    1 dec  from node 1  (seq 66)
2026-09-28T13:04:21.548989168Z     ·     vote   33    YES to node 1          (seq 67)
2026-09-28T13:04:21.622706081Z     ·     apply  33        70.0 ms HE    1 dec  from node 1  (seq 67)
2026-09-28T13:04:21.998168635Z     ·     apply  34        69.7 ms HE    1 dec  from node 1  (seq 68)
2026-09-28T13:04:22.003937390Z     ·     vote   35    YES to node 1          (seq 69)
2026-09-28T13:04:23.639870938Z     ·     apply  35        69.3 ms HE    1 dec  from node 1  (seq 69)
2026-09-28T13:04:25.142010590Z     ·     apply  36        70.0 ms HE    1 dec  from node 1  (seq 70)
2026-09-28T13:04:25.147484905Z     ·     vote   39    YES to node 1          (seq 71)
2026-09-28T13:04:25.223687706Z     ·     apply  39        69.8 ms HE    1 dec  from node 1  (seq 71)
2026-09-28T13:04:25.302735266Z c5  s15  2pc    61        69.6 ms HE    1 dec  6 frames  + 5.1 ms peer-wait  (seq 25)
2026-09-28T13:04:25.380691805Z     ·     apply  30        69.9 ms HE    1 dec  from node 1  (seq 72)
2026-09-28T13:04:25.880570290Z c5  s23  2pc    65        69.6 ms HE    1 dec  6 frames  + 6.4 ms peer-wait  (seq 26)
2026-09-28T13:04:25.957087741Z c5  s24  notify 66        69.7 ms HE    1 dec  3 frames  + 1.9 ms peer-wait  (seq 27)
2026-09-28T13:04:25.965058249Z     ·     vote   31    YES to node 1          (seq 73)
2026-09-28T13:04:27.464491208Z     ·     vote   31    YES to node 1          (seq 73)
2026-09-28T13:04:27.539121958Z     ·     apply  31        69.8 ms HE    1 dec  from node 1  (seq 73)
2026-09-28T13:04:27.614703862Z     ·     apply  32        69.8 ms HE    1 dec  from node 1  (seq 74)
2026-09-28T13:04:27.759419091Z     ·     vote   35    YES to node 1          (seq 75)
2026-09-28T13:04:27.831706322Z     ·     apply  35        69.4 ms HE    1 dec  from node 1  (seq 75)
2026-09-28T13:04:29.421299978Z     ·     apply  36        69.9 ms HE    1 dec  from node 1  (seq 76)
2026-09-28T13:04:29.501951004Z c5  s35  2pc    61        70.2 ms HE    1 dec  6 frames  + 6.2 ms peer-wait  (seq 28)
2026-09-28T13:04:29.506916676Z     ·     vote   33    YES to node 1          (seq 77)
2026-09-28T13:04:29.582268070Z     ·     apply  33        69.7 ms HE    1 dec  from node 1  (seq 77)
2026-09-28T13:04:29.660103051Z     ·     apply  34        69.9 ms HE    1 dec  from node 1  (seq 78)
2026-09-28T13:04:29.805678190Z     ·     vote   37    YES to node 1          (seq 79)
2026-09-28T13:04:29.878117193Z     ·     apply  37        70.1 ms HE    1 dec  from node 1  (seq 79)
2026-09-28T13:04:29.955607909Z     ·     apply  38        69.7 ms HE    1 dec  from node 1  (seq 80)
2026-09-28T13:04:30.036589193Z c5  s42  2pc    63        69.8 ms HE    1 dec  6 frames  + 7.2 ms peer-wait  (seq 29)
2026-09-28T13:04:30.113478822Z c5  s43  notify 64        69.6 ms HE    1 dec  3 frames  + 1.7 ms peer-wait  (seq 30)
2026-09-28T13:04:30.113569666Z -- cycle 5/5 done at 39897.1 ms --
2026-09-28T13:04:30.113585073Z 
2026-09-28T13:04:30.113595078Z ============================================================
2026-09-28T13:04:30.113604282Z   SUMMARY — node 5/7 — LOCAL MODULAR — UDP/IP multicast (RFC 1112)
2026-09-28T13:04:30.113615988Z ============================================================
2026-09-28T13:04:30.113626393Z   events this node FIRED:
2026-09-28T13:04:30.113735945Z   local (no network)           (none on this node)
2026-09-28T13:04:30.113764459Z   shared controllable    n=20   avg   225.81 ms  (HE   69.75 + net  155.91)  min   74.19  max  1576.69   86.3%
2026-09-28T13:04:30.113776464Z   shared uncontroll.     n=10   avg    71.44 ms  (HE   69.63 + net    1.63)  min   70.67  max    71.97   13.7%
2026-09-28T13:04:30.113837594Z   events this node APPLIED for a peer (participant side):
2026-09-28T13:04:30.113852601Z   shared, applied        n=80   avg    73.61 ms  (HE   73.61 + net    0.00)  min   69.27  max   145.08
2026-09-28T13:04:30.113863406Z   sync-wait (peers reaching a shared step): n=30 avg 79.84 ms, 2.4 s total
2026-09-28T13:04:30.113873011Z      not protocol cost — the plant catching up; kept out of the rows above
2026-09-28T13:04:30.113883315Z   run clock, end of cycles 1..5 (ms): 5220.7 14753.6 24951.8 31031.9 39897.1
2026-09-28T13:04:30.113892320Z      a cycle is over at the LATEST node's value; DES_WORK_MS 0 included
2026-09-28T13:04:30.113901324Z   ----------------------------------------------------------
2026-09-28T13:04:30.113910829Z   all events            n=30   avg   174.35 ms  (HE   69.71 + net  104.48)
2026-09-28T13:04:30.113920233Z   PEER-WAIT + WIRE      59.9 % of total step time
2026-09-28T13:04:30.113929337Z      (compare against the round-trip probe above: the excess is
2026-09-28T13:04:30.113938742Z       the peer's own HE work, not the link.)
2026-09-28T13:04:30.113947346Z   frames: tx=377 rx=2032 retransmits=2
2026-09-28T13:04:30.113957251Z   authentication: HMAC-SHA256/128, 2.7 us per frame; 0 rejected (bad tag), 0 stale/replayed dropped, 6 epoch challenges
2026-09-28T13:04:30.113968256Z   rx queue: peak 10/64 frames
2026-09-28T13:04:30.113979661Z   plant check: 0 event reports rejected as physically impossible
2026-09-28T13:04:30.113988966Z      (these supervisors carry the plant: an impossible uncontrollable event is caught)
2026-09-28T13:04:30.113998070Z   injected frame loss: 1 %
2026-09-28T13:04:30.114006574Z   ----------------------------------------------------------
2026-09-28T13:04:30.114015779Z   homomorphic vs cleartext oracle : PASS — every encrypted bit matched
2026-09-28T13:04:30.114027084Z      (PASS certifies the cryptography: each node's encrypted bits
2026-09-28T13:04:30.114037689Z       match its own clear model for the events it applied. It does
2026-09-28T13:04:30.114055098Z       not certify the distributed run — read the skips for that.)
2026-09-28T13:04:30.114066103Z   distributed vs MONOLITHIC sup.  : off — this header has no monolithic supervisor
2026-09-28T13:04:30.114076408Z   safe halt                       : no — ran to completion
2026-09-28T13:04:30.114086513Z ============================================================
2026-09-28T13:04:40.103299601Z @@RESULT {"node":5,"nodes":7,"family":"LOCAL MODULAR","data":"supervisor_data_fms.h","transport":"UDP/IP multicast (RFC 1112)","fingerprint":"04511541","supervisors":["S4"],"fired":{"local":0,"ctrl":20,"unctrl":10},"applied_for_peers":80,"skips":0,"impossible":0,"tx":377,"rx":2032,"retx":2,"auth_bad":0,"replays":0,"challenges":6,"mac_us":2.74,"rxq_peak":10,"rxq_drops":0,"sync_wait_ms":2395.1,"oracle":"PASS","safe_halt":false,"halt_reason":"","cycle_end_ms":[5220.7,14753.6,24951.8,31031.9,39897.1],"rounds":5,"work_ms":0,"emu_scalarmul_ms":69.0,"loss_pct":1,"loss_seed":1323852438,"exit":0}
