2026-09-28T00:12:54.363066183Z des_container: node 2 of 6, LOCAL MODULAR, data supervisor_data_fms.h, transport UDP/IP multicast (RFC 1112)
2026-09-28T00:12:54.363115589Z des_container: EMULATING the ESP32 — every decryption takes at least 69.0 ms (DES_EMU_SCALARMUL_MS)
2026-09-28T00:12:54.363120590Z 
2026-09-28T00:12:54.363122890Z ============================================================
2026-09-28T00:12:54.363124990Z   Distributed Homomorphic DES — generic engine
2026-09-28T00:12:54.363126991Z   node 2/6   family LOCAL MODULAR   7 supervisors   31 events
2026-09-28T00:12:54.363129091Z   data: supervisor_data_fms.h
2026-09-28T00:12:54.363131191Z ============================================================
2026-09-28T00:12:54.363894387Z --- event routing (DERIVED from the header, not hardcoded) ---
2026-09-28T00:12:54.363908589Z   event  ctrl  nodes      owner  class
2026-09-28T00:12:54.363910689Z   11     yes   1          1      local — no network
2026-09-28T00:12:54.363912989Z   12     no    1          1      local — no network
2026-09-28T00:12:54.363914890Z   21     yes   1          1      local — no network
2026-09-28T00:12:54.363917090Z   22     no    1          1      local — no network
2026-09-28T00:12:54.363919190Z   30     no    1 2 3 4 5 6  1      SHARED — needs network
2026-09-28T00:12:54.363921090Z   31     yes   1 2 3 4 5 6  1      SHARED — needs network
2026-09-28T00:12:54.363923191Z   32     no    1 2 3 4 5 6  1      SHARED — needs network
2026-09-28T00:12:54.363925291Z   33     yes   1 2 3 4 5 6  1      SHARED — needs network
2026-09-28T00:12:54.363927391Z   34     no    1 2 3 4 5 6  1      SHARED — needs network
2026-09-28T00:12:54.363929592Z   35     yes   1 2 3 4 5 6  1      SHARED — needs network
2026-09-28T00:12:54.363931692Z   36     no    1 2 3 4 5 6  1      SHARED — needs network
2026-09-28T00:12:54.363933992Z   37     yes   1 2 3 4 5 6  1      SHARED — needs network
2026-09-28T00:12:54.363936592Z   38     no    1 2 3 4 5 6  1      SHARED — needs network
2026-09-28T00:12:54.363937893Z   39     yes   1 2 3 4 5 6  1      SHARED — needs network
2026-09-28T00:12:54.363939193Z   41     yes   2          2      local — no network
2026-09-28T00:12:54.363940493Z   42     no    2          2      local — no network
2026-09-28T00:12:54.363941693Z   51     yes   3          3      local — no network
2026-09-28T00:12:54.363943393Z   52     no    3          3      local — no network
2026-09-28T00:12:54.363944693Z   53     yes   3          3      local — no network
2026-09-28T00:12:54.363948994Z   54     no    3          3      local — no network
2026-09-28T00:12:54.363951294Z   61     yes   4 5 6      4      SHARED — needs network
2026-09-28T00:12:54.363952894Z   63     yes   4 5 6      4      SHARED — needs network
2026-09-28T00:12:54.363954995Z   64     no    4 5 6      4      SHARED — needs network
2026-09-28T00:12:54.363968096Z   65     yes   4 5 6      4      SHARED — needs network
2026-09-28T00:12:54.363970997Z   66     no    4 5 6      4      SHARED — needs network
2026-09-28T00:12:54.363973097Z   71     yes   6          6      local — no network
2026-09-28T00:12:54.363975197Z   72     no    6          6      local — no network
2026-09-28T00:12:54.363977297Z   73     yes   6          6      local — no network
2026-09-28T00:12:54.363979198Z   74     no    6          6      local — no network
2026-09-28T00:12:54.363981098Z   81     yes   6          6      local — no network
2026-09-28T00:12:54.363983098Z   82     no    6          6      local — no network
2026-09-28T00:12:54.363985299Z   => 15/31 events shared; 16/31 need ZERO network traffic; 12 concern this node
2026-09-28T00:12:54.363987599Z   NOTE controllability was INFERRED from event labels (the header
2026-09-28T00:12:54.363990599Z        does not carry it). Check the 'ctrl' column above; if it is
2026-09-28T00:12:54.363992799Z        wrong, set DES_CONTROLLABLE_MASK explicitly.
2026-09-28T00:12:54.363994900Z 
2026-09-28T00:12:54.363996900Z [init] config fingerprint 8d540ec9 — every node must print the same
2026-09-28T00:12:54.363999100Z 
2026-09-28T00:12:54.364135417Z [net] UDP multicast 239.192.7.1:5077  ttl=1  frame=44 B
2026-09-28T00:12:54.364142918Z --- crypto self-test ---
2026-09-28T00:12:54.367213404Z   Enc(0)->0 Enc(1)->1                PASS
2026-09-28T00:12:54.369012730Z   Enc(1)+Enc(1)->1 homomorphic OR   PASS
2026-09-28T00:12:54.369286264Z   Enc(0)+Enc(0)->0                  PASS
2026-09-28T00:12:54.369295565Z   curve secp192r1, ciphertext 50 B    PASS
2026-09-28T00:12:54.369477288Z   frame tag HMAC-SHA256/128: 2.0 us, 1-bit tamper caught  PASS
2026-09-28T00:12:54.369485789Z 
2026-09-28T00:12:54.369488390Z --- encrypting my supervisors' initial states ---
2026-09-28T00:12:54.369490690Z [load] S2         idx 2   18 states  12 constraining ev     900 B ciphertext
2026-09-28T00:12:55.216824698Z [init] my keypair is mine alone; no ciphertext ever leaves this node
2026-09-28T00:12:55.216907408Z [init] my enablement: 11=1 12=1 21=1 22=1 30=0 31=1 32=0 33=1 34=0 35=0 36=0 37=1 38=0 39=1 41=0 42=0 51=1 52=1 53=1 54=1 61=1 63=1 64=1 65=1 66=1 71=1 72=1 73=1 74=1 81=1 82=1
2026-09-28T00:12:55.216923310Z 
2026-09-28T00:12:56.023355002Z [net] waiting for 5 peer(s).... all present.
2026-09-28T00:12:57.528597230Z 
2026-09-28T00:12:57.528655437Z ============================================================
2026-09-28T00:12:57.528666239Z   RUN — SIM_SEQ driver — 5 cycles x 44 steps — LOCAL MODULAR
2026-09-28T00:12:57.528674340Z   columns: cN sNN = cycle/step of MY walk; · = a peer caused this
2026-09-28T00:12:57.528711444Z   'done at': run clock, common to all nodes; a cycle is over at the
2026-09-28T00:12:57.528718445Z   LATEST node's print, machine time (DES_WORK_MS 0) included
2026-09-28T00:12:57.528724546Z ============================================================
2026-09-28T00:12:57.528730547Z 
2026-09-28T00:12:57.528736047Z -- cycle 1/5 --
2026-09-28T00:12:58.329687831Z     ·     vote   31    YES to node 1          (seq 1)
2026-09-28T00:12:58.403198562Z     ·     apply  31        70.0 ms HE    1 dec  from node 1  (seq 1)
2026-09-28T00:12:58.568171780Z     ·     apply  32        69.9 ms HE    1 dec  from node 1  (seq 2)
2026-09-28T00:12:58.640291736Z c1  s5   local  41        69.6 ms HE    1 dec  0 frames
2026-09-28T00:12:58.710288227Z c1  s7   local  42        69.7 ms HE    1 dec  0 frames
2026-09-28T00:12:58.788192410Z     ·     vote   33    YES to node 1          (seq 3)
2026-09-28T00:12:58.859891714Z     ·     apply  33        69.5 ms HE    1 dec  from node 1  (seq 3)
2026-09-28T00:12:59.020380968Z     ·     apply  34        69.7 ms HE    1 dec  from node 1  (seq 4)
2026-09-28T00:12:59.181253470Z     ·     vote   35    YES to node 1          (seq 5)
2026-09-28T00:12:59.256862965Z     ·     apply  35        69.6 ms HE    1 dec  from node 1  (seq 5)
2026-09-28T00:12:59.471626435Z     ·     apply  36        69.7 ms HE    1 dec  from node 1  (seq 6)
2026-09-28T00:12:59.630235853Z     ·     vote   39    YES to node 1          (seq 7)
2026-09-28T00:12:59.703053698Z     ·     apply  39        69.6 ms HE    1 dec  from node 1  (seq 7)
2026-09-28T00:13:00.002917155Z     ·     apply  30        69.8 ms HE    1 dec  from node 1  (seq 8)
2026-09-28T00:13:12.407095583Z     ·     vote   31    YES to node 1          (seq 9)
2026-09-28T00:13:00.792513274Z     ·     apply  31        69.3 ms HE    1 dec  from node 1  (seq 9)
2026-09-28T00:13:00.933626995Z     ·     apply  32        69.5 ms HE    1 dec  from node 1  (seq 10)
2026-09-28T00:13:01.006250915Z c1  s30  local  41        69.6 ms HE    1 dec  0 frames
2026-09-28T00:13:01.075672933Z c1  s31  local  42        69.6 ms HE    1 dec  0 frames
2026-09-28T00:13:01.079217178Z     ·     vote   35    YES to node 1          (seq 11)
2026-09-28T00:13:01.154341112Z     ·     apply  35        69.6 ms HE    1 dec  from node 1  (seq 11)
2026-09-28T00:13:01.295376723Z     ·     apply  36        69.7 ms HE    1 dec  from node 1  (seq 12)
2026-09-28T00:13:01.593569170Z     ·     vote   33    YES to node 1          (seq 13)
2026-09-28T00:13:01.667976714Z     ·     apply  33        69.7 ms HE    1 dec  from node 1  (seq 13)
2026-09-28T00:13:01.808349442Z     ·     apply  34        69.7 ms HE    1 dec  from node 1  (seq 14)
2026-09-28T00:13:01.954263566Z     ·     vote   37    YES to node 1          (seq 15)
2026-09-28T00:13:02.027291637Z     ·     apply  37        69.8 ms HE    1 dec  from node 1  (seq 15)
2026-09-28T00:13:02.168231636Z     ·     apply  38        69.8 ms HE    1 dec  from node 1  (seq 16)
2026-09-28T00:13:02.171497646Z -- cycle 1/5 done at 4224.7 ms --
2026-09-28T00:13:02.171579157Z 
2026-09-28T00:13:02.171591358Z -- cycle 2/5 --
2026-09-28T00:13:02.450913836Z     ·     vote   31    YES to node 1          (seq 17)
2026-09-28T00:13:02.527225219Z     ·     apply  31        70.1 ms HE    1 dec  from node 1  (seq 17)
2026-09-28T00:13:02.667758767Z     ·     apply  32        69.7 ms HE    1 dec  from node 1  (seq 18)
2026-09-28T00:13:02.740897152Z c2  s5   local  41        70.0 ms HE    1 dec  0 frames
2026-09-28T00:13:02.810530696Z c2  s7   local  42        69.5 ms HE    1 dec  0 frames
2026-09-28T00:13:02.813864115Z     ·     vote   33    YES to node 1          (seq 19)
2026-09-28T00:13:02.888062433Z     ·     apply  33        69.5 ms HE    1 dec  from node 1  (seq 19)
2026-09-28T00:13:03.030614734Z     ·     apply  34        69.8 ms HE    1 dec  from node 1  (seq 20)
2026-09-28T00:13:03.100592822Z     ·     vote   35    YES to node 1          (seq 21)
2026-09-28T00:13:03.176156711Z     ·     apply  35        70.0 ms HE    1 dec  from node 1  (seq 21)
2026-09-28T00:13:03.391354536Z     ·     apply  36        69.8 ms HE    1 dec  from node 1  (seq 22)
2026-09-28T00:13:03.461832386Z     ·     vote   39    YES to node 1          (seq 23)
2026-09-28T00:13:03.536900514Z     ·     apply  39        69.8 ms HE    1 dec  from node 1  (seq 23)
2026-09-28T00:13:03.687945982Z     ·     apply  30        69.8 ms HE    1 dec  from node 1  (seq 24)
2026-09-28T00:13:04.272834132Z     ·     vote   31    YES to node 1          (seq 25)
2026-09-28T00:13:04.346346764Z     ·     apply  31        69.4 ms HE    1 dec  from node 1  (seq 25)
2026-09-28T00:13:04.487382675Z     ·     apply  32        69.8 ms HE    1 dec  from node 1  (seq 26)
2026-09-28T00:13:04.559482129Z c2  s30  local  41        69.6 ms HE    1 dec  0 frames
2026-09-28T00:13:04.629427313Z c2  s31  local  42        69.7 ms HE    1 dec  0 frames
2026-09-28T00:13:04.632628315Z     ·     vote   35    YES to node 1          (seq 27)
2026-09-28T00:13:04.707502017Z     ·     apply  35        69.7 ms HE    1 dec  from node 1  (seq 27)
2026-09-28T00:13:04.851304776Z     ·     apply  36        70.4 ms HE    1 dec  from node 1  (seq 28)
2026-09-28T00:13:04.992908959Z     ·     vote   33    YES to node 1          (seq 29)
2026-09-28T00:13:05.064740379Z     ·     apply  33        69.5 ms HE    1 dec  from node 1  (seq 29)
2026-09-28T00:13:05.206555989Z     ·     apply  34        69.9 ms HE    1 dec  from node 1  (seq 30)
2026-09-28T00:13:05.352808755Z     ·     vote   37    YES to node 1          (seq 31)
2026-09-28T00:13:05.425105634Z     ·     apply  37        70.0 ms HE    1 dec  from node 1  (seq 31)
2026-09-28T00:13:17.254498458Z     ·     apply  38        69.9 ms HE    1 dec  from node 1  (seq 32)
2026-09-28T00:13:17.256140465Z -- cycle 2/5 done at 7622.5 ms --
2026-09-28T00:13:17.256183770Z 
2026-09-28T00:13:17.256199372Z -- cycle 3/5 --
2026-09-28T00:13:05.851267090Z     ·     vote   31    YES to node 1          (seq 33)
2026-09-28T00:13:05.926870584Z     ·     apply  31        70.0 ms HE    1 dec  from node 1  (seq 33)
2026-09-28T00:13:06.067964803Z     ·     apply  32        69.7 ms HE    1 dec  from node 1  (seq 34)
2026-09-28T00:13:06.140158669Z c3  s5   local  41        69.8 ms HE    1 dec  0 frames
2026-09-28T00:13:06.209975037Z c3  s7   local  42        69.7 ms HE    1 dec  0 frames
2026-09-28T00:13:06.213305855Z     ·     vote   33    YES to node 1          (seq 35)
2026-09-28T00:13:06.286317424Z     ·     apply  33        69.9 ms HE    1 dec  from node 1  (seq 35)
2026-09-28T00:13:06.429379589Z     ·     apply  34        69.8 ms HE    1 dec  from node 1  (seq 36)
2026-09-28T00:13:06.499778730Z     ·     vote   35    YES to node 1          (seq 37)
2026-09-28T00:13:06.575588050Z     ·     apply  35        69.8 ms HE    1 dec  from node 1  (seq 37)
2026-09-28T00:13:06.792005628Z     ·     apply  36        69.9 ms HE    1 dec  from node 1  (seq 38)
2026-09-28T00:13:06.862469577Z     ·     vote   39    YES to node 1          (seq 39)
2026-09-28T00:13:06.934750954Z     ·     apply  39        69.7 ms HE    1 dec  from node 1  (seq 39)
2026-09-28T00:13:07.092012603Z     ·     apply  30        69.6 ms HE    1 dec  from node 1  (seq 40)
2026-09-28T00:13:07.675500977Z     ·     vote   31    YES to node 1          (seq 41)
2026-09-28T00:13:07.750709422Z     ·     apply  31        69.8 ms HE    1 dec  from node 1  (seq 41)
2026-09-28T00:13:07.893530357Z     ·     apply  32        70.1 ms HE    1 dec  from node 1  (seq 42)
2026-09-28T00:13:07.965886544Z c3  s30  local  41        69.7 ms HE    1 dec  0 frames
2026-09-28T00:13:08.036025352Z c3  s31  local  42        70.0 ms HE    1 dec  0 frames
2026-09-28T00:13:08.039660408Z     ·     vote   35    YES to node 1          (seq 43)
2026-09-28T00:13:08.112704681Z     ·     apply  35        70.1 ms HE    1 dec  from node 1  (seq 43)
2026-09-28T00:13:08.256540244Z     ·     apply  36        69.9 ms HE    1 dec  from node 1  (seq 44)
2026-09-28T00:13:08.396741750Z     ·     vote   33    YES to node 1          (seq 45)
2026-09-28T00:13:08.469319565Z     ·     apply  33        69.9 ms HE    1 dec  from node 1  (seq 45)
2026-09-28T00:13:08.614160754Z     ·     apply  34        70.0 ms HE    1 dec  from node 1  (seq 46)
2026-09-28T00:13:08.762537687Z     ·     vote   37    YES to node 1          (seq 47)
2026-09-28T00:13:08.835578059Z     ·     apply  37        70.0 ms HE    1 dec  from node 1  (seq 47)
2026-09-28T00:13:08.977396069Z     ·     apply  38        69.7 ms HE    1 dec  from node 1  (seq 48)
2026-09-28T00:13:08.979695058Z -- cycle 3/5 done at 11030.3 ms --
2026-09-28T00:13:08.979706859Z 
2026-09-28T00:13:08.979713560Z -- cycle 4/5 --
2026-09-28T00:13:09.260005759Z     ·     vote   31    YES to node 1          (seq 49)
2026-09-28T00:13:09.332843606Z     ·     apply  31        69.9 ms HE    1 dec  from node 1  (seq 49)
2026-09-28T00:13:09.474519898Z     ·     apply  32        69.9 ms HE    1 dec  from node 1  (seq 50)
2026-09-28T00:13:09.546476134Z c4  s5   local  41        69.5 ms HE    1 dec  0 frames
2026-09-28T00:13:09.616059272Z c4  s7   local  42        69.5 ms HE    1 dec  0 frames
2026-09-28T00:13:09.619230570Z     ·     vote   33    YES to node 1          (seq 51)
2026-09-28T00:13:09.694589634Z     ·     apply  33        69.9 ms HE    1 dec  from node 1  (seq 51)
2026-09-28T00:13:09.835832071Z     ·     apply  34        69.9 ms HE    1 dec  from node 1  (seq 52)
2026-09-28T00:13:09.909504623Z     ·     vote   35    YES to node 1          (seq 53)
2026-09-28T00:13:09.981660184Z     ·     apply  35        70.1 ms HE    1 dec  from node 1  (seq 53)
2026-09-28T00:13:10.196233330Z     ·     apply  36        69.7 ms HE    1 dec  from node 1  (seq 54)
2026-09-28T00:13:10.268502906Z     ·     vote   39    YES to node 1          (seq 55)
2026-09-28T00:13:10.340212011Z     ·     apply  39        69.9 ms HE    1 dec  from node 1  (seq 55)
2026-09-28T00:13:10.498248557Z     ·     apply  30        69.8 ms HE    1 dec  from node 1  (seq 56)
2026-09-28T00:13:11.066482255Z     ·     vote   31    YES to node 1          (seq 57)
2026-09-28T00:13:11.141580986Z     ·     apply  31        69.7 ms HE    1 dec  from node 1  (seq 57)
2026-09-28T00:13:11.285140214Z     ·     apply  32        69.8 ms HE    1 dec  from node 1  (seq 58)
2026-09-28T00:13:11.358593638Z c4  s30  local  41        69.7 ms HE    1 dec  0 frames
2026-09-28T00:13:11.425798578Z c4  s31  local  42        69.2 ms HE    1 dec  0 frames
2026-09-28T00:13:11.428180977Z     ·     vote   35    YES to node 1          (seq 59)
2026-09-28T00:13:11.502669231Z     ·     apply  35        69.6 ms HE    1 dec  from node 1  (seq 59)
2026-09-28T00:13:11.644706868Z     ·     apply  36        69.9 ms HE    1 dec  from node 1  (seq 60)
2026-09-28T00:13:11.787679823Z     ·     vote   33    YES to node 1          (seq 61)
2026-09-28T00:13:11.861284166Z     ·     apply  33        69.8 ms HE    1 dec  from node 1  (seq 61)
2026-09-28T00:13:12.002048143Z     ·     apply  34        69.9 ms HE    1 dec  from node 1  (seq 62)
2026-09-28T00:13:12.149430551Z     ·     vote   37    YES to node 1          (seq 63)
2026-09-28T00:13:12.221868548Z     ·     apply  37        69.7 ms HE    1 dec  from node 1  (seq 63)
2026-09-28T00:13:12.365370969Z     ·     apply  38        69.6 ms HE    1 dec  from node 1  (seq 64)
2026-09-28T00:13:12.367833278Z -- cycle 4/5 done at 14425.8 ms --
2026-09-28T00:13:12.367892486Z 
2026-09-28T00:13:12.367903587Z -- cycle 5/5 --
2026-09-28T00:13:12.645091996Z     ·     vote   31    YES to node 1          (seq 65)
2026-09-28T00:13:12.716682187Z     ·     apply  31        69.2 ms HE    1 dec  from node 1  (seq 65)
2026-09-28T00:13:12.856861490Z     ·     apply  32        69.4 ms HE    1 dec  from node 1  (seq 66)
2026-09-28T00:13:12.928386272Z c5  s5   local  41        69.2 ms HE    1 dec  0 frames
2026-09-28T00:13:12.997593463Z c5  s7   local  42        69.3 ms HE    1 dec  0 frames
2026-09-28T00:13:13.000022268Z     ·     vote   33    YES to node 1          (seq 67)
2026-09-28T00:13:13.074107272Z     ·     apply  33        69.3 ms HE    1 dec  from node 1  (seq 67)
2026-09-28T00:13:13.214362385Z     ·     apply  34        69.3 ms HE    1 dec  from node 1  (seq 68)
2026-09-28T00:13:13.284623008Z     ·     vote   35    YES to node 1          (seq 69)
2026-09-28T00:13:13.358809625Z     ·     apply  35        69.4 ms HE    1 dec  from node 1  (seq 69)
2026-09-28T00:13:13.575724565Z     ·     apply  36        69.9 ms HE    1 dec  from node 1  (seq 70)
2026-09-28T00:13:13.645346308Z     ·     vote   39    YES to node 1          (seq 71)
2026-09-28T00:13:13.720278218Z     ·     apply  39        69.7 ms HE    1 dec  from node 1  (seq 71)
2026-09-28T00:13:13.877256231Z     ·     apply  30        69.8 ms HE    1 dec  from node 1  (seq 72)
2026-09-28T00:13:14.459443742Z     ·     vote   31    YES to node 1          (seq 73)
2026-09-28T00:13:14.531893240Z     ·     apply  31        69.7 ms HE    1 dec  from node 1  (seq 73)
2026-09-28T00:13:14.675192136Z     ·     apply  32        69.8 ms HE    1 dec  from node 1  (seq 74)
2026-09-28T00:13:14.747160674Z c5  s30  local  41        69.7 ms HE    1 dec  0 frames
2026-09-28T00:13:14.817034348Z c5  s31  local  42        69.7 ms HE    1 dec  0 frames
2026-09-28T00:13:14.820158841Z     ·     vote   35    YES to node 1          (seq 75)
2026-09-28T00:13:14.896691452Z     ·     apply  35        69.4 ms HE    1 dec  from node 1  (seq 75)
2026-09-28T00:13:15.037279107Z     ·     apply  36        69.6 ms HE    1 dec  from node 1  (seq 76)
2026-09-28T00:13:15.178047684Z     ·     vote   33    YES to node 1          (seq 77)
2026-09-28T00:13:15.250550989Z     ·     apply  33        69.6 ms HE    1 dec  from node 1  (seq 77)
2026-09-28T00:13:15.394839609Z     ·     apply  34        70.1 ms HE    1 dec  from node 1  (seq 78)
2026-09-28T00:13:27.232780964Z     ·     vote   37    YES to node 1          (seq 79)
2026-09-28T00:13:27.308073219Z     ·     apply  37        69.6 ms HE    1 dec  from node 1  (seq 79)
2026-09-28T00:13:15.758981205Z     ·     apply  38        70.3 ms HE    1 dec  from node 1  (seq 80)
2026-09-28T00:13:15.761748652Z -- cycle 5/5 done at 17820.7 ms --
2026-09-28T00:13:15.761837063Z 
2026-09-28T00:13:15.761854666Z ============================================================
2026-09-28T00:13:15.761865467Z   SUMMARY — node 2/6 — LOCAL MODULAR — UDP/IP multicast (RFC 1112)
2026-09-28T00:13:15.761877168Z ============================================================
2026-09-28T00:13:15.761886369Z   events this node FIRED:
2026-09-28T00:13:15.761895771Z   local (no network)     n=20   avg    69.78 ms  (HE   69.62 + net    0.00)  min   69.30  max    70.23  100.0%
2026-09-28T00:13:15.761905272Z   shared controllable          (none on this node)
2026-09-28T00:13:15.761915573Z   shared uncontroll.           (none on this node)
2026-09-28T00:13:15.761924774Z   events this node APPLIED for a peer (participant side):
2026-09-28T00:13:15.761934276Z   shared, applied        n=80   avg    69.76 ms  (HE   69.76 + net    0.00)  min   69.25  max    70.36
2026-09-28T00:13:15.761944577Z   run clock, end of cycles 1..5 (ms): 4224.7 7622.5 11030.3 14425.8 17820.7
2026-09-28T00:13:15.761954878Z      a cycle is over at the LATEST node's value; DES_WORK_MS 0 included
2026-09-28T00:13:15.761965379Z   ----------------------------------------------------------
2026-09-28T00:13:15.761975481Z   all events            n=20   avg    69.78 ms  (HE   69.62 + net    0.00)
2026-09-28T00:13:15.761985182Z   PEER-WAIT + WIRE      0.0 % of total step time
2026-09-28T00:13:15.761993883Z      (compare against the round-trip probe above: the excess is
2026-09-28T00:13:15.762003284Z       the peer's own HE work, not the link.)
2026-09-28T00:13:15.762011885Z   frames: tx=247 rx=1321 retransmits=0
2026-09-28T00:13:15.762020486Z   authentication: HMAC-SHA256/128, 2.0 us per frame; 0 rejected (bad tag), 0 stale/replayed dropped, 5 epoch challenges
2026-09-28T00:13:15.762029587Z   rx queue: peak 6/64 frames
2026-09-28T00:13:15.762039289Z   plant check: 0 event reports rejected as physically impossible
2026-09-28T00:13:15.762050090Z      (these supervisors carry the plant: an impossible uncontrollable event is caught)
2026-09-28T00:13:15.762060591Z   ----------------------------------------------------------
2026-09-28T00:13:15.762167405Z   homomorphic vs cleartext oracle : PASS — every encrypted bit matched
2026-09-28T00:13:15.762183507Z      (PASS certifies the cryptography: each node's encrypted bits
2026-09-28T00:13:15.762193608Z       match its own clear model for the events it applied. It does
2026-09-28T00:13:15.762202709Z       not certify the distributed run — read the skips for that.)
2026-09-28T00:13:15.762212410Z   distributed vs MONOLITHIC sup.  : off — this header has no monolithic supervisor
2026-09-28T00:13:15.762221812Z   safe halt                       : no — ran to completion
2026-09-28T00:13:15.762232213Z ============================================================
2026-09-28T00:13:25.791626376Z @@RESULT {"node":2,"nodes":6,"family":"LOCAL MODULAR","data":"supervisor_data_fms.h","transport":"UDP/IP multicast (RFC 1112)","fingerprint":"8d540ec9","supervisors":["S2"],"fired":{"local":20,"ctrl":0,"unctrl":0},"applied_for_peers":80,"skips":0,"impossible":0,"tx":247,"rx":1334,"retx":0,"auth_bad":0,"replays":0,"challenges":5,"mac_us":2.01,"rxq_peak":7,"rxq_drops":0,"sync_wait_ms":0.0,"oracle":"PASS","safe_halt":false,"halt_reason":"","cycle_end_ms":[4224.7,7622.5,11030.3,14425.8,17820.7],"rounds":5,"work_ms":0,"emu_scalarmul_ms":69.0,"exit":0}
