des_container: node 1 of 7, LOCAL MODULAR, data supervisor_data_fms.h, transport UDP/IP multicast (RFC 1112)

============================================================
  Distributed Homomorphic DES — generic engine
  node 1/7   family LOCAL MODULAR   7 supervisors   31 events
  data: supervisor_data_fms.h
============================================================
--- event routing (DERIVED from the header, not hardcoded) ---
  event  ctrl  nodes      owner  class
  11     yes   1          1      local — no network
  12     no    1          1      local — no network
  21     yes   2          2      local — no network
  22     no    2          2      local — no network
  30     no    1 2 3 4 5 6 7  1      SHARED — needs network
  31     yes   1 2 3 4 5 6 7  1      SHARED — needs network
  32     no    1 2 3 4 5 6 7  1      SHARED — needs network
  33     yes   1 2 3 4 5 6 7  1      SHARED — needs network
  34     no    1 2 3 4 5 6 7  1      SHARED — needs network
  35     yes   1 2 3 4 5 6 7  1      SHARED — needs network
  36     no    1 2 3 4 5 6 7  1      SHARED — needs network
  37     yes   1 2 3 4 5 6 7  1      SHARED — needs network
  38     no    1 2 3 4 5 6 7  1      SHARED — needs network
  39     yes   1 2 3 4 5 6 7  1      SHARED — needs network
  41     yes   3          3      local — no network
  42     no    3          3      local — no network
  51     yes   4          4      local — no network
  52     no    4          4      local — no network
  53     yes   4          4      local — no network
  54     no    4          4      local — no network
  61     yes   5 6 7      5      SHARED — needs network
  63     yes   5 6 7      5      SHARED — needs network
  64     no    5 6 7      5      SHARED — needs network
  65     yes   5 6 7      5      SHARED — needs network
  66     no    5 6 7      5      SHARED — needs network
  71     yes   7          7      local — no network
  72     no    7          7      local — no network
  73     yes   7          7      local — no network
  74     no    7          7      local — no network
  81     yes   7          7      local — no network
  82     no    7          7      local — no network
  => 15/31 events shared; 16/31 need ZERO network traffic; 12 concern this node
  NOTE controllability was INFERRED from event labels (the header
       does not carry it). Check the 'ctrl' column above; if it is
       wrong, set DES_CONTROLLABLE_MASK explicitly.

[init] config fingerprint 04511541 — every node must print the same

[net] UDP multicast 239.192.7.1:5077  ttl=1  frame=44 B
--- crypto self-test ---
  Enc(0)->0 Enc(1)->1                PASS
  Enc(1)+Enc(1)->1 homomorphic OR   PASS
  Enc(0)+Enc(0)->0                  PASS
  curve secp192r1, ciphertext 50 B    PASS
  frame tag HMAC-SHA256/128: 2.2 us, 1-bit tamper caught  PASS

--- encrypting my supervisors' initial states ---
[load] S0         idx 0   18 states  12 constraining ev     900 B ciphertext
[init] my keypair is mine alone; no ciphertext ever leaves this node
[init] my enablement: 11=1 12=0 21=1 22=1 30=0 31=0 32=0 33=1 34=0 35=1 36=0 37=1 38=0 39=1 41=1 42=1 51=1 52=1 53=1 54=1 61=1 63=1 64=1 65=1 66=1 71=1 72=1 73=1 74=1 81=1 82=1

[net] waiting for 6 peer(s)..... all present.

--- transport round-trip probe (UDP/IP multicast (RFC 1112)) ---
  10 probes: avg 3.80 ms  min 2.33 ms  max 4.81 ms

============================================================
  RUN — SIM_SEQ driver — 5 cycles x 44 steps — LOCAL MODULAR
  columns: cN sNN = cycle/step of MY walk; · = a peer caused this
  'done at': run clock, common to all nodes; a cycle is over at the
  LATEST node's print, machine time (DES_WORK_MS 0) included
============================================================

-- cycle 1/5 --
c1  s1   local  11         2.0 ms HE    2 dec  0 frames
c1  s2   local  12         0.7 ms HE    1 dec  0 frames
c1  s3   2pc    31         0.6 ms HE    1 dec  14 frames  + 204.0 ms peer-wait  (seq 1)
c1  s4   notify 32         0.5 ms HE    1 dec  7 frames  + 103.9 ms peer-wait  (seq 2)
c1  s8   2pc    33         0.7 ms HE    1 dec  14 frames  + 7.1 ms peer-wait  (seq 3)
c1  s9   notify 34         0.5 ms HE    1 dec  7 frames  + 200.1 ms peer-wait  (seq 4)
c1  s10  2pc    35         0.5 ms HE    1 dec  14 frames  + 503.7 ms peer-wait  (seq 5)
c1  s13  notify 36         0.5 ms HE    1 dec  7 frames  + 201.3 ms peer-wait  (seq 6)
c1  s14  retry  39    no quorum after 4 tries — nothing applied anywhere
c1  s14  2pc    39         0.6 ms HE    1 dec  14 frames  + 108.0 ms peer-wait  (seq 7)
c1  s16  notify 30         0.8 ms HE    1 dec  7 frames  + 103.2 ms peer-wait  (seq 8)
c1  s25  local  11         0.6 ms HE    1 dec  0 frames
c1  s27  local  12         0.5 ms HE    1 dec  0 frames
c1  s28  2pc    31         0.5 ms HE    1 dec  14 frames  + 106.9 ms peer-wait  (seq 9)
c1  s29  notify 32         0.5 ms HE    1 dec  7 frames  + 2.3 ms peer-wait  (seq 10)
c1  s32  2pc    35         0.5 ms HE    1 dec  14 frames  + 5.8 ms peer-wait  (seq 11)
c1  s33  notify 36         0.6 ms HE    1 dec  7 frames  + 2.9 ms peer-wait  (seq 12)
c1  s36  2pc    33         0.5 ms HE    1 dec  14 frames  + 207.4 ms peer-wait  (seq 13)
c1  s37  notify 34         0.8 ms HE    1 dec  7 frames  + 2.3 ms peer-wait  (seq 14)
c1  s40  2pc    37         0.5 ms HE    1 dec  14 frames  + 5.7 ms peer-wait  (seq 15)
c1  s41  notify 38         0.5 ms HE    1 dec  7 frames  + 3.4 ms peer-wait  (seq 16)
-- cycle 1/5 done at 3303.3 ms --

-- cycle 2/5 --
c2  s1   local  11         0.9 ms HE    1 dec  0 frames
c2  s2   local  12         0.6 ms HE    1 dec  0 frames
c2  s3   2pc    31         0.5 ms HE    1 dec  14 frames  + 203.3 ms peer-wait  (seq 17)
c2  s4   notify 32         0.5 ms HE    1 dec  7 frames  + 2.3 ms peer-wait  (seq 18)
c2  s8   2pc    33         0.5 ms HE    1 dec  14 frames  + 6.9 ms peer-wait  (seq 19)
c2  s9   notify 34         0.5 ms HE    1 dec  7 frames  + 2.2 ms peer-wait  (seq 20)
c2  s10  2pc    35         0.5 ms HE    1 dec  14 frames  + 5.8 ms peer-wait  (seq 21)
c2  s13  notify 36         0.6 ms HE    1 dec  7 frames  + 3.6 ms peer-wait  (seq 22)
c2  s14  2pc    39         0.6 ms HE    1 dec  14 frames  + 107.0 ms peer-wait  (seq 23)
c2  s16  notify 30         0.6 ms HE    1 dec  7 frames  + 200.4 ms peer-wait  (seq 24)
c2  s25  local  11         0.5 ms HE    1 dec  0 frames
c2  s27  local  12         0.5 ms HE    1 dec  0 frames
c2  s28  2pc    31         0.5 ms HE    1 dec  14 frames  + 207.5 ms peer-wait  (seq 25)
c2  s29  notify 32         0.5 ms HE    1 dec  7 frames  + 2.2 ms peer-wait  (seq 26)
c2  s32  2pc    35         0.5 ms HE    1 dec  14 frames  + 6.8 ms peer-wait  (seq 27)
c2  s33  notify 36         0.5 ms HE    1 dec  7 frames  + 104.5 ms peer-wait  (seq 28)
c2  s36  2pc    33         0.5 ms HE    1 dec  14 frames  + 107.0 ms peer-wait  (seq 29)
c2  s37  notify 34         0.9 ms HE    1 dec  7 frames  + 1.7 ms peer-wait  (seq 30)
c2  s40  2pc    37         1.1 ms HE    1 dec  14 frames  + 5.8 ms peer-wait  (seq 31)
c2  s41  notify 38         0.5 ms HE    1 dec  7 frames  + 3.4 ms peer-wait  (seq 32)
-- cycle 2/5 done at 5242.5 ms --

-- cycle 3/5 --
c3  s1   local  11         0.6 ms HE    1 dec  0 frames
c3  s2   local  12         0.6 ms HE    1 dec  0 frames
c3  s3   2pc    31         0.5 ms HE    1 dec  14 frames  + 5.8 ms peer-wait  (seq 33)
c3  s4   notify 32         0.5 ms HE    1 dec  7 frames  + 2.3 ms peer-wait  (seq 34)
c3  s8   2pc    33         0.5 ms HE    1 dec  14 frames  + 5.7 ms peer-wait  (seq 35)
c3  s9   notify 34         0.5 ms HE    1 dec  7 frames  + 102.6 ms peer-wait  (seq 36)
c3  s10  2pc    35         0.5 ms HE    1 dec  14 frames  + 305.7 ms peer-wait  (seq 37)
c3  s13  notify 36         0.5 ms HE    1 dec  7 frames  + 3.5 ms peer-wait  (seq 38)
c3  s14  2pc    39         0.5 ms HE    1 dec  14 frames  + 7.0 ms peer-wait  (seq 39)
c3  s16  notify 30         0.4 ms HE    1 dec  7 frames  + 3.5 ms peer-wait  (seq 40)
c3  s25  local  11         0.5 ms HE    1 dec  0 frames
c3  s27  local  12         0.5 ms HE    1 dec  0 frames
c3  s28  2pc    31         0.5 ms HE    1 dec  14 frames  + 304.2 ms peer-wait  (seq 41)
c3  s29  notify 32         0.5 ms HE    1 dec  7 frames  + 1.3 ms peer-wait  (seq 42)
c3  s32  2pc    35         1.0 ms HE    1 dec  14 frames  + 104.9 ms peer-wait  (seq 43)
c3  s33  notify 36         0.5 ms HE    1 dec  7 frames  + 2.3 ms peer-wait  (seq 44)
c3  s36  2pc    33         0.5 ms HE    1 dec  14 frames  + 106.7 ms peer-wait  (seq 45)
c3  s37  notify 34         0.6 ms HE    1 dec  7 frames  + 2.6 ms peer-wait  (seq 46)
c3  s40  2pc    37         0.5 ms HE    1 dec  14 frames  + 406.9 ms peer-wait  (seq 47)
c3  s41  notify 38         0.5 ms HE    1 dec  7 frames  + 2.3 ms peer-wait  (seq 48)
-- cycle 3/5 done at 7502.4 ms --

-- cycle 4/5 --
c4  s1   local  11         0.5 ms HE    1 dec  0 frames
c4  s2   local  12         0.5 ms HE    1 dec  0 frames
c4  s3   2pc    31         0.5 ms HE    1 dec  14 frames  + 403.5 ms peer-wait  (seq 49)
c4  s4   notify 32         0.6 ms HE    1 dec  7 frames  + 2.3 ms peer-wait  (seq 50)
c4  s8   retry  33    no quorum after 4 tries — nothing applied anywhere
c4  s8   2pc    33         0.5 ms HE    1 dec  14 frames  + 106.7 ms peer-wait  (seq 51)
c4  s9   notify 34         0.7 ms HE    1 dec  7 frames  + 1.1 ms peer-wait  (seq 52)
c4  s10  retry  35    no quorum after 4 tries — nothing applied anywhere
c4  s10  2pc    35         0.5 ms HE    1 dec  14 frames  + 6.9 ms peer-wait  (seq 53)
c4  s13  notify 36         0.6 ms HE    1 dec  7 frames  + 104.4 ms peer-wait  (seq 54)
c4  s14  retry  39    no quorum after 4 tries — nothing applied anywhere
c4  s14  2pc    39         0.8 ms HE    1 dec  14 frames  + 305.3 ms peer-wait  (seq 55)
c4  s16  notify 30         0.5 ms HE    1 dec  7 frames  + 3.5 ms peer-wait  (seq 56)
c4  s25  local  11         0.5 ms HE    1 dec  0 frames
c4  s27  local  12         0.5 ms HE    1 dec  0 frames
c4  s28  2pc    31         0.5 ms HE    1 dec  14 frames  + 5.9 ms peer-wait  (seq 57)
c4  s29  notify 32         0.5 ms HE    1 dec  7 frames  + 2.3 ms peer-wait  (seq 58)
c4  s32  2pc    35         0.5 ms HE    1 dec  14 frames  + 208.2 ms peer-wait  (seq 59)
c4  s33  notify 36         0.5 ms HE    1 dec  7 frames  + 102.9 ms peer-wait  (seq 60)
c4  s36  2pc    33         0.5 ms HE    1 dec  14 frames  + 5.9 ms peer-wait  (seq 61)
c4  s37  notify 34         0.9 ms HE    1 dec  7 frames  + 3.4 ms peer-wait  (seq 62)
c4  s40  2pc    37         0.6 ms HE    1 dec  14 frames  + 203.5 ms peer-wait  (seq 63)
c4  s41  notify 38         0.5 ms HE    1 dec  7 frames  + 3.4 ms peer-wait  (seq 64)
-- cycle 4/5 done at 12519.3 ms --

-- cycle 5/5 --
c5  s1   local  11         1.0 ms HE    1 dec  0 frames
c5  s2   local  12         0.6 ms HE    1 dec  0 frames
c5  s3   2pc    31         0.5 ms HE    1 dec  14 frames  + 105.7 ms peer-wait  (seq 65)
c5  s4   notify 32         0.5 ms HE    1 dec  7 frames  + 2.3 ms peer-wait  (seq 66)
c5  s8   2pc    33         0.7 ms HE    1 dec  14 frames  + 203.3 ms peer-wait  (seq 67)
c5  s9   notify 34         0.6 ms HE    1 dec  7 frames  + 103.3 ms peer-wait  (seq 68)
c5  s10  2pc    35         0.7 ms HE    1 dec  14 frames  + 6.4 ms peer-wait  (seq 69)
c5  s13  notify 36         0.6 ms HE    1 dec  7 frames  + 199.4 ms peer-wait  (seq 70)
c5  s14  2pc    39         0.9 ms HE    1 dec  14 frames  + 6.0 ms peer-wait  (seq 71)
c5  s16  notify 30         0.8 ms HE    1 dec  7 frames  + 3.5 ms peer-wait  (seq 72)
c5  s25  local  11         0.8 ms HE    1 dec  0 frames
c5  s27  local  12         0.7 ms HE    1 dec  0 frames
c5  s28  2pc    31         0.7 ms HE    1 dec  14 frames  + 207.0 ms peer-wait  (seq 73)
c5  s29  notify 32         0.5 ms HE    1 dec  7 frames  + 3.5 ms peer-wait  (seq 74)
c5  s32  2pc    35         0.5 ms HE    1 dec  14 frames  + 108.4 ms peer-wait  (seq 75)
c5  s33  notify 36         0.6 ms HE    1 dec  7 frames  + 3.5 ms peer-wait  (seq 76)
c5  s36  2pc    33         0.5 ms HE    1 dec  14 frames  + 6.8 ms peer-wait  (seq 77)
c5  s37  notify 34         0.5 ms HE    1 dec  7 frames  + 200.2 ms peer-wait  (seq 78)
c5  s40  2pc    37         1.0 ms HE    1 dec  14 frames  + 305.0 ms peer-wait  (seq 79)
c5  s41  notify 38         0.6 ms HE    1 dec  7 frames  + 106.6 ms peer-wait  (seq 80)
-- cycle 5/5 done at 15771.2 ms --

============================================================
  SUMMARY — node 1/7 — LOCAL MODULAR — UDP/IP multicast (RFC 1112)
============================================================
  events this node FIRED:
  local (no network)     n=20   avg     0.71 ms  (HE    0.68 + net    0.00)  min    0.48  max     2.02    0.2%
  shared controllable    n=40   avg   131.62 ms  (HE    0.58 + net  131.00)  min    6.19  max   504.16   73.0%
  shared uncontroll.     n=40   avg    48.24 ms  (HE    0.56 + net   47.64)  min    1.86  max   201.79   26.8%
  events this node APPLIED for a peer (participant side):
  shared, applied              (none on this node)
  sync-wait (peers reaching a shared step): n=80 avg 84.47 ms, 6.8 s total
     not protocol cost — the plant catching up; kept out of the rows above
  run clock, end of cycles 1..5 (ms): 3303.3 5242.5 7502.4 12519.3 15771.2
     a cycle is over at the LATEST node's value; DES_WORK_MS 0 included
  ----------------------------------------------------------
  all events            n=100  avg    72.08 ms  (HE    0.59 + net   71.46)
  PEER-WAIT + WIRE      99.1 % of total step time
     (compare against the round-trip probe above: the excess is
      the peer's own HE work, not the link.)
  frames: tx=236 rx=2170 retransmits=66
  authentication: HMAC-SHA256/128, 2.2 us per frame; 0 rejected (bad tag), 0 stale/replayed dropped, 6 epoch challenges
  rx queue: peak 11/64 frames
  plant check: 0 event reports rejected as physically impossible
     (these supervisors carry the plant: an impossible uncontrollable event is caught)
  injected frame loss: 5 %
  ----------------------------------------------------------
  homomorphic vs cleartext oracle : PASS — every encrypted bit matched
     (PASS certifies the cryptography: each node's encrypted bits
      match its own clear model for the events it applied. It does
      not certify the distributed run — read the skips for that.)
  distributed vs MONOLITHIC sup.  : off — this header has no monolithic supervisor
  safe halt                       : no — ran to completion
============================================================
@@RESULT {"node":1,"nodes":7,"family":"LOCAL MODULAR","data":"supervisor_data_fms.h","transport":"UDP/IP multicast (RFC 1112)","fingerprint":"04511541","supervisors":["S0"],"fired":{"local":20,"ctrl":40,"unctrl":40},"applied_for_peers":0,"skips":0,"impossible":0,"tx":236,"rx":2181,"retx":66,"auth_bad":0,"replays":0,"challenges":6,"mac_us":2.21,"rxq_peak":11,"rxq_drops":0,"sync_wait_ms":6757.4,"oracle":"PASS","safe_halt":false,"halt_reason":"","cycle_end_ms":[3303.3,5242.5,7502.4,12519.3,15771.2],"rounds":5,"work_ms":0,"exit":0}
