2026-09-28T12:26:07.855462083Z des_container: node 1 of 2, LOCAL MODULAR, data supervisor_data_fms.h, transport UDP/IP multicast (RFC 1112)
2026-09-28T12:26:07.855656075Z des_container: EMULATING the ESP32 — every decryption takes at least 69.0 ms (DES_EMU_SCALARMUL_MS)
2026-09-28T12:26:07.855669682Z des_container: dropping 1 % of received frames, seed 1629599175 (DES_LOSS_SEED to replay)
2026-09-28T12:26:07.855675685Z 
2026-09-28T12:26:07.855679587Z ============================================================
2026-09-28T12:26:07.855683989Z   Distributed Homomorphic DES — generic engine
2026-09-28T12:26:07.855688191Z   node 1/2   family LOCAL MODULAR   7 supervisors   31 events
2026-09-28T12:26:07.855691492Z   data: supervisor_data_fms.h
2026-09-28T12:26:07.855694894Z ============================================================
2026-09-28T12:26:07.876515540Z --- event routing (DERIVED from the header, not hardcoded) ---
2026-09-28T12:26:07.876664911Z   event  ctrl  nodes      owner  class
2026-09-28T12:26:07.876676417Z   11     yes   1          1      local — no network
2026-09-28T12:26:07.876709232Z   12     no    1          1      local — no network
2026-09-28T12:26:07.876714335Z   21     yes   1          1      local — no network
2026-09-28T12:26:07.876717836Z   22     no    1          1      local — no network
2026-09-28T12:26:07.876721138Z   30     no    1 2        1      SHARED — needs network
2026-09-28T12:26:07.876724339Z   31     yes   1 2        1      SHARED — needs network
2026-09-28T12:26:07.876728842Z   32     no    1 2        1      SHARED — needs network
2026-09-28T12:26:07.876732243Z   33     yes   1 2        1      SHARED — needs network
2026-09-28T12:26:07.876735445Z   34     no    1 2        1      SHARED — needs network
2026-09-28T12:26:07.876738646Z   35     yes   1 2        1      SHARED — needs network
2026-09-28T12:26:07.876742048Z   36     no    1 2        1      SHARED — needs network
2026-09-28T12:26:07.876745349Z   37     yes   1 2        1      SHARED — needs network
2026-09-28T12:26:07.876748651Z   38     no    1 2        1      SHARED — needs network
2026-09-28T12:26:07.876751652Z   39     yes   1 2        1      SHARED — needs network
2026-09-28T12:26:07.876755754Z   41     yes   1          1      local — no network
2026-09-28T12:26:07.876758956Z   42     no    1          1      local — no network
2026-09-28T12:26:07.876762458Z   51     yes   1          1      local — no network
2026-09-28T12:26:07.876766159Z   52     no    1          1      local — no network
2026-09-28T12:26:07.876770461Z   53     yes   1          1      local — no network
2026-09-28T12:26:07.876773863Z   54     no    1          1      local — no network
2026-09-28T12:26:07.876777165Z   61     yes   2          2      local — no network
2026-09-28T12:26:07.876780666Z   63     yes   2          2      local — no network
2026-09-28T12:26:07.876822386Z   64     no    2          2      local — no network
2026-09-28T12:26:07.876830890Z   65     yes   2          2      local — no network
2026-09-28T12:26:07.876836193Z   66     no    2          2      local — no network
2026-09-28T12:26:07.876839494Z   71     yes   2          2      local — no network
2026-09-28T12:26:07.876842796Z   72     no    2          2      local — no network
2026-09-28T12:26:07.876846198Z   73     yes   2          2      local — no network
2026-09-28T12:26:07.876852100Z   74     no    2          2      local — no network
2026-09-28T12:26:07.876856002Z   81     yes   2          2      local — no network
2026-09-28T12:26:07.876859304Z   82     no    2          2      local — no network
2026-09-28T12:26:07.876862706Z   => 10/31 events shared; 21/31 need ZERO network traffic; 20 concern this node
2026-09-28T12:26:07.876869709Z   NOTE controllability was INFERRED from event labels (the header
2026-09-28T12:26:07.876874611Z        does not carry it). Check the 'ctrl' column above; if it is
2026-09-28T12:26:07.877034888Z        wrong, set DES_CONTROLLABLE_MASK explicitly.
2026-09-28T12:26:07.877205769Z 
2026-09-28T12:26:07.877220977Z [init] config fingerprint edbd7971 — every node must print the same
2026-09-28T12:26:07.877226779Z 
2026-09-28T12:26:07.878700884Z [net] UDP multicast 239.192.7.1:5077  ttl=1  frame=44 B
2026-09-28T12:26:07.878740703Z --- crypto self-test ---
2026-09-28T12:26:07.886226278Z   Enc(0)->0 Enc(1)->1                PASS
2026-09-28T12:26:07.888693657Z   Enc(1)+Enc(1)->1 homomorphic OR   PASS
2026-09-28T12:26:07.891108811Z   Enc(0)+Enc(0)->0                  PASS
2026-09-28T12:26:07.891150831Z   curve secp192r1, ciphertext 50 B    PASS
2026-09-28T12:26:07.891857768Z   frame tag HMAC-SHA256/128: 6.8 us, 1-bit tamper caught  PASS
2026-09-28T12:26:07.891882580Z 
2026-09-28T12:26:07.891887383Z --- encrypting my supervisors' initial states ---
2026-09-28T12:26:07.892536793Z [load] S0         idx 0   18 states  12 constraining ev     900 B ciphertext
2026-09-28T12:26:07.892564806Z [load] S1         idx 1   18 states  12 constraining ev     900 B ciphertext
2026-09-28T12:26:07.892570209Z [load] S2         idx 2   18 states  12 constraining ev     900 B ciphertext
2026-09-28T12:26:07.892574311Z [load] S3         idx 3   21 states  14 constraining ev    1050 B ciphertext
2026-09-28T12:26:11.521662687Z [init] my keypair is mine alone; no ciphertext ever leaves this node
2026-09-28T12:26:11.521735221Z [init] my enablement: 11=1 12=0 21=1 22=0 30=0 31=0 32=0 33=0 34=0 35=0 36=0 37=0 38=0 39=0 41=0 42=0 51=0 52=0 53=0 54=0 61=1 63=1 64=1 65=1 66=1 71=1 72=1 73=1 74=1 81=1 82=1
2026-09-28T12:26:11.521746627Z 
2026-09-28T12:26:12.729577291Z [net] waiting for 1 peer(s)...... all present.
2026-09-28T12:26:14.234258307Z 
2026-09-28T12:26:14.234301528Z --- transport round-trip probe (UDP/IP multicast (RFC 1112)) ---
2026-09-28T12:26:14.720124499Z   20 probes: avg 3.88 ms  min 2.51 ms  max 5.21 ms
2026-09-28T12:26:14.720169721Z 
2026-09-28T12:26:14.720174123Z ============================================================
2026-09-28T12:26:14.720177424Z   RUN — SIM_SEQ driver — 5 cycles x 44 steps — LOCAL MODULAR
2026-09-28T12:26:14.720181827Z   columns: cN sNN = cycle/step of MY walk; · = a peer caused this
2026-09-28T12:26:14.720185228Z   'done at': run clock, common to all nodes; a cycle is over at the
2026-09-28T12:26:14.720188730Z   LATEST node's print, machine time (DES_WORK_MS 0) included
2026-09-28T12:26:14.720194333Z ============================================================
2026-09-28T12:26:14.720197734Z 
2026-09-28T12:26:14.720200736Z -- cycle 1/5 --
2026-09-28T12:26:14.861474920Z c1  s0   local  21       140.3 ms HE    2 dec  0 frames
2026-09-28T12:26:15.001113924Z c1  s1   local  11       140.0 ms HE    2 dec  0 frames
2026-09-28T12:26:15.070278563Z c1  s2   local  12        69.3 ms HE    1 dec  0 frames
2026-09-28T12:26:15.353768382Z c1  s3   2pc    31       278.2 ms HE    4 dec  4 frames  + 4.8 ms peer-wait  (seq 1)
2026-09-28T12:26:16.224990754Z c1  s4   notify 32       487.3 ms HE    7 dec  2 frames  + 1.4 ms peer-wait  (seq 2)
2026-09-28T12:26:16.295818787Z c1  s5   local  41        69.7 ms HE    1 dec  0 frames
2026-09-28T12:26:16.364485989Z c1  s6   local  22        69.6 ms HE    1 dec  0 frames
2026-09-28T12:26:16.434165274Z c1  s7   local  42        69.4 ms HE    1 dec  0 frames
2026-09-28T12:26:16.716297945Z c1  s8   2pc    33       277.4 ms HE    4 dec  4 frames  + 4.7 ms peer-wait  (seq 3)
2026-09-28T12:26:17.075892518Z c1  s9   notify 34       277.5 ms HE    4 dec  2 frames  + 1.2 ms peer-wait  (seq 4)
2026-09-28T12:26:17.651654652Z c1  s10  2pc    35       278.0 ms HE    4 dec  4 frames  + 5.3 ms peer-wait  (seq 5)
2026-09-28T12:26:17.721794157Z c1  s11  local  53        69.7 ms HE    1 dec  0 frames
2026-09-28T12:26:17.791432522Z c1  s12  local  54        69.7 ms HE    1 dec  0 frames
2026-09-28T12:26:18.072011651Z c1  s13  notify 36       278.7 ms HE    4 dec  2 frames  + 1.6 ms peer-wait  (seq 6)
2026-09-28T12:26:18.649559597Z c1  s14  2pc    39       277.8 ms HE    4 dec  4 frames  + 3.7 ms peer-wait  (seq 7)
2026-09-28T12:26:19.351178651Z c1  s16  notify 30       277.6 ms HE    4 dec  2 frames  + 1.4 ms peer-wait  (seq 8)
2026-09-28T12:26:19.421647413Z c1  s25  local  11        69.6 ms HE    1 dec  0 frames
2026-09-28T12:26:19.490640370Z c1  s26  local  21        69.3 ms HE    1 dec  0 frames
2026-09-28T12:26:19.560299645Z c1  s27  local  12        69.5 ms HE    1 dec  0 frames
2026-09-28T12:26:20.611812239Z c1  s28  2pc    31       278.8 ms HE    4 dec  4 frames  + 5.8 ms peer-wait  (seq 9)
2026-09-28T12:26:20.890956883Z c1  s29  notify 32       277.7 ms HE    4 dec  2 frames  + 1.4 ms peer-wait  (seq 10)
2026-09-28T12:26:20.961463663Z c1  s30  local  41        69.7 ms HE    1 dec  0 frames
2026-09-28T12:26:21.030568373Z c1  s31  local  42        69.4 ms HE    1 dec  0 frames
2026-09-28T12:26:21.313716829Z c1  s32  2pc    35       278.0 ms HE    4 dec  4 frames  + 5.1 ms peer-wait  (seq 11)
2026-09-28T12:26:21.593062269Z c1  s33  notify 36       278.1 ms HE    4 dec  2 frames  + 1.3 ms peer-wait  (seq 12)
2026-09-28T12:26:21.662788576Z c1  s34  local  22        69.4 ms HE    1 dec  0 frames
2026-09-28T12:26:22.226545475Z c1  s36  2pc    33       277.8 ms HE    4 dec  4 frames  + 4.1 ms peer-wait  (seq 13)
2026-09-28T12:26:22.505943940Z c1  s37  notify 34       278.4 ms HE    4 dec  2 frames  + 1.4 ms peer-wait  (seq 14)
2026-09-28T12:26:22.575867142Z c1  s38  local  51        69.3 ms HE    1 dec  0 frames
2026-09-28T12:26:22.645229475Z c1  s39  local  52        69.3 ms HE    1 dec  0 frames
2026-09-28T12:26:22.929717671Z c1  s40  2pc    37       278.6 ms HE    4 dec  4 frames  + 5.1 ms peer-wait  (seq 15)
2026-09-28T12:26:23.208041923Z c1  s41  notify 38       277.6 ms HE    4 dec  2 frames  + 1.4 ms peer-wait  (seq 16)
2026-09-28T12:26:23.208115959Z -- cycle 1/5 done at 8491.1 ms --
2026-09-28T12:26:23.208125763Z 
2026-09-28T12:26:23.208129765Z -- cycle 2/5 --
2026-09-28T12:26:34.330657517Z c2  s0   local  21        69.4 ms HE    1 dec  0 frames
2026-09-28T12:26:34.400676464Z c2  s1   local  11        69.3 ms HE    1 dec  0 frames
2026-09-28T12:26:34.469894829Z c2  s2   local  12        69.4 ms HE    1 dec  0 frames
2026-09-28T12:26:23.851415067Z c2  s3   2pc    31       278.6 ms HE    4 dec  4 frames  + 6.2 ms peer-wait  (seq 17)
2026-09-28T12:26:24.130350811Z c2  s4   notify 32       277.7 ms HE    4 dec  2 frames  + 1.4 ms peer-wait  (seq 18)
2026-09-28T12:26:24.200957539Z c2  s5   local  41        69.6 ms HE    1 dec  0 frames
2026-09-28T12:26:24.269905675Z c2  s6   local  22        69.3 ms HE    1 dec  0 frames
2026-09-28T12:26:24.339732330Z c2  s7   local  42        69.3 ms HE    1 dec  0 frames
2026-09-28T12:26:24.623017952Z c2  s8   2pc    33       278.3 ms HE    4 dec  4 frames  + 5.4 ms peer-wait  (seq 19)
2026-09-28T12:26:24.902314068Z c2  s9   notify 34       277.8 ms HE    4 dec  2 frames  + 1.3 ms peer-wait  (seq 20)
2026-09-28T12:26:26.687472314Z c2  s10  2pc    35       278.1 ms HE    4 dec  4 frames  + 1506.5 ms peer-wait  (seq 21)
2026-09-28T12:26:26.757768193Z c2  s11  local  53        69.8 ms HE    1 dec  0 frames
2026-09-28T12:26:26.827011870Z c2  s12  local  54        69.4 ms HE    1 dec  0 frames
2026-09-28T12:26:27.109043093Z c2  s13  notify 36       279.2 ms HE    4 dec  2 frames  + 1.5 ms peer-wait  (seq 22)
2026-09-28T12:26:27.390643209Z c2  s14  2pc    39       277.7 ms HE    4 dec  4 frames  + 4.9 ms peer-wait  (seq 23)
2026-09-28T12:26:27.813514309Z c2  s16  notify 30       278.3 ms HE    4 dec  2 frames  + 1.4 ms peer-wait  (seq 24)
2026-09-28T12:26:27.882383607Z c2  s25  local  11        69.2 ms HE    1 dec  0 frames
2026-09-28T12:26:27.952668181Z c2  s26  local  21        69.6 ms HE    1 dec  0 frames
2026-09-28T12:26:28.022193492Z c2  s27  local  12        69.3 ms HE    1 dec  0 frames
2026-09-28T12:26:28.854603418Z c2  s28  2pc    31       277.5 ms HE    4 dec  4 frames  + 4.0 ms peer-wait  (seq 25)
2026-09-28T12:26:29.133648714Z c2  s29  notify 32       277.7 ms HE    4 dec  2 frames  + 1.4 ms peer-wait  (seq 26)
2026-09-28T12:26:29.202944516Z c2  s30  local  41        69.3 ms HE    1 dec  0 frames
2026-09-28T12:26:29.273285016Z c2  s31  local  42        69.7 ms HE    1 dec  0 frames
2026-09-28T12:26:29.556529819Z c2  s32  2pc    35       278.9 ms HE    4 dec  4 frames  + 4.4 ms peer-wait  (seq 27)
2026-09-28T12:26:29.836122276Z c2  s33  notify 36       278.3 ms HE    4 dec  2 frames  + 1.2 ms peer-wait  (seq 28)
2026-09-28T12:26:29.905863291Z c2  s34  local  22        69.5 ms HE    1 dec  0 frames
2026-09-28T12:26:30.262734763Z c2  s36  2pc    33       278.1 ms HE    4 dec  4 frames  + 4.2 ms peer-wait  (seq 29)
2026-09-28T12:26:30.544162097Z c2  s37  notify 34       278.3 ms HE    4 dec  2 frames  + 1.9 ms peer-wait  (seq 30)
2026-09-28T12:26:30.613464202Z c2  s38  local  51        69.8 ms HE    1 dec  0 frames
2026-09-28T12:26:30.682457559Z c2  s39  local  52        69.2 ms HE    1 dec  0 frames
2026-09-28T12:26:30.965820118Z c2  s40  2pc    37       278.1 ms HE    4 dec  4 frames  + 5.0 ms peer-wait  (seq 31)
2026-09-28T12:26:31.246798538Z c2  s41  notify 38       278.7 ms HE    4 dec  2 frames  + 1.6 ms peer-wait  (seq 32)
2026-09-28T12:26:31.247010839Z -- cycle 2/5 done at 16535.4 ms --
2026-09-28T12:26:31.247029048Z 
2026-09-28T12:26:31.247037452Z -- cycle 3/5 --
2026-09-28T12:26:31.316634897Z c3  s0   local  21        69.4 ms HE    1 dec  0 frames
2026-09-28T12:26:31.386600019Z c3  s1   local  11        69.6 ms HE    1 dec  0 frames
2026-09-28T12:26:31.455401684Z c3  s2   local  12        69.3 ms HE    1 dec  0 frames
2026-09-28T12:26:31.882695897Z c3  s3   2pc    31       278.7 ms HE    4 dec  4 frames  + 4.4 ms peer-wait  (seq 33)
2026-09-28T12:26:32.161414637Z c3  s4   notify 32       277.8 ms HE    4 dec  2 frames  + 1.5 ms peer-wait  (seq 34)
2026-09-28T12:26:32.231059306Z c3  s5   local  41        69.4 ms HE    1 dec  0 frames
2026-09-28T12:26:32.300575913Z c3  s6   local  22        69.3 ms HE    1 dec  0 frames
2026-09-28T12:26:32.371249473Z c3  s7   local  42        69.6 ms HE    1 dec  0 frames
2026-09-28T12:26:32.654702374Z c3  s8   2pc    33       278.2 ms HE    4 dec  4 frames  + 6.2 ms peer-wait  (seq 35)
2026-09-28T12:26:32.934823084Z c3  s9   notify 34       278.0 ms HE    4 dec  2 frames  + 1.6 ms peer-wait  (seq 36)
2026-09-28T12:26:33.216912235Z c3  s10  2pc    35       277.2 ms HE    4 dec  4 frames  + 4.2 ms peer-wait  (seq 37)
2026-09-28T12:26:44.339872937Z c3  s11  local  53        69.2 ms HE    1 dec  0 frames
2026-09-28T12:26:44.410019245Z c3  s12  local  54        69.4 ms HE    1 dec  0 frames
2026-09-28T12:26:33.696012844Z c3  s13  notify 36       277.9 ms HE    4 dec  2 frames  + 1.4 ms peer-wait  (seq 38)
2026-09-28T12:26:33.978420647Z c3  s14  2pc    39       277.6 ms HE    4 dec  4 frames  + 4.4 ms peer-wait  (seq 39)
2026-09-28T12:26:34.399559919Z c3  s16  notify 30       278.1 ms HE    4 dec  2 frames  + 1.4 ms peer-wait  (seq 40)
2026-09-28T12:26:34.469147760Z c3  s25  local  11        69.5 ms HE    1 dec  0 frames
2026-09-28T12:26:34.538616545Z c3  s26  local  21        69.7 ms HE    1 dec  0 frames
2026-09-28T12:26:34.608778960Z c3  s27  local  12        69.6 ms HE    1 dec  0 frames
2026-09-28T12:26:35.449263949Z c3  s28  2pc    31       278.1 ms HE    4 dec  4 frames  + 4.8 ms peer-wait  (seq 41)
2026-09-28T12:26:35.728522247Z c3  s29  notify 32       277.6 ms HE    4 dec  2 frames  + 1.3 ms peer-wait  (seq 42)
2026-09-28T12:26:35.797637362Z c3  s30  local  41        69.3 ms HE    1 dec  0 frames
2026-09-28T12:26:35.867084936Z c3  s31  local  42        69.3 ms HE    1 dec  0 frames
2026-09-28T12:26:36.149739256Z c3  s32  2pc    35       278.3 ms HE    4 dec  4 frames  + 4.2 ms peer-wait  (seq 43)
2026-09-28T12:26:36.429441266Z c3  s33  notify 36       278.3 ms HE    4 dec  2 frames  + 1.3 ms peer-wait  (seq 44)
2026-09-28T12:26:36.498992590Z c3  s34  local  22        69.3 ms HE    1 dec  0 frames
2026-09-28T12:26:36.855183038Z c3  s36  2pc    33       278.3 ms HE    4 dec  4 frames  + 4.2 ms peer-wait  (seq 45)
2026-09-28T12:26:37.135715444Z c3  s37  notify 34       278.5 ms HE    4 dec  2 frames  + 1.7 ms peer-wait  (seq 46)
2026-09-28T12:26:37.205148812Z c3  s38  local  51        69.4 ms HE    1 dec  0 frames
2026-09-28T12:26:37.275111132Z c3  s39  local  52        69.4 ms HE    1 dec  0 frames
2026-09-28T12:26:37.558564133Z c3  s40  2pc    37       277.8 ms HE    4 dec  4 frames  + 6.0 ms peer-wait  (seq 47)
2026-09-28T12:26:37.837505380Z c3  s41  notify 38       277.6 ms HE    4 dec  2 frames  + 1.3 ms peer-wait  (seq 48)
2026-09-28T12:26:37.837547900Z -- cycle 3/5 done at 23065.1 ms --
2026-09-28T12:26:37.837552402Z 
2026-09-28T12:26:37.837554503Z -- cycle 4/5 --
2026-09-28T12:26:37.908795534Z c4  s0   local  21        70.1 ms HE    1 dec  0 frames
2026-09-28T12:26:37.977783489Z c4  s1   local  11        69.4 ms HE    1 dec  0 frames
2026-09-28T12:26:38.047707591Z c4  s2   local  12        69.5 ms HE    1 dec  0 frames
2026-09-28T12:26:49.461330923Z c4  s3   2pc    31       278.1 ms HE    4 dec  4 frames  + 5.6 ms peer-wait  (seq 49)
2026-09-28T12:26:38.660657633Z c4  s4   notify 32       277.8 ms HE    4 dec  2 frames  + 1.4 ms peer-wait  (seq 50)
2026-09-28T12:26:38.730271687Z c4  s5   local  41        69.6 ms HE    1 dec  0 frames
2026-09-28T12:26:38.799747174Z c4  s6   local  22        69.5 ms HE    1 dec  0 frames
2026-09-28T12:26:38.870273764Z c4  s7   local  42        69.5 ms HE    1 dec  0 frames
2026-09-28T12:26:39.154036914Z c4  s8   2pc    33       278.5 ms HE    4 dec  4 frames  + 5.8 ms peer-wait  (seq 51)
2026-09-28T12:26:39.433698004Z c4  s9   notify 34       278.4 ms HE    4 dec  2 frames  + 1.4 ms peer-wait  (seq 52)
2026-09-28T12:26:39.715997755Z c4  s10  2pc    35       278.7 ms HE    4 dec  4 frames  + 3.6 ms peer-wait  (seq 53)
2026-09-28T12:26:39.785723162Z c4  s11  local  53        69.4 ms HE    1 dec  0 frames
2026-09-28T12:26:39.855305400Z c4  s12  local  54        69.3 ms HE    1 dec  0 frames
2026-09-28T12:26:40.134918067Z c4  s13  notify 36       278.2 ms HE    4 dec  2 frames  + 1.4 ms peer-wait  (seq 54)
2026-09-28T12:26:40.418337753Z c4  s14  2pc    39       277.8 ms HE    4 dec  4 frames  + 5.6 ms peer-wait  (seq 55)
2026-09-28T12:26:40.841033669Z c4  s16  notify 30       278.3 ms HE    4 dec  2 frames  + 1.5 ms peer-wait  (seq 56)
2026-09-28T12:26:40.910619009Z c4  s25  local  11        69.4 ms HE    1 dec  0 frames
2026-09-28T12:26:40.981535185Z c4  s26  local  21        70.5 ms HE    1 dec  0 frames
2026-09-28T12:26:41.051304813Z c4  s27  local  12        69.4 ms HE    1 dec  0 frames
2026-09-28T12:26:41.894576833Z c4  s28  2pc    31       277.8 ms HE    4 dec  4 frames  + 5.8 ms peer-wait  (seq 57)
2026-09-28T12:26:42.173584311Z c4  s29  notify 32       277.6 ms HE    4 dec  2 frames  + 1.3 ms peer-wait  (seq 58)
2026-09-28T12:26:42.243579847Z c4  s30  local  41        69.6 ms HE    1 dec  0 frames
2026-09-28T12:26:42.312880051Z c4  s31  local  42        69.3 ms HE    1 dec  0 frames
2026-09-28T12:26:42.595972480Z c4  s32  2pc    35       277.4 ms HE    4 dec  4 frames  + 4.4 ms peer-wait  (seq 59)
2026-09-28T12:26:42.874702726Z c4  s33  notify 36       277.8 ms HE    4 dec  2 frames  + 1.5 ms peer-wait  (seq 60)
2026-09-28T12:26:42.944609520Z c4  s34  local  22        69.7 ms HE    1 dec  0 frames
2026-09-28T12:26:54.380387751Z c4  s36  2pc    33       278.0 ms HE    4 dec  4 frames  + 4.1 ms peer-wait  (seq 61)
2026-09-28T12:26:43.613820807Z c4  s37  notify 34       277.6 ms HE    4 dec  2 frames  + 1.4 ms peer-wait  (seq 62)
2026-09-28T12:26:43.683331011Z c4  s38  local  51        69.3 ms HE    1 dec  0 frames
2026-09-28T12:26:43.753616385Z c4  s39  local  52        69.6 ms HE    1 dec  0 frames
2026-09-28T12:26:44.038243648Z c4  s40  2pc    37       278.5 ms HE    4 dec  4 frames  + 6.0 ms peer-wait  (seq 63)
2026-09-28T12:26:44.317709145Z c4  s41  notify 38       278.1 ms HE    4 dec  2 frames  + 1.6 ms peer-wait  (seq 64)
2026-09-28T12:26:44.317762270Z -- cycle 4/5 done at 29602.5 ms --
2026-09-28T12:26:44.317766872Z 
2026-09-28T12:26:44.317769874Z -- cycle 5/5 --
2026-09-28T12:26:44.387440555Z c5  s0   local  21        69.4 ms HE    1 dec  0 frames
2026-09-28T12:26:44.456549267Z c5  s1   local  11        69.3 ms HE    1 dec  0 frames
2026-09-28T12:26:44.527105271Z c5  s2   local  12        69.8 ms HE    1 dec  0 frames
2026-09-28T12:26:44.952792215Z c5  s3   2pc    31       277.9 ms HE    4 dec  4 frames  + 4.7 ms peer-wait  (seq 65)
2026-09-28T12:26:45.232615283Z c5  s4   notify 32       278.1 ms HE    4 dec  2 frames  + 1.3 ms peer-wait  (seq 66)
2026-09-28T12:26:45.301736101Z c5  s5   local  41        69.3 ms HE    1 dec  0 frames
2026-09-28T12:26:45.372256988Z c5  s6   local  22        69.7 ms HE    1 dec  0 frames
2026-09-28T12:26:45.441942276Z c5  s7   local  42        69.5 ms HE    1 dec  0 frames
2026-09-28T12:26:45.724640117Z c5  s8   2pc    33       277.6 ms HE    4 dec  4 frames  + 5.5 ms peer-wait  (seq 67)
2026-09-28T12:26:46.004165142Z c5  s9   notify 34       277.8 ms HE    4 dec  2 frames  + 1.4 ms peer-wait  (seq 68)
2026-09-28T12:26:46.286572745Z c5  s10  2pc    35       277.8 ms HE    4 dec  4 frames  + 4.5 ms peer-wait  (seq 69)
2026-09-28T12:26:46.356032425Z c5  s11  local  53        69.4 ms HE    1 dec  0 frames
2026-09-28T12:26:46.425319922Z c5  s12  local  54        69.3 ms HE    1 dec  0 frames
2026-09-28T12:26:46.704154918Z c5  s13  notify 36       277.5 ms HE    4 dec  2 frames  + 1.3 ms peer-wait  (seq 70)
2026-09-28T12:26:46.986256074Z c5  s14  2pc    39       277.6 ms HE    4 dec  4 frames  + 4.2 ms peer-wait  (seq 71)
2026-09-28T12:26:47.713882752Z c5  s16  notify 30       278.3 ms HE    4 dec  2 frames  + 1.7 ms peer-wait  (seq 72)
2026-09-28T12:26:47.783389154Z c5  s25  local  11        69.4 ms HE    1 dec  0 frames
2026-09-28T12:26:47.852176213Z c5  s26  local  21        69.2 ms HE    1 dec  0 frames
2026-09-28T12:26:47.922936714Z c5  s27  local  12        70.0 ms HE    1 dec  0 frames
2026-09-28T12:26:48.755442216Z c5  s28  2pc    31       277.9 ms HE    4 dec  4 frames  + 5.3 ms peer-wait  (seq 73)
2026-09-28T12:26:49.034832677Z c5  s29  notify 32       277.6 ms HE    4 dec  2 frames  + 1.5 ms peer-wait  (seq 74)
2026-09-28T12:26:49.104814607Z c5  s30  local  41        69.6 ms HE    1 dec  0 frames
2026-09-28T12:26:49.174297998Z c5  s31  local  42        69.5 ms HE    1 dec  0 frames
2026-09-28T12:26:49.455743541Z c5  s32  2pc    35       277.7 ms HE    4 dec  4 frames  + 4.0 ms peer-wait  (seq 75)
2026-09-28T12:26:49.735152911Z c5  s33  notify 36       277.8 ms HE    4 dec  2 frames  + 1.3 ms peer-wait  (seq 76)
2026-09-28T12:26:49.805646385Z c5  s34  local  22        70.1 ms HE    1 dec  0 frames
2026-09-28T12:26:50.159196071Z c5  s36  2pc    33       278.1 ms HE    4 dec  4 frames  + 4.0 ms peer-wait  (seq 77)
2026-09-28T12:26:50.438929396Z c5  s37  notify 34       278.1 ms HE    4 dec  2 frames  + 1.6 ms peer-wait  (seq 78)
2026-09-28T12:26:50.510048068Z c5  s38  local  51        69.4 ms HE    1 dec  0 frames
2026-09-28T12:26:50.578252448Z c5  s39  local  52        69.5 ms HE    1 dec  0 frames
2026-09-28T12:26:50.862431897Z c5  s40  2pc    37       278.0 ms HE    4 dec  4 frames  + 6.1 ms peer-wait  (seq 79)
2026-09-28T12:26:51.142294083Z c5  s41  notify 38       278.1 ms HE    4 dec  2 frames  + 1.6 ms peer-wait  (seq 80)
2026-09-28T12:26:51.142363116Z -- cycle 5/5 done at 36436.8 ms --
2026-09-28T12:26:51.142371821Z 
2026-09-28T12:26:51.142376823Z ============================================================
2026-09-28T12:26:51.142381525Z   SUMMARY — node 1/2 — LOCAL MODULAR — UDP/IP multicast (RFC 1112)
2026-09-28T12:26:51.142387528Z ============================================================
2026-09-28T12:26:51.142392030Z   events this node FIRED:
2026-09-28T12:26:51.142396933Z   local (no network)     n=80   avg    71.42 ms  (HE   71.25 + net    0.00)  min   69.23  max   140.66   19.1%
2026-09-28T12:26:51.142402235Z   shared controllable    n=40   avg   320.58 ms  (HE  278.03 + net   42.42)  min  281.48  max  1784.80   42.8%
2026-09-28T12:26:51.142409138Z   shared uncontroll.     n=40   avg   284.82 ms  (HE  283.24 + net    1.44)  min  278.78  max   488.91   38.1%
2026-09-28T12:26:51.142414341Z   events this node APPLIED for a peer (participant side):
2026-09-28T12:26:51.142419143Z   shared, applied              (none on this node)
2026-09-28T12:26:51.142423945Z   sync-wait (peers reaching a shared step): n=80 avg 81.32 ms, 6.5 s total
2026-09-28T12:26:51.142428848Z      not protocol cost — the plant catching up; kept out of the rows above
2026-09-28T12:26:51.142433450Z   run clock, end of cycles 1..5 (ms): 8491.1 16535.4 23065.1 29602.5 36436.8
2026-09-28T12:26:51.142438552Z      a cycle is over at the LATEST node's value; DES_WORK_MS 0 included
2026-09-28T12:26:51.142442654Z   ----------------------------------------------------------
2026-09-28T12:26:51.142446956Z   all events            n=160  avg   187.06 ms  (HE  175.94 + net   10.96)
2026-09-28T12:26:51.142451559Z   PEER-WAIT + WIRE      5.9 % of total step time
2026-09-28T12:26:51.142456161Z      (compare against the round-trip probe above: the excess is
2026-09-28T12:26:51.142460963Z       the peer's own HE work, not the link.)
2026-09-28T12:26:51.142464965Z   frames: tx=154 rx=235 retransmits=1
2026-09-28T12:26:51.142469867Z   authentication: HMAC-SHA256/128, 6.8 us per frame; 0 rejected (bad tag), 0 stale/replayed dropped, 1 epoch challenges
2026-09-28T12:26:51.142474670Z   rx queue: peak 2/64 frames
2026-09-28T12:26:51.142479172Z   plant check: 0 event reports rejected as physically impossible
2026-09-28T12:26:51.142483774Z      (these supervisors carry the plant: an impossible uncontrollable event is caught)
2026-09-28T12:26:51.142488476Z   injected frame loss: 1 %
2026-09-28T12:26:51.142493179Z   ----------------------------------------------------------
2026-09-28T12:26:51.142528996Z   homomorphic vs cleartext oracle : PASS — every encrypted bit matched
2026-09-28T12:26:51.142535199Z      (PASS certifies the cryptography: each node's encrypted bits
2026-09-28T12:26:51.142540001Z       match its own clear model for the events it applied. It does
2026-09-28T12:26:51.142547805Z       not certify the distributed run — read the skips for that.)
2026-09-28T12:26:51.142552607Z   distributed vs MONOLITHIC sup.  : off — this header has no monolithic supervisor
2026-09-28T12:26:51.142557009Z   safe halt                       : no — ran to completion
2026-09-28T12:26:51.142561311Z ============================================================
2026-09-28T12:27:01.133466413Z @@RESULT {"node":1,"nodes":2,"family":"LOCAL MODULAR","data":"supervisor_data_fms.h","transport":"UDP/IP multicast (RFC 1112)","fingerprint":"edbd7971","supervisors":["S0","S1","S2","S3"],"fired":{"local":80,"ctrl":40,"unctrl":40},"applied_for_peers":0,"skips":0,"impossible":0,"tx":154,"rx":235,"retx":1,"auth_bad":0,"replays":0,"challenges":1,"mac_us":6.83,"rxq_peak":2,"rxq_drops":0,"sync_wait_ms":6505.9,"oracle":"PASS","safe_halt":false,"halt_reason":"","cycle_end_ms":[8491.1,16535.4,23065.1,29602.5,36436.8],"rounds":5,"work_ms":0,"emu_scalarmul_ms":69.0,"loss_pct":1,"loss_seed":1629599175,"exit":0}
