2026-09-28T12:26:19.406582223Z des_container: node 2 of 2, LOCAL MODULAR, data supervisor_data_fms.h, transport UDP/IP multicast (RFC 1112)
2026-09-28T12:26:19.406713686Z des_container: EMULATING the ESP32 — every decryption takes at least 69.0 ms (DES_EMU_SCALARMUL_MS)
2026-09-28T12:26:19.406726192Z des_container: dropping 1 % of received frames, seed 3941879991 (DES_LOSS_SEED to replay)
2026-09-28T12:26:19.406730394Z 
2026-09-28T12:26:19.406733695Z ============================================================
2026-09-28T12:26:19.406736797Z   Distributed Homomorphic DES — generic engine
2026-09-28T12:26:19.406740398Z   node 2/2   family LOCAL MODULAR   7 supervisors   31 events
2026-09-28T12:26:19.406743900Z   data: supervisor_data_fms.h
2026-09-28T12:26:19.406747202Z ============================================================
2026-09-28T12:26:19.421338272Z --- event routing (DERIVED from the header, not hardcoded) ---
2026-09-28T12:26:19.421425713Z   event  ctrl  nodes      owner  class
2026-09-28T12:26:19.421431816Z   11     yes   1          1      local — no network
2026-09-28T12:26:19.421437619Z   12     no    1          1      local — no network
2026-09-28T12:26:19.421442621Z   21     yes   1          1      local — no network
2026-09-28T12:26:19.421447023Z   22     no    1          1      local — no network
2026-09-28T12:26:19.421450925Z   30     no    1 2        1      SHARED — needs network
2026-09-28T12:26:19.421457028Z   31     yes   1 2        1      SHARED — needs network
2026-09-28T12:26:19.421463731Z   32     no    1 2        1      SHARED — needs network
2026-09-28T12:26:19.421477538Z   33     yes   1 2        1      SHARED — needs network
2026-09-28T12:26:19.421481340Z   34     no    1 2        1      SHARED — needs network
2026-09-28T12:26:19.421485342Z   35     yes   1 2        1      SHARED — needs network
2026-09-28T12:26:19.421488743Z   36     no    1 2        1      SHARED — needs network
2026-09-28T12:26:19.421491044Z   37     yes   1 2        1      SHARED — needs network
2026-09-28T12:26:19.421493346Z   38     no    1 2        1      SHARED — needs network
2026-09-28T12:26:19.421495547Z   39     yes   1 2        1      SHARED — needs network
2026-09-28T12:26:19.421498048Z   41     yes   1          1      local — no network
2026-09-28T12:26:19.421500749Z   42     no    1          1      local — no network
2026-09-28T12:26:19.421503150Z   51     yes   1          1      local — no network
2026-09-28T12:26:19.421505351Z   52     no    1          1      local — no network
2026-09-28T12:26:19.421507552Z   53     yes   1          1      local — no network
2026-09-28T12:26:19.421509753Z   54     no    1          1      local — no network
2026-09-28T12:26:19.421512755Z   61     yes   2          2      local — no network
2026-09-28T12:26:19.421514956Z   63     yes   2          2      local — no network
2026-09-28T12:26:19.421541469Z   64     no    2          2      local — no network
2026-09-28T12:26:19.421544570Z   65     yes   2          2      local — no network
2026-09-28T12:26:19.421546871Z   66     no    2          2      local — no network
2026-09-28T12:26:19.421549272Z   71     yes   2          2      local — no network
2026-09-28T12:26:19.421551473Z   72     no    2          2      local — no network
2026-09-28T12:26:19.421553674Z   73     yes   2          2      local — no network
2026-09-28T12:26:19.421556076Z   74     no    2          2      local — no network
2026-09-28T12:26:19.421558277Z   81     yes   2          2      local — no network
2026-09-28T12:26:19.421560678Z   82     no    2          2      local — no network
2026-09-28T12:26:19.421563279Z   => 10/31 events shared; 21/31 need ZERO network traffic; 21 concern this node
2026-09-28T12:26:19.421566881Z   NOTE controllability was INFERRED from event labels (the header
2026-09-28T12:26:19.421569482Z        does not carry it). Check the 'ctrl' column above; if it is
2026-09-28T12:26:19.421573584Z        wrong, set DES_CONTROLLABLE_MASK explicitly.
2026-09-28T12:26:19.421575985Z 
2026-09-28T12:26:19.421578286Z [init] config fingerprint edbd7971 — every node must print the same
2026-09-28T12:26:19.421580887Z 
2026-09-28T12:26:19.422076124Z [net] UDP multicast 239.192.7.1:5077  ttl=1  frame=44 B
2026-09-28T12:26:19.422119245Z --- crypto self-test ---
2026-09-28T12:26:19.429011937Z   Enc(0)->0 Enc(1)->1                PASS
2026-09-28T12:26:19.430353178Z   Enc(1)+Enc(1)->1 homomorphic OR   PASS
2026-09-28T12:26:19.432263490Z   Enc(0)+Enc(0)->0                  PASS
2026-09-28T12:26:19.432318216Z   curve secp192r1, ciphertext 50 B    PASS
2026-09-28T12:26:19.433679567Z   frame tag HMAC-SHA256/128: 13.5 us, 1-bit tamper caught  PASS
2026-09-28T12:26:19.433715184Z 
2026-09-28T12:26:19.434965681Z --- encrypting my supervisors' initial states ---
2026-09-28T12:26:19.437642660Z [load] S4         idx 4   44 states  15 constraining ev    2200 B ciphertext
2026-09-28T12:26:19.437673775Z [load] S5         idx 5   44 states  15 constraining ev    2200 B ciphertext
2026-09-28T12:26:19.437679077Z [load] S6         idx 6  164 states  21 constraining ev    8200 B ciphertext
2026-09-28T12:26:12.625026549Z [init] my keypair is mine alone; no ciphertext ever leaves this node
2026-09-28T12:26:12.625102986Z [init] my enablement: 11=1 12=1 21=1 22=1 30=0 31=1 32=0 33=1 34=0 35=1 36=0 37=1 38=0 39=1 41=1 42=1 51=1 52=1 53=1 54=1 61=0 63=0 64=0 65=0 66=0 71=0 72=0 73=0 74=0 81=0 82=0
2026-09-28T12:26:12.625110189Z 
2026-09-28T12:26:12.826522101Z [net] waiting for 1 peer(s). all present.
2026-09-28T12:26:14.325206552Z 
2026-09-28T12:26:14.325292093Z ============================================================
2026-09-28T12:26:14.325306000Z   RUN — SIM_SEQ driver — 5 cycles x 44 steps — LOCAL MODULAR
2026-09-28T12:26:14.325311802Z   columns: cN sNN = cycle/step of MY walk; · = a peer caused this
2026-09-28T12:26:14.325315504Z   'done at': run clock, common to all nodes; a cycle is over at the
2026-09-28T12:26:14.325318606Z   LATEST node's print, machine time (DES_WORK_MS 0) included
2026-09-28T12:26:14.325321707Z ============================================================
2026-09-28T12:26:14.325325009Z 
2026-09-28T12:26:14.325328110Z -- cycle 1/5 --
2026-09-28T12:26:15.072102434Z     ·     vote   31    YES to node 1          (seq 1)
2026-09-28T12:26:15.429843723Z     ·     apply  31       355.0 ms HE    5 dec  from node 1  (seq 1)
2026-09-28T12:26:16.303272948Z     ·     apply  32       565.0 ms HE    8 dec  from node 1  (seq 2)
2026-09-28T12:26:16.435490206Z     ·     vote   33    YES to node 1          (seq 3)
2026-09-28T12:26:16.794370839Z     ·     apply  33       356.4 ms HE    5 dec  from node 1  (seq 3)
2026-09-28T12:26:17.365476148Z     ·     apply  34       565.6 ms HE    8 dec  from node 1  (seq 4)
2026-09-28T12:26:17.370137175Z     ·     vote   35    YES to node 1          (seq 5)
2026-09-28T12:26:17.726548228Z     ·     apply  35       353.5 ms HE    5 dec  from node 1  (seq 5)
2026-09-28T12:26:29.420021464Z     ·     apply  36       574.8 ms HE    8 dec  from node 1  (seq 6)
2026-09-28T12:26:29.424955120Z     ·     vote   39    YES to node 1          (seq 7)
2026-09-28T12:26:18.790927827Z     ·     apply  39       418.3 ms HE    6 dec  from node 1  (seq 7)
2026-09-28T12:26:19.070874954Z c1  s15  local  61       277.5 ms HE    4 dec  0 frames
2026-09-28T12:26:19.351041986Z     ·     apply  30       277.6 ms HE    4 dec  from node 1  (seq 8)
2026-09-28T12:26:19.422731731Z c1  s17  local  71        69.4 ms HE    1 dec  0 frames
2026-09-28T12:26:19.492094465Z c1  s18  local  72        69.3 ms HE    1 dec  0 frames
2026-09-28T12:26:19.562347524Z c1  s19  local  81        69.3 ms HE    1 dec  0 frames
2026-09-28T12:26:19.631043739Z c1  s20  local  82        69.3 ms HE    1 dec  0 frames
2026-09-28T12:26:19.701080294Z c1  s21  local  73        69.5 ms HE    1 dec  0 frames
2026-09-28T12:26:19.770326673Z c1  s22  local  74        69.4 ms HE    1 dec  0 frames
2026-09-28T12:26:20.048586093Z c1  s23  local  65       278.0 ms HE    4 dec  0 frames
2026-09-28T12:26:20.326357381Z c1  s24  local  66       277.6 ms HE    4 dec  0 frames
2026-09-28T12:26:20.329229253Z     ·     vote   31    YES to node 1          (seq 9)
2026-09-28T12:26:20.540995211Z     ·     apply  31       209.6 ms HE    3 dec  from node 1  (seq 9)
2026-09-28T12:26:20.890882147Z     ·     apply  32       278.1 ms HE    4 dec  from node 1  (seq 10)
2026-09-28T12:26:21.033760698Z     ·     vote   35    YES to node 1          (seq 11)
2026-09-28T12:26:21.244846231Z     ·     apply  35       208.7 ms HE    3 dec  from node 1  (seq 11)
2026-09-28T12:26:21.593061969Z     ·     apply  36       277.7 ms HE    4 dec  from node 1  (seq 12)
2026-09-28T12:26:21.942782426Z c1  s35  local  61       347.1 ms HE    5 dec  0 frames
2026-09-28T12:26:21.945255107Z     ·     vote   33    YES to node 1          (seq 13)
2026-09-28T12:26:22.156057504Z     ·     apply  33       208.4 ms HE    3 dec  from node 1  (seq 13)
2026-09-28T12:26:22.505892216Z     ·     apply  34       277.9 ms HE    4 dec  from node 1  (seq 14)
2026-09-28T12:26:22.647746077Z     ·     vote   37    YES to node 1          (seq 15)
2026-09-28T12:26:22.862008628Z     ·     apply  37       208.4 ms HE    3 dec  from node 1  (seq 15)
2026-09-28T12:26:23.140118177Z     ·     apply  38       208.2 ms HE    3 dec  from node 1  (seq 16)
2026-09-28T12:26:34.404425355Z c1  s42  local  63       208.6 ms HE    3 dec  0 frames
2026-09-28T12:26:23.564215676Z c1  s43  local  64       208.5 ms HE    3 dec  0 frames
2026-09-28T12:26:23.564282608Z -- cycle 1/5 done at 8865.8 ms --
2026-09-28T12:26:23.564287510Z 
2026-09-28T12:26:23.564290412Z -- cycle 2/5 --
2026-09-28T12:26:23.569467685Z     ·     vote   31    YES to node 1          (seq 17)
2026-09-28T12:26:23.780690683Z     ·     apply  31       208.5 ms HE    3 dec  from node 1  (seq 17)
2026-09-28T12:26:24.062340724Z     ·     apply  32       208.2 ms HE    3 dec  from node 1  (seq 18)
2026-09-28T12:26:24.341375415Z     ·     vote   33    YES to node 1          (seq 19)
2026-09-28T12:26:24.553529658Z     ·     apply  33       208.7 ms HE    3 dec  from node 1  (seq 19)
2026-09-28T12:26:24.833235470Z     ·     apply  34       208.4 ms HE    3 dec  from node 1  (seq 20)
2026-09-28T12:26:24.904748631Z     ·     vote   35    YES to node 1          (seq 21)
2026-09-28T12:26:26.405144850Z     ·     vote   35    YES to node 1          (seq 21)
2026-09-28T12:26:26.618602916Z     ·     apply  35       208.6 ms HE    3 dec  from node 1  (seq 21)
2026-09-28T12:26:27.038315007Z     ·     apply  36       208.6 ms HE    3 dec  from node 1  (seq 22)
2026-09-28T12:26:27.109916810Z     ·     vote   39    YES to node 1          (seq 23)
2026-09-28T12:26:27.322820711Z     ·     apply  39       208.8 ms HE    3 dec  from node 1  (seq 23)
2026-09-28T12:26:27.532835132Z c2  s15  local  61       208.1 ms HE    3 dec  0 frames
2026-09-28T12:26:27.743816215Z     ·     apply  30       208.1 ms HE    3 dec  from node 1  (seq 24)
2026-09-28T12:26:27.815742473Z c2  s17  local  71        69.4 ms HE    1 dec  0 frames
2026-09-28T12:26:27.884908613Z c2  s18  local  72        69.3 ms HE    1 dec  0 frames
2026-09-28T12:26:27.956060502Z c2  s19  local  81        70.6 ms HE    1 dec  0 frames
2026-09-28T12:26:28.025164612Z c2  s20  local  82        69.4 ms HE    1 dec  0 frames
2026-09-28T12:26:28.095842173Z c2  s21  local  73        69.8 ms HE    1 dec  0 frames
2026-09-28T12:26:28.164886355Z c2  s22  local  74        69.4 ms HE    1 dec  0 frames
2026-09-28T12:26:39.419986945Z c2  s23  local  65       208.4 ms HE    3 dec  0 frames
2026-09-28T12:26:28.571124204Z c2  s24  local  66       208.0 ms HE    3 dec  0 frames
2026-09-28T12:26:28.573412297Z     ·     vote   31    YES to node 1          (seq 25)
2026-09-28T12:26:28.784225799Z     ·     apply  31       208.1 ms HE    3 dec  from node 1  (seq 25)
2026-09-28T12:26:29.063861278Z     ·     apply  32       208.5 ms HE    3 dec  from node 1  (seq 26)
2026-09-28T12:26:29.274790035Z     ·     vote   35    YES to node 1          (seq 27)
2026-09-28T12:26:29.486000528Z     ·     apply  35       208.3 ms HE    3 dec  from node 1  (seq 27)
2026-09-28T12:26:29.767263083Z     ·     apply  36       209.0 ms HE    3 dec  from node 1  (seq 28)
2026-09-28T12:26:29.978331208Z c2  s35  local  61       208.1 ms HE    3 dec  0 frames
2026-09-28T12:26:29.981071817Z     ·     vote   33    YES to node 1          (seq 29)
2026-09-28T12:26:30.193234664Z     ·     apply  33       208.5 ms HE    3 dec  from node 1  (seq 29)
2026-09-28T12:26:30.474125142Z     ·     apply  34       209.4 ms HE    3 dec  from node 1  (seq 30)
2026-09-28T12:26:30.684193589Z     ·     vote   37    YES to node 1          (seq 31)
2026-09-28T12:26:30.895177073Z     ·     apply  37       208.6 ms HE    3 dec  from node 1  (seq 31)
2026-09-28T12:26:31.176303063Z     ·     apply  38       208.3 ms HE    3 dec  from node 1  (seq 32)
2026-09-28T12:26:31.388897216Z c2  s42  local  63       209.1 ms HE    3 dec  0 frames
2026-09-28T12:26:31.596789624Z c2  s43  local  64       208.5 ms HE    3 dec  0 frames
2026-09-28T12:26:31.596843149Z -- cycle 2/5 done at 16908.6 ms --
2026-09-28T12:26:31.596849152Z 
2026-09-28T12:26:31.596852454Z -- cycle 3/5 --
2026-09-28T12:26:31.599238994Z     ·     vote   31    YES to node 1          (seq 33)
2026-09-28T12:26:31.812052052Z     ·     apply  31       208.4 ms HE    3 dec  from node 1  (seq 33)
2026-09-28T12:26:32.092210179Z     ·     apply  32       208.1 ms HE    3 dec  from node 1  (seq 34)
2026-09-28T12:26:32.372719475Z     ·     vote   33    YES to node 1          (seq 35)
2026-09-28T12:26:32.586722801Z     ·     apply  33       208.7 ms HE    3 dec  from node 1  (seq 35)
2026-09-28T12:26:32.866142276Z     ·     apply  34       208.3 ms HE    3 dec  from node 1  (seq 36)
2026-09-28T12:26:32.935396458Z     ·     vote   35    YES to node 1          (seq 37)
2026-09-28T12:26:33.149244411Z     ·     apply  35       208.6 ms HE    3 dec  from node 1  (seq 37)
2026-09-28T12:26:44.619880893Z     ·     apply  36       208.2 ms HE    3 dec  from node 1  (seq 38)
2026-09-28T12:26:33.696814227Z     ·     vote   39    YES to node 1          (seq 39)
2026-09-28T12:26:33.907288768Z     ·     apply  39       208.0 ms HE    3 dec  from node 1  (seq 39)
2026-09-28T12:26:34.117823537Z c3  s15  local  61       208.1 ms HE    3 dec  0 frames
2026-09-28T12:26:34.328919875Z     ·     apply  30       208.6 ms HE    3 dec  from node 1  (seq 40)
2026-09-28T12:26:34.400676052Z c3  s17  local  71        69.3 ms HE    1 dec  0 frames
2026-09-28T12:26:34.470210568Z c3  s18  local  72        69.4 ms HE    1 dec  0 frames
2026-09-28T12:26:34.539481658Z c3  s19  local  81        69.3 ms HE    1 dec  0 frames
2026-09-28T12:26:34.609058494Z c3  s20  local  82        69.5 ms HE    1 dec  0 frames
2026-09-28T12:26:34.678485558Z c3  s21  local  73        69.3 ms HE    1 dec  0 frames
2026-09-28T12:26:34.748930009Z c3  s22  local  74        70.0 ms HE    1 dec  0 frames
2026-09-28T12:26:34.956778695Z c3  s23  local  65       208.0 ms HE    3 dec  0 frames
2026-09-28T12:26:35.165850166Z c3  s24  local  66       208.9 ms HE    3 dec  0 frames
2026-09-28T12:26:35.168412490Z     ·     vote   31    YES to node 1          (seq 41)
2026-09-28T12:26:35.380344627Z     ·     apply  31       208.5 ms HE    3 dec  from node 1  (seq 41)
2026-09-28T12:26:35.659030551Z     ·     apply  32       208.5 ms HE    3 dec  from node 1  (seq 42)
2026-09-28T12:26:35.868101922Z     ·     vote   35    YES to node 1          (seq 43)
2026-09-28T12:26:36.079044987Z     ·     apply  35       208.4 ms HE    3 dec  from node 1  (seq 43)
2026-09-28T12:26:36.361429078Z     ·     apply  36       208.8 ms HE    3 dec  from node 1  (seq 44)
2026-09-28T12:26:36.571393275Z c3  s35  local  61       208.0 ms HE    3 dec  0 frames
2026-09-28T12:26:36.574150592Z     ·     vote   33    YES to node 1          (seq 45)
2026-09-28T12:26:36.785895540Z     ·     apply  33       208.5 ms HE    3 dec  from node 1  (seq 45)
2026-09-28T12:26:37.065447578Z     ·     apply  34       208.1 ms HE    3 dec  from node 1  (seq 46)
2026-09-28T12:26:37.278002813Z     ·     vote   37    YES to node 1          (seq 47)
2026-09-28T12:26:37.488826321Z     ·     apply  37       208.2 ms HE    3 dec  from node 1  (seq 47)
2026-09-28T12:26:37.768573052Z     ·     apply  38       208.2 ms HE    3 dec  from node 1  (seq 48)
2026-09-28T12:26:37.978529645Z c3  s42  local  63       208.3 ms HE    3 dec  0 frames
2026-09-28T12:26:38.186977918Z c3  s43  local  64       208.1 ms HE    3 dec  0 frames
2026-09-28T12:26:38.187025741Z -- cycle 3/5 done at 23437.1 ms --
2026-09-28T12:26:38.187028943Z 
2026-09-28T12:26:38.187031044Z -- cycle 4/5 --
2026-09-28T12:26:38.189790362Z     ·     vote   31    YES to node 1          (seq 49)
2026-09-28T12:26:49.391425630Z     ·     apply  31       208.5 ms HE    3 dec  from node 1  (seq 49)
2026-09-28T12:26:38.591744314Z     ·     apply  32       208.7 ms HE    3 dec  from node 1  (seq 50)
2026-09-28T12:26:38.871526462Z     ·     vote   33    YES to node 1          (seq 51)
2026-09-28T12:26:39.086915951Z     ·     apply  33       209.7 ms HE    3 dec  from node 1  (seq 51)
2026-09-28T12:26:39.364775981Z     ·     apply  34       208.4 ms HE    3 dec  from node 1  (seq 52)
2026-09-28T12:26:39.434952403Z     ·     vote   35    YES to node 1          (seq 53)
2026-09-28T12:26:39.647016603Z     ·     apply  35       209.6 ms HE    3 dec  from node 1  (seq 53)
2026-09-28T12:26:40.064955947Z     ·     apply  36       208.6 ms HE    3 dec  from node 1  (seq 54)
2026-09-28T12:26:40.137522111Z     ·     vote   39    YES to node 1          (seq 55)
2026-09-28T12:26:40.348177038Z     ·     apply  39       208.4 ms HE    3 dec  from node 1  (seq 55)
2026-09-28T12:26:40.559616840Z c4  s15  local  61       208.4 ms HE    3 dec  0 frames
2026-09-28T12:26:40.770415436Z     ·     apply  30       208.1 ms HE    3 dec  from node 1  (seq 56)
2026-09-28T12:26:40.842107482Z c4  s17  local  71        69.5 ms HE    1 dec  0 frames
2026-09-28T12:26:40.911369468Z c4  s18  local  72        69.2 ms HE    1 dec  0 frames
2026-09-28T12:26:40.981686057Z c4  s19  local  81        69.5 ms HE    1 dec  0 frames
2026-09-28T12:26:41.051304813Z c4  s20  local  82        69.5 ms HE    1 dec  0 frames
2026-09-28T12:26:41.120753188Z c4  s21  local  73        69.5 ms HE    1 dec  0 frames
2026-09-28T12:26:41.189755449Z c4  s22  local  74        69.3 ms HE    1 dec  0 frames
2026-09-28T12:26:41.399243119Z c4  s23  local  65       209.0 ms HE    3 dec  0 frames
2026-09-28T12:26:41.608491874Z c4  s24  local  66       209.1 ms HE    3 dec  0 frames
2026-09-28T12:26:41.613972492Z     ·     vote   31    YES to node 1          (seq 57)
2026-09-28T12:26:41.824446232Z     ·     apply  31       208.4 ms HE    3 dec  from node 1  (seq 57)
2026-09-28T12:26:42.103908128Z     ·     apply  32       208.0 ms HE    3 dec  from node 1  (seq 58)
2026-09-28T12:26:42.313490142Z     ·     vote   35    YES to node 1          (seq 59)
2026-09-28T12:26:42.524456318Z     ·     apply  35       208.6 ms HE    3 dec  from node 1  (seq 59)
2026-09-28T12:26:42.806420709Z     ·     apply  36       208.7 ms HE    3 dec  from node 1  (seq 60)
2026-09-28T12:26:43.018461498Z c4  s35  local  61       209.6 ms HE    3 dec  0 frames
2026-09-28T12:26:43.021705847Z     ·     vote   33    YES to node 1          (seq 61)
2026-09-28T12:26:43.231762989Z     ·     apply  33       208.0 ms HE    3 dec  from node 1  (seq 61)
2026-09-28T12:26:43.545681257Z     ·     apply  34       208.4 ms HE    3 dec  from node 1  (seq 62)
2026-09-28T12:26:43.755379427Z     ·     vote   37    YES to node 1          (seq 63)
2026-09-28T12:26:43.969785046Z     ·     apply  37       208.9 ms HE    3 dec  from node 1  (seq 63)
2026-09-28T12:26:44.249170605Z     ·     apply  38       208.8 ms HE    3 dec  from node 1  (seq 64)
2026-09-28T12:26:44.459540896Z c4  s42  local  63       208.4 ms HE    3 dec  0 frames
2026-09-28T12:26:44.668118431Z c4  s43  local  64       208.3 ms HE    3 dec  0 frames
2026-09-28T12:26:44.668198169Z -- cycle 4/5 done at 29975.7 ms --
2026-09-28T12:26:44.668202771Z 
2026-09-28T12:26:44.668205072Z -- cycle 5/5 --
2026-09-28T12:26:44.671462528Z     ·     vote   31    YES to node 1          (seq 65)
2026-09-28T12:26:44.882573873Z     ·     apply  31       208.4 ms HE    3 dec  from node 1  (seq 65)
2026-09-28T12:26:45.164437816Z     ·     apply  32       209.3 ms HE    3 dec  from node 1  (seq 66)
2026-09-28T12:26:45.443410277Z     ·     vote   33    YES to node 1          (seq 67)
2026-09-28T12:26:45.656433436Z     ·     apply  33       208.4 ms HE    3 dec  from node 1  (seq 67)
2026-09-28T12:26:45.934050650Z     ·     apply  34       208.0 ms HE    3 dec  from node 1  (seq 68)
2026-09-28T12:26:46.006321472Z     ·     vote   35    YES to node 1          (seq 69)
2026-09-28T12:26:46.216111286Z     ·     apply  35       208.3 ms HE    3 dec  from node 1  (seq 69)
2026-09-28T12:26:46.634665124Z     ·     apply  36       208.2 ms HE    3 dec  from node 1  (seq 70)
2026-09-28T12:26:46.704399135Z     ·     vote   39    YES to node 1          (seq 71)
2026-09-28T12:26:46.918161146Z     ·     apply  39       208.3 ms HE    3 dec  from node 1  (seq 71)
2026-09-28T12:26:47.129702396Z c5  s15  local  61       208.5 ms HE    3 dec  0 frames
2026-09-28T12:26:47.645923688Z     ·     apply  30       208.6 ms HE    3 dec  from node 1  (seq 72)
2026-09-28T12:26:47.716190954Z c5  s17  local  71        69.7 ms HE    1 dec  0 frames
2026-09-28T12:26:47.785570696Z c5  s18  local  72        69.4 ms HE    1 dec  0 frames
2026-09-28T12:26:47.854639689Z c5  s19  local  81        69.3 ms HE    1 dec  0 frames
2026-09-28T12:26:47.925550763Z c5  s20  local  82        69.7 ms HE    1 dec  0 frames
2026-09-28T12:26:47.994174543Z c5  s21  local  73        69.4 ms HE    1 dec  0 frames
2026-09-28T12:26:48.064398388Z c5  s22  local  74        69.8 ms HE    1 dec  0 frames
2026-09-28T12:26:48.272289295Z c5  s23  local  65       208.1 ms HE    3 dec  0 frames
2026-09-28T12:26:59.524821625Z c5  s24  local  66       208.6 ms HE    3 dec  0 frames
2026-09-28T12:26:59.527676589Z     ·     vote   31    YES to node 1          (seq 73)
2026-09-28T12:26:48.685356237Z     ·     apply  31       208.0 ms HE    3 dec  from node 1  (seq 73)
2026-09-28T12:26:48.964581719Z     ·     apply  32       208.3 ms HE    3 dec  from node 1  (seq 74)
2026-09-28T12:26:49.175392221Z     ·     vote   35    YES to node 1          (seq 75)
2026-09-28T12:26:49.387765168Z     ·     apply  35       208.9 ms HE    3 dec  from node 1  (seq 75)
2026-09-28T12:26:49.664716764Z     ·     apply  36       208.2 ms HE    3 dec  from node 1  (seq 76)
2026-09-28T12:26:49.874826731Z c5  s35  local  61       208.1 ms HE    3 dec  0 frames
2026-09-28T12:26:49.877589551Z     ·     vote   33    YES to node 1          (seq 77)
2026-09-28T12:26:50.088601849Z     ·     apply  33       208.4 ms HE    3 dec  from node 1  (seq 77)
2026-09-28T12:26:50.367969899Z     ·     apply  34       208.5 ms HE    3 dec  from node 1  (seq 78)
2026-09-28T12:26:50.580491818Z     ·     vote   37    YES to node 1          (seq 79)
2026-09-28T12:26:50.793439740Z     ·     apply  37       208.3 ms HE    3 dec  from node 1  (seq 79)
2026-09-28T12:26:51.074165139Z     ·     apply  38       208.9 ms HE    3 dec  from node 1  (seq 80)
2026-09-28T12:26:51.286168610Z c5  s42  local  63       208.7 ms HE    3 dec  0 frames
2026-09-28T12:26:51.494789566Z c5  s43  local  64       208.6 ms HE    3 dec  0 frames
2026-09-28T12:26:51.494895917Z -- cycle 5/5 done at 36811.4 ms --
2026-09-28T12:26:51.494916927Z 
2026-09-28T12:26:51.494928132Z ============================================================
2026-09-28T12:26:51.494940638Z   SUMMARY — node 2/2 — LOCAL MODULAR — UDP/IP multicast (RFC 1112)
2026-09-28T12:26:51.494952644Z ============================================================
2026-09-28T12:26:51.494963349Z   events this node FIRED:
2026-09-28T12:26:51.494973954Z   local (no network)     n=60   avg   144.88 ms  (HE  144.74 + net    0.00)  min   69.30  max   347.20  100.0%
2026-09-28T12:26:51.494984359Z   shared controllable          (none on this node)
2026-09-28T12:26:51.494990262Z   shared uncontroll.           (none on this node)
2026-09-28T12:26:51.494996064Z   events this node APPLIED for a peer (participant side):
2026-09-28T12:26:51.495001967Z   shared, applied        n=80   avg   233.58 ms  (HE  233.58 + net    0.00)  min  207.99  max   574.76
2026-09-28T12:26:51.495008170Z   run clock, end of cycles 1..5 (ms): 8865.8 16908.6 23437.1 29975.7 36811.4
2026-09-28T12:26:51.495015674Z      a cycle is over at the LATEST node's value; DES_WORK_MS 0 included
2026-09-28T12:26:51.495021977Z   ----------------------------------------------------------
2026-09-28T12:26:51.495027980Z   all events            n=60   avg   144.88 ms  (HE  144.74 + net    0.00)
2026-09-28T12:26:51.495033983Z   PEER-WAIT + WIRE      0.0 % of total step time
2026-09-28T12:26:51.495039785Z      (compare against the round-trip probe above: the excess is
2026-09-28T12:26:51.495045488Z       the peer's own HE work, not the link.)
2026-09-28T12:26:51.495051091Z   frames: tx=238 rx=154 retransmits=0
2026-09-28T12:26:51.495056793Z   authentication: HMAC-SHA256/128, 13.5 us per frame; 0 rejected (bad tag), 0 stale/replayed dropped, 1 epoch challenges
2026-09-28T12:26:51.495062896Z   rx queue: peak 1/64 frames
2026-09-28T12:26:51.495109719Z   plant check: 0 event reports rejected as physically impossible
2026-09-28T12:26:51.495121925Z      (these supervisors carry the plant: an impossible uncontrollable event is caught)
2026-09-28T12:26:51.495131829Z   injected frame loss: 1 %
2026-09-28T12:26:51.495141134Z   ----------------------------------------------------------
2026-09-28T12:26:51.495150038Z   homomorphic vs cleartext oracle : PASS — every encrypted bit matched
2026-09-28T12:26:51.495159743Z      (PASS certifies the cryptography: each node's encrypted bits
2026-09-28T12:26:51.495170048Z       match its own clear model for the events it applied. It does
2026-09-28T12:26:51.495179852Z       not certify the distributed run — read the skips for that.)
2026-09-28T12:26:51.495190057Z   distributed vs MONOLITHIC sup.  : off — this header has no monolithic supervisor
2026-09-28T12:26:51.495200962Z   safe halt                       : no — ran to completion
2026-09-28T12:26:51.495211768Z ============================================================
2026-09-28T12:27:01.501786855Z @@RESULT {"node":2,"nodes":2,"family":"LOCAL MODULAR","data":"supervisor_data_fms.h","transport":"UDP/IP multicast (RFC 1112)","fingerprint":"edbd7971","supervisors":["S4","S5","S6"],"fired":{"local":60,"ctrl":0,"unctrl":0},"applied_for_peers":80,"skips":0,"impossible":0,"tx":238,"rx":154,"retx":0,"auth_bad":0,"replays":0,"challenges":1,"mac_us":13.52,"rxq_peak":1,"rxq_drops":0,"sync_wait_ms":0.0,"oracle":"PASS","safe_halt":false,"halt_reason":"","cycle_end_ms":[8865.8,16908.6,23437.1,29975.7,36811.4],"rounds":5,"work_ms":0,"emu_scalarmul_ms":69.0,"loss_pct":1,"loss_seed":3941879991,"exit":0}
