2026-09-28T00:22:52.216560835Z des_container: node 2 of 4, LOCAL MODULAR, data supervisor_data_fms.h, transport UDP/IP multicast (RFC 1112)
2026-09-28T00:22:52.216625443Z des_container: EMULATING the ESP32 — every decryption takes at least 69.0 ms (DES_EMU_SCALARMUL_MS)
2026-09-28T00:22:52.216629944Z 
2026-09-28T00:22:52.216632344Z ============================================================
2026-09-28T00:22:52.216634244Z   Distributed Homomorphic DES — generic engine
2026-09-28T00:22:52.216636345Z   node 2/4   family LOCAL MODULAR   7 supervisors   31 events
2026-09-28T00:22:52.216638645Z   data: supervisor_data_fms.h
2026-09-28T00:22:52.216640645Z ============================================================
2026-09-28T00:22:52.217594365Z --- event routing (DERIVED from the header, not hardcoded) ---
2026-09-28T00:22:52.217664074Z   event  ctrl  nodes      owner  class
2026-09-28T00:22:52.217669174Z   11     yes   1          1      local — no network
2026-09-28T00:22:52.217672075Z   12     no    1          1      local — no network
2026-09-28T00:22:52.217674275Z   21     yes   1          1      local — no network
2026-09-28T00:22:52.217676175Z   22     no    1          1      local — no network
2026-09-28T00:22:52.217678075Z   30     no    1 2 3 4    1      SHARED — needs network
2026-09-28T00:22:52.217680276Z   31     yes   1 2 3 4    1      SHARED — needs network
2026-09-28T00:22:52.217682276Z   32     no    1 2 3 4    1      SHARED — needs network
2026-09-28T00:22:52.217684376Z   33     yes   1 2 3 4    1      SHARED — needs network
2026-09-28T00:22:52.217686276Z   34     no    1 2 3 4    1      SHARED — needs network
2026-09-28T00:22:52.217688477Z   35     yes   1 2 3 4    1      SHARED — needs network
2026-09-28T00:22:52.217690877Z   36     no    1 2 3 4    1      SHARED — needs network
2026-09-28T00:22:52.217692777Z   37     yes   1 2 3 4    1      SHARED — needs network
2026-09-28T00:22:52.217694477Z   38     no    1 2 3 4    1      SHARED — needs network
2026-09-28T00:22:52.217696678Z   39     yes   1 2 3 4    1      SHARED — needs network
2026-09-28T00:22:52.217698478Z   41     yes   2          2      local — no network
2026-09-28T00:22:52.217700378Z   42     no    2          2      local — no network
2026-09-28T00:22:52.217731182Z   51     yes   2          2      local — no network
2026-09-28T00:22:52.217734082Z   52     no    2          2      local — no network
2026-09-28T00:22:52.217735983Z   53     yes   2          2      local — no network
2026-09-28T00:22:52.217737483Z   54     no    2          2      local — no network
2026-09-28T00:22:52.217738983Z   61     yes   3 4        3      SHARED — needs network
2026-09-28T00:22:52.217740183Z   63     yes   3 4        3      SHARED — needs network
2026-09-28T00:22:52.217743384Z   64     no    3 4        3      SHARED — needs network
2026-09-28T00:22:52.217789289Z   65     yes   3 4        3      SHARED — needs network
2026-09-28T00:22:52.217790990Z   66     no    3 4        3      SHARED — needs network
2026-09-28T00:22:52.217792390Z   71     yes   4          4      local — no network
2026-09-28T00:22:52.217793590Z   72     no    4          4      local — no network
2026-09-28T00:22:52.217794790Z   73     yes   4          4      local — no network
2026-09-28T00:22:52.217796090Z   74     no    4          4      local — no network
2026-09-28T00:22:52.217797290Z   81     yes   4          4      local — no network
2026-09-28T00:22:52.217798490Z   82     no    4          4      local — no network
2026-09-28T00:22:52.217799791Z   => 15/31 events shared; 16/31 need ZERO network traffic; 16 concern this node
2026-09-28T00:22:52.217801891Z   NOTE controllability was INFERRED from event labels (the header
2026-09-28T00:22:52.217804691Z        does not carry it). Check the 'ctrl' column above; if it is
2026-09-28T00:22:52.217806491Z        wrong, set DES_CONTROLLABLE_MASK explicitly.
2026-09-28T00:22:52.217808592Z 
2026-09-28T00:22:52.217810492Z [init] config fingerprint 457cc268 — every node must print the same
2026-09-28T00:22:52.217812692Z 
2026-09-28T00:22:52.217814693Z [net] UDP multicast 239.192.7.1:5077  ttl=1  frame=44 B
2026-09-28T00:22:52.217816793Z --- crypto self-test ---
2026-09-28T00:22:52.221414445Z   Enc(0)->0 Enc(1)->1                PASS
2026-09-28T00:22:52.221998618Z   Enc(1)+Enc(1)->1 homomorphic OR   PASS
2026-09-28T00:22:52.222718808Z   Enc(0)+Enc(0)->0                  PASS
2026-09-28T00:22:52.222730310Z   curve secp192r1, ciphertext 50 B    PASS
2026-09-28T00:22:52.222733310Z   frame tag HMAC-SHA256/128: 1.4 us, 1-bit tamper caught  PASS
2026-09-28T00:22:52.222735610Z 
2026-09-28T00:22:52.222737511Z --- encrypting my supervisors' initial states ---
2026-09-28T00:22:52.222827122Z [load] S2         idx 2   18 states  12 constraining ev     900 B ciphertext
2026-09-28T00:22:52.222833523Z [load] S3         idx 3   21 states  14 constraining ev    1050 B ciphertext
2026-09-28T00:22:54.071765811Z [init] my keypair is mine alone; no ciphertext ever leaves this node
2026-09-28T00:22:54.071862724Z [init] my enablement: 11=1 12=1 21=1 22=1 30=0 31=1 32=0 33=1 34=0 35=0 36=0 37=0 38=0 39=0 41=0 42=0 51=0 52=0 53=0 54=0 61=1 63=1 64=1 65=1 66=1 71=1 72=1 73=1 74=1 81=1 82=1
2026-09-28T00:22:54.071883226Z 
2026-09-28T00:22:54.473928415Z [net] waiting for 3 peer(s).. all present.
2026-09-28T00:22:55.979326563Z 
2026-09-28T00:22:55.979369968Z ============================================================
2026-09-28T00:22:55.979377169Z   RUN — SIM_SEQ driver — 5 cycles x 44 steps — LOCAL MODULAR
2026-09-28T00:22:55.979408273Z   columns: cN sNN = cycle/step of MY walk; · = a peer caused this
2026-09-28T00:22:55.979413273Z   'done at': run clock, common to all nodes; a cycle is over at the
2026-09-28T00:22:55.979417674Z   LATEST node's print, machine time (DES_WORK_MS 0) included
2026-09-28T00:22:55.979421975Z ============================================================
2026-09-28T00:22:55.979426475Z 
2026-09-28T00:22:55.979430476Z -- cycle 1/5 --
2026-09-28T00:22:56.806175165Z     ·     vote   31    YES to node 1          (seq 1)
2026-09-28T00:22:56.952370024Z     ·     apply  31       143.0 ms HE    2 dec  from node 1  (seq 1)
2026-09-28T00:22:57.379981924Z     ·     apply  32       349.4 ms HE    5 dec  from node 1  (seq 2)
2026-09-28T00:22:57.452950787Z c1  s5   local  41        70.1 ms HE    1 dec  0 frames
2026-09-28T00:22:57.521791432Z c1  s7   local  42        69.3 ms HE    1 dec  0 frames
2026-09-28T00:22:57.524303747Z     ·     vote   33    YES to node 1          (seq 3)
2026-09-28T00:22:57.666918857Z     ·     apply  33       139.5 ms HE    2 dec  from node 1  (seq 3)
2026-09-28T00:22:57.888258353Z     ·     apply  34       139.2 ms HE    2 dec  from node 1  (seq 4)
2026-09-28T00:22:58.112562221Z     ·     vote   35    YES to node 1          (seq 5)
2026-09-28T00:22:58.254808184Z     ·     apply  35       139.4 ms HE    2 dec  from node 1  (seq 5)
2026-09-28T00:22:58.327931667Z c1  s11  local  53        70.0 ms HE    1 dec  0 frames
2026-09-28T00:22:58.397681426Z c1  s12  local  54        69.6 ms HE    1 dec  0 frames
2026-09-28T00:22:58.539769069Z     ·     apply  36       139.5 ms HE    2 dec  from node 1  (seq 6)
2026-09-28T00:22:58.760885137Z     ·     vote   39    YES to node 1          (seq 7)
2026-09-28T00:22:58.902427012Z     ·     apply  39       139.0 ms HE    2 dec  from node 1  (seq 7)
2026-09-28T00:22:59.405730217Z     ·     apply  30       139.6 ms HE    2 dec  from node 1  (seq 8)
2026-09-28T00:23:00.191239161Z     ·     vote   31    YES to node 1          (seq 9)
2026-09-28T00:23:00.334364734Z     ·     apply  31       139.5 ms HE    2 dec  from node 1  (seq 9)
2026-09-28T00:23:00.479168319Z     ·     apply  32       139.3 ms HE    2 dec  from node 1  (seq 10)
2026-09-28T00:23:00.551758435Z c1  s30  local  41        70.3 ms HE    1 dec  0 frames
2026-09-28T00:23:00.621303068Z c1  s31  local  42        69.6 ms HE    1 dec  0 frames
2026-09-28T00:23:00.626834263Z     ·     vote   35    YES to node 1          (seq 11)
2026-09-28T00:23:00.769051422Z     ·     apply  35       139.6 ms HE    2 dec  from node 1  (seq 11)
2026-09-28T00:23:00.916146495Z     ·     apply  36       139.4 ms HE    2 dec  from node 1  (seq 12)
2026-09-28T00:23:01.278719226Z     ·     vote   33    YES to node 1          (seq 13)
2026-09-28T00:23:01.421459452Z     ·     apply  33       139.6 ms HE    2 dec  from node 1  (seq 13)
2026-09-28T00:23:13.242624358Z     ·     apply  34       139.4 ms HE    2 dec  from node 1  (seq 14)
2026-09-28T00:23:13.314587895Z c1  s38  local  51        69.6 ms HE    1 dec  0 frames
2026-09-28T00:23:13.383669270Z c1  s39  local  52        69.5 ms HE    1 dec  0 frames
2026-09-28T00:23:13.386849169Z     ·     vote   37    YES to node 1          (seq 15)
2026-09-28T00:23:01.858489396Z     ·     apply  37       138.6 ms HE    2 dec  from node 1  (seq 15)
2026-09-28T00:23:02.006429774Z     ·     apply  38       139.5 ms HE    2 dec  from node 1  (seq 16)
2026-09-28T00:23:02.008621850Z -- cycle 1/5 done at 5573.3 ms --
2026-09-28T00:23:02.008666755Z 
2026-09-28T00:23:02.008677257Z -- cycle 2/5 --
2026-09-28T00:23:02.300071750Z     ·     vote   31    YES to node 1          (seq 17)
2026-09-28T00:23:02.442691360Z     ·     apply  31       139.5 ms HE    2 dec  from node 1  (seq 17)
2026-09-28T00:23:02.589638514Z     ·     apply  32       139.5 ms HE    2 dec  from node 1  (seq 18)
2026-09-28T00:23:02.661846582Z c2  s5   local  41        69.6 ms HE    1 dec  0 frames
2026-09-28T00:23:02.732172613Z c2  s7   local  42        69.7 ms HE    1 dec  0 frames
2026-09-28T00:23:02.734939061Z     ·     vote   33    YES to node 1          (seq 19)
2026-09-28T00:23:02.877642081Z     ·     apply  33       139.5 ms HE    2 dec  from node 1  (seq 19)
2026-09-28T00:23:03.023033139Z     ·     apply  34       139.9 ms HE    2 dec  from node 1  (seq 20)
2026-09-28T00:23:03.027750532Z     ·     vote   35    YES to node 1          (seq 21)
2026-09-28T00:23:03.173098084Z     ·     apply  35       139.5 ms HE    2 dec  from node 1  (seq 21)
2026-09-28T00:23:03.245288950Z c2  s11  local  53        69.7 ms HE    1 dec  0 frames
2026-09-28T00:23:03.315124020Z c2  s12  local  54        69.7 ms HE    1 dec  0 frames
2026-09-28T00:23:03.458282498Z     ·     apply  36       139.7 ms HE    2 dec  from node 1  (seq 22)
2026-09-28T00:23:03.466118082Z     ·     vote   39    YES to node 1          (seq 23)
2026-09-28T00:23:03.608474359Z     ·     apply  39       139.7 ms HE    2 dec  from node 1  (seq 23)
2026-09-28T00:23:03.896660649Z     ·     apply  30       139.6 ms HE    2 dec  from node 1  (seq 24)
2026-09-28T00:23:04.540868449Z     ·     vote   31    YES to node 1          (seq 25)
2026-09-28T00:23:04.682462530Z     ·     apply  31       139.0 ms HE    2 dec  from node 1  (seq 25)
2026-09-28T00:23:04.829989057Z     ·     apply  32       139.6 ms HE    2 dec  from node 1  (seq 26)
2026-09-28T00:23:04.901539642Z c2  s30  local  41        69.3 ms HE    1 dec  0 frames
2026-09-28T00:23:04.972165211Z c2  s31  local  42        69.9 ms HE    1 dec  0 frames
2026-09-28T00:23:04.975456924Z     ·     vote   35    YES to node 1          (seq 27)
2026-09-28T00:23:05.117603575Z     ·     apply  35       139.5 ms HE    2 dec  from node 1  (seq 27)
2026-09-28T00:23:05.265308524Z     ·     apply  36       139.7 ms HE    2 dec  from node 1  (seq 28)
2026-09-28T00:23:05.418541867Z     ·     vote   33    YES to node 1          (seq 29)
2026-09-28T00:23:05.561123372Z     ·     apply  33       139.5 ms HE    2 dec  from node 1  (seq 29)
2026-09-28T00:23:05.706038471Z     ·     apply  34       139.9 ms HE    2 dec  from node 1  (seq 30)
2026-09-28T00:23:05.778514672Z c2  s38  local  51        69.7 ms HE    1 dec  0 frames
2026-09-28T00:23:05.848921314Z c2  s39  local  52        69.9 ms HE    1 dec  0 frames
2026-09-28T00:23:05.851555345Z     ·     vote   37    YES to node 1          (seq 31)
2026-09-28T00:23:05.994881644Z     ·     apply  37       139.9 ms HE    2 dec  from node 1  (seq 31)
2026-09-28T00:23:06.139412994Z     ·     apply  38       139.5 ms HE    2 dec  from node 1  (seq 32)
2026-09-28T00:23:06.142122134Z -- cycle 2/5 done at 9706.6 ms --
2026-09-28T00:23:06.142315658Z 
2026-09-28T00:23:06.142345562Z -- cycle 3/5 --
2026-09-28T00:23:06.432342780Z     ·     vote   31    YES to node 1          (seq 33)
2026-09-28T00:23:18.241472946Z     ·     apply  31       138.7 ms HE    2 dec  from node 1  (seq 33)
2026-09-28T00:23:18.385385919Z     ·     apply  32       139.1 ms HE    2 dec  from node 1  (seq 34)
2026-09-28T00:23:06.784850044Z c3  s5   local  41        69.3 ms HE    1 dec  0 frames
2026-09-28T00:23:06.853791402Z c3  s7   local  42        69.2 ms HE    1 dec  0 frames
2026-09-28T00:23:06.855952273Z     ·     vote   33    YES to node 1          (seq 35)
2026-09-28T00:23:07.000849869Z     ·     apply  33       139.6 ms HE    2 dec  from node 1  (seq 35)
2026-09-28T00:23:07.148196473Z     ·     apply  34       140.0 ms HE    2 dec  from node 1  (seq 36)
2026-09-28T00:23:07.154549771Z     ·     vote   35    YES to node 1          (seq 37)
2026-09-28T00:23:07.298809387Z     ·     apply  35       139.3 ms HE    2 dec  from node 1  (seq 37)
2026-09-28T00:23:07.370897140Z c3  s11  local  53        69.6 ms HE    1 dec  0 frames
2026-09-28T00:23:07.440964339Z c3  s12  local  54        69.7 ms HE    1 dec  0 frames
2026-09-28T00:23:07.583107389Z     ·     apply  36       139.3 ms HE    2 dec  from node 1  (seq 38)
2026-09-28T00:23:07.588217831Z     ·     vote   39    YES to node 1          (seq 39)
2026-09-28T00:23:07.733142730Z     ·     apply  39       139.5 ms HE    2 dec  from node 1  (seq 39)
2026-09-28T00:23:08.022831609Z     ·     apply  30       139.8 ms HE    2 dec  from node 1  (seq 40)
2026-09-28T00:23:08.666616056Z     ·     vote   31    YES to node 1          (seq 41)
2026-09-28T00:23:08.809155356Z     ·     apply  31       139.5 ms HE    2 dec  from node 1  (seq 41)
2026-09-28T00:23:08.954677130Z     ·     apply  32       139.8 ms HE    2 dec  from node 1  (seq 42)
2026-09-28T00:23:09.027474172Z c3  s30  local  41        69.8 ms HE    1 dec  0 frames
2026-09-28T00:23:09.097382551Z c3  s31  local  42        69.8 ms HE    1 dec  0 frames
2026-09-28T00:23:09.100760275Z     ·     vote   35    YES to node 1          (seq 43)
2026-09-28T00:23:09.244022766Z     ·     apply  35       139.0 ms HE    2 dec  from node 1  (seq 43)
2026-09-28T00:23:09.389957593Z     ·     apply  36       140.0 ms HE    2 dec  from node 1  (seq 44)
2026-09-28T00:23:09.537784957Z     ·     vote   33    YES to node 1          (seq 45)
2026-09-28T00:23:09.682647949Z     ·     apply  33       139.5 ms HE    2 dec  from node 1  (seq 45)
2026-09-28T00:23:09.827467635Z     ·     apply  34       139.4 ms HE    2 dec  from node 1  (seq 46)
2026-09-28T00:23:09.900135461Z c3  s38  local  51        69.8 ms HE    1 dec  0 frames
2026-09-28T00:23:09.969790708Z c3  s39  local  52        69.5 ms HE    1 dec  0 frames
2026-09-28T00:23:09.972478346Z     ·     vote   37    YES to node 1          (seq 47)
2026-09-28T00:23:10.116681355Z     ·     apply  37       139.0 ms HE    2 dec  from node 1  (seq 47)
2026-09-28T00:23:10.261681964Z     ·     apply  38       139.3 ms HE    2 dec  from node 1  (seq 48)
2026-09-28T00:23:10.263692716Z -- cycle 3/5 done at 13832.4 ms --
2026-09-28T00:23:10.263728321Z 
2026-09-28T00:23:10.263736622Z -- cycle 4/5 --
2026-09-28T00:23:10.557108863Z     ·     vote   31    YES to node 1          (seq 49)
2026-09-28T00:23:10.699587756Z     ·     apply  31       139.2 ms HE    2 dec  from node 1  (seq 49)
2026-09-28T00:23:10.846868551Z     ·     apply  32       139.7 ms HE    2 dec  from node 1  (seq 50)
2026-09-28T00:23:10.918486145Z c4  s5   local  41        69.5 ms HE    1 dec  0 frames
2026-09-28T00:23:10.988783073Z c4  s7   local  42        69.6 ms HE    1 dec  0 frames
2026-09-28T00:23:10.991353596Z     ·     vote   33    YES to node 1          (seq 51)
2026-09-28T00:23:11.137070195Z     ·     apply  33       139.8 ms HE    2 dec  from node 1  (seq 51)
2026-09-28T00:23:11.282331737Z     ·     apply  34       139.7 ms HE    2 dec  from node 1  (seq 52)
2026-09-28T00:23:11.289656557Z     ·     vote   35    YES to node 1          (seq 53)
2026-09-28T00:23:11.434661166Z     ·     apply  35       139.7 ms HE    2 dec  from node 1  (seq 53)
2026-09-28T00:23:11.506818428Z c4  s11  local  53        69.7 ms HE    1 dec  0 frames
2026-09-28T00:23:23.248373679Z c4  s12  local  54        69.6 ms HE    1 dec  0 frames
2026-09-28T00:23:23.391241121Z     ·     apply  36       139.5 ms HE    2 dec  from node 1  (seq 54)
2026-09-28T00:23:23.398664153Z     ·     vote   39    YES to node 1          (seq 55)
2026-09-28T00:23:11.880554527Z     ·     apply  39       138.6 ms HE    2 dec  from node 1  (seq 55)
2026-09-28T00:23:12.168335466Z     ·     apply  30       139.3 ms HE    2 dec  from node 1  (seq 56)
2026-09-28T00:23:12.807534037Z     ·     vote   31    YES to node 1          (seq 57)
2026-09-28T00:23:12.948759372Z     ·     apply  31       138.8 ms HE    2 dec  from node 1  (seq 57)
2026-09-28T00:23:13.093882096Z     ·     apply  32       138.5 ms HE    2 dec  from node 1  (seq 58)
2026-09-28T00:23:13.165662911Z c4  s30  local  41        69.4 ms HE    1 dec  0 frames
2026-09-28T00:23:13.235001218Z c4  s31  local  42        69.3 ms HE    1 dec  0 frames
2026-09-28T00:23:13.237350313Z     ·     vote   35    YES to node 1          (seq 59)
2026-09-28T00:23:13.378595051Z     ·     apply  35       138.7 ms HE    2 dec  from node 1  (seq 59)
2026-09-28T00:23:13.524111224Z     ·     apply  36       138.7 ms HE    2 dec  from node 1  (seq 60)
2026-09-28T00:23:13.670407196Z     ·     vote   33    YES to node 1          (seq 61)
2026-09-28T00:23:13.814929245Z     ·     apply  33       139.5 ms HE    2 dec  from node 1  (seq 61)
2026-09-28T00:23:13.958999138Z     ·     apply  34       138.9 ms HE    2 dec  from node 1  (seq 62)
2026-09-28T00:23:14.030148572Z c4  s38  local  51        69.2 ms HE    1 dec  0 frames
2026-09-28T00:23:14.100282480Z c4  s39  local  52        69.6 ms HE    1 dec  0 frames
2026-09-28T00:23:14.105066681Z     ·     vote   37    YES to node 1          (seq 63)
2026-09-28T00:23:14.247075314Z     ·     apply  37       139.2 ms HE    2 dec  from node 1  (seq 63)
2026-09-28T00:23:14.391460346Z     ·     apply  38       139.0 ms HE    2 dec  from node 1  (seq 64)
2026-09-28T00:23:14.393742833Z -- cycle 4/5 done at 17951.8 ms --
2026-09-28T00:23:14.393812041Z 
2026-09-28T00:23:14.393829443Z -- cycle 5/5 --
2026-09-28T00:23:14.685141026Z     ·     vote   31    YES to node 1          (seq 65)
2026-09-28T00:23:14.827332583Z     ·     apply  31       139.3 ms HE    2 dec  from node 1  (seq 65)
2026-09-28T00:23:14.971169946Z     ·     apply  32       139.1 ms HE    2 dec  from node 1  (seq 66)
2026-09-28T00:23:15.042752635Z c5  s5   local  41        69.4 ms HE    1 dec  0 frames
2026-09-28T00:23:15.112724522Z c5  s7   local  42        69.5 ms HE    1 dec  0 frames
2026-09-28T00:23:15.115557678Z     ·     vote   33    YES to node 1          (seq 67)
2026-09-28T00:23:15.258070075Z     ·     apply  33       139.2 ms HE    2 dec  from node 1  (seq 67)
2026-09-28T00:23:15.402956369Z     ·     apply  34       139.3 ms HE    2 dec  from node 1  (seq 68)
2026-09-28T00:23:15.408181826Z     ·     vote   35    YES to node 1          (seq 69)
2026-09-28T00:23:15.556564159Z     ·     apply  35       140.0 ms HE    2 dec  from node 1  (seq 69)
2026-09-28T00:23:15.628337873Z c5  s11  local  53        69.7 ms HE    1 dec  0 frames
2026-09-28T00:23:15.698529788Z c5  s12  local  54        69.8 ms HE    1 dec  0 frames
2026-09-28T00:23:15.843765226Z     ·     apply  36       139.5 ms HE    2 dec  from node 1  (seq 70)
2026-09-28T00:23:15.850245540Z     ·     vote   39    YES to node 1          (seq 71)
2026-09-28T00:23:15.993402218Z     ·     apply  39       139.0 ms HE    2 dec  from node 1  (seq 71)
2026-09-28T00:23:16.283410437Z     ·     apply  30       139.6 ms HE    2 dec  from node 1  (seq 72)
2026-09-28T00:23:16.912373565Z     ·     vote   31    YES to node 1          (seq 73)
2026-09-28T00:23:17.057352071Z     ·     apply  31       139.4 ms HE    2 dec  from node 1  (seq 73)
2026-09-28T00:23:17.202896049Z     ·     apply  32       139.7 ms HE    2 dec  from node 1  (seq 74)
2026-09-28T00:23:17.275290340Z c5  s30  local  41        70.0 ms HE    1 dec  0 frames
2026-09-28T00:23:17.345325235Z c5  s31  local  42        69.7 ms HE    1 dec  0 frames
2026-09-28T00:23:17.348987695Z     ·     vote   35    YES to node 1          (seq 75)
2026-09-28T00:23:17.493387629Z     ·     apply  35       139.3 ms HE    2 dec  from node 1  (seq 75)
2026-09-28T00:23:17.639860123Z     ·     apply  36       139.1 ms HE    2 dec  from node 1  (seq 76)
2026-09-28T00:23:17.790268611Z     ·     vote   33    YES to node 1          (seq 77)
2026-09-28T00:23:17.932239140Z     ·     apply  33       139.3 ms HE    2 dec  from node 1  (seq 77)
2026-09-28T00:23:18.077002119Z     ·     apply  34       139.3 ms HE    2 dec  from node 1  (seq 78)
2026-09-28T00:23:18.149679746Z c5  s38  local  51        69.6 ms HE    1 dec  0 frames
2026-09-28T00:23:18.219665135Z c5  s39  local  52        70.0 ms HE    1 dec  0 frames
2026-09-28T00:23:18.223028857Z     ·     vote   37    YES to node 1          (seq 79)
2026-09-28T00:23:18.367949256Z     ·     apply  37       139.7 ms HE    2 dec  from node 1  (seq 79)
2026-09-28T00:23:18.512646927Z     ·     apply  38       139.2 ms HE    2 dec  from node 1  (seq 80)
2026-09-28T00:23:18.514931514Z -- cycle 5/5 done at 22088.0 ms --
2026-09-28T00:23:18.515019425Z 
2026-09-28T00:23:18.515031627Z ============================================================
2026-09-28T00:23:18.515039528Z   SUMMARY — node 2/4 — LOCAL MODULAR — UDP/IP multicast (RFC 1112)
2026-09-28T00:23:18.515048629Z ============================================================
2026-09-28T00:23:18.515055730Z   events this node FIRED:
2026-09-28T00:23:18.515063231Z   local (no network)     n=40   avg    69.83 ms  (HE   69.65 + net    0.00)  min   69.21  max    70.45  100.0%
2026-09-28T00:23:18.515070431Z   shared controllable          (none on this node)
2026-09-28T00:23:18.515077032Z   shared uncontroll.           (none on this node)
2026-09-28T00:23:18.515083633Z   events this node APPLIED for a peer (participant side):
2026-09-28T00:23:18.515090334Z   shared, applied        n=80   avg   142.06 ms  (HE  142.06 + net    0.00)  min  138.53  max   349.37
2026-09-28T00:23:18.515097435Z   run clock, end of cycles 1..5 (ms): 5573.3 9706.6 13832.4 17951.8 22088.0
2026-09-28T00:23:18.515139240Z      a cycle is over at the LATEST node's value; DES_WORK_MS 0 included
2026-09-28T00:23:18.515149241Z   ----------------------------------------------------------
2026-09-28T00:23:18.515156742Z   all events            n=40   avg    69.83 ms  (HE   69.65 + net    0.00)
2026-09-28T00:23:18.515163743Z   PEER-WAIT + WIRE      0.0 % of total step time
2026-09-28T00:23:18.515170544Z      (compare against the round-trip probe above: the excess is
2026-09-28T00:23:18.515177345Z       the peer's own HE work, not the link.)
2026-09-28T00:23:18.515183846Z   frames: tx=247 rx=750 retransmits=0
2026-09-28T00:23:18.515190447Z   authentication: HMAC-SHA256/128, 1.4 us per frame; 0 rejected (bad tag), 0 stale/replayed dropped, 3 epoch challenges
2026-09-28T00:23:18.515197647Z   rx queue: peak 4/64 frames
2026-09-28T00:23:18.515204148Z   plant check: 0 event reports rejected as physically impossible
2026-09-28T00:23:18.515211349Z      (these supervisors carry the plant: an impossible uncontrollable event is caught)
2026-09-28T00:23:18.515218350Z   ----------------------------------------------------------
2026-09-28T00:23:18.515225251Z   homomorphic vs cleartext oracle : PASS — every encrypted bit matched
2026-09-28T00:23:18.515232352Z      (PASS certifies the cryptography: each node's encrypted bits
2026-09-28T00:23:18.515238953Z       match its own clear model for the events it applied. It does
2026-09-28T00:23:18.515245854Z       not certify the distributed run — read the skips for that.)
2026-09-28T00:23:18.515252754Z   distributed vs MONOLITHIC sup.  : off — this header has no monolithic supervisor
2026-09-28T00:23:18.515259655Z   safe halt                       : no — ran to completion
2026-09-28T00:23:18.515266956Z ============================================================
2026-09-28T00:23:28.522375453Z @@RESULT {"node":2,"nodes":4,"family":"LOCAL MODULAR","data":"supervisor_data_fms.h","transport":"UDP/IP multicast (RFC 1112)","fingerprint":"457cc268","supervisors":["S2","S3"],"fired":{"local":40,"ctrl":0,"unctrl":0},"applied_for_peers":80,"skips":0,"impossible":0,"tx":247,"rx":757,"retx":0,"auth_bad":0,"replays":0,"challenges":3,"mac_us":1.36,"rxq_peak":4,"rxq_drops":0,"sync_wait_ms":0.0,"oracle":"PASS","safe_halt":false,"halt_reason":"","cycle_end_ms":[5573.3,9706.6,13832.4,17951.8,22088.0],"rounds":5,"work_ms":0,"emu_scalarmul_ms":69.0,"exit":0}
