2026-09-28T13:24:09.257003442Z des_container: node 5 of 7, LOCAL MODULAR, data supervisor_data_fms.h, transport UDP/IP multicast (RFC 1112)
2026-09-28T13:24:09.258502158Z des_container: EMULATING the ESP32 — every decryption takes at least 69.0 ms (DES_EMU_SCALARMUL_MS)
2026-09-28T13:24:09.258512763Z des_container: dropping 5 % of received frames, seed 3217767815 (DES_LOSS_SEED to replay)
2026-09-28T13:24:09.258515965Z 
2026-09-28T13:24:09.258518166Z ============================================================
2026-09-28T13:24:09.258520267Z   Distributed Homomorphic DES — generic engine
2026-09-28T13:24:09.258522368Z   node 5/7   family LOCAL MODULAR   7 supervisors   31 events
2026-09-28T13:24:09.258576794Z   data: supervisor_data_fms.h
2026-09-28T13:24:09.258579195Z ============================================================
2026-09-28T13:24:09.261219556Z --- event routing (DERIVED from the header, not hardcoded) ---
2026-09-28T13:24:09.261234963Z   event  ctrl  nodes      owner  class
2026-09-28T13:24:09.261237364Z   11     yes   1          1      local — no network
2026-09-28T13:24:09.261239265Z   12     no    1          1      local — no network
2026-09-28T13:24:09.261241366Z   21     yes   2          2      local — no network
2026-09-28T13:24:09.261243367Z   22     no    2          2      local — no network
2026-09-28T13:24:09.261245468Z   30     no    1 2 3 4 5 6 7  1      SHARED — needs network
2026-09-28T13:24:09.261247669Z   31     yes   1 2 3 4 5 6 7  1      SHARED — needs network
2026-09-28T13:24:09.261249670Z   32     no    1 2 3 4 5 6 7  1      SHARED — needs network
2026-09-28T13:24:09.261251771Z   33     yes   1 2 3 4 5 6 7  1      SHARED — needs network
2026-09-28T13:24:09.261253872Z   34     no    1 2 3 4 5 6 7  1      SHARED — needs network
2026-09-28T13:24:09.261256073Z   35     yes   1 2 3 4 5 6 7  1      SHARED — needs network
2026-09-28T13:24:09.261258375Z   36     no    1 2 3 4 5 6 7  1      SHARED — needs network
2026-09-28T13:24:09.261260476Z   37     yes   1 2 3 4 5 6 7  1      SHARED — needs network
2026-09-28T13:24:09.261262777Z   38     no    1 2 3 4 5 6 7  1      SHARED — needs network
2026-09-28T13:24:09.261264177Z   39     yes   1 2 3 4 5 6 7  1      SHARED — needs network
2026-09-28T13:24:09.261265378Z   41     yes   3          3      local — no network
2026-09-28T13:24:09.261266578Z   42     no    3          3      local — no network
2026-09-28T13:24:09.261267879Z   51     yes   4          4      local — no network
2026-09-28T13:24:09.261269080Z   52     no    4          4      local — no network
2026-09-28T13:24:09.261270380Z   53     yes   4          4      local — no network
2026-09-28T13:24:09.261271681Z   54     no    4          4      local — no network
2026-09-28T13:24:09.261272981Z   61     yes   5 6 7      5      SHARED — needs network
2026-09-28T13:24:09.261281886Z   63     yes   5 6 7      5      SHARED — needs network
2026-09-28T13:24:09.261283386Z   64     no    5 6 7      5      SHARED — needs network
2026-09-28T13:24:09.261284587Z   65     yes   5 6 7      5      SHARED — needs network
2026-09-28T13:24:09.261285788Z   66     no    5 6 7      5      SHARED — needs network
2026-09-28T13:24:09.261287088Z   71     yes   7          7      local — no network
2026-09-28T13:24:09.261288389Z   72     no    7          7      local — no network
2026-09-28T13:24:09.261289589Z   73     yes   7          7      local — no network
2026-09-28T13:24:09.261290790Z   74     no    7          7      local — no network
2026-09-28T13:24:09.261292091Z   81     yes   7          7      local — no network
2026-09-28T13:24:09.261293291Z   82     no    7          7      local — no network
2026-09-28T13:24:09.261294592Z   => 15/31 events shared; 16/31 need ZERO network traffic; 15 concern this node
2026-09-28T13:24:09.261296093Z   NOTE controllability was INFERRED from event labels (the header
2026-09-28T13:24:09.261297893Z        does not carry it). Check the 'ctrl' column above; if it is
2026-09-28T13:24:09.261299294Z        wrong, set DES_CONTROLLABLE_MASK explicitly.
2026-09-28T13:24:09.261300595Z 
2026-09-28T13:24:09.261301695Z [init] config fingerprint 04511541 — every node must print the same
2026-09-28T13:24:09.261303096Z 
2026-09-28T13:24:09.261304196Z [net] UDP multicast 239.192.7.1:5077  ttl=1  frame=44 B
2026-09-28T13:24:09.261305497Z --- crypto self-test ---
2026-09-28T13:24:09.261306698Z   Enc(0)->0 Enc(1)->1                PASS
2026-09-28T13:24:09.261307998Z   Enc(1)+Enc(1)->1 homomorphic OR   PASS
2026-09-28T13:24:09.261615345Z   Enc(0)+Enc(0)->0                  PASS
2026-09-28T13:24:09.261624750Z   curve secp192r1, ciphertext 50 B    PASS
2026-09-28T13:24:09.261786927Z   frame tag HMAC-SHA256/128: 1.5 us, 1-bit tamper caught  PASS
2026-09-28T13:24:09.261793030Z 
2026-09-28T13:24:09.261794631Z --- encrypting my supervisors' initial states ---
2026-09-28T13:24:09.261795931Z [load] S4         idx 4   44 states  15 constraining ev    2200 B ciphertext
2026-09-28T13:24:10.340197669Z [init] my keypair is mine alone; no ciphertext ever leaves this node
2026-09-28T13:24:10.340221181Z [init] my enablement: 11=1 12=1 21=1 22=1 30=0 31=1 32=0 33=1 34=0 35=1 36=0 37=1 38=0 39=1 41=1 42=1 51=1 52=1 53=1 54=1 61=0 63=0 64=0 65=0 66=0 71=1 72=1 73=1 74=1 81=1 82=1
2026-09-28T13:24:10.340223582Z 
2026-09-28T13:24:11.341965547Z [net] waiting for 6 peer(s)..... all present.
2026-09-28T13:24:12.843919810Z 
2026-09-28T13:24:12.843959729Z ============================================================
2026-09-28T13:24:12.843965132Z   RUN — SIM_SEQ driver — 5 cycles x 44 steps — LOCAL MODULAR
2026-09-28T13:24:12.843990644Z   columns: cN sNN = cycle/step of MY walk; · = a peer caused this
2026-09-28T13:24:12.843994646Z   'done at': run clock, common to all nodes; a cycle is over at the
2026-09-28T13:24:12.843997747Z   LATEST node's print, machine time (DES_WORK_MS 0) included
2026-09-28T13:24:12.844000849Z ============================================================
2026-09-28T13:24:12.844003950Z 
2026-09-28T13:24:12.844007052Z -- cycle 1/5 --
2026-09-28T13:24:15.475824836Z     ·     vote   31    YES to node 1          (seq 1)
2026-09-28T13:24:15.554387364Z     ·     apply  31        73.6 ms HE    1 dec  from node 1  (seq 1)
2026-09-28T13:24:26.771441312Z     ·     apply  32       143.9 ms HE    2 dec  from node 1  (seq 2)
2026-09-28T13:24:15.925891881Z     ·     vote   33    YES to node 1          (seq 3)
2026-09-28T13:24:16.001345524Z     ·     apply  33        70.8 ms HE    1 dec  from node 1  (seq 3)
2026-09-28T13:24:16.224528736Z     ·     apply  34       142.8 ms HE    2 dec  from node 1  (seq 4)
2026-09-28T13:24:16.603926469Z     ·     vote   35    YES to node 1          (seq 5)
2026-09-28T13:24:18.104916372Z     ·     vote   35    YES to node 1          (seq 5)
2026-09-28T13:24:19.605266969Z     ·     vote   35    YES to node 1          (seq 5)
2026-09-28T13:24:19.680641275Z     ·     apply  35        72.4 ms HE    1 dec  from node 1  (seq 5)
2026-09-28T13:24:21.312923366Z     ·     apply  36       140.1 ms HE    2 dec  from node 1  (seq 6)
2026-09-28T13:24:24.320267034Z     ·     vote   39    YES to node 1          (seq 7)
2026-09-28T13:24:36.814647382Z     ·     vote   39    YES to node 1          (seq 7)
2026-09-28T13:24:25.981479192Z     ·     apply  39       141.5 ms HE    2 dec  from node 1  (seq 7)
2026-09-28T13:24:27.560063361Z c1  s15  2pc    61        69.6 ms HE    1 dec  6 frames  + 1505.6 ms peer-wait  (seq 1)
2026-09-28T13:24:27.706819465Z     ·     apply  30        69.6 ms HE    1 dec  from node 1  (seq 8)
2026-09-28T13:24:28.210888251Z c1  s23  2pc    65        70.6 ms HE    1 dec  6 frames  + 6.5 ms peer-wait  (seq 2)
2026-09-28T13:24:29.860067242Z c1  s24  notify 66        69.4 ms HE    1 dec  3 frames  + 1505.5 ms peer-wait  (seq 3)
2026-09-28T13:24:29.934913795Z     ·     vote   31    YES to node 1          (seq 9)
2026-09-28T13:24:30.008331866Z     ·     apply  31        69.8 ms HE    1 dec  from node 1  (seq 9)
2026-09-28T13:24:30.085737742Z     ·     apply  32        69.9 ms HE    1 dec  from node 1  (seq 10)
2026-09-28T13:24:36.063988761Z     ·     vote   35    YES to node 1          (seq 11)
2026-09-28T13:24:36.138225623Z     ·     apply  35        69.4 ms HE    1 dec  from node 1  (seq 11)
2026-09-28T13:24:36.213296484Z     ·     apply  36        69.9 ms HE    1 dec  from node 1  (seq 12)
2026-09-28T13:24:39.362874295Z c1  s35  2pc    61        69.9 ms HE    1 dec  6 frames  + 3006.1 ms peer-wait  (seq 4)
2026-09-28T13:24:39.668995725Z     ·     vote   33    YES to node 1          (seq 13)
2026-09-28T13:24:39.746020719Z     ·     apply  33        69.8 ms HE    1 dec  from node 1  (seq 13)
2026-09-28T13:24:40.123366672Z     ·     apply  34        70.1 ms HE    1 dec  from node 1  (seq 14)
2026-09-28T13:24:40.266460826Z     ·     vote   37    YES to node 1          (seq 15)
2026-09-28T13:24:41.765666188Z     ·     vote   37    YES to node 1          (seq 15)
2026-09-28T13:24:41.838094886Z     ·     apply  37        69.8 ms HE    1 dec  from node 1  (seq 15)
2026-09-28T13:24:41.914775816Z     ·     apply  38        69.9 ms HE    1 dec  from node 1  (seq 16)
2026-09-28T13:24:43.497426527Z c1  s42  2pc    63        69.8 ms HE    1 dec  6 frames  + 1507.5 ms peer-wait  (seq 5)
2026-09-28T13:24:43.874586291Z c1  s43  notify 64        69.4 ms HE    1 dec  3 frames  + 1.5 ms peer-wait  (seq 6)
2026-09-28T13:24:43.874630412Z -- cycle 1/5 done at 28957.3 ms --
2026-09-28T13:24:43.874638516Z 
2026-09-28T13:24:43.874644219Z -- cycle 2/5 --
2026-09-28T13:24:43.879335359Z     ·     vote   31    YES to node 1          (seq 17)
2026-09-28T13:24:46.879211447Z     ·     vote   31    YES to node 1          (seq 17)
2026-09-28T13:24:48.380663571Z     ·     vote   31    YES to node 1          (seq 17)
2026-09-28T13:24:49.932014531Z     ·     vote   31    YES to node 1          (seq 17)
2026-09-28T13:24:51.424626270Z     ·     vote   31    YES to node 1          (seq 17)
2026-09-28T13:24:51.498076756Z     ·     apply  31        70.1 ms HE    1 dec  from node 1  (seq 17)
2026-09-28T13:24:56.079190733Z     ·     apply  32        69.4 ms HE    1 dec  from node 1  (seq 18)
2026-09-28T13:24:56.218973205Z     ·     vote   33    YES to node 1          (seq 19)
2026-09-28T13:24:56.292869304Z     ·     apply  33        69.4 ms HE    1 dec  from node 1  (seq 19)
2026-09-28T13:24:59.364846046Z     ·     apply  34        69.9 ms HE    1 dec  from node 1  (seq 20)
2026-09-28T13:24:59.370758170Z     ·     vote   35    YES to node 1          (seq 21)
2026-09-28T13:24:59.444274088Z     ·     apply  35        69.7 ms HE    1 dec  from node 1  (seq 21)
2026-09-28T13:25:12.015311186Z     ·     apply  36        70.1 ms HE    1 dec  from node 1  (seq 22)
2026-09-28T13:25:02.514667862Z     ·     vote   39    YES to node 1          (seq 23)
2026-09-28T13:25:04.017154780Z     ·     vote   39    YES to node 1          (seq 23)
2026-09-28T13:25:05.517673058Z     ·     vote   39    YES to node 1          (seq 23)
2026-09-28T13:25:07.200225496Z     ·     apply  39        69.8 ms HE    1 dec  from node 1  (seq 23)
2026-09-28T13:25:07.279965486Z c2  s15  2pc    61        69.8 ms HE    1 dec  6 frames  + 7.4 ms peer-wait  (seq 7)
2026-09-28T13:25:08.700654631Z     ·     apply  30        70.0 ms HE    1 dec  from node 1  (seq 24)
2026-09-28T13:25:09.199196277Z c2  s23  2pc    65        70.1 ms HE    1 dec  6 frames  + 6.2 ms peer-wait  (seq 8)
2026-09-28T13:25:09.274438820Z c2  s24  notify 66        70.0 ms HE    1 dec  3 frames  + 1.9 ms peer-wait  (seq 9)
2026-09-28T13:25:09.280426280Z     ·     vote   31    YES to node 1          (seq 25)
2026-09-28T13:25:10.781024296Z     ·     vote   31    YES to node 1          (seq 25)
2026-09-28T13:25:10.853233089Z     ·     apply  31        69.4 ms HE    1 dec  from node 1  (seq 25)
2026-09-28T13:25:12.470934798Z     ·     apply  32        69.8 ms HE    1 dec  from node 1  (seq 26)
2026-09-28T13:25:16.969604635Z     ·     vote   35    YES to node 1          (seq 27)
2026-09-28T13:25:17.042995393Z     ·     apply  35        70.0 ms HE    1 dec  from node 1  (seq 27)
2026-09-28T13:25:17.120472503Z     ·     apply  36        69.9 ms HE    1 dec  from node 1  (seq 28)
2026-09-28T13:25:17.204505444Z c2  s35  2pc    61        69.8 ms HE    1 dec  6 frames  + 6.2 ms peer-wait  (seq 10)
2026-09-28T13:25:17.513429513Z     ·     vote   33    YES to node 1          (seq 29)
2026-09-28T13:25:19.012942710Z     ·     vote   33    YES to node 1          (seq 29)
2026-09-28T13:25:19.086155983Z     ·     apply  33        69.7 ms HE    1 dec  from node 1  (seq 29)
2026-09-28T13:25:19.463436305Z     ·     apply  34        69.8 ms HE    1 dec  from node 1  (seq 30)
2026-09-28T13:25:19.611889119Z     ·     vote   37    YES to node 1          (seq 31)
2026-09-28T13:25:21.248347756Z     ·     apply  37        69.6 ms HE    1 dec  from node 1  (seq 31)
2026-09-28T13:25:22.750706712Z     ·     apply  38        69.7 ms HE    1 dec  from node 1  (seq 32)
2026-09-28T13:25:28.744543360Z c2  s42  retry  63    no quorum after 4 tries — nothing applied anywhere
2026-09-28T13:25:28.870851896Z c2  s42  2pc    63        69.5 ms HE    1 dec  6 frames  + 6.2 ms peer-wait  (seq 11)
2026-09-28T13:25:28.947073106Z c2  s43  notify 64        69.8 ms HE    1 dec  3 frames  + 1.5 ms peer-wait  (seq 12)
2026-09-28T13:25:28.947124330Z -- cycle 2/5 done at 74052.5 ms --
2026-09-28T13:25:28.947135936Z 
2026-09-28T13:25:28.947143439Z -- cycle 3/5 --
2026-09-28T13:25:29.257725900Z     ·     vote   31    YES to node 1          (seq 33)
2026-09-28T13:25:29.330769092Z     ·     apply  31        69.9 ms HE    1 dec  from node 1  (seq 33)
2026-09-28T13:25:29.408987556Z     ·     apply  32        70.0 ms HE    1 dec  from node 1  (seq 34)
2026-09-28T13:25:29.556983652Z     ·     vote   33    YES to node 1          (seq 35)
2026-09-28T13:25:29.630139797Z     ·     apply  33        69.8 ms HE    1 dec  from node 1  (seq 35)
2026-09-28T13:25:31.286141125Z     ·     apply  34        69.2 ms HE    1 dec  from node 1  (seq 36)
2026-09-28T13:25:32.793119788Z     ·     vote   35    YES to node 1          (seq 37)
2026-09-28T13:25:32.865809111Z     ·     apply  35        69.9 ms HE    1 dec  from node 1  (seq 37)
2026-09-28T13:25:34.651979241Z     ·     apply  36        69.9 ms HE    1 dec  from node 1  (seq 38)
2026-09-28T13:25:47.068040203Z     ·     vote   39    YES to node 1          (seq 39)
2026-09-28T13:25:37.569446329Z     ·     vote   39    YES to node 1          (seq 39)
2026-09-28T13:25:39.070117079Z     ·     vote   39    YES to node 1          (seq 39)
2026-09-28T13:25:39.145278383Z     ·     apply  39        69.9 ms HE    1 dec  from node 1  (seq 39)
2026-09-28T13:25:40.727171332Z c3  s15  2pc    61        69.7 ms HE    1 dec  6 frames  + 1507.0 ms peer-wait  (seq 13)
2026-09-28T13:25:42.228612053Z     ·     apply  30        69.9 ms HE    1 dec  from node 1  (seq 40)
2026-09-28T13:25:42.729390468Z c3  s23  2pc    65        70.1 ms HE    1 dec  6 frames  + 7.4 ms peer-wait  (seq 14)
2026-09-28T13:25:43.105915829Z c3  s24  notify 66        70.0 ms HE    1 dec  3 frames  + 1.7 ms peer-wait  (seq 15)
2026-09-28T13:25:43.115414366Z     ·     vote   31    YES to node 1          (seq 41)
2026-09-28T13:25:44.615614901Z     ·     vote   31    YES to node 1          (seq 41)
2026-09-28T13:25:56.972983649Z     ·     vote   31    YES to node 1          (seq 41)
2026-09-28T13:25:57.048529564Z     ·     apply  31        69.9 ms HE    1 dec  from node 1  (seq 41)
2026-09-28T13:25:46.424312931Z     ·     apply  32        70.0 ms HE    1 dec  from node 1  (seq 42)
2026-09-28T13:25:49.424803325Z     ·     vote   35    YES to node 1          (seq 43)
2026-09-28T13:26:01.913048735Z     ·     vote   35    YES to node 1          (seq 43)
2026-09-28T13:26:01.988689167Z     ·     apply  35        70.0 ms HE    1 dec  from node 1  (seq 43)
2026-09-28T13:25:51.369186089Z     ·     apply  36        70.2 ms HE    1 dec  from node 1  (seq 44)
2026-09-28T13:25:51.450793072Z c3  s35  2pc    61        70.0 ms HE    1 dec  6 frames  + 6.4 ms peer-wait  (seq 16)
2026-09-28T13:25:51.459221698Z     ·     vote   33    YES to node 1          (seq 45)
2026-09-28T13:25:52.960411597Z     ·     vote   33    YES to node 1          (seq 45)
2026-09-28T13:25:54.461981977Z     ·     vote   33    YES to node 1          (seq 45)
2026-09-28T13:26:06.956978337Z     ·     vote   33    YES to node 1          (seq 45)
2026-09-28T13:26:07.029718985Z     ·     apply  33        69.9 ms HE    1 dec  from node 1  (seq 45)
2026-09-28T13:25:59.106856866Z     ·     apply  34        70.1 ms HE    1 dec  from node 1  (seq 46)
2026-09-28T13:26:02.106592302Z     ·     vote   37    YES to node 1          (seq 47)
2026-09-28T13:26:02.180194161Z     ·     apply  37        70.0 ms HE    1 dec  from node 1  (seq 47)
2026-09-28T13:26:02.258819219Z     ·     apply  38        70.0 ms HE    1 dec  from node 1  (seq 48)
2026-09-28T13:26:02.339793199Z c3  s42  2pc    63        69.8 ms HE    1 dec  6 frames  + 6.6 ms peer-wait  (seq 17)
2026-09-28T13:26:03.917612402Z c3  s43  notify 64        69.7 ms HE    1 dec  3 frames  + 1503.7 ms peer-wait  (seq 18)
2026-09-28T13:26:03.917683536Z -- cycle 3/5 done at 109168.9 ms --
2026-09-28T13:26:03.917693441Z 
2026-09-28T13:26:03.917699944Z -- cycle 4/5 --
2026-09-28T13:26:03.991998636Z     ·     vote   31    YES to node 1          (seq 49)
2026-09-28T13:26:05.494425825Z     ·     vote   31    YES to node 1          (seq 49)
2026-09-28T13:26:05.568786846Z     ·     apply  31        70.0 ms HE    1 dec  from node 1  (seq 49)
2026-09-28T13:26:05.944483612Z     ·     apply  32        69.6 ms HE    1 dec  from node 1  (seq 50)
2026-09-28T13:26:08.946623910Z     ·     vote   33    YES to node 1          (seq 51)
2026-09-28T13:26:09.019675406Z     ·     apply  33        70.0 ms HE    1 dec  from node 1  (seq 51)
2026-09-28T13:26:09.094362983Z     ·     apply  34        69.8 ms HE    1 dec  from node 1  (seq 52)
2026-09-28T13:26:09.102934978Z     ·     vote   35    YES to node 1          (seq 53)
2026-09-28T13:26:10.603254560Z     ·     vote   35    YES to node 1          (seq 53)
2026-09-28T13:26:10.676359282Z     ·     apply  35        69.8 ms HE    1 dec  from node 1  (seq 53)
2026-09-28T13:26:13.758515892Z     ·     apply  36        70.3 ms HE    1 dec  from node 1  (seq 54)
2026-09-28T13:26:14.069431312Z     ·     vote   39    YES to node 1          (seq 55)
2026-09-28T13:26:14.145207810Z     ·     apply  39        70.0 ms HE    1 dec  from node 1  (seq 55)
2026-09-28T13:26:14.225511570Z c4  s15  2pc    61        69.8 ms HE    1 dec  6 frames  + 5.5 ms peer-wait  (seq 19)
2026-09-28T13:26:14.300398942Z     ·     apply  30        69.8 ms HE    1 dec  from node 1  (seq 56)
2026-09-28T13:26:14.800674417Z c4  s23  2pc    65        70.4 ms HE    1 dec  6 frames  + 5.8 ms peer-wait  (seq 20)
2026-09-28T13:26:15.481264926Z c4  s24  notify 66        69.7 ms HE    1 dec  3 frames  + 1.5 ms peer-wait  (seq 21)
2026-09-28T13:26:15.945311795Z     ·     vote   31    YES to node 1          (seq 57)
2026-09-28T13:26:17.433601885Z     ·     vote   31    YES to node 1          (seq 57)
2026-09-28T13:26:18.934892231Z     ·     vote   31    YES to node 1          (seq 57)
2026-09-28T13:26:19.007596661Z     ·     apply  31        69.8 ms HE    1 dec  from node 1  (seq 57)
2026-09-28T13:26:20.656701617Z     ·     apply  32        70.0 ms HE    1 dec  from node 1  (seq 58)
2026-09-28T13:26:22.168922209Z     ·     vote   35    YES to node 1          (seq 59)
2026-09-28T13:26:22.242310566Z     ·     apply  35        70.0 ms HE    1 dec  from node 1  (seq 59)
2026-09-28T13:26:22.621490395Z     ·     apply  36        69.8 ms HE    1 dec  from node 1  (seq 60)
2026-09-28T13:26:24.205188906Z c4  s35  2pc    61        70.0 ms HE    1 dec  6 frames  + 1508.5 ms peer-wait  (seq 22)
2026-09-28T13:26:24.513171325Z     ·     vote   33    YES to node 1          (seq 61)
2026-09-28T13:26:24.587679517Z     ·     apply  33        70.1 ms HE    1 dec  from node 1  (seq 61)
2026-09-28T13:26:26.230399726Z     ·     apply  34        69.8 ms HE    1 dec  from node 1  (seq 62)
2026-09-28T13:26:26.374382005Z     ·     vote   37    YES to node 1          (seq 63)
2026-09-28T13:26:26.446448130Z     ·     apply  37        69.7 ms HE    1 dec  from node 1  (seq 63)
2026-09-28T13:26:28.023461448Z     ·     apply  38        69.8 ms HE    1 dec  from node 1  (seq 64)
2026-09-28T13:26:28.103620039Z c4  s42  2pc    63        69.7 ms HE    1 dec  6 frames  + 5.9 ms peer-wait  (seq 23)
2026-09-28T13:26:28.177124251Z c4  s43  notify 64        69.5 ms HE    1 dec  3 frames  + 1.6 ms peer-wait  (seq 24)
2026-09-28T13:26:28.177217495Z -- cycle 4/5 done at 133435.2 ms --
2026-09-28T13:26:28.177240706Z 
2026-09-28T13:26:28.177388177Z -- cycle 5/5 --
2026-09-28T13:26:29.669213402Z     ·     vote   31    YES to node 1          (seq 65)
2026-09-28T13:26:42.153827789Z     ·     vote   31    YES to node 1          (seq 65)
2026-09-28T13:26:32.669903834Z     ·     vote   31    YES to node 1          (seq 65)
2026-09-28T13:26:34.171660704Z     ·     vote   31    YES to node 1          (seq 65)
2026-09-28T13:26:34.246651626Z     ·     apply  31        69.9 ms HE    1 dec  from node 1  (seq 65)
2026-09-28T13:26:37.312097573Z     ·     apply  32        70.0 ms HE    1 dec  from node 1  (seq 66)
2026-09-28T13:26:37.458776140Z     ·     vote   33    YES to node 1          (seq 67)
2026-09-28T13:26:38.957504262Z     ·     vote   33    YES to node 1          (seq 67)
2026-09-28T13:26:39.029869530Z     ·     apply  33        70.0 ms HE    1 dec  from node 1  (seq 67)
2026-09-28T13:26:42.105697336Z     ·     apply  34        70.2 ms HE    1 dec  from node 1  (seq 68)
2026-09-28T13:26:45.177985027Z     ·     vote   35    YES to node 1          (seq 69)
2026-09-28T13:26:45.253391848Z     ·     apply  35        70.1 ms HE    1 dec  from node 1  (seq 69)
2026-09-28T13:26:45.633310130Z     ·     apply  36        70.4 ms HE    1 dec  from node 1  (seq 70)
2026-09-28T13:26:45.942910221Z     ·     vote   39    YES to node 1          (seq 71)
2026-09-28T13:26:47.432603176Z     ·     vote   39    YES to node 1          (seq 71)
2026-09-28T13:26:47.505667478Z     ·     apply  39        70.0 ms HE    1 dec  from node 1  (seq 71)
2026-09-28T13:26:50.590712363Z c5  s15  2pc    61        69.4 ms HE    1 dec  6 frames  + 3011.1 ms peer-wait  (seq 25)
2026-09-28T13:26:50.663743749Z     ·     apply  30        69.9 ms HE    1 dec  from node 1  (seq 72)
2026-09-28T13:27:02.154166771Z c5  s23  2pc    65        69.4 ms HE    1 dec  6 frames  + 6.8 ms peer-wait  (seq 26)
2026-09-28T13:26:51.541433889Z c5  s24  notify 66        69.4 ms HE    1 dec  3 frames  + 1.4 ms peer-wait  (seq 27)
2026-09-28T13:26:51.548332484Z     ·     vote   31    YES to node 1          (seq 73)
2026-09-28T13:26:53.049200429Z     ·     vote   31    YES to node 1          (seq 73)
2026-09-28T13:26:54.549413961Z     ·     vote   31    YES to node 1          (seq 73)
2026-09-28T13:27:07.038481679Z     ·     vote   31    YES to node 1          (seq 73)
2026-09-28T13:26:57.686205817Z     ·     apply  31        69.5 ms HE    1 dec  from node 1  (seq 73)
2026-09-28T13:26:59.329457976Z     ·     apply  32        69.3 ms HE    1 dec  from node 1  (seq 74)
2026-09-28T13:27:00.760323382Z     ·     vote   35    YES to node 1          (seq 75)
2026-09-28T13:27:00.834202373Z     ·     apply  35        69.3 ms HE    1 dec  from node 1  (seq 75)
2026-09-28T13:27:12.201590681Z     ·     apply  36        69.4 ms HE    1 dec  from node 1  (seq 76)
2026-09-28T13:27:12.280004938Z c5  s35  2pc    61        69.3 ms HE    1 dec  6 frames  + 4.9 ms peer-wait  (seq 28)
2026-09-28T13:27:01.535084168Z     ·     vote   33    YES to node 1          (seq 77)
2026-09-28T13:27:03.035384942Z     ·     vote   33    YES to node 1          (seq 77)
2026-09-28T13:27:04.536422067Z     ·     vote   33    YES to node 1          (seq 77)
2026-09-28T13:27:04.609173019Z     ·     apply  33        69.7 ms HE    1 dec  from node 1  (seq 77)
2026-09-28T13:27:07.641127725Z     ·     apply  34        69.6 ms HE    1 dec  from node 1  (seq 78)
2026-09-28T13:27:07.785711391Z     ·     vote   37    YES to node 1          (seq 79)
2026-09-28T13:27:07.860511722Z     ·     apply  37        69.5 ms HE    1 dec  from node 1  (seq 79)
2026-09-28T13:27:08.239524672Z     ·     apply  38        69.6 ms HE    1 dec  from node 1  (seq 80)
2026-09-28T13:27:08.320524764Z c5  s42  2pc    63        69.6 ms HE    1 dec  6 frames  + 6.4 ms peer-wait  (seq 29)
2026-09-28T13:27:08.396679142Z c5  s43  notify 64        69.6 ms HE    1 dec  3 frames  + 1.7 ms peer-wait  (seq 30)
2026-09-28T13:27:08.397000496Z -- cycle 5/5 done at 173693.7 ms --
2026-09-28T13:27:08.397058023Z 
2026-09-28T13:27:08.397100243Z ============================================================
2026-09-28T13:27:08.397116651Z   SUMMARY — node 5/7 — LOCAL MODULAR — UDP/IP multicast (RFC 1112)
2026-09-28T13:27:08.397133559Z ============================================================
2026-09-28T13:27:08.397149167Z   events this node FIRED:
2026-09-28T13:27:08.397164174Z   local (no network)           (none on this node)
2026-09-28T13:27:08.397179181Z   shared controllable    n=20   avg   676.69 ms  (HE   69.82 + net  606.70)  min   74.27  max  3080.61   78.4%
2026-09-28T13:27:08.397194088Z   shared uncontroll.     n=10   avg   371.98 ms  (HE   69.64 + net  302.19)  min   70.83  max  1575.05   21.6%
2026-09-28T13:27:08.397209195Z   events this node APPLIED for a peer (participant side):
2026-09-28T13:27:08.397224103Z   shared, applied        n=80   avg    73.53 ms  (HE   73.53 + net    0.00)  min   69.22  max   143.94
2026-09-28T13:27:08.397297838Z   sync-wait (peers reaching a shared step): n=30 avg 127.73 ms, 3.8 s total
2026-09-28T13:27:08.397313745Z      not protocol cost — the plant catching up; kept out of the rows above
2026-09-28T13:27:08.397325951Z   run clock, end of cycles 1..5 (ms): 28957.3 74052.5 109168.9 133435.2 173693.7
2026-09-28T13:27:08.397336957Z      a cycle is over at the LATEST node's value; DES_WORK_MS 0 included
2026-09-28T13:27:08.397751054Z   ----------------------------------------------------------
2026-09-28T13:27:08.397770464Z   all events            n=30   avg   575.12 ms  (HE   69.76 + net  505.20)
2026-09-28T13:27:08.397782769Z   PEER-WAIT + WIRE      87.8 % of total step time
2026-09-28T13:27:08.397794275Z      (compare against the round-trip probe above: the excess is
2026-09-28T13:27:08.397805380Z       the peer's own HE work, not the link.)
2026-09-28T13:27:08.397817186Z   frames: tx=815 rx=4317 retransmits=13
2026-09-28T13:27:08.397832093Z   authentication: HMAC-SHA256/128, 1.5 us per frame; 0 rejected (bad tag), 0 stale/replayed dropped, 7 epoch challenges
2026-09-28T13:27:08.397844399Z   rx queue: peak 10/64 frames
2026-09-28T13:27:08.397854904Z   plant check: 0 event reports rejected as physically impossible
2026-09-28T13:27:08.397864909Z      (these supervisors carry the plant: an impossible uncontrollable event is caught)
2026-09-28T13:27:08.397875014Z   injected frame loss: 5 %
2026-09-28T13:27:08.397884518Z   ----------------------------------------------------------
2026-09-28T13:27:08.397894023Z   homomorphic vs cleartext oracle : PASS — every encrypted bit matched
2026-09-28T13:27:08.397906328Z      (PASS certifies the cryptography: each node's encrypted bits
2026-09-28T13:27:08.397917934Z       match its own clear model for the events it applied. It does
2026-09-28T13:27:08.397939644Z       not certify the distributed run — read the skips for that.)
2026-09-28T13:27:08.397952250Z   distributed vs MONOLITHIC sup.  : off — this header has no monolithic supervisor
2026-09-28T13:27:08.397963256Z   safe halt                       : no — ran to completion
2026-09-28T13:27:08.397974761Z ============================================================
2026-09-28T13:27:18.417325056Z @@RESULT {"node":5,"nodes":7,"family":"LOCAL MODULAR","data":"supervisor_data_fms.h","transport":"UDP/IP multicast (RFC 1112)","fingerprint":"04511541","supervisors":["S4"],"fired":{"local":0,"ctrl":20,"unctrl":10},"applied_for_peers":80,"skips":0,"impossible":0,"tx":816,"rx":4323,"retx":13,"auth_bad":0,"replays":0,"challenges":7,"mac_us":1.47,"rxq_peak":10,"rxq_drops":0,"sync_wait_ms":3831.8,"oracle":"PASS","safe_halt":false,"halt_reason":"","cycle_end_ms":[28957.3,74052.5,109168.9,133435.2,173693.7],"rounds":5,"work_ms":0,"emu_scalarmul_ms":69.0,"loss_pct":5,"loss_seed":3217767815,"exit":0}
